[2021-10-27T14:49:13.147-0700][gc] Using G1
[2021-10-27T14:49:13.151-0700][gc,init] Version: 17+35-2724 (release)
[2021-10-27T14:49:13.152-0700][gc,init] CPUs: 8 total, 8 available
[2021-10-27T14:49:13.152-0700][gc,init] Memory: 16384M
[2021-10-27T14:49:13.152-0700][gc,init] Large Page Support: Disabled
[2021-10-27T14:49:13.152-0700][gc,init] NUMA Support: Disabled
[2021-10-27T14:49:13.152-0700][gc,init] Compressed Oops: Enabled (Zero based)
[2021-10-27T14:49:13.152-0700][gc,init] Heap Region Size: 1M
[2021-10-27T14:49:13.152-0700][gc,init] Heap Min Capacity: 1G
[2021-10-27T14:49:13.152-0700][gc,init] Heap Initial Capacity: 1G
[2021-10-27T14:49:13.152-0700][gc,init] Heap Max Capacity: 1G
[2021-10-27T14:49:13.152-0700][gc,init] Pre-touch: Disabled
[2021-10-27T14:49:13.152-0700][gc,init] Parallel Workers: 8
[2021-10-27T14:49:13.152-0700][gc,init] Concurrent Workers: 2
[2021-10-27T14:49:13.152-0700][gc,init] Concurrent Refinement Workers: 8
[2021-10-27T14:49:13.152-0700][gc,init] Periodic GC: Disabled
[2021-10-27T14:49:13.152-0700][gc,metaspace] CDS archive(s) mapped at: [0x0000000800000000-0x0000000800bd0000-0x0000000800bd0000), size 12386304, SharedBaseAddress: 0x0000000800000000, ArchiveRelocationMode: 0.
[2021-10-27T14:49:13.152-0700][gc,metaspace] Compressed class space mapped at: 0x0000000800c00000-0x0000000840c00000, reserved size: 1073741824
[2021-10-27T14:49:13.152-0700][gc,metaspace] Narrow klass base: 0x0000000800000000, Narrow klass shift: 0, Narrow klass range: 0x100000000
[2021-10-27T14:49:14.612-0700][gc,start    ] GC(0) Pause Young (Normal) (G1 Evacuation Pause)
[2021-10-27T14:49:14.612-0700][gc,task     ] GC(0) Using 8 workers of 8 for evacuation
[2021-10-27T14:49:14.621-0700][gc,phases   ] GC(0)   Pre Evacuate Collection Set: 0.1ms
[2021-10-27T14:49:14.621-0700][gc,phases   ] GC(0)   Merge Heap Roots: 0.1ms
[2021-10-27T14:49:14.621-0700][gc,phases   ] GC(0)   Evacuate Collection Set: 8.3ms
[2021-10-27T14:49:14.621-0700][gc,phases   ] GC(0)   Post Evacuate Collection Set: 0.4ms
[2021-10-27T14:49:14.621-0700][gc,phases   ] GC(0)   Other: 0.5ms
[2021-10-27T14:49:14.621-0700][gc,heap     ] GC(0) Eden regions: 51->0(44)
[2021-10-27T14:49:14.621-0700][gc,heap     ] GC(0) Survivor regions: 0->7(7)
[2021-10-27T14:49:14.621-0700][gc,heap     ] GC(0) Old regions: 0->0
[2021-10-27T14:49:14.621-0700][gc,heap     ] GC(0) Archive regions: 2->2
[2021-10-27T14:49:14.621-0700][gc,heap     ] GC(0) Humongous regions: 0->0
[2021-10-27T14:49:14.621-0700][gc,metaspace] GC(0) Metaspace: 18681K(18880K)->18681K(18880K) NonClass: 16442K(16576K)->16442K(16576K) Class: 2239K(2304K)->2239K(2304K)
[2021-10-27T14:49:14.621-0700][gc          ] GC(0) Pause Young (Normal) (G1 Evacuation Pause) 51M->7M(1024M) 9.471ms
[2021-10-27T14:49:14.621-0700][gc,cpu      ] GC(0) User=0.02s Sys=0.00s Real=0.01s
[2021-10-27T14:49:14.840-0700][gc,start    ] GC(1) Pause Young (Concurrent Start) (Metadata GC Threshold)
[2021-10-27T14:49:14.840-0700][gc,task     ] GC(1) Using 8 workers of 8 for evacuation
[2021-10-27T14:49:14.848-0700][gc,phases   ] GC(1)   Pre Evacuate Collection Set: 0.2ms
[2021-10-27T14:49:14.848-0700][gc,phases   ] GC(1)   Merge Heap Roots: 0.1ms
[2021-10-27T14:49:14.848-0700][gc,phases   ] GC(1)   Evacuate Collection Set: 7.5ms
[2021-10-27T14:49:14.848-0700][gc,phases   ] GC(1)   Post Evacuate Collection Set: 0.5ms
[2021-10-27T14:49:14.848-0700][gc,phases   ] GC(1)   Other: 0.2ms
[2021-10-27T14:49:14.848-0700][gc,heap     ] GC(1) Eden regions: 12->0(49)
[2021-10-27T14:49:14.848-0700][gc,heap     ] GC(1) Survivor regions: 7->2(7)
[2021-10-27T14:49:14.848-0700][gc,heap     ] GC(1) Old regions: 0->7
[2021-10-27T14:49:14.848-0700][gc,heap     ] GC(1) Archive regions: 2->2
[2021-10-27T14:49:14.848-0700][gc,heap     ] GC(1) Humongous regions: 129->129
[2021-10-27T14:49:14.848-0700][gc,metaspace] GC(1) Metaspace: 21381K(21504K)->21381K(21504K) NonClass: 18806K(18880K)->18806K(18880K) Class: 2574K(2624K)->2574K(2624K)
[2021-10-27T14:49:14.848-0700][gc          ] GC(1) Pause Young (Concurrent Start) (Metadata GC Threshold) 148M->138M(1024M) 8.428ms
[2021-10-27T14:49:14.848-0700][gc,cpu      ] GC(1) User=0.02s Sys=0.01s Real=0.00s
[2021-10-27T14:49:14.848-0700][gc          ] GC(2) Concurrent Mark Cycle
[2021-10-27T14:49:14.848-0700][gc,marking  ] GC(2) Concurrent Clear Claimed Marks
[2021-10-27T14:49:14.848-0700][gc,marking  ] GC(2) Concurrent Clear Claimed Marks 0.019ms
[2021-10-27T14:49:14.848-0700][gc,marking  ] GC(2) Concurrent Scan Root Regions
[2021-10-27T14:49:14.854-0700][gc,marking  ] GC(2) Concurrent Scan Root Regions 5.884ms
[2021-10-27T14:49:14.854-0700][gc,marking  ] GC(2) Concurrent Mark
[2021-10-27T14:49:14.854-0700][gc,marking  ] GC(2) Concurrent Mark From Roots
[2021-10-27T14:49:14.854-0700][gc,task     ] GC(2) Using 2 workers of 2 for marking
[2021-10-27T14:49:14.856-0700][gc,marking  ] GC(2) Concurrent Mark From Roots 1.675ms
[2021-10-27T14:49:14.856-0700][gc,marking  ] GC(2) Concurrent Preclean
[2021-10-27T14:49:14.856-0700][gc,marking  ] GC(2) Concurrent Preclean 0.026ms
[2021-10-27T14:49:14.856-0700][gc,start    ] GC(2) Pause Remark
[2021-10-27T14:49:14.863-0700][gc          ] GC(2) Pause Remark 138M->138M(1024M) 6.343ms
[2021-10-27T14:49:14.863-0700][gc,cpu      ] GC(2) User=0.01s Sys=0.01s Real=0.01s
[2021-10-27T14:49:14.863-0700][gc,marking  ] GC(2) Concurrent Mark 8.347ms
[2021-10-27T14:49:14.863-0700][gc,marking  ] GC(2) Concurrent Rebuild Remembered Sets
[2021-10-27T14:49:14.865-0700][gc,marking  ] GC(2) Concurrent Rebuild Remembered Sets 1.719ms
[2021-10-27T14:49:14.865-0700][gc,start    ] GC(2) Pause Cleanup
[2021-10-27T14:49:14.865-0700][gc          ] GC(2) Pause Cleanup 138M->138M(1024M) 0.147ms
[2021-10-27T14:49:14.865-0700][gc,cpu      ] GC(2) User=0.00s Sys=0.00s Real=0.00s
[2021-10-27T14:49:14.865-0700][gc,marking  ] GC(2) Concurrent Cleanup for Next Mark
[2021-10-27T14:49:14.868-0700][gc,marking  ] GC(2) Concurrent Cleanup for Next Mark 2.813ms
[2021-10-27T14:49:14.868-0700][gc          ] GC(2) Concurrent Mark Cycle 19.634ms
[2021-10-27T14:49:15.746-0700][gc,start    ] GC(3) Pause Young (Normal) (G1 Evacuation Pause)
[2021-10-27T14:49:15.746-0700][gc,task     ] GC(3) Using 8 workers of 8 for evacuation
[2021-10-27T14:49:15.750-0700][gc,phases   ] GC(3)   Pre Evacuate Collection Set: 0.2ms
[2021-10-27T14:49:15.750-0700][gc,phases   ] GC(3)   Merge Heap Roots: 0.1ms
[2021-10-27T14:49:15.750-0700][gc,phases   ] GC(3)   Evacuate Collection Set: 3.4ms
[2021-10-27T14:49:15.750-0700][gc,phases   ] GC(3)   Post Evacuate Collection Set: 0.3ms
[2021-10-27T14:49:15.750-0700][gc,phases   ] GC(3)   Other: 0.1ms
[2021-10-27T14:49:15.750-0700][gc,heap     ] GC(3) Eden regions: 49->0(45)
[2021-10-27T14:49:15.750-0700][gc,heap     ] GC(3) Survivor regions: 2->6(7)
[2021-10-27T14:49:15.750-0700][gc,heap     ] GC(3) Old regions: 7->7
[2021-10-27T14:49:15.750-0700][gc,heap     ] GC(3) Archive regions: 2->2
[2021-10-27T14:49:15.750-0700][gc,heap     ] GC(3) Humongous regions: 129->129
[2021-10-27T14:49:15.750-0700][gc,metaspace] GC(3) Metaspace: 32655K(32960K)->32655K(32960K) NonClass: 28937K(29120K)->28937K(29120K) Class: 3718K(3840K)->3718K(3840K)
[2021-10-27T14:49:15.750-0700][gc          ] GC(3) Pause Young (Normal) (G1 Evacuation Pause) 187M->142M(1024M) 4.186ms
[2021-10-27T14:49:15.750-0700][gc,cpu      ] GC(3) User=0.01s Sys=0.01s Real=0.01s
[2021-10-27T14:53:27.212-0700][gc,start    ] GC(4) Pause Young (Concurrent Start) (Metadata GC Threshold)
[2021-10-27T14:53:27.212-0700][gc,task     ] GC(4) Using 8 workers of 8 for evacuation
[2021-10-27T14:53:27.217-0700][gc,phases   ] GC(4)   Pre Evacuate Collection Set: 0.1ms
[2021-10-27T14:53:27.217-0700][gc,phases   ] GC(4)   Merge Heap Roots: 0.1ms
[2021-10-27T14:53:27.217-0700][gc,phases   ] GC(4)   Evacuate Collection Set: 4.5ms
[2021-10-27T14:53:27.217-0700][gc,phases   ] GC(4)   Post Evacuate Collection Set: 0.4ms
[2021-10-27T14:53:27.217-0700][gc,phases   ] GC(4)   Other: 0.1ms
[2021-10-27T14:53:27.217-0700][gc,heap     ] GC(4) Eden regions: 16->0(49)
[2021-10-27T14:53:27.217-0700][gc,heap     ] GC(4) Survivor regions: 6->2(7)
[2021-10-27T14:53:27.217-0700][gc,heap     ] GC(4) Old regions: 7->13
[2021-10-27T14:53:27.217-0700][gc,heap     ] GC(4) Archive regions: 2->2
[2021-10-27T14:53:27.217-0700][gc,heap     ] GC(4) Humongous regions: 129->129
[2021-10-27T14:53:27.217-0700][gc,metaspace] GC(4) Metaspace: 35635K(35968K)->35635K(35968K) NonClass: 31406K(31616K)->31406K(31616K) Class: 4228K(4352K)->4228K(4352K)
[2021-10-27T14:53:27.217-0700][gc          ] GC(4) Pause Young (Concurrent Start) (Metadata GC Threshold) 158M->143M(1024M) 5.364ms
[2021-10-27T14:53:27.217-0700][gc,cpu      ] GC(4) User=0.02s Sys=0.01s Real=0.00s
[2021-10-27T14:53:27.217-0700][gc          ] GC(5) Concurrent Mark Cycle
[2021-10-27T14:53:27.217-0700][gc,marking  ] GC(5) Concurrent Clear Claimed Marks
[2021-10-27T14:53:27.217-0700][gc,marking  ] GC(5) Concurrent Clear Claimed Marks 0.031ms
[2021-10-27T14:53:27.217-0700][gc,marking  ] GC(5) Concurrent Scan Root Regions
[2021-10-27T14:53:27.219-0700][gc,marking  ] GC(5) Concurrent Scan Root Regions 1.905ms
[2021-10-27T14:53:27.219-0700][gc,marking  ] GC(5) Concurrent Mark
[2021-10-27T14:53:27.219-0700][gc,marking  ] GC(5) Concurrent Mark From Roots
[2021-10-27T14:53:27.219-0700][gc,task     ] GC(5) Using 2 workers of 2 for marking
[2021-10-27T14:53:27.222-0700][gc,marking  ] GC(5) Concurrent Mark From Roots 3.153ms
[2021-10-27T14:53:27.222-0700][gc,marking  ] GC(5) Concurrent Preclean
[2021-10-27T14:53:27.222-0700][gc,marking  ] GC(5) Concurrent Preclean 0.050ms
[2021-10-27T14:53:27.223-0700][gc,start    ] GC(5) Pause Remark
[2021-10-27T14:53:27.237-0700][gc          ] GC(5) Pause Remark 143M->143M(1024M) 14.413ms
[2021-10-27T14:53:27.237-0700][gc,cpu      ] GC(5) User=0.03s Sys=0.02s Real=0.01s
[2021-10-27T14:53:27.237-0700][gc,marking  ] GC(5) Concurrent Mark 18.193ms
[2021-10-27T14:53:27.237-0700][gc,marking  ] GC(5) Concurrent Rebuild Remembered Sets
[2021-10-27T14:53:27.240-0700][gc,marking  ] GC(5) Concurrent Rebuild Remembered Sets 3.062ms
[2021-10-27T14:53:27.241-0700][gc,start    ] GC(5) Pause Cleanup
[2021-10-27T14:53:27.241-0700][gc          ] GC(5) Pause Cleanup 143M->143M(1024M) 0.075ms
[2021-10-27T14:53:27.241-0700][gc,cpu      ] GC(5) User=0.00s Sys=0.00s Real=0.00s
[2021-10-27T14:53:27.241-0700][gc,marking  ] GC(5) Concurrent Cleanup for Next Mark
[2021-10-27T14:53:27.244-0700][gc,marking  ] GC(5) Concurrent Cleanup for Next Mark 3.117ms
[2021-10-27T14:53:27.244-0700][gc          ] GC(5) Concurrent Mark Cycle 26.895ms
[2021-10-27T15:01:00.831-0700][gc,start    ] GC(6) Pause Young (Normal) (G1 Evacuation Pause)
[2021-10-27T15:01:00.831-0700][gc,task     ] GC(6) Using 8 workers of 8 for evacuation
[2021-10-27T15:01:00.854-0700][gc,mmu      ] GC(6) MMU target violated: 21.0ms (20.0ms/21.0ms)
[2021-10-27T15:01:00.854-0700][gc,phases   ] GC(6)   Pre Evacuate Collection Set: 0.4ms
[2021-10-27T15:01:00.854-0700][gc,phases   ] GC(6)   Merge Heap Roots: 0.1ms
[2021-10-27T15:01:00.854-0700][gc,phases   ] GC(6)   Evacuate Collection Set: 21.0ms
[2021-10-27T15:01:00.854-0700][gc,phases   ] GC(6)   Post Evacuate Collection Set: 1.0ms
[2021-10-27T15:01:00.854-0700][gc,phases   ] GC(6)   Other: 0.6ms
[2021-10-27T15:01:00.854-0700][gc,heap     ] GC(6) Eden regions: 49->0(46)
[2021-10-27T15:01:00.854-0700][gc,heap     ] GC(6) Survivor regions: 2->5(7)
[2021-10-27T15:01:00.854-0700][gc,heap     ] GC(6) Old regions: 13->13
[2021-10-27T15:01:00.854-0700][gc,heap     ] GC(6) Archive regions: 2->2
[2021-10-27T15:01:00.854-0700][gc,heap     ] GC(6) Humongous regions: 129->129
[2021-10-27T15:01:00.854-0700][gc,metaspace] GC(6) Metaspace: 40259K(40896K)->40259K(40896K) NonClass: 35409K(35776K)->35409K(35776K) Class: 4849K(5120K)->4849K(5120K)
[2021-10-27T15:01:00.854-0700][gc          ] GC(6) Pause Young (Normal) (G1 Evacuation Pause) 192M->146M(1024M) 23.288ms
[2021-10-27T15:01:00.854-0700][gc,cpu      ] GC(6) User=0.06s Sys=0.01s Real=0.02s
[2021-10-27T15:14:55.388-0700][gc,start    ] GC(7) Pause Young (Normal) (G1 Evacuation Pause)
[2021-10-27T15:14:55.388-0700][gc,task     ] GC(7) Using 8 workers of 8 for evacuation
[2021-10-27T15:14:55.405-0700][gc,phases   ] GC(7)   Pre Evacuate Collection Set: 0.3ms
[2021-10-27T15:14:55.405-0700][gc,phases   ] GC(7)   Merge Heap Roots: 0.1ms
[2021-10-27T15:14:55.405-0700][gc,phases   ] GC(7)   Evacuate Collection Set: 15.4ms
[2021-10-27T15:14:55.405-0700][gc,phases   ] GC(7)   Post Evacuate Collection Set: 0.8ms
[2021-10-27T15:14:55.405-0700][gc,phases   ] GC(7)   Other: 0.4ms
[2021-10-27T15:14:55.405-0700][gc,heap     ] GC(7) Eden regions: 46->0(46)
[2021-10-27T15:14:55.405-0700][gc,heap     ] GC(7) Survivor regions: 5->5(7)
[2021-10-27T15:14:55.405-0700][gc,heap     ] GC(7) Old regions: 13->13
[2021-10-27T15:14:55.405-0700][gc,heap     ] GC(7) Archive regions: 2->2
[2021-10-27T15:14:55.405-0700][gc,heap     ] GC(7) Humongous regions: 129->129
[2021-10-27T15:14:55.405-0700][gc,metaspace] GC(7) Metaspace: 40460K(41088K)->40460K(41088K) NonClass: 35605K(35968K)->35605K(35968K) Class: 4854K(5120K)->4854K(5120K)
[2021-10-27T15:14:55.405-0700][gc          ] GC(7) Pause Young (Normal) (G1 Evacuation Pause) 192M->147M(1024M) 17.182ms
[2021-10-27T15:14:55.405-0700][gc,cpu      ] GC(7) User=0.03s Sys=0.01s Real=0.02s
[2021-10-27T16:41:51.793-0700][gc,start    ] GC(8) Pause Young (Normal) (G1 Evacuation Pause)
[2021-10-27T16:41:51.793-0700][gc,task     ] GC(8) Using 8 workers of 8 for evacuation
[2021-10-27T16:41:51.815-0700][gc,mmu      ] GC(8) MMU target violated: 21.0ms (20.0ms/21.0ms)
[2021-10-27T16:41:51.815-0700][gc,phases   ] GC(8)   Pre Evacuate Collection Set: 0.4ms
[2021-10-27T16:41:51.815-0700][gc,phases   ] GC(8)   Merge Heap Roots: 0.1ms
[2021-10-27T16:41:51.815-0700][gc,phases   ] GC(8)   Evacuate Collection Set: 20.8ms
[2021-10-27T16:41:51.815-0700][gc,phases   ] GC(8)   Post Evacuate Collection Set: 0.7ms
[2021-10-27T16:41:51.815-0700][gc,phases   ] GC(8)   Other: 0.8ms
[2021-10-27T16:41:51.815-0700][gc,heap     ] GC(8) Eden regions: 46->0(47)
[2021-10-27T16:41:51.815-0700][gc,heap     ] GC(8) Survivor regions: 5->4(7)
[2021-10-27T16:41:51.815-0700][gc,heap     ] GC(8) Old regions: 13->16
[2021-10-27T16:41:51.815-0700][gc,heap     ] GC(8) Archive regions: 2->2
[2021-10-27T16:41:51.815-0700][gc,heap     ] GC(8) Humongous regions: 129->129
[2021-10-27T16:41:51.815-0700][gc,metaspace] GC(8) Metaspace: 40570K(41152K)->40570K(41152K) NonClass: 35715K(36032K)->35715K(36032K) Class: 4854K(5120K)->4854K(5120K)
[2021-10-27T16:41:51.816-0700][gc          ] GC(8) Pause Young (Normal) (G1 Evacuation Pause) 193M->148M(1024M) 22.949ms
[2021-10-27T16:41:51.816-0700][gc,cpu      ] GC(8) User=0.06s Sys=0.01s Real=0.02s
[2021-10-27T17:27:08.774-0700][gc,start    ] GC(9) Pause Young (Normal) (G1 Evacuation Pause)
[2021-10-27T17:27:08.775-0700][gc,task     ] GC(9) Using 8 workers of 8 for evacuation
[2021-10-27T17:27:08.783-0700][gc,phases   ] GC(9)   Pre Evacuate Collection Set: 0.3ms
[2021-10-27T17:27:08.783-0700][gc,phases   ] GC(9)   Merge Heap Roots: 0.1ms
[2021-10-27T17:27:08.783-0700][gc,phases   ] GC(9)   Evacuate Collection Set: 7.1ms
[2021-10-27T17:27:08.783-0700][gc,phases   ] GC(9)   Post Evacuate Collection Set: 0.6ms
[2021-10-27T17:27:08.783-0700][gc,phases   ] GC(9)   Other: 0.8ms
[2021-10-27T17:27:08.783-0700][gc,heap     ] GC(9) Eden regions: 47->0(72)
[2021-10-27T17:27:08.783-0700][gc,heap     ] GC(9) Survivor regions: 4->3(7)
[2021-10-27T17:27:08.783-0700][gc,heap     ] GC(9) Old regions: 16->16
[2021-10-27T17:27:08.783-0700][gc,heap     ] GC(9) Archive regions: 2->2
[2021-10-27T17:27:08.783-0700][gc,heap     ] GC(9) Humongous regions: 129->129
[2021-10-27T17:27:08.783-0700][gc,metaspace] GC(9) Metaspace: 40638K(41216K)->40638K(41216K) NonClass: 35783K(36096K)->35783K(36096K) Class: 4854K(5120K)->4854K(5120K)
[2021-10-27T17:27:08.783-0700][gc          ] GC(9) Pause Young (Normal) (G1 Evacuation Pause) 195M->148M(1024M) 9.098ms
[2021-10-27T17:27:08.783-0700][gc,cpu      ] GC(9) User=0.02s Sys=0.00s Real=0.01s
[2021-10-27T17:51:39.785-0700][gc,start    ] GC(10) Pause Young (Normal) (G1 Evacuation Pause)
[2021-10-27T17:51:39.786-0700][gc,task     ] GC(10) Using 8 workers of 8 for evacuation
[2021-10-27T17:51:39.801-0700][gc,phases   ] GC(10)   Pre Evacuate Collection Set: 0.6ms
[2021-10-27T17:51:39.802-0700][gc,phases   ] GC(10)   Merge Heap Roots: 0.1ms
[2021-10-27T17:51:39.802-0700][gc,phases   ] GC(10)   Evacuate Collection Set: 13.8ms
[2021-10-27T17:51:39.802-0700][gc,phases   ] GC(10)   Post Evacuate Collection Set: 0.5ms
[2021-10-27T17:51:39.802-0700][gc,phases   ] GC(10)   Other: 1.6ms
[2021-10-27T17:51:39.802-0700][gc,heap     ] GC(10) Eden regions: 72->0(119)
[2021-10-27T17:51:39.802-0700][gc,heap     ] GC(10) Survivor regions: 3->4(10)
[2021-10-27T17:51:39.802-0700][gc,heap     ] GC(10) Old regions: 16->16
[2021-10-27T17:51:39.802-0700][gc,heap     ] GC(10) Archive regions: 2->2
[2021-10-27T17:51:39.802-0700][gc,heap     ] GC(10) Humongous regions: 129->129
[2021-10-27T17:51:39.802-0700][gc,metaspace] GC(10) Metaspace: 40721K(41344K)->40721K(41344K) NonClass: 35862K(36224K)->35862K(36224K) Class: 4858K(5120K)->4858K(5120K)
[2021-10-27T17:51:39.802-0700][gc          ] GC(10) Pause Young (Normal) (G1 Evacuation Pause) 220M->148M(1024M) 16.938ms
[2021-10-27T17:51:39.802-0700][gc,cpu      ] GC(10) User=0.04s Sys=0.01s Real=0.02s
