[2021-11-01T12:47:45.271-0700][gc] Using G1
[2021-11-01T12:47:45.276-0700][gc,init] Version: 17+35-2724 (release)
[2021-11-01T12:47:45.276-0700][gc,init] CPUs: 8 total, 8 available
[2021-11-01T12:47:45.276-0700][gc,init] Memory: 16384M
[2021-11-01T12:47:45.276-0700][gc,init] Large Page Support: Disabled
[2021-11-01T12:47:45.276-0700][gc,init] NUMA Support: Disabled
[2021-11-01T12:47:45.276-0700][gc,init] Compressed Oops: Enabled (Zero based)
[2021-11-01T12:47:45.276-0700][gc,init] Heap Region Size: 1M
[2021-11-01T12:47:45.276-0700][gc,init] Heap Min Capacity: 1G
[2021-11-01T12:47:45.276-0700][gc,init] Heap Initial Capacity: 1G
[2021-11-01T12:47:45.276-0700][gc,init] Heap Max Capacity: 1G
[2021-11-01T12:47:45.276-0700][gc,init] Pre-touch: Disabled
[2021-11-01T12:47:45.276-0700][gc,init] Parallel Workers: 8
[2021-11-01T12:47:45.276-0700][gc,init] Concurrent Workers: 2
[2021-11-01T12:47:45.276-0700][gc,init] Concurrent Refinement Workers: 8
[2021-11-01T12:47:45.276-0700][gc,init] Periodic GC: Disabled
[2021-11-01T12:47:45.276-0700][gc,metaspace] CDS archive(s) mapped at: [0x0000000800000000-0x0000000800bd0000-0x0000000800bd0000), size 12386304, SharedBaseAddress: 0x0000000800000000, ArchiveRelocationMode: 0.
[2021-11-01T12:47:45.276-0700][gc,metaspace] Compressed class space mapped at: 0x0000000800c00000-0x0000000840c00000, reserved size: 1073741824
[2021-11-01T12:47:45.276-0700][gc,metaspace] Narrow klass base: 0x0000000800000000, Narrow klass shift: 0, Narrow klass range: 0x100000000
[2021-11-01T12:47:46.803-0700][gc,start    ] GC(0) Pause Young (Normal) (G1 Evacuation Pause)
[2021-11-01T12:47:46.803-0700][gc,task     ] GC(0) Using 8 workers of 8 for evacuation
[2021-11-01T12:47:46.813-0700][gc,phases   ] GC(0)   Pre Evacuate Collection Set: 0.1ms
[2021-11-01T12:47:46.813-0700][gc,phases   ] GC(0)   Merge Heap Roots: 0.0ms
[2021-11-01T12:47:46.813-0700][gc,phases   ] GC(0)   Evacuate Collection Set: 8.8ms
[2021-11-01T12:47:46.813-0700][gc,phases   ] GC(0)   Post Evacuate Collection Set: 0.4ms
[2021-11-01T12:47:46.813-0700][gc,phases   ] GC(0)   Other: 0.6ms
[2021-11-01T12:47:46.813-0700][gc,heap     ] GC(0) Eden regions: 51->0(44)
[2021-11-01T12:47:46.813-0700][gc,heap     ] GC(0) Survivor regions: 0->7(7)
[2021-11-01T12:47:46.813-0700][gc,heap     ] GC(0) Old regions: 0->1
[2021-11-01T12:47:46.813-0700][gc,heap     ] GC(0) Archive regions: 2->2
[2021-11-01T12:47:46.813-0700][gc,heap     ] GC(0) Humongous regions: 0->0
[2021-11-01T12:47:46.813-0700][gc,metaspace] GC(0) Metaspace: 18760K(19008K)->18760K(19008K) NonClass: 16493K(16640K)->16493K(16640K) Class: 2267K(2368K)->2267K(2368K)
[2021-11-01T12:47:46.813-0700][gc          ] GC(0) Pause Young (Normal) (G1 Evacuation Pause) 51M->8M(1024M) 10.058ms
[2021-11-01T12:47:46.813-0700][gc,cpu      ] GC(0) User=0.01s Sys=0.01s Real=0.01s
[2021-11-01T12:47:47.031-0700][gc,start    ] GC(1) Pause Young (Concurrent Start) (Metadata GC Threshold)
[2021-11-01T12:47:47.031-0700][gc,task     ] GC(1) Using 8 workers of 8 for evacuation
[2021-11-01T12:47:47.038-0700][gc,phases   ] GC(1)   Pre Evacuate Collection Set: 0.1ms
[2021-11-01T12:47:47.038-0700][gc,phases   ] GC(1)   Merge Heap Roots: 0.0ms
[2021-11-01T12:47:47.038-0700][gc,phases   ] GC(1)   Evacuate Collection Set: 6.3ms
[2021-11-01T12:47:47.038-0700][gc,phases   ] GC(1)   Post Evacuate Collection Set: 0.2ms
[2021-11-01T12:47:47.038-0700][gc,phases   ] GC(1)   Other: 0.1ms
[2021-11-01T12:47:47.038-0700][gc,heap     ] GC(1) Eden regions: 10->0(50)
[2021-11-01T12:47:47.038-0700][gc,heap     ] GC(1) Survivor regions: 7->1(7)
[2021-11-01T12:47:47.038-0700][gc,heap     ] GC(1) Old regions: 1->7
[2021-11-01T12:47:47.038-0700][gc,heap     ] GC(1) Archive regions: 2->2
[2021-11-01T12:47:47.038-0700][gc,heap     ] GC(1) Humongous regions: 0->0
[2021-11-01T12:47:47.038-0700][gc,metaspace] GC(1) Metaspace: 21304K(21504K)->21304K(21504K) NonClass: 18711K(18816K)->18711K(18816K) Class: 2593K(2688K)->2593K(2688K)
[2021-11-01T12:47:47.038-0700][gc          ] GC(1) Pause Young (Concurrent Start) (Metadata GC Threshold) 17M->8M(1024M) 6.845ms
[2021-11-01T12:47:47.038-0700][gc,cpu      ] GC(1) User=0.02s Sys=0.01s Real=0.00s
[2021-11-01T12:47:47.038-0700][gc          ] GC(2) Concurrent Mark Cycle
[2021-11-01T12:47:47.038-0700][gc,marking  ] GC(2) Concurrent Clear Claimed Marks
[2021-11-01T12:47:47.038-0700][gc,marking  ] GC(2) Concurrent Clear Claimed Marks 0.019ms
[2021-11-01T12:47:47.038-0700][gc,marking  ] GC(2) Concurrent Scan Root Regions
[2021-11-01T12:47:47.041-0700][gc,marking  ] GC(2) Concurrent Scan Root Regions 2.395ms
[2021-11-01T12:47:47.042-0700][gc,marking  ] GC(2) Concurrent Mark
[2021-11-01T12:47:47.042-0700][gc,marking  ] GC(2) Concurrent Mark From Roots
[2021-11-01T12:47:47.042-0700][gc,task     ] GC(2) Using 2 workers of 2 for marking
[2021-11-01T12:47:47.043-0700][gc,marking  ] GC(2) Concurrent Mark From Roots 1.047ms
[2021-11-01T12:47:47.043-0700][gc,marking  ] GC(2) Concurrent Preclean
[2021-11-01T12:47:47.043-0700][gc,marking  ] GC(2) Concurrent Preclean 0.025ms
[2021-11-01T12:47:47.044-0700][gc,start    ] GC(2) Pause Remark
[2021-11-01T12:47:47.050-0700][gc          ] GC(2) Pause Remark 9M->9M(1024M) 6.324ms
[2021-11-01T12:47:47.050-0700][gc,cpu      ] GC(2) User=0.00s Sys=0.00s Real=0.01s
[2021-11-01T12:47:47.050-0700][gc,marking  ] GC(2) Concurrent Mark 8.370ms
[2021-11-01T12:47:47.050-0700][gc,marking  ] GC(2) Concurrent Rebuild Remembered Sets
[2021-11-01T12:47:47.050-0700][gc,marking  ] GC(2) Concurrent Rebuild Remembered Sets 0.009ms
[2021-11-01T12:47:47.051-0700][gc,start    ] GC(2) Pause Cleanup
[2021-11-01T12:47:47.051-0700][gc          ] GC(2) Pause Cleanup 9M->9M(1024M) 0.020ms
[2021-11-01T12:47:47.051-0700][gc,cpu      ] GC(2) User=0.00s Sys=0.00s Real=0.00s
[2021-11-01T12:47:47.051-0700][gc,marking  ] GC(2) Concurrent Cleanup for Next Mark
[2021-11-01T12:47:47.054-0700][gc,marking  ] GC(2) Concurrent Cleanup for Next Mark 2.928ms
[2021-11-01T12:47:47.054-0700][gc          ] GC(2) Concurrent Mark Cycle 15.518ms
[2021-11-01T12:47:47.988-0700][gc,start    ] GC(3) Pause Young (Normal) (G1 Evacuation Pause)
[2021-11-01T12:47:47.988-0700][gc,task     ] GC(3) Using 8 workers of 8 for evacuation
[2021-11-01T12:47:47.991-0700][gc,phases   ] GC(3)   Pre Evacuate Collection Set: 0.1ms
[2021-11-01T12:47:47.991-0700][gc,phases   ] GC(3)   Merge Heap Roots: 0.1ms
[2021-11-01T12:47:47.991-0700][gc,phases   ] GC(3)   Evacuate Collection Set: 2.9ms
[2021-11-01T12:47:47.991-0700][gc,phases   ] GC(3)   Post Evacuate Collection Set: 0.4ms
[2021-11-01T12:47:47.991-0700][gc,phases   ] GC(3)   Other: 0.1ms
[2021-11-01T12:47:47.991-0700][gc,heap     ] GC(3) Eden regions: 50->0(45)
[2021-11-01T12:47:47.991-0700][gc,heap     ] GC(3) Survivor regions: 1->6(7)
[2021-11-01T12:47:47.991-0700][gc,heap     ] GC(3) Old regions: 7->7
[2021-11-01T12:47:47.991-0700][gc,heap     ] GC(3) Archive regions: 2->2
[2021-11-01T12:47:47.991-0700][gc,heap     ] GC(3) Humongous regions: 129->129
[2021-11-01T12:47:47.991-0700][gc,metaspace] GC(3) Metaspace: 33204K(33408K)->33204K(33408K) NonClass: 29460K(29568K)->29460K(29568K) Class: 3743K(3840K)->3743K(3840K)
[2021-11-01T12:47:47.991-0700][gc          ] GC(3) Pause Young (Normal) (G1 Evacuation Pause) 187M->142M(1024M) 3.775ms
[2021-11-01T12:47:47.991-0700][gc,cpu      ] GC(3) User=0.02s Sys=0.00s Real=0.01s
[2021-11-01T12:47:48.199-0700][gc,start    ] GC(4) Pause Young (Concurrent Start) (Metadata GC Threshold)
[2021-11-01T12:47:48.199-0700][gc,task     ] GC(4) Using 8 workers of 8 for evacuation
[2021-11-01T12:47:48.203-0700][gc,phases   ] GC(4)   Pre Evacuate Collection Set: 0.2ms
[2021-11-01T12:47:48.203-0700][gc,phases   ] GC(4)   Merge Heap Roots: 0.1ms
[2021-11-01T12:47:48.203-0700][gc,phases   ] GC(4)   Evacuate Collection Set: 3.4ms
[2021-11-01T12:47:48.203-0700][gc,phases   ] GC(4)   Post Evacuate Collection Set: 0.3ms
[2021-11-01T12:47:48.203-0700][gc,phases   ] GC(4)   Other: 0.1ms
[2021-11-01T12:47:48.203-0700][gc,heap     ] GC(4) Eden regions: 12->0(49)
[2021-11-01T12:47:48.203-0700][gc,heap     ] GC(4) Survivor regions: 6->2(7)
[2021-11-01T12:47:48.203-0700][gc,heap     ] GC(4) Old regions: 7->13
[2021-11-01T12:47:48.203-0700][gc,heap     ] GC(4) Archive regions: 2->2
[2021-11-01T12:47:48.203-0700][gc,heap     ] GC(4) Humongous regions: 129->129
[2021-11-01T12:47:48.203-0700][gc,metaspace] GC(4) Metaspace: 35623K(35968K)->35623K(35968K) NonClass: 31451K(31680K)->31451K(31680K) Class: 4172K(4288K)->4172K(4288K)
[2021-11-01T12:47:48.203-0700][gc          ] GC(4) Pause Young (Concurrent Start) (Metadata GC Threshold) 154M->143M(1024M) 4.190ms
[2021-11-01T12:47:48.203-0700][gc,cpu      ] GC(4) User=0.02s Sys=0.00s Real=0.01s
[2021-11-01T12:47:48.203-0700][gc          ] GC(5) Concurrent Mark Cycle
[2021-11-01T12:47:48.203-0700][gc,marking  ] GC(5) Concurrent Clear Claimed Marks
[2021-11-01T12:47:48.203-0700][gc,marking  ] GC(5) Concurrent Clear Claimed Marks 0.022ms
[2021-11-01T12:47:48.203-0700][gc,marking  ] GC(5) Concurrent Scan Root Regions
[2021-11-01T12:47:48.205-0700][gc,marking  ] GC(5) Concurrent Scan Root Regions 1.804ms
[2021-11-01T12:47:48.205-0700][gc,marking  ] GC(5) Concurrent Mark
[2021-11-01T12:47:48.205-0700][gc,marking  ] GC(5) Concurrent Mark From Roots
[2021-11-01T12:47:48.205-0700][gc,task     ] GC(5) Using 2 workers of 2 for marking
[2021-11-01T12:47:48.209-0700][gc,marking  ] GC(5) Concurrent Mark From Roots 3.725ms
[2021-11-01T12:47:48.209-0700][gc,marking  ] GC(5) Concurrent Preclean
[2021-11-01T12:47:48.209-0700][gc,marking  ] GC(5) Concurrent Preclean 0.047ms
[2021-11-01T12:47:48.209-0700][gc,start    ] GC(5) Pause Remark
[2021-11-01T12:47:48.220-0700][gc          ] GC(5) Pause Remark 143M->143M(1024M) 10.401ms
[2021-11-01T12:47:48.220-0700][gc,cpu      ] GC(5) User=0.01s Sys=0.01s Real=0.02s
[2021-11-01T12:47:48.220-0700][gc,marking  ] GC(5) Concurrent Mark 14.863ms
[2021-11-01T12:47:48.220-0700][gc,marking  ] GC(5) Concurrent Rebuild Remembered Sets
[2021-11-01T12:47:48.223-0700][gc,marking  ] GC(5) Concurrent Rebuild Remembered Sets 3.105ms
[2021-11-01T12:47:48.223-0700][gc,start    ] GC(5) Pause Cleanup
[2021-11-01T12:47:48.223-0700][gc          ] GC(5) Pause Cleanup 143M->143M(1024M) 0.076ms
[2021-11-01T12:47:48.223-0700][gc,cpu      ] GC(5) User=0.00s Sys=0.01s Real=0.00s
[2021-11-01T12:47:48.223-0700][gc,marking  ] GC(5) Concurrent Cleanup for Next Mark
[2021-11-01T12:47:48.227-0700][gc,marking  ] GC(5) Concurrent Cleanup for Next Mark 3.168ms
[2021-11-01T12:47:48.227-0700][gc          ] GC(5) Concurrent Mark Cycle 23.503ms
[2021-11-01T12:50:22.522-0700][gc,heap,exit] Heap
[2021-11-01T12:50:22.523-0700][gc,heap,exit]  garbage-first heap   total 1048576K, used 181335K [0x00000007c0000000, 0x0000000800000000)
[2021-11-01T12:50:22.523-0700][gc,heap,exit]   region size 1024K, 36 young (36864K), 2 survivors (2048K)
[2021-11-01T12:50:22.523-0700][gc,heap,exit]  Metaspace       used 39049K, committed 39552K, reserved 1089536K
[2021-11-01T12:50:22.523-0700][gc,heap,exit]   class space    used 4693K, committed 4928K, reserved 1048576K
