[2021-11-01T12:50:25.733-0700][gc] Using G1
[2021-11-01T12:50:25.738-0700][gc,init] Version: 17+35-2724 (release)
[2021-11-01T12:50:25.738-0700][gc,init] CPUs: 8 total, 8 available
[2021-11-01T12:50:25.738-0700][gc,init] Memory: 16384M
[2021-11-01T12:50:25.738-0700][gc,init] Large Page Support: Disabled
[2021-11-01T12:50:25.738-0700][gc,init] NUMA Support: Disabled
[2021-11-01T12:50:25.738-0700][gc,init] Compressed Oops: Enabled (Zero based)
[2021-11-01T12:50:25.738-0700][gc,init] Heap Region Size: 1M
[2021-11-01T12:50:25.738-0700][gc,init] Heap Min Capacity: 1G
[2021-11-01T12:50:25.738-0700][gc,init] Heap Initial Capacity: 1G
[2021-11-01T12:50:25.738-0700][gc,init] Heap Max Capacity: 1G
[2021-11-01T12:50:25.738-0700][gc,init] Pre-touch: Disabled
[2021-11-01T12:50:25.738-0700][gc,init] Parallel Workers: 8
[2021-11-01T12:50:25.738-0700][gc,init] Concurrent Workers: 2
[2021-11-01T12:50:25.738-0700][gc,init] Concurrent Refinement Workers: 8
[2021-11-01T12:50:25.738-0700][gc,init] Periodic GC: Disabled
[2021-11-01T12:50:25.738-0700][gc,metaspace] CDS archive(s) mapped at: [0x0000000800000000-0x0000000800bd0000-0x0000000800bd0000), size 12386304, SharedBaseAddress: 0x0000000800000000, ArchiveRelocationMode: 0.
[2021-11-01T12:50:25.738-0700][gc,metaspace] Compressed class space mapped at: 0x0000000800c00000-0x0000000840c00000, reserved size: 1073741824
[2021-11-01T12:50:25.738-0700][gc,metaspace] Narrow klass base: 0x0000000800000000, Narrow klass shift: 0, Narrow klass range: 0x100000000
[2021-11-01T12:50:27.242-0700][gc,start    ] GC(0) Pause Young (Normal) (G1 Evacuation Pause)
[2021-11-01T12:50:27.242-0700][gc,task     ] GC(0) Using 8 workers of 8 for evacuation
[2021-11-01T12:50:27.251-0700][gc,phases   ] GC(0)   Pre Evacuate Collection Set: 0.1ms
[2021-11-01T12:50:27.251-0700][gc,phases   ] GC(0)   Merge Heap Roots: 0.0ms
[2021-11-01T12:50:27.251-0700][gc,phases   ] GC(0)   Evacuate Collection Set: 8.4ms
[2021-11-01T12:50:27.251-0700][gc,phases   ] GC(0)   Post Evacuate Collection Set: 0.3ms
[2021-11-01T12:50:27.251-0700][gc,phases   ] GC(0)   Other: 0.5ms
[2021-11-01T12:50:27.251-0700][gc,heap     ] GC(0) Eden regions: 51->0(44)
[2021-11-01T12:50:27.251-0700][gc,heap     ] GC(0) Survivor regions: 0->7(7)
[2021-11-01T12:50:27.251-0700][gc,heap     ] GC(0) Old regions: 0->0
[2021-11-01T12:50:27.251-0700][gc,heap     ] GC(0) Archive regions: 2->2
[2021-11-01T12:50:27.251-0700][gc,heap     ] GC(0) Humongous regions: 0->0
[2021-11-01T12:50:27.251-0700][gc,metaspace] GC(0) Metaspace: 18746K(19008K)->18746K(19008K) NonClass: 16480K(16640K)->16480K(16640K) Class: 2266K(2368K)->2266K(2368K)
[2021-11-01T12:50:27.251-0700][gc          ] GC(0) Pause Young (Normal) (G1 Evacuation Pause) 51M->7M(1024M) 9.555ms
[2021-11-01T12:50:27.251-0700][gc,cpu      ] GC(0) User=0.02s Sys=0.00s Real=0.01s
[2021-11-01T12:50:27.462-0700][gc,start    ] GC(1) Pause Young (Concurrent Start) (Metadata GC Threshold)
[2021-11-01T12:50:27.462-0700][gc,task     ] GC(1) Using 8 workers of 8 for evacuation
[2021-11-01T12:50:27.469-0700][gc,phases   ] GC(1)   Pre Evacuate Collection Set: 0.1ms
[2021-11-01T12:50:27.469-0700][gc,phases   ] GC(1)   Merge Heap Roots: 0.0ms
[2021-11-01T12:50:27.469-0700][gc,phases   ] GC(1)   Evacuate Collection Set: 5.9ms
[2021-11-01T12:50:27.469-0700][gc,phases   ] GC(1)   Post Evacuate Collection Set: 0.2ms
[2021-11-01T12:50:27.469-0700][gc,phases   ] GC(1)   Other: 0.2ms
[2021-11-01T12:50:27.469-0700][gc,heap     ] GC(1) Eden regions: 10->0(49)
[2021-11-01T12:50:27.469-0700][gc,heap     ] GC(1) Survivor regions: 7->2(7)
[2021-11-01T12:50:27.469-0700][gc,heap     ] GC(1) Old regions: 0->7
[2021-11-01T12:50:27.469-0700][gc,heap     ] GC(1) Archive regions: 2->2
[2021-11-01T12:50:27.469-0700][gc,heap     ] GC(1) Humongous regions: 0->0
[2021-11-01T12:50:27.469-0700][gc,metaspace] GC(1) Metaspace: 21297K(21504K)->21297K(21504K) NonClass: 18707K(18816K)->18707K(18816K) Class: 2590K(2688K)->2590K(2688K)
[2021-11-01T12:50:27.469-0700][gc          ] GC(1) Pause Young (Concurrent Start) (Metadata GC Threshold) 17M->9M(1024M) 6.608ms
[2021-11-01T12:50:27.469-0700][gc,cpu      ] GC(1) User=0.02s Sys=0.01s Real=0.00s
[2021-11-01T12:50:27.469-0700][gc          ] GC(2) Concurrent Mark Cycle
[2021-11-01T12:50:27.469-0700][gc,marking  ] GC(2) Concurrent Clear Claimed Marks
[2021-11-01T12:50:27.469-0700][gc,marking  ] GC(2) Concurrent Clear Claimed Marks 0.025ms
[2021-11-01T12:50:27.469-0700][gc,marking  ] GC(2) Concurrent Scan Root Regions
[2021-11-01T12:50:27.473-0700][gc,marking  ] GC(2) Concurrent Scan Root Regions 4.295ms
[2021-11-01T12:50:27.474-0700][gc,marking  ] GC(2) Concurrent Mark
[2021-11-01T12:50:27.474-0700][gc,marking  ] GC(2) Concurrent Mark From Roots
[2021-11-01T12:50:27.474-0700][gc,task     ] GC(2) Using 2 workers of 2 for marking
[2021-11-01T12:50:27.477-0700][gc,marking  ] GC(2) Concurrent Mark From Roots 3.293ms
[2021-11-01T12:50:27.477-0700][gc,marking  ] GC(2) Concurrent Preclean
[2021-11-01T12:50:27.477-0700][gc,marking  ] GC(2) Concurrent Preclean 0.031ms
[2021-11-01T12:50:27.477-0700][gc,start    ] GC(2) Pause Remark
[2021-11-01T12:50:27.483-0700][gc          ] GC(2) Pause Remark 9M->9M(1024M) 6.272ms
[2021-11-01T12:50:27.484-0700][gc,cpu      ] GC(2) User=0.01s Sys=0.00s Real=0.01s
[2021-11-01T12:50:27.484-0700][gc,marking  ] GC(2) Concurrent Mark 10.004ms
[2021-11-01T12:50:27.484-0700][gc,marking  ] GC(2) Concurrent Rebuild Remembered Sets
[2021-11-01T12:50:27.484-0700][gc,marking  ] GC(2) Concurrent Rebuild Remembered Sets 0.006ms
[2021-11-01T12:50:27.484-0700][gc,start    ] GC(2) Pause Cleanup
[2021-11-01T12:50:27.484-0700][gc          ] GC(2) Pause Cleanup 9M->9M(1024M) 0.012ms
[2021-11-01T12:50:27.484-0700][gc,cpu      ] GC(2) User=0.00s Sys=0.00s Real=0.00s
[2021-11-01T12:50:27.484-0700][gc,marking  ] GC(2) Concurrent Cleanup for Next Mark
[2021-11-01T12:50:27.487-0700][gc,marking  ] GC(2) Concurrent Cleanup for Next Mark 3.090ms
[2021-11-01T12:50:27.487-0700][gc          ] GC(2) Concurrent Mark Cycle 17.845ms
[2021-11-01T12:50:28.395-0700][gc,start    ] GC(3) Pause Young (Normal) (G1 Evacuation Pause)
[2021-11-01T12:50:28.395-0700][gc,task     ] GC(3) Using 8 workers of 8 for evacuation
[2021-11-01T12:50:28.399-0700][gc,phases   ] GC(3)   Pre Evacuate Collection Set: 0.1ms
[2021-11-01T12:50:28.399-0700][gc,phases   ] GC(3)   Merge Heap Roots: 0.0ms
[2021-11-01T12:50:28.399-0700][gc,phases   ] GC(3)   Evacuate Collection Set: 3.4ms
[2021-11-01T12:50:28.399-0700][gc,phases   ] GC(3)   Post Evacuate Collection Set: 0.3ms
[2021-11-01T12:50:28.399-0700][gc,phases   ] GC(3)   Other: 0.1ms
[2021-11-01T12:50:28.399-0700][gc,heap     ] GC(3) Eden regions: 49->0(45)
[2021-11-01T12:50:28.399-0700][gc,heap     ] GC(3) Survivor regions: 2->6(7)
[2021-11-01T12:50:28.399-0700][gc,heap     ] GC(3) Old regions: 7->7
[2021-11-01T12:50:28.399-0700][gc,heap     ] GC(3) Archive regions: 2->2
[2021-11-01T12:50:28.399-0700][gc,heap     ] GC(3) Humongous regions: 129->129
[2021-11-01T12:50:28.399-0700][gc,metaspace] GC(3) Metaspace: 33013K(33280K)->33013K(33280K) NonClass: 29273K(29440K)->29273K(29440K) Class: 3739K(3840K)->3739K(3840K)
[2021-11-01T12:50:28.399-0700][gc          ] GC(3) Pause Young (Normal) (G1 Evacuation Pause) 187M->142M(1024M) 4.053ms
[2021-11-01T12:50:28.399-0700][gc,cpu      ] GC(3) User=0.02s Sys=0.00s Real=0.00s
[2021-11-01T12:50:28.637-0700][gc,start    ] GC(4) Pause Young (Concurrent Start) (Metadata GC Threshold)
[2021-11-01T12:50:28.637-0700][gc,task     ] GC(4) Using 8 workers of 8 for evacuation
[2021-11-01T12:50:28.641-0700][gc,phases   ] GC(4)   Pre Evacuate Collection Set: 0.2ms
[2021-11-01T12:50:28.641-0700][gc,phases   ] GC(4)   Merge Heap Roots: 0.1ms
[2021-11-01T12:50:28.641-0700][gc,phases   ] GC(4)   Evacuate Collection Set: 3.5ms
[2021-11-01T12:50:28.641-0700][gc,phases   ] GC(4)   Post Evacuate Collection Set: 0.4ms
[2021-11-01T12:50:28.641-0700][gc,phases   ] GC(4)   Other: 0.2ms
[2021-11-01T12:50:28.641-0700][gc,heap     ] GC(4) Eden regions: 13->0(49)
[2021-11-01T12:50:28.641-0700][gc,heap     ] GC(4) Survivor regions: 6->2(7)
[2021-11-01T12:50:28.641-0700][gc,heap     ] GC(4) Old regions: 7->13
[2021-11-01T12:50:28.641-0700][gc,heap     ] GC(4) Archive regions: 2->2
[2021-11-01T12:50:28.641-0700][gc,heap     ] GC(4) Humongous regions: 129->129
[2021-11-01T12:50:28.641-0700][gc,metaspace] GC(4) Metaspace: 35652K(35968K)->35652K(35968K) NonClass: 31471K(31680K)->31471K(31680K) Class: 4181K(4288K)->4181K(4288K)
[2021-11-01T12:50:28.641-0700][gc          ] GC(4) Pause Young (Concurrent Start) (Metadata GC Threshold) 155M->143M(1024M) 4.387ms
[2021-11-01T12:50:28.641-0700][gc,cpu      ] GC(4) User=0.01s Sys=0.00s Real=0.01s
[2021-11-01T12:50:28.641-0700][gc          ] GC(5) Concurrent Mark Cycle
[2021-11-01T12:50:28.641-0700][gc,marking  ] GC(5) Concurrent Clear Claimed Marks
[2021-11-01T12:50:28.641-0700][gc,marking  ] GC(5) Concurrent Clear Claimed Marks 0.022ms
[2021-11-01T12:50:28.641-0700][gc,marking  ] GC(5) Concurrent Scan Root Regions
[2021-11-01T12:50:28.643-0700][gc,marking  ] GC(5) Concurrent Scan Root Regions 1.816ms
[2021-11-01T12:50:28.643-0700][gc,marking  ] GC(5) Concurrent Mark
[2021-11-01T12:50:28.643-0700][gc,marking  ] GC(5) Concurrent Mark From Roots
[2021-11-01T12:50:28.643-0700][gc,task     ] GC(5) Using 2 workers of 2 for marking
[2021-11-01T12:50:28.646-0700][gc,marking  ] GC(5) Concurrent Mark From Roots 3.345ms
[2021-11-01T12:50:28.646-0700][gc,marking  ] GC(5) Concurrent Preclean
[2021-11-01T12:50:28.647-0700][gc,marking  ] GC(5) Concurrent Preclean 0.052ms
[2021-11-01T12:50:28.647-0700][gc,start    ] GC(5) Pause Remark
[2021-11-01T12:50:28.658-0700][gc          ] GC(5) Pause Remark 143M->143M(1024M) 10.863ms
[2021-11-01T12:50:28.658-0700][gc,cpu      ] GC(5) User=0.02s Sys=0.01s Real=0.01s
[2021-11-01T12:50:28.658-0700][gc,marking  ] GC(5) Concurrent Mark 14.657ms
[2021-11-01T12:50:28.658-0700][gc,marking  ] GC(5) Concurrent Rebuild Remembered Sets
[2021-11-01T12:50:28.661-0700][gc,marking  ] GC(5) Concurrent Rebuild Remembered Sets 3.628ms
[2021-11-01T12:50:28.662-0700][gc,start    ] GC(5) Pause Cleanup
[2021-11-01T12:50:28.662-0700][gc          ] GC(5) Pause Cleanup 143M->143M(1024M) 0.105ms
[2021-11-01T12:50:28.662-0700][gc,cpu      ] GC(5) User=0.00s Sys=0.00s Real=0.00s
[2021-11-01T12:50:28.662-0700][gc,marking  ] GC(5) Concurrent Cleanup for Next Mark
[2021-11-01T12:50:28.665-0700][gc,marking  ] GC(5) Concurrent Cleanup for Next Mark 3.154ms
[2021-11-01T12:50:28.665-0700][gc          ] GC(5) Concurrent Mark Cycle 23.836ms
[2021-11-01T12:51:04.599-0700][gc,heap,exit] Heap
[2021-11-01T12:51:04.599-0700][gc,heap,exit]  garbage-first heap   total 1048576K, used 160828K [0x00000007c0000000, 0x0000000800000000)
[2021-11-01T12:51:04.599-0700][gc,heap,exit]   region size 1024K, 16 young (16384K), 2 survivors (2048K)
[2021-11-01T12:51:04.599-0700][gc,heap,exit]  Metaspace       used 36926K, committed 37376K, reserved 1089536K
[2021-11-01T12:51:04.599-0700][gc,heap,exit]   class space    used 4471K, committed 4672K, reserved 1048576K
