[2021-11-11T14:04:52.812-0800][gc] Using G1
[2021-11-11T14:04:52.817-0800][gc,init] Version: 17+35-2724 (release)
[2021-11-11T14:04:52.817-0800][gc,init] CPUs: 8 total, 8 available
[2021-11-11T14:04:52.817-0800][gc,init] Memory: 16384M
[2021-11-11T14:04:52.817-0800][gc,init] Large Page Support: Disabled
[2021-11-11T14:04:52.817-0800][gc,init] NUMA Support: Disabled
[2021-11-11T14:04:52.817-0800][gc,init] Compressed Oops: Enabled (Zero based)
[2021-11-11T14:04:52.817-0800][gc,init] Heap Region Size: 1M
[2021-11-11T14:04:52.817-0800][gc,init] Heap Min Capacity: 1G
[2021-11-11T14:04:52.817-0800][gc,init] Heap Initial Capacity: 1G
[2021-11-11T14:04:52.817-0800][gc,init] Heap Max Capacity: 1G
[2021-11-11T14:04:52.817-0800][gc,init] Pre-touch: Disabled
[2021-11-11T14:04:52.817-0800][gc,init] Parallel Workers: 8
[2021-11-11T14:04:52.817-0800][gc,init] Concurrent Workers: 2
[2021-11-11T14:04:52.817-0800][gc,init] Concurrent Refinement Workers: 8
[2021-11-11T14:04:52.817-0800][gc,init] Periodic GC: Disabled
[2021-11-11T14:04:52.817-0800][gc,metaspace] CDS archive(s) mapped at: [0x0000000800000000-0x0000000800bd0000-0x0000000800bd0000), size 12386304, SharedBaseAddress: 0x0000000800000000, ArchiveRelocationMode: 0.
[2021-11-11T14:04:52.817-0800][gc,metaspace] Compressed class space mapped at: 0x0000000800c00000-0x0000000840c00000, reserved size: 1073741824
[2021-11-11T14:04:52.817-0800][gc,metaspace] Narrow klass base: 0x0000000800000000, Narrow klass shift: 0, Narrow klass range: 0x100000000
[2021-11-11T14:04:54.331-0800][gc,start    ] GC(0) Pause Young (Normal) (G1 Evacuation Pause)
[2021-11-11T14:04:54.331-0800][gc,task     ] GC(0) Using 8 workers of 8 for evacuation
[2021-11-11T14:04:54.341-0800][gc,phases   ] GC(0)   Pre Evacuate Collection Set: 0.1ms
[2021-11-11T14:04:54.341-0800][gc,phases   ] GC(0)   Merge Heap Roots: 0.0ms
[2021-11-11T14:04:54.341-0800][gc,phases   ] GC(0)   Evacuate Collection Set: 9.2ms
[2021-11-11T14:04:54.341-0800][gc,phases   ] GC(0)   Post Evacuate Collection Set: 0.4ms
[2021-11-11T14:04:54.341-0800][gc,phases   ] GC(0)   Other: 0.6ms
[2021-11-11T14:04:54.341-0800][gc,heap     ] GC(0) Eden regions: 51->0(44)
[2021-11-11T14:04:54.341-0800][gc,heap     ] GC(0) Survivor regions: 0->7(7)
[2021-11-11T14:04:54.341-0800][gc,heap     ] GC(0) Old regions: 0->0
[2021-11-11T14:04:54.341-0800][gc,heap     ] GC(0) Archive regions: 2->2
[2021-11-11T14:04:54.341-0800][gc,heap     ] GC(0) Humongous regions: 0->0
[2021-11-11T14:04:54.341-0800][gc,metaspace] GC(0) Metaspace: 18757K(19008K)->18757K(19008K) NonClass: 16500K(16640K)->16500K(16640K) Class: 2256K(2368K)->2256K(2368K)
[2021-11-11T14:04:54.341-0800][gc          ] GC(0) Pause Young (Normal) (G1 Evacuation Pause) 51M->7M(1024M) 10.340ms
[2021-11-11T14:04:54.341-0800][gc,cpu      ] GC(0) User=0.02s Sys=0.00s Real=0.01s
[2021-11-11T14:04:54.588-0800][gc,start    ] GC(1) Pause Young (Concurrent Start) (Metadata GC Threshold)
[2021-11-11T14:04:54.589-0800][gc,task     ] GC(1) Using 8 workers of 8 for evacuation
[2021-11-11T14:04:54.595-0800][gc,phases   ] GC(1)   Pre Evacuate Collection Set: 0.1ms
[2021-11-11T14:04:54.595-0800][gc,phases   ] GC(1)   Merge Heap Roots: 0.0ms
[2021-11-11T14:04:54.595-0800][gc,phases   ] GC(1)   Evacuate Collection Set: 5.9ms
[2021-11-11T14:04:54.595-0800][gc,phases   ] GC(1)   Post Evacuate Collection Set: 0.2ms
[2021-11-11T14:04:54.595-0800][gc,phases   ] GC(1)   Other: 0.2ms
[2021-11-11T14:04:54.595-0800][gc,heap     ] GC(1) Eden regions: 12->0(49)
[2021-11-11T14:04:54.595-0800][gc,heap     ] GC(1) Survivor regions: 7->2(7)
[2021-11-11T14:04:54.595-0800][gc,heap     ] GC(1) Old regions: 0->7
[2021-11-11T14:04:54.595-0800][gc,heap     ] GC(1) Archive regions: 2->2
[2021-11-11T14:04:54.595-0800][gc,heap     ] GC(1) Humongous regions: 129->129
[2021-11-11T14:04:54.595-0800][gc,metaspace] GC(1) Metaspace: 21316K(21504K)->21316K(21504K) NonClass: 18740K(18816K)->18740K(18816K) Class: 2575K(2688K)->2575K(2688K)
[2021-11-11T14:04:54.595-0800][gc          ] GC(1) Pause Young (Concurrent Start) (Metadata GC Threshold) 147M->138M(1024M) 6.464ms
[2021-11-11T14:04:54.595-0800][gc,cpu      ] GC(1) User=0.02s Sys=0.01s Real=0.01s
[2021-11-11T14:04:54.595-0800][gc          ] GC(2) Concurrent Mark Cycle
[2021-11-11T14:04:54.595-0800][gc,marking  ] GC(2) Concurrent Clear Claimed Marks
[2021-11-11T14:04:54.595-0800][gc,marking  ] GC(2) Concurrent Clear Claimed Marks 0.018ms
[2021-11-11T14:04:54.595-0800][gc,marking  ] GC(2) Concurrent Scan Root Regions
[2021-11-11T14:04:54.597-0800][gc,marking  ] GC(2) Concurrent Scan Root Regions 2.291ms
[2021-11-11T14:04:54.598-0800][gc,marking  ] GC(2) Concurrent Mark
[2021-11-11T14:04:54.599-0800][gc,marking  ] GC(2) Concurrent Mark From Roots
[2021-11-11T14:04:54.599-0800][gc,task     ] GC(2) Using 2 workers of 2 for marking
[2021-11-11T14:04:54.601-0800][gc,marking  ] GC(2) Concurrent Mark From Roots 1.318ms
[2021-11-11T14:04:54.601-0800][gc,marking  ] GC(2) Concurrent Preclean
[2021-11-11T14:04:54.601-0800][gc,marking  ] GC(2) Concurrent Preclean 0.027ms
[2021-11-11T14:04:54.601-0800][gc,start    ] GC(2) Pause Remark
[2021-11-11T14:04:54.607-0800][gc          ] GC(2) Pause Remark 138M->138M(1024M) 6.610ms
[2021-11-11T14:04:54.607-0800][gc,cpu      ] GC(2) User=0.01s Sys=0.01s Real=0.00s
[2021-11-11T14:04:54.608-0800][gc,marking  ] GC(2) Concurrent Mark 9.994ms
[2021-11-11T14:04:54.608-0800][gc,marking  ] GC(2) Concurrent Rebuild Remembered Sets
[2021-11-11T14:04:54.609-0800][gc,marking  ] GC(2) Concurrent Rebuild Remembered Sets 1.556ms
[2021-11-11T14:04:54.609-0800][gc,start    ] GC(2) Pause Cleanup
[2021-11-11T14:04:54.609-0800][gc          ] GC(2) Pause Cleanup 138M->138M(1024M) 0.127ms
[2021-11-11T14:04:54.609-0800][gc,cpu      ] GC(2) User=0.00s Sys=0.00s Real=0.00s
[2021-11-11T14:04:54.610-0800][gc,marking  ] GC(2) Concurrent Cleanup for Next Mark
[2021-11-11T14:04:54.612-0800][gc,marking  ] GC(2) Concurrent Cleanup for Next Mark 2.731ms
[2021-11-11T14:04:54.612-0800][gc          ] GC(2) Concurrent Mark Cycle 17.247ms
[2021-11-11T14:04:55.504-0800][gc,start    ] GC(3) Pause Young (Normal) (G1 Evacuation Pause)
[2021-11-11T14:04:55.504-0800][gc,task     ] GC(3) Using 8 workers of 8 for evacuation
[2021-11-11T14:04:55.508-0800][gc,phases   ] GC(3)   Pre Evacuate Collection Set: 0.1ms
[2021-11-11T14:04:55.508-0800][gc,phases   ] GC(3)   Merge Heap Roots: 0.0ms
[2021-11-11T14:04:55.508-0800][gc,phases   ] GC(3)   Evacuate Collection Set: 3.5ms
[2021-11-11T14:04:55.508-0800][gc,phases   ] GC(3)   Post Evacuate Collection Set: 0.4ms
[2021-11-11T14:04:55.508-0800][gc,phases   ] GC(3)   Other: 0.1ms
[2021-11-11T14:04:55.508-0800][gc,heap     ] GC(3) Eden regions: 49->0(45)
[2021-11-11T14:04:55.508-0800][gc,heap     ] GC(3) Survivor regions: 2->6(7)
[2021-11-11T14:04:55.508-0800][gc,heap     ] GC(3) Old regions: 7->7
[2021-11-11T14:04:55.508-0800][gc,heap     ] GC(3) Archive regions: 2->2
[2021-11-11T14:04:55.509-0800][gc,heap     ] GC(3) Humongous regions: 129->129
[2021-11-11T14:04:55.509-0800][gc,metaspace] GC(3) Metaspace: 32584K(32896K)->32584K(32896K) NonClass: 28878K(29056K)->28878K(29056K) Class: 3706K(3840K)->3706K(3840K)
[2021-11-11T14:04:55.509-0800][gc          ] GC(3) Pause Young (Normal) (G1 Evacuation Pause) 187M->142M(1024M) 4.271ms
[2021-11-11T14:04:55.509-0800][gc,cpu      ] GC(3) User=0.01s Sys=0.00s Real=0.00s
[2021-11-11T14:09:34.454-0800][gc,start    ] GC(4) Pause Young (Concurrent Start) (Metadata GC Threshold)
[2021-11-11T14:09:34.454-0800][gc,task     ] GC(4) Using 8 workers of 8 for evacuation
[2021-11-11T14:09:34.458-0800][gc,phases   ] GC(4)   Pre Evacuate Collection Set: 0.2ms
[2021-11-11T14:09:34.459-0800][gc,phases   ] GC(4)   Merge Heap Roots: 0.0ms
[2021-11-11T14:09:34.459-0800][gc,phases   ] GC(4)   Evacuate Collection Set: 4.1ms
[2021-11-11T14:09:34.459-0800][gc,phases   ] GC(4)   Post Evacuate Collection Set: 0.3ms
[2021-11-11T14:09:34.459-0800][gc,phases   ] GC(4)   Other: 0.1ms
[2021-11-11T14:09:34.459-0800][gc,heap     ] GC(4) Eden regions: 17->0(49)
[2021-11-11T14:09:34.459-0800][gc,heap     ] GC(4) Survivor regions: 6->2(7)
[2021-11-11T14:09:34.459-0800][gc,heap     ] GC(4) Old regions: 7->13
[2021-11-11T14:09:34.459-0800][gc,heap     ] GC(4) Archive regions: 2->2
[2021-11-11T14:09:34.459-0800][gc,heap     ] GC(4) Humongous regions: 129->129
[2021-11-11T14:09:34.459-0800][gc,metaspace] GC(4) Metaspace: 35626K(35968K)->35626K(35968K) NonClass: 31388K(31552K)->31388K(31552K) Class: 4238K(4416K)->4238K(4416K)
[2021-11-11T14:09:34.459-0800][gc          ] GC(4) Pause Young (Concurrent Start) (Metadata GC Threshold) 158M->143M(1024M) 4.822ms
[2021-11-11T14:09:34.459-0800][gc,cpu      ] GC(4) User=0.01s Sys=0.01s Real=0.00s
[2021-11-11T14:09:34.459-0800][gc          ] GC(5) Concurrent Mark Cycle
[2021-11-11T14:09:34.459-0800][gc,marking  ] GC(5) Concurrent Clear Claimed Marks
[2021-11-11T14:09:34.459-0800][gc,marking  ] GC(5) Concurrent Clear Claimed Marks 0.024ms
[2021-11-11T14:09:34.459-0800][gc,marking  ] GC(5) Concurrent Scan Root Regions
[2021-11-11T14:09:34.461-0800][gc,marking  ] GC(5) Concurrent Scan Root Regions 1.797ms
[2021-11-11T14:09:34.461-0800][gc,marking  ] GC(5) Concurrent Mark
[2021-11-11T14:09:34.461-0800][gc,marking  ] GC(5) Concurrent Mark From Roots
[2021-11-11T14:09:34.461-0800][gc,task     ] GC(5) Using 2 workers of 2 for marking
[2021-11-11T14:09:34.464-0800][gc,marking  ] GC(5) Concurrent Mark From Roots 3.224ms
[2021-11-11T14:09:34.464-0800][gc,marking  ] GC(5) Concurrent Preclean
[2021-11-11T14:09:34.464-0800][gc,marking  ] GC(5) Concurrent Preclean 0.047ms
[2021-11-11T14:09:34.464-0800][gc,start    ] GC(5) Pause Remark
[2021-11-11T14:09:34.477-0800][gc          ] GC(5) Pause Remark 143M->143M(1024M) 12.760ms
[2021-11-11T14:09:34.477-0800][gc,cpu      ] GC(5) User=0.02s Sys=0.01s Real=0.01s
[2021-11-11T14:09:34.477-0800][gc,marking  ] GC(5) Concurrent Mark 16.553ms
[2021-11-11T14:09:34.477-0800][gc,marking  ] GC(5) Concurrent Rebuild Remembered Sets
[2021-11-11T14:09:34.480-0800][gc,marking  ] GC(5) Concurrent Rebuild Remembered Sets 3.076ms
[2021-11-11T14:09:34.481-0800][gc,start    ] GC(5) Pause Cleanup
[2021-11-11T14:09:34.481-0800][gc          ] GC(5) Pause Cleanup 143M->143M(1024M) 0.132ms
[2021-11-11T14:09:34.481-0800][gc,cpu      ] GC(5) User=0.00s Sys=0.00s Real=0.00s
[2021-11-11T14:09:34.481-0800][gc,marking  ] GC(5) Concurrent Cleanup for Next Mark
[2021-11-11T14:09:34.488-0800][gc,marking  ] GC(5) Concurrent Cleanup for Next Mark 6.862ms
[2021-11-11T14:09:34.488-0800][gc          ] GC(5) Concurrent Mark Cycle 29.513ms
[2021-11-11T14:32:58.575-0800][gc,start    ] GC(6) Pause Young (Normal) (G1 Evacuation Pause)
[2021-11-11T14:32:58.575-0800][gc,task     ] GC(6) Using 8 workers of 8 for evacuation
[2021-11-11T14:32:58.584-0800][gc,phases   ] GC(6)   Pre Evacuate Collection Set: 0.2ms
[2021-11-11T14:32:58.584-0800][gc,phases   ] GC(6)   Merge Heap Roots: 0.1ms
[2021-11-11T14:32:58.584-0800][gc,phases   ] GC(6)   Evacuate Collection Set: 8.4ms
[2021-11-11T14:32:58.584-0800][gc,phases   ] GC(6)   Post Evacuate Collection Set: 0.4ms
[2021-11-11T14:32:58.584-0800][gc,phases   ] GC(6)   Other: 0.2ms
[2021-11-11T14:32:58.584-0800][gc,heap     ] GC(6) Eden regions: 49->0(48)
[2021-11-11T14:32:58.584-0800][gc,heap     ] GC(6) Survivor regions: 2->3(7)
[2021-11-11T14:32:58.584-0800][gc,heap     ] GC(6) Old regions: 13->13
[2021-11-11T14:32:58.584-0800][gc,heap     ] GC(6) Archive regions: 2->2
[2021-11-11T14:32:58.584-0800][gc,heap     ] GC(6) Humongous regions: 129->129
[2021-11-11T14:32:58.585-0800][gc,metaspace] GC(6) Metaspace: 39268K(39872K)->39268K(39872K) NonClass: 34537K(34880K)->34537K(34880K) Class: 4730K(4992K)->4730K(4992K)
[2021-11-11T14:32:58.585-0800][gc          ] GC(6) Pause Young (Normal) (G1 Evacuation Pause) 192M->144M(1024M) 9.361ms
[2021-11-11T14:32:58.585-0800][gc,cpu      ] GC(6) User=0.02s Sys=0.01s Real=0.01s
[2021-11-11T14:33:17.467-0800][gc,start    ] GC(7) Pause Young (Normal) (G1 Evacuation Pause)
[2021-11-11T14:33:17.467-0800][gc,task     ] GC(7) Using 8 workers of 8 for evacuation
[2021-11-11T14:33:17.483-0800][gc,phases   ] GC(7)   Pre Evacuate Collection Set: 0.2ms
[2021-11-11T14:33:17.483-0800][gc,phases   ] GC(7)   Merge Heap Roots: 0.1ms
[2021-11-11T14:33:17.483-0800][gc,phases   ] GC(7)   Evacuate Collection Set: 14.1ms
[2021-11-11T14:33:17.483-0800][gc,phases   ] GC(7)   Post Evacuate Collection Set: 1.2ms
[2021-11-11T14:33:17.483-0800][gc,phases   ] GC(7)   Other: 0.4ms
[2021-11-11T14:33:17.483-0800][gc,heap     ] GC(7) Eden regions: 48->0(47)
[2021-11-11T14:33:17.483-0800][gc,heap     ] GC(7) Survivor regions: 3->4(7)
[2021-11-11T14:33:17.483-0800][gc,heap     ] GC(7) Old regions: 13->13
[2021-11-11T14:33:17.483-0800][gc,heap     ] GC(7) Archive regions: 2->2
[2021-11-11T14:33:17.483-0800][gc,heap     ] GC(7) Humongous regions: 129->129
[2021-11-11T14:33:17.483-0800][gc,metaspace] GC(7) Metaspace: 39534K(40128K)->39534K(40128K) NonClass: 34800K(35136K)->34800K(35136K) Class: 4733K(4992K)->4733K(4992K)
[2021-11-11T14:33:17.483-0800][gc          ] GC(7) Pause Young (Normal) (G1 Evacuation Pause) 192M->145M(1024M) 16.404ms
[2021-11-11T14:33:17.483-0800][gc,cpu      ] GC(7) User=0.04s Sys=0.01s Real=0.02s
[2021-11-11T14:33:38.394-0800][gc,start    ] GC(8) Pause Young (Normal) (G1 Evacuation Pause)
[2021-11-11T14:33:38.394-0800][gc,task     ] GC(8) Using 8 workers of 8 for evacuation
[2021-11-11T14:33:38.409-0800][gc,phases   ] GC(8)   Pre Evacuate Collection Set: 0.2ms
[2021-11-11T14:33:38.409-0800][gc,phases   ] GC(8)   Merge Heap Roots: 0.1ms
[2021-11-11T14:33:38.409-0800][gc,phases   ] GC(8)   Evacuate Collection Set: 13.1ms
[2021-11-11T14:33:38.409-0800][gc,phases   ] GC(8)   Post Evacuate Collection Set: 0.9ms
[2021-11-11T14:33:38.409-0800][gc,phases   ] GC(8)   Other: 0.2ms
[2021-11-11T14:33:38.409-0800][gc,heap     ] GC(8) Eden regions: 47->0(46)
[2021-11-11T14:33:38.409-0800][gc,heap     ] GC(8) Survivor regions: 4->5(7)
[2021-11-11T14:33:38.409-0800][gc,heap     ] GC(8) Old regions: 13->13
[2021-11-11T14:33:38.409-0800][gc,heap     ] GC(8) Archive regions: 2->2
[2021-11-11T14:33:38.409-0800][gc,heap     ] GC(8) Humongous regions: 129->129
[2021-11-11T14:33:38.409-0800][gc,metaspace] GC(8) Metaspace: 39537K(40128K)->39537K(40128K) NonClass: 34803K(35136K)->34803K(35136K) Class: 4734K(4992K)->4734K(4992K)
[2021-11-11T14:33:38.409-0800][gc          ] GC(8) Pause Young (Normal) (G1 Evacuation Pause) 192M->146M(1024M) 14.784ms
[2021-11-11T14:33:38.409-0800][gc,cpu      ] GC(8) User=0.03s Sys=0.01s Real=0.01s
[2021-11-11T14:33:58.491-0800][gc,start    ] GC(9) Pause Young (Normal) (G1 Evacuation Pause)
[2021-11-11T14:33:58.491-0800][gc,task     ] GC(9) Using 8 workers of 8 for evacuation
[2021-11-11T14:33:58.513-0800][gc,mmu      ] GC(9) MMU target violated: 21.0ms (20.0ms/21.0ms)
[2021-11-11T14:33:58.513-0800][gc,phases   ] GC(9)   Pre Evacuate Collection Set: 0.4ms
[2021-11-11T14:33:58.513-0800][gc,phases   ] GC(9)   Merge Heap Roots: 0.2ms
[2021-11-11T14:33:58.513-0800][gc,phases   ] GC(9)   Evacuate Collection Set: 19.5ms
[2021-11-11T14:33:58.513-0800][gc,phases   ] GC(9)   Post Evacuate Collection Set: 1.4ms
[2021-11-11T14:33:58.513-0800][gc,phases   ] GC(9)   Other: 0.8ms
[2021-11-11T14:33:58.513-0800][gc,heap     ] GC(9) Eden regions: 46->0(70)
[2021-11-11T14:33:58.513-0800][gc,heap     ] GC(9) Survivor regions: 5->4(7)
[2021-11-11T14:33:58.513-0800][gc,heap     ] GC(9) Old regions: 13->13
[2021-11-11T14:33:58.513-0800][gc,heap     ] GC(9) Archive regions: 2->2
[2021-11-11T14:33:58.513-0800][gc,heap     ] GC(9) Humongous regions: 129->129
[2021-11-11T14:33:58.513-0800][gc,metaspace] GC(9) Metaspace: 40218K(40896K)->40218K(40896K) NonClass: 35375K(35776K)->35375K(35776K) Class: 4843K(5120K)->4843K(5120K)
[2021-11-11T14:33:58.513-0800][gc          ] GC(9) Pause Young (Normal) (G1 Evacuation Pause) 192M->146M(1024M) 22.273ms
[2021-11-11T14:33:58.513-0800][gc,cpu      ] GC(9) User=0.05s Sys=0.01s Real=0.02s
[2021-11-11T14:34:31.301-0800][gc,start    ] GC(10) Pause Young (Normal) (G1 Evacuation Pause)
[2021-11-11T14:34:31.302-0800][gc,task     ] GC(10) Using 8 workers of 8 for evacuation
[2021-11-11T14:34:31.314-0800][gc,phases   ] GC(10)   Pre Evacuate Collection Set: 0.3ms
[2021-11-11T14:34:31.314-0800][gc,phases   ] GC(10)   Merge Heap Roots: 0.1ms
[2021-11-11T14:34:31.314-0800][gc,phases   ] GC(10)   Evacuate Collection Set: 11.6ms
[2021-11-11T14:34:31.314-0800][gc,phases   ] GC(10)   Post Evacuate Collection Set: 0.4ms
[2021-11-11T14:34:31.314-0800][gc,phases   ] GC(10)   Other: 0.3ms
[2021-11-11T14:34:31.314-0800][gc,heap     ] GC(10) Eden regions: 70->0(169)
[2021-11-11T14:34:31.314-0800][gc,heap     ] GC(10) Survivor regions: 4->5(10)
[2021-11-11T14:34:31.314-0800][gc,heap     ] GC(10) Old regions: 13->13
[2021-11-11T14:34:31.314-0800][gc,heap     ] GC(10) Archive regions: 2->2
[2021-11-11T14:34:31.314-0800][gc,heap     ] GC(10) Humongous regions: 129->129
[2021-11-11T14:34:31.314-0800][gc,metaspace] GC(10) Metaspace: 40239K(40896K)->40239K(40896K) NonClass: 35393K(35776K)->35393K(35776K) Class: 4846K(5120K)->4846K(5120K)
[2021-11-11T14:34:31.314-0800][gc          ] GC(10) Pause Young (Normal) (G1 Evacuation Pause) 216M->147M(1024M) 12.921ms
[2021-11-11T14:34:31.314-0800][gc,cpu      ] GC(10) User=0.02s Sys=0.01s Real=0.01s
[2021-11-11T14:35:48.101-0800][gc,start    ] GC(11) Pause Young (Normal) (G1 Evacuation Pause)
[2021-11-11T14:35:48.101-0800][gc,task     ] GC(11) Using 8 workers of 8 for evacuation
[2021-11-11T14:35:48.117-0800][gc,phases   ] GC(11)   Pre Evacuate Collection Set: 0.2ms
[2021-11-11T14:35:48.117-0800][gc,phases   ] GC(11)   Merge Heap Roots: 0.1ms
[2021-11-11T14:35:48.117-0800][gc,phases   ] GC(11)   Evacuate Collection Set: 14.4ms
[2021-11-11T14:35:48.117-0800][gc,phases   ] GC(11)   Post Evacuate Collection Set: 1.0ms
[2021-11-11T14:35:48.117-0800][gc,phases   ] GC(11)   Other: 0.4ms
[2021-11-11T14:35:48.117-0800][gc,heap     ] GC(11) Eden regions: 169->0(409)
[2021-11-11T14:35:48.117-0800][gc,heap     ] GC(11) Survivor regions: 5->4(22)
[2021-11-11T14:35:48.117-0800][gc,heap     ] GC(11) Old regions: 13->13
[2021-11-11T14:35:48.117-0800][gc,heap     ] GC(11) Archive regions: 2->2
[2021-11-11T14:35:48.117-0800][gc,heap     ] GC(11) Humongous regions: 129->129
[2021-11-11T14:35:48.117-0800][gc,metaspace] GC(11) Metaspace: 40276K(40960K)->40276K(40960K) NonClass: 35430K(35840K)->35430K(35840K) Class: 4846K(5120K)->4846K(5120K)
[2021-11-11T14:35:48.117-0800][gc          ] GC(11) Pause Young (Normal) (G1 Evacuation Pause) 316M->146M(1024M) 16.658ms
[2021-11-11T14:35:48.117-0800][gc,cpu      ] GC(11) User=0.04s Sys=0.01s Real=0.01s
[2021-11-11T14:38:57.170-0800][gc,start    ] GC(12) Pause Young (Normal) (G1 Evacuation Pause)
[2021-11-11T14:38:57.171-0800][gc,task     ] GC(12) Using 8 workers of 8 for evacuation
[2021-11-11T14:38:57.187-0800][gc,phases   ] GC(12)   Pre Evacuate Collection Set: 0.3ms
[2021-11-11T14:38:57.187-0800][gc,phases   ] GC(12)   Merge Heap Roots: 0.2ms
[2021-11-11T14:38:57.187-0800][gc,phases   ] GC(12)   Evacuate Collection Set: 14.2ms
[2021-11-11T14:38:57.187-0800][gc,phases   ] GC(12)   Post Evacuate Collection Set: 0.9ms
[2021-11-11T14:38:57.187-0800][gc,phases   ] GC(12)   Other: 1.5ms
[2021-11-11T14:38:57.187-0800][gc,heap     ] GC(12) Eden regions: 409->0(609)
[2021-11-11T14:38:57.187-0800][gc,heap     ] GC(12) Survivor regions: 4->5(52)
[2021-11-11T14:38:57.187-0800][gc,heap     ] GC(12) Old regions: 13->13
[2021-11-11T14:38:57.187-0800][gc,heap     ] GC(12) Archive regions: 2->2
[2021-11-11T14:38:57.187-0800][gc,heap     ] GC(12) Humongous regions: 129->129
[2021-11-11T14:38:57.187-0800][gc,metaspace] GC(12) Metaspace: 40346K(40960K)->40346K(40960K) NonClass: 35496K(35840K)->35496K(35840K) Class: 4850K(5120K)->4850K(5120K)
[2021-11-11T14:38:57.187-0800][gc          ] GC(12) Pause Young (Normal) (G1 Evacuation Pause) 555M->147M(1024M) 17.410ms
[2021-11-11T14:38:57.187-0800][gc,cpu      ] GC(12) User=0.04s Sys=0.01s Real=0.01s
[2021-11-11T14:43:39.266-0800][gc,start    ] GC(13) Pause Young (Normal) (G1 Evacuation Pause)
[2021-11-11T14:43:39.282-0800][gc,task     ] GC(13) Using 8 workers of 8 for evacuation
[2021-11-11T14:43:39.302-0800][gc,phases   ] GC(13)   Pre Evacuate Collection Set: 0.3ms
[2021-11-11T14:43:39.302-0800][gc,phases   ] GC(13)   Merge Heap Roots: 0.2ms
[2021-11-11T14:43:39.302-0800][gc,phases   ] GC(13)   Evacuate Collection Set: 18.1ms
[2021-11-11T14:43:39.302-0800][gc,phases   ] GC(13)   Post Evacuate Collection Set: 1.1ms
[2021-11-11T14:43:39.302-0800][gc,phases   ] GC(13)   Other: 15.8ms
[2021-11-11T14:43:39.302-0800][gc,heap     ] GC(13) Eden regions: 609->0(610)
[2021-11-11T14:43:39.302-0800][gc,heap     ] GC(13) Survivor regions: 5->4(77)
[2021-11-11T14:43:39.302-0800][gc,heap     ] GC(13) Old regions: 13->13
[2021-11-11T14:43:39.302-0800][gc,heap     ] GC(13) Archive regions: 2->2
[2021-11-11T14:43:39.302-0800][gc,heap     ] GC(13) Humongous regions: 129->129
[2021-11-11T14:43:39.302-0800][gc,metaspace] GC(13) Metaspace: 40438K(41024K)->40438K(41024K) NonClass: 35588K(35904K)->35588K(35904K) Class: 4850K(5120K)->4850K(5120K)
[2021-11-11T14:43:39.302-0800][gc          ] GC(13) Pause Young (Normal) (G1 Evacuation Pause) 756M->146M(1024M) 35.602ms
[2021-11-11T14:43:39.302-0800][gc,cpu      ] GC(13) User=0.05s Sys=0.02s Real=0.04s
[2021-11-11T14:48:21.317-0800][gc,start    ] GC(14) Pause Young (Normal) (G1 Evacuation Pause)
[2021-11-11T14:48:21.318-0800][gc,task     ] GC(14) Using 8 workers of 8 for evacuation
[2021-11-11T14:48:21.335-0800][gc,phases   ] GC(14)   Pre Evacuate Collection Set: 0.3ms
[2021-11-11T14:48:21.335-0800][gc,phases   ] GC(14)   Merge Heap Roots: 0.2ms
[2021-11-11T14:48:21.335-0800][gc,phases   ] GC(14)   Evacuate Collection Set: 15.0ms
[2021-11-11T14:48:21.335-0800][gc,phases   ] GC(14)   Post Evacuate Collection Set: 1.1ms
[2021-11-11T14:48:21.335-0800][gc,phases   ] GC(14)   Other: 1.5ms
[2021-11-11T14:48:21.335-0800][gc,heap     ] GC(14) Eden regions: 610->0(609)
[2021-11-11T14:48:21.335-0800][gc,heap     ] GC(14) Survivor regions: 4->5(77)
[2021-11-11T14:48:21.335-0800][gc,heap     ] GC(14) Old regions: 13->13
[2021-11-11T14:48:21.335-0800][gc,heap     ] GC(14) Archive regions: 2->2
[2021-11-11T14:48:21.335-0800][gc,heap     ] GC(14) Humongous regions: 129->129
[2021-11-11T14:48:21.335-0800][gc,metaspace] GC(14) Metaspace: 40482K(41152K)->40482K(41152K) NonClass: 35631K(36032K)->35631K(36032K) Class: 4850K(5120K)->4850K(5120K)
[2021-11-11T14:48:21.336-0800][gc          ] GC(14) Pause Young (Normal) (G1 Evacuation Pause) 756M->147M(1024M) 18.354ms
[2021-11-11T14:48:21.336-0800][gc,cpu      ] GC(14) User=0.04s Sys=0.01s Real=0.02s
[2021-11-11T14:53:17.430-0800][gc,start    ] GC(15) Pause Young (Normal) (G1 Evacuation Pause)
[2021-11-11T14:53:17.448-0800][gc,task     ] GC(15) Using 8 workers of 8 for evacuation
[2021-11-11T14:53:17.470-0800][gc,mmu      ] GC(15) MMU target violated: 21.0ms (20.0ms/21.0ms)
[2021-11-11T14:53:17.470-0800][gc,phases   ] GC(15)   Pre Evacuate Collection Set: 0.3ms
[2021-11-11T14:53:17.470-0800][gc,phases   ] GC(15)   Merge Heap Roots: 0.2ms
[2021-11-11T14:53:17.470-0800][gc,phases   ] GC(15)   Evacuate Collection Set: 19.6ms
[2021-11-11T14:53:17.470-0800][gc,phases   ] GC(15)   Post Evacuate Collection Set: 1.5ms
[2021-11-11T14:53:17.470-0800][gc,phases   ] GC(15)   Other: 18.6ms
[2021-11-11T14:53:17.470-0800][gc,heap     ] GC(15) Eden regions: 609->0(609)
[2021-11-11T14:53:17.470-0800][gc,heap     ] GC(15) Survivor regions: 5->5(77)
[2021-11-11T14:53:17.470-0800][gc,heap     ] GC(15) Old regions: 13->13
[2021-11-11T14:53:17.470-0800][gc,heap     ] GC(15) Archive regions: 2->2
[2021-11-11T14:53:17.470-0800][gc,heap     ] GC(15) Humongous regions: 129->129
[2021-11-11T14:53:17.470-0800][gc,metaspace] GC(15) Metaspace: 40512K(41152K)->40512K(41152K) NonClass: 35662K(36032K)->35662K(36032K) Class: 4850K(5120K)->4850K(5120K)
[2021-11-11T14:53:17.470-0800][gc          ] GC(15) Pause Young (Normal) (G1 Evacuation Pause) 756M->147M(1024M) 40.433ms
[2021-11-11T14:53:17.470-0800][gc,cpu      ] GC(15) User=0.05s Sys=0.02s Real=0.04s
[2021-11-11T14:59:02.825-0800][gc,start    ] GC(16) Pause Young (Normal) (G1 Evacuation Pause)
[2021-11-11T14:59:02.826-0800][gc,task     ] GC(16) Using 8 workers of 8 for evacuation
[2021-11-11T14:59:02.844-0800][gc,phases   ] GC(16)   Pre Evacuate Collection Set: 0.2ms
[2021-11-11T14:59:02.844-0800][gc,phases   ] GC(16)   Merge Heap Roots: 0.1ms
[2021-11-11T14:59:02.844-0800][gc,phases   ] GC(16)   Evacuate Collection Set: 16.1ms
[2021-11-11T14:59:02.844-0800][gc,phases   ] GC(16)   Post Evacuate Collection Set: 1.7ms
[2021-11-11T14:59:02.844-0800][gc,phases   ] GC(16)   Other: 1.1ms
[2021-11-11T14:59:02.844-0800][gc,heap     ] GC(16) Eden regions: 609->0(609)
[2021-11-11T14:59:02.844-0800][gc,heap     ] GC(16) Survivor regions: 5->5(77)
[2021-11-11T14:59:02.844-0800][gc,heap     ] GC(16) Old regions: 13->13
[2021-11-11T14:59:02.844-0800][gc,heap     ] GC(16) Archive regions: 2->2
[2021-11-11T14:59:02.844-0800][gc,heap     ] GC(16) Humongous regions: 129->129
[2021-11-11T14:59:02.844-0800][gc,metaspace] GC(16) Metaspace: 40624K(41216K)->40624K(41216K) NonClass: 35774K(36096K)->35774K(36096K) Class: 4850K(5120K)->4850K(5120K)
[2021-11-11T14:59:02.844-0800][gc          ] GC(16) Pause Young (Normal) (G1 Evacuation Pause) 756M->147M(1024M) 19.532ms
[2021-11-11T14:59:02.844-0800][gc,cpu      ] GC(16) User=0.04s Sys=0.02s Real=0.02s
[2021-11-11T15:03:37.885-0800][gc,start    ] GC(17) Pause Young (Normal) (G1 Evacuation Pause)
[2021-11-11T15:03:37.886-0800][gc,task     ] GC(17) Using 8 workers of 8 for evacuation
[2021-11-11T15:03:37.910-0800][gc,mmu      ] GC(17) MMU target violated: 21.0ms (20.0ms/21.0ms)
[2021-11-11T15:03:37.910-0800][gc,phases   ] GC(17)   Pre Evacuate Collection Set: 0.4ms
[2021-11-11T15:03:37.910-0800][gc,phases   ] GC(17)   Merge Heap Roots: 0.4ms
[2021-11-11T15:03:37.910-0800][gc,phases   ] GC(17)   Evacuate Collection Set: 21.1ms
[2021-11-11T15:03:37.910-0800][gc,phases   ] GC(17)   Post Evacuate Collection Set: 1.3ms
[2021-11-11T15:03:37.910-0800][gc,phases   ] GC(17)   Other: 1.8ms
[2021-11-11T15:03:37.910-0800][gc,heap     ] GC(17) Eden regions: 609->0(608)
[2021-11-11T15:03:37.910-0800][gc,heap     ] GC(17) Survivor regions: 5->6(77)
[2021-11-11T15:03:37.910-0800][gc,heap     ] GC(17) Old regions: 13->13
[2021-11-11T15:03:37.910-0800][gc,heap     ] GC(17) Archive regions: 2->2
[2021-11-11T15:03:37.910-0800][gc,heap     ] GC(17) Humongous regions: 129->129
[2021-11-11T15:03:37.910-0800][gc,metaspace] GC(17) Metaspace: 40664K(41344K)->40664K(41344K) NonClass: 35813K(36224K)->35813K(36224K) Class: 4850K(5120K)->4850K(5120K)
[2021-11-11T15:03:37.910-0800][gc          ] GC(17) Pause Young (Normal) (G1 Evacuation Pause) 756M->147M(1024M) 25.264ms
[2021-11-11T15:03:37.910-0800][gc,cpu      ] GC(17) User=0.06s Sys=0.02s Real=0.03s
[2021-11-11T15:08:04.740-0800][gc,start    ] GC(18) Pause Young (Normal) (G1 Evacuation Pause)
[2021-11-11T15:08:04.742-0800][gc,task     ] GC(18) Using 8 workers of 8 for evacuation
[2021-11-11T15:08:04.764-0800][gc,mmu      ] GC(18) MMU target violated: 21.0ms (20.0ms/21.0ms)
[2021-11-11T15:08:04.764-0800][gc,phases   ] GC(18)   Pre Evacuate Collection Set: 0.4ms
[2021-11-11T15:08:04.764-0800][gc,phases   ] GC(18)   Merge Heap Roots: 0.3ms
[2021-11-11T15:08:04.764-0800][gc,phases   ] GC(18)   Evacuate Collection Set: 20.3ms
[2021-11-11T15:08:04.764-0800][gc,phases   ] GC(18)   Post Evacuate Collection Set: 1.1ms
[2021-11-11T15:08:04.764-0800][gc,phases   ] GC(18)   Other: 1.8ms
[2021-11-11T15:08:04.764-0800][gc,heap     ] GC(18) Eden regions: 608->0(608)
[2021-11-11T15:08:04.764-0800][gc,heap     ] GC(18) Survivor regions: 6->6(77)
[2021-11-11T15:08:04.764-0800][gc,heap     ] GC(18) Old regions: 13->13
[2021-11-11T15:08:04.764-0800][gc,heap     ] GC(18) Archive regions: 2->2
[2021-11-11T15:08:04.764-0800][gc,heap     ] GC(18) Humongous regions: 129->129
[2021-11-11T15:08:04.764-0800][gc,metaspace] GC(18) Metaspace: 40724K(41344K)->40724K(41344K) NonClass: 35870K(36224K)->35870K(36224K) Class: 4854K(5120K)->4854K(5120K)
[2021-11-11T15:08:04.764-0800][gc          ] GC(18) Pause Young (Normal) (G1 Evacuation Pause) 755M->148M(1024M) 24.014ms
[2021-11-11T15:08:04.764-0800][gc,cpu      ] GC(18) User=0.07s Sys=0.01s Real=0.02s
[2021-11-11T15:12:31.799-0800][gc,start    ] GC(19) Pause Young (Normal) (G1 Evacuation Pause)
[2021-11-11T15:12:31.801-0800][gc,task     ] GC(19) Using 8 workers of 8 for evacuation
[2021-11-11T15:12:31.822-0800][gc,mmu      ] GC(19) MMU target violated: 21.0ms (20.0ms/21.0ms)
[2021-11-11T15:12:31.822-0800][gc,phases   ] GC(19)   Pre Evacuate Collection Set: 0.3ms
[2021-11-11T15:12:31.822-0800][gc,phases   ] GC(19)   Merge Heap Roots: 0.3ms
[2021-11-11T15:12:31.822-0800][gc,phases   ] GC(19)   Evacuate Collection Set: 20.0ms
[2021-11-11T15:12:31.822-0800][gc,phases   ] GC(19)   Post Evacuate Collection Set: 0.6ms
[2021-11-11T15:12:31.822-0800][gc,phases   ] GC(19)   Other: 1.8ms
[2021-11-11T15:12:31.822-0800][gc,heap     ] GC(19) Eden regions: 608->0(607)
[2021-11-11T15:12:31.822-0800][gc,heap     ] GC(19) Survivor regions: 6->7(77)
[2021-11-11T15:12:31.822-0800][gc,heap     ] GC(19) Old regions: 13->13
[2021-11-11T15:12:31.822-0800][gc,heap     ] GC(19) Archive regions: 2->2
[2021-11-11T15:12:31.822-0800][gc,heap     ] GC(19) Humongous regions: 129->129
[2021-11-11T15:12:31.822-0800][gc,metaspace] GC(19) Metaspace: 40747K(41408K)->40747K(41408K) NonClass: 35892K(36288K)->35892K(36288K) Class: 4854K(5120K)->4854K(5120K)
[2021-11-11T15:12:31.822-0800][gc          ] GC(19) Pause Young (Normal) (G1 Evacuation Pause) 756M->149M(1024M) 22.936ms
[2021-11-11T15:12:31.822-0800][gc,cpu      ] GC(19) User=0.06s Sys=0.00s Real=0.03s
[2021-11-11T15:16:58.272-0800][gc,start    ] GC(20) Pause Young (Normal) (G1 Evacuation Pause)
[2021-11-11T15:16:58.273-0800][gc,task     ] GC(20) Using 8 workers of 8 for evacuation
[2021-11-11T15:16:58.293-0800][gc,phases   ] GC(20)   Pre Evacuate Collection Set: 0.3ms
[2021-11-11T15:16:58.293-0800][gc,phases   ] GC(20)   Merge Heap Roots: 0.2ms
[2021-11-11T15:16:58.293-0800][gc,phases   ] GC(20)   Evacuate Collection Set: 18.2ms
[2021-11-11T15:16:58.293-0800][gc,phases   ] GC(20)   Post Evacuate Collection Set: 1.0ms
[2021-11-11T15:16:58.293-0800][gc,phases   ] GC(20)   Other: 1.6ms
[2021-11-11T15:16:58.293-0800][gc,heap     ] GC(20) Eden regions: 607->0(608)
[2021-11-11T15:16:58.293-0800][gc,heap     ] GC(20) Survivor regions: 7->6(77)
[2021-11-11T15:16:58.294-0800][gc,heap     ] GC(20) Old regions: 13->13
[2021-11-11T15:16:58.294-0800][gc,heap     ] GC(20) Archive regions: 2->2
[2021-11-11T15:16:58.294-0800][gc,heap     ] GC(20) Humongous regions: 129->129
[2021-11-11T15:16:58.294-0800][gc,metaspace] GC(20) Metaspace: 40759K(41408K)->40759K(41408K) NonClass: 35904K(36288K)->35904K(36288K) Class: 4854K(5120K)->4854K(5120K)
[2021-11-11T15:16:58.294-0800][gc          ] GC(20) Pause Young (Normal) (G1 Evacuation Pause) 756M->148M(1024M) 21.419ms
[2021-11-11T15:16:58.294-0800][gc,cpu      ] GC(20) User=0.05s Sys=0.01s Real=0.02s
[2021-11-11T15:21:24.670-0800][gc,start    ] GC(21) Pause Young (Normal) (G1 Evacuation Pause)
[2021-11-11T15:21:24.671-0800][gc,task     ] GC(21) Using 8 workers of 8 for evacuation
[2021-11-11T15:21:24.693-0800][gc,mmu      ] GC(21) MMU target violated: 21.0ms (20.0ms/21.0ms)
[2021-11-11T15:21:24.693-0800][gc,phases   ] GC(21)   Pre Evacuate Collection Set: 0.4ms
[2021-11-11T15:21:24.693-0800][gc,phases   ] GC(21)   Merge Heap Roots: 0.3ms
[2021-11-11T15:21:24.693-0800][gc,phases   ] GC(21)   Evacuate Collection Set: 20.1ms
[2021-11-11T15:21:24.693-0800][gc,phases   ] GC(21)   Post Evacuate Collection Set: 0.8ms
[2021-11-11T15:21:24.693-0800][gc,phases   ] GC(21)   Other: 1.9ms
[2021-11-11T15:21:24.694-0800][gc,heap     ] GC(21) Eden regions: 608->0(608)
[2021-11-11T15:21:24.694-0800][gc,heap     ] GC(21) Survivor regions: 6->6(77)
[2021-11-11T15:21:24.694-0800][gc,heap     ] GC(21) Old regions: 13->15
[2021-11-11T15:21:24.694-0800][gc,heap     ] GC(21) Archive regions: 2->2
[2021-11-11T15:21:24.694-0800][gc,heap     ] GC(21) Humongous regions: 129->129
[2021-11-11T15:21:24.694-0800][gc,metaspace] GC(21) Metaspace: 40770K(41408K)->40770K(41408K) NonClass: 35915K(36288K)->35915K(36288K) Class: 4854K(5120K)->4854K(5120K)
[2021-11-11T15:21:24.694-0800][gc          ] GC(21) Pause Young (Normal) (G1 Evacuation Pause) 756M->149M(1024M) 23.429ms
[2021-11-11T15:21:24.694-0800][gc,cpu      ] GC(21) User=0.06s Sys=0.01s Real=0.02s
[2021-11-11T15:39:11.533-0800][gc,start    ] GC(22) Pause Young (Normal) (G1 Evacuation Pause)
[2021-11-11T15:39:11.534-0800][gc,task     ] GC(22) Using 8 workers of 8 for evacuation
[2021-11-11T15:39:11.549-0800][gc,phases   ] GC(22)   Pre Evacuate Collection Set: 0.4ms
[2021-11-11T15:39:11.549-0800][gc,phases   ] GC(22)   Merge Heap Roots: 0.3ms
[2021-11-11T15:39:11.549-0800][gc,phases   ] GC(22)   Evacuate Collection Set: 13.6ms
[2021-11-11T15:39:11.549-0800][gc,phases   ] GC(22)   Post Evacuate Collection Set: 0.9ms
[2021-11-11T15:39:11.549-0800][gc,phases   ] GC(22)   Other: 1.6ms
[2021-11-11T15:39:11.549-0800][gc,heap     ] GC(22) Eden regions: 608->0(609)
[2021-11-11T15:39:11.549-0800][gc,heap     ] GC(22) Survivor regions: 6->5(77)
[2021-11-11T15:39:11.549-0800][gc,heap     ] GC(22) Old regions: 15->15
[2021-11-11T15:39:11.549-0800][gc,heap     ] GC(22) Archive regions: 2->2
[2021-11-11T15:39:11.549-0800][gc,heap     ] GC(22) Humongous regions: 129->129
[2021-11-11T15:39:11.549-0800][gc,metaspace] GC(22) Metaspace: 40803K(41408K)->40803K(41408K) NonClass: 35949K(36288K)->35949K(36288K) Class: 4854K(5120K)->4854K(5120K)
[2021-11-11T15:39:11.549-0800][gc          ] GC(22) Pause Young (Normal) (G1 Evacuation Pause) 757M->148M(1024M) 16.816ms
[2021-11-11T15:39:11.549-0800][gc,cpu      ] GC(22) User=0.04s Sys=0.01s Real=0.01s
[2021-11-11T15:50:40.268-0800][gc,start    ] GC(23) Pause Young (Normal) (G1 Evacuation Pause)
[2021-11-11T15:50:40.269-0800][gc,task     ] GC(23) Using 8 workers of 8 for evacuation
[2021-11-11T15:50:40.285-0800][gc,phases   ] GC(23)   Pre Evacuate Collection Set: 0.4ms
[2021-11-11T15:50:40.285-0800][gc,phases   ] GC(23)   Merge Heap Roots: 0.3ms
[2021-11-11T15:50:40.285-0800][gc,phases   ] GC(23)   Evacuate Collection Set: 14.0ms
[2021-11-11T15:50:40.285-0800][gc,phases   ] GC(23)   Post Evacuate Collection Set: 0.8ms
[2021-11-11T15:50:40.285-0800][gc,phases   ] GC(23)   Other: 1.8ms
[2021-11-11T15:50:40.285-0800][gc,heap     ] GC(23) Eden regions: 609->0(610)
[2021-11-11T15:50:40.285-0800][gc,heap     ] GC(23) Survivor regions: 5->4(77)
[2021-11-11T15:50:40.285-0800][gc,heap     ] GC(23) Old regions: 15->15
[2021-11-11T15:50:40.285-0800][gc,heap     ] GC(23) Archive regions: 2->2
[2021-11-11T15:50:40.285-0800][gc,heap     ] GC(23) Humongous regions: 129->129
[2021-11-11T15:50:40.285-0800][gc,metaspace] GC(23) Metaspace: 40823K(41472K)->40823K(41472K) NonClass: 35968K(36352K)->35968K(36352K) Class: 4855K(5120K)->4855K(5120K)
[2021-11-11T15:50:40.285-0800][gc          ] GC(23) Pause Young (Normal) (G1 Evacuation Pause) 757M->148M(1024M) 17.404ms
[2021-11-11T15:50:40.285-0800][gc,cpu      ] GC(23) User=0.05s Sys=0.01s Real=0.02s
[2021-11-11T15:55:07.282-0800][gc,start    ] GC(24) Pause Young (Normal) (G1 Evacuation Pause)
[2021-11-11T15:55:07.282-0800][gc,task     ] GC(24) Using 8 workers of 8 for evacuation
[2021-11-11T15:55:07.297-0800][gc,phases   ] GC(24)   Pre Evacuate Collection Set: 0.3ms
[2021-11-11T15:55:07.297-0800][gc,phases   ] GC(24)   Merge Heap Roots: 0.2ms
[2021-11-11T15:55:07.297-0800][gc,phases   ] GC(24)   Evacuate Collection Set: 13.0ms
[2021-11-11T15:55:07.297-0800][gc,phases   ] GC(24)   Post Evacuate Collection Set: 0.8ms
[2021-11-11T15:55:07.297-0800][gc,phases   ] GC(24)   Other: 0.8ms
[2021-11-11T15:55:07.297-0800][gc,heap     ] GC(24) Eden regions: 610->0(609)
[2021-11-11T15:55:07.297-0800][gc,heap     ] GC(24) Survivor regions: 4->5(77)
[2021-11-11T15:55:07.297-0800][gc,heap     ] GC(24) Old regions: 15->15
[2021-11-11T15:55:07.297-0800][gc,heap     ] GC(24) Archive regions: 2->2
[2021-11-11T15:55:07.297-0800][gc,heap     ] GC(24) Humongous regions: 129->129
[2021-11-11T15:55:07.297-0800][gc,metaspace] GC(24) Metaspace: 40823K(41472K)->40823K(41472K) NonClass: 35968K(36352K)->35968K(36352K) Class: 4855K(5120K)->4855K(5120K)
[2021-11-11T15:55:07.297-0800][gc          ] GC(24) Pause Young (Normal) (G1 Evacuation Pause) 758M->148M(1024M) 15.363ms
[2021-11-11T15:55:07.297-0800][gc,cpu      ] GC(24) User=0.04s Sys=0.00s Real=0.01s
[2021-11-11T15:59:33.338-0800][gc,start    ] GC(25) Pause Young (Normal) (G1 Evacuation Pause)
[2021-11-11T15:59:33.339-0800][gc,task     ] GC(25) Using 8 workers of 8 for evacuation
[2021-11-11T15:59:33.354-0800][gc,phases   ] GC(25)   Pre Evacuate Collection Set: 0.4ms
[2021-11-11T15:59:33.354-0800][gc,phases   ] GC(25)   Merge Heap Roots: 0.2ms
[2021-11-11T15:59:33.354-0800][gc,phases   ] GC(25)   Evacuate Collection Set: 13.7ms
[2021-11-11T15:59:33.354-0800][gc,phases   ] GC(25)   Post Evacuate Collection Set: 0.6ms
[2021-11-11T15:59:33.354-0800][gc,phases   ] GC(25)   Other: 1.8ms
[2021-11-11T15:59:33.354-0800][gc,heap     ] GC(25) Eden regions: 609->0(609)
[2021-11-11T15:59:33.355-0800][gc,heap     ] GC(25) Survivor regions: 5->5(77)
[2021-11-11T15:59:33.355-0800][gc,heap     ] GC(25) Old regions: 15->15
[2021-11-11T15:59:33.355-0800][gc,heap     ] GC(25) Archive regions: 2->2
[2021-11-11T15:59:33.355-0800][gc,heap     ] GC(25) Humongous regions: 129->129
[2021-11-11T15:59:33.355-0800][gc,metaspace] GC(25) Metaspace: 40825K(41472K)->40825K(41472K) NonClass: 35969K(36352K)->35969K(36352K) Class: 4855K(5120K)->4855K(5120K)
[2021-11-11T15:59:33.355-0800][gc          ] GC(25) Pause Young (Normal) (G1 Evacuation Pause) 757M->149M(1024M) 16.713ms
[2021-11-11T15:59:33.355-0800][gc,cpu      ] GC(25) User=0.05s Sys=0.01s Real=0.02s
[2021-11-11T16:03:58.917-0800][gc,start    ] GC(26) Pause Young (Normal) (G1 Evacuation Pause)
[2021-11-11T16:03:58.918-0800][gc,task     ] GC(26) Using 8 workers of 8 for evacuation
[2021-11-11T16:03:58.931-0800][gc,phases   ] GC(26)   Pre Evacuate Collection Set: 0.4ms
[2021-11-11T16:03:58.932-0800][gc,phases   ] GC(26)   Merge Heap Roots: 0.2ms
[2021-11-11T16:03:58.932-0800][gc,phases   ] GC(26)   Evacuate Collection Set: 11.7ms
[2021-11-11T16:03:58.932-0800][gc,phases   ] GC(26)   Post Evacuate Collection Set: 0.8ms
[2021-11-11T16:03:58.932-0800][gc,phases   ] GC(26)   Other: 1.7ms
[2021-11-11T16:03:58.932-0800][gc,heap     ] GC(26) Eden regions: 609->0(610)
[2021-11-11T16:03:58.932-0800][gc,heap     ] GC(26) Survivor regions: 5->4(77)
[2021-11-11T16:03:58.932-0800][gc,heap     ] GC(26) Old regions: 15->15
[2021-11-11T16:03:58.932-0800][gc,heap     ] GC(26) Archive regions: 2->2
[2021-11-11T16:03:58.932-0800][gc,heap     ] GC(26) Humongous regions: 129->129
[2021-11-11T16:03:58.932-0800][gc,metaspace] GC(26) Metaspace: 40825K(41472K)->40825K(41472K) NonClass: 35970K(36352K)->35970K(36352K) Class: 4855K(5120K)->4855K(5120K)
[2021-11-11T16:03:58.932-0800][gc          ] GC(26) Pause Young (Normal) (G1 Evacuation Pause) 758M->148M(1024M) 15.010ms
[2021-11-11T16:03:58.932-0800][gc,cpu      ] GC(26) User=0.05s Sys=0.01s Real=0.02s
[2021-11-11T16:08:24.301-0800][gc,start    ] GC(27) Pause Young (Normal) (G1 Evacuation Pause)
[2021-11-11T16:08:24.302-0800][gc,task     ] GC(27) Using 8 workers of 8 for evacuation
[2021-11-11T16:08:24.316-0800][gc,phases   ] GC(27)   Pre Evacuate Collection Set: 0.4ms
[2021-11-11T16:08:24.316-0800][gc,phases   ] GC(27)   Merge Heap Roots: 0.3ms
[2021-11-11T16:08:24.316-0800][gc,phases   ] GC(27)   Evacuate Collection Set: 12.4ms
[2021-11-11T16:08:24.316-0800][gc,phases   ] GC(27)   Post Evacuate Collection Set: 0.6ms
[2021-11-11T16:08:24.316-0800][gc,phases   ] GC(27)   Other: 1.1ms
[2021-11-11T16:08:24.316-0800][gc,heap     ] GC(27) Eden regions: 610->0(609)
[2021-11-11T16:08:24.316-0800][gc,heap     ] GC(27) Survivor regions: 4->5(77)
[2021-11-11T16:08:24.316-0800][gc,heap     ] GC(27) Old regions: 15->15
[2021-11-11T16:08:24.316-0800][gc,heap     ] GC(27) Archive regions: 2->2
[2021-11-11T16:08:24.316-0800][gc,heap     ] GC(27) Humongous regions: 129->129
[2021-11-11T16:08:24.316-0800][gc,metaspace] GC(27) Metaspace: 40850K(41472K)->40850K(41472K) NonClass: 35995K(36352K)->35995K(36352K) Class: 4855K(5120K)->4855K(5120K)
[2021-11-11T16:08:24.316-0800][gc          ] GC(27) Pause Young (Normal) (G1 Evacuation Pause) 758M->148M(1024M) 14.870ms
[2021-11-11T16:08:24.316-0800][gc,cpu      ] GC(27) User=0.04s Sys=0.01s Real=0.01s
[2021-11-11T16:12:50.125-0800][gc,start    ] GC(28) Pause Young (Normal) (G1 Evacuation Pause)
[2021-11-11T16:12:50.125-0800][gc,task     ] GC(28) Using 8 workers of 8 for evacuation
[2021-11-11T16:12:50.141-0800][gc,phases   ] GC(28)   Pre Evacuate Collection Set: 0.4ms
[2021-11-11T16:12:50.141-0800][gc,phases   ] GC(28)   Merge Heap Roots: 0.2ms
[2021-11-11T16:12:50.141-0800][gc,phases   ] GC(28)   Evacuate Collection Set: 14.0ms
[2021-11-11T16:12:50.141-0800][gc,phases   ] GC(28)   Post Evacuate Collection Set: 0.6ms
[2021-11-11T16:12:50.141-0800][gc,phases   ] GC(28)   Other: 0.7ms
[2021-11-11T16:12:50.141-0800][gc,heap     ] GC(28) Eden regions: 609->0(609)
[2021-11-11T16:12:50.141-0800][gc,heap     ] GC(28) Survivor regions: 5->5(77)
[2021-11-11T16:12:50.141-0800][gc,heap     ] GC(28) Old regions: 15->15
[2021-11-11T16:12:50.141-0800][gc,heap     ] GC(28) Archive regions: 2->2
[2021-11-11T16:12:50.141-0800][gc,heap     ] GC(28) Humongous regions: 129->129
[2021-11-11T16:12:50.141-0800][gc,metaspace] GC(28) Metaspace: 40862K(41472K)->40862K(41472K) NonClass: 36006K(36352K)->36006K(36352K) Class: 4855K(5120K)->4855K(5120K)
[2021-11-11T16:12:50.141-0800][gc          ] GC(28) Pause Young (Normal) (G1 Evacuation Pause) 757M->149M(1024M) 16.036ms
[2021-11-11T16:12:50.141-0800][gc,cpu      ] GC(28) User=0.05s Sys=0.01s Real=0.02s
[2021-11-11T16:17:18.501-0800][gc,start    ] GC(29) Pause Young (Normal) (G1 Evacuation Pause)
[2021-11-11T16:17:18.501-0800][gc,task     ] GC(29) Using 8 workers of 8 for evacuation
[2021-11-11T16:17:18.514-0800][gc,phases   ] GC(29)   Pre Evacuate Collection Set: 0.4ms
[2021-11-11T16:17:18.514-0800][gc,phases   ] GC(29)   Merge Heap Roots: 0.2ms
[2021-11-11T16:17:18.514-0800][gc,phases   ] GC(29)   Evacuate Collection Set: 11.6ms
[2021-11-11T16:17:18.514-0800][gc,phases   ] GC(29)   Post Evacuate Collection Set: 0.5ms
[2021-11-11T16:17:18.514-0800][gc,phases   ] GC(29)   Other: 0.8ms
[2021-11-11T16:17:18.514-0800][gc,heap     ] GC(29) Eden regions: 609->0(610)
[2021-11-11T16:17:18.514-0800][gc,heap     ] GC(29) Survivor regions: 5->4(77)
[2021-11-11T16:17:18.514-0800][gc,heap     ] GC(29) Old regions: 15->15
[2021-11-11T16:17:18.514-0800][gc,heap     ] GC(29) Archive regions: 2->2
[2021-11-11T16:17:18.514-0800][gc,heap     ] GC(29) Humongous regions: 129->129
[2021-11-11T16:17:18.514-0800][gc,metaspace] GC(29) Metaspace: 40883K(41472K)->40883K(41472K) NonClass: 36028K(36352K)->36028K(36352K) Class: 4855K(5120K)->4855K(5120K)
[2021-11-11T16:17:18.514-0800][gc          ] GC(29) Pause Young (Normal) (G1 Evacuation Pause) 758M->148M(1024M) 13.613ms
[2021-11-11T16:17:18.514-0800][gc,cpu      ] GC(29) User=0.04s Sys=0.01s Real=0.01s
[2021-11-11T16:21:45.466-0800][gc,start    ] GC(30) Pause Young (Normal) (G1 Evacuation Pause)
[2021-11-11T16:21:45.466-0800][gc,task     ] GC(30) Using 8 workers of 8 for evacuation
[2021-11-11T16:21:45.478-0800][gc,phases   ] GC(30)   Pre Evacuate Collection Set: 0.3ms
[2021-11-11T16:21:45.478-0800][gc,phases   ] GC(30)   Merge Heap Roots: 0.3ms
[2021-11-11T16:21:45.478-0800][gc,phases   ] GC(30)   Evacuate Collection Set: 10.2ms
[2021-11-11T16:21:45.478-0800][gc,phases   ] GC(30)   Post Evacuate Collection Set: 0.9ms
[2021-11-11T16:21:45.478-0800][gc,phases   ] GC(30)   Other: 0.5ms
[2021-11-11T16:21:45.478-0800][gc,heap     ] GC(30) Eden regions: 610->0(609)
[2021-11-11T16:21:45.478-0800][gc,heap     ] GC(30) Survivor regions: 4->5(77)
[2021-11-11T16:21:45.478-0800][gc,heap     ] GC(30) Old regions: 15->15
[2021-11-11T16:21:45.478-0800][gc,heap     ] GC(30) Archive regions: 2->2
[2021-11-11T16:21:45.478-0800][gc,heap     ] GC(30) Humongous regions: 129->129
[2021-11-11T16:21:45.478-0800][gc,metaspace] GC(30) Metaspace: 40885K(41472K)->40885K(41472K) NonClass: 36029K(36352K)->36029K(36352K) Class: 4855K(5120K)->4855K(5120K)
[2021-11-11T16:21:45.478-0800][gc          ] GC(30) Pause Young (Normal) (G1 Evacuation Pause) 758M->149M(1024M) 12.527ms
[2021-11-11T16:21:45.478-0800][gc,cpu      ] GC(30) User=0.03s Sys=0.00s Real=0.01s
[2021-11-11T16:26:11.310-0800][gc,start    ] GC(31) Pause Young (Normal) (G1 Evacuation Pause)
[2021-11-11T16:26:11.311-0800][gc,task     ] GC(31) Using 8 workers of 8 for evacuation
[2021-11-11T16:26:11.324-0800][gc,phases   ] GC(31)   Pre Evacuate Collection Set: 0.4ms
[2021-11-11T16:26:11.324-0800][gc,phases   ] GC(31)   Merge Heap Roots: 0.3ms
[2021-11-11T16:26:11.324-0800][gc,phases   ] GC(31)   Evacuate Collection Set: 11.5ms
[2021-11-11T16:26:11.324-0800][gc,phases   ] GC(31)   Post Evacuate Collection Set: 0.7ms
[2021-11-11T16:26:11.324-0800][gc,phases   ] GC(31)   Other: 0.7ms
[2021-11-11T16:26:11.324-0800][gc,heap     ] GC(31) Eden regions: 609->0(610)
[2021-11-11T16:26:11.324-0800][gc,heap     ] GC(31) Survivor regions: 5->4(77)
[2021-11-11T16:26:11.324-0800][gc,heap     ] GC(31) Old regions: 15->15
[2021-11-11T16:26:11.324-0800][gc,heap     ] GC(31) Archive regions: 2->2
[2021-11-11T16:26:11.324-0800][gc,heap     ] GC(31) Humongous regions: 129->129
[2021-11-11T16:26:11.324-0800][gc,metaspace] GC(31) Metaspace: 40885K(41472K)->40885K(41472K) NonClass: 36029K(36352K)->36029K(36352K) Class: 4855K(5120K)->4855K(5120K)
[2021-11-11T16:26:11.324-0800][gc          ] GC(31) Pause Young (Normal) (G1 Evacuation Pause) 758M->148M(1024M) 13.741ms
[2021-11-11T16:26:11.324-0800][gc,cpu      ] GC(31) User=0.04s Sys=0.00s Real=0.01s
[2021-11-11T16:30:37.156-0800][gc,start    ] GC(32) Pause Young (Normal) (G1 Evacuation Pause)
[2021-11-11T16:30:37.156-0800][gc,task     ] GC(32) Using 8 workers of 8 for evacuation
[2021-11-11T16:30:37.168-0800][gc,phases   ] GC(32)   Pre Evacuate Collection Set: 0.4ms
[2021-11-11T16:30:37.168-0800][gc,phases   ] GC(32)   Merge Heap Roots: 0.2ms
[2021-11-11T16:30:37.168-0800][gc,phases   ] GC(32)   Evacuate Collection Set: 10.6ms
[2021-11-11T16:30:37.168-0800][gc,phases   ] GC(32)   Post Evacuate Collection Set: 0.8ms
[2021-11-11T16:30:37.168-0800][gc,phases   ] GC(32)   Other: 0.6ms
[2021-11-11T16:30:37.168-0800][gc,heap     ] GC(32) Eden regions: 610->0(609)
[2021-11-11T16:30:37.168-0800][gc,heap     ] GC(32) Survivor regions: 4->5(77)
[2021-11-11T16:30:37.168-0800][gc,heap     ] GC(32) Old regions: 15->15
[2021-11-11T16:30:37.168-0800][gc,heap     ] GC(32) Archive regions: 2->2
[2021-11-11T16:30:37.168-0800][gc,heap     ] GC(32) Humongous regions: 129->129
[2021-11-11T16:30:37.168-0800][gc,metaspace] GC(32) Metaspace: 40891K(41472K)->40891K(41472K) NonClass: 36036K(36352K)->36036K(36352K) Class: 4855K(5120K)->4855K(5120K)
[2021-11-11T16:30:37.168-0800][gc          ] GC(32) Pause Young (Normal) (G1 Evacuation Pause) 758M->148M(1024M) 12.701ms
[2021-11-11T16:30:37.168-0800][gc,cpu      ] GC(32) User=0.04s Sys=0.00s Real=0.01s
[2021-11-11T16:35:02.797-0800][gc,start    ] GC(33) Pause Young (Normal) (G1 Evacuation Pause)
[2021-11-11T16:35:02.810-0800][gc,task     ] GC(33) Using 8 workers of 8 for evacuation
[2021-11-11T16:35:02.818-0800][gc,phases   ] GC(33)   Pre Evacuate Collection Set: 0.3ms
[2021-11-11T16:35:02.827-0800][gc,phases   ] GC(33)   Merge Heap Roots: 0.2ms
[2021-11-11T16:35:02.827-0800][gc,phases   ] GC(33)   Evacuate Collection Set: 6.9ms
[2021-11-11T16:35:02.827-0800][gc,phases   ] GC(33)   Post Evacuate Collection Set: 0.6ms
[2021-11-11T16:35:02.827-0800][gc,phases   ] GC(33)   Other: 12.4ms
[2021-11-11T16:35:02.828-0800][gc,heap     ] GC(33) Eden regions: 609->0(611)
[2021-11-11T16:35:02.828-0800][gc,heap     ] GC(33) Survivor regions: 5->3(77)
[2021-11-11T16:35:02.828-0800][gc,heap     ] GC(33) Old regions: 15->16
[2021-11-11T16:35:02.828-0800][gc,heap     ] GC(33) Archive regions: 2->2
[2021-11-11T16:35:02.828-0800][gc,heap     ] GC(33) Humongous regions: 129->129
[2021-11-11T16:35:02.828-0800][gc,metaspace] GC(33) Metaspace: 40892K(41472K)->40892K(41472K) NonClass: 36036K(36352K)->36036K(36352K) Class: 4855K(5120K)->4855K(5120K)
[2021-11-11T16:35:02.828-0800][gc          ] GC(33) Pause Young (Normal) (G1 Evacuation Pause) 757M->148M(1024M) 30.215ms
[2021-11-11T16:35:02.828-0800][gc,cpu      ] GC(33) User=0.02s Sys=0.00s Real=0.03s
[2021-11-11T16:39:28.835-0800][gc,start    ] GC(34) Pause Young (Normal) (G1 Evacuation Pause)
[2021-11-11T16:39:28.835-0800][gc,task     ] GC(34) Using 8 workers of 8 for evacuation
[2021-11-11T16:39:28.847-0800][gc,phases   ] GC(34)   Pre Evacuate Collection Set: 0.4ms
[2021-11-11T16:39:28.847-0800][gc,phases   ] GC(34)   Merge Heap Roots: 0.2ms
[2021-11-11T16:39:28.848-0800][gc,phases   ] GC(34)   Evacuate Collection Set: 9.9ms
[2021-11-11T16:39:28.848-0800][gc,phases   ] GC(34)   Post Evacuate Collection Set: 1.1ms
[2021-11-11T16:39:28.848-0800][gc,phases   ] GC(34)   Other: 0.8ms
[2021-11-11T16:39:28.848-0800][gc,heap     ] GC(34) Eden regions: 611->0(610)
[2021-11-11T16:39:28.848-0800][gc,heap     ] GC(34) Survivor regions: 3->4(77)
[2021-11-11T16:39:28.848-0800][gc,heap     ] GC(34) Old regions: 16->16
[2021-11-11T16:39:28.848-0800][gc,heap     ] GC(34) Archive regions: 2->2
[2021-11-11T16:39:28.848-0800][gc,heap     ] GC(34) Humongous regions: 129->129
[2021-11-11T16:39:28.848-0800][gc,metaspace] GC(34) Metaspace: 40896K(41472K)->40896K(41472K) NonClass: 36041K(36352K)->36041K(36352K) Class: 4855K(5120K)->4855K(5120K)
[2021-11-11T16:39:28.848-0800][gc          ] GC(34) Pause Young (Normal) (G1 Evacuation Pause) 759M->149M(1024M) 12.667ms
[2021-11-11T16:39:28.848-0800][gc,cpu      ] GC(34) User=0.04s Sys=0.01s Real=0.01s
[2021-11-11T16:43:54.297-0800][gc,start    ] GC(35) Pause Young (Normal) (G1 Evacuation Pause)
[2021-11-11T16:43:54.298-0800][gc,task     ] GC(35) Using 8 workers of 8 for evacuation
[2021-11-11T16:43:54.307-0800][gc,phases   ] GC(35)   Pre Evacuate Collection Set: 0.3ms
[2021-11-11T16:43:54.307-0800][gc,phases   ] GC(35)   Merge Heap Roots: 0.1ms
[2021-11-11T16:43:54.307-0800][gc,phases   ] GC(35)   Evacuate Collection Set: 8.2ms
[2021-11-11T16:43:54.307-0800][gc,phases   ] GC(35)   Post Evacuate Collection Set: 0.9ms
[2021-11-11T16:43:54.308-0800][gc,phases   ] GC(35)   Other: 0.5ms
[2021-11-11T16:43:54.308-0800][gc,heap     ] GC(35) Eden regions: 610->0(611)
[2021-11-11T16:43:54.308-0800][gc,heap     ] GC(35) Survivor regions: 4->3(77)
[2021-11-11T16:43:54.308-0800][gc,heap     ] GC(35) Old regions: 16->16
[2021-11-11T16:43:54.308-0800][gc,heap     ] GC(35) Archive regions: 2->2
[2021-11-11T16:43:54.308-0800][gc,heap     ] GC(35) Humongous regions: 129->129
[2021-11-11T16:43:54.308-0800][gc,metaspace] GC(35) Metaspace: 40903K(41536K)->40903K(41536K) NonClass: 36047K(36416K)->36047K(36416K) Class: 4855K(5120K)->4855K(5120K)
[2021-11-11T16:43:54.308-0800][gc          ] GC(35) Pause Young (Normal) (G1 Evacuation Pause) 759M->148M(1024M) 10.349ms
[2021-11-11T16:43:54.308-0800][gc,cpu      ] GC(35) User=0.03s Sys=0.00s Real=0.01s
[2021-11-11T16:48:21.688-0800][gc,start    ] GC(36) Pause Young (Normal) (G1 Evacuation Pause)
[2021-11-11T16:48:21.688-0800][gc,task     ] GC(36) Using 8 workers of 8 for evacuation
[2021-11-11T16:48:21.695-0800][gc,phases   ] GC(36)   Pre Evacuate Collection Set: 0.2ms
[2021-11-11T16:48:21.695-0800][gc,phases   ] GC(36)   Merge Heap Roots: 0.2ms
[2021-11-11T16:48:21.695-0800][gc,phases   ] GC(36)   Evacuate Collection Set: 5.7ms
[2021-11-11T16:48:21.695-0800][gc,phases   ] GC(36)   Post Evacuate Collection Set: 0.6ms
[2021-11-11T16:48:21.695-0800][gc,phases   ] GC(36)   Other: 0.4ms
[2021-11-11T16:48:21.696-0800][gc,heap     ] GC(36) Eden regions: 611->0(610)
[2021-11-11T16:48:21.696-0800][gc,heap     ] GC(36) Survivor regions: 3->4(77)
[2021-11-11T16:48:21.696-0800][gc,heap     ] GC(36) Old regions: 16->16
[2021-11-11T16:48:21.696-0800][gc,heap     ] GC(36) Archive regions: 2->2
[2021-11-11T16:48:21.696-0800][gc,heap     ] GC(36) Humongous regions: 129->129
[2021-11-11T16:48:21.696-0800][gc,metaspace] GC(36) Metaspace: 40916K(41536K)->40916K(41536K) NonClass: 36060K(36416K)->36060K(36416K) Class: 4855K(5120K)->4855K(5120K)
[2021-11-11T16:48:21.696-0800][gc          ] GC(36) Pause Young (Normal) (G1 Evacuation Pause) 759M->149M(1024M) 7.406ms
[2021-11-11T16:48:21.696-0800][gc,cpu      ] GC(36) User=0.02s Sys=0.00s Real=0.01s
[2021-11-11T16:52:47.777-0800][gc,start    ] GC(37) Pause Young (Normal) (G1 Evacuation Pause)
[2021-11-11T16:52:47.778-0800][gc,task     ] GC(37) Using 8 workers of 8 for evacuation
[2021-11-11T16:52:47.791-0800][gc,phases   ] GC(37)   Pre Evacuate Collection Set: 0.4ms
[2021-11-11T16:52:47.791-0800][gc,phases   ] GC(37)   Merge Heap Roots: 0.2ms
[2021-11-11T16:52:47.791-0800][gc,phases   ] GC(37)   Evacuate Collection Set: 11.4ms
[2021-11-11T16:52:47.791-0800][gc,phases   ] GC(37)   Post Evacuate Collection Set: 0.8ms
[2021-11-11T16:52:47.791-0800][gc,phases   ] GC(37)   Other: 1.6ms
[2021-11-11T16:52:47.791-0800][gc,heap     ] GC(37) Eden regions: 610->0(609)
[2021-11-11T16:52:47.791-0800][gc,heap     ] GC(37) Survivor regions: 4->5(77)
[2021-11-11T16:52:47.791-0800][gc,heap     ] GC(37) Old regions: 16->16
[2021-11-11T16:52:47.791-0800][gc,heap     ] GC(37) Archive regions: 2->2
[2021-11-11T16:52:47.791-0800][gc,heap     ] GC(37) Humongous regions: 129->129
[2021-11-11T16:52:47.791-0800][gc,metaspace] GC(37) Metaspace: 40919K(41536K)->40919K(41536K) NonClass: 36063K(36416K)->36063K(36416K) Class: 4855K(5120K)->4855K(5120K)
[2021-11-11T16:52:47.791-0800][gc          ] GC(37) Pause Young (Normal) (G1 Evacuation Pause) 759M->150M(1024M) 14.625ms
[2021-11-11T16:52:47.792-0800][gc,cpu      ] GC(37) User=0.04s Sys=0.01s Real=0.02s
[2021-11-11T16:57:13.464-0800][gc,start    ] GC(38) Pause Young (Normal) (G1 Evacuation Pause)
[2021-11-11T16:57:13.465-0800][gc,task     ] GC(38) Using 8 workers of 8 for evacuation
[2021-11-11T16:57:13.478-0800][gc,phases   ] GC(38)   Pre Evacuate Collection Set: 0.4ms
[2021-11-11T16:57:13.479-0800][gc,phases   ] GC(38)   Merge Heap Roots: 0.2ms
[2021-11-11T16:57:13.479-0800][gc,phases   ] GC(38)   Evacuate Collection Set: 11.6ms
[2021-11-11T16:57:13.479-0800][gc,phases   ] GC(38)   Post Evacuate Collection Set: 1.1ms
[2021-11-11T16:57:13.479-0800][gc,phases   ] GC(38)   Other: 1.6ms
[2021-11-11T16:57:13.479-0800][gc,heap     ] GC(38) Eden regions: 609->0(610)
[2021-11-11T16:57:13.479-0800][gc,heap     ] GC(38) Survivor regions: 5->4(77)
[2021-11-11T16:57:13.479-0800][gc,heap     ] GC(38) Old regions: 16->16
[2021-11-11T16:57:13.479-0800][gc,heap     ] GC(38) Archive regions: 2->2
[2021-11-11T16:57:13.479-0800][gc,heap     ] GC(38) Humongous regions: 129->129
[2021-11-11T16:57:13.479-0800][gc,metaspace] GC(38) Metaspace: 40938K(41536K)->40938K(41536K) NonClass: 36083K(36416K)->36083K(36416K) Class: 4855K(5120K)->4855K(5120K)
[2021-11-11T16:57:13.479-0800][gc          ] GC(38) Pause Young (Normal) (G1 Evacuation Pause) 759M->149M(1024M) 15.159ms
[2021-11-11T16:57:13.479-0800][gc,cpu      ] GC(38) User=0.04s Sys=0.01s Real=0.01s
[2021-11-11T17:01:39.626-0800][gc,start    ] GC(39) Pause Young (Normal) (G1 Evacuation Pause)
[2021-11-11T17:01:39.644-0800][gc,task     ] GC(39) Using 8 workers of 8 for evacuation
[2021-11-11T17:01:39.659-0800][gc,phases   ] GC(39)   Pre Evacuate Collection Set: 0.4ms
[2021-11-11T17:01:39.659-0800][gc,phases   ] GC(39)   Merge Heap Roots: 0.2ms
[2021-11-11T17:01:39.659-0800][gc,phases   ] GC(39)   Evacuate Collection Set: 13.1ms
[2021-11-11T17:01:39.659-0800][gc,phases   ] GC(39)   Post Evacuate Collection Set: 0.9ms
[2021-11-11T17:01:39.659-0800][gc,phases   ] GC(39)   Other: 19.0ms
[2021-11-11T17:01:39.659-0800][gc,heap     ] GC(39) Eden regions: 610->0(609)
[2021-11-11T17:01:39.659-0800][gc,heap     ] GC(39) Survivor regions: 4->5(77)
[2021-11-11T17:01:39.660-0800][gc,heap     ] GC(39) Old regions: 16->16
[2021-11-11T17:01:39.660-0800][gc,heap     ] GC(39) Archive regions: 2->2
[2021-11-11T17:01:39.660-0800][gc,heap     ] GC(39) Humongous regions: 129->129
[2021-11-11T17:01:39.660-0800][gc,metaspace] GC(39) Metaspace: 40938K(41536K)->40938K(41536K) NonClass: 36083K(36416K)->36083K(36416K) Class: 4855K(5120K)->4855K(5120K)
[2021-11-11T17:01:39.660-0800][gc          ] GC(39) Pause Young (Normal) (G1 Evacuation Pause) 759M->149M(1024M) 34.082ms
[2021-11-11T17:01:39.660-0800][gc,cpu      ] GC(39) User=0.05s Sys=0.01s Real=0.04s
[2021-11-11T17:06:06.173-0800][gc,start    ] GC(40) Pause Young (Normal) (G1 Evacuation Pause)
[2021-11-11T17:06:06.174-0800][gc,task     ] GC(40) Using 8 workers of 8 for evacuation
[2021-11-11T17:06:06.186-0800][gc,phases   ] GC(40)   Pre Evacuate Collection Set: 0.4ms
[2021-11-11T17:06:06.186-0800][gc,phases   ] GC(40)   Merge Heap Roots: 0.2ms
[2021-11-11T17:06:06.186-0800][gc,phases   ] GC(40)   Evacuate Collection Set: 10.3ms
[2021-11-11T17:06:06.186-0800][gc,phases   ] GC(40)   Post Evacuate Collection Set: 0.6ms
[2021-11-11T17:06:06.186-0800][gc,phases   ] GC(40)   Other: 1.7ms
[2021-11-11T17:06:06.186-0800][gc,heap     ] GC(40) Eden regions: 609->0(609)
[2021-11-11T17:06:06.186-0800][gc,heap     ] GC(40) Survivor regions: 5->5(77)
[2021-11-11T17:06:06.186-0800][gc,heap     ] GC(40) Old regions: 16->16
[2021-11-11T17:06:06.187-0800][gc,heap     ] GC(40) Archive regions: 2->2
[2021-11-11T17:06:06.187-0800][gc,heap     ] GC(40) Humongous regions: 129->129
[2021-11-11T17:06:06.187-0800][gc,metaspace] GC(40) Metaspace: 40938K(41536K)->40938K(41536K) NonClass: 36083K(36416K)->36083K(36416K) Class: 4855K(5120K)->4855K(5120K)
[2021-11-11T17:06:06.187-0800][gc          ] GC(40) Pause Young (Normal) (G1 Evacuation Pause) 758M->150M(1024M) 13.352ms
[2021-11-11T17:06:06.187-0800][gc,cpu      ] GC(40) User=0.04s Sys=0.01s Real=0.01s
[2021-11-11T17:10:37.051-0800][gc,start    ] GC(41) Pause Young (Normal) (G1 Evacuation Pause)
[2021-11-11T17:10:37.067-0800][gc,task     ] GC(41) Using 8 workers of 8 for evacuation
[2021-11-11T17:10:37.076-0800][gc,phases   ] GC(41)   Pre Evacuate Collection Set: 0.3ms
[2021-11-11T17:10:37.093-0800][gc,phases   ] GC(41)   Merge Heap Roots: 0.1ms
[2021-11-11T17:10:37.093-0800][gc,phases   ] GC(41)   Evacuate Collection Set: 7.5ms
[2021-11-11T17:10:37.093-0800][gc,phases   ] GC(41)   Post Evacuate Collection Set: 0.8ms
[2021-11-11T17:10:37.093-0800][gc,phases   ] GC(41)   Other: 16.9ms
[2021-11-11T17:10:37.093-0800][gc,heap     ] GC(41) Eden regions: 609->0(610)
[2021-11-11T17:10:37.093-0800][gc,heap     ] GC(41) Survivor regions: 5->4(77)
[2021-11-11T17:10:37.093-0800][gc,heap     ] GC(41) Old regions: 16->16
[2021-11-11T17:10:37.093-0800][gc,heap     ] GC(41) Archive regions: 2->2
[2021-11-11T17:10:37.093-0800][gc,heap     ] GC(41) Humongous regions: 129->129
[2021-11-11T17:10:37.093-0800][gc,metaspace] GC(41) Metaspace: 40941K(41536K)->40941K(41536K) NonClass: 36085K(36416K)->36085K(36416K) Class: 4855K(5120K)->4855K(5120K)
[2021-11-11T17:10:37.093-0800][gc          ] GC(41) Pause Young (Normal) (G1 Evacuation Pause) 759M->149M(1024M) 42.616ms
[2021-11-11T17:10:37.093-0800][gc,cpu      ] GC(41) User=0.03s Sys=0.01s Real=0.04s
[2021-11-11T17:15:08.762-0800][gc,start    ] GC(42) Pause Young (Normal) (G1 Evacuation Pause)
[2021-11-11T17:15:08.762-0800][gc,task     ] GC(42) Using 8 workers of 8 for evacuation
[2021-11-11T17:15:08.774-0800][gc,phases   ] GC(42)   Pre Evacuate Collection Set: 0.4ms
[2021-11-11T17:15:08.774-0800][gc,phases   ] GC(42)   Merge Heap Roots: 0.2ms
[2021-11-11T17:15:08.774-0800][gc,phases   ] GC(42)   Evacuate Collection Set: 10.0ms
[2021-11-11T17:15:08.774-0800][gc,phases   ] GC(42)   Post Evacuate Collection Set: 0.6ms
[2021-11-11T17:15:08.774-0800][gc,phases   ] GC(42)   Other: 0.8ms
[2021-11-11T17:15:08.774-0800][gc,heap     ] GC(42) Eden regions: 610->0(610)
[2021-11-11T17:15:08.774-0800][gc,heap     ] GC(42) Survivor regions: 4->4(77)
[2021-11-11T17:15:08.774-0800][gc,heap     ] GC(42) Old regions: 16->16
[2021-11-11T17:15:08.774-0800][gc,heap     ] GC(42) Archive regions: 2->2
[2021-11-11T17:15:08.774-0800][gc,heap     ] GC(42) Humongous regions: 129->129
[2021-11-11T17:15:08.774-0800][gc,metaspace] GC(42) Metaspace: 40941K(41536K)->40941K(41536K) NonClass: 36085K(36416K)->36085K(36416K) Class: 4855K(5120K)->4855K(5120K)
[2021-11-11T17:15:08.774-0800][gc          ] GC(42) Pause Young (Normal) (G1 Evacuation Pause) 759M->149M(1024M) 12.142ms
[2021-11-11T17:15:08.774-0800][gc,cpu      ] GC(42) User=0.04s Sys=0.00s Real=0.01s
[2021-11-11T17:19:39.450-0800][gc,start    ] GC(43) Pause Young (Normal) (G1 Evacuation Pause)
[2021-11-11T17:19:39.451-0800][gc,task     ] GC(43) Using 8 workers of 8 for evacuation
[2021-11-11T17:19:39.462-0800][gc,phases   ] GC(43)   Pre Evacuate Collection Set: 0.4ms
[2021-11-11T17:19:39.462-0800][gc,phases   ] GC(43)   Merge Heap Roots: 0.2ms
[2021-11-11T17:19:39.462-0800][gc,phases   ] GC(43)   Evacuate Collection Set: 9.1ms
[2021-11-11T17:19:39.462-0800][gc,phases   ] GC(43)   Post Evacuate Collection Set: 0.7ms
[2021-11-11T17:19:39.462-0800][gc,phases   ] GC(43)   Other: 1.4ms
[2021-11-11T17:19:39.462-0800][gc,heap     ] GC(43) Eden regions: 610->0(610)
[2021-11-11T17:19:39.462-0800][gc,heap     ] GC(43) Survivor regions: 4->4(77)
[2021-11-11T17:19:39.462-0800][gc,heap     ] GC(43) Old regions: 16->16
[2021-11-11T17:19:39.462-0800][gc,heap     ] GC(43) Archive regions: 2->2
[2021-11-11T17:19:39.462-0800][gc,heap     ] GC(43) Humongous regions: 129->129
[2021-11-11T17:19:39.462-0800][gc,metaspace] GC(43) Metaspace: 40960K(41536K)->40960K(41536K) NonClass: 36104K(36416K)->36104K(36416K) Class: 4855K(5120K)->4855K(5120K)
[2021-11-11T17:19:39.462-0800][gc          ] GC(43) Pause Young (Normal) (G1 Evacuation Pause) 759M->148M(1024M) 11.932ms
[2021-11-11T17:19:39.462-0800][gc,cpu      ] GC(43) User=0.03s Sys=0.00s Real=0.01s
[2021-11-11T17:24:05.694-0800][gc,start    ] GC(44) Pause Young (Normal) (G1 Evacuation Pause)
[2021-11-11T17:24:05.695-0800][gc,task     ] GC(44) Using 8 workers of 8 for evacuation
[2021-11-11T17:24:05.706-0800][gc,phases   ] GC(44)   Pre Evacuate Collection Set: 0.4ms
[2021-11-11T17:24:05.706-0800][gc,phases   ] GC(44)   Merge Heap Roots: 0.2ms
[2021-11-11T17:24:05.706-0800][gc,phases   ] GC(44)   Evacuate Collection Set: 8.7ms
[2021-11-11T17:24:05.706-0800][gc,phases   ] GC(44)   Post Evacuate Collection Set: 0.7ms
[2021-11-11T17:24:05.706-0800][gc,phases   ] GC(44)   Other: 1.4ms
[2021-11-11T17:24:05.706-0800][gc,heap     ] GC(44) Eden regions: 610->0(610)
[2021-11-11T17:24:05.706-0800][gc,heap     ] GC(44) Survivor regions: 4->4(77)
[2021-11-11T17:24:05.706-0800][gc,heap     ] GC(44) Old regions: 16->16
[2021-11-11T17:24:05.706-0800][gc,heap     ] GC(44) Archive regions: 2->2
[2021-11-11T17:24:05.706-0800][gc,heap     ] GC(44) Humongous regions: 129->129
[2021-11-11T17:24:05.706-0800][gc,metaspace] GC(44) Metaspace: 40965K(41600K)->40965K(41600K) NonClass: 36109K(36480K)->36109K(36480K) Class: 4855K(5120K)->4855K(5120K)
[2021-11-11T17:24:05.706-0800][gc          ] GC(44) Pause Young (Normal) (G1 Evacuation Pause) 758M->149M(1024M) 11.573ms
[2021-11-11T17:24:05.706-0800][gc,cpu      ] GC(44) User=0.03s Sys=0.00s Real=0.01s
[2021-11-11T17:28:31.671-0800][gc,start    ] GC(45) Pause Young (Normal) (G1 Evacuation Pause)
[2021-11-11T17:28:31.671-0800][gc,task     ] GC(45) Using 8 workers of 8 for evacuation
[2021-11-11T17:28:31.681-0800][gc,phases   ] GC(45)   Pre Evacuate Collection Set: 0.2ms
[2021-11-11T17:28:31.681-0800][gc,phases   ] GC(45)   Merge Heap Roots: 0.1ms
[2021-11-11T17:28:31.681-0800][gc,phases   ] GC(45)   Evacuate Collection Set: 8.4ms
[2021-11-11T17:28:31.681-0800][gc,phases   ] GC(45)   Post Evacuate Collection Set: 0.6ms
[2021-11-11T17:28:31.681-0800][gc,phases   ] GC(45)   Other: 0.6ms
[2021-11-11T17:28:31.681-0800][gc,heap     ] GC(45) Eden regions: 610->0(609)
[2021-11-11T17:28:31.681-0800][gc,heap     ] GC(45) Survivor regions: 4->5(77)
[2021-11-11T17:28:31.681-0800][gc,heap     ] GC(45) Old regions: 16->16
[2021-11-11T17:28:31.681-0800][gc,heap     ] GC(45) Archive regions: 2->2
[2021-11-11T17:28:31.681-0800][gc,heap     ] GC(45) Humongous regions: 129->129
[2021-11-11T17:28:31.681-0800][gc,metaspace] GC(45) Metaspace: 40965K(41600K)->40965K(41600K) NonClass: 36109K(36480K)->36109K(36480K) Class: 4855K(5120K)->4855K(5120K)
[2021-11-11T17:28:31.681-0800][gc          ] GC(45) Pause Young (Normal) (G1 Evacuation Pause) 759M->150M(1024M) 10.201ms
[2021-11-11T17:28:31.681-0800][gc,cpu      ] GC(45) User=0.03s Sys=0.00s Real=0.01s
[2021-11-11T17:32:57.237-0800][gc,start    ] GC(46) Pause Young (Normal) (G1 Evacuation Pause)
[2021-11-11T17:32:57.237-0800][gc,task     ] GC(46) Using 8 workers of 8 for evacuation
[2021-11-11T17:32:57.245-0800][gc,phases   ] GC(46)   Pre Evacuate Collection Set: 0.3ms
[2021-11-11T17:32:57.245-0800][gc,phases   ] GC(46)   Merge Heap Roots: 0.1ms
[2021-11-11T17:32:57.245-0800][gc,phases   ] GC(46)   Evacuate Collection Set: 6.5ms
[2021-11-11T17:32:57.245-0800][gc,phases   ] GC(46)   Post Evacuate Collection Set: 0.6ms
[2021-11-11T17:32:57.245-0800][gc,phases   ] GC(46)   Other: 0.3ms
[2021-11-11T17:32:57.245-0800][gc,heap     ] GC(46) Eden regions: 609->0(610)
[2021-11-11T17:32:57.245-0800][gc,heap     ] GC(46) Survivor regions: 5->4(77)
[2021-11-11T17:32:57.245-0800][gc,heap     ] GC(46) Old regions: 16->16
[2021-11-11T17:32:57.245-0800][gc,heap     ] GC(46) Archive regions: 2->2
[2021-11-11T17:32:57.245-0800][gc,heap     ] GC(46) Humongous regions: 129->129
[2021-11-11T17:32:57.245-0800][gc,metaspace] GC(46) Metaspace: 40972K(41600K)->40972K(41600K) NonClass: 36117K(36480K)->36117K(36480K) Class: 4855K(5120K)->4855K(5120K)
[2021-11-11T17:32:57.245-0800][gc          ] GC(46) Pause Young (Normal) (G1 Evacuation Pause) 759M->149M(1024M) 8.164ms
[2021-11-11T17:32:57.246-0800][gc,cpu      ] GC(46) User=0.02s Sys=0.00s Real=0.01s
[2021-11-11T17:37:23.505-0800][gc,start    ] GC(47) Pause Young (Normal) (G1 Evacuation Pause)
[2021-11-11T17:37:23.505-0800][gc,task     ] GC(47) Using 8 workers of 8 for evacuation
[2021-11-11T17:37:23.519-0800][gc,phases   ] GC(47)   Pre Evacuate Collection Set: 0.4ms
[2021-11-11T17:37:23.519-0800][gc,phases   ] GC(47)   Merge Heap Roots: 0.3ms
[2021-11-11T17:37:23.519-0800][gc,phases   ] GC(47)   Evacuate Collection Set: 11.5ms
[2021-11-11T17:37:23.519-0800][gc,phases   ] GC(47)   Post Evacuate Collection Set: 1.0ms
[2021-11-11T17:37:23.519-0800][gc,phases   ] GC(47)   Other: 0.9ms
[2021-11-11T17:37:23.519-0800][gc,heap     ] GC(47) Eden regions: 610->0(609)
[2021-11-11T17:37:23.519-0800][gc,heap     ] GC(47) Survivor regions: 4->5(77)
[2021-11-11T17:37:23.519-0800][gc,heap     ] GC(47) Old regions: 16->16
[2021-11-11T17:37:23.519-0800][gc,heap     ] GC(47) Archive regions: 2->2
[2021-11-11T17:37:23.519-0800][gc,heap     ] GC(47) Humongous regions: 129->129
[2021-11-11T17:37:23.519-0800][gc,metaspace] GC(47) Metaspace: 40974K(41600K)->40974K(41600K) NonClass: 36119K(36480K)->36119K(36480K) Class: 4855K(5120K)->4855K(5120K)
[2021-11-11T17:37:23.519-0800][gc          ] GC(47) Pause Young (Normal) (G1 Evacuation Pause) 759M->150M(1024M) 14.302ms
[2021-11-11T17:37:23.519-0800][gc,cpu      ] GC(47) User=0.03s Sys=0.01s Real=0.01s
[2021-11-11T17:41:48.618-0800][gc,start    ] GC(48) Pause Young (Normal) (G1 Evacuation Pause)
[2021-11-11T17:41:48.619-0800][gc,task     ] GC(48) Using 8 workers of 8 for evacuation
[2021-11-11T17:41:48.630-0800][gc,phases   ] GC(48)   Pre Evacuate Collection Set: 0.3ms
[2021-11-11T17:41:48.630-0800][gc,phases   ] GC(48)   Merge Heap Roots: 0.1ms
[2021-11-11T17:41:48.630-0800][gc,phases   ] GC(48)   Evacuate Collection Set: 9.6ms
[2021-11-11T17:41:48.631-0800][gc,phases   ] GC(48)   Post Evacuate Collection Set: 1.1ms
[2021-11-11T17:41:48.631-0800][gc,phases   ] GC(48)   Other: 1.4ms
[2021-11-11T17:41:48.631-0800][gc,heap     ] GC(48) Eden regions: 609->0(610)
[2021-11-11T17:41:48.631-0800][gc,heap     ] GC(48) Survivor regions: 5->4(77)
[2021-11-11T17:41:48.631-0800][gc,heap     ] GC(48) Old regions: 16->16
[2021-11-11T17:41:48.631-0800][gc,heap     ] GC(48) Archive regions: 2->2
[2021-11-11T17:41:48.631-0800][gc,heap     ] GC(48) Humongous regions: 129->129
[2021-11-11T17:41:48.631-0800][gc,metaspace] GC(48) Metaspace: 40974K(41600K)->40974K(41600K) NonClass: 36119K(36480K)->36119K(36480K) Class: 4855K(5120K)->4855K(5120K)
[2021-11-11T17:41:48.631-0800][gc          ] GC(48) Pause Young (Normal) (G1 Evacuation Pause) 759M->149M(1024M) 12.840ms
[2021-11-11T17:41:48.631-0800][gc,cpu      ] GC(48) User=0.03s Sys=0.00s Real=0.02s
[2021-11-11T17:46:13.877-0800][gc,start    ] GC(49) Pause Young (Normal) (G1 Evacuation Pause)
[2021-11-11T17:46:13.879-0800][gc,task     ] GC(49) Using 8 workers of 8 for evacuation
[2021-11-11T17:46:13.892-0800][gc,phases   ] GC(49)   Pre Evacuate Collection Set: 0.7ms
[2021-11-11T17:46:13.892-0800][gc,phases   ] GC(49)   Merge Heap Roots: 0.3ms
[2021-11-11T17:46:13.892-0800][gc,phases   ] GC(49)   Evacuate Collection Set: 10.9ms
[2021-11-11T17:46:13.892-0800][gc,phases   ] GC(49)   Post Evacuate Collection Set: 1.1ms
[2021-11-11T17:46:13.892-0800][gc,phases   ] GC(49)   Other: 1.7ms
[2021-11-11T17:46:13.892-0800][gc,heap     ] GC(49) Eden regions: 610->0(609)
[2021-11-11T17:46:13.892-0800][gc,heap     ] GC(49) Survivor regions: 4->5(77)
[2021-11-11T17:46:13.892-0800][gc,heap     ] GC(49) Old regions: 16->16
[2021-11-11T17:46:13.892-0800][gc,heap     ] GC(49) Archive regions: 2->2
[2021-11-11T17:46:13.892-0800][gc,heap     ] GC(49) Humongous regions: 129->129
[2021-11-11T17:46:13.892-0800][gc,metaspace] GC(49) Metaspace: 40974K(41600K)->40974K(41600K) NonClass: 36119K(36480K)->36119K(36480K) Class: 4855K(5120K)->4855K(5120K)
[2021-11-11T17:46:13.892-0800][gc          ] GC(49) Pause Young (Normal) (G1 Evacuation Pause) 759M->149M(1024M) 14.817ms
[2021-11-11T17:46:13.892-0800][gc,cpu      ] GC(49) User=0.04s Sys=0.01s Real=0.02s
[2021-11-11T17:50:39.586-0800][gc,start    ] GC(50) Pause Young (Normal) (G1 Evacuation Pause)
[2021-11-11T17:50:39.587-0800][gc,task     ] GC(50) Using 8 workers of 8 for evacuation
[2021-11-11T17:50:39.598-0800][gc,phases   ] GC(50)   Pre Evacuate Collection Set: 0.5ms
[2021-11-11T17:50:39.598-0800][gc,phases   ] GC(50)   Merge Heap Roots: 0.2ms
[2021-11-11T17:50:39.598-0800][gc,phases   ] GC(50)   Evacuate Collection Set: 9.5ms
[2021-11-11T17:50:39.598-0800][gc,phases   ] GC(50)   Post Evacuate Collection Set: 0.7ms
[2021-11-11T17:50:39.598-0800][gc,phases   ] GC(50)   Other: 1.6ms
[2021-11-11T17:50:39.598-0800][gc,heap     ] GC(50) Eden regions: 609->0(609)
[2021-11-11T17:50:39.598-0800][gc,heap     ] GC(50) Survivor regions: 5->5(77)
[2021-11-11T17:50:39.598-0800][gc,heap     ] GC(50) Old regions: 16->16
[2021-11-11T17:50:39.598-0800][gc,heap     ] GC(50) Archive regions: 2->2
[2021-11-11T17:50:39.598-0800][gc,heap     ] GC(50) Humongous regions: 129->129
[2021-11-11T17:50:39.598-0800][gc,metaspace] GC(50) Metaspace: 40975K(41600K)->40975K(41600K) NonClass: 36119K(36480K)->36119K(36480K) Class: 4855K(5120K)->4855K(5120K)
[2021-11-11T17:50:39.598-0800][gc          ] GC(50) Pause Young (Normal) (G1 Evacuation Pause) 758M->150M(1024M) 12.580ms
[2021-11-11T17:50:39.598-0800][gc,cpu      ] GC(50) User=0.04s Sys=0.01s Real=0.01s
[2021-11-11T17:55:03.508-0800][gc,start    ] GC(51) Pause Young (Normal) (G1 Evacuation Pause)
[2021-11-11T17:55:03.508-0800][gc,task     ] GC(51) Using 8 workers of 8 for evacuation
[2021-11-11T17:55:03.523-0800][gc,phases   ] GC(51)   Pre Evacuate Collection Set: 0.5ms
[2021-11-11T17:55:03.527-0800][gc,phases   ] GC(51)   Merge Heap Roots: 0.3ms
[2021-11-11T17:55:03.527-0800][gc,phases   ] GC(51)   Evacuate Collection Set: 11.7ms
[2021-11-11T17:55:03.527-0800][gc,phases   ] GC(51)   Post Evacuate Collection Set: 1.0ms
[2021-11-11T17:55:03.527-0800][gc,phases   ] GC(51)   Other: 1.7ms
[2021-11-11T17:55:03.527-0800][gc,heap     ] GC(51) Eden regions: 609->0(609)
[2021-11-11T17:55:03.527-0800][gc,heap     ] GC(51) Survivor regions: 5->5(77)
[2021-11-11T17:55:03.527-0800][gc,heap     ] GC(51) Old regions: 16->16
[2021-11-11T17:55:03.527-0800][gc,heap     ] GC(51) Archive regions: 2->2
[2021-11-11T17:55:03.527-0800][gc,heap     ] GC(51) Humongous regions: 129->129
[2021-11-11T17:55:03.527-0800][gc,metaspace] GC(51) Metaspace: 40999K(41664K)->40999K(41664K) NonClass: 36143K(36544K)->36143K(36544K) Class: 4855K(5120K)->4855K(5120K)
[2021-11-11T17:55:03.528-0800][gc          ] GC(51) Pause Young (Normal) (G1 Evacuation Pause) 759M->149M(1024M) 19.983ms
[2021-11-11T17:55:03.528-0800][gc,cpu      ] GC(51) User=0.04s Sys=0.00s Real=0.02s
[2021-11-11T17:59:29.118-0800][gc,start    ] GC(52) Pause Young (Normal) (G1 Evacuation Pause)
[2021-11-11T17:59:29.126-0800][gc,task     ] GC(52) Using 8 workers of 8 for evacuation
[2021-11-11T17:59:29.140-0800][gc,phases   ] GC(52)   Pre Evacuate Collection Set: 0.4ms
[2021-11-11T17:59:29.140-0800][gc,phases   ] GC(52)   Merge Heap Roots: 0.3ms
[2021-11-11T17:59:29.140-0800][gc,phases   ] GC(52)   Evacuate Collection Set: 12.4ms
[2021-11-11T17:59:29.140-0800][gc,phases   ] GC(52)   Post Evacuate Collection Set: 0.7ms
[2021-11-11T17:59:29.140-0800][gc,phases   ] GC(52)   Other: 7.8ms
[2021-11-11T17:59:29.140-0800][gc,heap     ] GC(52) Eden regions: 609->0(610)
[2021-11-11T17:59:29.140-0800][gc,heap     ] GC(52) Survivor regions: 5->4(77)
[2021-11-11T17:59:29.140-0800][gc,heap     ] GC(52) Old regions: 16->16
[2021-11-11T17:59:29.140-0800][gc,heap     ] GC(52) Archive regions: 2->2
[2021-11-11T17:59:29.140-0800][gc,heap     ] GC(52) Humongous regions: 129->129
[2021-11-11T17:59:29.140-0800][gc,metaspace] GC(52) Metaspace: 41002K(41664K)->41002K(41664K) NonClass: 36147K(36544K)->36147K(36544K) Class: 4855K(5120K)->4855K(5120K)
[2021-11-11T17:59:29.140-0800][gc          ] GC(52) Pause Young (Normal) (G1 Evacuation Pause) 758M->149M(1024M) 22.047ms
[2021-11-11T17:59:29.141-0800][gc,cpu      ] GC(52) User=0.04s Sys=0.01s Real=0.03s
[2021-11-11T18:03:58.044-0800][gc,start    ] GC(53) Pause Young (Normal) (G1 Evacuation Pause)
[2021-11-11T18:03:58.044-0800][gc,task     ] GC(53) Using 8 workers of 8 for evacuation
[2021-11-11T18:03:58.053-0800][gc,phases   ] GC(53)   Pre Evacuate Collection Set: 0.4ms
[2021-11-11T18:03:58.053-0800][gc,phases   ] GC(53)   Merge Heap Roots: 0.2ms
[2021-11-11T18:03:58.053-0800][gc,phases   ] GC(53)   Evacuate Collection Set: 7.6ms
[2021-11-11T18:03:58.053-0800][gc,phases   ] GC(53)   Post Evacuate Collection Set: 0.7ms
[2021-11-11T18:03:58.053-0800][gc,phases   ] GC(53)   Other: 0.5ms
[2021-11-11T18:03:58.053-0800][gc,heap     ] GC(53) Eden regions: 610->0(609)
[2021-11-11T18:03:58.053-0800][gc,heap     ] GC(53) Survivor regions: 4->5(77)
[2021-11-11T18:03:58.053-0800][gc,heap     ] GC(53) Old regions: 16->16
[2021-11-11T18:03:58.053-0800][gc,heap     ] GC(53) Archive regions: 2->2
[2021-11-11T18:03:58.053-0800][gc,heap     ] GC(53) Humongous regions: 129->129
[2021-11-11T18:03:58.053-0800][gc,metaspace] GC(53) Metaspace: 41007K(41664K)->41007K(41664K) NonClass: 36151K(36544K)->36151K(36544K) Class: 4855K(5120K)->4855K(5120K)
[2021-11-11T18:03:58.054-0800][gc          ] GC(53) Pause Young (Normal) (G1 Evacuation Pause) 759M->150M(1024M) 9.705ms
[2021-11-11T18:03:58.054-0800][gc,cpu      ] GC(53) User=0.03s Sys=0.00s Real=0.01s
[2021-11-11T18:08:22.692-0800][gc,start    ] GC(54) Pause Young (Normal) (G1 Evacuation Pause)
[2021-11-11T18:08:22.692-0800][gc,task     ] GC(54) Using 8 workers of 8 for evacuation
[2021-11-11T18:08:22.707-0800][gc,phases   ] GC(54)   Pre Evacuate Collection Set: 0.4ms
[2021-11-11T18:08:22.707-0800][gc,phases   ] GC(54)   Merge Heap Roots: 0.3ms
[2021-11-11T18:08:22.707-0800][gc,phases   ] GC(54)   Evacuate Collection Set: 12.8ms
[2021-11-11T18:08:22.707-0800][gc,phases   ] GC(54)   Post Evacuate Collection Set: 0.6ms
[2021-11-11T18:08:22.707-0800][gc,phases   ] GC(54)   Other: 0.6ms
[2021-11-11T18:08:22.707-0800][gc,heap     ] GC(54) Eden regions: 609->0(609)
[2021-11-11T18:08:22.707-0800][gc,heap     ] GC(54) Survivor regions: 5->5(77)
[2021-11-11T18:08:22.707-0800][gc,heap     ] GC(54) Old regions: 16->16
[2021-11-11T18:08:22.707-0800][gc,heap     ] GC(54) Archive regions: 2->2
[2021-11-11T18:08:22.707-0800][gc,heap     ] GC(54) Humongous regions: 129->129
[2021-11-11T18:08:22.707-0800][gc,metaspace] GC(54) Metaspace: 41007K(41664K)->41007K(41664K) NonClass: 36152K(36544K)->36152K(36544K) Class: 4855K(5120K)->4855K(5120K)
[2021-11-11T18:08:22.707-0800][gc          ] GC(54) Pause Young (Normal) (G1 Evacuation Pause) 759M->150M(1024M) 14.972ms
[2021-11-11T18:08:22.707-0800][gc,cpu      ] GC(54) User=0.04s Sys=0.01s Real=0.01s
[2021-11-11T18:12:50.855-0800][gc,start    ] GC(55) Pause Young (Normal) (G1 Evacuation Pause)
[2021-11-11T18:12:50.856-0800][gc,task     ] GC(55) Using 8 workers of 8 for evacuation
[2021-11-11T18:12:50.870-0800][gc,phases   ] GC(55)   Pre Evacuate Collection Set: 0.3ms
[2021-11-11T18:12:50.870-0800][gc,phases   ] GC(55)   Merge Heap Roots: 0.2ms
[2021-11-11T18:12:50.870-0800][gc,phases   ] GC(55)   Evacuate Collection Set: 11.8ms
[2021-11-11T18:12:50.870-0800][gc,phases   ] GC(55)   Post Evacuate Collection Set: 0.9ms
[2021-11-11T18:12:50.870-0800][gc,phases   ] GC(55)   Other: 1.7ms
[2021-11-11T18:12:50.870-0800][gc,heap     ] GC(55) Eden regions: 609->0(609)
[2021-11-11T18:12:50.870-0800][gc,heap     ] GC(55) Survivor regions: 5->5(77)
[2021-11-11T18:12:50.870-0800][gc,heap     ] GC(55) Old regions: 16->16
[2021-11-11T18:12:50.870-0800][gc,heap     ] GC(55) Archive regions: 2->2
[2021-11-11T18:12:50.870-0800][gc,heap     ] GC(55) Humongous regions: 129->129
[2021-11-11T18:12:50.870-0800][gc,metaspace] GC(55) Metaspace: 41029K(41664K)->41029K(41664K) NonClass: 36174K(36544K)->36174K(36544K) Class: 4855K(5120K)->4855K(5120K)
[2021-11-11T18:12:50.870-0800][gc          ] GC(55) Pause Young (Normal) (G1 Evacuation Pause) 759M->150M(1024M) 15.330ms
[2021-11-11T18:12:50.870-0800][gc,cpu      ] GC(55) User=0.04s Sys=0.00s Real=0.02s
[2021-11-11T18:17:15.794-0800][gc,start    ] GC(56) Pause Young (Normal) (G1 Evacuation Pause)
[2021-11-11T18:17:15.794-0800][gc,task     ] GC(56) Using 8 workers of 8 for evacuation
[2021-11-11T18:17:15.807-0800][gc,phases   ] GC(56)   Pre Evacuate Collection Set: 0.2ms
[2021-11-11T18:17:15.807-0800][gc,phases   ] GC(56)   Merge Heap Roots: 0.1ms
[2021-11-11T18:17:15.807-0800][gc,phases   ] GC(56)   Evacuate Collection Set: 11.7ms
[2021-11-11T18:17:15.807-0800][gc,phases   ] GC(56)   Post Evacuate Collection Set: 0.7ms
[2021-11-11T18:17:15.807-0800][gc,phases   ] GC(56)   Other: 0.3ms
[2021-11-11T18:17:15.807-0800][gc,heap     ] GC(56) Eden regions: 609->0(609)
[2021-11-11T18:17:15.807-0800][gc,heap     ] GC(56) Survivor regions: 5->5(77)
[2021-11-11T18:17:15.807-0800][gc,heap     ] GC(56) Old regions: 16->16
[2021-11-11T18:17:15.807-0800][gc,heap     ] GC(56) Archive regions: 2->2
[2021-11-11T18:17:15.807-0800][gc,heap     ] GC(56) Humongous regions: 129->129
[2021-11-11T18:17:15.807-0800][gc,metaspace] GC(56) Metaspace: 41030K(41664K)->41030K(41664K) NonClass: 36174K(36544K)->36174K(36544K) Class: 4855K(5120K)->4855K(5120K)
[2021-11-11T18:17:15.807-0800][gc          ] GC(56) Pause Young (Normal) (G1 Evacuation Pause) 759M->150M(1024M) 13.415ms
[2021-11-11T18:17:15.807-0800][gc,cpu      ] GC(56) User=0.04s Sys=0.00s Real=0.01s
[2021-11-11T18:21:41.162-0800][gc,start    ] GC(57) Pause Young (Normal) (G1 Evacuation Pause)
[2021-11-11T18:21:41.162-0800][gc,task     ] GC(57) Using 8 workers of 8 for evacuation
[2021-11-11T18:21:41.172-0800][gc,phases   ] GC(57)   Pre Evacuate Collection Set: 0.3ms
[2021-11-11T18:21:41.173-0800][gc,phases   ] GC(57)   Merge Heap Roots: 0.2ms
[2021-11-11T18:21:41.173-0800][gc,phases   ] GC(57)   Evacuate Collection Set: 9.0ms
[2021-11-11T18:21:41.173-0800][gc,phases   ] GC(57)   Post Evacuate Collection Set: 0.8ms
[2021-11-11T18:21:41.173-0800][gc,phases   ] GC(57)   Other: 0.7ms
[2021-11-11T18:21:41.173-0800][gc,heap     ] GC(57) Eden regions: 609->0(610)
[2021-11-11T18:21:41.173-0800][gc,heap     ] GC(57) Survivor regions: 5->4(77)
[2021-11-11T18:21:41.173-0800][gc,heap     ] GC(57) Old regions: 16->16
[2021-11-11T18:21:41.173-0800][gc,heap     ] GC(57) Archive regions: 2->2
[2021-11-11T18:21:41.173-0800][gc,heap     ] GC(57) Humongous regions: 129->129
[2021-11-11T18:21:41.173-0800][gc,metaspace] GC(57) Metaspace: 41041K(41664K)->41041K(41664K) NonClass: 36185K(36544K)->36185K(36544K) Class: 4855K(5120K)->4855K(5120K)
[2021-11-11T18:21:41.173-0800][gc          ] GC(57) Pause Young (Normal) (G1 Evacuation Pause) 759M->149M(1024M) 11.181ms
[2021-11-11T18:21:41.173-0800][gc,cpu      ] GC(57) User=0.03s Sys=0.00s Real=0.01s
[2021-11-11T18:26:06.971-0800][gc,start    ] GC(58) Pause Young (Normal) (G1 Evacuation Pause)
[2021-11-11T18:26:06.972-0800][gc,task     ] GC(58) Using 8 workers of 8 for evacuation
[2021-11-11T18:26:06.987-0800][gc,phases   ] GC(58)   Pre Evacuate Collection Set: 0.4ms
[2021-11-11T18:26:06.987-0800][gc,phases   ] GC(58)   Merge Heap Roots: 0.2ms
[2021-11-11T18:26:06.987-0800][gc,phases   ] GC(58)   Evacuate Collection Set: 12.6ms
[2021-11-11T18:26:06.987-0800][gc,phases   ] GC(58)   Post Evacuate Collection Set: 0.9ms
[2021-11-11T18:26:06.987-0800][gc,phases   ] GC(58)   Other: 1.2ms
[2021-11-11T18:26:06.987-0800][gc,heap     ] GC(58) Eden regions: 610->0(609)
[2021-11-11T18:26:06.987-0800][gc,heap     ] GC(58) Survivor regions: 4->5(77)
[2021-11-11T18:26:06.987-0800][gc,heap     ] GC(58) Old regions: 16->16
[2021-11-11T18:26:06.987-0800][gc,heap     ] GC(58) Archive regions: 2->2
[2021-11-11T18:26:06.987-0800][gc,heap     ] GC(58) Humongous regions: 129->129
[2021-11-11T18:26:06.987-0800][gc,metaspace] GC(58) Metaspace: 41041K(41664K)->41041K(41664K) NonClass: 36185K(36544K)->36185K(36544K) Class: 4855K(5120K)->4855K(5120K)
[2021-11-11T18:26:06.987-0800][gc          ] GC(58) Pause Young (Normal) (G1 Evacuation Pause) 759M->150M(1024M) 15.488ms
[2021-11-11T18:26:06.987-0800][gc,cpu      ] GC(58) User=0.04s Sys=0.00s Real=0.01s
[2021-11-11T18:30:31.907-0800][gc,start    ] GC(59) Pause Young (Normal) (G1 Evacuation Pause)
[2021-11-11T18:30:31.909-0800][gc,task     ] GC(59) Using 8 workers of 8 for evacuation
[2021-11-11T18:30:31.921-0800][gc,phases   ] GC(59)   Pre Evacuate Collection Set: 0.5ms
[2021-11-11T18:30:31.921-0800][gc,phases   ] GC(59)   Merge Heap Roots: 0.2ms
[2021-11-11T18:30:31.921-0800][gc,phases   ] GC(59)   Evacuate Collection Set: 10.5ms
[2021-11-11T18:30:31.921-0800][gc,phases   ] GC(59)   Post Evacuate Collection Set: 0.6ms
[2021-11-11T18:30:31.921-0800][gc,phases   ] GC(59)   Other: 1.8ms
[2021-11-11T18:30:31.921-0800][gc,heap     ] GC(59) Eden regions: 609->0(610)
[2021-11-11T18:30:31.921-0800][gc,heap     ] GC(59) Survivor regions: 5->4(77)
[2021-11-11T18:30:31.921-0800][gc,heap     ] GC(59) Old regions: 16->16
[2021-11-11T18:30:31.921-0800][gc,heap     ] GC(59) Archive regions: 2->2
[2021-11-11T18:30:31.921-0800][gc,heap     ] GC(59) Humongous regions: 129->129
[2021-11-11T18:30:31.921-0800][gc,metaspace] GC(59) Metaspace: 41048K(41664K)->41048K(41664K) NonClass: 36193K(36544K)->36193K(36544K) Class: 4855K(5120K)->4855K(5120K)
[2021-11-11T18:30:31.921-0800][gc          ] GC(59) Pause Young (Normal) (G1 Evacuation Pause) 759M->149M(1024M) 13.716ms
[2021-11-11T18:30:31.921-0800][gc,cpu      ] GC(59) User=0.03s Sys=0.01s Real=0.02s
[2021-11-11T18:34:59.649-0800][gc,start    ] GC(60) Pause Young (Normal) (G1 Evacuation Pause)
[2021-11-11T18:34:59.650-0800][gc,task     ] GC(60) Using 8 workers of 8 for evacuation
[2021-11-11T18:34:59.658-0800][gc,phases   ] GC(60)   Pre Evacuate Collection Set: 0.3ms
[2021-11-11T18:34:59.658-0800][gc,phases   ] GC(60)   Merge Heap Roots: 0.2ms
[2021-11-11T18:34:59.658-0800][gc,phases   ] GC(60)   Evacuate Collection Set: 6.3ms
[2021-11-11T18:34:59.658-0800][gc,phases   ] GC(60)   Post Evacuate Collection Set: 0.9ms
[2021-11-11T18:34:59.658-0800][gc,phases   ] GC(60)   Other: 1.4ms
[2021-11-11T18:34:59.658-0800][gc,heap     ] GC(60) Eden regions: 610->0(609)
[2021-11-11T18:34:59.658-0800][gc,heap     ] GC(60) Survivor regions: 4->5(77)
[2021-11-11T18:34:59.658-0800][gc,heap     ] GC(60) Old regions: 16->16
[2021-11-11T18:34:59.658-0800][gc,heap     ] GC(60) Archive regions: 2->2
[2021-11-11T18:34:59.658-0800][gc,heap     ] GC(60) Humongous regions: 129->129
[2021-11-11T18:34:59.658-0800][gc,metaspace] GC(60) Metaspace: 41052K(41728K)->41052K(41728K) NonClass: 36196K(36608K)->36196K(36608K) Class: 4855K(5120K)->4855K(5120K)
[2021-11-11T18:34:59.659-0800][gc          ] GC(60) Pause Young (Normal) (G1 Evacuation Pause) 759M->150M(1024M) 9.417ms
[2021-11-11T18:34:59.659-0800][gc,cpu      ] GC(60) User=0.02s Sys=0.00s Real=0.01s
[2021-11-11T18:39:34.056-0800][gc,start    ] GC(61) Pause Young (Normal) (G1 Evacuation Pause)
[2021-11-11T18:39:34.056-0800][gc,task     ] GC(61) Using 8 workers of 8 for evacuation
[2021-11-11T18:39:34.065-0800][gc,phases   ] GC(61)   Pre Evacuate Collection Set: 0.3ms
[2021-11-11T18:39:34.065-0800][gc,phases   ] GC(61)   Merge Heap Roots: 0.2ms
[2021-11-11T18:39:34.065-0800][gc,phases   ] GC(61)   Evacuate Collection Set: 6.9ms
[2021-11-11T18:39:34.065-0800][gc,phases   ] GC(61)   Post Evacuate Collection Set: 1.6ms
[2021-11-11T18:39:34.065-0800][gc,phases   ] GC(61)   Other: 0.8ms
[2021-11-11T18:39:34.066-0800][gc,heap     ] GC(61) Eden regions: 609->0(609)
[2021-11-11T18:39:34.066-0800][gc,heap     ] GC(61) Survivor regions: 5->5(77)
[2021-11-11T18:39:34.066-0800][gc,heap     ] GC(61) Old regions: 16->16
[2021-11-11T18:39:34.066-0800][gc,heap     ] GC(61) Archive regions: 2->2
[2021-11-11T18:39:34.066-0800][gc,heap     ] GC(61) Humongous regions: 129->129
[2021-11-11T18:39:34.066-0800][gc,metaspace] GC(61) Metaspace: 41053K(41728K)->41053K(41728K) NonClass: 36198K(36608K)->36198K(36608K) Class: 4855K(5120K)->4855K(5120K)
[2021-11-11T18:39:34.066-0800][gc          ] GC(61) Pause Young (Normal) (G1 Evacuation Pause) 759M->150M(1024M) 10.154ms
[2021-11-11T18:39:34.066-0800][gc,cpu      ] GC(61) User=0.03s Sys=0.00s Real=0.01s
[2021-11-11T18:43:58.931-0800][gc,start    ] GC(62) Pause Young (Normal) (G1 Evacuation Pause)
[2021-11-11T18:43:58.932-0800][gc,task     ] GC(62) Using 8 workers of 8 for evacuation
[2021-11-11T18:43:58.949-0800][gc,phases   ] GC(62)   Pre Evacuate Collection Set: 0.5ms
[2021-11-11T18:43:58.950-0800][gc,phases   ] GC(62)   Merge Heap Roots: 0.8ms
[2021-11-11T18:43:58.950-0800][gc,phases   ] GC(62)   Evacuate Collection Set: 15.3ms
[2021-11-11T18:43:58.950-0800][gc,phases   ] GC(62)   Post Evacuate Collection Set: 1.2ms
[2021-11-11T18:43:58.950-0800][gc,phases   ] GC(62)   Other: 0.9ms
[2021-11-11T18:43:58.950-0800][gc,heap     ] GC(62) Eden regions: 609->0(610)
[2021-11-11T18:43:58.950-0800][gc,heap     ] GC(62) Survivor regions: 5->4(77)
[2021-11-11T18:43:58.950-0800][gc,heap     ] GC(62) Old regions: 16->16
[2021-11-11T18:43:58.950-0800][gc,heap     ] GC(62) Archive regions: 2->2
[2021-11-11T18:43:58.950-0800][gc,heap     ] GC(62) Humongous regions: 129->129
[2021-11-11T18:43:58.950-0800][gc,metaspace] GC(62) Metaspace: 41079K(41728K)->41079K(41728K) NonClass: 36223K(36608K)->36223K(36608K) Class: 4855K(5120K)->4855K(5120K)
[2021-11-11T18:43:58.950-0800][gc          ] GC(62) Pause Young (Normal) (G1 Evacuation Pause) 759M->149M(1024M) 18.784ms
[2021-11-11T18:43:58.950-0800][gc,cpu      ] GC(62) User=0.03s Sys=0.01s Real=0.02s
[2021-11-11T18:48:25.032-0800][gc,start    ] GC(63) Pause Young (Normal) (G1 Evacuation Pause)
[2021-11-11T18:48:25.032-0800][gc,task     ] GC(63) Using 8 workers of 8 for evacuation
[2021-11-11T18:48:25.045-0800][gc,phases   ] GC(63)   Pre Evacuate Collection Set: 0.4ms
[2021-11-11T18:48:25.045-0800][gc,phases   ] GC(63)   Merge Heap Roots: 0.2ms
[2021-11-11T18:48:25.045-0800][gc,phases   ] GC(63)   Evacuate Collection Set: 10.7ms
[2021-11-11T18:48:25.045-0800][gc,phases   ] GC(63)   Post Evacuate Collection Set: 1.0ms
[2021-11-11T18:48:25.045-0800][gc,phases   ] GC(63)   Other: 0.7ms
[2021-11-11T18:48:25.045-0800][gc,heap     ] GC(63) Eden regions: 610->0(609)
[2021-11-11T18:48:25.045-0800][gc,heap     ] GC(63) Survivor regions: 4->5(77)
[2021-11-11T18:48:25.045-0800][gc,heap     ] GC(63) Old regions: 16->16
[2021-11-11T18:48:25.045-0800][gc,heap     ] GC(63) Archive regions: 2->2
[2021-11-11T18:48:25.045-0800][gc,heap     ] GC(63) Humongous regions: 129->129
[2021-11-11T18:48:25.045-0800][gc,metaspace] GC(63) Metaspace: 41079K(41728K)->41079K(41728K) NonClass: 36223K(36608K)->36223K(36608K) Class: 4855K(5120K)->4855K(5120K)
[2021-11-11T18:48:25.045-0800][gc          ] GC(63) Pause Young (Normal) (G1 Evacuation Pause) 759M->150M(1024M) 13.518ms
[2021-11-11T18:48:25.045-0800][gc,cpu      ] GC(63) User=0.04s Sys=0.00s Real=0.01s
[2021-11-11T18:52:50.327-0800][gc,start    ] GC(64) Pause Young (Normal) (G1 Evacuation Pause)
[2021-11-11T18:52:50.328-0800][gc,task     ] GC(64) Using 8 workers of 8 for evacuation
[2021-11-11T18:52:50.342-0800][gc,phases   ] GC(64)   Pre Evacuate Collection Set: 0.3ms
[2021-11-11T18:52:50.342-0800][gc,phases   ] GC(64)   Merge Heap Roots: 0.2ms
[2021-11-11T18:52:50.342-0800][gc,phases   ] GC(64)   Evacuate Collection Set: 11.8ms
[2021-11-11T18:52:50.342-0800][gc,phases   ] GC(64)   Post Evacuate Collection Set: 1.0ms
[2021-11-11T18:52:50.342-0800][gc,phases   ] GC(64)   Other: 1.7ms
[2021-11-11T18:52:50.342-0800][gc,heap     ] GC(64) Eden regions: 609->0(609)
[2021-11-11T18:52:50.342-0800][gc,heap     ] GC(64) Survivor regions: 5->5(77)
[2021-11-11T18:52:50.342-0800][gc,heap     ] GC(64) Old regions: 16->16
[2021-11-11T18:52:50.342-0800][gc,heap     ] GC(64) Archive regions: 2->2
[2021-11-11T18:52:50.342-0800][gc,heap     ] GC(64) Humongous regions: 129->129
[2021-11-11T18:52:50.342-0800][gc,metaspace] GC(64) Metaspace: 41079K(41728K)->41079K(41728K) NonClass: 36223K(36608K)->36223K(36608K) Class: 4855K(5120K)->4855K(5120K)
[2021-11-11T18:52:50.342-0800][gc          ] GC(64) Pause Young (Normal) (G1 Evacuation Pause) 759M->150M(1024M) 15.264ms
[2021-11-11T18:52:50.342-0800][gc,cpu      ] GC(64) User=0.04s Sys=0.00s Real=0.02s
[2021-11-11T18:57:15.746-0800][gc,start    ] GC(65) Pause Young (Normal) (G1 Evacuation Pause)
[2021-11-11T18:57:15.747-0800][gc,task     ] GC(65) Using 8 workers of 8 for evacuation
[2021-11-11T18:57:15.764-0800][gc,phases   ] GC(65)   Pre Evacuate Collection Set: 0.3ms
[2021-11-11T18:57:15.764-0800][gc,phases   ] GC(65)   Merge Heap Roots: 0.2ms
[2021-11-11T18:57:15.764-0800][gc,phases   ] GC(65)   Evacuate Collection Set: 15.1ms
[2021-11-11T18:57:15.764-0800][gc,phases   ] GC(65)   Post Evacuate Collection Set: 0.6ms
[2021-11-11T18:57:15.764-0800][gc,phases   ] GC(65)   Other: 1.5ms
[2021-11-11T18:57:15.764-0800][gc,heap     ] GC(65) Eden regions: 609->0(608)
[2021-11-11T18:57:15.764-0800][gc,heap     ] GC(65) Survivor regions: 5->6(77)
[2021-11-11T18:57:15.764-0800][gc,heap     ] GC(65) Old regions: 16->16
[2021-11-11T18:57:15.764-0800][gc,heap     ] GC(65) Archive regions: 2->2
[2021-11-11T18:57:15.764-0800][gc,heap     ] GC(65) Humongous regions: 129->129
[2021-11-11T18:57:15.764-0800][gc,metaspace] GC(65) Metaspace: 41105K(41728K)->41105K(41728K) NonClass: 36249K(36608K)->36249K(36608K) Class: 4855K(5120K)->4855K(5120K)
[2021-11-11T18:57:15.764-0800][gc          ] GC(65) Pause Young (Normal) (G1 Evacuation Pause) 759M->151M(1024M) 17.789ms
[2021-11-11T18:57:15.764-0800][gc,cpu      ] GC(65) User=0.04s Sys=0.00s Real=0.02s
[2021-11-11T19:01:41.528-0800][gc,start    ] GC(66) Pause Young (Normal) (G1 Evacuation Pause)
[2021-11-11T19:01:41.529-0800][gc,task     ] GC(66) Using 8 workers of 8 for evacuation
[2021-11-11T19:01:41.543-0800][gc,phases   ] GC(66)   Pre Evacuate Collection Set: 0.4ms
[2021-11-11T19:01:41.543-0800][gc,phases   ] GC(66)   Merge Heap Roots: 0.2ms
[2021-11-11T19:01:41.543-0800][gc,phases   ] GC(66)   Evacuate Collection Set: 11.8ms
[2021-11-11T19:01:41.543-0800][gc,phases   ] GC(66)   Post Evacuate Collection Set: 0.8ms
[2021-11-11T19:01:41.543-0800][gc,phases   ] GC(66)   Other: 1.6ms
[2021-11-11T19:01:41.543-0800][gc,heap     ] GC(66) Eden regions: 608->0(610)
[2021-11-11T19:01:41.543-0800][gc,heap     ] GC(66) Survivor regions: 6->4(77)
[2021-11-11T19:01:41.543-0800][gc,heap     ] GC(66) Old regions: 16->16
[2021-11-11T19:01:41.543-0800][gc,heap     ] GC(66) Archive regions: 2->2
[2021-11-11T19:01:41.543-0800][gc,heap     ] GC(66) Humongous regions: 129->129
[2021-11-11T19:01:41.543-0800][gc,metaspace] GC(66) Metaspace: 41105K(41728K)->41105K(41728K) NonClass: 36249K(36608K)->36249K(36608K) Class: 4855K(5120K)->4855K(5120K)
[2021-11-11T19:01:41.543-0800][gc          ] GC(66) Pause Young (Normal) (G1 Evacuation Pause) 759M->149M(1024M) 15.122ms
[2021-11-11T19:01:41.543-0800][gc,cpu      ] GC(66) User=0.04s Sys=0.01s Real=0.02s
[2021-11-11T19:06:06.421-0800][gc,start    ] GC(67) Pause Young (Normal) (G1 Evacuation Pause)
[2021-11-11T19:06:06.422-0800][gc,task     ] GC(67) Using 8 workers of 8 for evacuation
[2021-11-11T19:06:06.434-0800][gc,phases   ] GC(67)   Pre Evacuate Collection Set: 0.4ms
[2021-11-11T19:06:06.434-0800][gc,phases   ] GC(67)   Merge Heap Roots: 0.3ms
[2021-11-11T19:06:06.434-0800][gc,phases   ] GC(67)   Evacuate Collection Set: 10.8ms
[2021-11-11T19:06:06.434-0800][gc,phases   ] GC(67)   Post Evacuate Collection Set: 0.5ms
[2021-11-11T19:06:06.434-0800][gc,phases   ] GC(67)   Other: 1.3ms
[2021-11-11T19:06:06.434-0800][gc,heap     ] GC(67) Eden regions: 610->0(609)
[2021-11-11T19:06:06.434-0800][gc,heap     ] GC(67) Survivor regions: 4->5(77)
[2021-11-11T19:06:06.434-0800][gc,heap     ] GC(67) Old regions: 16->16
[2021-11-11T19:06:06.434-0800][gc,heap     ] GC(67) Archive regions: 2->2
[2021-11-11T19:06:06.434-0800][gc,heap     ] GC(67) Humongous regions: 129->129
[2021-11-11T19:06:06.434-0800][gc,metaspace] GC(67) Metaspace: 41105K(41728K)->41105K(41728K) NonClass: 36249K(36608K)->36249K(36608K) Class: 4855K(5120K)->4855K(5120K)
[2021-11-11T19:06:06.434-0800][gc          ] GC(67) Pause Young (Normal) (G1 Evacuation Pause) 759M->150M(1024M) 13.384ms
[2021-11-11T19:06:06.434-0800][gc,cpu      ] GC(67) User=0.04s Sys=0.01s Real=0.01s
[2021-11-11T19:10:31.643-0800][gc,start    ] GC(68) Pause Young (Normal) (G1 Evacuation Pause)
[2021-11-11T19:10:31.644-0800][gc,task     ] GC(68) Using 8 workers of 8 for evacuation
[2021-11-11T19:10:31.655-0800][gc,phases   ] GC(68)   Pre Evacuate Collection Set: 0.4ms
[2021-11-11T19:10:31.655-0800][gc,phases   ] GC(68)   Merge Heap Roots: 0.2ms
[2021-11-11T19:10:31.655-0800][gc,phases   ] GC(68)   Evacuate Collection Set: 9.4ms
[2021-11-11T19:10:31.655-0800][gc,phases   ] GC(68)   Post Evacuate Collection Set: 0.9ms
[2021-11-11T19:10:31.655-0800][gc,phases   ] GC(68)   Other: 0.6ms
[2021-11-11T19:10:31.655-0800][gc,heap     ] GC(68) Eden regions: 609->0(609)
[2021-11-11T19:10:31.655-0800][gc,heap     ] GC(68) Survivor regions: 5->5(77)
[2021-11-11T19:10:31.655-0800][gc,heap     ] GC(68) Old regions: 16->16
[2021-11-11T19:10:31.655-0800][gc,heap     ] GC(68) Archive regions: 2->2
[2021-11-11T19:10:31.655-0800][gc,heap     ] GC(68) Humongous regions: 129->129
[2021-11-11T19:10:31.655-0800][gc,metaspace] GC(68) Metaspace: 41105K(41728K)->41105K(41728K) NonClass: 36250K(36608K)->36250K(36608K) Class: 4855K(5120K)->4855K(5120K)
[2021-11-11T19:10:31.655-0800][gc          ] GC(68) Pause Young (Normal) (G1 Evacuation Pause) 759M->150M(1024M) 11.920ms
[2021-11-11T19:10:31.655-0800][gc,cpu      ] GC(68) User=0.02s Sys=0.01s Real=0.01s
[2021-11-11T19:14:56.845-0800][gc,start    ] GC(69) Pause Young (Normal) (G1 Evacuation Pause)
[2021-11-11T19:14:56.846-0800][gc,task     ] GC(69) Using 8 workers of 8 for evacuation
[2021-11-11T19:14:56.857-0800][gc,phases   ] GC(69)   Pre Evacuate Collection Set: 0.5ms
[2021-11-11T19:14:56.858-0800][gc,phases   ] GC(69)   Merge Heap Roots: 0.4ms
[2021-11-11T19:14:56.858-0800][gc,phases   ] GC(69)   Evacuate Collection Set: 8.9ms
[2021-11-11T19:14:56.858-0800][gc,phases   ] GC(69)   Post Evacuate Collection Set: 1.1ms
[2021-11-11T19:14:56.858-0800][gc,phases   ] GC(69)   Other: 1.8ms
[2021-11-11T19:14:56.858-0800][gc,heap     ] GC(69) Eden regions: 609->0(610)
[2021-11-11T19:14:56.858-0800][gc,heap     ] GC(69) Survivor regions: 5->4(77)
[2021-11-11T19:14:56.858-0800][gc,heap     ] GC(69) Old regions: 16->16
[2021-11-11T19:14:56.858-0800][gc,heap     ] GC(69) Archive regions: 2->2
[2021-11-11T19:14:56.858-0800][gc,heap     ] GC(69) Humongous regions: 129->129
[2021-11-11T19:14:56.858-0800][gc,metaspace] GC(69) Metaspace: 41108K(41728K)->41108K(41728K) NonClass: 36252K(36608K)->36252K(36608K) Class: 4855K(5120K)->4855K(5120K)
[2021-11-11T19:14:56.858-0800][gc          ] GC(69) Pause Young (Normal) (G1 Evacuation Pause) 759M->149M(1024M) 12.935ms
[2021-11-11T19:14:56.858-0800][gc,cpu      ] GC(69) User=0.02s Sys=0.01s Real=0.01s
[2021-11-11T19:19:22.603-0800][gc,start    ] GC(70) Pause Young (Normal) (G1 Evacuation Pause)
[2021-11-11T19:19:22.605-0800][gc,task     ] GC(70) Using 8 workers of 8 for evacuation
[2021-11-11T19:19:22.617-0800][gc,phases   ] GC(70)   Pre Evacuate Collection Set: 0.4ms
[2021-11-11T19:19:22.617-0800][gc,phases   ] GC(70)   Merge Heap Roots: 0.2ms
[2021-11-11T19:19:22.617-0800][gc,phases   ] GC(70)   Evacuate Collection Set: 10.8ms
[2021-11-11T19:19:22.617-0800][gc,phases   ] GC(70)   Post Evacuate Collection Set: 0.7ms
[2021-11-11T19:19:22.617-0800][gc,phases   ] GC(70)   Other: 1.9ms
[2021-11-11T19:19:22.617-0800][gc,heap     ] GC(70) Eden regions: 610->0(609)
[2021-11-11T19:19:22.617-0800][gc,heap     ] GC(70) Survivor regions: 4->5(77)
[2021-11-11T19:19:22.617-0800][gc,heap     ] GC(70) Old regions: 16->17
[2021-11-11T19:19:22.617-0800][gc,heap     ] GC(70) Archive regions: 2->2
[2021-11-11T19:19:22.617-0800][gc,heap     ] GC(70) Humongous regions: 129->129
[2021-11-11T19:19:22.617-0800][gc,metaspace] GC(70) Metaspace: 41108K(41728K)->41108K(41728K) NonClass: 36252K(36608K)->36252K(36608K) Class: 4855K(5120K)->4855K(5120K)
[2021-11-11T19:19:22.617-0800][gc          ] GC(70) Pause Young (Normal) (G1 Evacuation Pause) 759M->150M(1024M) 14.162ms
[2021-11-11T19:19:22.617-0800][gc,cpu      ] GC(70) User=0.04s Sys=0.01s Real=0.01s
[2021-11-11T19:23:49.005-0800][gc,start    ] GC(71) Pause Young (Normal) (G1 Evacuation Pause)
[2021-11-11T19:23:49.005-0800][gc,task     ] GC(71) Using 8 workers of 8 for evacuation
[2021-11-11T19:23:49.020-0800][gc,phases   ] GC(71)   Pre Evacuate Collection Set: 0.4ms
[2021-11-11T19:23:49.020-0800][gc,phases   ] GC(71)   Merge Heap Roots: 0.2ms
[2021-11-11T19:23:49.020-0800][gc,phases   ] GC(71)   Evacuate Collection Set: 12.7ms
[2021-11-11T19:23:49.020-0800][gc,phases   ] GC(71)   Post Evacuate Collection Set: 0.8ms
[2021-11-11T19:23:49.020-0800][gc,phases   ] GC(71)   Other: 1.1ms
[2021-11-11T19:23:49.020-0800][gc,heap     ] GC(71) Eden regions: 609->0(609)
[2021-11-11T19:23:49.020-0800][gc,heap     ] GC(71) Survivor regions: 5->5(77)
[2021-11-11T19:23:49.020-0800][gc,heap     ] GC(71) Old regions: 17->17
[2021-11-11T19:23:49.020-0800][gc,heap     ] GC(71) Archive regions: 2->2
[2021-11-11T19:23:49.020-0800][gc,heap     ] GC(71) Humongous regions: 129->129
[2021-11-11T19:23:49.020-0800][gc,metaspace] GC(71) Metaspace: 41108K(41728K)->41108K(41728K) NonClass: 36252K(36608K)->36252K(36608K) Class: 4855K(5120K)->4855K(5120K)
[2021-11-11T19:23:49.020-0800][gc          ] GC(71) Pause Young (Normal) (G1 Evacuation Pause) 759M->150M(1024M) 15.514ms
[2021-11-11T19:23:49.020-0800][gc,cpu      ] GC(71) User=0.04s Sys=0.00s Real=0.02s
[2021-11-11T19:28:15.253-0800][gc,start    ] GC(72) Pause Young (Normal) (G1 Evacuation Pause)
[2021-11-11T19:28:15.254-0800][gc,task     ] GC(72) Using 8 workers of 8 for evacuation
[2021-11-11T19:28:15.270-0800][gc,phases   ] GC(72)   Pre Evacuate Collection Set: 0.4ms
[2021-11-11T19:28:15.270-0800][gc,phases   ] GC(72)   Merge Heap Roots: 0.2ms
[2021-11-11T19:28:15.270-0800][gc,phases   ] GC(72)   Evacuate Collection Set: 13.6ms
[2021-11-11T19:28:15.270-0800][gc,phases   ] GC(72)   Post Evacuate Collection Set: 1.2ms
[2021-11-11T19:28:15.271-0800][gc,phases   ] GC(72)   Other: 1.6ms
[2021-11-11T19:28:15.271-0800][gc,heap     ] GC(72) Eden regions: 609->0(610)
[2021-11-11T19:28:15.271-0800][gc,heap     ] GC(72) Survivor regions: 5->4(77)
[2021-11-11T19:28:15.271-0800][gc,heap     ] GC(72) Old regions: 17->17
[2021-11-11T19:28:15.271-0800][gc,heap     ] GC(72) Archive regions: 2->2
[2021-11-11T19:28:15.271-0800][gc,heap     ] GC(72) Humongous regions: 129->129
[2021-11-11T19:28:15.271-0800][gc,metaspace] GC(72) Metaspace: 41109K(41728K)->41109K(41728K) NonClass: 36253K(36608K)->36253K(36608K) Class: 4855K(5120K)->4855K(5120K)
[2021-11-11T19:28:15.271-0800][gc          ] GC(72) Pause Young (Normal) (G1 Evacuation Pause) 759M->149M(1024M) 17.388ms
[2021-11-11T19:28:15.271-0800][gc,cpu      ] GC(72) User=0.04s Sys=0.01s Real=0.02s
[2021-11-11T19:32:41.103-0800][gc,start    ] GC(73) Pause Young (Normal) (G1 Evacuation Pause)
[2021-11-11T19:32:41.104-0800][gc,task     ] GC(73) Using 8 workers of 8 for evacuation
[2021-11-11T19:32:41.119-0800][gc,phases   ] GC(73)   Pre Evacuate Collection Set: 0.3ms
[2021-11-11T19:32:41.119-0800][gc,phases   ] GC(73)   Merge Heap Roots: 0.2ms
[2021-11-11T19:32:41.119-0800][gc,phases   ] GC(73)   Evacuate Collection Set: 12.8ms
[2021-11-11T19:32:41.119-0800][gc,phases   ] GC(73)   Post Evacuate Collection Set: 0.9ms
[2021-11-11T19:32:41.119-0800][gc,phases   ] GC(73)   Other: 1.6ms
[2021-11-11T19:32:41.119-0800][gc,heap     ] GC(73) Eden regions: 610->0(609)
[2021-11-11T19:32:41.119-0800][gc,heap     ] GC(73) Survivor regions: 4->5(77)
[2021-11-11T19:32:41.119-0800][gc,heap     ] GC(73) Old regions: 17->17
[2021-11-11T19:32:41.119-0800][gc,heap     ] GC(73) Archive regions: 2->2
[2021-11-11T19:32:41.119-0800][gc,heap     ] GC(73) Humongous regions: 129->129
[2021-11-11T19:32:41.119-0800][gc,metaspace] GC(73) Metaspace: 41109K(41728K)->41109K(41728K) NonClass: 36253K(36608K)->36253K(36608K) Class: 4855K(5120K)->4855K(5120K)
[2021-11-11T19:32:41.119-0800][gc          ] GC(73) Pause Young (Normal) (G1 Evacuation Pause) 759M->150M(1024M) 15.911ms
[2021-11-11T19:32:41.119-0800][gc,cpu      ] GC(73) User=0.04s Sys=0.00s Real=0.01s
[2021-11-11T19:37:08.474-0800][gc,start    ] GC(74) Pause Young (Normal) (G1 Evacuation Pause)
[2021-11-11T19:37:08.475-0800][gc,task     ] GC(74) Using 8 workers of 8 for evacuation
[2021-11-11T19:37:08.491-0800][gc,phases   ] GC(74)   Pre Evacuate Collection Set: 0.5ms
[2021-11-11T19:37:08.491-0800][gc,phases   ] GC(74)   Merge Heap Roots: 0.2ms
[2021-11-11T19:37:08.491-0800][gc,phases   ] GC(74)   Evacuate Collection Set: 13.6ms
[2021-11-11T19:37:08.491-0800][gc,phases   ] GC(74)   Post Evacuate Collection Set: 1.5ms
[2021-11-11T19:37:08.491-0800][gc,phases   ] GC(74)   Other: 1.9ms
[2021-11-11T19:37:08.491-0800][gc,heap     ] GC(74) Eden regions: 609->0(609)
[2021-11-11T19:37:08.491-0800][gc,heap     ] GC(74) Survivor regions: 5->5(77)
[2021-11-11T19:37:08.491-0800][gc,heap     ] GC(74) Old regions: 17->17
[2021-11-11T19:37:08.491-0800][gc,heap     ] GC(74) Archive regions: 2->2
[2021-11-11T19:37:08.491-0800][gc,heap     ] GC(74) Humongous regions: 129->129
[2021-11-11T19:37:08.492-0800][gc,metaspace] GC(74) Metaspace: 41109K(41728K)->41109K(41728K) NonClass: 36253K(36608K)->36253K(36608K) Class: 4855K(5120K)->4855K(5120K)
[2021-11-11T19:37:08.492-0800][gc          ] GC(74) Pause Young (Normal) (G1 Evacuation Pause) 759M->150M(1024M) 17.944ms
[2021-11-11T19:37:08.492-0800][gc,cpu      ] GC(74) User=0.05s Sys=0.01s Real=0.02s
[2021-11-11T19:41:34.511-0800][gc,start    ] GC(75) Pause Young (Normal) (G1 Evacuation Pause)
[2021-11-11T19:41:34.512-0800][gc,task     ] GC(75) Using 8 workers of 8 for evacuation
[2021-11-11T19:41:34.526-0800][gc,phases   ] GC(75)   Pre Evacuate Collection Set: 0.7ms
[2021-11-11T19:41:34.530-0800][gc,phases   ] GC(75)   Merge Heap Roots: 0.4ms
[2021-11-11T19:41:34.530-0800][gc,phases   ] GC(75)   Evacuate Collection Set: 12.2ms
[2021-11-11T19:41:34.530-0800][gc,phases   ] GC(75)   Post Evacuate Collection Set: 0.9ms
[2021-11-11T19:41:34.530-0800][gc,phases   ] GC(75)   Other: 1.6ms
[2021-11-11T19:41:34.530-0800][gc,heap     ] GC(75) Eden regions: 609->0(608)
[2021-11-11T19:41:34.530-0800][gc,heap     ] GC(75) Survivor regions: 5->6(77)
[2021-11-11T19:41:34.530-0800][gc,heap     ] GC(75) Old regions: 17->17
[2021-11-11T19:41:34.531-0800][gc,heap     ] GC(75) Archive regions: 2->2
[2021-11-11T19:41:34.531-0800][gc,heap     ] GC(75) Humongous regions: 129->129
[2021-11-11T19:41:34.531-0800][gc,metaspace] GC(75) Metaspace: 41109K(41728K)->41109K(41728K) NonClass: 36253K(36608K)->36253K(36608K) Class: 4855K(5120K)->4855K(5120K)
[2021-11-11T19:41:34.531-0800][gc          ] GC(75) Pause Young (Normal) (G1 Evacuation Pause) 759M->151M(1024M) 20.326ms
[2021-11-11T19:41:34.531-0800][gc,cpu      ] GC(75) User=0.03s Sys=0.01s Real=0.02s
[2021-11-11T19:45:59.595-0800][gc,start    ] GC(76) Pause Young (Normal) (G1 Evacuation Pause)
[2021-11-11T19:45:59.596-0800][gc,task     ] GC(76) Using 8 workers of 8 for evacuation
[2021-11-11T19:45:59.606-0800][gc,phases   ] GC(76)   Pre Evacuate Collection Set: 0.2ms
[2021-11-11T19:45:59.606-0800][gc,phases   ] GC(76)   Merge Heap Roots: 0.2ms
[2021-11-11T19:45:59.606-0800][gc,phases   ] GC(76)   Evacuate Collection Set: 7.9ms
[2021-11-11T19:45:59.606-0800][gc,phases   ] GC(76)   Post Evacuate Collection Set: 1.1ms
[2021-11-11T19:45:59.606-0800][gc,phases   ] GC(76)   Other: 1.4ms
[2021-11-11T19:45:59.606-0800][gc,heap     ] GC(76) Eden regions: 608->0(609)
[2021-11-11T19:45:59.606-0800][gc,heap     ] GC(76) Survivor regions: 6->5(77)
[2021-11-11T19:45:59.606-0800][gc,heap     ] GC(76) Old regions: 17->17
[2021-11-11T19:45:59.606-0800][gc,heap     ] GC(76) Archive regions: 2->2
[2021-11-11T19:45:59.606-0800][gc,heap     ] GC(76) Humongous regions: 129->129
[2021-11-11T19:45:59.606-0800][gc,metaspace] GC(76) Metaspace: 41109K(41728K)->41109K(41728K) NonClass: 36253K(36608K)->36253K(36608K) Class: 4855K(5120K)->4855K(5120K)
[2021-11-11T19:45:59.607-0800][gc          ] GC(76) Pause Young (Normal) (G1 Evacuation Pause) 759M->150M(1024M) 11.101ms
[2021-11-11T19:45:59.607-0800][gc,cpu      ] GC(76) User=0.02s Sys=0.01s Real=0.01s
[2021-11-11T19:50:24.876-0800][gc,start    ] GC(77) Pause Young (Normal) (G1 Evacuation Pause)
[2021-11-11T19:50:24.876-0800][gc,task     ] GC(77) Using 8 workers of 8 for evacuation
[2021-11-11T19:50:24.888-0800][gc,phases   ] GC(77)   Pre Evacuate Collection Set: 0.4ms
[2021-11-11T19:50:24.888-0800][gc,phases   ] GC(77)   Merge Heap Roots: 0.4ms
[2021-11-11T19:50:24.889-0800][gc,phases   ] GC(77)   Evacuate Collection Set: 10.0ms
[2021-11-11T19:50:24.889-0800][gc,phases   ] GC(77)   Post Evacuate Collection Set: 1.4ms
[2021-11-11T19:50:24.889-0800][gc,phases   ] GC(77)   Other: 0.7ms
[2021-11-11T19:50:24.889-0800][gc,heap     ] GC(77) Eden regions: 609->0(609)
[2021-11-11T19:50:24.889-0800][gc,heap     ] GC(77) Survivor regions: 5->5(77)
[2021-11-11T19:50:24.889-0800][gc,heap     ] GC(77) Old regions: 17->17
[2021-11-11T19:50:24.889-0800][gc,heap     ] GC(77) Archive regions: 2->2
[2021-11-11T19:50:24.889-0800][gc,heap     ] GC(77) Humongous regions: 129->129
[2021-11-11T19:50:24.889-0800][gc,metaspace] GC(77) Metaspace: 41109K(41728K)->41109K(41728K) NonClass: 36253K(36608K)->36253K(36608K) Class: 4855K(5120K)->4855K(5120K)
[2021-11-11T19:50:24.889-0800][gc          ] GC(77) Pause Young (Normal) (G1 Evacuation Pause) 759M->150M(1024M) 13.163ms
[2021-11-11T19:50:24.889-0800][gc,cpu      ] GC(77) User=0.03s Sys=0.02s Real=0.01s
[2021-11-11T19:54:50.345-0800][gc,start    ] GC(78) Pause Young (Normal) (G1 Evacuation Pause)
[2021-11-11T19:54:50.346-0800][gc,task     ] GC(78) Using 8 workers of 8 for evacuation
[2021-11-11T19:54:50.373-0800][gc,mmu      ] GC(78) MMU target violated: 21.0ms (20.0ms/21.0ms)
[2021-11-11T19:54:50.373-0800][gc,phases   ] GC(78)   Pre Evacuate Collection Set: 0.6ms
[2021-11-11T19:54:50.373-0800][gc,phases   ] GC(78)   Merge Heap Roots: 0.5ms
[2021-11-11T19:54:50.373-0800][gc,phases   ] GC(78)   Evacuate Collection Set: 20.1ms
[2021-11-11T19:54:50.373-0800][gc,phases   ] GC(78)   Post Evacuate Collection Set: 5.6ms
[2021-11-11T19:54:50.373-0800][gc,phases   ] GC(78)   Other: 0.9ms
[2021-11-11T19:54:50.373-0800][gc,heap     ] GC(78) Eden regions: 609->0(609)
[2021-11-11T19:54:50.373-0800][gc,heap     ] GC(78) Survivor regions: 5->5(77)
[2021-11-11T19:54:50.373-0800][gc,heap     ] GC(78) Old regions: 17->17
[2021-11-11T19:54:50.373-0800][gc,heap     ] GC(78) Archive regions: 2->2
[2021-11-11T19:54:50.373-0800][gc,heap     ] GC(78) Humongous regions: 129->129
[2021-11-11T19:54:50.373-0800][gc,metaspace] GC(78) Metaspace: 41109K(41728K)->41109K(41728K) NonClass: 36253K(36608K)->36253K(36608K) Class: 4855K(5120K)->4855K(5120K)
[2021-11-11T19:54:50.373-0800][gc          ] GC(78) Pause Young (Normal) (G1 Evacuation Pause) 759M->150M(1024M) 27.814ms
[2021-11-11T19:54:50.373-0800][gc,cpu      ] GC(78) User=0.03s Sys=0.02s Real=0.03s
[2021-11-11T19:59:15.424-0800][gc,start    ] GC(79) Pause Young (Normal) (G1 Evacuation Pause)
[2021-11-11T19:59:15.425-0800][gc,task     ] GC(79) Using 8 workers of 8 for evacuation
[2021-11-11T19:59:15.450-0800][gc,mmu      ] GC(79) MMU target violated: 21.0ms (20.0ms/21.0ms)
[2021-11-11T19:59:15.450-0800][gc,phases   ] GC(79)   Pre Evacuate Collection Set: 0.6ms
[2021-11-11T19:59:15.450-0800][gc,phases   ] GC(79)   Merge Heap Roots: 0.6ms
[2021-11-11T19:59:15.450-0800][gc,phases   ] GC(79)   Evacuate Collection Set: 18.3ms
[2021-11-11T19:59:15.450-0800][gc,phases   ] GC(79)   Post Evacuate Collection Set: 5.7ms
[2021-11-11T19:59:15.450-0800][gc,phases   ] GC(79)   Other: 0.8ms
[2021-11-11T19:59:15.450-0800][gc,heap     ] GC(79) Eden regions: 609->0(608)
[2021-11-11T19:59:15.451-0800][gc,heap     ] GC(79) Survivor regions: 5->6(77)
[2021-11-11T19:59:15.451-0800][gc,heap     ] GC(79) Old regions: 17->17
[2021-11-11T19:59:15.451-0800][gc,heap     ] GC(79) Archive regions: 2->2
[2021-11-11T19:59:15.451-0800][gc,heap     ] GC(79) Humongous regions: 129->129
[2021-11-11T19:59:15.451-0800][gc,metaspace] GC(79) Metaspace: 41110K(41728K)->41110K(41728K) NonClass: 36254K(36608K)->36254K(36608K) Class: 4855K(5120K)->4855K(5120K)
[2021-11-11T19:59:15.451-0800][gc          ] GC(79) Pause Young (Normal) (G1 Evacuation Pause) 759M->151M(1024M) 26.133ms
[2021-11-11T19:59:15.451-0800][gc,cpu      ] GC(79) User=0.02s Sys=0.02s Real=0.03s
[2021-11-11T20:03:39.401-0800][gc,start    ] GC(80) Pause Young (Normal) (G1 Evacuation Pause)
[2021-11-11T20:03:39.402-0800][gc,task     ] GC(80) Using 8 workers of 8 for evacuation
[2021-11-11T20:03:39.417-0800][gc,phases   ] GC(80)   Pre Evacuate Collection Set: 0.3ms
[2021-11-11T20:03:39.417-0800][gc,phases   ] GC(80)   Merge Heap Roots: 0.1ms
[2021-11-11T20:03:39.417-0800][gc,phases   ] GC(80)   Evacuate Collection Set: 13.0ms
[2021-11-11T20:03:39.417-0800][gc,phases   ] GC(80)   Post Evacuate Collection Set: 1.0ms
[2021-11-11T20:03:39.417-0800][gc,phases   ] GC(80)   Other: 1.3ms
[2021-11-11T20:03:39.417-0800][gc,heap     ] GC(80) Eden regions: 608->0(610)
[2021-11-11T20:03:39.417-0800][gc,heap     ] GC(80) Survivor regions: 6->4(77)
[2021-11-11T20:03:39.417-0800][gc,heap     ] GC(80) Old regions: 17->17
[2021-11-11T20:03:39.417-0800][gc,heap     ] GC(80) Archive regions: 2->2
[2021-11-11T20:03:39.417-0800][gc,heap     ] GC(80) Humongous regions: 129->129
[2021-11-11T20:03:39.417-0800][gc,metaspace] GC(80) Metaspace: 41111K(41728K)->41111K(41728K) NonClass: 36255K(36608K)->36255K(36608K) Class: 4855K(5120K)->4855K(5120K)
[2021-11-11T20:03:39.417-0800][gc          ] GC(80) Pause Young (Normal) (G1 Evacuation Pause) 759M->150M(1024M) 16.046ms
[2021-11-11T20:03:39.417-0800][gc,cpu      ] GC(80) User=0.04s Sys=0.01s Real=0.01s
[2021-11-11T20:08:03.411-0800][gc,start    ] GC(81) Pause Young (Normal) (G1 Evacuation Pause)
[2021-11-11T20:08:03.412-0800][gc,task     ] GC(81) Using 8 workers of 8 for evacuation
[2021-11-11T20:08:03.425-0800][gc,phases   ] GC(81)   Pre Evacuate Collection Set: 0.6ms
[2021-11-11T20:08:03.425-0800][gc,phases   ] GC(81)   Merge Heap Roots: 0.3ms
[2021-11-11T20:08:03.425-0800][gc,phases   ] GC(81)   Evacuate Collection Set: 10.3ms
[2021-11-11T20:08:03.425-0800][gc,phases   ] GC(81)   Post Evacuate Collection Set: 1.4ms
[2021-11-11T20:08:03.425-0800][gc,phases   ] GC(81)   Other: 1.6ms
[2021-11-11T20:08:03.425-0800][gc,heap     ] GC(81) Eden regions: 610->0(610)
[2021-11-11T20:08:03.425-0800][gc,heap     ] GC(81) Survivor regions: 4->4(77)
[2021-11-11T20:08:03.425-0800][gc,heap     ] GC(81) Old regions: 17->17
[2021-11-11T20:08:03.425-0800][gc,heap     ] GC(81) Archive regions: 2->2
[2021-11-11T20:08:03.425-0800][gc,heap     ] GC(81) Humongous regions: 129->129
[2021-11-11T20:08:03.425-0800][gc,metaspace] GC(81) Metaspace: 41126K(41728K)->41126K(41728K) NonClass: 36270K(36608K)->36270K(36608K) Class: 4855K(5120K)->4855K(5120K)
[2021-11-11T20:08:03.425-0800][gc          ] GC(81) Pause Young (Normal) (G1 Evacuation Pause) 760M->150M(1024M) 14.531ms
[2021-11-11T20:08:03.425-0800][gc,cpu      ] GC(81) User=0.03s Sys=0.01s Real=0.01s
[2021-11-11T20:12:28.474-0800][gc,start    ] GC(82) Pause Young (Normal) (G1 Evacuation Pause)
[2021-11-11T20:12:28.491-0800][gc,task     ] GC(82) Using 8 workers of 8 for evacuation
[2021-11-11T20:12:28.505-0800][gc,phases   ] GC(82)   Pre Evacuate Collection Set: 0.4ms
[2021-11-11T20:12:28.505-0800][gc,phases   ] GC(82)   Merge Heap Roots: 0.2ms
[2021-11-11T20:12:28.505-0800][gc,phases   ] GC(82)   Evacuate Collection Set: 11.9ms
[2021-11-11T20:12:28.505-0800][gc,phases   ] GC(82)   Post Evacuate Collection Set: 0.8ms
[2021-11-11T20:12:28.505-0800][gc,phases   ] GC(82)   Other: 17.5ms
[2021-11-11T20:12:28.505-0800][gc,heap     ] GC(82) Eden regions: 610->0(609)
[2021-11-11T20:12:28.505-0800][gc,heap     ] GC(82) Survivor regions: 4->5(77)
[2021-11-11T20:12:28.505-0800][gc,heap     ] GC(82) Old regions: 17->17
[2021-11-11T20:12:28.505-0800][gc,heap     ] GC(82) Archive regions: 2->2
[2021-11-11T20:12:28.505-0800][gc,heap     ] GC(82) Humongous regions: 129->129
[2021-11-11T20:12:28.505-0800][gc,metaspace] GC(82) Metaspace: 41126K(41728K)->41126K(41728K) NonClass: 36270K(36608K)->36270K(36608K) Class: 4855K(5120K)->4855K(5120K)
[2021-11-11T20:12:28.505-0800][gc          ] GC(82) Pause Young (Normal) (G1 Evacuation Pause) 760M->150M(1024M) 30.996ms
[2021-11-11T20:12:28.505-0800][gc,cpu      ] GC(82) User=0.03s Sys=0.01s Real=0.03s
[2021-11-11T20:16:54.702-0800][gc,start    ] GC(83) Pause Young (Normal) (G1 Evacuation Pause)
[2021-11-11T20:16:54.703-0800][gc,task     ] GC(83) Using 8 workers of 8 for evacuation
[2021-11-11T20:16:54.719-0800][gc,phases   ] GC(83)   Pre Evacuate Collection Set: 0.6ms
[2021-11-11T20:16:54.719-0800][gc,phases   ] GC(83)   Merge Heap Roots: 0.2ms
[2021-11-11T20:16:54.719-0800][gc,phases   ] GC(83)   Evacuate Collection Set: 13.0ms
[2021-11-11T20:16:54.719-0800][gc,phases   ] GC(83)   Post Evacuate Collection Set: 1.4ms
[2021-11-11T20:16:54.719-0800][gc,phases   ] GC(83)   Other: 1.9ms
[2021-11-11T20:16:54.719-0800][gc,heap     ] GC(83) Eden regions: 609->0(611)
[2021-11-11T20:16:54.719-0800][gc,heap     ] GC(83) Survivor regions: 5->3(77)
[2021-11-11T20:16:54.719-0800][gc,heap     ] GC(83) Old regions: 17->17
[2021-11-11T20:16:54.719-0800][gc,heap     ] GC(83) Archive regions: 2->2
[2021-11-11T20:16:54.719-0800][gc,heap     ] GC(83) Humongous regions: 129->129
[2021-11-11T20:16:54.719-0800][gc,metaspace] GC(83) Metaspace: 41126K(41728K)->41126K(41728K) NonClass: 36270K(36608K)->36270K(36608K) Class: 4855K(5120K)->4855K(5120K)
[2021-11-11T20:16:54.719-0800][gc          ] GC(83) Pause Young (Normal) (G1 Evacuation Pause) 759M->149M(1024M) 17.367ms
[2021-11-11T20:16:54.719-0800][gc,cpu      ] GC(83) User=0.03s Sys=0.01s Real=0.01s
[2021-11-11T20:21:21.365-0800][gc,start    ] GC(84) Pause Young (Normal) (G1 Evacuation Pause)
[2021-11-11T20:21:21.377-0800][gc,task     ] GC(84) Using 8 workers of 8 for evacuation
[2021-11-11T20:21:21.386-0800][gc,phases   ] GC(84)   Pre Evacuate Collection Set: 0.3ms
[2021-11-11T20:21:21.402-0800][gc,phases   ] GC(84)   Merge Heap Roots: 0.2ms
[2021-11-11T20:21:21.402-0800][gc,phases   ] GC(84)   Evacuate Collection Set: 8.1ms
[2021-11-11T20:21:21.402-0800][gc,phases   ] GC(84)   Post Evacuate Collection Set: 0.6ms
[2021-11-11T20:21:21.402-0800][gc,phases   ] GC(84)   Other: 12.0ms
[2021-11-11T20:21:21.402-0800][gc,heap     ] GC(84) Eden regions: 611->0(610)
[2021-11-11T20:21:21.402-0800][gc,heap     ] GC(84) Survivor regions: 3->4(77)
[2021-11-11T20:21:21.403-0800][gc,heap     ] GC(84) Old regions: 17->18
[2021-11-11T20:21:21.403-0800][gc,heap     ] GC(84) Archive regions: 2->2
[2021-11-11T20:21:21.403-0800][gc,heap     ] GC(84) Humongous regions: 129->129
[2021-11-11T20:21:21.403-0800][gc,metaspace] GC(84) Metaspace: 41126K(41728K)->41126K(41728K) NonClass: 36270K(36608K)->36270K(36608K) Class: 4855K(5120K)->4855K(5120K)
[2021-11-11T20:21:21.403-0800][gc          ] GC(84) Pause Young (Normal) (G1 Evacuation Pause) 760M->150M(1024M) 37.410ms
[2021-11-11T20:21:21.403-0800][gc,cpu      ] GC(84) User=0.02s Sys=0.00s Real=0.04s
[2021-11-11T20:25:47.192-0800][gc,start    ] GC(85) Pause Young (Normal) (G1 Evacuation Pause)
[2021-11-11T20:25:47.194-0800][gc,task     ] GC(85) Using 8 workers of 8 for evacuation
[2021-11-11T20:25:47.213-0800][gc,phases   ] GC(85)   Pre Evacuate Collection Set: 0.9ms
[2021-11-11T20:25:47.214-0800][gc,phases   ] GC(85)   Merge Heap Roots: 0.5ms
[2021-11-11T20:25:47.214-0800][gc,phases   ] GC(85)   Evacuate Collection Set: 15.4ms
[2021-11-11T20:25:47.214-0800][gc,phases   ] GC(85)   Post Evacuate Collection Set: 2.1ms
[2021-11-11T20:25:47.214-0800][gc,phases   ] GC(85)   Other: 2.1ms
[2021-11-11T20:25:47.214-0800][gc,heap     ] GC(85) Eden regions: 610->0(610)
[2021-11-11T20:25:47.214-0800][gc,heap     ] GC(85) Survivor regions: 4->4(77)
[2021-11-11T20:25:47.214-0800][gc,heap     ] GC(85) Old regions: 18->18
[2021-11-11T20:25:47.214-0800][gc,heap     ] GC(85) Archive regions: 2->2
[2021-11-11T20:25:47.214-0800][gc,heap     ] GC(85) Humongous regions: 129->129
[2021-11-11T20:25:47.214-0800][gc,metaspace] GC(85) Metaspace: 41126K(41728K)->41126K(41728K) NonClass: 36270K(36608K)->36270K(36608K) Class: 4855K(5120K)->4855K(5120K)
[2021-11-11T20:25:47.214-0800][gc          ] GC(85) Pause Young (Normal) (G1 Evacuation Pause) 760M->150M(1024M) 21.381ms
[2021-11-11T20:25:47.214-0800][gc,cpu      ] GC(85) User=0.02s Sys=0.03s Real=0.02s
[2021-11-11T20:30:12.434-0800][gc,start    ] GC(86) Pause Young (Normal) (G1 Evacuation Pause)
[2021-11-11T20:30:12.435-0800][gc,task     ] GC(86) Using 8 workers of 8 for evacuation
[2021-11-11T20:30:12.446-0800][gc,phases   ] GC(86)   Pre Evacuate Collection Set: 0.3ms
[2021-11-11T20:30:12.446-0800][gc,phases   ] GC(86)   Merge Heap Roots: 0.2ms
[2021-11-11T20:30:12.446-0800][gc,phases   ] GC(86)   Evacuate Collection Set: 9.4ms
[2021-11-11T20:30:12.446-0800][gc,phases   ] GC(86)   Post Evacuate Collection Set: 0.9ms
[2021-11-11T20:30:12.446-0800][gc,phases   ] GC(86)   Other: 1.6ms
[2021-11-11T20:30:12.446-0800][gc,heap     ] GC(86) Eden regions: 610->0(611)
[2021-11-11T20:30:12.447-0800][gc,heap     ] GC(86) Survivor regions: 4->3(77)
[2021-11-11T20:30:12.447-0800][gc,heap     ] GC(86) Old regions: 18->18
[2021-11-11T20:30:12.447-0800][gc,heap     ] GC(86) Archive regions: 2->2
[2021-11-11T20:30:12.447-0800][gc,heap     ] GC(86) Humongous regions: 129->129
[2021-11-11T20:30:12.447-0800][gc,metaspace] GC(86) Metaspace: 41129K(41728K)->41129K(41728K) NonClass: 36273K(36608K)->36273K(36608K) Class: 4855K(5120K)->4855K(5120K)
[2021-11-11T20:30:12.447-0800][gc          ] GC(86) Pause Young (Normal) (G1 Evacuation Pause) 760M->149M(1024M) 12.810ms
[2021-11-11T20:30:12.447-0800][gc,cpu      ] GC(86) User=0.03s Sys=0.01s Real=0.01s
[2021-11-11T20:34:38.715-0800][gc,start    ] GC(87) Pause Young (Normal) (G1 Evacuation Pause)
[2021-11-11T20:34:38.715-0800][gc,task     ] GC(87) Using 8 workers of 8 for evacuation
[2021-11-11T20:34:38.732-0800][gc,phases   ] GC(87)   Pre Evacuate Collection Set: 0.5ms
[2021-11-11T20:34:38.732-0800][gc,phases   ] GC(87)   Merge Heap Roots: 0.2ms
[2021-11-11T20:34:38.732-0800][gc,phases   ] GC(87)   Evacuate Collection Set: 14.1ms
[2021-11-11T20:34:38.732-0800][gc,phases   ] GC(87)   Post Evacuate Collection Set: 1.6ms
[2021-11-11T20:34:38.732-0800][gc,phases   ] GC(87)   Other: 0.8ms
[2021-11-11T20:34:38.732-0800][gc,heap     ] GC(87) Eden regions: 611->0(610)
[2021-11-11T20:34:38.732-0800][gc,heap     ] GC(87) Survivor regions: 3->4(77)
[2021-11-11T20:34:38.732-0800][gc,heap     ] GC(87) Old regions: 18->18
[2021-11-11T20:34:38.732-0800][gc,heap     ] GC(87) Archive regions: 2->2
[2021-11-11T20:34:38.732-0800][gc,heap     ] GC(87) Humongous regions: 129->129
[2021-11-11T20:34:38.732-0800][gc,metaspace] GC(87) Metaspace: 41129K(41728K)->41129K(41728K) NonClass: 36273K(36608K)->36273K(36608K) Class: 4855K(5120K)->4855K(5120K)
[2021-11-11T20:34:38.732-0800][gc          ] GC(87) Pause Young (Normal) (G1 Evacuation Pause) 760M->150M(1024M) 17.398ms
[2021-11-11T20:34:38.732-0800][gc,cpu      ] GC(87) User=0.02s Sys=0.02s Real=0.02s
[2021-11-11T20:39:04.105-0800][gc,start    ] GC(88) Pause Young (Normal) (G1 Evacuation Pause)
[2021-11-11T20:39:04.108-0800][gc,task     ] GC(88) Using 8 workers of 8 for evacuation
[2021-11-11T20:39:04.132-0800][gc,mmu      ] GC(88) MMU target violated: 21.0ms (20.0ms/21.0ms)
[2021-11-11T20:39:04.132-0800][gc,phases   ] GC(88)   Pre Evacuate Collection Set: 0.7ms
[2021-11-11T20:39:04.132-0800][gc,phases   ] GC(88)   Merge Heap Roots: 0.3ms
[2021-11-11T20:39:04.132-0800][gc,phases   ] GC(88)   Evacuate Collection Set: 19.9ms
[2021-11-11T20:39:04.132-0800][gc,phases   ] GC(88)   Post Evacuate Collection Set: 2.0ms
[2021-11-11T20:39:04.132-0800][gc,phases   ] GC(88)   Other: 3.9ms
[2021-11-11T20:39:04.132-0800][gc,heap     ] GC(88) Eden regions: 610->0(609)
[2021-11-11T20:39:04.132-0800][gc,heap     ] GC(88) Survivor regions: 4->5(77)
[2021-11-11T20:39:04.132-0800][gc,heap     ] GC(88) Old regions: 18->18
[2021-11-11T20:39:04.132-0800][gc,heap     ] GC(88) Archive regions: 2->2
[2021-11-11T20:39:04.132-0800][gc,heap     ] GC(88) Humongous regions: 129->129
[2021-11-11T20:39:04.132-0800][gc,metaspace] GC(88) Metaspace: 41129K(41728K)->41129K(41728K) NonClass: 36273K(36608K)->36273K(36608K) Class: 4855K(5120K)->4855K(5120K)
[2021-11-11T20:39:04.132-0800][gc          ] GC(88) Pause Young (Normal) (G1 Evacuation Pause) 760M->151M(1024M) 26.828ms
[2021-11-11T20:39:04.132-0800][gc,cpu      ] GC(88) User=0.04s Sys=0.03s Real=0.03s
[2021-11-11T20:43:29.387-0800][gc,start    ] GC(89) Pause Young (Normal) (G1 Evacuation Pause)
[2021-11-11T20:43:29.388-0800][gc,task     ] GC(89) Using 8 workers of 8 for evacuation
[2021-11-11T20:43:29.410-0800][gc,mmu      ] GC(89) MMU target violated: 21.0ms (20.0ms/21.0ms)
[2021-11-11T20:43:29.410-0800][gc,phases   ] GC(89)   Pre Evacuate Collection Set: 1.0ms
[2021-11-11T20:43:29.410-0800][gc,phases   ] GC(89)   Merge Heap Roots: 0.5ms
[2021-11-11T20:43:29.410-0800][gc,phases   ] GC(89)   Evacuate Collection Set: 17.6ms
[2021-11-11T20:43:29.410-0800][gc,phases   ] GC(89)   Post Evacuate Collection Set: 2.3ms
[2021-11-11T20:43:29.410-0800][gc,phases   ] GC(89)   Other: 2.0ms
[2021-11-11T20:43:29.410-0800][gc,heap     ] GC(89) Eden regions: 609->0(610)
[2021-11-11T20:43:29.410-0800][gc,heap     ] GC(89) Survivor regions: 5->4(77)
[2021-11-11T20:43:29.410-0800][gc,heap     ] GC(89) Old regions: 18->18
[2021-11-11T20:43:29.410-0800][gc,heap     ] GC(89) Archive regions: 2->2
[2021-11-11T20:43:29.411-0800][gc,heap     ] GC(89) Humongous regions: 129->129
[2021-11-11T20:43:29.411-0800][gc,metaspace] GC(89) Metaspace: 41129K(41728K)->41129K(41728K) NonClass: 36273K(36608K)->36273K(36608K) Class: 4855K(5120K)->4855K(5120K)
[2021-11-11T20:43:29.411-0800][gc          ] GC(89) Pause Young (Normal) (G1 Evacuation Pause) 760M->150M(1024M) 23.458ms
[2021-11-11T20:43:29.411-0800][gc,cpu      ] GC(89) User=0.02s Sys=0.03s Real=0.03s
[2021-11-11T20:47:54.782-0800][gc,start    ] GC(90) Pause Young (Normal) (G1 Evacuation Pause)
[2021-11-11T20:47:54.783-0800][gc,task     ] GC(90) Using 8 workers of 8 for evacuation
[2021-11-11T20:47:54.804-0800][gc,mmu      ] GC(90) MMU target violated: 20.7ms (20.0ms/21.0ms)
[2021-11-11T20:47:54.805-0800][gc,phases   ] GC(90)   Pre Evacuate Collection Set: 1.2ms
[2021-11-11T20:47:54.805-0800][gc,phases   ] GC(90)   Merge Heap Roots: 0.5ms
[2021-11-11T20:47:54.805-0800][gc,phases   ] GC(90)   Evacuate Collection Set: 17.0ms
[2021-11-11T20:47:54.805-0800][gc,phases   ] GC(90)   Post Evacuate Collection Set: 2.1ms
[2021-11-11T20:47:54.805-0800][gc,phases   ] GC(90)   Other: 1.6ms
[2021-11-11T20:47:54.805-0800][gc,heap     ] GC(90) Eden regions: 610->0(610)
[2021-11-11T20:47:54.805-0800][gc,heap     ] GC(90) Survivor regions: 4->4(77)
[2021-11-11T20:47:54.805-0800][gc,heap     ] GC(90) Old regions: 18->18
[2021-11-11T20:47:54.805-0800][gc,heap     ] GC(90) Archive regions: 2->2
[2021-11-11T20:47:54.805-0800][gc,heap     ] GC(90) Humongous regions: 129->129
[2021-11-11T20:47:54.805-0800][gc,metaspace] GC(90) Metaspace: 41129K(41728K)->41129K(41728K) NonClass: 36273K(36608K)->36273K(36608K) Class: 4855K(5120K)->4855K(5120K)
[2021-11-11T20:47:54.805-0800][gc          ] GC(90) Pause Young (Normal) (G1 Evacuation Pause) 760M->150M(1024M) 22.554ms
[2021-11-11T20:47:54.805-0800][gc,cpu      ] GC(90) User=0.04s Sys=0.03s Real=0.02s
[2021-11-11T20:52:20.013-0800][gc,start    ] GC(91) Pause Young (Normal) (G1 Evacuation Pause)
[2021-11-11T20:52:20.014-0800][gc,task     ] GC(91) Using 8 workers of 8 for evacuation
[2021-11-11T20:52:20.037-0800][gc,mmu      ] GC(91) MMU target violated: 21.0ms (20.0ms/21.0ms)
[2021-11-11T20:52:20.037-0800][gc,phases   ] GC(91)   Pre Evacuate Collection Set: 1.2ms
[2021-11-11T20:52:20.037-0800][gc,phases   ] GC(91)   Merge Heap Roots: 0.6ms
[2021-11-11T20:52:20.037-0800][gc,phases   ] GC(91)   Evacuate Collection Set: 18.3ms
[2021-11-11T20:52:20.037-0800][gc,phases   ] GC(91)   Post Evacuate Collection Set: 2.0ms
[2021-11-11T20:52:20.037-0800][gc,phases   ] GC(91)   Other: 2.2ms
[2021-11-11T20:52:20.037-0800][gc,heap     ] GC(91) Eden regions: 610->0(610)
[2021-11-11T20:52:20.037-0800][gc,heap     ] GC(91) Survivor regions: 4->4(77)
[2021-11-11T20:52:20.037-0800][gc,heap     ] GC(91) Old regions: 18->18
[2021-11-11T20:52:20.037-0800][gc,heap     ] GC(91) Archive regions: 2->2
[2021-11-11T20:52:20.037-0800][gc,heap     ] GC(91) Humongous regions: 129->129
[2021-11-11T20:52:20.037-0800][gc,metaspace] GC(91) Metaspace: 41129K(41728K)->41129K(41728K) NonClass: 36273K(36608K)->36273K(36608K) Class: 4855K(5120K)->4855K(5120K)
[2021-11-11T20:52:20.037-0800][gc          ] GC(91) Pause Young (Normal) (G1 Evacuation Pause) 760M->151M(1024M) 24.353ms
[2021-11-11T20:52:20.037-0800][gc,cpu      ] GC(91) User=0.04s Sys=0.04s Real=0.02s
[2021-11-11T20:56:45.507-0800][gc,start    ] GC(92) Pause Young (Normal) (G1 Evacuation Pause)
[2021-11-11T20:56:45.508-0800][gc,task     ] GC(92) Using 8 workers of 8 for evacuation
[2021-11-11T20:56:45.519-0800][gc,phases   ] GC(92)   Pre Evacuate Collection Set: 0.7ms
[2021-11-11T20:56:45.519-0800][gc,phases   ] GC(92)   Merge Heap Roots: 0.5ms
[2021-11-11T20:56:45.519-0800][gc,phases   ] GC(92)   Evacuate Collection Set: 8.4ms
[2021-11-11T20:56:45.520-0800][gc,phases   ] GC(92)   Post Evacuate Collection Set: 1.2ms
[2021-11-11T20:56:45.520-0800][gc,phases   ] GC(92)   Other: 1.8ms
[2021-11-11T20:56:45.520-0800][gc,heap     ] GC(92) Eden regions: 610->0(611)
[2021-11-11T20:56:45.520-0800][gc,heap     ] GC(92) Survivor regions: 4->3(77)
[2021-11-11T20:56:45.520-0800][gc,heap     ] GC(92) Old regions: 18->18
[2021-11-11T20:56:45.520-0800][gc,heap     ] GC(92) Archive regions: 2->2
[2021-11-11T20:56:45.520-0800][gc,heap     ] GC(92) Humongous regions: 129->129
[2021-11-11T20:56:45.520-0800][gc,metaspace] GC(92) Metaspace: 41135K(41728K)->41135K(41728K) NonClass: 36279K(36608K)->36279K(36608K) Class: 4855K(5120K)->4855K(5120K)
[2021-11-11T20:56:45.520-0800][gc          ] GC(92) Pause Young (Normal) (G1 Evacuation Pause) 761M->150M(1024M) 12.952ms
[2021-11-11T20:56:45.520-0800][gc,cpu      ] GC(92) User=0.02s Sys=0.00s Real=0.02s
[2021-11-11T21:01:11.635-0800][gc,start    ] GC(93) Pause Young (Normal) (G1 Evacuation Pause)
[2021-11-11T21:01:11.637-0800][gc,task     ] GC(93) Using 8 workers of 8 for evacuation
[2021-11-11T21:01:11.661-0800][gc,mmu      ] GC(93) MMU target violated: 21.0ms (20.0ms/21.0ms)
[2021-11-11T21:01:11.661-0800][gc,phases   ] GC(93)   Pre Evacuate Collection Set: 0.9ms
[2021-11-11T21:01:11.661-0800][gc,phases   ] GC(93)   Merge Heap Roots: 0.4ms
[2021-11-11T21:01:11.661-0800][gc,phases   ] GC(93)   Evacuate Collection Set: 16.0ms
[2021-11-11T21:01:11.661-0800][gc,phases   ] GC(93)   Post Evacuate Collection Set: 6.3ms
[2021-11-11T21:01:11.661-0800][gc,phases   ] GC(93)   Other: 2.8ms
[2021-11-11T21:01:11.661-0800][gc,heap     ] GC(93) Eden regions: 611->0(610)
[2021-11-11T21:01:11.661-0800][gc,heap     ] GC(93) Survivor regions: 3->4(77)
[2021-11-11T21:01:11.661-0800][gc,heap     ] GC(93) Old regions: 18->18
[2021-11-11T21:01:11.661-0800][gc,heap     ] GC(93) Archive regions: 2->2
[2021-11-11T21:01:11.661-0800][gc,heap     ] GC(93) Humongous regions: 129->129
[2021-11-11T21:01:11.661-0800][gc,metaspace] GC(93) Metaspace: 41137K(41728K)->41137K(41728K) NonClass: 36281K(36608K)->36281K(36608K) Class: 4855K(5120K)->4855K(5120K)
[2021-11-11T21:01:11.661-0800][gc          ] GC(93) Pause Young (Normal) (G1 Evacuation Pause) 761M->150M(1024M) 26.545ms
[2021-11-11T21:01:11.662-0800][gc,cpu      ] GC(93) User=0.03s Sys=0.03s Real=0.03s
[2021-11-11T21:05:36.331-0800][gc,start    ] GC(94) Pause Young (Normal) (G1 Evacuation Pause)
[2021-11-11T21:05:36.333-0800][gc,task     ] GC(94) Using 8 workers of 8 for evacuation
[2021-11-11T21:05:36.353-0800][gc,phases   ] GC(94)   Pre Evacuate Collection Set: 1.6ms
[2021-11-11T21:05:36.353-0800][gc,phases   ] GC(94)   Merge Heap Roots: 0.4ms
[2021-11-11T21:05:36.353-0800][gc,phases   ] GC(94)   Evacuate Collection Set: 14.8ms
[2021-11-11T21:05:36.353-0800][gc,phases   ] GC(94)   Post Evacuate Collection Set: 2.6ms
[2021-11-11T21:05:36.353-0800][gc,phases   ] GC(94)   Other: 2.2ms
[2021-11-11T21:05:36.353-0800][gc,heap     ] GC(94) Eden regions: 610->0(610)
[2021-11-11T21:05:36.353-0800][gc,heap     ] GC(94) Survivor regions: 4->4(77)
[2021-11-11T21:05:36.353-0800][gc,heap     ] GC(94) Old regions: 18->18
[2021-11-11T21:05:36.353-0800][gc,heap     ] GC(94) Archive regions: 2->2
[2021-11-11T21:05:36.353-0800][gc,heap     ] GC(94) Humongous regions: 129->129
[2021-11-11T21:05:36.353-0800][gc,metaspace] GC(94) Metaspace: 41137K(41728K)->41137K(41728K) NonClass: 36281K(36608K)->36281K(36608K) Class: 4855K(5120K)->4855K(5120K)
[2021-11-11T21:05:36.353-0800][gc          ] GC(94) Pause Young (Normal) (G1 Evacuation Pause) 760M->150M(1024M) 21.950ms
[2021-11-11T21:05:36.353-0800][gc,cpu      ] GC(94) User=0.03s Sys=0.03s Real=0.02s
[2021-11-11T21:10:01.253-0800][gc,start    ] GC(95) Pause Young (Normal) (G1 Evacuation Pause)
[2021-11-11T21:10:01.270-0800][gc,task     ] GC(95) Using 8 workers of 8 for evacuation
[2021-11-11T21:10:01.298-0800][gc,mmu      ] GC(95) MMU target violated: 21.0ms (20.0ms/21.0ms)
[2021-11-11T21:10:01.298-0800][gc,phases   ] GC(95)   Pre Evacuate Collection Set: 0.6ms
[2021-11-11T21:10:01.298-0800][gc,phases   ] GC(95)   Merge Heap Roots: 0.3ms
[2021-11-11T21:10:01.298-0800][gc,phases   ] GC(95)   Evacuate Collection Set: 24.3ms
[2021-11-11T21:10:01.298-0800][gc,phases   ] GC(95)   Post Evacuate Collection Set: 2.3ms
[2021-11-11T21:10:01.298-0800][gc,phases   ] GC(95)   Other: 17.5ms
[2021-11-11T21:10:01.298-0800][gc,heap     ] GC(95) Eden regions: 610->0(413)
[2021-11-11T21:10:01.298-0800][gc,heap     ] GC(95) Survivor regions: 4->3(77)
[2021-11-11T21:10:01.298-0800][gc,heap     ] GC(95) Old regions: 18->18
[2021-11-11T21:10:01.298-0800][gc,heap     ] GC(95) Archive regions: 2->2
[2021-11-11T21:10:01.298-0800][gc,heap     ] GC(95) Humongous regions: 129->129
[2021-11-11T21:10:01.298-0800][gc,metaspace] GC(95) Metaspace: 41160K(41792K)->41160K(41792K) NonClass: 36305K(36672K)->36305K(36672K) Class: 4855K(5120K)->4855K(5120K)
[2021-11-11T21:10:01.298-0800][gc          ] GC(95) Pause Young (Normal) (G1 Evacuation Pause) 760M->149M(1024M) 45.120ms
[2021-11-11T21:10:01.298-0800][gc,cpu      ] GC(95) User=0.03s Sys=0.03s Real=0.04s
[2021-11-11T21:13:01.122-0800][gc,start    ] GC(96) Pause Young (Normal) (G1 Evacuation Pause)
[2021-11-11T21:13:01.123-0800][gc,task     ] GC(96) Using 8 workers of 8 for evacuation
[2021-11-11T21:13:01.145-0800][gc,mmu      ] GC(96) MMU target violated: 21.0ms (20.0ms/21.0ms)
[2021-11-11T21:13:01.145-0800][gc,phases   ] GC(96)   Pre Evacuate Collection Set: 1.1ms
[2021-11-11T21:13:01.145-0800][gc,phases   ] GC(96)   Merge Heap Roots: 0.5ms
[2021-11-11T21:13:01.145-0800][gc,phases   ] GC(96)   Evacuate Collection Set: 17.4ms
[2021-11-11T21:13:01.145-0800][gc,phases   ] GC(96)   Post Evacuate Collection Set: 2.1ms
[2021-11-11T21:13:01.145-0800][gc,phases   ] GC(96)   Other: 2.4ms
[2021-11-11T21:13:01.145-0800][gc,heap     ] GC(96) Eden regions: 413->0(299)
[2021-11-11T21:13:01.145-0800][gc,heap     ] GC(96) Survivor regions: 3->4(52)
[2021-11-11T21:13:01.145-0800][gc,heap     ] GC(96) Old regions: 18->18
[2021-11-11T21:13:01.145-0800][gc,heap     ] GC(96) Archive regions: 2->2
[2021-11-11T21:13:01.145-0800][gc,heap     ] GC(96) Humongous regions: 129->129
[2021-11-11T21:13:01.145-0800][gc,metaspace] GC(96) Metaspace: 41160K(41792K)->41160K(41792K) NonClass: 36305K(36672K)->36305K(36672K) Class: 4855K(5120K)->4855K(5120K)
[2021-11-11T21:13:01.145-0800][gc          ] GC(96) Pause Young (Normal) (G1 Evacuation Pause) 562M->151M(1024M) 23.638ms
[2021-11-11T21:13:01.145-0800][gc,cpu      ] GC(96) User=0.03s Sys=0.03s Real=0.02s
[2021-11-11T21:15:10.780-0800][gc,start    ] GC(97) Pause Young (Normal) (G1 Evacuation Pause)
[2021-11-11T21:15:10.781-0800][gc,task     ] GC(97) Using 8 workers of 8 for evacuation
[2021-11-11T21:15:10.791-0800][gc,phases   ] GC(97)   Pre Evacuate Collection Set: 0.5ms
[2021-11-11T21:15:10.791-0800][gc,phases   ] GC(97)   Merge Heap Roots: 0.1ms
[2021-11-11T21:15:10.791-0800][gc,phases   ] GC(97)   Evacuate Collection Set: 8.6ms
[2021-11-11T21:15:10.791-0800][gc,phases   ] GC(97)   Post Evacuate Collection Set: 1.0ms
[2021-11-11T21:15:10.791-0800][gc,phases   ] GC(97)   Other: 0.5ms
[2021-11-11T21:15:10.791-0800][gc,heap     ] GC(97) Eden regions: 299->0(562)
[2021-11-11T21:15:10.791-0800][gc,heap     ] GC(97) Survivor regions: 4->4(38)
[2021-11-11T21:15:10.791-0800][gc,heap     ] GC(97) Old regions: 18->18
[2021-11-11T21:15:10.791-0800][gc,heap     ] GC(97) Archive regions: 2->2
[2021-11-11T21:15:10.791-0800][gc,heap     ] GC(97) Humongous regions: 129->129
[2021-11-11T21:15:10.791-0800][gc,metaspace] GC(97) Metaspace: 41160K(41792K)->41160K(41792K) NonClass: 36305K(36672K)->36305K(36672K) Class: 4855K(5120K)->4855K(5120K)
[2021-11-11T21:15:10.791-0800][gc          ] GC(97) Pause Young (Normal) (G1 Evacuation Pause) 450M->150M(1024M) 11.055ms
[2021-11-11T21:15:10.792-0800][gc,cpu      ] GC(97) User=0.02s Sys=0.01s Real=0.01s
[2021-11-11T21:19:15.827-0800][gc,start    ] GC(98) Pause Young (Normal) (G1 Evacuation Pause)
[2021-11-11T21:19:15.828-0800][gc,task     ] GC(98) Using 8 workers of 8 for evacuation
[2021-11-11T21:19:15.846-0800][gc,phases   ] GC(98)   Pre Evacuate Collection Set: 0.9ms
[2021-11-11T21:19:15.846-0800][gc,phases   ] GC(98)   Merge Heap Roots: 0.4ms
[2021-11-11T21:19:15.846-0800][gc,phases   ] GC(98)   Evacuate Collection Set: 14.1ms
[2021-11-11T21:19:15.846-0800][gc,phases   ] GC(98)   Post Evacuate Collection Set: 2.2ms
[2021-11-11T21:19:15.846-0800][gc,phases   ] GC(98)   Other: 2.0ms
[2021-11-11T21:19:15.846-0800][gc,heap     ] GC(98) Eden regions: 562->0(576)
[2021-11-11T21:19:15.846-0800][gc,heap     ] GC(98) Survivor regions: 4->5(71)
[2021-11-11T21:19:15.846-0800][gc,heap     ] GC(98) Old regions: 18->18
[2021-11-11T21:19:15.846-0800][gc,heap     ] GC(98) Archive regions: 2->2
[2021-11-11T21:19:15.846-0800][gc,heap     ] GC(98) Humongous regions: 129->129
[2021-11-11T21:19:15.846-0800][gc,metaspace] GC(98) Metaspace: 41162K(41792K)->41162K(41792K) NonClass: 36306K(36672K)->36306K(36672K) Class: 4855K(5120K)->4855K(5120K)
[2021-11-11T21:19:15.846-0800][gc          ] GC(98) Pause Young (Normal) (G1 Evacuation Pause) 712M->151M(1024M) 19.772ms
[2021-11-11T21:19:15.846-0800][gc,cpu      ] GC(98) User=0.03s Sys=0.02s Real=0.02s
[2021-11-11T21:23:26.914-0800][gc,start    ] GC(99) Pause Young (Normal) (G1 Evacuation Pause)
[2021-11-11T21:23:26.915-0800][gc,task     ] GC(99) Using 8 workers of 8 for evacuation
[2021-11-11T21:23:26.931-0800][gc,phases   ] GC(99)   Pre Evacuate Collection Set: 0.5ms
[2021-11-11T21:23:26.931-0800][gc,phases   ] GC(99)   Merge Heap Roots: 0.2ms
[2021-11-11T21:23:26.931-0800][gc,phases   ] GC(99)   Evacuate Collection Set: 13.3ms
[2021-11-11T21:23:26.931-0800][gc,phases   ] GC(99)   Post Evacuate Collection Set: 1.4ms
[2021-11-11T21:23:26.931-0800][gc,phases   ] GC(99)   Other: 1.4ms
[2021-11-11T21:23:26.931-0800][gc,heap     ] GC(99) Eden regions: 576->0(610)
[2021-11-11T21:23:26.931-0800][gc,heap     ] GC(99) Survivor regions: 5->4(73)
[2021-11-11T21:23:26.931-0800][gc,heap     ] GC(99) Old regions: 18->18
[2021-11-11T21:23:26.931-0800][gc,heap     ] GC(99) Archive regions: 2->2
[2021-11-11T21:23:26.931-0800][gc,heap     ] GC(99) Humongous regions: 129->129
[2021-11-11T21:23:26.931-0800][gc,metaspace] GC(99) Metaspace: 41162K(41792K)->41162K(41792K) NonClass: 36306K(36672K)->36306K(36672K) Class: 4855K(5120K)->4855K(5120K)
[2021-11-11T21:23:26.931-0800][gc          ] GC(99) Pause Young (Normal) (G1 Evacuation Pause) 727M->150M(1024M) 17.105ms
[2021-11-11T21:23:26.932-0800][gc,cpu      ] GC(99) User=0.03s Sys=0.01s Real=0.02s
[2021-11-11T21:27:52.212-0800][gc,start    ] GC(100) Pause Young (Normal) (G1 Evacuation Pause)
[2021-11-11T21:27:52.213-0800][gc,task     ] GC(100) Using 8 workers of 8 for evacuation
[2021-11-11T21:27:52.234-0800][gc,phases   ] GC(100)   Pre Evacuate Collection Set: 0.7ms
[2021-11-11T21:27:52.234-0800][gc,phases   ] GC(100)   Merge Heap Roots: 0.5ms
[2021-11-11T21:27:52.234-0800][gc,phases   ] GC(100)   Evacuate Collection Set: 15.8ms
[2021-11-11T21:27:52.234-0800][gc,phases   ] GC(100)   Post Evacuate Collection Set: 2.9ms
[2021-11-11T21:27:52.234-0800][gc,phases   ] GC(100)   Other: 1.7ms
[2021-11-11T21:27:52.234-0800][gc,heap     ] GC(100) Eden regions: 610->0(609)
[2021-11-11T21:27:52.234-0800][gc,heap     ] GC(100) Survivor regions: 4->5(77)
[2021-11-11T21:27:52.234-0800][gc,heap     ] GC(100) Old regions: 18->18
[2021-11-11T21:27:52.234-0800][gc,heap     ] GC(100) Archive regions: 2->2
[2021-11-11T21:27:52.234-0800][gc,heap     ] GC(100) Humongous regions: 129->129
[2021-11-11T21:27:52.234-0800][gc,metaspace] GC(100) Metaspace: 41162K(41792K)->41162K(41792K) NonClass: 36306K(36672K)->36306K(36672K) Class: 4855K(5120K)->4855K(5120K)
[2021-11-11T21:27:52.234-0800][gc          ] GC(100) Pause Young (Normal) (G1 Evacuation Pause) 760M->151M(1024M) 21.601ms
[2021-11-11T21:27:52.234-0800][gc,cpu      ] GC(100) User=0.03s Sys=0.03s Real=0.02s
[2021-11-11T21:32:17.428-0800][gc,start    ] GC(101) Pause Young (Normal) (G1 Evacuation Pause)
[2021-11-11T21:32:17.429-0800][gc,task     ] GC(101) Using 8 workers of 8 for evacuation
[2021-11-11T21:32:17.444-0800][gc,phases   ] GC(101)   Pre Evacuate Collection Set: 0.7ms
[2021-11-11T21:32:17.444-0800][gc,phases   ] GC(101)   Merge Heap Roots: 0.3ms
[2021-11-11T21:32:17.444-0800][gc,phases   ] GC(101)   Evacuate Collection Set: 12.2ms
[2021-11-11T21:32:17.444-0800][gc,phases   ] GC(101)   Post Evacuate Collection Set: 1.4ms
[2021-11-11T21:32:17.444-0800][gc,phases   ] GC(101)   Other: 1.9ms
[2021-11-11T21:32:17.444-0800][gc,heap     ] GC(101) Eden regions: 609->0(610)
[2021-11-11T21:32:17.444-0800][gc,heap     ] GC(101) Survivor regions: 5->4(77)
[2021-11-11T21:32:17.460-0800][gc,heap     ] GC(101) Old regions: 18->18
[2021-11-11T21:32:17.461-0800][gc,heap     ] GC(101) Archive regions: 2->2
[2021-11-11T21:32:17.461-0800][gc,heap     ] GC(101) Humongous regions: 129->129
[2021-11-11T21:32:17.461-0800][gc,metaspace] GC(101) Metaspace: 41162K(41792K)->41162K(41792K) NonClass: 36306K(36672K)->36306K(36672K) Class: 4855K(5120K)->4855K(5120K)
[2021-11-11T21:32:17.461-0800][gc          ] GC(101) Pause Young (Normal) (G1 Evacuation Pause) 760M->150M(1024M) 33.014ms
[2021-11-11T21:32:17.461-0800][gc,cpu      ] GC(101) User=0.03s Sys=0.02s Real=0.04s
[2021-11-11T21:36:43.124-0800][gc,start    ] GC(102) Pause Young (Normal) (G1 Evacuation Pause)
[2021-11-11T21:36:43.125-0800][gc,task     ] GC(102) Using 8 workers of 8 for evacuation
[2021-11-11T21:36:43.168-0800][gc,mmu      ] GC(102) MMU target violated: 21.0ms (20.0ms/21.0ms)
[2021-11-11T21:36:43.168-0800][gc,phases   ] GC(102)   Pre Evacuate Collection Set: 0.8ms
[2021-11-11T21:36:43.168-0800][gc,phases   ] GC(102)   Merge Heap Roots: 0.5ms
[2021-11-11T21:36:43.168-0800][gc,phases   ] GC(102)   Evacuate Collection Set: 38.8ms
[2021-11-11T21:36:43.168-0800][gc,phases   ] GC(102)   Post Evacuate Collection Set: 2.4ms
[2021-11-11T21:36:43.168-0800][gc,phases   ] GC(102)   Other: 1.7ms
[2021-11-11T21:36:43.168-0800][gc,heap     ] GC(102) Eden regions: 610->0(102)
[2021-11-11T21:36:43.168-0800][gc,heap     ] GC(102) Survivor regions: 4->4(77)
[2021-11-11T21:36:43.168-0800][gc,heap     ] GC(102) Old regions: 18->18
[2021-11-11T21:36:43.168-0800][gc,heap     ] GC(102) Archive regions: 2->2
[2021-11-11T21:36:43.168-0800][gc,heap     ] GC(102) Humongous regions: 129->129
[2021-11-11T21:36:43.168-0800][gc,metaspace] GC(102) Metaspace: 41162K(41792K)->41162K(41792K) NonClass: 36306K(36672K)->36306K(36672K) Class: 4855K(5120K)->4855K(5120K)
[2021-11-11T21:36:43.168-0800][gc          ] GC(102) Pause Young (Normal) (G1 Evacuation Pause) 760M->150M(1024M) 44.332ms
[2021-11-11T21:36:43.168-0800][gc,cpu      ] GC(102) User=0.03s Sys=0.05s Real=0.04s
[2021-11-11T21:37:26.931-0800][gc,start    ] GC(103) Pause Young (Normal) (G1 Evacuation Pause)
[2021-11-11T21:37:26.947-0800][gc,task     ] GC(103) Using 8 workers of 8 for evacuation
[2021-11-11T21:37:26.956-0800][gc,phases   ] GC(103)   Pre Evacuate Collection Set: 0.3ms
[2021-11-11T21:37:26.956-0800][gc,phases   ] GC(103)   Merge Heap Roots: 0.1ms
[2021-11-11T21:37:26.956-0800][gc,phases   ] GC(103)   Evacuate Collection Set: 8.3ms
[2021-11-11T21:37:26.956-0800][gc,phases   ] GC(103)   Post Evacuate Collection Set: 0.6ms
[2021-11-11T21:37:26.956-0800][gc,phases   ] GC(103)   Other: 16.1ms
[2021-11-11T21:37:26.957-0800][gc,heap     ] GC(103) Eden regions: 102->0(193)
[2021-11-11T21:37:26.957-0800][gc,heap     ] GC(103) Survivor regions: 4->4(14)
[2021-11-11T21:37:26.957-0800][gc,heap     ] GC(103) Old regions: 18->18
[2021-11-11T21:37:26.957-0800][gc,heap     ] GC(103) Archive regions: 2->2
[2021-11-11T21:37:26.957-0800][gc,heap     ] GC(103) Humongous regions: 129->129
[2021-11-11T21:37:26.957-0800][gc,metaspace] GC(103) Metaspace: 41162K(41792K)->41162K(41792K) NonClass: 36306K(36672K)->36306K(36672K) Class: 4855K(5120K)->4855K(5120K)
[2021-11-11T21:37:26.957-0800][gc          ] GC(103) Pause Young (Normal) (G1 Evacuation Pause) 252M->150M(1024M) 25.699ms
[2021-11-11T21:37:26.957-0800][gc,cpu      ] GC(103) User=0.02s Sys=0.01s Real=0.02s
[2021-11-11T21:38:50.753-0800][gc,start    ] GC(104) Pause Young (Normal) (G1 Evacuation Pause)
[2021-11-11T21:38:50.754-0800][gc,task     ] GC(104) Using 8 workers of 8 for evacuation
[2021-11-11T21:38:50.766-0800][gc,phases   ] GC(104)   Pre Evacuate Collection Set: 0.5ms
[2021-11-11T21:38:50.766-0800][gc,phases   ] GC(104)   Merge Heap Roots: 0.2ms
[2021-11-11T21:38:50.766-0800][gc,phases   ] GC(104)   Evacuate Collection Set: 9.9ms
[2021-11-11T21:38:50.766-0800][gc,phases   ] GC(104)   Post Evacuate Collection Set: 0.6ms
[2021-11-11T21:38:50.766-0800][gc,phases   ] GC(104)   Other: 1.9ms
[2021-11-11T21:38:50.766-0800][gc,heap     ] GC(104) Eden regions: 193->0(326)
[2021-11-11T21:38:50.766-0800][gc,heap     ] GC(104) Survivor regions: 4->4(25)
[2021-11-11T21:38:50.766-0800][gc,heap     ] GC(104) Old regions: 18->18
[2021-11-11T21:38:50.766-0800][gc,heap     ] GC(104) Archive regions: 2->2
[2021-11-11T21:38:50.766-0800][gc,heap     ] GC(104) Humongous regions: 129->129
[2021-11-11T21:38:50.766-0800][gc,metaspace] GC(104) Metaspace: 41162K(41792K)->41162K(41792K) NonClass: 36306K(36672K)->36306K(36672K) Class: 4855K(5120K)->4855K(5120K)
[2021-11-11T21:38:50.766-0800][gc          ] GC(104) Pause Young (Normal) (G1 Evacuation Pause) 343M->150M(1024M) 13.273ms
[2021-11-11T21:38:50.766-0800][gc,cpu      ] GC(104) User=0.03s Sys=0.01s Real=0.01s
[2021-11-11T21:41:12.599-0800][gc,start    ] GC(105) Pause Young (Normal) (G1 Evacuation Pause)
[2021-11-11T21:41:12.599-0800][gc,task     ] GC(105) Using 8 workers of 8 for evacuation
[2021-11-11T21:41:12.611-0800][gc,phases   ] GC(105)   Pre Evacuate Collection Set: 0.5ms
[2021-11-11T21:41:12.611-0800][gc,phases   ] GC(105)   Merge Heap Roots: 0.2ms
[2021-11-11T21:41:12.611-0800][gc,phases   ] GC(105)   Evacuate Collection Set: 10.3ms
[2021-11-11T21:41:12.611-0800][gc,phases   ] GC(105)   Post Evacuate Collection Set: 1.2ms
[2021-11-11T21:41:12.611-0800][gc,phases   ] GC(105)   Other: 0.6ms
[2021-11-11T21:41:12.611-0800][gc,heap     ] GC(105) Eden regions: 326->0(610)
[2021-11-11T21:41:12.611-0800][gc,heap     ] GC(105) Survivor regions: 4->4(42)
[2021-11-11T21:41:12.611-0800][gc,heap     ] GC(105) Old regions: 18->18
[2021-11-11T21:41:12.611-0800][gc,heap     ] GC(105) Archive regions: 2->2
[2021-11-11T21:41:12.611-0800][gc,heap     ] GC(105) Humongous regions: 129->129
[2021-11-11T21:41:12.611-0800][gc,metaspace] GC(105) Metaspace: 41162K(41792K)->41162K(41792K) NonClass: 36306K(36672K)->36306K(36672K) Class: 4855K(5120K)->4855K(5120K)
[2021-11-11T21:41:12.611-0800][gc          ] GC(105) Pause Young (Normal) (G1 Evacuation Pause) 476M->150M(1024M) 12.992ms
[2021-11-11T21:41:12.612-0800][gc,cpu      ] GC(105) User=0.02s Sys=0.02s Real=0.02s
[2021-11-11T21:45:37.831-0800][gc,start    ] GC(106) Pause Young (Normal) (G1 Evacuation Pause)
[2021-11-11T21:45:37.832-0800][gc,task     ] GC(106) Using 8 workers of 8 for evacuation
[2021-11-11T21:45:37.862-0800][gc,mmu      ] GC(106) MMU target violated: 21.0ms (20.0ms/21.0ms)
[2021-11-11T21:45:37.862-0800][gc,phases   ] GC(106)   Pre Evacuate Collection Set: 1.4ms
[2021-11-11T21:45:37.862-0800][gc,phases   ] GC(106)   Merge Heap Roots: 0.4ms
[2021-11-11T21:45:37.862-0800][gc,phases   ] GC(106)   Evacuate Collection Set: 23.9ms
[2021-11-11T21:45:37.862-0800][gc,phases   ] GC(106)   Post Evacuate Collection Set: 4.0ms
[2021-11-11T21:45:37.862-0800][gc,phases   ] GC(106)   Other: 2.1ms
[2021-11-11T21:45:37.862-0800][gc,heap     ] GC(106) Eden regions: 610->0(610)
[2021-11-11T21:45:37.862-0800][gc,heap     ] GC(106) Survivor regions: 4->4(77)
[2021-11-11T21:45:37.862-0800][gc,heap     ] GC(106) Old regions: 18->18
[2021-11-11T21:45:37.862-0800][gc,heap     ] GC(106) Archive regions: 2->2
[2021-11-11T21:45:37.862-0800][gc,heap     ] GC(106) Humongous regions: 129->129
[2021-11-11T21:45:37.862-0800][gc,metaspace] GC(106) Metaspace: 41162K(41792K)->41162K(41792K) NonClass: 36306K(36672K)->36306K(36672K) Class: 4855K(5120K)->4855K(5120K)
[2021-11-11T21:45:37.862-0800][gc          ] GC(106) Pause Young (Normal) (G1 Evacuation Pause) 760M->151M(1024M) 31.850ms
[2021-11-11T21:45:37.863-0800][gc,cpu      ] GC(106) User=0.05s Sys=0.03s Real=0.03s
[2021-11-11T21:50:03.502-0800][gc,start    ] GC(107) Pause Young (Normal) (G1 Evacuation Pause)
[2021-11-11T21:50:03.503-0800][gc,task     ] GC(107) Using 8 workers of 8 for evacuation
[2021-11-11T21:50:03.522-0800][gc,phases   ] GC(107)   Pre Evacuate Collection Set: 0.8ms
[2021-11-11T21:50:03.522-0800][gc,phases   ] GC(107)   Merge Heap Roots: 0.4ms
[2021-11-11T21:50:03.522-0800][gc,phases   ] GC(107)   Evacuate Collection Set: 14.6ms
[2021-11-11T21:50:03.522-0800][gc,phases   ] GC(107)   Post Evacuate Collection Set: 2.0ms
[2021-11-11T21:50:03.522-0800][gc,phases   ] GC(107)   Other: 2.4ms
[2021-11-11T21:50:03.522-0800][gc,heap     ] GC(107) Eden regions: 610->0(610)
[2021-11-11T21:50:03.522-0800][gc,heap     ] GC(107) Survivor regions: 4->4(77)
[2021-11-11T21:50:03.522-0800][gc,heap     ] GC(107) Old regions: 18->18
[2021-11-11T21:50:03.522-0800][gc,heap     ] GC(107) Archive regions: 2->2
[2021-11-11T21:50:03.522-0800][gc,heap     ] GC(107) Humongous regions: 129->129
[2021-11-11T21:50:03.522-0800][gc,metaspace] GC(107) Metaspace: 41162K(41792K)->41162K(41792K) NonClass: 36306K(36672K)->36306K(36672K) Class: 4855K(5120K)->4855K(5120K)
[2021-11-11T21:50:03.522-0800][gc          ] GC(107) Pause Young (Normal) (G1 Evacuation Pause) 761M->150M(1024M) 20.600ms
[2021-11-11T21:50:03.522-0800][gc,cpu      ] GC(107) User=0.03s Sys=0.03s Real=0.02s
[2021-11-11T21:54:29.230-0800][gc,start    ] GC(108) Pause Young (Normal) (G1 Evacuation Pause)
[2021-11-11T21:54:29.231-0800][gc,task     ] GC(108) Using 8 workers of 8 for evacuation
[2021-11-11T21:54:29.252-0800][gc,mmu      ] GC(108) MMU target violated: 20.4ms (20.0ms/21.0ms)
[2021-11-11T21:54:29.253-0800][gc,phases   ] GC(108)   Pre Evacuate Collection Set: 1.0ms
[2021-11-11T21:54:29.253-0800][gc,phases   ] GC(108)   Merge Heap Roots: 0.6ms
[2021-11-11T21:54:29.253-0800][gc,phases   ] GC(108)   Evacuate Collection Set: 17.1ms
[2021-11-11T21:54:29.253-0800][gc,phases   ] GC(108)   Post Evacuate Collection Set: 1.8ms
[2021-11-11T21:54:29.253-0800][gc,phases   ] GC(108)   Other: 2.1ms
[2021-11-11T21:54:29.253-0800][gc,heap     ] GC(108) Eden regions: 610->0(610)
[2021-11-11T21:54:29.253-0800][gc,heap     ] GC(108) Survivor regions: 4->4(77)
[2021-11-11T21:54:29.253-0800][gc,heap     ] GC(108) Old regions: 18->18
[2021-11-11T21:54:29.253-0800][gc,heap     ] GC(108) Archive regions: 2->2
[2021-11-11T21:54:29.253-0800][gc,heap     ] GC(108) Humongous regions: 129->129
[2021-11-11T21:54:29.253-0800][gc,metaspace] GC(108) Metaspace: 41162K(41792K)->41162K(41792K) NonClass: 36306K(36672K)->36306K(36672K) Class: 4855K(5120K)->4855K(5120K)
[2021-11-11T21:54:29.253-0800][gc          ] GC(108) Pause Young (Normal) (G1 Evacuation Pause) 760M->151M(1024M) 22.695ms
[2021-11-11T21:54:29.253-0800][gc,cpu      ] GC(108) User=0.03s Sys=0.03s Real=0.02s
[2021-11-11T21:58:54.566-0800][gc,start    ] GC(109) Pause Young (Normal) (G1 Evacuation Pause)
[2021-11-11T21:58:54.567-0800][gc,task     ] GC(109) Using 8 workers of 8 for evacuation
[2021-11-11T21:58:54.586-0800][gc,phases   ] GC(109)   Pre Evacuate Collection Set: 1.2ms
[2021-11-11T21:58:54.586-0800][gc,phases   ] GC(109)   Merge Heap Roots: 0.4ms
[2021-11-11T21:58:54.586-0800][gc,phases   ] GC(109)   Evacuate Collection Set: 15.5ms
[2021-11-11T21:58:54.586-0800][gc,phases   ] GC(109)   Post Evacuate Collection Set: 1.7ms
[2021-11-11T21:58:54.586-0800][gc,phases   ] GC(109)   Other: 1.4ms
[2021-11-11T21:58:54.586-0800][gc,heap     ] GC(109) Eden regions: 610->0(609)
[2021-11-11T21:58:54.586-0800][gc,heap     ] GC(109) Survivor regions: 4->5(77)
[2021-11-11T21:58:54.586-0800][gc,heap     ] GC(109) Old regions: 18->18
[2021-11-11T21:58:54.586-0800][gc,heap     ] GC(109) Archive regions: 2->2
[2021-11-11T21:58:54.586-0800][gc,heap     ] GC(109) Humongous regions: 129->129
[2021-11-11T21:58:54.586-0800][gc,metaspace] GC(109) Metaspace: 41162K(41792K)->41162K(41792K) NonClass: 36306K(36672K)->36306K(36672K) Class: 4855K(5120K)->4855K(5120K)
[2021-11-11T21:58:54.586-0800][gc          ] GC(109) Pause Young (Normal) (G1 Evacuation Pause) 761M->151M(1024M) 20.430ms
[2021-11-11T21:58:54.586-0800][gc,cpu      ] GC(109) User=0.03s Sys=0.03s Real=0.02s
[2021-11-11T22:03:20.206-0800][gc,start    ] GC(110) Pause Young (Normal) (G1 Evacuation Pause)
[2021-11-11T22:03:20.207-0800][gc,task     ] GC(110) Using 8 workers of 8 for evacuation
[2021-11-11T22:03:20.228-0800][gc,phases   ] GC(110)   Pre Evacuate Collection Set: 1.1ms
[2021-11-11T22:03:20.228-0800][gc,phases   ] GC(110)   Merge Heap Roots: 0.6ms
[2021-11-11T22:03:20.228-0800][gc,phases   ] GC(110)   Evacuate Collection Set: 16.4ms
[2021-11-11T22:03:20.228-0800][gc,phases   ] GC(110)   Post Evacuate Collection Set: 1.9ms
[2021-11-11T22:03:20.228-0800][gc,phases   ] GC(110)   Other: 2.1ms
[2021-11-11T22:03:20.228-0800][gc,heap     ] GC(110) Eden regions: 609->0(611)
[2021-11-11T22:03:20.228-0800][gc,heap     ] GC(110) Survivor regions: 5->3(77)
[2021-11-11T22:03:20.228-0800][gc,heap     ] GC(110) Old regions: 18->18
[2021-11-11T22:03:20.228-0800][gc,heap     ] GC(110) Archive regions: 2->2
[2021-11-11T22:03:20.228-0800][gc,heap     ] GC(110) Humongous regions: 129->129
[2021-11-11T22:03:20.228-0800][gc,metaspace] GC(110) Metaspace: 41162K(41792K)->41162K(41792K) NonClass: 36306K(36672K)->36306K(36672K) Class: 4855K(5120K)->4855K(5120K)
[2021-11-11T22:03:20.228-0800][gc          ] GC(110) Pause Young (Normal) (G1 Evacuation Pause) 760M->150M(1024M) 22.384ms
[2021-11-11T22:03:20.228-0800][gc,cpu      ] GC(110) User=0.03s Sys=0.04s Real=0.02s
[2021-11-11T22:07:45.601-0800][gc,start    ] GC(111) Pause Young (Normal) (G1 Evacuation Pause)
[2021-11-11T22:07:45.602-0800][gc,task     ] GC(111) Using 8 workers of 8 for evacuation
[2021-11-11T22:07:45.616-0800][gc,phases   ] GC(111)   Pre Evacuate Collection Set: 0.6ms
[2021-11-11T22:07:45.616-0800][gc,phases   ] GC(111)   Merge Heap Roots: 0.3ms
[2021-11-11T22:07:45.616-0800][gc,phases   ] GC(111)   Evacuate Collection Set: 11.1ms
[2021-11-11T22:07:45.616-0800][gc,phases   ] GC(111)   Post Evacuate Collection Set: 1.4ms
[2021-11-11T22:07:45.616-0800][gc,phases   ] GC(111)   Other: 1.9ms
[2021-11-11T22:07:45.616-0800][gc,heap     ] GC(111) Eden regions: 611->0(610)
[2021-11-11T22:07:45.616-0800][gc,heap     ] GC(111) Survivor regions: 3->4(77)
[2021-11-11T22:07:45.617-0800][gc,heap     ] GC(111) Old regions: 18->18
[2021-11-11T22:07:45.617-0800][gc,heap     ] GC(111) Archive regions: 2->2
[2021-11-11T22:07:45.617-0800][gc,heap     ] GC(111) Humongous regions: 129->129
[2021-11-11T22:07:45.617-0800][gc,metaspace] GC(111) Metaspace: 41165K(41792K)->41165K(41792K) NonClass: 36309K(36672K)->36309K(36672K) Class: 4855K(5120K)->4855K(5120K)
[2021-11-11T22:07:45.617-0800][gc          ] GC(111) Pause Young (Normal) (G1 Evacuation Pause) 761M->150M(1024M) 15.526ms
[2021-11-11T22:07:45.617-0800][gc,cpu      ] GC(111) User=0.03s Sys=0.02s Real=0.01s
[2021-11-11T22:12:10.863-0800][gc,start    ] GC(112) Pause Young (Normal) (G1 Evacuation Pause)
[2021-11-11T22:12:10.865-0800][gc,task     ] GC(112) Using 8 workers of 8 for evacuation
[2021-11-11T22:12:10.885-0800][gc,phases   ] GC(112)   Pre Evacuate Collection Set: 1.0ms
[2021-11-11T22:12:10.885-0800][gc,phases   ] GC(112)   Merge Heap Roots: 0.6ms
[2021-11-11T22:12:10.885-0800][gc,phases   ] GC(112)   Evacuate Collection Set: 15.7ms
[2021-11-11T22:12:10.885-0800][gc,phases   ] GC(112)   Post Evacuate Collection Set: 2.0ms
[2021-11-11T22:12:10.885-0800][gc,phases   ] GC(112)   Other: 2.1ms
[2021-11-11T22:12:10.885-0800][gc,heap     ] GC(112) Eden regions: 610->0(610)
[2021-11-11T22:12:10.885-0800][gc,heap     ] GC(112) Survivor regions: 4->4(77)
[2021-11-11T22:12:10.885-0800][gc,heap     ] GC(112) Old regions: 18->18
[2021-11-11T22:12:10.885-0800][gc,heap     ] GC(112) Archive regions: 2->2
[2021-11-11T22:12:10.885-0800][gc,heap     ] GC(112) Humongous regions: 129->129
[2021-11-11T22:12:10.885-0800][gc,metaspace] GC(112) Metaspace: 41165K(41792K)->41165K(41792K) NonClass: 36309K(36672K)->36309K(36672K) Class: 4855K(5120K)->4855K(5120K)
[2021-11-11T22:12:10.885-0800][gc          ] GC(112) Pause Young (Normal) (G1 Evacuation Pause) 760M->150M(1024M) 21.696ms
[2021-11-11T22:12:10.885-0800][gc,cpu      ] GC(112) User=0.03s Sys=0.03s Real=0.02s
[2021-11-11T22:16:36.382-0800][gc,start    ] GC(113) Pause Young (Normal) (G1 Evacuation Pause)
[2021-11-11T22:16:36.383-0800][gc,task     ] GC(113) Using 8 workers of 8 for evacuation
[2021-11-11T22:16:36.409-0800][gc,mmu      ] GC(113) MMU target violated: 21.0ms (20.0ms/21.0ms)
[2021-11-11T22:16:36.425-0800][gc,phases   ] GC(113)   Pre Evacuate Collection Set: 0.8ms
[2021-11-11T22:16:36.425-0800][gc,phases   ] GC(113)   Merge Heap Roots: 0.5ms
[2021-11-11T22:16:36.425-0800][gc,phases   ] GC(113)   Evacuate Collection Set: 22.5ms
[2021-11-11T22:16:36.425-0800][gc,phases   ] GC(113)   Post Evacuate Collection Set: 1.6ms
[2021-11-11T22:16:36.425-0800][gc,phases   ] GC(113)   Other: 17.4ms
[2021-11-11T22:16:36.425-0800][gc,heap     ] GC(113) Eden regions: 610->0(610)
[2021-11-11T22:16:36.425-0800][gc,heap     ] GC(113) Survivor regions: 4->4(77)
[2021-11-11T22:16:36.425-0800][gc,heap     ] GC(113) Old regions: 18->18
[2021-11-11T22:16:36.425-0800][gc,heap     ] GC(113) Archive regions: 2->2
[2021-11-11T22:16:36.425-0800][gc,heap     ] GC(113) Humongous regions: 129->129
[2021-11-11T22:16:36.425-0800][gc,metaspace] GC(113) Metaspace: 41165K(41792K)->41165K(41792K) NonClass: 36309K(36672K)->36309K(36672K) Class: 4855K(5120K)->4855K(5120K)
[2021-11-11T22:16:36.426-0800][gc          ] GC(113) Pause Young (Normal) (G1 Evacuation Pause) 760M->151M(1024M) 43.218ms
[2021-11-11T22:16:36.426-0800][gc,cpu      ] GC(113) User=0.03s Sys=0.03s Real=0.04s
[2021-11-11T22:21:02.090-0800][gc,start    ] GC(114) Pause Young (Normal) (G1 Evacuation Pause)
[2021-11-11T22:21:02.093-0800][gc,task     ] GC(114) Using 8 workers of 8 for evacuation
[2021-11-11T22:21:02.114-0800][gc,mmu      ] GC(114) MMU target violated: 20.4ms (20.0ms/21.0ms)
[2021-11-11T22:21:02.114-0800][gc,phases   ] GC(114)   Pre Evacuate Collection Set: 1.3ms
[2021-11-11T22:21:02.114-0800][gc,phases   ] GC(114)   Merge Heap Roots: 0.4ms
[2021-11-11T22:21:02.114-0800][gc,phases   ] GC(114)   Evacuate Collection Set: 16.8ms
[2021-11-11T22:21:02.114-0800][gc,phases   ] GC(114)   Post Evacuate Collection Set: 2.0ms
[2021-11-11T22:21:02.114-0800][gc,phases   ] GC(114)   Other: 3.9ms
[2021-11-11T22:21:02.114-0800][gc,heap     ] GC(114) Eden regions: 610->0(609)
[2021-11-11T22:21:02.114-0800][gc,heap     ] GC(114) Survivor regions: 4->5(77)
[2021-11-11T22:21:02.114-0800][gc,heap     ] GC(114) Old regions: 18->18
[2021-11-11T22:21:02.114-0800][gc,heap     ] GC(114) Archive regions: 2->2
[2021-11-11T22:21:02.114-0800][gc,heap     ] GC(114) Humongous regions: 129->129
[2021-11-11T22:21:02.114-0800][gc,metaspace] GC(114) Metaspace: 41167K(41792K)->41167K(41792K) NonClass: 36312K(36672K)->36312K(36672K) Class: 4855K(5120K)->4855K(5120K)
[2021-11-11T22:21:02.114-0800][gc          ] GC(114) Pause Young (Normal) (G1 Evacuation Pause) 761M->151M(1024M) 24.482ms
[2021-11-11T22:21:02.114-0800][gc,cpu      ] GC(114) User=0.03s Sys=0.03s Real=0.02s
[2021-11-11T22:25:27.423-0800][gc,start    ] GC(115) Pause Young (Normal) (G1 Evacuation Pause)
[2021-11-11T22:25:27.424-0800][gc,task     ] GC(115) Using 8 workers of 8 for evacuation
[2021-11-11T22:25:27.445-0800][gc,mmu      ] GC(115) MMU target violated: 20.1ms (20.0ms/21.0ms)
[2021-11-11T22:25:27.445-0800][gc,phases   ] GC(115)   Pre Evacuate Collection Set: 0.9ms
[2021-11-11T22:25:27.445-0800][gc,phases   ] GC(115)   Merge Heap Roots: 0.5ms
[2021-11-11T22:25:27.445-0800][gc,phases   ] GC(115)   Evacuate Collection Set: 16.8ms
[2021-11-11T22:25:27.445-0800][gc,phases   ] GC(115)   Post Evacuate Collection Set: 1.9ms
[2021-11-11T22:25:27.445-0800][gc,phases   ] GC(115)   Other: 2.3ms
[2021-11-11T22:25:27.445-0800][gc,heap     ] GC(115) Eden regions: 609->0(611)
[2021-11-11T22:25:27.445-0800][gc,heap     ] GC(115) Survivor regions: 5->3(77)
[2021-11-11T22:25:27.445-0800][gc,heap     ] GC(115) Old regions: 18->19
[2021-11-11T22:25:27.445-0800][gc,heap     ] GC(115) Archive regions: 2->2
[2021-11-11T22:25:27.445-0800][gc,heap     ] GC(115) Humongous regions: 129->129
[2021-11-11T22:25:27.445-0800][gc,metaspace] GC(115) Metaspace: 41167K(41792K)->41167K(41792K) NonClass: 36312K(36672K)->36312K(36672K) Class: 4855K(5120K)->4855K(5120K)
[2021-11-11T22:25:27.445-0800][gc          ] GC(115) Pause Young (Normal) (G1 Evacuation Pause) 760M->150M(1024M) 22.528ms
[2021-11-11T22:25:27.445-0800][gc,cpu      ] GC(115) User=0.03s Sys=0.03s Real=0.02s
[2021-11-11T22:29:53.536-0800][gc,start    ] GC(116) Pause Young (Normal) (G1 Evacuation Pause)
[2021-11-11T22:29:53.537-0800][gc,task     ] GC(116) Using 8 workers of 8 for evacuation
[2021-11-11T22:29:53.565-0800][gc,mmu      ] GC(116) MMU target violated: 21.0ms (20.0ms/21.0ms)
[2021-11-11T22:29:53.566-0800][gc,phases   ] GC(116)   Pre Evacuate Collection Set: 1.3ms
[2021-11-11T22:29:53.566-0800][gc,phases   ] GC(116)   Merge Heap Roots: 0.4ms
[2021-11-11T22:29:53.566-0800][gc,phases   ] GC(116)   Evacuate Collection Set: 19.0ms
[2021-11-11T22:29:53.566-0800][gc,phases   ] GC(116)   Post Evacuate Collection Set: 7.3ms
[2021-11-11T22:29:53.566-0800][gc,phases   ] GC(116)   Other: 2.2ms
[2021-11-11T22:29:53.566-0800][gc,heap     ] GC(116) Eden regions: 611->0(610)
[2021-11-11T22:29:53.566-0800][gc,heap     ] GC(116) Survivor regions: 3->4(77)
[2021-11-11T22:29:53.566-0800][gc,heap     ] GC(116) Old regions: 19->19
[2021-11-11T22:29:53.566-0800][gc,heap     ] GC(116) Archive regions: 2->2
[2021-11-11T22:29:53.566-0800][gc,heap     ] GC(116) Humongous regions: 129->129
[2021-11-11T22:29:53.566-0800][gc,metaspace] GC(116) Metaspace: 41169K(41792K)->41169K(41792K) NonClass: 36313K(36672K)->36313K(36672K) Class: 4855K(5120K)->4855K(5120K)
[2021-11-11T22:29:53.566-0800][gc          ] GC(116) Pause Young (Normal) (G1 Evacuation Pause) 761M->151M(1024M) 30.286ms
[2021-11-11T22:29:53.566-0800][gc,cpu      ] GC(116) User=0.03s Sys=0.04s Real=0.03s
[2021-11-11T22:34:19.870-0800][gc,start    ] GC(117) Pause Young (Normal) (G1 Evacuation Pause)
[2021-11-11T22:34:19.871-0800][gc,task     ] GC(117) Using 8 workers of 8 for evacuation
[2021-11-11T22:34:19.900-0800][gc,mmu      ] GC(117) MMU target violated: 21.0ms (20.0ms/21.0ms)
[2021-11-11T22:34:19.900-0800][gc,phases   ] GC(117)   Pre Evacuate Collection Set: 1.0ms
[2021-11-11T22:34:19.900-0800][gc,phases   ] GC(117)   Merge Heap Roots: 0.4ms
[2021-11-11T22:34:19.900-0800][gc,phases   ] GC(117)   Evacuate Collection Set: 25.2ms
[2021-11-11T22:34:19.900-0800][gc,phases   ] GC(117)   Post Evacuate Collection Set: 2.2ms
[2021-11-11T22:34:19.900-0800][gc,phases   ] GC(117)   Other: 1.6ms
[2021-11-11T22:34:19.900-0800][gc,heap     ] GC(117) Eden regions: 610->0(609)
[2021-11-11T22:34:19.900-0800][gc,heap     ] GC(117) Survivor regions: 4->5(77)
[2021-11-11T22:34:19.900-0800][gc,heap     ] GC(117) Old regions: 19->19
[2021-11-11T22:34:19.900-0800][gc,heap     ] GC(117) Archive regions: 2->2
[2021-11-11T22:34:19.900-0800][gc,heap     ] GC(117) Humongous regions: 129->129
[2021-11-11T22:34:19.900-0800][gc,metaspace] GC(117) Metaspace: 41169K(41792K)->41169K(41792K) NonClass: 36313K(36672K)->36313K(36672K) Class: 4855K(5120K)->4855K(5120K)
[2021-11-11T22:34:19.900-0800][gc          ] GC(117) Pause Young (Normal) (G1 Evacuation Pause) 761M->152M(1024M) 30.658ms
[2021-11-11T22:34:19.900-0800][gc,cpu      ] GC(117) User=0.03s Sys=0.04s Real=0.03s
[2021-11-11T22:38:45.045-0800][gc,start    ] GC(118) Pause Young (Normal) (G1 Evacuation Pause)
[2021-11-11T22:38:45.046-0800][gc,task     ] GC(118) Using 8 workers of 8 for evacuation
[2021-11-11T22:38:45.062-0800][gc,phases   ] GC(118)   Pre Evacuate Collection Set: 0.5ms
[2021-11-11T22:38:45.062-0800][gc,phases   ] GC(118)   Merge Heap Roots: 0.3ms
[2021-11-11T22:38:45.062-0800][gc,phases   ] GC(118)   Evacuate Collection Set: 14.0ms
[2021-11-11T22:38:45.062-0800][gc,phases   ] GC(118)   Post Evacuate Collection Set: 0.9ms
[2021-11-11T22:38:45.062-0800][gc,phases   ] GC(118)   Other: 1.6ms
[2021-11-11T22:38:45.062-0800][gc,heap     ] GC(118) Eden regions: 609->0(609)
[2021-11-11T22:38:45.062-0800][gc,heap     ] GC(118) Survivor regions: 5->5(77)
[2021-11-11T22:38:45.062-0800][gc,heap     ] GC(118) Old regions: 19->19
[2021-11-11T22:38:45.062-0800][gc,heap     ] GC(118) Archive regions: 2->2
[2021-11-11T22:38:45.062-0800][gc,heap     ] GC(118) Humongous regions: 129->129
[2021-11-11T22:38:45.063-0800][gc,metaspace] GC(118) Metaspace: 41172K(41792K)->41172K(41792K) NonClass: 36317K(36672K)->36317K(36672K) Class: 4855K(5120K)->4855K(5120K)
[2021-11-11T22:38:45.063-0800][gc          ] GC(118) Pause Young (Normal) (G1 Evacuation Pause) 761M->152M(1024M) 17.611ms
[2021-11-11T22:38:45.063-0800][gc,cpu      ] GC(118) User=0.04s Sys=0.01s Real=0.02s
[2021-11-11T22:43:11.186-0800][gc,start    ] GC(119) Pause Young (Normal) (G1 Evacuation Pause)
[2021-11-11T22:43:11.204-0800][gc,task     ] GC(119) Using 8 workers of 8 for evacuation
[2021-11-11T22:43:11.225-0800][gc,phases   ] GC(119)   Pre Evacuate Collection Set: 0.6ms
[2021-11-11T22:43:11.225-0800][gc,phases   ] GC(119)   Merge Heap Roots: 0.2ms
[2021-11-11T22:43:11.225-0800][gc,phases   ] GC(119)   Evacuate Collection Set: 17.1ms
[2021-11-11T22:43:11.225-0800][gc,phases   ] GC(119)   Post Evacuate Collection Set: 2.0ms
[2021-11-11T22:43:11.225-0800][gc,phases   ] GC(119)   Other: 19.2ms
[2021-11-11T22:43:11.225-0800][gc,heap     ] GC(119) Eden regions: 609->0(610)
[2021-11-11T22:43:11.225-0800][gc,heap     ] GC(119) Survivor regions: 5->4(77)
[2021-11-11T22:43:11.225-0800][gc,heap     ] GC(119) Old regions: 19->19
[2021-11-11T22:43:11.225-0800][gc,heap     ] GC(119) Archive regions: 2->2
[2021-11-11T22:43:11.225-0800][gc,heap     ] GC(119) Humongous regions: 129->129
[2021-11-11T22:43:11.225-0800][gc,metaspace] GC(119) Metaspace: 41172K(41792K)->41172K(41792K) NonClass: 36317K(36672K)->36317K(36672K) Class: 4855K(5120K)->4855K(5120K)
[2021-11-11T22:43:11.225-0800][gc          ] GC(119) Pause Young (Normal) (G1 Evacuation Pause) 761M->151M(1024M) 39.329ms
[2021-11-11T22:43:11.225-0800][gc,cpu      ] GC(119) User=0.04s Sys=0.03s Real=0.04s
[2021-11-11T22:47:37.038-0800][gc,start    ] GC(120) Pause Young (Normal) (G1 Evacuation Pause)
[2021-11-11T22:47:37.039-0800][gc,task     ] GC(120) Using 8 workers of 8 for evacuation
[2021-11-11T22:47:37.050-0800][gc,phases   ] GC(120)   Pre Evacuate Collection Set: 0.4ms
[2021-11-11T22:47:37.050-0800][gc,phases   ] GC(120)   Merge Heap Roots: 0.3ms
[2021-11-11T22:47:37.050-0800][gc,phases   ] GC(120)   Evacuate Collection Set: 9.1ms
[2021-11-11T22:47:37.050-0800][gc,phases   ] GC(120)   Post Evacuate Collection Set: 0.8ms
[2021-11-11T22:47:37.050-0800][gc,phases   ] GC(120)   Other: 1.4ms
[2021-11-11T22:47:37.050-0800][gc,heap     ] GC(120) Eden regions: 610->0(610)
[2021-11-11T22:47:37.050-0800][gc,heap     ] GC(120) Survivor regions: 4->4(77)
[2021-11-11T22:47:37.050-0800][gc,heap     ] GC(120) Old regions: 19->19
[2021-11-11T22:47:37.050-0800][gc,heap     ] GC(120) Archive regions: 2->2
[2021-11-11T22:47:37.050-0800][gc,heap     ] GC(120) Humongous regions: 129->129
[2021-11-11T22:47:37.050-0800][gc,metaspace] GC(120) Metaspace: 41172K(41792K)->41172K(41792K) NonClass: 36317K(36672K)->36317K(36672K) Class: 4855K(5120K)->4855K(5120K)
[2021-11-11T22:47:37.050-0800][gc          ] GC(120) Pause Young (Normal) (G1 Evacuation Pause) 761M->151M(1024M) 12.194ms
[2021-11-11T22:47:37.050-0800][gc,cpu      ] GC(120) User=0.02s Sys=0.01s Real=0.02s
[2021-11-11T22:52:02.220-0800][gc,start    ] GC(121) Pause Young (Normal) (G1 Evacuation Pause)
[2021-11-11T22:52:02.221-0800][gc,task     ] GC(121) Using 8 workers of 8 for evacuation
[2021-11-11T22:52:02.241-0800][gc,phases   ] GC(121)   Pre Evacuate Collection Set: 0.8ms
[2021-11-11T22:52:02.241-0800][gc,phases   ] GC(121)   Merge Heap Roots: 0.4ms
[2021-11-11T22:52:02.241-0800][gc,phases   ] GC(121)   Evacuate Collection Set: 16.0ms
[2021-11-11T22:52:02.241-0800][gc,phases   ] GC(121)   Post Evacuate Collection Set: 2.1ms
[2021-11-11T22:52:02.241-0800][gc,phases   ] GC(121)   Other: 2.4ms
[2021-11-11T22:52:02.241-0800][gc,heap     ] GC(121) Eden regions: 610->0(610)
[2021-11-11T22:52:02.241-0800][gc,heap     ] GC(121) Survivor regions: 4->4(77)
[2021-11-11T22:52:02.242-0800][gc,heap     ] GC(121) Old regions: 19->19
[2021-11-11T22:52:02.242-0800][gc,heap     ] GC(121) Archive regions: 2->2
[2021-11-11T22:52:02.242-0800][gc,heap     ] GC(121) Humongous regions: 129->129
[2021-11-11T22:52:02.242-0800][gc,metaspace] GC(121) Metaspace: 41172K(41792K)->41172K(41792K) NonClass: 36317K(36672K)->36317K(36672K) Class: 4855K(5120K)->4855K(5120K)
[2021-11-11T22:52:02.242-0800][gc          ] GC(121) Pause Young (Normal) (G1 Evacuation Pause) 761M->152M(1024M) 21.874ms
[2021-11-11T22:52:02.242-0800][gc,cpu      ] GC(121) User=0.04s Sys=0.02s Real=0.02s
[2021-11-11T22:56:28.030-0800][gc,start    ] GC(122) Pause Young (Normal) (G1 Evacuation Pause)
[2021-11-11T22:56:28.031-0800][gc,task     ] GC(122) Using 8 workers of 8 for evacuation
[2021-11-11T22:56:28.048-0800][gc,phases   ] GC(122)   Pre Evacuate Collection Set: 0.5ms
[2021-11-11T22:56:28.048-0800][gc,phases   ] GC(122)   Merge Heap Roots: 0.3ms
[2021-11-11T22:56:28.048-0800][gc,phases   ] GC(122)   Evacuate Collection Set: 13.0ms
[2021-11-11T22:56:28.048-0800][gc,phases   ] GC(122)   Post Evacuate Collection Set: 2.2ms
[2021-11-11T22:56:28.048-0800][gc,phases   ] GC(122)   Other: 1.6ms
[2021-11-11T22:56:28.048-0800][gc,heap     ] GC(122) Eden regions: 610->0(610)
[2021-11-11T22:56:28.048-0800][gc,heap     ] GC(122) Survivor regions: 4->4(77)
[2021-11-11T22:56:28.048-0800][gc,heap     ] GC(122) Old regions: 19->19
[2021-11-11T22:56:28.048-0800][gc,heap     ] GC(122) Archive regions: 2->2
[2021-11-11T22:56:28.048-0800][gc,heap     ] GC(122) Humongous regions: 129->129
[2021-11-11T22:56:28.048-0800][gc,metaspace] GC(122) Metaspace: 41172K(41792K)->41172K(41792K) NonClass: 36317K(36672K)->36317K(36672K) Class: 4855K(5120K)->4855K(5120K)
[2021-11-11T22:56:28.048-0800][gc          ] GC(122) Pause Young (Normal) (G1 Evacuation Pause) 762M->152M(1024M) 17.741ms
[2021-11-11T22:56:28.048-0800][gc,cpu      ] GC(122) User=0.04s Sys=0.01s Real=0.01s
[2021-11-11T23:00:57.051-0800][gc,start    ] GC(123) Pause Young (Normal) (G1 Evacuation Pause)
[2021-11-11T23:00:57.052-0800][gc,task     ] GC(123) Using 8 workers of 8 for evacuation
[2021-11-11T23:00:57.074-0800][gc,mmu      ] GC(123) MMU target violated: 20.8ms (20.0ms/21.0ms)
[2021-11-11T23:00:57.074-0800][gc,phases   ] GC(123)   Pre Evacuate Collection Set: 1.1ms
[2021-11-11T23:00:57.074-0800][gc,phases   ] GC(123)   Merge Heap Roots: 0.5ms
[2021-11-11T23:00:57.074-0800][gc,phases   ] GC(123)   Evacuate Collection Set: 17.0ms
[2021-11-11T23:00:57.074-0800][gc,phases   ] GC(123)   Post Evacuate Collection Set: 2.3ms
[2021-11-11T23:00:57.074-0800][gc,phases   ] GC(123)   Other: 2.0ms
[2021-11-11T23:00:57.074-0800][gc,heap     ] GC(123) Eden regions: 610->0(611)
[2021-11-11T23:00:57.074-0800][gc,heap     ] GC(123) Survivor regions: 4->3(77)
[2021-11-11T23:00:57.074-0800][gc,heap     ] GC(123) Old regions: 19->19
[2021-11-11T23:00:57.074-0800][gc,heap     ] GC(123) Archive regions: 2->2
[2021-11-11T23:00:57.074-0800][gc,heap     ] GC(123) Humongous regions: 129->129
[2021-11-11T23:00:57.074-0800][gc,metaspace] GC(123) Metaspace: 41173K(41792K)->41173K(41792K) NonClass: 36317K(36672K)->36317K(36672K) Class: 4855K(5120K)->4855K(5120K)
[2021-11-11T23:00:57.074-0800][gc          ] GC(123) Pause Young (Normal) (G1 Evacuation Pause) 762M->151M(1024M) 23.000ms
[2021-11-11T23:00:57.074-0800][gc,cpu      ] GC(123) User=0.02s Sys=0.03s Real=0.02s
[2021-11-11T23:05:26.935-0800][gc,start    ] GC(124) Pause Young (Normal) (G1 Evacuation Pause)
[2021-11-11T23:05:26.936-0800][gc,task     ] GC(124) Using 8 workers of 8 for evacuation
[2021-11-11T23:05:26.951-0800][gc,phases   ] GC(124)   Pre Evacuate Collection Set: 0.4ms
[2021-11-11T23:05:26.951-0800][gc,phases   ] GC(124)   Merge Heap Roots: 0.2ms
[2021-11-11T23:05:26.951-0800][gc,phases   ] GC(124)   Evacuate Collection Set: 12.1ms
[2021-11-11T23:05:26.951-0800][gc,phases   ] GC(124)   Post Evacuate Collection Set: 1.0ms
[2021-11-11T23:05:26.951-0800][gc,phases   ] GC(124)   Other: 1.7ms
[2021-11-11T23:05:26.951-0800][gc,heap     ] GC(124) Eden regions: 611->0(611)
[2021-11-11T23:05:26.951-0800][gc,heap     ] GC(124) Survivor regions: 3->3(77)
[2021-11-11T23:05:26.951-0800][gc,heap     ] GC(124) Old regions: 19->19
[2021-11-11T23:05:26.951-0800][gc,heap     ] GC(124) Archive regions: 2->2
[2021-11-11T23:05:26.951-0800][gc,heap     ] GC(124) Humongous regions: 129->129
[2021-11-11T23:05:26.951-0800][gc,metaspace] GC(124) Metaspace: 41173K(41792K)->41173K(41792K) NonClass: 36317K(36672K)->36317K(36672K) Class: 4855K(5120K)->4855K(5120K)
[2021-11-11T23:05:26.951-0800][gc          ] GC(124) Pause Young (Normal) (G1 Evacuation Pause) 762M->151M(1024M) 15.738ms
[2021-11-11T23:05:26.951-0800][gc,cpu      ] GC(124) User=0.03s Sys=0.01s Real=0.02s
[2021-11-11T23:09:58.206-0800][gc,start    ] GC(125) Pause Young (Normal) (G1 Evacuation Pause)
[2021-11-11T23:09:58.207-0800][gc,task     ] GC(125) Using 8 workers of 8 for evacuation
[2021-11-11T23:09:58.223-0800][gc,phases   ] GC(125)   Pre Evacuate Collection Set: 0.6ms
[2021-11-11T23:09:58.223-0800][gc,phases   ] GC(125)   Merge Heap Roots: 0.3ms
[2021-11-11T23:09:58.223-0800][gc,phases   ] GC(125)   Evacuate Collection Set: 13.0ms
[2021-11-11T23:09:58.223-0800][gc,phases   ] GC(125)   Post Evacuate Collection Set: 1.4ms
[2021-11-11T23:09:58.223-0800][gc,phases   ] GC(125)   Other: 1.9ms
[2021-11-11T23:09:58.223-0800][gc,heap     ] GC(125) Eden regions: 611->0(610)
[2021-11-11T23:09:58.223-0800][gc,heap     ] GC(125) Survivor regions: 3->4(77)
[2021-11-11T23:09:58.223-0800][gc,heap     ] GC(125) Old regions: 19->19
[2021-11-11T23:09:58.223-0800][gc,heap     ] GC(125) Archive regions: 2->2
[2021-11-11T23:09:58.223-0800][gc,heap     ] GC(125) Humongous regions: 129->129
[2021-11-11T23:09:58.223-0800][gc,metaspace] GC(125) Metaspace: 41173K(41792K)->41173K(41792K) NonClass: 36317K(36672K)->36317K(36672K) Class: 4855K(5120K)->4855K(5120K)
[2021-11-11T23:09:58.223-0800][gc          ] GC(125) Pause Young (Normal) (G1 Evacuation Pause) 762M->151M(1024M) 17.343ms
[2021-11-11T23:09:58.223-0800][gc,cpu      ] GC(125) User=0.04s Sys=0.02s Real=0.02s
[2021-11-11T23:14:29.194-0800][gc,start    ] GC(126) Pause Young (Normal) (G1 Evacuation Pause)
[2021-11-11T23:14:29.195-0800][gc,task     ] GC(126) Using 8 workers of 8 for evacuation
[2021-11-11T23:14:29.210-0800][gc,phases   ] GC(126)   Pre Evacuate Collection Set: 0.4ms
[2021-11-11T23:14:29.210-0800][gc,phases   ] GC(126)   Merge Heap Roots: 0.3ms
[2021-11-11T23:14:29.210-0800][gc,phases   ] GC(126)   Evacuate Collection Set: 12.7ms
[2021-11-11T23:14:29.210-0800][gc,phases   ] GC(126)   Post Evacuate Collection Set: 0.9ms
[2021-11-11T23:14:29.210-0800][gc,phases   ] GC(126)   Other: 1.8ms
[2021-11-11T23:14:29.210-0800][gc,heap     ] GC(126) Eden regions: 610->0(610)
[2021-11-11T23:14:29.210-0800][gc,heap     ] GC(126) Survivor regions: 4->4(77)
[2021-11-11T23:14:29.210-0800][gc,heap     ] GC(126) Old regions: 19->19
[2021-11-11T23:14:29.210-0800][gc,heap     ] GC(126) Archive regions: 2->2
[2021-11-11T23:14:29.210-0800][gc,heap     ] GC(126) Humongous regions: 129->129
[2021-11-11T23:14:29.210-0800][gc,metaspace] GC(126) Metaspace: 41173K(41792K)->41173K(41792K) NonClass: 36318K(36672K)->36318K(36672K) Class: 4855K(5120K)->4855K(5120K)
[2021-11-11T23:14:29.210-0800][gc          ] GC(126) Pause Young (Normal) (G1 Evacuation Pause) 761M->152M(1024M) 16.421ms
[2021-11-11T23:14:29.210-0800][gc,cpu      ] GC(126) User=0.04s Sys=0.01s Real=0.02s
[2021-11-11T23:18:59.874-0800][gc,start    ] GC(127) Pause Young (Normal) (G1 Evacuation Pause)
[2021-11-11T23:18:59.876-0800][gc,task     ] GC(127) Using 8 workers of 8 for evacuation
[2021-11-11T23:18:59.889-0800][gc,phases   ] GC(127)   Pre Evacuate Collection Set: 0.8ms
[2021-11-11T23:18:59.889-0800][gc,phases   ] GC(127)   Merge Heap Roots: 0.4ms
[2021-11-11T23:18:59.889-0800][gc,phases   ] GC(127)   Evacuate Collection Set: 10.4ms
[2021-11-11T23:18:59.889-0800][gc,phases   ] GC(127)   Post Evacuate Collection Set: 1.5ms
[2021-11-11T23:18:59.889-0800][gc,phases   ] GC(127)   Other: 2.0ms
[2021-11-11T23:18:59.889-0800][gc,heap     ] GC(127) Eden regions: 610->0(611)
[2021-11-11T23:18:59.889-0800][gc,heap     ] GC(127) Survivor regions: 4->3(77)
[2021-11-11T23:18:59.889-0800][gc,heap     ] GC(127) Old regions: 19->19
[2021-11-11T23:18:59.890-0800][gc,heap     ] GC(127) Archive regions: 2->2
[2021-11-11T23:18:59.890-0800][gc,heap     ] GC(127) Humongous regions: 129->129
[2021-11-11T23:18:59.890-0800][gc,metaspace] GC(127) Metaspace: 41173K(41792K)->41173K(41792K) NonClass: 36318K(36672K)->36318K(36672K) Class: 4855K(5120K)->4855K(5120K)
[2021-11-11T23:18:59.890-0800][gc          ] GC(127) Pause Young (Normal) (G1 Evacuation Pause) 762M->151M(1024M) 15.325ms
[2021-11-11T23:18:59.890-0800][gc,cpu      ] GC(127) User=0.03s Sys=0.01s Real=0.02s
[2021-11-11T23:23:30.841-0800][gc,start    ] GC(128) Pause Young (Normal) (G1 Evacuation Pause)
[2021-11-11T23:23:30.858-0800][gc,task     ] GC(128) Using 8 workers of 8 for evacuation
[2021-11-11T23:23:30.880-0800][gc,mmu      ] GC(128) MMU target violated: 21.0ms (20.0ms/21.0ms)
[2021-11-11T23:23:30.880-0800][gc,phases   ] GC(128)   Pre Evacuate Collection Set: 1.1ms
[2021-11-11T23:23:30.880-0800][gc,phases   ] GC(128)   Merge Heap Roots: 0.6ms
[2021-11-11T23:23:30.880-0800][gc,phases   ] GC(128)   Evacuate Collection Set: 17.4ms
[2021-11-11T23:23:30.880-0800][gc,phases   ] GC(128)   Post Evacuate Collection Set: 1.9ms
[2021-11-11T23:23:30.880-0800][gc,phases   ] GC(128)   Other: 17.7ms
[2021-11-11T23:23:30.880-0800][gc,heap     ] GC(128) Eden regions: 611->0(610)
[2021-11-11T23:23:30.880-0800][gc,heap     ] GC(128) Survivor regions: 3->4(77)
[2021-11-11T23:23:30.880-0800][gc,heap     ] GC(128) Old regions: 19->19
[2021-11-11T23:23:30.880-0800][gc,heap     ] GC(128) Archive regions: 2->2
[2021-11-11T23:23:30.880-0800][gc,heap     ] GC(128) Humongous regions: 129->129
[2021-11-11T23:23:30.880-0800][gc,metaspace] GC(128) Metaspace: 41175K(41792K)->41175K(41792K) NonClass: 36319K(36672K)->36319K(36672K) Class: 4855K(5120K)->4855K(5120K)
[2021-11-11T23:23:30.880-0800][gc          ] GC(128) Pause Young (Normal) (G1 Evacuation Pause) 762M->151M(1024M) 38.920ms
[2021-11-11T23:23:30.880-0800][gc,cpu      ] GC(128) User=0.03s Sys=0.03s Real=0.04s
[2021-11-11T23:28:00.909-0800][gc,start    ] GC(129) Pause Young (Normal) (G1 Evacuation Pause)
[2021-11-11T23:28:00.911-0800][gc,task     ] GC(129) Using 8 workers of 8 for evacuation
[2021-11-11T23:28:00.924-0800][gc,phases   ] GC(129)   Pre Evacuate Collection Set: 0.4ms
[2021-11-11T23:28:00.924-0800][gc,phases   ] GC(129)   Merge Heap Roots: 0.2ms
[2021-11-11T23:28:00.924-0800][gc,phases   ] GC(129)   Evacuate Collection Set: 10.8ms
[2021-11-11T23:28:00.924-0800][gc,phases   ] GC(129)   Post Evacuate Collection Set: 1.2ms
[2021-11-11T23:28:00.924-0800][gc,phases   ] GC(129)   Other: 2.6ms
[2021-11-11T23:28:00.924-0800][gc,heap     ] GC(129) Eden regions: 610->0(610)
[2021-11-11T23:28:00.924-0800][gc,heap     ] GC(129) Survivor regions: 4->4(77)
[2021-11-11T23:28:00.924-0800][gc,heap     ] GC(129) Old regions: 19->19
[2021-11-11T23:28:00.924-0800][gc,heap     ] GC(129) Archive regions: 2->2
[2021-11-11T23:28:00.924-0800][gc,heap     ] GC(129) Humongous regions: 129->129
[2021-11-11T23:28:00.924-0800][gc,metaspace] GC(129) Metaspace: 41175K(41792K)->41175K(41792K) NonClass: 36319K(36672K)->36319K(36672K) Class: 4855K(5120K)->4855K(5120K)
[2021-11-11T23:28:00.925-0800][gc          ] GC(129) Pause Young (Normal) (G1 Evacuation Pause) 761M->152M(1024M) 15.619ms
[2021-11-11T23:28:00.925-0800][gc,cpu      ] GC(129) User=0.04s Sys=0.01s Real=0.02s
[2021-11-11T23:32:31.341-0800][gc,start    ] GC(130) Pause Young (Normal) (G1 Evacuation Pause)
[2021-11-11T23:32:31.341-0800][gc,task     ] GC(130) Using 8 workers of 8 for evacuation
[2021-11-11T23:32:31.366-0800][gc,mmu      ] GC(130) MMU target violated: 21.0ms (20.0ms/21.0ms)
[2021-11-11T23:32:31.366-0800][gc,phases   ] GC(130)   Pre Evacuate Collection Set: 0.6ms
[2021-11-11T23:32:31.366-0800][gc,phases   ] GC(130)   Merge Heap Roots: 0.4ms
[2021-11-11T23:32:31.366-0800][gc,phases   ] GC(130)   Evacuate Collection Set: 21.4ms
[2021-11-11T23:32:31.366-0800][gc,phases   ] GC(130)   Post Evacuate Collection Set: 2.2ms
[2021-11-11T23:32:31.366-0800][gc,phases   ] GC(130)   Other: 1.0ms
[2021-11-11T23:32:31.366-0800][gc,heap     ] GC(130) Eden regions: 610->0(611)
[2021-11-11T23:32:31.366-0800][gc,heap     ] GC(130) Survivor regions: 4->3(77)
[2021-11-11T23:32:31.366-0800][gc,heap     ] GC(130) Old regions: 19->19
[2021-11-11T23:32:31.366-0800][gc,heap     ] GC(130) Archive regions: 2->2
[2021-11-11T23:32:31.366-0800][gc,heap     ] GC(130) Humongous regions: 129->129
[2021-11-11T23:32:31.366-0800][gc,metaspace] GC(130) Metaspace: 41175K(41792K)->41175K(41792K) NonClass: 36319K(36672K)->36319K(36672K) Class: 4855K(5120K)->4855K(5120K)
[2021-11-11T23:32:31.366-0800][gc          ] GC(130) Pause Young (Normal) (G1 Evacuation Pause) 762M->151M(1024M) 25.861ms
[2021-11-11T23:32:31.366-0800][gc,cpu      ] GC(130) User=0.03s Sys=0.02s Real=0.02s
[2021-11-11T23:37:02.225-0800][gc,start    ] GC(131) Pause Young (Normal) (G1 Evacuation Pause)
[2021-11-11T23:37:02.226-0800][gc,task     ] GC(131) Using 8 workers of 8 for evacuation
[2021-11-11T23:37:02.243-0800][gc,phases   ] GC(131)   Pre Evacuate Collection Set: 0.4ms
[2021-11-11T23:37:02.243-0800][gc,phases   ] GC(131)   Merge Heap Roots: 0.2ms
[2021-11-11T23:37:02.243-0800][gc,phases   ] GC(131)   Evacuate Collection Set: 14.7ms
[2021-11-11T23:37:02.243-0800][gc,phases   ] GC(131)   Post Evacuate Collection Set: 1.1ms
[2021-11-11T23:37:02.243-0800][gc,phases   ] GC(131)   Other: 1.7ms
[2021-11-11T23:37:02.243-0800][gc,heap     ] GC(131) Eden regions: 611->0(610)
[2021-11-11T23:37:02.243-0800][gc,heap     ] GC(131) Survivor regions: 3->4(77)
[2021-11-11T23:37:02.243-0800][gc,heap     ] GC(131) Old regions: 19->19
[2021-11-11T23:37:02.243-0800][gc,heap     ] GC(131) Archive regions: 2->2
[2021-11-11T23:37:02.243-0800][gc,heap     ] GC(131) Humongous regions: 129->129
[2021-11-11T23:37:02.243-0800][gc,metaspace] GC(131) Metaspace: 41175K(41792K)->41175K(41792K) NonClass: 36319K(36672K)->36319K(36672K) Class: 4855K(5120K)->4855K(5120K)
[2021-11-11T23:37:02.243-0800][gc          ] GC(131) Pause Young (Normal) (G1 Evacuation Pause) 762M->151M(1024M) 18.522ms
[2021-11-11T23:37:02.243-0800][gc,cpu      ] GC(131) User=0.04s Sys=0.01s Real=0.02s
[2021-11-12T11:13:59.159-0800][gc,start    ] GC(132) Pause Young (Normal) (G1 Evacuation Pause)
[2021-11-12T11:13:59.160-0800][gc,task     ] GC(132) Using 8 workers of 8 for evacuation
[2021-11-12T11:13:59.185-0800][gc,mmu      ] GC(132) MMU target violated: 21.0ms (20.0ms/21.0ms)
[2021-11-12T11:13:59.185-0800][gc,phases   ] GC(132)   Pre Evacuate Collection Set: 0.8ms
[2021-11-12T11:13:59.185-0800][gc,phases   ] GC(132)   Merge Heap Roots: 0.9ms
[2021-11-12T11:13:59.185-0800][gc,phases   ] GC(132)   Evacuate Collection Set: 18.1ms
[2021-11-12T11:13:59.185-0800][gc,phases   ] GC(132)   Post Evacuate Collection Set: 3.9ms
[2021-11-12T11:13:59.186-0800][gc,phases   ] GC(132)   Other: 3.9ms
[2021-11-12T11:13:59.186-0800][gc,heap     ] GC(132) Eden regions: 610->0(610)
[2021-11-12T11:13:59.186-0800][gc,heap     ] GC(132) Survivor regions: 4->4(77)
[2021-11-12T11:13:59.186-0800][gc,heap     ] GC(132) Old regions: 19->19
[2021-11-12T11:13:59.186-0800][gc,heap     ] GC(132) Archive regions: 2->2
[2021-11-12T11:13:59.186-0800][gc,heap     ] GC(132) Humongous regions: 129->129
[2021-11-12T11:13:59.186-0800][gc,metaspace] GC(132) Metaspace: 41187K(41792K)->41187K(41792K) NonClass: 36331K(36672K)->36331K(36672K) Class: 4855K(5120K)->4855K(5120K)
[2021-11-12T11:13:59.186-0800][gc          ] GC(132) Pause Young (Normal) (G1 Evacuation Pause) 761M->152M(1024M) 27.405ms
[2021-11-12T11:13:59.186-0800][gc,cpu      ] GC(132) User=0.03s Sys=0.03s Real=0.03s
[2021-11-12T11:18:24.870-0800][gc,start    ] GC(133) Pause Young (Normal) (G1 Evacuation Pause)
[2021-11-12T11:18:24.870-0800][gc,task     ] GC(133) Using 8 workers of 8 for evacuation
[2021-11-12T11:18:24.901-0800][gc,mmu      ] GC(133) MMU target violated: 21.0ms (20.0ms/21.0ms)
[2021-11-12T11:18:24.901-0800][gc,phases   ] GC(133)   Pre Evacuate Collection Set: 0.9ms
[2021-11-12T11:18:24.901-0800][gc,phases   ] GC(133)   Merge Heap Roots: 0.5ms
[2021-11-12T11:18:24.901-0800][gc,phases   ] GC(133)   Evacuate Collection Set: 27.0ms
[2021-11-12T11:18:24.901-0800][gc,phases   ] GC(133)   Post Evacuate Collection Set: 2.1ms
[2021-11-12T11:18:24.901-0800][gc,phases   ] GC(133)   Other: 1.2ms
[2021-11-12T11:18:24.901-0800][gc,heap     ] GC(133) Eden regions: 610->0(611)
[2021-11-12T11:18:24.901-0800][gc,heap     ] GC(133) Survivor regions: 4->3(77)
[2021-11-12T11:18:24.901-0800][gc,heap     ] GC(133) Old regions: 19->19
[2021-11-12T11:18:24.901-0800][gc,heap     ] GC(133) Archive regions: 2->2
[2021-11-12T11:18:24.901-0800][gc,heap     ] GC(133) Humongous regions: 129->129
[2021-11-12T11:18:24.901-0800][gc,metaspace] GC(133) Metaspace: 41188K(41792K)->41188K(41792K) NonClass: 36332K(36672K)->36332K(36672K) Class: 4855K(5120K)->4855K(5120K)
[2021-11-12T11:18:24.901-0800][gc          ] GC(133) Pause Young (Normal) (G1 Evacuation Pause) 762M->151M(1024M) 31.784ms
[2021-11-12T11:18:24.901-0800][gc,cpu      ] GC(133) User=0.03s Sys=0.03s Real=0.03s
[2021-11-12T11:22:50.793-0800][gc,start    ] GC(134) Pause Young (Normal) (G1 Evacuation Pause)
[2021-11-12T11:22:50.794-0800][gc,task     ] GC(134) Using 8 workers of 8 for evacuation
[2021-11-12T11:22:50.824-0800][gc,mmu      ] GC(134) MMU target violated: 21.0ms (20.0ms/21.0ms)
[2021-11-12T11:22:50.824-0800][gc,phases   ] GC(134)   Pre Evacuate Collection Set: 0.5ms
[2021-11-12T11:22:50.824-0800][gc,phases   ] GC(134)   Merge Heap Roots: 0.3ms
[2021-11-12T11:22:50.824-0800][gc,phases   ] GC(134)   Evacuate Collection Set: 23.4ms
[2021-11-12T11:22:50.824-0800][gc,phases   ] GC(134)   Post Evacuate Collection Set: 5.8ms
[2021-11-12T11:22:50.824-0800][gc,phases   ] GC(134)   Other: 0.9ms
[2021-11-12T11:22:50.824-0800][gc,heap     ] GC(134) Eden regions: 611->0(287)
[2021-11-12T11:22:50.824-0800][gc,heap     ] GC(134) Survivor regions: 3->4(77)
[2021-11-12T11:22:50.824-0800][gc,heap     ] GC(134) Old regions: 19->19
[2021-11-12T11:22:50.824-0800][gc,heap     ] GC(134) Archive regions: 2->2
[2021-11-12T11:22:50.824-0800][gc,heap     ] GC(134) Humongous regions: 129->129
[2021-11-12T11:22:50.824-0800][gc,metaspace] GC(134) Metaspace: 41188K(41792K)->41188K(41792K) NonClass: 36332K(36672K)->36332K(36672K) Class: 4855K(5120K)->4855K(5120K)
[2021-11-12T11:22:50.824-0800][gc          ] GC(134) Pause Young (Normal) (G1 Evacuation Pause) 762M->152M(1024M) 31.059ms
[2021-11-12T11:22:50.824-0800][gc,cpu      ] GC(134) User=0.03s Sys=0.04s Real=0.03s
[2021-11-12T11:24:55.617-0800][gc,start    ] GC(135) Pause Young (Normal) (G1 Evacuation Pause)
[2021-11-12T11:24:55.618-0800][gc,task     ] GC(135) Using 8 workers of 8 for evacuation
[2021-11-12T11:24:55.637-0800][gc,phases   ] GC(135)   Pre Evacuate Collection Set: 1.0ms
[2021-11-12T11:24:55.637-0800][gc,phases   ] GC(135)   Merge Heap Roots: 0.5ms
[2021-11-12T11:24:55.637-0800][gc,phases   ] GC(135)   Evacuate Collection Set: 15.3ms
[2021-11-12T11:24:55.637-0800][gc,phases   ] GC(135)   Post Evacuate Collection Set: 1.5ms
[2021-11-12T11:24:55.637-0800][gc,phases   ] GC(135)   Other: 1.6ms
[2021-11-12T11:24:55.637-0800][gc,heap     ] GC(135) Eden regions: 287->0(610)
[2021-11-12T11:24:55.637-0800][gc,heap     ] GC(135) Survivor regions: 4->4(37)
[2021-11-12T11:24:55.637-0800][gc,heap     ] GC(135) Old regions: 19->19
[2021-11-12T11:24:55.637-0800][gc,heap     ] GC(135) Archive regions: 2->2
[2021-11-12T11:24:55.637-0800][gc,heap     ] GC(135) Humongous regions: 129->129
[2021-11-12T11:24:55.637-0800][gc,metaspace] GC(135) Metaspace: 41188K(41792K)->41188K(41792K) NonClass: 36332K(36672K)->36332K(36672K) Class: 4855K(5120K)->4855K(5120K)
[2021-11-12T11:24:55.637-0800][gc          ] GC(135) Pause Young (Normal) (G1 Evacuation Pause) 439M->151M(1024M) 20.080ms
[2021-11-12T11:24:55.637-0800][gc,cpu      ] GC(135) User=0.03s Sys=0.03s Real=0.02s
[2021-11-12T11:29:13.010-0800][gc,start    ] GC(136) Pause Young (Normal) (G1 Evacuation Pause)
[2021-11-12T11:29:13.011-0800][gc,task     ] GC(136) Using 8 workers of 8 for evacuation
[2021-11-12T11:29:13.036-0800][gc,mmu      ] GC(136) MMU target violated: 21.0ms (20.0ms/21.0ms)
[2021-11-12T11:29:13.036-0800][gc,phases   ] GC(136)   Pre Evacuate Collection Set: 0.7ms
[2021-11-12T11:29:13.036-0800][gc,phases   ] GC(136)   Merge Heap Roots: 0.3ms
[2021-11-12T11:29:13.036-0800][gc,phases   ] GC(136)   Evacuate Collection Set: 22.2ms
[2021-11-12T11:29:13.036-0800][gc,phases   ] GC(136)   Post Evacuate Collection Set: 1.7ms
[2021-11-12T11:29:13.036-0800][gc,phases   ] GC(136)   Other: 1.9ms
[2021-11-12T11:29:13.036-0800][gc,heap     ] GC(136) Eden regions: 592->0(393)
[2021-11-12T11:29:13.036-0800][gc,heap     ] GC(136) Survivor regions: 4->4(75)
[2021-11-12T11:29:13.036-0800][gc,heap     ] GC(136) Old regions: 19->19
[2021-11-12T11:29:13.036-0800][gc,heap     ] GC(136) Archive regions: 2->2
[2021-11-12T11:29:13.036-0800][gc,heap     ] GC(136) Humongous regions: 129->129
[2021-11-12T11:29:13.036-0800][gc,metaspace] GC(136) Metaspace: 41188K(41792K)->41188K(41792K) NonClass: 36332K(36672K)->36332K(36672K) Class: 4855K(5120K)->4855K(5120K)
[2021-11-12T11:29:13.037-0800][gc          ] GC(136) Pause Young (Normal) (G1 Evacuation Pause) 743M->151M(1024M) 26.894ms
[2021-11-12T11:29:13.037-0800][gc,cpu      ] GC(136) User=0.02s Sys=0.05s Real=0.02s
[2021-11-12T11:32:03.599-0800][gc,start    ] GC(137) Pause Young (Normal) (G1 Evacuation Pause)
[2021-11-12T11:32:03.600-0800][gc,task     ] GC(137) Using 8 workers of 8 for evacuation
[2021-11-12T11:32:03.622-0800][gc,mmu      ] GC(137) MMU target violated: 21.0ms (20.0ms/21.0ms)
[2021-11-12T11:32:03.623-0800][gc,phases   ] GC(137)   Pre Evacuate Collection Set: 1.1ms
[2021-11-12T11:32:03.623-0800][gc,phases   ] GC(137)   Merge Heap Roots: 0.2ms
[2021-11-12T11:32:03.623-0800][gc,phases   ] GC(137)   Evacuate Collection Set: 18.4ms
[2021-11-12T11:32:03.623-0800][gc,phases   ] GC(137)   Post Evacuate Collection Set: 2.1ms
[2021-11-12T11:32:03.623-0800][gc,phases   ] GC(137)   Other: 1.9ms
[2021-11-12T11:32:03.623-0800][gc,heap     ] GC(137) Eden regions: 393->0(610)
[2021-11-12T11:32:03.623-0800][gc,heap     ] GC(137) Survivor regions: 4->4(50)
[2021-11-12T11:32:03.623-0800][gc,heap     ] GC(137) Old regions: 19->19
[2021-11-12T11:32:03.623-0800][gc,heap     ] GC(137) Archive regions: 2->2
[2021-11-12T11:32:03.623-0800][gc,heap     ] GC(137) Humongous regions: 129->129
[2021-11-12T11:32:03.623-0800][gc,metaspace] GC(137) Metaspace: 41195K(41792K)->41195K(41792K) NonClass: 36340K(36672K)->36340K(36672K) Class: 4855K(5120K)->4855K(5120K)
[2021-11-12T11:32:03.623-0800][gc          ] GC(137) Pause Young (Normal) (G1 Evacuation Pause) 544M->151M(1024M) 23.898ms
[2021-11-12T11:32:03.623-0800][gc,cpu      ] GC(137) User=0.03s Sys=0.03s Real=0.03s
[2021-11-12T11:36:16.285-0800][gc,start    ] GC(138) Pause Young (Normal) (G1 Evacuation Pause)
[2021-11-12T11:36:16.286-0800][gc,task     ] GC(138) Using 8 workers of 8 for evacuation
[2021-11-12T11:36:16.310-0800][gc,mmu      ] GC(138) MMU target violated: 21.0ms (20.0ms/21.0ms)
[2021-11-12T11:36:16.310-0800][gc,phases   ] GC(138)   Pre Evacuate Collection Set: 0.9ms
[2021-11-12T11:36:16.310-0800][gc,phases   ] GC(138)   Merge Heap Roots: 0.3ms
[2021-11-12T11:36:16.310-0800][gc,phases   ] GC(138)   Evacuate Collection Set: 20.5ms
[2021-11-12T11:36:16.310-0800][gc,phases   ] GC(138)   Post Evacuate Collection Set: 1.7ms
[2021-11-12T11:36:16.310-0800][gc,phases   ] GC(138)   Other: 2.0ms
[2021-11-12T11:36:16.310-0800][gc,heap     ] GC(138) Eden regions: 580->0(611)
[2021-11-12T11:36:16.310-0800][gc,heap     ] GC(138) Survivor regions: 4->3(73)
[2021-11-12T11:36:16.310-0800][gc,heap     ] GC(138) Old regions: 19->19
[2021-11-12T11:36:16.310-0800][gc,heap     ] GC(138) Archive regions: 2->2
[2021-11-12T11:36:16.310-0800][gc,heap     ] GC(138) Humongous regions: 129->129
[2021-11-12T11:36:16.310-0800][gc,metaspace] GC(138) Metaspace: 41195K(41792K)->41195K(41792K) NonClass: 36340K(36672K)->36340K(36672K) Class: 4855K(5120K)->4855K(5120K)
[2021-11-12T11:36:16.310-0800][gc          ] GC(138) Pause Young (Normal) (G1 Evacuation Pause) 731M->151M(1024M) 25.391ms
[2021-11-12T11:36:16.310-0800][gc,cpu      ] GC(138) User=0.03s Sys=0.05s Real=0.03s
[2021-11-12T11:40:42.411-0800][gc,start    ] GC(139) Pause Young (Normal) (G1 Evacuation Pause)
[2021-11-12T11:40:42.412-0800][gc,task     ] GC(139) Using 8 workers of 8 for evacuation
[2021-11-12T11:40:42.446-0800][gc,mmu      ] GC(139) MMU target violated: 21.0ms (20.0ms/21.0ms)
[2021-11-12T11:40:42.446-0800][gc,phases   ] GC(139)   Pre Evacuate Collection Set: 0.5ms
[2021-11-12T11:40:42.446-0800][gc,phases   ] GC(139)   Merge Heap Roots: 0.5ms
[2021-11-12T11:40:42.446-0800][gc,phases   ] GC(139)   Evacuate Collection Set: 29.0ms
[2021-11-12T11:40:42.446-0800][gc,phases   ] GC(139)   Post Evacuate Collection Set: 3.8ms
[2021-11-12T11:40:42.446-0800][gc,phases   ] GC(139)   Other: 1.5ms
[2021-11-12T11:40:42.446-0800][gc,heap     ] GC(139) Eden regions: 611->0(328)
[2021-11-12T11:40:42.446-0800][gc,heap     ] GC(139) Survivor regions: 3->4(77)
[2021-11-12T11:40:42.446-0800][gc,heap     ] GC(139) Old regions: 19->19
[2021-11-12T11:40:42.446-0800][gc,heap     ] GC(139) Archive regions: 2->2
[2021-11-12T11:40:42.446-0800][gc,heap     ] GC(139) Humongous regions: 129->129
[2021-11-12T11:40:42.446-0800][gc,metaspace] GC(139) Metaspace: 41220K(41856K)->41220K(41856K) NonClass: 36365K(36736K)->36365K(36736K) Class: 4855K(5120K)->4855K(5120K)
[2021-11-12T11:40:42.446-0800][gc          ] GC(139) Pause Young (Normal) (G1 Evacuation Pause) 762M->152M(1024M) 35.392ms
[2021-11-12T11:40:42.446-0800][gc,cpu      ] GC(139) User=0.03s Sys=0.04s Real=0.03s
[2021-11-12T11:42:55.897-0800][gc,start    ] GC(140) Pause Young (Normal) (G1 Evacuation Pause)
[2021-11-12T11:42:55.898-0800][gc,task     ] GC(140) Using 8 workers of 8 for evacuation
[2021-11-12T11:42:55.920-0800][gc,mmu      ] GC(140) MMU target violated: 21.0ms (20.0ms/21.0ms)
[2021-11-12T11:42:55.920-0800][gc,phases   ] GC(140)   Pre Evacuate Collection Set: 1.3ms
[2021-11-12T11:42:55.920-0800][gc,phases   ] GC(140)   Merge Heap Roots: 0.4ms
[2021-11-12T11:42:55.920-0800][gc,phases   ] GC(140)   Evacuate Collection Set: 18.0ms
[2021-11-12T11:42:55.920-0800][gc,phases   ] GC(140)   Post Evacuate Collection Set: 1.5ms
[2021-11-12T11:42:55.920-0800][gc,phases   ] GC(140)   Other: 2.1ms
[2021-11-12T11:42:55.920-0800][gc,heap     ] GC(140) Eden regions: 307->0(401)
[2021-11-12T11:42:55.920-0800][gc,heap     ] GC(140) Survivor regions: 4->4(39)
[2021-11-12T11:42:55.920-0800][gc,heap     ] GC(140) Old regions: 19->19
[2021-11-12T11:42:55.920-0800][gc,heap     ] GC(140) Archive regions: 2->2
[2021-11-12T11:42:55.920-0800][gc,heap     ] GC(140) Humongous regions: 129->129
[2021-11-12T11:42:55.920-0800][gc,metaspace] GC(140) Metaspace: 41224K(41856K)->41224K(41856K) NonClass: 36368K(36736K)->36368K(36736K) Class: 4855K(5120K)->4855K(5120K)
[2021-11-12T11:42:55.920-0800][gc          ] GC(140) Pause Young (Normal) (G1 Evacuation Pause) 459M->152M(1024M) 23.366ms
[2021-11-12T11:42:55.920-0800][gc,cpu      ] GC(140) User=0.04s Sys=0.03s Real=0.03s
[2021-11-12T11:45:50.342-0800][gc,start    ] GC(141) Pause Young (Normal) (G1 Evacuation Pause)
[2021-11-12T11:45:50.345-0800][gc,task     ] GC(141) Using 8 workers of 8 for evacuation
[2021-11-12T11:45:50.388-0800][gc,mmu      ] GC(141) MMU target violated: 21.0ms (20.0ms/21.0ms)
[2021-11-12T11:45:50.403-0800][gc,phases   ] GC(141)   Pre Evacuate Collection Set: 1.0ms
[2021-11-12T11:45:50.403-0800][gc,phases   ] GC(141)   Merge Heap Roots: 0.5ms
[2021-11-12T11:45:50.403-0800][gc,phases   ] GC(141)   Evacuate Collection Set: 38.6ms
[2021-11-12T11:45:50.404-0800][gc,phases   ] GC(141)   Post Evacuate Collection Set: 1.9ms
[2021-11-12T11:45:50.404-0800][gc,phases   ] GC(141)   Other: 19.5ms
[2021-11-12T11:45:50.404-0800][gc,heap     ] GC(141) Eden regions: 401->0(443)
[2021-11-12T11:45:50.404-0800][gc,heap     ] GC(141) Survivor regions: 4->4(51)
[2021-11-12T11:45:50.404-0800][gc,heap     ] GC(141) Old regions: 19->19
[2021-11-12T11:45:50.404-0800][gc,heap     ] GC(141) Archive regions: 2->2
[2021-11-12T11:45:50.404-0800][gc,heap     ] GC(141) Humongous regions: 129->129
[2021-11-12T11:45:50.404-0800][gc,metaspace] GC(141) Metaspace: 41225K(41856K)->41225K(41856K) NonClass: 36369K(36736K)->36369K(36736K) Class: 4855K(5120K)->4855K(5120K)
[2021-11-12T11:45:50.404-0800][gc          ] GC(141) Pause Young (Normal) (G1 Evacuation Pause) 553M->152M(1024M) 62.363ms
[2021-11-12T11:45:50.405-0800][gc,cpu      ] GC(141) User=0.04s Sys=0.04s Real=0.06s
[2021-11-12T11:48:41.860-0800][gc,start    ] GC(142) Pause Young (Normal) (G1 Evacuation Pause)
[2021-11-12T11:48:41.861-0800][gc,task     ] GC(142) Using 8 workers of 8 for evacuation
[2021-11-12T11:48:41.886-0800][gc,mmu      ] GC(142) MMU target violated: 21.0ms (20.0ms/21.0ms)
[2021-11-12T11:48:41.886-0800][gc,phases   ] GC(142)   Pre Evacuate Collection Set: 1.7ms
[2021-11-12T11:48:41.886-0800][gc,phases   ] GC(142)   Merge Heap Roots: 0.4ms
[2021-11-12T11:48:41.886-0800][gc,phases   ] GC(142)   Evacuate Collection Set: 20.4ms
[2021-11-12T11:48:41.886-0800][gc,phases   ] GC(142)   Post Evacuate Collection Set: 1.7ms
[2021-11-12T11:48:41.886-0800][gc,phases   ] GC(142)   Other: 2.3ms
[2021-11-12T11:48:41.886-0800][gc,heap     ] GC(142) Eden regions: 395->0(549)
[2021-11-12T11:48:41.886-0800][gc,heap     ] GC(142) Survivor regions: 4->4(50)
[2021-11-12T11:48:41.886-0800][gc,heap     ] GC(142) Old regions: 19->19
[2021-11-12T11:48:41.886-0800][gc,heap     ] GC(142) Archive regions: 2->2
[2021-11-12T11:48:41.886-0800][gc,heap     ] GC(142) Humongous regions: 129->129
[2021-11-12T11:48:41.886-0800][gc,metaspace] GC(142) Metaspace: 41225K(41856K)->41225K(41856K) NonClass: 36369K(36736K)->36369K(36736K) Class: 4855K(5120K)->4855K(5120K)
[2021-11-12T11:48:41.887-0800][gc          ] GC(142) Pause Young (Normal) (G1 Evacuation Pause) 547M->152M(1024M) 26.663ms
[2021-11-12T11:48:41.887-0800][gc,cpu      ] GC(142) User=0.03s Sys=0.04s Real=0.02s
[2021-11-12T11:52:40.568-0800][gc,start    ] GC(143) Pause Young (Normal) (G1 Evacuation Pause)
[2021-11-12T11:52:40.568-0800][gc,task     ] GC(143) Using 8 workers of 8 for evacuation
[2021-11-12T11:52:40.598-0800][gc,mmu      ] GC(143) MMU target violated: 21.0ms (20.0ms/21.0ms)
[2021-11-12T11:52:40.598-0800][gc,phases   ] GC(143)   Pre Evacuate Collection Set: 0.5ms
[2021-11-12T11:52:40.598-0800][gc,phases   ] GC(143)   Merge Heap Roots: 0.2ms
[2021-11-12T11:52:40.598-0800][gc,phases   ] GC(143)   Evacuate Collection Set: 26.6ms
[2021-11-12T11:52:40.598-0800][gc,phases   ] GC(143)   Post Evacuate Collection Set: 2.2ms
[2021-11-12T11:52:40.598-0800][gc,phases   ] GC(143)   Other: 0.8ms
[2021-11-12T11:52:40.598-0800][gc,heap     ] GC(143) Eden regions: 549->0(468)
[2021-11-12T11:52:40.598-0800][gc,heap     ] GC(143) Survivor regions: 4->3(70)
[2021-11-12T11:52:40.598-0800][gc,heap     ] GC(143) Old regions: 19->19
[2021-11-12T11:52:40.598-0800][gc,heap     ] GC(143) Archive regions: 2->2
[2021-11-12T11:52:40.598-0800][gc,heap     ] GC(143) Humongous regions: 129->129
[2021-11-12T11:52:40.598-0800][gc,metaspace] GC(143) Metaspace: 41225K(41856K)->41225K(41856K) NonClass: 36369K(36736K)->36369K(36736K) Class: 4855K(5120K)->4855K(5120K)
[2021-11-12T11:52:40.598-0800][gc          ] GC(143) Pause Young (Normal) (G1 Evacuation Pause) 701M->151M(1024M) 30.789ms
[2021-11-12T11:52:40.599-0800][gc,cpu      ] GC(143) User=0.03s Sys=0.03s Real=0.03s
[2021-11-12T11:55:52.601-0800][gc,start    ] GC(144) Pause Young (Normal) (G1 Evacuation Pause)
[2021-11-12T11:55:52.602-0800][gc,task     ] GC(144) Using 8 workers of 8 for evacuation
[2021-11-12T11:55:52.637-0800][gc,mmu      ] GC(144) MMU target violated: 21.0ms (20.0ms/21.0ms)
[2021-11-12T11:55:52.637-0800][gc,phases   ] GC(144)   Pre Evacuate Collection Set: 0.8ms
[2021-11-12T11:55:52.637-0800][gc,phases   ] GC(144)   Merge Heap Roots: 0.2ms
[2021-11-12T11:55:52.637-0800][gc,phases   ] GC(144)   Evacuate Collection Set: 31.8ms
[2021-11-12T11:55:52.638-0800][gc,phases   ] GC(144)   Post Evacuate Collection Set: 2.1ms
[2021-11-12T11:55:52.638-0800][gc,phases   ] GC(144)   Other: 1.6ms
[2021-11-12T11:55:52.638-0800][gc,heap     ] GC(144) Eden regions: 442->0(184)
[2021-11-12T11:55:52.638-0800][gc,heap     ] GC(144) Survivor regions: 3->5(56)
[2021-11-12T11:55:52.638-0800][gc,heap     ] GC(144) Old regions: 19->19
[2021-11-12T11:55:52.638-0800][gc,heap     ] GC(144) Archive regions: 2->2
[2021-11-12T11:55:52.638-0800][gc,heap     ] GC(144) Humongous regions: 129->129
[2021-11-12T11:55:52.638-0800][gc,metaspace] GC(144) Metaspace: 41225K(41856K)->41225K(41856K) NonClass: 36369K(36736K)->36369K(36736K) Class: 4855K(5120K)->4855K(5120K)
[2021-11-12T11:55:52.638-0800][gc          ] GC(144) Pause Young (Normal) (G1 Evacuation Pause) 593M->152M(1024M) 36.649ms
[2021-11-12T11:55:52.638-0800][gc,cpu      ] GC(144) User=0.04s Sys=0.03s Real=0.03s
[2021-11-12T11:57:12.740-0800][gc,start    ] GC(145) Pause Young (Normal) (G1 Evacuation Pause)
[2021-11-12T11:57:12.755-0800][gc,task     ] GC(145) Using 8 workers of 8 for evacuation
[2021-11-12T11:57:12.786-0800][gc,mmu      ] GC(145) MMU target violated: 21.0ms (20.0ms/21.0ms)
[2021-11-12T11:57:12.787-0800][gc,phases   ] GC(145)   Pre Evacuate Collection Set: 1.0ms
[2021-11-12T11:57:12.787-0800][gc,phases   ] GC(145)   Merge Heap Roots: 0.5ms
[2021-11-12T11:57:12.787-0800][gc,phases   ] GC(145)   Evacuate Collection Set: 27.7ms
[2021-11-12T11:57:12.787-0800][gc,phases   ] GC(145)   Post Evacuate Collection Set: 2.0ms
[2021-11-12T11:57:12.787-0800][gc,phases   ] GC(145)   Other: 15.8ms
[2021-11-12T11:57:12.787-0800][gc,heap     ] GC(145) Eden regions: 184->0(392)
[2021-11-12T11:57:12.787-0800][gc,heap     ] GC(145) Survivor regions: 5->4(24)
[2021-11-12T11:57:12.787-0800][gc,heap     ] GC(145) Old regions: 19->19
[2021-11-12T11:57:12.787-0800][gc,heap     ] GC(145) Archive regions: 2->2
[2021-11-12T11:57:12.787-0800][gc,heap     ] GC(145) Humongous regions: 129->129
[2021-11-12T11:57:12.787-0800][gc,metaspace] GC(145) Metaspace: 41225K(41856K)->41225K(41856K) NonClass: 36369K(36736K)->36369K(36736K) Class: 4855K(5120K)->4855K(5120K)
[2021-11-12T11:57:12.787-0800][gc          ] GC(145) Pause Young (Normal) (G1 Evacuation Pause) 336M->152M(1024M) 47.207ms
[2021-11-12T11:57:12.787-0800][gc,cpu      ] GC(145) User=0.03s Sys=0.02s Real=0.04s
[2021-11-12T11:59:56.069-0800][gc,start    ] GC(146) Pause Young (Normal) (G1 Evacuation Pause)
[2021-11-12T11:59:56.070-0800][gc,task     ] GC(146) Using 8 workers of 8 for evacuation
[2021-11-12T11:59:56.105-0800][gc,mmu      ] GC(146) MMU target violated: 21.0ms (20.0ms/21.0ms)
[2021-11-12T11:59:56.105-0800][gc,phases   ] GC(146)   Pre Evacuate Collection Set: 1.2ms
[2021-11-12T11:59:56.106-0800][gc,phases   ] GC(146)   Merge Heap Roots: 0.4ms
[2021-11-12T11:59:56.106-0800][gc,phases   ] GC(146)   Evacuate Collection Set: 25.6ms
[2021-11-12T11:59:56.106-0800][gc,phases   ] GC(146)   Post Evacuate Collection Set: 7.4ms
[2021-11-12T11:59:56.106-0800][gc,phases   ] GC(146)   Other: 2.2ms
[2021-11-12T11:59:56.106-0800][gc,heap     ] GC(146) Eden regions: 375->0(301)
[2021-11-12T11:59:56.106-0800][gc,heap     ] GC(146) Survivor regions: 4->3(48)
[2021-11-12T11:59:56.106-0800][gc,heap     ] GC(146) Old regions: 19->19
[2021-11-12T11:59:56.106-0800][gc,heap     ] GC(146) Archive regions: 2->2
[2021-11-12T11:59:56.106-0800][gc,heap     ] GC(146) Humongous regions: 129->129
[2021-11-12T11:59:56.106-0800][gc,metaspace] GC(146) Metaspace: 41225K(41856K)->41225K(41856K) NonClass: 36369K(36736K)->36369K(36736K) Class: 4855K(5120K)->4855K(5120K)
[2021-11-12T11:59:56.106-0800][gc          ] GC(146) Pause Young (Normal) (G1 Evacuation Pause) 527M->151M(1024M) 37.044ms
[2021-11-12T11:59:56.106-0800][gc,cpu      ] GC(146) User=0.04s Sys=0.03s Real=0.04s
[2021-11-12T12:02:06.578-0800][gc,start    ] GC(147) Pause Young (Normal) (G1 Evacuation Pause)
[2021-11-12T12:02:06.580-0800][gc,task     ] GC(147) Using 8 workers of 8 for evacuation
[2021-11-12T12:02:06.599-0800][gc,phases   ] GC(147)   Pre Evacuate Collection Set: 1.6ms
[2021-11-12T12:02:06.599-0800][gc,phases   ] GC(147)   Merge Heap Roots: 0.4ms
[2021-11-12T12:02:06.599-0800][gc,phases   ] GC(147)   Evacuate Collection Set: 14.7ms
[2021-11-12T12:02:06.599-0800][gc,phases   ] GC(147)   Post Evacuate Collection Set: 2.1ms
[2021-11-12T12:02:06.599-0800][gc,phases   ] GC(147)   Other: 2.0ms
[2021-11-12T12:02:06.599-0800][gc,heap     ] GC(147) Eden regions: 301->0(281)
[2021-11-12T12:02:06.599-0800][gc,heap     ] GC(147) Survivor regions: 3->4(38)
[2021-11-12T12:02:06.599-0800][gc,heap     ] GC(147) Old regions: 19->20
[2021-11-12T12:02:06.599-0800][gc,heap     ] GC(147) Archive regions: 2->2
[2021-11-12T12:02:06.599-0800][gc,heap     ] GC(147) Humongous regions: 129->129
[2021-11-12T12:02:06.599-0800][gc,metaspace] GC(147) Metaspace: 41225K(41856K)->41225K(41856K) NonClass: 36369K(36736K)->36369K(36736K) Class: 4855K(5120K)->4855K(5120K)
[2021-11-12T12:02:06.599-0800][gc          ] GC(147) Pause Young (Normal) (G1 Evacuation Pause) 452M->152M(1024M) 21.056ms
[2021-11-12T12:02:06.599-0800][gc,cpu      ] GC(147) User=0.03s Sys=0.03s Real=0.02s
[2021-11-12T12:04:08.397-0800][gc,start    ] GC(148) Pause Young (Normal) (G1 Evacuation Pause)
[2021-11-12T12:04:08.398-0800][gc,task     ] GC(148) Using 8 workers of 8 for evacuation
[2021-11-12T12:04:08.414-0800][gc,phases   ] GC(148)   Pre Evacuate Collection Set: 1.1ms
[2021-11-12T12:04:08.414-0800][gc,phases   ] GC(148)   Merge Heap Roots: 0.5ms
[2021-11-12T12:04:08.414-0800][gc,phases   ] GC(148)   Evacuate Collection Set: 12.8ms
[2021-11-12T12:04:08.414-0800][gc,phases   ] GC(148)   Post Evacuate Collection Set: 1.8ms
[2021-11-12T12:04:08.414-0800][gc,phases   ] GC(148)   Other: 1.5ms
[2021-11-12T12:04:08.415-0800][gc,heap     ] GC(148) Eden regions: 281->0(442)
[2021-11-12T12:04:08.415-0800][gc,heap     ] GC(148) Survivor regions: 4->3(36)
[2021-11-12T12:04:08.415-0800][gc,heap     ] GC(148) Old regions: 20->20
[2021-11-12T12:04:08.415-0800][gc,heap     ] GC(148) Archive regions: 2->2
[2021-11-12T12:04:08.415-0800][gc,heap     ] GC(148) Humongous regions: 129->129
[2021-11-12T12:04:08.415-0800][gc,metaspace] GC(148) Metaspace: 41225K(41856K)->41225K(41856K) NonClass: 36369K(36736K)->36369K(36736K) Class: 4855K(5120K)->4855K(5120K)
[2021-11-12T12:04:08.415-0800][gc          ] GC(148) Pause Young (Normal) (G1 Evacuation Pause) 433M->151M(1024M) 18.087ms
[2021-11-12T12:04:08.415-0800][gc,cpu      ] GC(148) User=0.02s Sys=0.02s Real=0.02s
[2021-11-12T12:07:20.543-0800][gc,start    ] GC(149) Pause Young (Normal) (G1 Evacuation Pause)
[2021-11-12T12:07:20.544-0800][gc,task     ] GC(149) Using 8 workers of 8 for evacuation
[2021-11-12T12:07:20.563-0800][gc,phases   ] GC(149)   Pre Evacuate Collection Set: 1.0ms
[2021-11-12T12:07:20.563-0800][gc,phases   ] GC(149)   Merge Heap Roots: 0.6ms
[2021-11-12T12:07:20.563-0800][gc,phases   ] GC(149)   Evacuate Collection Set: 15.0ms
[2021-11-12T12:07:20.563-0800][gc,phases   ] GC(149)   Post Evacuate Collection Set: 2.1ms
[2021-11-12T12:07:20.563-0800][gc,phases   ] GC(149)   Other: 1.2ms
[2021-11-12T12:07:20.563-0800][gc,heap     ] GC(149) Eden regions: 442->0(547)
[2021-11-12T12:07:20.563-0800][gc,heap     ] GC(149) Survivor regions: 3->3(56)
[2021-11-12T12:07:20.563-0800][gc,heap     ] GC(149) Old regions: 20->20
[2021-11-12T12:07:20.563-0800][gc,heap     ] GC(149) Archive regions: 2->2
[2021-11-12T12:07:20.563-0800][gc,heap     ] GC(149) Humongous regions: 129->129
[2021-11-12T12:07:20.563-0800][gc,metaspace] GC(149) Metaspace: 41225K(41856K)->41225K(41856K) NonClass: 36369K(36736K)->36369K(36736K) Class: 4855K(5120K)->4855K(5120K)
[2021-11-12T12:07:20.563-0800][gc          ] GC(149) Pause Young (Normal) (G1 Evacuation Pause) 593M->151M(1024M) 20.229ms
[2021-11-12T12:07:20.563-0800][gc,cpu      ] GC(149) User=0.02s Sys=0.03s Real=0.02s
[2021-11-12T12:11:18.252-0800][gc,start    ] GC(150) Pause Young (Normal) (G1 Evacuation Pause)
[2021-11-12T12:11:18.253-0800][gc,task     ] GC(150) Using 8 workers of 8 for evacuation
[2021-11-12T12:11:18.274-0800][gc,mmu      ] GC(150) MMU target violated: 20.3ms (20.0ms/21.0ms)
[2021-11-12T12:11:18.274-0800][gc,phases   ] GC(150)   Pre Evacuate Collection Set: 1.2ms
[2021-11-12T12:11:18.274-0800][gc,phases   ] GC(150)   Merge Heap Roots: 0.5ms
[2021-11-12T12:11:18.274-0800][gc,phases   ] GC(150)   Evacuate Collection Set: 16.3ms
[2021-11-12T12:11:18.274-0800][gc,phases   ] GC(150)   Post Evacuate Collection Set: 2.2ms
[2021-11-12T12:11:18.274-0800][gc,phases   ] GC(150)   Other: 2.4ms
[2021-11-12T12:11:18.274-0800][gc,heap     ] GC(150) Eden regions: 547->0(577)
[2021-11-12T12:11:18.274-0800][gc,heap     ] GC(150) Survivor regions: 3->3(69)
[2021-11-12T12:11:18.274-0800][gc,heap     ] GC(150) Old regions: 20->20
[2021-11-12T12:11:18.274-0800][gc,heap     ] GC(150) Archive regions: 2->2
[2021-11-12T12:11:18.274-0800][gc,heap     ] GC(150) Humongous regions: 129->129
[2021-11-12T12:11:18.274-0800][gc,metaspace] GC(150) Metaspace: 41225K(41856K)->41225K(41856K) NonClass: 36369K(36736K)->36369K(36736K) Class: 4855K(5120K)->4855K(5120K)
[2021-11-12T12:11:18.275-0800][gc          ] GC(150) Pause Young (Normal) (G1 Evacuation Pause) 698M->151M(1024M) 22.679ms
[2021-11-12T12:11:18.275-0800][gc,cpu      ] GC(150) User=0.03s Sys=0.04s Real=0.02s
[2021-11-12T12:15:28.021-0800][gc,start    ] GC(151) Pause Young (Normal) (G1 Evacuation Pause)
[2021-11-12T12:15:28.034-0800][gc,task     ] GC(151) Using 8 workers of 8 for evacuation
[2021-11-12T12:15:28.072-0800][gc,mmu      ] GC(151) MMU target violated: 21.0ms (20.0ms/21.0ms)
[2021-11-12T12:15:28.072-0800][gc,phases   ] GC(151)   Pre Evacuate Collection Set: 1.1ms
[2021-11-12T12:15:28.072-0800][gc,phases   ] GC(151)   Merge Heap Roots: 0.5ms
[2021-11-12T12:15:28.072-0800][gc,phases   ] GC(151)   Evacuate Collection Set: 32.2ms
[2021-11-12T12:15:28.072-0800][gc,phases   ] GC(151)   Post Evacuate Collection Set: 3.0ms
[2021-11-12T12:15:28.072-0800][gc,phases   ] GC(151)   Other: 14.1ms
[2021-11-12T12:15:28.072-0800][gc,heap     ] GC(151) Eden regions: 577->0(448)
[2021-11-12T12:15:28.072-0800][gc,heap     ] GC(151) Survivor regions: 3->4(73)
[2021-11-12T12:15:28.072-0800][gc,heap     ] GC(151) Old regions: 20->20
[2021-11-12T12:15:28.072-0800][gc,heap     ] GC(151) Archive regions: 2->2
[2021-11-12T12:15:28.072-0800][gc,heap     ] GC(151) Humongous regions: 129->129
[2021-11-12T12:15:28.072-0800][gc,metaspace] GC(151) Metaspace: 41225K(41856K)->41225K(41856K) NonClass: 36369K(36736K)->36369K(36736K) Class: 4855K(5120K)->4855K(5120K)
[2021-11-12T12:15:28.072-0800][gc          ] GC(151) Pause Young (Normal) (G1 Evacuation Pause) 728M->153M(1024M) 50.891ms
[2021-11-12T12:15:28.072-0800][gc,cpu      ] GC(151) User=0.03s Sys=0.05s Real=0.05s
[2021-11-12T12:18:44.544-0800][gc,start    ] GC(152) Pause Young (Normal) (G1 Evacuation Pause)
[2021-11-12T12:18:44.545-0800][gc,task     ] GC(152) Using 8 workers of 8 for evacuation
[2021-11-12T12:18:44.578-0800][gc,mmu      ] GC(152) MMU target violated: 21.0ms (20.0ms/21.0ms)
[2021-11-12T12:18:44.578-0800][gc,phases   ] GC(152)   Pre Evacuate Collection Set: 0.8ms
[2021-11-12T12:18:44.578-0800][gc,phases   ] GC(152)   Merge Heap Roots: 0.4ms
[2021-11-12T12:18:44.578-0800][gc,phases   ] GC(152)   Evacuate Collection Set: 29.9ms
[2021-11-12T12:18:44.578-0800][gc,phases   ] GC(152)   Post Evacuate Collection Set: 1.4ms
[2021-11-12T12:18:44.578-0800][gc,phases   ] GC(152)   Other: 1.9ms
[2021-11-12T12:18:44.578-0800][gc,heap     ] GC(152) Eden regions: 448->0(336)
[2021-11-12T12:18:44.578-0800][gc,heap     ] GC(152) Survivor regions: 4->3(57)
[2021-11-12T12:18:44.578-0800][gc,heap     ] GC(152) Old regions: 20->20
[2021-11-12T12:18:44.578-0800][gc,heap     ] GC(152) Archive regions: 2->2
[2021-11-12T12:18:44.578-0800][gc,heap     ] GC(152) Humongous regions: 129->129
[2021-11-12T12:18:44.578-0800][gc,metaspace] GC(152) Metaspace: 41235K(41856K)->41235K(41856K) NonClass: 36379K(36736K)->36379K(36736K) Class: 4855K(5120K)->4855K(5120K)
[2021-11-12T12:18:44.578-0800][gc          ] GC(152) Pause Young (Normal) (G1 Evacuation Pause) 601M->152M(1024M) 34.435ms
[2021-11-12T12:18:44.578-0800][gc,cpu      ] GC(152) User=0.02s Sys=0.04s Real=0.03s
[2021-11-12T12:21:19.480-0800][gc,start    ] GC(153) Pause Young (Normal) (G1 Evacuation Pause)
[2021-11-12T12:21:19.481-0800][gc,task     ] GC(153) Using 8 workers of 8 for evacuation
[2021-11-12T12:21:19.495-0800][gc,phases   ] GC(153)   Pre Evacuate Collection Set: 0.8ms
[2021-11-12T12:21:19.495-0800][gc,phases   ] GC(153)   Merge Heap Roots: 0.3ms
[2021-11-12T12:21:19.495-0800][gc,phases   ] GC(153)   Evacuate Collection Set: 11.1ms
[2021-11-12T12:21:19.495-0800][gc,phases   ] GC(153)   Post Evacuate Collection Set: 1.5ms
[2021-11-12T12:21:19.495-0800][gc,phases   ] GC(153)   Other: 1.0ms
[2021-11-12T12:21:19.495-0800][gc,heap     ] GC(153) Eden regions: 336->0(367)
[2021-11-12T12:21:19.495-0800][gc,heap     ] GC(153) Survivor regions: 3->4(43)
[2021-11-12T12:21:19.495-0800][gc,heap     ] GC(153) Old regions: 20->20
[2021-11-12T12:21:19.495-0800][gc,heap     ] GC(153) Archive regions: 2->2
[2021-11-12T12:21:19.495-0800][gc,heap     ] GC(153) Humongous regions: 129->129
[2021-11-12T12:21:19.495-0800][gc,metaspace] GC(153) Metaspace: 41236K(41856K)->41236K(41856K) NonClass: 36380K(36736K)->36380K(36736K) Class: 4855K(5120K)->4855K(5120K)
[2021-11-12T12:21:19.495-0800][gc          ] GC(153) Pause Young (Normal) (G1 Evacuation Pause) 488M->152M(1024M) 14.990ms
[2021-11-12T12:21:19.495-0800][gc,cpu      ] GC(153) User=0.02s Sys=0.02s Real=0.01s
[2021-11-12T12:24:08.042-0800][gc,start    ] GC(154) Pause Young (Normal) (G1 Evacuation Pause)
[2021-11-12T12:24:08.042-0800][gc,task     ] GC(154) Using 8 workers of 8 for evacuation
[2021-11-12T12:24:08.067-0800][gc,mmu      ] GC(154) MMU target violated: 21.0ms (20.0ms/21.0ms)
[2021-11-12T12:24:08.067-0800][gc,phases   ] GC(154)   Pre Evacuate Collection Set: 1.0ms
[2021-11-12T12:24:08.067-0800][gc,phases   ] GC(154)   Merge Heap Roots: 0.3ms
[2021-11-12T12:24:08.067-0800][gc,phases   ] GC(154)   Evacuate Collection Set: 21.2ms
[2021-11-12T12:24:08.067-0800][gc,phases   ] GC(154)   Post Evacuate Collection Set: 1.7ms
[2021-11-12T12:24:08.067-0800][gc,phases   ] GC(154)   Other: 1.1ms
[2021-11-12T12:24:08.067-0800][gc,heap     ] GC(154) Eden regions: 367->0(491)
[2021-11-12T12:24:08.067-0800][gc,heap     ] GC(154) Survivor regions: 4->4(47)
[2021-11-12T12:24:08.067-0800][gc,heap     ] GC(154) Old regions: 20->20
[2021-11-12T12:24:08.067-0800][gc,heap     ] GC(154) Archive regions: 2->2
[2021-11-12T12:24:08.067-0800][gc,heap     ] GC(154) Humongous regions: 129->129
[2021-11-12T12:24:08.067-0800][gc,metaspace] GC(154) Metaspace: 41236K(41856K)->41236K(41856K) NonClass: 36380K(36736K)->36380K(36736K) Class: 4855K(5120K)->4855K(5120K)
[2021-11-12T12:24:08.067-0800][gc          ] GC(154) Pause Young (Normal) (G1 Evacuation Pause) 519M->152M(1024M) 25.485ms
[2021-11-12T12:24:08.067-0800][gc,cpu      ] GC(154) User=0.02s Sys=0.02s Real=0.02s
[2021-11-12T12:27:53.847-0800][gc,start    ] GC(155) Pause Young (Normal) (G1 Evacuation Pause)
[2021-11-12T12:27:53.849-0800][gc,task     ] GC(155) Using 8 workers of 8 for evacuation
[2021-11-12T12:27:53.869-0800][gc,phases   ] GC(155)   Pre Evacuate Collection Set: 1.5ms
[2021-11-12T12:27:53.870-0800][gc,phases   ] GC(155)   Merge Heap Roots: 0.6ms
[2021-11-12T12:27:53.870-0800][gc,phases   ] GC(155)   Evacuate Collection Set: 16.1ms
[2021-11-12T12:27:53.870-0800][gc,phases   ] GC(155)   Post Evacuate Collection Set: 1.8ms
[2021-11-12T12:27:53.870-0800][gc,phases   ] GC(155)   Other: 2.2ms
[2021-11-12T12:27:53.870-0800][gc,heap     ] GC(155) Eden regions: 491->0(610)
[2021-11-12T12:27:53.870-0800][gc,heap     ] GC(155) Survivor regions: 4->4(62)
[2021-11-12T12:27:53.870-0800][gc,heap     ] GC(155) Old regions: 20->20
[2021-11-12T12:27:53.870-0800][gc,heap     ] GC(155) Archive regions: 2->2
[2021-11-12T12:27:53.870-0800][gc,heap     ] GC(155) Humongous regions: 129->129
[2021-11-12T12:27:53.870-0800][gc,metaspace] GC(155) Metaspace: 41236K(41856K)->41236K(41856K) NonClass: 36380K(36736K)->36380K(36736K) Class: 4855K(5120K)->4855K(5120K)
[2021-11-12T12:27:53.870-0800][gc          ] GC(155) Pause Young (Normal) (G1 Evacuation Pause) 643M->152M(1024M) 22.436ms
[2021-11-12T12:27:53.870-0800][gc,cpu      ] GC(155) User=0.03s Sys=0.04s Real=0.03s
[2021-11-12T12:32:34.908-0800][gc,start    ] GC(156) Pause Young (Normal) (G1 Evacuation Pause)
[2021-11-12T12:32:34.909-0800][gc,task     ] GC(156) Using 8 workers of 8 for evacuation
[2021-11-12T12:32:34.940-0800][gc,mmu      ] GC(156) MMU target violated: 21.0ms (20.0ms/21.0ms)
[2021-11-12T12:32:34.940-0800][gc,phases   ] GC(156)   Pre Evacuate Collection Set: 0.6ms
[2021-11-12T12:32:34.940-0800][gc,phases   ] GC(156)   Merge Heap Roots: 0.3ms
[2021-11-12T12:32:34.940-0800][gc,phases   ] GC(156)   Evacuate Collection Set: 25.7ms
[2021-11-12T12:32:34.940-0800][gc,phases   ] GC(156)   Post Evacuate Collection Set: 4.7ms
[2021-11-12T12:32:34.940-0800][gc,phases   ] GC(156)   Other: 1.0ms
[2021-11-12T12:32:34.940-0800][gc,heap     ] GC(156) Eden regions: 610->0(396)
[2021-11-12T12:32:34.940-0800][gc,heap     ] GC(156) Survivor regions: 4->4(77)
[2021-11-12T12:32:34.940-0800][gc,heap     ] GC(156) Old regions: 20->20
[2021-11-12T12:32:34.940-0800][gc,heap     ] GC(156) Archive regions: 2->2
[2021-11-12T12:32:34.940-0800][gc,heap     ] GC(156) Humongous regions: 129->129
[2021-11-12T12:32:34.940-0800][gc,metaspace] GC(156) Metaspace: 41236K(41856K)->41236K(41856K) NonClass: 36380K(36736K)->36380K(36736K) Class: 4855K(5120K)->4855K(5120K)
[2021-11-12T12:32:34.940-0800][gc          ] GC(156) Pause Young (Normal) (G1 Evacuation Pause) 762M->153M(1024M) 32.311ms
[2021-11-12T12:32:34.940-0800][gc,cpu      ] GC(156) User=0.03s Sys=0.04s Real=0.04s
[2021-11-12T12:37:48.591-0800][gc,start    ] GC(157) Pause Young (Normal) (G1 Evacuation Pause)
[2021-11-12T12:37:48.592-0800][gc,task     ] GC(157) Using 8 workers of 8 for evacuation
[2021-11-12T12:37:48.621-0800][gc,mmu      ] GC(157) MMU target violated: 21.0ms (20.0ms/21.0ms)
[2021-11-12T12:37:48.621-0800][gc,phases   ] GC(157)   Pre Evacuate Collection Set: 1.1ms
[2021-11-12T12:37:48.621-0800][gc,phases   ] GC(157)   Merge Heap Roots: 0.5ms
[2021-11-12T12:37:48.621-0800][gc,phases   ] GC(157)   Evacuate Collection Set: 23.8ms
[2021-11-12T12:37:48.621-0800][gc,phases   ] GC(157)   Post Evacuate Collection Set: 2.7ms
[2021-11-12T12:37:48.621-0800][gc,phases   ] GC(157)   Other: 2.0ms
[2021-11-12T12:37:48.621-0800][gc,heap     ] GC(157) Eden regions: 396->0(265)
[2021-11-12T12:37:48.621-0800][gc,heap     ] GC(157) Survivor regions: 4->4(50)
[2021-11-12T12:37:48.621-0800][gc,heap     ] GC(157) Old regions: 20->20
[2021-11-12T12:37:48.621-0800][gc,heap     ] GC(157) Archive regions: 2->2
[2021-11-12T12:37:48.621-0800][gc,heap     ] GC(157) Humongous regions: 129->129
[2021-11-12T12:37:48.621-0800][gc,metaspace] GC(157) Metaspace: 41267K(41856K)->41267K(41856K) NonClass: 36411K(36736K)->36411K(36736K) Class: 4855K(5120K)->4855K(5120K)
[2021-11-12T12:37:48.621-0800][gc          ] GC(157) Pause Young (Normal) (G1 Evacuation Pause) 549M->152M(1024M) 30.295ms
[2021-11-12T12:37:48.621-0800][gc,cpu      ] GC(157) User=0.03s Sys=0.03s Real=0.03s
[2021-11-12T12:48:45.822-0800][gc,start    ] GC(158) Pause Young (Normal) (G1 Evacuation Pause)
[2021-11-12T12:48:45.823-0800][gc,task     ] GC(158) Using 8 workers of 8 for evacuation
[2021-11-12T12:48:45.853-0800][gc,mmu      ] GC(158) MMU target violated: 21.0ms (20.0ms/21.0ms)
[2021-11-12T12:48:45.853-0800][gc,phases   ] GC(158)   Pre Evacuate Collection Set: 1.0ms
[2021-11-12T12:48:45.853-0800][gc,phases   ] GC(158)   Merge Heap Roots: 0.3ms
[2021-11-12T12:48:45.853-0800][gc,phases   ] GC(158)   Evacuate Collection Set: 26.1ms
[2021-11-12T12:48:45.853-0800][gc,phases   ] GC(158)   Post Evacuate Collection Set: 1.8ms
[2021-11-12T12:48:45.853-0800][gc,phases   ] GC(158)   Other: 1.8ms
[2021-11-12T12:48:45.853-0800][gc,heap     ] GC(158) Eden regions: 265->0(176)
[2021-11-12T12:48:45.853-0800][gc,heap     ] GC(158) Survivor regions: 4->4(34)
[2021-11-12T12:48:45.853-0800][gc,heap     ] GC(158) Old regions: 20->20
[2021-11-12T12:48:45.853-0800][gc,heap     ] GC(158) Archive regions: 2->2
[2021-11-12T12:48:45.853-0800][gc,heap     ] GC(158) Humongous regions: 129->129
[2021-11-12T12:48:45.853-0800][gc,metaspace] GC(158) Metaspace: 41267K(41856K)->41267K(41856K) NonClass: 36411K(36736K)->36411K(36736K) Class: 4855K(5120K)->4855K(5120K)
[2021-11-12T12:48:45.853-0800][gc          ] GC(158) Pause Young (Normal) (G1 Evacuation Pause) 417M->153M(1024M) 31.181ms
[2021-11-12T12:48:45.853-0800][gc,cpu      ] GC(158) User=0.03s Sys=0.02s Real=0.03s
[2021-11-12T12:49:57.850-0800][gc,start    ] GC(159) Pause Young (Normal) (G1 Evacuation Pause)
[2021-11-12T12:49:57.851-0800][gc,task     ] GC(159) Using 8 workers of 8 for evacuation
[2021-11-12T12:49:57.863-0800][gc,phases   ] GC(159)   Pre Evacuate Collection Set: 0.8ms
[2021-11-12T12:49:57.863-0800][gc,phases   ] GC(159)   Merge Heap Roots: 0.3ms
[2021-11-12T12:49:57.863-0800][gc,phases   ] GC(159)   Evacuate Collection Set: 9.3ms
[2021-11-12T12:49:57.863-0800][gc,phases   ] GC(159)   Post Evacuate Collection Set: 1.5ms
[2021-11-12T12:49:57.863-0800][gc,phases   ] GC(159)   Other: 0.8ms
[2021-11-12T12:49:57.863-0800][gc,heap     ] GC(159) Eden regions: 176->0(234)
[2021-11-12T12:49:57.863-0800][gc,heap     ] GC(159) Survivor regions: 4->4(23)
[2021-11-12T12:49:57.863-0800][gc,heap     ] GC(159) Old regions: 20->20
[2021-11-12T12:49:57.863-0800][gc,heap     ] GC(159) Archive regions: 2->2
[2021-11-12T12:49:57.863-0800][gc,heap     ] GC(159) Humongous regions: 129->129
[2021-11-12T12:49:57.863-0800][gc,metaspace] GC(159) Metaspace: 41273K(41856K)->41273K(41856K) NonClass: 36417K(36736K)->36417K(36736K) Class: 4855K(5120K)->4855K(5120K)
[2021-11-12T12:49:57.863-0800][gc          ] GC(159) Pause Young (Normal) (G1 Evacuation Pause) 329M->152M(1024M) 12.828ms
[2021-11-12T12:49:57.863-0800][gc,cpu      ] GC(159) User=0.02s Sys=0.01s Real=0.01s
[2021-11-12T12:51:34.817-0800][gc,start    ] GC(160) Pause Young (Normal) (G1 Evacuation Pause)
[2021-11-12T12:51:34.820-0800][gc,task     ] GC(160) Using 8 workers of 8 for evacuation
[2021-11-12T12:51:34.854-0800][gc,mmu      ] GC(160) MMU target violated: 21.0ms (20.0ms/21.0ms)
[2021-11-12T12:51:34.864-0800][gc,phases   ] GC(160)   Pre Evacuate Collection Set: 4.2ms
[2021-11-12T12:51:34.864-0800][gc,phases   ] GC(160)   Merge Heap Roots: 0.4ms
[2021-11-12T12:51:34.864-0800][gc,phases   ] GC(160)   Evacuate Collection Set: 23.1ms
[2021-11-12T12:51:34.864-0800][gc,phases   ] GC(160)   Post Evacuate Collection Set: 6.6ms
[2021-11-12T12:51:34.864-0800][gc,phases   ] GC(160)   Other: 12.8ms
[2021-11-12T12:51:34.864-0800][gc,heap     ] GC(160) Eden regions: 234->0(55)
[2021-11-12T12:51:34.864-0800][gc,heap     ] GC(160) Survivor regions: 4->5(30)
[2021-11-12T12:51:34.864-0800][gc,heap     ] GC(160) Old regions: 20->20
[2021-11-12T12:51:34.864-0800][gc,heap     ] GC(160) Archive regions: 2->2
[2021-11-12T12:51:34.865-0800][gc,heap     ] GC(160) Humongous regions: 129->129
[2021-11-12T12:51:34.865-0800][gc,metaspace] GC(160) Metaspace: 41273K(41856K)->41273K(41856K) NonClass: 36417K(36736K)->36417K(36736K) Class: 4855K(5120K)->4855K(5120K)
[2021-11-12T12:51:34.865-0800][gc          ] GC(160) Pause Young (Normal) (G1 Evacuation Pause) 386M->153M(1024M) 47.449ms
[2021-11-12T12:51:34.865-0800][gc,cpu      ] GC(160) User=0.03s Sys=0.03s Real=0.05s
[2021-11-12T12:51:57.275-0800][gc,start    ] GC(161) Pause Young (Normal) (G1 Evacuation Pause)
[2021-11-12T12:51:57.275-0800][gc,task     ] GC(161) Using 8 workers of 8 for evacuation
[2021-11-12T12:51:57.287-0800][gc,phases   ] GC(161)   Pre Evacuate Collection Set: 0.6ms
[2021-11-12T12:51:57.287-0800][gc,phases   ] GC(161)   Merge Heap Roots: 0.2ms
[2021-11-12T12:51:57.287-0800][gc,phases   ] GC(161)   Evacuate Collection Set: 9.8ms
[2021-11-12T12:51:57.287-0800][gc,phases   ] GC(161)   Post Evacuate Collection Set: 0.6ms
[2021-11-12T12:51:57.287-0800][gc,phases   ] GC(161)   Other: 0.8ms
[2021-11-12T12:51:57.287-0800][gc,heap     ] GC(161) Eden regions: 55->0(312)
[2021-11-12T12:51:57.287-0800][gc,heap     ] GC(161) Survivor regions: 5->4(8)
[2021-11-12T12:51:57.287-0800][gc,heap     ] GC(161) Old regions: 20->20
[2021-11-12T12:51:57.287-0800][gc,heap     ] GC(161) Archive regions: 2->2
[2021-11-12T12:51:57.287-0800][gc,heap     ] GC(161) Humongous regions: 129->129
[2021-11-12T12:51:57.287-0800][gc,metaspace] GC(161) Metaspace: 41273K(41856K)->41273K(41856K) NonClass: 36417K(36736K)->36417K(36736K) Class: 4855K(5120K)->4855K(5120K)
[2021-11-12T12:51:57.287-0800][gc          ] GC(161) Pause Young (Normal) (G1 Evacuation Pause) 208M->152M(1024M) 12.220ms
[2021-11-12T12:51:57.287-0800][gc,cpu      ] GC(161) User=0.02s Sys=0.01s Real=0.01s
[2021-11-12T12:54:06.505-0800][gc,start    ] GC(162) Pause Young (Normal) (G1 Evacuation Pause)
[2021-11-12T12:54:06.506-0800][gc,task     ] GC(162) Using 8 workers of 8 for evacuation
[2021-11-12T12:54:06.527-0800][gc,mmu      ] GC(162) MMU target violated: 21.0ms (20.0ms/21.0ms)
[2021-11-12T12:54:06.527-0800][gc,phases   ] GC(162)   Pre Evacuate Collection Set: 0.6ms
[2021-11-12T12:54:06.527-0800][gc,phases   ] GC(162)   Merge Heap Roots: 0.2ms
[2021-11-12T12:54:06.527-0800][gc,phases   ] GC(162)   Evacuate Collection Set: 18.0ms
[2021-11-12T12:54:06.527-0800][gc,phases   ] GC(162)   Post Evacuate Collection Set: 2.5ms
[2021-11-12T12:54:06.527-0800][gc,phases   ] GC(162)   Other: 1.6ms
[2021-11-12T12:54:06.528-0800][gc,heap     ] GC(162) Eden regions: 312->0(279)
[2021-11-12T12:54:06.528-0800][gc,heap     ] GC(162) Survivor regions: 4->5(40)
[2021-11-12T12:54:06.528-0800][gc,heap     ] GC(162) Old regions: 20->20
[2021-11-12T12:54:06.528-0800][gc,heap     ] GC(162) Archive regions: 2->2
[2021-11-12T12:54:06.528-0800][gc,heap     ] GC(162) Humongous regions: 129->129
[2021-11-12T12:54:06.528-0800][gc,metaspace] GC(162) Metaspace: 41273K(41856K)->41273K(41856K) NonClass: 36417K(36736K)->36417K(36736K) Class: 4855K(5120K)->4855K(5120K)
[2021-11-12T12:54:06.528-0800][gc          ] GC(162) Pause Young (Normal) (G1 Evacuation Pause) 464M->153M(1024M) 23.080ms
[2021-11-12T12:54:06.528-0800][gc,cpu      ] GC(162) User=0.03s Sys=0.03s Real=0.02s
[2021-11-12T12:56:08.944-0800][gc,start    ] GC(163) Pause Young (Normal) (G1 Evacuation Pause)
[2021-11-12T12:56:08.945-0800][gc,task     ] GC(163) Using 8 workers of 8 for evacuation
[2021-11-12T12:56:08.973-0800][gc,mmu      ] GC(163) MMU target violated: 21.0ms (20.0ms/21.0ms)
[2021-11-12T12:56:08.973-0800][gc,phases   ] GC(163)   Pre Evacuate Collection Set: 1.0ms
[2021-11-12T12:56:08.973-0800][gc,phases   ] GC(163)   Merge Heap Roots: 0.3ms
[2021-11-12T12:56:08.973-0800][gc,phases   ] GC(163)   Evacuate Collection Set: 24.8ms
[2021-11-12T12:56:08.973-0800][gc,phases   ] GC(163)   Post Evacuate Collection Set: 1.6ms
[2021-11-12T12:56:08.973-0800][gc,phases   ] GC(163)   Other: 0.8ms
[2021-11-12T12:56:08.973-0800][gc,heap     ] GC(163) Eden regions: 279->0(222)
[2021-11-12T12:56:08.973-0800][gc,heap     ] GC(163) Survivor regions: 5->5(36)
[2021-11-12T12:56:08.973-0800][gc,heap     ] GC(163) Old regions: 20->20
[2021-11-12T12:56:08.973-0800][gc,heap     ] GC(163) Archive regions: 2->2
[2021-11-12T12:56:08.973-0800][gc,heap     ] GC(163) Humongous regions: 129->129
[2021-11-12T12:56:08.973-0800][gc,metaspace] GC(163) Metaspace: 41273K(41856K)->41273K(41856K) NonClass: 36418K(36736K)->36418K(36736K) Class: 4855K(5120K)->4855K(5120K)
[2021-11-12T12:56:08.973-0800][gc          ] GC(163) Pause Young (Normal) (G1 Evacuation Pause) 432M->153M(1024M) 28.647ms
[2021-11-12T12:56:08.973-0800][gc,cpu      ] GC(163) User=0.03s Sys=0.02s Real=0.03s
[2021-11-12T12:57:40.856-0800][gc,start    ] GC(164) Pause Young (Normal) (G1 Evacuation Pause)
[2021-11-12T12:57:40.871-0800][gc,task     ] GC(164) Using 8 workers of 8 for evacuation
[2021-11-12T12:57:40.896-0800][gc,mmu      ] GC(164) MMU target violated: 21.0ms (20.0ms/21.0ms)
[2021-11-12T12:57:40.896-0800][gc,phases   ] GC(164)   Pre Evacuate Collection Set: 1.3ms
[2021-11-12T12:57:40.896-0800][gc,phases   ] GC(164)   Merge Heap Roots: 0.6ms
[2021-11-12T12:57:40.896-0800][gc,phases   ] GC(164)   Evacuate Collection Set: 20.5ms
[2021-11-12T12:57:40.896-0800][gc,phases   ] GC(164)   Post Evacuate Collection Set: 2.3ms
[2021-11-12T12:57:40.896-0800][gc,phases   ] GC(164)   Other: 15.9ms
[2021-11-12T12:57:40.896-0800][gc,heap     ] GC(164) Eden regions: 222->0(425)
[2021-11-12T12:57:40.896-0800][gc,heap     ] GC(164) Survivor regions: 5->4(29)
[2021-11-12T12:57:40.897-0800][gc,heap     ] GC(164) Old regions: 20->20
[2021-11-12T12:57:40.897-0800][gc,heap     ] GC(164) Archive regions: 2->2
[2021-11-12T12:57:40.897-0800][gc,heap     ] GC(164) Humongous regions: 129->129
[2021-11-12T12:57:40.897-0800][gc,metaspace] GC(164) Metaspace: 41273K(41856K)->41273K(41856K) NonClass: 36418K(36736K)->36418K(36736K) Class: 4855K(5120K)->4855K(5120K)
[2021-11-12T12:57:40.897-0800][gc          ] GC(164) Pause Young (Normal) (G1 Evacuation Pause) 375M->152M(1024M) 40.845ms
[2021-11-12T12:57:40.897-0800][gc,cpu      ] GC(164) User=0.02s Sys=0.04s Real=0.04s
[2021-11-12T13:00:38.078-0800][gc,start    ] GC(165) Pause Young (Normal) (G1 Evacuation Pause)
[2021-11-12T13:00:38.079-0800][gc,task     ] GC(165) Using 8 workers of 8 for evacuation
[2021-11-12T13:00:38.100-0800][gc,mmu      ] GC(165) MMU target violated: 20.3ms (20.0ms/21.0ms)
[2021-11-12T13:00:38.100-0800][gc,phases   ] GC(165)   Pre Evacuate Collection Set: 0.6ms
[2021-11-12T13:00:38.100-0800][gc,phases   ] GC(165)   Merge Heap Roots: 0.2ms
[2021-11-12T13:00:38.100-0800][gc,phases   ] GC(165)   Evacuate Collection Set: 18.1ms
[2021-11-12T13:00:38.100-0800][gc,phases   ] GC(165)   Post Evacuate Collection Set: 1.5ms
[2021-11-12T13:00:38.100-0800][gc,phases   ] GC(165)   Other: 1.5ms
[2021-11-12T13:00:38.100-0800][gc,heap     ] GC(165) Eden regions: 425->0(384)
[2021-11-12T13:00:38.100-0800][gc,heap     ] GC(165) Survivor regions: 4->5(54)
[2021-11-12T13:00:38.100-0800][gc,heap     ] GC(165) Old regions: 20->20
[2021-11-12T13:00:38.100-0800][gc,heap     ] GC(165) Archive regions: 2->2
[2021-11-12T13:00:38.100-0800][gc,heap     ] GC(165) Humongous regions: 129->129
[2021-11-12T13:00:38.100-0800][gc,metaspace] GC(165) Metaspace: 41273K(41856K)->41273K(41856K) NonClass: 36418K(36736K)->36418K(36736K) Class: 4855K(5120K)->4855K(5120K)
[2021-11-12T13:00:38.100-0800][gc          ] GC(165) Pause Young (Normal) (G1 Evacuation Pause) 577M->153M(1024M) 22.153ms
[2021-11-12T13:00:38.100-0800][gc,cpu      ] GC(165) User=0.03s Sys=0.02s Real=0.03s
[2021-11-12T13:03:17.252-0800][gc,start    ] GC(166) Pause Young (Normal) (G1 Evacuation Pause)
[2021-11-12T13:03:17.253-0800][gc,task     ] GC(166) Using 8 workers of 8 for evacuation
[2021-11-12T13:03:17.276-0800][gc,mmu      ] GC(166) MMU target violated: 21.0ms (20.0ms/21.0ms)
[2021-11-12T13:03:17.276-0800][gc,phases   ] GC(166)   Pre Evacuate Collection Set: 1.0ms
[2021-11-12T13:03:17.276-0800][gc,phases   ] GC(166)   Merge Heap Roots: 0.3ms
[2021-11-12T13:03:17.276-0800][gc,phases   ] GC(166)   Evacuate Collection Set: 19.5ms
[2021-11-12T13:03:17.276-0800][gc,phases   ] GC(166)   Post Evacuate Collection Set: 1.7ms
[2021-11-12T13:03:17.276-0800][gc,phases   ] GC(166)   Other: 2.1ms
[2021-11-12T13:03:17.276-0800][gc,heap     ] GC(166) Eden regions: 384->0(497)
[2021-11-12T13:03:17.276-0800][gc,heap     ] GC(166) Survivor regions: 5->4(49)
[2021-11-12T13:03:17.276-0800][gc,heap     ] GC(166) Old regions: 20->20
[2021-11-12T13:03:17.276-0800][gc,heap     ] GC(166) Archive regions: 2->2
[2021-11-12T13:03:17.276-0800][gc,heap     ] GC(166) Humongous regions: 129->129
[2021-11-12T13:03:17.276-0800][gc,metaspace] GC(166) Metaspace: 41273K(41856K)->41273K(41856K) NonClass: 36418K(36736K)->36418K(36736K) Class: 4855K(5120K)->4855K(5120K)
[2021-11-12T13:03:17.276-0800][gc          ] GC(166) Pause Young (Normal) (G1 Evacuation Pause) 537M->152M(1024M) 24.502ms
[2021-11-12T13:03:17.276-0800][gc,cpu      ] GC(166) User=0.03s Sys=0.04s Real=0.02s
[2021-11-12T13:37:37.567-0800][gc,start    ] GC(167) Pause Young (Normal) (G1 Evacuation Pause)
[2021-11-12T13:37:37.568-0800][gc,task     ] GC(167) Using 8 workers of 8 for evacuation
[2021-11-12T13:37:37.625-0800][gc,mmu      ] GC(167) MMU target violated: 21.0ms (20.0ms/21.0ms)
[2021-11-12T13:37:37.625-0800][gc,phases   ] GC(167)   Pre Evacuate Collection Set: 1.2ms
[2021-11-12T13:37:37.625-0800][gc,phases   ] GC(167)   Merge Heap Roots: 0.5ms
[2021-11-12T13:37:37.625-0800][gc,phases   ] GC(167)   Evacuate Collection Set: 51.9ms
[2021-11-12T13:37:37.625-0800][gc,phases   ] GC(167)   Post Evacuate Collection Set: 2.5ms
[2021-11-12T13:37:37.625-0800][gc,phases   ] GC(167)   Other: 2.2ms
[2021-11-12T13:37:37.625-0800][gc,heap     ] GC(167) Eden regions: 497->0(46)
[2021-11-12T13:37:37.625-0800][gc,heap     ] GC(167) Survivor regions: 4->5(63)
[2021-11-12T13:37:37.625-0800][gc,heap     ] GC(167) Old regions: 20->20
[2021-11-12T13:37:37.625-0800][gc,heap     ] GC(167) Archive regions: 2->2
[2021-11-12T13:37:37.625-0800][gc,heap     ] GC(167) Humongous regions: 129->129
[2021-11-12T13:37:37.625-0800][gc,metaspace] GC(167) Metaspace: 41273K(41856K)->41273K(41856K) NonClass: 36418K(36736K)->36418K(36736K) Class: 4855K(5120K)->4855K(5120K)
[2021-11-12T13:37:37.625-0800][gc          ] GC(167) Pause Young (Normal) (G1 Evacuation Pause) 649M->153M(1024M) 58.367ms
[2021-11-12T13:37:37.625-0800][gc,cpu      ] GC(167) User=0.05s Sys=0.17s Real=0.06s
[2021-11-12T13:39:56.357-0800][gc,start    ] GC(168) Pause Young (Normal) (G1 Evacuation Pause)
[2021-11-12T13:39:56.358-0800][gc,task     ] GC(168) Using 8 workers of 8 for evacuation
[2021-11-12T13:39:56.377-0800][gc,phases   ] GC(168)   Pre Evacuate Collection Set: 1.1ms
[2021-11-12T13:39:56.377-0800][gc,phases   ] GC(168)   Merge Heap Roots: 0.6ms
[2021-11-12T13:39:56.377-0800][gc,phases   ] GC(168)   Evacuate Collection Set: 15.1ms
[2021-11-12T13:39:56.377-0800][gc,phases   ] GC(168)   Post Evacuate Collection Set: 2.0ms
[2021-11-12T13:39:56.377-0800][gc,phases   ] GC(168)   Other: 1.6ms
[2021-11-12T13:39:56.377-0800][gc,heap     ] GC(168) Eden regions: 46->0(47)
[2021-11-12T13:39:56.377-0800][gc,heap     ] GC(168) Survivor regions: 5->4(7)
[2021-11-12T13:39:56.377-0800][gc,heap     ] GC(168) Old regions: 20->21
[2021-11-12T13:39:56.377-0800][gc,heap     ] GC(168) Archive regions: 2->2
[2021-11-12T13:39:56.377-0800][gc,heap     ] GC(168) Humongous regions: 129->129
[2021-11-12T13:39:56.377-0800][gc,metaspace] GC(168) Metaspace: 41273K(41856K)->41273K(41856K) NonClass: 36418K(36736K)->36418K(36736K) Class: 4855K(5120K)->4855K(5120K)
[2021-11-12T13:39:56.377-0800][gc          ] GC(168) Pause Young (Normal) (G1 Evacuation Pause) 199M->154M(1024M) 20.695ms
[2021-11-12T13:39:56.377-0800][gc,cpu      ] GC(168) User=0.03s Sys=0.02s Real=0.02s
[2021-11-12T13:40:18.291-0800][gc,start    ] GC(169) Pause Young (Normal) (G1 Evacuation Pause)
[2021-11-12T13:40:18.292-0800][gc,task     ] GC(169) Using 8 workers of 8 for evacuation
[2021-11-12T13:40:18.310-0800][gc,phases   ] GC(169)   Pre Evacuate Collection Set: 0.3ms
[2021-11-12T13:40:18.310-0800][gc,phases   ] GC(169)   Merge Heap Roots: 0.1ms
[2021-11-12T13:40:18.310-0800][gc,phases   ] GC(169)   Evacuate Collection Set: 17.2ms
[2021-11-12T13:40:18.310-0800][gc,phases   ] GC(169)   Post Evacuate Collection Set: 0.9ms
[2021-11-12T13:40:18.310-0800][gc,phases   ] GC(169)   Other: 0.6ms
[2021-11-12T13:40:18.310-0800][gc,heap     ] GC(169) Eden regions: 47->0(63)
[2021-11-12T13:40:18.310-0800][gc,heap     ] GC(169) Survivor regions: 4->3(7)
[2021-11-12T13:40:18.310-0800][gc,heap     ] GC(169) Old regions: 21->21
[2021-11-12T13:40:18.311-0800][gc,heap     ] GC(169) Archive regions: 2->2
[2021-11-12T13:40:18.311-0800][gc,heap     ] GC(169) Humongous regions: 129->129
[2021-11-12T13:40:18.311-0800][gc,metaspace] GC(169) Metaspace: 41273K(41856K)->41273K(41856K) NonClass: 36418K(36736K)->36418K(36736K) Class: 4855K(5120K)->4855K(5120K)
[2021-11-12T13:40:18.311-0800][gc          ] GC(169) Pause Young (Normal) (G1 Evacuation Pause) 201M->153M(1024M) 19.365ms
[2021-11-12T13:40:18.311-0800][gc,cpu      ] GC(169) User=0.02s Sys=0.01s Real=0.02s
[2021-11-12T13:40:44.585-0800][gc,start    ] GC(170) Pause Young (Normal) (G1 Evacuation Pause)
[2021-11-12T13:40:44.587-0800][gc,task     ] GC(170) Using 8 workers of 8 for evacuation
[2021-11-12T13:40:44.612-0800][gc,mmu      ] GC(170) MMU target violated: 21.0ms (20.0ms/21.0ms)
[2021-11-12T13:40:44.612-0800][gc,phases   ] GC(170)   Pre Evacuate Collection Set: 1.7ms
[2021-11-12T13:40:44.612-0800][gc,phases   ] GC(170)   Merge Heap Roots: 0.5ms
[2021-11-12T13:40:44.612-0800][gc,phases   ] GC(170)   Evacuate Collection Set: 18.4ms
[2021-11-12T13:40:44.612-0800][gc,phases   ] GC(170)   Post Evacuate Collection Set: 3.8ms
[2021-11-12T13:40:44.612-0800][gc,phases   ] GC(170)   Other: 2.3ms
[2021-11-12T13:40:44.612-0800][gc,heap     ] GC(170) Eden regions: 63->0(46)
[2021-11-12T13:40:44.612-0800][gc,heap     ] GC(170) Survivor regions: 3->5(9)
[2021-11-12T13:40:44.612-0800][gc,heap     ] GC(170) Old regions: 21->21
[2021-11-12T13:40:44.612-0800][gc,heap     ] GC(170) Archive regions: 2->2
[2021-11-12T13:40:44.612-0800][gc,heap     ] GC(170) Humongous regions: 129->129
[2021-11-12T13:40:44.612-0800][gc,metaspace] GC(170) Metaspace: 41273K(41856K)->41273K(41856K) NonClass: 36418K(36736K)->36418K(36736K) Class: 4855K(5120K)->4855K(5120K)
[2021-11-12T13:40:44.612-0800][gc          ] GC(170) Pause Young (Normal) (G1 Evacuation Pause) 216M->154M(1024M) 26.821ms
[2021-11-12T13:40:44.612-0800][gc,cpu      ] GC(170) User=0.03s Sys=0.03s Real=0.03s
[2021-11-12T13:41:03.389-0800][gc,start    ] GC(171) Pause Young (Normal) (G1 Evacuation Pause)
[2021-11-12T13:41:03.390-0800][gc,task     ] GC(171) Using 8 workers of 8 for evacuation
[2021-11-12T13:41:03.401-0800][gc,phases   ] GC(171)   Pre Evacuate Collection Set: 0.3ms
[2021-11-12T13:41:03.401-0800][gc,phases   ] GC(171)   Merge Heap Roots: 0.1ms
[2021-11-12T13:41:03.401-0800][gc,phases   ] GC(171)   Evacuate Collection Set: 9.2ms
[2021-11-12T13:41:03.401-0800][gc,phases   ] GC(171)   Post Evacuate Collection Set: 1.4ms
[2021-11-12T13:41:03.401-0800][gc,phases   ] GC(171)   Other: 1.4ms
[2021-11-12T13:41:03.401-0800][gc,heap     ] GC(171) Eden regions: 46->0(128)
[2021-11-12T13:41:03.401-0800][gc,heap     ] GC(171) Survivor regions: 5->3(7)
[2021-11-12T13:41:03.402-0800][gc,heap     ] GC(171) Old regions: 21->22
[2021-11-12T13:41:03.402-0800][gc,heap     ] GC(171) Archive regions: 2->2
[2021-11-12T13:41:03.402-0800][gc,heap     ] GC(171) Humongous regions: 129->129
[2021-11-12T13:41:03.402-0800][gc,metaspace] GC(171) Metaspace: 41273K(41856K)->41273K(41856K) NonClass: 36418K(36736K)->36418K(36736K) Class: 4855K(5120K)->4855K(5120K)
[2021-11-12T13:41:03.402-0800][gc          ] GC(171) Pause Young (Normal) (G1 Evacuation Pause) 200M->154M(1024M) 12.843ms
[2021-11-12T13:41:03.402-0800][gc,cpu      ] GC(171) User=0.02s Sys=0.01s Real=0.02s
[2021-11-12T13:41:56.156-0800][gc,start    ] GC(172) Pause Young (Normal) (G1 Evacuation Pause)
[2021-11-12T13:41:56.157-0800][gc,task     ] GC(172) Using 8 workers of 8 for evacuation
[2021-11-12T13:41:56.175-0800][gc,phases   ] GC(172)   Pre Evacuate Collection Set: 1.3ms
[2021-11-12T13:41:56.175-0800][gc,phases   ] GC(172)   Merge Heap Roots: 0.2ms
[2021-11-12T13:41:56.175-0800][gc,phases   ] GC(172)   Evacuate Collection Set: 14.7ms
[2021-11-12T13:41:56.175-0800][gc,phases   ] GC(172)   Post Evacuate Collection Set: 1.4ms
[2021-11-12T13:41:56.176-0800][gc,phases   ] GC(172)   Other: 2.3ms
[2021-11-12T13:41:56.176-0800][gc,heap     ] GC(172) Eden regions: 128->0(119)
[2021-11-12T13:41:56.176-0800][gc,heap     ] GC(172) Survivor regions: 3->5(17)
[2021-11-12T13:41:56.176-0800][gc,heap     ] GC(172) Old regions: 22->22
[2021-11-12T13:41:56.176-0800][gc,heap     ] GC(172) Archive regions: 2->2
[2021-11-12T13:41:56.176-0800][gc,heap     ] GC(172) Humongous regions: 129->129
[2021-11-12T13:41:56.176-0800][gc,metaspace] GC(172) Metaspace: 41273K(41856K)->41273K(41856K) NonClass: 36418K(36736K)->36418K(36736K) Class: 4855K(5120K)->4855K(5120K)
[2021-11-12T13:41:56.176-0800][gc          ] GC(172) Pause Young (Normal) (G1 Evacuation Pause) 282M->155M(1024M) 20.160ms
[2021-11-12T13:41:56.176-0800][gc,cpu      ] GC(172) User=0.04s Sys=0.03s Real=0.02s
[2021-11-12T13:42:45.315-0800][gc,start    ] GC(173) Pause Young (Normal) (G1 Evacuation Pause)
[2021-11-12T13:42:45.316-0800][gc,task     ] GC(173) Using 8 workers of 8 for evacuation
[2021-11-12T13:42:45.327-0800][gc,phases   ] GC(173)   Pre Evacuate Collection Set: 0.5ms
[2021-11-12T13:42:45.333-0800][gc,phases   ] GC(173)   Merge Heap Roots: 0.2ms
[2021-11-12T13:42:45.334-0800][gc,phases   ] GC(173)   Evacuate Collection Set: 9.3ms
[2021-11-12T13:42:45.334-0800][gc,phases   ] GC(173)   Post Evacuate Collection Set: 0.5ms
[2021-11-12T13:42:45.334-0800][gc,phases   ] GC(173)   Other: 1.5ms
[2021-11-12T13:42:45.334-0800][gc,heap     ] GC(173) Eden regions: 119->0(189)
[2021-11-12T13:42:45.334-0800][gc,heap     ] GC(173) Survivor regions: 5->5(16)
[2021-11-12T13:42:45.334-0800][gc,heap     ] GC(173) Old regions: 22->22
[2021-11-12T13:42:45.334-0800][gc,heap     ] GC(173) Archive regions: 2->2
[2021-11-12T13:42:45.334-0800][gc,heap     ] GC(173) Humongous regions: 129->129
[2021-11-12T13:42:45.334-0800][gc,metaspace] GC(173) Metaspace: 41273K(41856K)->41273K(41856K) NonClass: 36418K(36736K)->36418K(36736K) Class: 4855K(5120K)->4855K(5120K)
[2021-11-12T13:42:45.334-0800][gc          ] GC(173) Pause Young (Normal) (G1 Evacuation Pause) 274M->156M(1024M) 18.754ms
[2021-11-12T13:42:45.334-0800][gc,cpu      ] GC(173) User=0.02s Sys=0.00s Real=0.02s
[2021-11-12T13:44:03.324-0800][gc,start    ] GC(174) Pause Young (Normal) (G1 Evacuation Pause)
[2021-11-12T13:44:03.325-0800][gc,task     ] GC(174) Using 8 workers of 8 for evacuation
[2021-11-12T13:44:03.363-0800][gc,mmu      ] GC(174) MMU target violated: 21.0ms (20.0ms/21.0ms)
[2021-11-12T13:44:03.363-0800][gc,phases   ] GC(174)   Pre Evacuate Collection Set: 0.8ms
[2021-11-12T13:44:03.363-0800][gc,phases   ] GC(174)   Merge Heap Roots: 0.2ms
[2021-11-12T13:44:03.363-0800][gc,phases   ] GC(174)   Evacuate Collection Set: 34.3ms
[2021-11-12T13:44:03.363-0800][gc,phases   ] GC(174)   Post Evacuate Collection Set: 1.8ms
[2021-11-12T13:44:03.363-0800][gc,phases   ] GC(174)   Other: 1.7ms
[2021-11-12T13:44:03.363-0800][gc,heap     ] GC(174) Eden regions: 189->0(45)
[2021-11-12T13:44:03.363-0800][gc,heap     ] GC(174) Survivor regions: 5->8(25)
[2021-11-12T13:44:03.363-0800][gc,heap     ] GC(174) Old regions: 22->22
[2021-11-12T13:44:03.363-0800][gc,heap     ] GC(174) Archive regions: 2->2
[2021-11-12T13:44:03.363-0800][gc,heap     ] GC(174) Humongous regions: 129->129
[2021-11-12T13:44:03.363-0800][gc,metaspace] GC(174) Metaspace: 41273K(41856K)->41273K(41856K) NonClass: 36418K(36736K)->36418K(36736K) Class: 4855K(5120K)->4855K(5120K)
[2021-11-12T13:44:03.363-0800][gc          ] GC(174) Pause Young (Normal) (G1 Evacuation Pause) 345M->159M(1024M) 38.889ms
[2021-11-12T13:44:03.363-0800][gc,cpu      ] GC(174) User=0.05s Sys=0.03s Real=0.04s
[2021-11-12T13:44:21.870-0800][gc,start    ] GC(175) Pause Young (Normal) (G1 Evacuation Pause)
[2021-11-12T13:44:21.871-0800][gc,task     ] GC(175) Using 8 workers of 8 for evacuation
[2021-11-12T13:44:21.886-0800][gc,phases   ] GC(175)   Pre Evacuate Collection Set: 0.3ms
[2021-11-12T13:44:21.886-0800][gc,phases   ] GC(175)   Merge Heap Roots: 0.1ms
[2021-11-12T13:44:21.886-0800][gc,phases   ] GC(175)   Evacuate Collection Set: 14.4ms
[2021-11-12T13:44:21.886-0800][gc,phases   ] GC(175)   Post Evacuate Collection Set: 0.6ms
[2021-11-12T13:44:21.886-0800][gc,phases   ] GC(175)   Other: 0.9ms
[2021-11-12T13:44:21.886-0800][gc,heap     ] GC(175) Eden regions: 45->0(219)
[2021-11-12T13:44:21.887-0800][gc,heap     ] GC(175) Survivor regions: 8->4(7)
[2021-11-12T13:44:21.887-0800][gc,heap     ] GC(175) Old regions: 22->26
[2021-11-12T13:44:21.887-0800][gc,heap     ] GC(175) Archive regions: 2->2
[2021-11-12T13:44:21.887-0800][gc,heap     ] GC(175) Humongous regions: 129->129
[2021-11-12T13:44:21.887-0800][gc,metaspace] GC(175) Metaspace: 41273K(41856K)->41273K(41856K) NonClass: 36418K(36736K)->36418K(36736K) Class: 4855K(5120K)->4855K(5120K)
[2021-11-12T13:44:21.887-0800][gc          ] GC(175) Pause Young (Normal) (G1 Evacuation Pause) 204M->159M(1024M) 16.656ms
[2021-11-12T13:44:21.887-0800][gc,cpu      ] GC(175) User=0.04s Sys=0.01s Real=0.01s
[2021-11-12T13:45:50.254-0800][gc,start    ] GC(176) Pause Young (Normal) (G1 Evacuation Pause)
[2021-11-12T13:45:50.254-0800][gc,task     ] GC(176) Using 8 workers of 8 for evacuation
[2021-11-12T13:45:50.279-0800][gc,mmu      ] GC(176) MMU target violated: 21.0ms (20.0ms/21.0ms)
[2021-11-12T13:45:50.279-0800][gc,phases   ] GC(176)   Pre Evacuate Collection Set: 0.9ms
[2021-11-12T13:45:50.279-0800][gc,phases   ] GC(176)   Merge Heap Roots: 0.5ms
[2021-11-12T13:45:50.279-0800][gc,phases   ] GC(176)   Evacuate Collection Set: 20.7ms
[2021-11-12T13:45:50.279-0800][gc,phases   ] GC(176)   Post Evacuate Collection Set: 2.1ms
[2021-11-12T13:45:50.279-0800][gc,phases   ] GC(176)   Other: 0.8ms
[2021-11-12T13:45:50.279-0800][gc,heap     ] GC(176) Eden regions: 212->0(153)
[2021-11-12T13:45:50.279-0800][gc,heap     ] GC(176) Survivor regions: 4->6(27)
[2021-11-12T13:45:50.279-0800][gc,heap     ] GC(176) Old regions: 26->26
[2021-11-12T13:45:50.279-0800][gc,heap     ] GC(176) Archive regions: 2->2
[2021-11-12T13:45:50.279-0800][gc,heap     ] GC(176) Humongous regions: 129->129
[2021-11-12T13:45:50.279-0800][gc,metaspace] GC(176) Metaspace: 41273K(41856K)->41273K(41856K) NonClass: 36418K(36736K)->36418K(36736K) Class: 4855K(5120K)->4855K(5120K)
[2021-11-12T13:45:50.279-0800][gc          ] GC(176) Pause Young (Normal) (G1 Evacuation Pause) 371M->161M(1024M) 25.131ms
[2021-11-12T13:45:50.279-0800][gc,cpu      ] GC(176) User=0.05s Sys=0.03s Real=0.02s
[2021-11-12T13:46:46.449-0800][gc,start    ] GC(177) Pause Young (Normal) (G1 Evacuation Pause)
[2021-11-12T13:46:46.451-0800][gc,task     ] GC(177) Using 8 workers of 8 for evacuation
[2021-11-12T13:46:46.468-0800][gc,phases   ] GC(177)   Pre Evacuate Collection Set: 0.4ms
[2021-11-12T13:46:46.469-0800][gc,phases   ] GC(177)   Merge Heap Roots: 0.1ms
[2021-11-12T13:46:46.469-0800][gc,phases   ] GC(177)   Evacuate Collection Set: 16.6ms
[2021-11-12T13:46:46.469-0800][gc,phases   ] GC(177)   Post Evacuate Collection Set: 0.6ms
[2021-11-12T13:46:46.469-0800][gc,phases   ] GC(177)   Other: 1.6ms
[2021-11-12T13:46:46.469-0800][gc,heap     ] GC(177) Eden regions: 136->0(62)
[2021-11-12T13:46:46.469-0800][gc,heap     ] GC(177) Survivor regions: 6->8(18)
[2021-11-12T13:46:46.469-0800][gc,heap     ] GC(177) Old regions: 26->26
[2021-11-12T13:46:46.469-0800][gc,heap     ] GC(177) Archive regions: 2->2
[2021-11-12T13:46:46.469-0800][gc,heap     ] GC(177) Humongous regions: 129->129
[2021-11-12T13:46:46.469-0800][gc,metaspace] GC(177) Metaspace: 41273K(41856K)->41273K(41856K) NonClass: 36418K(36736K)->36418K(36736K) Class: 4855K(5120K)->4855K(5120K)
[2021-11-12T13:46:46.469-0800][gc          ] GC(177) Pause Young (Normal) (G1 Evacuation Pause) 297M->163M(1024M) 19.498ms
[2021-11-12T13:46:46.469-0800][gc,cpu      ] GC(177) User=0.06s Sys=0.02s Real=0.02s
[2021-11-12T13:47:05.627-0800][gc,start    ] GC(178) Pause Young (Normal) (G1 Evacuation Pause)
[2021-11-12T13:47:05.643-0800][gc,task     ] GC(178) Using 8 workers of 8 for evacuation
[2021-11-12T13:47:05.693-0800][gc,mmu      ] GC(178) MMU target violated: 21.0ms (20.0ms/21.0ms)
[2021-11-12T13:47:05.693-0800][gc,phases   ] GC(178)   Pre Evacuate Collection Set: 1.7ms
[2021-11-12T13:47:05.693-0800][gc,phases   ] GC(178)   Merge Heap Roots: 0.9ms
[2021-11-12T13:47:05.693-0800][gc,phases   ] GC(178)   Evacuate Collection Set: 44.7ms
[2021-11-12T13:47:05.693-0800][gc,phases   ] GC(178)   Post Evacuate Collection Set: 2.2ms
[2021-11-12T13:47:05.693-0800][gc,phases   ] GC(178)   Other: 16.2ms
[2021-11-12T13:47:05.693-0800][gc,heap     ] GC(178) Eden regions: 47->0(226)
[2021-11-12T13:47:05.693-0800][gc,heap     ] GC(178) Survivor regions: 8->4(7)
[2021-11-12T13:47:05.693-0800][gc,heap     ] GC(178) Old regions: 26->31
[2021-11-12T13:47:05.693-0800][gc,heap     ] GC(178) Archive regions: 2->2
[2021-11-12T13:47:05.693-0800][gc,heap     ] GC(178) Humongous regions: 129->129
[2021-11-12T13:47:05.693-0800][gc,metaspace] GC(178) Metaspace: 41273K(41856K)->41273K(41856K) NonClass: 36418K(36736K)->36418K(36736K) Class: 4855K(5120K)->4855K(5120K)
[2021-11-12T13:47:05.693-0800][gc          ] GC(178) Pause Young (Normal) (G1 Evacuation Pause) 210M->163M(1024M) 65.891ms
[2021-11-12T13:47:05.693-0800][gc,cpu      ] GC(178) User=0.05s Sys=0.05s Real=0.07s
[2021-11-12T13:48:26.765-0800][gc,start    ] GC(179) Pause Young (Normal) (G1 Evacuation Pause)
[2021-11-12T13:48:26.773-0800][gc,task     ] GC(179) Using 8 workers of 8 for evacuation
[2021-11-12T13:48:26.794-0800][gc,mmu      ] GC(179) MMU target violated: 20.6ms (20.0ms/21.0ms)
[2021-11-12T13:48:26.794-0800][gc,phases   ] GC(179)   Pre Evacuate Collection Set: 1.4ms
[2021-11-12T13:48:26.794-0800][gc,phases   ] GC(179)   Merge Heap Roots: 0.5ms
[2021-11-12T13:48:26.794-0800][gc,phases   ] GC(179)   Evacuate Collection Set: 17.2ms
[2021-11-12T13:48:26.794-0800][gc,phases   ] GC(179)   Post Evacuate Collection Set: 1.7ms
[2021-11-12T13:48:26.794-0800][gc,phases   ] GC(179)   Other: 9.0ms
[2021-11-12T13:48:26.794-0800][gc,heap     ] GC(179) Eden regions: 196->0(198)
[2021-11-12T13:48:26.794-0800][gc,heap     ] GC(179) Survivor regions: 4->5(25)
[2021-11-12T13:48:26.794-0800][gc,heap     ] GC(179) Old regions: 31->31
[2021-11-12T13:48:26.795-0800][gc,heap     ] GC(179) Archive regions: 2->2
[2021-11-12T13:48:26.795-0800][gc,heap     ] GC(179) Humongous regions: 129->129
[2021-11-12T13:48:26.795-0800][gc,metaspace] GC(179) Metaspace: 41273K(41856K)->41273K(41856K) NonClass: 36418K(36736K)->36418K(36736K) Class: 4855K(5120K)->4855K(5120K)
[2021-11-12T13:48:26.795-0800][gc          ] GC(179) Pause Young (Normal) (G1 Evacuation Pause) 359M->164M(1024M) 29.805ms
[2021-11-12T13:48:26.795-0800][gc,cpu      ] GC(179) User=0.03s Sys=0.03s Real=0.03s
[2021-11-12T13:49:48.683-0800][gc,start    ] GC(180) Pause Young (Normal) (G1 Evacuation Pause)
[2021-11-12T13:49:48.684-0800][gc,task     ] GC(180) Using 8 workers of 8 for evacuation
[2021-11-12T13:49:48.711-0800][gc,mmu      ] GC(180) MMU target violated: 21.0ms (20.0ms/21.0ms)
[2021-11-12T13:49:48.711-0800][gc,phases   ] GC(180)   Pre Evacuate Collection Set: 1.3ms
[2021-11-12T13:49:48.711-0800][gc,phases   ] GC(180)   Merge Heap Roots: 0.3ms
[2021-11-12T13:49:48.711-0800][gc,phases   ] GC(180)   Evacuate Collection Set: 23.4ms
[2021-11-12T13:49:48.711-0800][gc,phases   ] GC(180)   Post Evacuate Collection Set: 1.1ms
[2021-11-12T13:49:48.711-0800][gc,phases   ] GC(180)   Other: 1.8ms
[2021-11-12T13:49:48.711-0800][gc,heap     ] GC(180) Eden regions: 198->0(43)
[2021-11-12T13:49:48.711-0800][gc,heap     ] GC(180) Survivor regions: 5->8(26)
[2021-11-12T13:49:48.711-0800][gc,heap     ] GC(180) Old regions: 31->31
[2021-11-12T13:49:48.711-0800][gc,heap     ] GC(180) Archive regions: 2->2
[2021-11-12T13:49:48.711-0800][gc,heap     ] GC(180) Humongous regions: 129->129
[2021-11-12T13:49:48.711-0800][gc,metaspace] GC(180) Metaspace: 41273K(41856K)->41273K(41856K) NonClass: 36418K(36736K)->36418K(36736K) Class: 4855K(5120K)->4855K(5120K)
[2021-11-12T13:49:48.711-0800][gc          ] GC(180) Pause Young (Normal) (G1 Evacuation Pause) 362M->167M(1024M) 27.851ms
[2021-11-12T13:49:48.711-0800][gc,cpu      ] GC(180) User=0.04s Sys=0.05s Real=0.03s
[2021-11-12T13:50:06.356-0800][gc,start    ] GC(181) Pause Young (Normal) (G1 Evacuation Pause)
[2021-11-12T13:50:06.356-0800][gc,task     ] GC(181) Using 8 workers of 8 for evacuation
[2021-11-12T13:50:06.375-0800][gc,phases   ] GC(181)   Pre Evacuate Collection Set: 0.2ms
[2021-11-12T13:50:06.375-0800][gc,phases   ] GC(181)   Merge Heap Roots: 0.1ms
[2021-11-12T13:50:06.375-0800][gc,phases   ] GC(181)   Evacuate Collection Set: 17.6ms
[2021-11-12T13:50:06.375-0800][gc,phases   ] GC(181)   Post Evacuate Collection Set: 1.2ms
[2021-11-12T13:50:06.376-0800][gc,phases   ] GC(181)   Other: 0.6ms
[2021-11-12T13:50:06.376-0800][gc,heap     ] GC(181) Eden regions: 43->0(323)
[2021-11-12T13:50:06.376-0800][gc,heap     ] GC(181) Survivor regions: 8->4(7)
[2021-11-12T13:50:06.376-0800][gc,heap     ] GC(181) Old regions: 31->35
[2021-11-12T13:50:06.376-0800][gc,heap     ] GC(181) Archive regions: 2->2
[2021-11-12T13:50:06.376-0800][gc,heap     ] GC(181) Humongous regions: 129->129
[2021-11-12T13:50:06.376-0800][gc,metaspace] GC(181) Metaspace: 41273K(41856K)->41273K(41856K) NonClass: 36418K(36736K)->36418K(36736K) Class: 4855K(5120K)->4855K(5120K)
[2021-11-12T13:50:06.376-0800][gc          ] GC(181) Pause Young (Normal) (G1 Evacuation Pause) 210M->167M(1024M) 20.015ms
[2021-11-12T13:50:06.376-0800][gc,cpu      ] GC(181) User=0.05s Sys=0.01s Real=0.02s
[2021-11-12T13:52:20.407-0800][gc,start    ] GC(182) Pause Young (Normal) (G1 Evacuation Pause)
[2021-11-12T13:52:20.409-0800][gc,task     ] GC(182) Using 8 workers of 8 for evacuation
[2021-11-12T13:52:20.434-0800][gc,mmu      ] GC(182) MMU target violated: 21.0ms (20.0ms/21.0ms)
[2021-11-12T13:52:20.434-0800][gc,phases   ] GC(182)   Pre Evacuate Collection Set: 1.4ms
[2021-11-12T13:52:20.434-0800][gc,phases   ] GC(182)   Merge Heap Roots: 0.4ms
[2021-11-12T13:52:20.434-0800][gc,phases   ] GC(182)   Evacuate Collection Set: 20.9ms
[2021-11-12T13:52:20.434-0800][gc,phases   ] GC(182)   Post Evacuate Collection Set: 2.1ms
[2021-11-12T13:52:20.434-0800][gc,phases   ] GC(182)   Other: 2.0ms
[2021-11-12T13:52:20.434-0800][gc,heap     ] GC(182) Eden regions: 323->0(102)
[2021-11-12T13:52:20.434-0800][gc,heap     ] GC(182) Survivor regions: 4->8(41)
[2021-11-12T13:52:20.434-0800][gc,heap     ] GC(182) Old regions: 35->35
[2021-11-12T13:52:20.434-0800][gc,heap     ] GC(182) Archive regions: 2->2
[2021-11-12T13:52:20.434-0800][gc,heap     ] GC(182) Humongous regions: 129->129
[2021-11-12T13:52:20.434-0800][gc,metaspace] GC(182) Metaspace: 41273K(41856K)->41273K(41856K) NonClass: 36418K(36736K)->36418K(36736K) Class: 4855K(5120K)->4855K(5120K)
[2021-11-12T13:52:20.434-0800][gc          ] GC(182) Pause Young (Normal) (G1 Evacuation Pause) 490M->171M(1024M) 26.602ms
[2021-11-12T13:52:20.434-0800][gc,cpu      ] GC(182) User=0.05s Sys=0.03s Real=0.03s
[2021-11-12T13:53:02.289-0800][gc,start    ] GC(183) Pause Young (Normal) (G1 Evacuation Pause)
[2021-11-12T13:53:02.291-0800][gc,task     ] GC(183) Using 8 workers of 8 for evacuation
[2021-11-12T13:53:02.308-0800][gc,phases   ] GC(183)   Pre Evacuate Collection Set: 0.4ms
[2021-11-12T13:53:02.309-0800][gc,phases   ] GC(183)   Merge Heap Roots: 0.1ms
[2021-11-12T13:53:02.309-0800][gc,phases   ] GC(183)   Evacuate Collection Set: 16.4ms
[2021-11-12T13:53:02.309-0800][gc,phases   ] GC(183)   Post Evacuate Collection Set: 0.6ms
[2021-11-12T13:53:02.309-0800][gc,phases   ] GC(183)   Other: 1.4ms
[2021-11-12T13:53:02.309-0800][gc,heap     ] GC(183) Eden regions: 102->0(168)
[2021-11-12T13:53:02.309-0800][gc,heap     ] GC(183) Survivor regions: 8->9(14)
[2021-11-12T13:53:02.309-0800][gc,heap     ] GC(183) Old regions: 35->35
[2021-11-12T13:53:02.309-0800][gc,heap     ] GC(183) Archive regions: 2->2
[2021-11-12T13:53:02.309-0800][gc,heap     ] GC(183) Humongous regions: 129->129
[2021-11-12T13:53:02.309-0800][gc,metaspace] GC(183) Metaspace: 41273K(41856K)->41273K(41856K) NonClass: 36418K(36736K)->36418K(36736K) Class: 4855K(5120K)->4855K(5120K)
[2021-11-12T13:53:02.309-0800][gc          ] GC(183) Pause Young (Normal) (G1 Evacuation Pause) 273M->172M(1024M) 19.251ms
[2021-11-12T13:53:02.309-0800][gc,cpu      ] GC(183) User=0.05s Sys=0.01s Real=0.02s
[2021-11-12T13:54:11.499-0800][gc,start    ] GC(184) Pause Young (Normal) (G1 Evacuation Pause)
[2021-11-12T13:54:11.501-0800][gc,task     ] GC(184) Using 8 workers of 8 for evacuation
[2021-11-12T13:54:11.533-0800][gc,mmu      ] GC(184) MMU target violated: 21.0ms (20.0ms/21.0ms)
[2021-11-12T13:54:11.533-0800][gc,phases   ] GC(184)   Pre Evacuate Collection Set: 1.6ms
[2021-11-12T13:54:11.533-0800][gc,phases   ] GC(184)   Merge Heap Roots: 0.4ms
[2021-11-12T13:54:11.533-0800][gc,phases   ] GC(184)   Evacuate Collection Set: 27.2ms
[2021-11-12T13:54:11.533-0800][gc,phases   ] GC(184)   Post Evacuate Collection Set: 2.0ms
[2021-11-12T13:54:11.533-0800][gc,phases   ] GC(184)   Other: 2.6ms
[2021-11-12T13:54:11.533-0800][gc,heap     ] GC(184) Eden regions: 168->0(65)
[2021-11-12T13:54:11.533-0800][gc,heap     ] GC(184) Survivor regions: 9->9(23)
[2021-11-12T13:54:11.533-0800][gc,heap     ] GC(184) Old regions: 35->35
[2021-11-12T13:54:11.533-0800][gc,heap     ] GC(184) Archive regions: 2->2
[2021-11-12T13:54:11.533-0800][gc,heap     ] GC(184) Humongous regions: 129->129
[2021-11-12T13:54:11.533-0800][gc,metaspace] GC(184) Metaspace: 41273K(41856K)->41273K(41856K) NonClass: 36418K(36736K)->36418K(36736K) Class: 4855K(5120K)->4855K(5120K)
[2021-11-12T13:54:11.533-0800][gc          ] GC(184) Pause Young (Normal) (G1 Evacuation Pause) 340M->173M(1024M) 33.879ms
[2021-11-12T13:54:11.533-0800][gc,cpu      ] GC(184) User=0.06s Sys=0.06s Real=0.04s
[2021-11-12T13:54:32.732-0800][gc,start    ] GC(185) Pause Young (Normal) (G1 Evacuation Pause)
[2021-11-12T13:54:32.733-0800][gc,task     ] GC(185) Using 8 workers of 8 for evacuation
[2021-11-12T13:54:32.755-0800][gc,mmu      ] GC(185) MMU target violated: 21.0ms (20.0ms/21.0ms)
[2021-11-12T13:54:32.755-0800][gc,phases   ] GC(185)   Pre Evacuate Collection Set: 0.4ms
[2021-11-12T13:54:32.755-0800][gc,phases   ] GC(185)   Merge Heap Roots: 0.1ms
[2021-11-12T13:54:32.755-0800][gc,phases   ] GC(185)   Evacuate Collection Set: 19.5ms
[2021-11-12T13:54:32.755-0800][gc,phases   ] GC(185)   Post Evacuate Collection Set: 1.6ms
[2021-11-12T13:54:32.755-0800][gc,phases   ] GC(185)   Other: 1.7ms
[2021-11-12T13:54:32.755-0800][gc,heap     ] GC(185) Eden regions: 52->0(338)
[2021-11-12T13:54:32.755-0800][gc,heap     ] GC(185) Survivor regions: 9->5(8)
[2021-11-12T13:54:32.755-0800][gc,heap     ] GC(185) Old regions: 35->40
[2021-11-12T13:54:32.755-0800][gc,heap     ] GC(185) Archive regions: 2->2
[2021-11-12T13:54:32.756-0800][gc,heap     ] GC(185) Humongous regions: 129->129
[2021-11-12T13:54:32.756-0800][gc,metaspace] GC(185) Metaspace: 41273K(41856K)->41273K(41856K) NonClass: 36418K(36736K)->36418K(36736K) Class: 4855K(5120K)->4855K(5120K)
[2021-11-12T13:54:32.756-0800][gc          ] GC(185) Pause Young (Normal) (G1 Evacuation Pause) 225M->174M(1024M) 23.490ms
[2021-11-12T13:54:32.756-0800][gc,cpu      ] GC(185) User=0.06s Sys=0.02s Real=0.02s
[2021-11-12T13:56:52.889-0800][gc,start    ] GC(186) Pause Young (Normal) (G1 Evacuation Pause)
[2021-11-12T13:56:52.890-0800][gc,task     ] GC(186) Using 8 workers of 8 for evacuation
[2021-11-12T13:56:52.919-0800][gc,mmu      ] GC(186) MMU target violated: 21.0ms (20.0ms/21.0ms)
[2021-11-12T13:56:52.920-0800][gc,phases   ] GC(186)   Pre Evacuate Collection Set: 0.9ms
[2021-11-12T13:56:52.920-0800][gc,phases   ] GC(186)   Merge Heap Roots: 0.4ms
[2021-11-12T13:56:52.920-0800][gc,phases   ] GC(186)   Evacuate Collection Set: 25.8ms
[2021-11-12T13:56:52.920-0800][gc,phases   ] GC(186)   Post Evacuate Collection Set: 2.0ms
[2021-11-12T13:56:52.920-0800][gc,phases   ] GC(186)   Other: 1.9ms
[2021-11-12T13:56:52.920-0800][gc,heap     ] GC(186) Eden regions: 338->0(62)
[2021-11-12T13:56:52.920-0800][gc,heap     ] GC(186) Survivor regions: 5->9(43)
[2021-11-12T13:56:52.920-0800][gc,heap     ] GC(186) Old regions: 40->40
[2021-11-12T13:56:52.920-0800][gc,heap     ] GC(186) Archive regions: 2->2
[2021-11-12T13:56:52.920-0800][gc,heap     ] GC(186) Humongous regions: 129->129
[2021-11-12T13:56:52.920-0800][gc,metaspace] GC(186) Metaspace: 41273K(41856K)->41273K(41856K) NonClass: 36418K(36736K)->36418K(36736K) Class: 4855K(5120K)->4855K(5120K)
[2021-11-12T13:56:52.920-0800][gc          ] GC(186) Pause Young (Normal) (G1 Evacuation Pause) 512M->178M(1024M) 31.160ms
[2021-11-12T13:56:52.920-0800][gc,cpu      ] GC(186) User=0.06s Sys=0.05s Real=0.04s
[2021-11-12T13:57:13.766-0800][gc,start    ] GC(187) Pause Young (Normal) (G1 Evacuation Pause)
[2021-11-12T13:57:13.767-0800][gc,task     ] GC(187) Using 8 workers of 8 for evacuation
[2021-11-12T13:57:13.785-0800][gc,phases   ] GC(187)   Pre Evacuate Collection Set: 0.5ms
[2021-11-12T13:57:13.785-0800][gc,phases   ] GC(187)   Merge Heap Roots: 0.2ms
[2021-11-12T13:57:13.786-0800][gc,phases   ] GC(187)   Evacuate Collection Set: 17.0ms
[2021-11-12T13:57:13.786-0800][gc,phases   ] GC(187)   Post Evacuate Collection Set: 0.5ms
[2021-11-12T13:57:13.786-0800][gc,phases   ] GC(187)   Other: 1.5ms
[2021-11-12T13:57:13.786-0800][gc,heap     ] GC(187) Eden regions: 50->0(481)
[2021-11-12T13:57:13.786-0800][gc,heap     ] GC(187) Survivor regions: 9->3(8)
[2021-11-12T13:57:13.786-0800][gc,heap     ] GC(187) Old regions: 40->47
[2021-11-12T13:57:13.786-0800][gc,heap     ] GC(187) Archive regions: 2->2
[2021-11-12T13:57:13.786-0800][gc,heap     ] GC(187) Humongous regions: 129->129
[2021-11-12T13:57:13.786-0800][gc,metaspace] GC(187) Metaspace: 41273K(41856K)->41273K(41856K) NonClass: 36418K(36736K)->36418K(36736K) Class: 4855K(5120K)->4855K(5120K)
[2021-11-12T13:57:13.786-0800][gc          ] GC(187) Pause Young (Normal) (G1 Evacuation Pause) 228M->179M(1024M) 19.968ms
[2021-11-12T13:57:13.786-0800][gc,cpu      ] GC(187) User=0.05s Sys=0.01s Real=0.02s
[2021-11-12T15:20:15.631-0800][gc,start    ] GC(188) Pause Young (Normal) (G1 Evacuation Pause)
[2021-11-12T15:20:15.632-0800][gc,task     ] GC(188) Using 8 workers of 8 for evacuation
[2021-11-12T15:20:15.818-0800][gc,mmu      ] GC(188) MMU target violated: 21.0ms (20.0ms/21.0ms)
[2021-11-12T15:20:15.818-0800][gc,phases   ] GC(188)   Pre Evacuate Collection Set: 1.3ms
[2021-11-12T15:20:15.818-0800][gc,phases   ] GC(188)   Merge Heap Roots: 0.4ms
[2021-11-12T15:20:15.818-0800][gc,phases   ] GC(188)   Evacuate Collection Set: 181.0ms
[2021-11-12T15:20:15.818-0800][gc,phases   ] GC(188)   Post Evacuate Collection Set: 2.9ms
[2021-11-12T15:20:15.818-0800][gc,phases   ] GC(188)   Other: 1.6ms
[2021-11-12T15:20:15.818-0800][gc,heap     ] GC(188) Eden regions: 472->0(13)
[2021-11-12T15:20:15.818-0800][gc,heap     ] GC(188) Survivor regions: 3->38(60)
[2021-11-12T15:20:15.818-0800][gc,heap     ] GC(188) Old regions: 47->47
[2021-11-12T15:20:15.818-0800][gc,heap     ] GC(188) Archive regions: 2->2
[2021-11-12T15:20:15.818-0800][gc,heap     ] GC(188) Humongous regions: 129->129
[2021-11-12T15:20:15.818-0800][gc,metaspace] GC(188) Metaspace: 41298K(41920K)->41298K(41920K) NonClass: 36443K(36800K)->36443K(36800K) Class: 4855K(5120K)->4855K(5120K)
[2021-11-12T15:20:15.818-0800][gc          ] GC(188) Pause Young (Normal) (G1 Evacuation Pause) 651M->214M(1024M) 187.344ms
[2021-11-12T15:20:15.818-0800][gc,cpu      ] GC(188) User=0.20s Sys=0.57s Real=0.18s
[2021-11-12T15:20:21.281-0800][gc,start    ] GC(189) Pause Young (Normal) (G1 Evacuation Pause)
[2021-11-12T15:20:21.281-0800][gc,task     ] GC(189) Using 8 workers of 8 for evacuation
[2021-11-12T15:20:21.323-0800][gc,mmu      ] GC(189) MMU target violated: 21.0ms (20.0ms/21.0ms)
[2021-11-12T15:20:21.323-0800][gc,phases   ] GC(189)   Pre Evacuate Collection Set: 0.2ms
[2021-11-12T15:20:21.323-0800][gc,phases   ] GC(189)   Merge Heap Roots: 0.1ms
[2021-11-12T15:20:21.323-0800][gc,phases   ] GC(189)   Evacuate Collection Set: 40.4ms
[2021-11-12T15:20:21.323-0800][gc,phases   ] GC(189)   Post Evacuate Collection Set: 0.8ms
[2021-11-12T15:20:21.323-0800][gc,phases   ] GC(189)   Other: 0.4ms
[2021-11-12T15:20:21.323-0800][gc,heap     ] GC(189) Eden regions: 13->0(55)
[2021-11-12T15:20:21.323-0800][gc,heap     ] GC(189) Survivor regions: 38->4(7)
[2021-11-12T15:20:21.323-0800][gc,heap     ] GC(189) Old regions: 47->84
[2021-11-12T15:20:21.323-0800][gc,heap     ] GC(189) Archive regions: 2->2
[2021-11-12T15:20:21.323-0800][gc,heap     ] GC(189) Humongous regions: 129->129
[2021-11-12T15:20:21.323-0800][gc,metaspace] GC(189) Metaspace: 41298K(41920K)->41298K(41920K) NonClass: 36443K(36800K)->36443K(36800K) Class: 4855K(5120K)->4855K(5120K)
[2021-11-12T15:20:21.323-0800][gc          ] GC(189) Pause Young (Normal) (G1 Evacuation Pause) 227M->217M(1024M) 42.028ms
[2021-11-12T15:20:21.323-0800][gc,cpu      ] GC(189) User=0.14s Sys=0.04s Real=0.04s
[2021-11-12T15:20:43.860-0800][gc,start    ] GC(190) Pause Young (Normal) (G1 Evacuation Pause)
[2021-11-12T15:20:43.860-0800][gc,task     ] GC(190) Using 8 workers of 8 for evacuation
[2021-11-12T15:20:43.874-0800][gc,phases   ] GC(190)   Pre Evacuate Collection Set: 0.4ms
[2021-11-12T15:20:43.874-0800][gc,phases   ] GC(190)   Merge Heap Roots: 0.1ms
[2021-11-12T15:20:43.874-0800][gc,phases   ] GC(190)   Evacuate Collection Set: 12.5ms
[2021-11-12T15:20:43.874-0800][gc,phases   ] GC(190)   Post Evacuate Collection Set: 0.6ms
[2021-11-12T15:20:43.874-0800][gc,phases   ] GC(190)   Other: 0.5ms
[2021-11-12T15:20:43.874-0800][gc,heap     ] GC(190) Eden regions: 55->0(69)
[2021-11-12T15:20:43.874-0800][gc,heap     ] GC(190) Survivor regions: 4->4(8)
[2021-11-12T15:20:43.874-0800][gc,heap     ] GC(190) Old regions: 84->84
[2021-11-12T15:20:43.874-0800][gc,heap     ] GC(190) Archive regions: 2->2
[2021-11-12T15:20:43.874-0800][gc,heap     ] GC(190) Humongous regions: 129->129
[2021-11-12T15:20:43.874-0800][gc,metaspace] GC(190) Metaspace: 41298K(41920K)->41298K(41920K) NonClass: 36443K(36800K)->36443K(36800K) Class: 4855K(5120K)->4855K(5120K)
[2021-11-12T15:20:43.874-0800][gc          ] GC(190) Pause Young (Normal) (G1 Evacuation Pause) 272M->216M(1024M) 14.494ms
[2021-11-12T15:20:43.875-0800][gc,cpu      ] GC(190) User=0.02s Sys=0.02s Real=0.01s
[2021-11-12T15:21:11.962-0800][gc,start    ] GC(191) Pause Young (Normal) (G1 Evacuation Pause)
[2021-11-12T15:21:11.964-0800][gc,task     ] GC(191) Using 8 workers of 8 for evacuation
[2021-11-12T15:21:12.002-0800][gc,mmu      ] GC(191) MMU target violated: 21.0ms (20.0ms/21.0ms)
[2021-11-12T15:21:12.002-0800][gc,phases   ] GC(191)   Pre Evacuate Collection Set: 2.9ms
[2021-11-12T15:21:12.002-0800][gc,phases   ] GC(191)   Merge Heap Roots: 0.3ms
[2021-11-12T15:21:12.002-0800][gc,phases   ] GC(191)   Evacuate Collection Set: 33.2ms
[2021-11-12T15:21:12.002-0800][gc,phases   ] GC(191)   Post Evacuate Collection Set: 1.6ms
[2021-11-12T15:21:12.002-0800][gc,phases   ] GC(191)   Other: 1.9ms
[2021-11-12T15:21:12.002-0800][gc,heap     ] GC(191) Eden regions: 69->0(46)
[2021-11-12T15:21:12.002-0800][gc,heap     ] GC(191) Survivor regions: 4->5(10)
[2021-11-12T15:21:12.002-0800][gc,heap     ] GC(191) Old regions: 84->84
[2021-11-12T15:21:12.002-0800][gc,heap     ] GC(191) Archive regions: 2->2
[2021-11-12T15:21:12.002-0800][gc,heap     ] GC(191) Humongous regions: 129->129
[2021-11-12T15:21:12.002-0800][gc,metaspace] GC(191) Metaspace: 41298K(41920K)->41298K(41920K) NonClass: 36443K(36800K)->36443K(36800K) Class: 4855K(5120K)->4855K(5120K)
[2021-11-12T15:21:12.002-0800][gc          ] GC(191) Pause Young (Normal) (G1 Evacuation Pause) 285M->218M(1024M) 39.949ms
[2021-11-12T15:21:12.002-0800][gc,cpu      ] GC(191) User=0.04s Sys=0.04s Real=0.04s
[2021-11-12T15:21:30.846-0800][gc,start    ] GC(192) Pause Young (Normal) (G1 Evacuation Pause)
[2021-11-12T15:21:30.848-0800][gc,task     ] GC(192) Using 8 workers of 8 for evacuation
[2021-11-12T15:21:30.864-0800][gc,phases   ] GC(192)   Pre Evacuate Collection Set: 0.4ms
[2021-11-12T15:21:30.864-0800][gc,phases   ] GC(192)   Merge Heap Roots: 0.1ms
[2021-11-12T15:21:30.865-0800][gc,phases   ] GC(192)   Evacuate Collection Set: 15.1ms
[2021-11-12T15:21:30.865-0800][gc,phases   ] GC(192)   Post Evacuate Collection Set: 1.0ms
[2021-11-12T15:21:30.865-0800][gc,phases   ] GC(192)   Other: 1.6ms
[2021-11-12T15:21:30.865-0800][gc,heap     ] GC(192) Eden regions: 46->0(102)
[2021-11-12T15:21:30.865-0800][gc,heap     ] GC(192) Survivor regions: 5->3(7)
[2021-11-12T15:21:30.865-0800][gc,heap     ] GC(192) Old regions: 84->86
[2021-11-12T15:21:30.865-0800][gc,heap     ] GC(192) Archive regions: 2->2
[2021-11-12T15:21:30.865-0800][gc,heap     ] GC(192) Humongous regions: 129->129
[2021-11-12T15:21:30.865-0800][gc,metaspace] GC(192) Metaspace: 41298K(41920K)->41298K(41920K) NonClass: 36443K(36800K)->36443K(36800K) Class: 4855K(5120K)->4855K(5120K)
[2021-11-12T15:21:30.865-0800][gc          ] GC(192) Pause Young (Normal) (G1 Evacuation Pause) 264M->218M(1024M) 18.358ms
[2021-11-12T15:21:30.865-0800][gc,cpu      ] GC(192) User=0.05s Sys=0.00s Real=0.02s
[2021-11-12T15:22:11.200-0800][gc,start    ] GC(193) Pause Young (Normal) (G1 Evacuation Pause)
[2021-11-12T15:22:11.201-0800][gc,task     ] GC(193) Using 8 workers of 8 for evacuation
[2021-11-12T15:22:11.212-0800][gc,phases   ] GC(193)   Pre Evacuate Collection Set: 0.3ms
[2021-11-12T15:22:11.212-0800][gc,phases   ] GC(193)   Merge Heap Roots: 0.1ms
[2021-11-12T15:22:11.212-0800][gc,phases   ] GC(193)   Evacuate Collection Set: 10.2ms
[2021-11-12T15:22:11.212-0800][gc,phases   ] GC(193)   Post Evacuate Collection Set: 0.5ms
[2021-11-12T15:22:11.213-0800][gc,phases   ] GC(193)   Other: 1.2ms
[2021-11-12T15:22:11.213-0800][gc,heap     ] GC(193) Eden regions: 98->0(133)
[2021-11-12T15:22:11.213-0800][gc,heap     ] GC(193) Survivor regions: 3->4(13)
[2021-11-12T15:22:11.213-0800][gc,heap     ] GC(193) Old regions: 86->86
[2021-11-12T15:22:11.213-0800][gc,heap     ] GC(193) Archive regions: 2->2
[2021-11-12T15:22:11.213-0800][gc,heap     ] GC(193) Humongous regions: 129->129
[2021-11-12T15:22:11.213-0800][gc,metaspace] GC(193) Metaspace: 41298K(41920K)->41298K(41920K) NonClass: 36443K(36800K)->36443K(36800K) Class: 4855K(5120K)->4855K(5120K)
[2021-11-12T15:22:11.213-0800][gc          ] GC(193) Pause Young (Normal) (G1 Evacuation Pause) 316M->219M(1024M) 12.581ms
[2021-11-12T15:22:11.213-0800][gc,cpu      ] GC(193) User=0.02s Sys=0.01s Real=0.01s
[2021-11-12T15:23:06.178-0800][gc,start    ] GC(194) Pause Young (Normal) (G1 Evacuation Pause)
[2021-11-12T15:23:06.179-0800][gc,task     ] GC(194) Using 8 workers of 8 for evacuation
[2021-11-12T15:23:06.206-0800][gc,mmu      ] GC(194) MMU target violated: 21.0ms (20.0ms/21.0ms)
[2021-11-12T15:23:06.206-0800][gc,phases   ] GC(194)   Pre Evacuate Collection Set: 1.2ms
[2021-11-12T15:23:06.206-0800][gc,phases   ] GC(194)   Merge Heap Roots: 0.2ms
[2021-11-12T15:23:06.206-0800][gc,phases   ] GC(194)   Evacuate Collection Set: 18.9ms
[2021-11-12T15:23:06.206-0800][gc,phases   ] GC(194)   Post Evacuate Collection Set: 6.0ms
[2021-11-12T15:23:06.206-0800][gc,phases   ] GC(194)   Other: 1.7ms
[2021-11-12T15:23:06.206-0800][gc,heap     ] GC(194) Eden regions: 133->0(65)
[2021-11-12T15:23:06.206-0800][gc,heap     ] GC(194) Survivor regions: 4->6(18)
[2021-11-12T15:23:06.206-0800][gc,heap     ] GC(194) Old regions: 86->86
[2021-11-12T15:23:06.206-0800][gc,heap     ] GC(194) Archive regions: 2->2
[2021-11-12T15:23:06.206-0800][gc,heap     ] GC(194) Humongous regions: 129->129
[2021-11-12T15:23:06.206-0800][gc,metaspace] GC(194) Metaspace: 41298K(41920K)->41298K(41920K) NonClass: 36443K(36800K)->36443K(36800K) Class: 4855K(5120K)->4855K(5120K)
[2021-11-12T15:23:06.207-0800][gc          ] GC(194) Pause Young (Normal) (G1 Evacuation Pause) 352M->221M(1024M) 28.138ms
[2021-11-12T15:23:06.207-0800][gc,cpu      ] GC(194) User=0.04s Sys=0.04s Real=0.03s
[2021-11-12T15:23:31.661-0800][gc,start    ] GC(195) Pause Young (Normal) (G1 Evacuation Pause)
[2021-11-12T15:23:31.662-0800][gc,task     ] GC(195) Using 8 workers of 8 for evacuation
[2021-11-12T15:23:31.680-0800][gc,phases   ] GC(195)   Pre Evacuate Collection Set: 0.3ms
[2021-11-12T15:23:31.680-0800][gc,phases   ] GC(195)   Merge Heap Roots: 0.3ms
[2021-11-12T15:23:31.680-0800][gc,phases   ] GC(195)   Evacuate Collection Set: 17.0ms
[2021-11-12T15:23:31.680-0800][gc,phases   ] GC(195)   Post Evacuate Collection Set: 0.7ms
[2021-11-12T15:23:31.680-0800][gc,phases   ] GC(195)   Other: 1.2ms
[2021-11-12T15:23:31.680-0800][gc,heap     ] GC(195) Eden regions: 65->0(43)
[2021-11-12T15:23:31.680-0800][gc,heap     ] GC(195) Survivor regions: 6->8(9)
[2021-11-12T15:23:31.680-0800][gc,heap     ] GC(195) Old regions: 86->87
[2021-11-12T15:23:31.680-0800][gc,heap     ] GC(195) Archive regions: 2->2
[2021-11-12T15:23:31.680-0800][gc,heap     ] GC(195) Humongous regions: 129->129
[2021-11-12T15:23:31.681-0800][gc,metaspace] GC(195) Metaspace: 41298K(41920K)->41298K(41920K) NonClass: 36443K(36800K)->36443K(36800K) Class: 4855K(5120K)->4855K(5120K)
[2021-11-12T15:23:31.681-0800][gc          ] GC(195) Pause Young (Normal) (G1 Evacuation Pause) 286M->223M(1024M) 19.880ms
[2021-11-12T15:23:31.681-0800][gc,cpu      ] GC(195) User=0.04s Sys=0.01s Real=0.02s
[2021-11-12T15:23:49.198-0800][gc,start    ] GC(196) Pause Young (Normal) (G1 Evacuation Pause)
[2021-11-12T15:23:49.198-0800][gc,task     ] GC(196) Using 8 workers of 8 for evacuation
[2021-11-12T15:23:49.217-0800][gc,phases   ] GC(196)   Pre Evacuate Collection Set: 0.3ms
[2021-11-12T15:23:49.217-0800][gc,phases   ] GC(196)   Merge Heap Roots: 0.1ms
[2021-11-12T15:23:49.217-0800][gc,phases   ] GC(196)   Evacuate Collection Set: 16.2ms
[2021-11-12T15:23:49.217-0800][gc,phases   ] GC(196)   Post Evacuate Collection Set: 2.3ms
[2021-11-12T15:23:49.217-0800][gc,phases   ] GC(196)   Other: 0.7ms
[2021-11-12T15:23:49.217-0800][gc,heap     ] GC(196) Eden regions: 43->0(198)
[2021-11-12T15:23:49.217-0800][gc,heap     ] GC(196) Survivor regions: 8->5(7)
[2021-11-12T15:23:49.217-0800][gc,heap     ] GC(196) Old regions: 87->91
[2021-11-12T15:23:49.218-0800][gc,heap     ] GC(196) Archive regions: 2->2
[2021-11-12T15:23:49.218-0800][gc,heap     ] GC(196) Humongous regions: 129->129
[2021-11-12T15:23:49.218-0800][gc,metaspace] GC(196) Metaspace: 41298K(41920K)->41298K(41920K) NonClass: 36443K(36800K)->36443K(36800K) Class: 4855K(5120K)->4855K(5120K)
[2021-11-12T15:23:49.218-0800][gc          ] GC(196) Pause Young (Normal) (G1 Evacuation Pause) 266M->224M(1024M) 20.012ms
[2021-11-12T15:23:49.218-0800][gc,cpu      ] GC(196) User=0.04s Sys=0.01s Real=0.02s
[2021-11-12T15:25:09.890-0800][gc,start    ] GC(197) Pause Young (Normal) (G1 Evacuation Pause)
[2021-11-12T15:25:09.891-0800][gc,task     ] GC(197) Using 8 workers of 8 for evacuation
[2021-11-12T15:25:09.912-0800][gc,mmu      ] GC(197) MMU target violated: 20.2ms (20.0ms/21.0ms)
[2021-11-12T15:25:09.912-0800][gc,phases   ] GC(197)   Pre Evacuate Collection Set: 0.8ms
[2021-11-12T15:25:09.912-0800][gc,phases   ] GC(197)   Merge Heap Roots: 0.2ms
[2021-11-12T15:25:09.912-0800][gc,phases   ] GC(197)   Evacuate Collection Set: 17.7ms
[2021-11-12T15:25:09.912-0800][gc,phases   ] GC(197)   Post Evacuate Collection Set: 1.5ms
[2021-11-12T15:25:09.912-0800][gc,phases   ] GC(197)   Other: 1.5ms
[2021-11-12T15:25:09.912-0800][gc,heap     ] GC(197) Eden regions: 195->0(253)
[2021-11-12T15:25:09.912-0800][gc,heap     ] GC(197) Survivor regions: 5->4(25)
[2021-11-12T15:25:09.912-0800][gc,heap     ] GC(197) Old regions: 91->91
[2021-11-12T15:25:09.912-0800][gc,heap     ] GC(197) Archive regions: 2->2
[2021-11-12T15:25:09.912-0800][gc,heap     ] GC(197) Humongous regions: 129->129
[2021-11-12T15:25:09.912-0800][gc,metaspace] GC(197) Metaspace: 41298K(41920K)->41298K(41920K) NonClass: 36443K(36800K)->36443K(36800K) Class: 4855K(5120K)->4855K(5120K)
[2021-11-12T15:25:09.912-0800][gc          ] GC(197) Pause Young (Normal) (G1 Evacuation Pause) 419M->223M(1024M) 21.948ms
[2021-11-12T15:25:09.912-0800][gc,cpu      ] GC(197) User=0.03s Sys=0.03s Real=0.02s
[2021-11-12T15:26:59.961-0800][gc,start    ] GC(198) Pause Young (Normal) (G1 Evacuation Pause)
[2021-11-12T15:26:59.963-0800][gc,task     ] GC(198) Using 8 workers of 8 for evacuation
[2021-11-12T15:27:00.019-0800][gc,mmu      ] GC(198) MMU target violated: 21.0ms (20.0ms/21.0ms)
[2021-11-12T15:27:00.019-0800][gc,phases   ] GC(198)   Pre Evacuate Collection Set: 11.6ms
[2021-11-12T15:27:00.019-0800][gc,phases   ] GC(198)   Merge Heap Roots: 0.6ms
[2021-11-12T15:27:00.019-0800][gc,phases   ] GC(198)   Evacuate Collection Set: 41.2ms
[2021-11-12T15:27:00.019-0800][gc,phases   ] GC(198)   Post Evacuate Collection Set: 2.1ms
[2021-11-12T15:27:00.019-0800][gc,phases   ] GC(198)   Other: 2.2ms
[2021-11-12T15:27:00.019-0800][gc,heap     ] GC(198) Eden regions: 253->0(126)
[2021-11-12T15:27:00.019-0800][gc,heap     ] GC(198) Survivor regions: 4->4(33)
[2021-11-12T15:27:00.019-0800][gc,heap     ] GC(198) Old regions: 91->91
[2021-11-12T15:27:00.019-0800][gc,heap     ] GC(198) Archive regions: 2->2
[2021-11-12T15:27:00.019-0800][gc,heap     ] GC(198) Humongous regions: 129->129
[2021-11-12T15:27:00.019-0800][gc,metaspace] GC(198) Metaspace: 41299K(41920K)->41299K(41920K) NonClass: 36443K(36800K)->36443K(36800K) Class: 4855K(5120K)->4855K(5120K)
[2021-11-12T15:27:00.019-0800][gc          ] GC(198) Pause Young (Normal) (G1 Evacuation Pause) 476M->223M(1024M) 57.765ms
[2021-11-12T15:27:00.019-0800][gc,cpu      ] GC(198) User=0.04s Sys=0.06s Real=0.05s
[2021-11-12T15:27:55.067-0800][gc,start    ] GC(199) Pause Young (Normal) (G1 Evacuation Pause)
[2021-11-12T15:27:55.068-0800][gc,task     ] GC(199) Using 8 workers of 8 for evacuation
[2021-11-12T15:27:55.093-0800][gc,mmu      ] GC(199) MMU target violated: 21.0ms (20.0ms/21.0ms)
[2021-11-12T15:27:55.093-0800][gc,phases   ] GC(199)   Pre Evacuate Collection Set: 1.1ms
[2021-11-12T15:27:55.093-0800][gc,phases   ] GC(199)   Merge Heap Roots: 0.6ms
[2021-11-12T15:27:55.093-0800][gc,phases   ] GC(199)   Evacuate Collection Set: 20.9ms
[2021-11-12T15:27:55.093-0800][gc,phases   ] GC(199)   Post Evacuate Collection Set: 1.6ms
[2021-11-12T15:27:55.093-0800][gc,phases   ] GC(199)   Other: 2.1ms
[2021-11-12T15:27:55.093-0800][gc,heap     ] GC(199) Eden regions: 126->0(148)
[2021-11-12T15:27:55.093-0800][gc,heap     ] GC(199) Survivor regions: 4->4(17)
[2021-11-12T15:27:55.093-0800][gc,heap     ] GC(199) Old regions: 91->91
[2021-11-12T15:27:55.093-0800][gc,heap     ] GC(199) Archive regions: 2->2
[2021-11-12T15:27:55.093-0800][gc,heap     ] GC(199) Humongous regions: 129->129
[2021-11-12T15:27:55.093-0800][gc,metaspace] GC(199) Metaspace: 41299K(41920K)->41299K(41920K) NonClass: 36443K(36800K)->36443K(36800K) Class: 4855K(5120K)->4855K(5120K)
[2021-11-12T15:27:55.093-0800][gc          ] GC(199) Pause Young (Normal) (G1 Evacuation Pause) 349M->223M(1024M) 26.296ms
[2021-11-12T15:27:55.093-0800][gc,cpu      ] GC(199) User=0.03s Sys=0.05s Real=0.03s
[2021-11-12T15:28:52.363-0800][gc,start    ] GC(200) Pause Young (Normal) (G1 Evacuation Pause)
[2021-11-12T15:28:52.364-0800][gc,task     ] GC(200) Using 8 workers of 8 for evacuation
[2021-11-12T15:28:52.391-0800][gc,mmu      ] GC(200) MMU target violated: 21.0ms (20.0ms/21.0ms)
[2021-11-12T15:28:52.392-0800][gc,phases   ] GC(200)   Pre Evacuate Collection Set: 1.1ms
[2021-11-12T15:28:52.392-0800][gc,phases   ] GC(200)   Merge Heap Roots: 0.4ms
[2021-11-12T15:28:52.392-0800][gc,phases   ] GC(200)   Evacuate Collection Set: 23.6ms
[2021-11-12T15:28:52.392-0800][gc,phases   ] GC(200)   Post Evacuate Collection Set: 1.6ms
[2021-11-12T15:28:52.392-0800][gc,phases   ] GC(200)   Other: 2.2ms
[2021-11-12T15:28:52.392-0800][gc,heap     ] GC(200) Eden regions: 131->0(94)
[2021-11-12T15:28:52.392-0800][gc,heap     ] GC(200) Survivor regions: 4->5(17)
[2021-11-12T15:28:52.392-0800][gc,heap     ] GC(200) Old regions: 91->91
[2021-11-12T15:28:52.392-0800][gc,heap     ] GC(200) Archive regions: 2->2
[2021-11-12T15:28:52.392-0800][gc,heap     ] GC(200) Humongous regions: 129->129
[2021-11-12T15:28:52.392-0800][gc,metaspace] GC(200) Metaspace: 41299K(41920K)->41299K(41920K) NonClass: 36443K(36800K)->36443K(36800K) Class: 4855K(5120K)->4855K(5120K)
[2021-11-12T15:28:52.392-0800][gc          ] GC(200) Pause Young (Normal) (G1 Evacuation Pause) 354M->224M(1024M) 28.895ms
[2021-11-12T15:28:52.392-0800][gc,cpu      ] GC(200) User=0.04s Sys=0.06s Real=0.03s
[2021-11-12T15:29:20.042-0800][gc,start    ] GC(201) Pause Young (Normal) (G1 Evacuation Pause)
[2021-11-12T15:29:20.043-0800][gc,task     ] GC(201) Using 8 workers of 8 for evacuation
[2021-11-12T15:29:20.062-0800][gc,phases   ] GC(201)   Pre Evacuate Collection Set: 0.8ms
[2021-11-12T15:29:20.062-0800][gc,phases   ] GC(201)   Merge Heap Roots: 0.3ms
[2021-11-12T15:29:20.062-0800][gc,phases   ] GC(201)   Evacuate Collection Set: 16.7ms
[2021-11-12T15:29:20.062-0800][gc,phases   ] GC(201)   Post Evacuate Collection Set: 0.7ms
[2021-11-12T15:29:20.062-0800][gc,phases   ] GC(201)   Other: 1.8ms
[2021-11-12T15:29:20.062-0800][gc,heap     ] GC(201) Eden regions: 66->0(171)
[2021-11-12T15:29:20.062-0800][gc,heap     ] GC(201) Survivor regions: 5->5(9)
[2021-11-12T15:29:20.062-0800][gc,heap     ] GC(201) Old regions: 91->91
[2021-11-12T15:29:20.062-0800][gc,heap     ] GC(201) Archive regions: 2->2
[2021-11-12T15:29:20.062-0800][gc,heap     ] GC(201) Humongous regions: 129->129
[2021-11-12T15:29:20.062-0800][gc,metaspace] GC(201) Metaspace: 41299K(41920K)->41299K(41920K) NonClass: 36443K(36800K)->36443K(36800K) Class: 4855K(5120K)->4855K(5120K)
[2021-11-12T15:29:20.062-0800][gc          ] GC(201) Pause Young (Normal) (G1 Evacuation Pause) 290M->224M(1024M) 20.463ms
[2021-11-12T15:29:20.062-0800][gc,cpu      ] GC(201) User=0.05s Sys=0.02s Real=0.02s
[2021-11-12T15:30:30.638-0800][gc,start    ] GC(202) Pause Young (Normal) (G1 Evacuation Pause)
[2021-11-12T15:30:30.638-0800][gc,task     ] GC(202) Using 8 workers of 8 for evacuation
[2021-11-12T15:30:30.663-0800][gc,mmu      ] GC(202) MMU target violated: 21.0ms (20.0ms/21.0ms)
[2021-11-12T15:30:30.663-0800][gc,phases   ] GC(202)   Pre Evacuate Collection Set: 0.7ms
[2021-11-12T15:30:30.663-0800][gc,phases   ] GC(202)   Merge Heap Roots: 0.2ms
[2021-11-12T15:30:30.663-0800][gc,phases   ] GC(202)   Evacuate Collection Set: 22.1ms
[2021-11-12T15:30:30.663-0800][gc,phases   ] GC(202)   Post Evacuate Collection Set: 1.3ms
[2021-11-12T15:30:30.663-0800][gc,phases   ] GC(202)   Other: 0.9ms
[2021-11-12T15:30:30.663-0800][gc,heap     ] GC(202) Eden regions: 171->0(259)
[2021-11-12T15:30:30.663-0800][gc,heap     ] GC(202) Survivor regions: 5->4(22)
[2021-11-12T15:30:30.663-0800][gc,heap     ] GC(202) Old regions: 91->91
[2021-11-12T15:30:30.663-0800][gc,heap     ] GC(202) Archive regions: 2->2
[2021-11-12T15:30:30.663-0800][gc,heap     ] GC(202) Humongous regions: 129->129
[2021-11-12T15:30:30.663-0800][gc,metaspace] GC(202) Metaspace: 41299K(41920K)->41299K(41920K) NonClass: 36443K(36800K)->36443K(36800K) Class: 4855K(5120K)->4855K(5120K)
[2021-11-12T15:30:30.663-0800][gc          ] GC(202) Pause Young (Normal) (G1 Evacuation Pause) 395M->223M(1024M) 25.360ms
[2021-11-12T15:30:30.663-0800][gc,cpu      ] GC(202) User=0.03s Sys=0.03s Real=0.03s
[2021-11-12T15:32:18.138-0800][gc,start    ] GC(203) Pause Young (Normal) (G1 Evacuation Pause)
[2021-11-12T15:32:18.140-0800][gc,task     ] GC(203) Using 8 workers of 8 for evacuation
[2021-11-12T15:32:18.166-0800][gc,mmu      ] GC(203) MMU target violated: 21.0ms (20.0ms/21.0ms)
[2021-11-12T15:32:18.166-0800][gc,phases   ] GC(203)   Pre Evacuate Collection Set: 1.5ms
[2021-11-12T15:32:18.166-0800][gc,phases   ] GC(203)   Merge Heap Roots: 0.5ms
[2021-11-12T15:32:18.166-0800][gc,phases   ] GC(203)   Evacuate Collection Set: 21.0ms
[2021-11-12T15:32:18.166-0800][gc,phases   ] GC(203)   Post Evacuate Collection Set: 2.3ms
[2021-11-12T15:32:18.166-0800][gc,phases   ] GC(203)   Other: 2.3ms
[2021-11-12T15:32:18.166-0800][gc,heap     ] GC(203) Eden regions: 259->0(199)
[2021-11-12T15:32:18.166-0800][gc,heap     ] GC(203) Survivor regions: 4->5(33)
[2021-11-12T15:32:18.166-0800][gc,heap     ] GC(203) Old regions: 91->91
[2021-11-12T15:32:18.166-0800][gc,heap     ] GC(203) Archive regions: 2->2
[2021-11-12T15:32:18.166-0800][gc,heap     ] GC(203) Humongous regions: 129->129
[2021-11-12T15:32:18.166-0800][gc,metaspace] GC(203) Metaspace: 41299K(41920K)->41299K(41920K) NonClass: 36443K(36800K)->36443K(36800K) Class: 4855K(5120K)->4855K(5120K)
[2021-11-12T15:32:18.166-0800][gc          ] GC(203) Pause Young (Normal) (G1 Evacuation Pause) 482M->224M(1024M) 27.839ms
[2021-11-12T15:32:18.166-0800][gc,cpu      ] GC(203) User=0.04s Sys=0.05s Real=0.03s
[2021-11-12T15:33:22.150-0800][gc,start    ] GC(204) Pause Young (Normal) (G1 Evacuation Pause)
[2021-11-12T15:33:22.151-0800][gc,task     ] GC(204) Using 8 workers of 8 for evacuation
[2021-11-12T15:33:22.173-0800][gc,mmu      ] GC(204) MMU target violated: 21.0ms (20.0ms/21.0ms)
[2021-11-12T15:33:22.173-0800][gc,phases   ] GC(204)   Pre Evacuate Collection Set: 0.8ms
[2021-11-12T15:33:22.173-0800][gc,phases   ] GC(204)   Merge Heap Roots: 0.3ms
[2021-11-12T15:33:22.173-0800][gc,phases   ] GC(204)   Evacuate Collection Set: 18.6ms
[2021-11-12T15:33:22.173-0800][gc,phases   ] GC(204)   Post Evacuate Collection Set: 1.9ms
[2021-11-12T15:33:22.173-0800][gc,phases   ] GC(204)   Other: 1.1ms
[2021-11-12T15:33:22.173-0800][gc,heap     ] GC(204) Eden regions: 155->0(248)
[2021-11-12T15:33:22.173-0800][gc,heap     ] GC(204) Survivor regions: 5->5(20)
[2021-11-12T15:33:22.173-0800][gc,heap     ] GC(204) Old regions: 91->91
[2021-11-12T15:33:22.173-0800][gc,heap     ] GC(204) Archive regions: 2->2
[2021-11-12T15:33:22.173-0800][gc,heap     ] GC(204) Humongous regions: 129->129
[2021-11-12T15:33:22.173-0800][gc,metaspace] GC(204) Metaspace: 41299K(41920K)->41299K(41920K) NonClass: 36443K(36800K)->36443K(36800K) Class: 4855K(5120K)->4855K(5120K)
[2021-11-12T15:33:22.173-0800][gc          ] GC(204) Pause Young (Normal) (G1 Evacuation Pause) 379M->224M(1024M) 22.776ms
[2021-11-12T15:33:22.173-0800][gc,cpu      ] GC(204) User=0.03s Sys=0.04s Real=0.02s
[2021-11-12T15:35:04.708-0800][gc,start    ] GC(205) Pause Young (Normal) (G1 Evacuation Pause)
[2021-11-12T15:35:04.708-0800][gc,task     ] GC(205) Using 8 workers of 8 for evacuation
[2021-11-12T15:35:04.756-0800][gc,mmu      ] GC(205) MMU target violated: 21.0ms (20.0ms/21.0ms)
[2021-11-12T15:35:04.757-0800][gc,phases   ] GC(205)   Pre Evacuate Collection Set: 1.4ms
[2021-11-12T15:35:04.757-0800][gc,phases   ] GC(205)   Merge Heap Roots: 0.4ms
[2021-11-12T15:35:04.757-0800][gc,phases   ] GC(205)   Evacuate Collection Set: 44.4ms
[2021-11-12T15:35:04.757-0800][gc,phases   ] GC(205)   Post Evacuate Collection Set: 1.7ms
[2021-11-12T15:35:04.757-0800][gc,phases   ] GC(205)   Other: 1.3ms
[2021-11-12T15:35:04.757-0800][gc,heap     ] GC(205) Eden regions: 248->0(55)
[2021-11-12T15:35:04.757-0800][gc,heap     ] GC(205) Survivor regions: 5->5(32)
[2021-11-12T15:35:04.757-0800][gc,heap     ] GC(205) Old regions: 91->91
[2021-11-12T15:35:04.757-0800][gc,heap     ] GC(205) Archive regions: 2->2
[2021-11-12T15:35:04.757-0800][gc,heap     ] GC(205) Humongous regions: 129->129
[2021-11-12T15:35:04.757-0800][gc,metaspace] GC(205) Metaspace: 41299K(41920K)->41299K(41920K) NonClass: 36443K(36800K)->36443K(36800K) Class: 4855K(5120K)->4855K(5120K)
[2021-11-12T15:35:04.757-0800][gc          ] GC(205) Pause Young (Normal) (G1 Evacuation Pause) 472M->224M(1024M) 49.231ms
[2021-11-12T15:35:04.757-0800][gc,cpu      ] GC(205) User=0.04s Sys=0.05s Real=0.05s
[2021-11-12T15:35:23.511-0800][gc,start    ] GC(206) Pause Young (Normal) (G1 Evacuation Pause)
[2021-11-12T15:35:23.512-0800][gc,task     ] GC(206) Using 8 workers of 8 for evacuation
[2021-11-12T15:35:23.530-0800][gc,phases   ] GC(206)   Pre Evacuate Collection Set: 0.5ms
[2021-11-12T15:35:23.530-0800][gc,phases   ] GC(206)   Merge Heap Roots: 0.2ms
[2021-11-12T15:35:23.530-0800][gc,phases   ] GC(206)   Evacuate Collection Set: 15.4ms
[2021-11-12T15:35:23.530-0800][gc,phases   ] GC(206)   Post Evacuate Collection Set: 1.3ms
[2021-11-12T15:35:23.530-0800][gc,phases   ] GC(206)   Other: 1.6ms
[2021-11-12T15:35:23.530-0800][gc,heap     ] GC(206) Eden regions: 46->0(221)
[2021-11-12T15:35:23.530-0800][gc,heap     ] GC(206) Survivor regions: 5->4(7)
[2021-11-12T15:35:23.530-0800][gc,heap     ] GC(206) Old regions: 91->92
[2021-11-12T15:35:23.530-0800][gc,heap     ] GC(206) Archive regions: 2->2
[2021-11-12T15:35:23.530-0800][gc,heap     ] GC(206) Humongous regions: 129->129
[2021-11-12T15:35:23.530-0800][gc,metaspace] GC(206) Metaspace: 41299K(41920K)->41299K(41920K) NonClass: 36443K(36800K)->36443K(36800K) Class: 4855K(5120K)->4855K(5120K)
[2021-11-12T15:35:23.530-0800][gc          ] GC(206) Pause Young (Normal) (G1 Evacuation Pause) 270M->225M(1024M) 19.466ms
[2021-11-12T15:35:23.530-0800][gc,cpu      ] GC(206) User=0.04s Sys=0.02s Real=0.02s
[2021-11-12T15:36:55.294-0800][gc,start    ] GC(207) Pause Young (Normal) (G1 Evacuation Pause)
[2021-11-12T15:36:55.295-0800][gc,task     ] GC(207) Using 8 workers of 8 for evacuation
[2021-11-12T15:36:55.326-0800][gc,mmu      ] GC(207) MMU target violated: 21.0ms (20.0ms/21.0ms)
[2021-11-12T15:36:55.326-0800][gc,phases   ] GC(207)   Pre Evacuate Collection Set: 0.7ms
[2021-11-12T15:36:55.326-0800][gc,phases   ] GC(207)   Merge Heap Roots: 0.2ms
[2021-11-12T15:36:55.326-0800][gc,phases   ] GC(207)   Evacuate Collection Set: 25.7ms
[2021-11-12T15:36:55.326-0800][gc,phases   ] GC(207)   Post Evacuate Collection Set: 4.7ms
[2021-11-12T15:36:55.327-0800][gc,phases   ] GC(207)   Other: 1.2ms
[2021-11-12T15:36:55.327-0800][gc,heap     ] GC(207) Eden regions: 221->0(232)
[2021-11-12T15:36:55.327-0800][gc,heap     ] GC(207) Survivor regions: 4->4(29)
[2021-11-12T15:36:55.327-0800][gc,heap     ] GC(207) Old regions: 92->92
[2021-11-12T15:36:55.327-0800][gc,heap     ] GC(207) Archive regions: 2->2
[2021-11-12T15:36:55.327-0800][gc,heap     ] GC(207) Humongous regions: 129->129
[2021-11-12T15:36:55.327-0800][gc,metaspace] GC(207) Metaspace: 41299K(41920K)->41299K(41920K) NonClass: 36443K(36800K)->36443K(36800K) Class: 4855K(5120K)->4855K(5120K)
[2021-11-12T15:36:55.327-0800][gc          ] GC(207) Pause Young (Normal) (G1 Evacuation Pause) 446M->224M(1024M) 32.610ms
[2021-11-12T15:36:55.327-0800][gc,cpu      ] GC(207) User=0.02s Sys=0.03s Real=0.03s
[2021-11-12T15:38:31.508-0800][gc,start    ] GC(208) Pause Young (Normal) (G1 Evacuation Pause)
[2021-11-12T15:38:31.508-0800][gc,task     ] GC(208) Using 8 workers of 8 for evacuation
[2021-11-12T15:38:31.533-0800][gc,mmu      ] GC(208) MMU target violated: 21.0ms (20.0ms/21.0ms)
[2021-11-12T15:38:31.533-0800][gc,phases   ] GC(208)   Pre Evacuate Collection Set: 1.6ms
[2021-11-12T15:38:31.533-0800][gc,phases   ] GC(208)   Merge Heap Roots: 0.4ms
[2021-11-12T15:38:31.533-0800][gc,phases   ] GC(208)   Evacuate Collection Set: 20.2ms
[2021-11-12T15:38:31.533-0800][gc,phases   ] GC(208)   Post Evacuate Collection Set: 1.5ms
[2021-11-12T15:38:31.533-0800][gc,phases   ] GC(208)   Other: 1.8ms
[2021-11-12T15:38:31.533-0800][gc,heap     ] GC(208) Eden regions: 232->0(302)
[2021-11-12T15:38:31.533-0800][gc,heap     ] GC(208) Survivor regions: 4->4(30)
[2021-11-12T15:38:31.533-0800][gc,heap     ] GC(208) Old regions: 92->92
[2021-11-12T15:38:31.533-0800][gc,heap     ] GC(208) Archive regions: 2->2
[2021-11-12T15:38:31.533-0800][gc,heap     ] GC(208) Humongous regions: 129->129
[2021-11-12T15:38:31.533-0800][gc,metaspace] GC(208) Metaspace: 41299K(41920K)->41299K(41920K) NonClass: 36443K(36800K)->36443K(36800K) Class: 4855K(5120K)->4855K(5120K)
[2021-11-12T15:38:31.533-0800][gc          ] GC(208) Pause Young (Normal) (G1 Evacuation Pause) 456M->225M(1024M) 25.449ms
[2021-11-12T15:38:31.533-0800][gc,cpu      ] GC(208) User=0.03s Sys=0.04s Real=0.03s
[2021-11-12T15:40:36.476-0800][gc,start    ] GC(209) Pause Young (Normal) (G1 Evacuation Pause)
[2021-11-12T15:40:36.477-0800][gc,task     ] GC(209) Using 8 workers of 8 for evacuation
[2021-11-12T15:40:36.498-0800][gc,mmu      ] GC(209) MMU target violated: 21.0ms (20.0ms/21.0ms)
[2021-11-12T15:40:36.498-0800][gc,phases   ] GC(209)   Pre Evacuate Collection Set: 1.1ms
[2021-11-12T15:40:36.499-0800][gc,phases   ] GC(209)   Merge Heap Roots: 0.4ms
[2021-11-12T15:40:36.499-0800][gc,phases   ] GC(209)   Evacuate Collection Set: 18.5ms
[2021-11-12T15:40:36.499-0800][gc,phases   ] GC(209)   Post Evacuate Collection Set: 1.3ms
[2021-11-12T15:40:36.499-0800][gc,phases   ] GC(209)   Other: 1.8ms
[2021-11-12T15:40:36.499-0800][gc,heap     ] GC(209) Eden regions: 302->0(351)
[2021-11-12T15:40:36.499-0800][gc,heap     ] GC(209) Survivor regions: 4->5(39)
[2021-11-12T15:40:36.499-0800][gc,heap     ] GC(209) Old regions: 92->92
[2021-11-12T15:40:36.499-0800][gc,heap     ] GC(209) Archive regions: 2->2
[2021-11-12T15:40:36.499-0800][gc,heap     ] GC(209) Humongous regions: 129->129
[2021-11-12T15:40:36.499-0800][gc,metaspace] GC(209) Metaspace: 41299K(41920K)->41299K(41920K) NonClass: 36443K(36800K)->36443K(36800K) Class: 4855K(5120K)->4855K(5120K)
[2021-11-12T15:40:36.499-0800][gc          ] GC(209) Pause Young (Normal) (G1 Evacuation Pause) 527M->225M(1024M) 23.123ms
[2021-11-12T15:40:36.499-0800][gc,cpu      ] GC(209) User=0.04s Sys=0.03s Real=0.02s
[2021-11-12T15:43:01.847-0800][gc,start    ] GC(210) Pause Young (Normal) (G1 Evacuation Pause)
[2021-11-12T15:43:01.848-0800][gc,task     ] GC(210) Using 8 workers of 8 for evacuation
[2021-11-12T15:43:01.873-0800][gc,mmu      ] GC(210) MMU target violated: 21.0ms (20.0ms/21.0ms)
[2021-11-12T15:43:01.873-0800][gc,phases   ] GC(210)   Pre Evacuate Collection Set: 1.2ms
[2021-11-12T15:43:01.873-0800][gc,phases   ] GC(210)   Merge Heap Roots: 0.3ms
[2021-11-12T15:43:01.873-0800][gc,phases   ] GC(210)   Evacuate Collection Set: 20.8ms
[2021-11-12T15:43:01.873-0800][gc,phases   ] GC(210)   Post Evacuate Collection Set: 1.7ms
[2021-11-12T15:43:01.873-0800][gc,phases   ] GC(210)   Other: 2.3ms
[2021-11-12T15:43:01.873-0800][gc,heap     ] GC(210) Eden regions: 351->0(480)
[2021-11-12T15:43:01.873-0800][gc,heap     ] GC(210) Survivor regions: 5->5(45)
[2021-11-12T15:43:01.873-0800][gc,heap     ] GC(210) Old regions: 92->92
[2021-11-12T15:43:01.873-0800][gc,heap     ] GC(210) Archive regions: 2->2
[2021-11-12T15:43:01.873-0800][gc,heap     ] GC(210) Humongous regions: 129->129
[2021-11-12T15:43:01.873-0800][gc,metaspace] GC(210) Metaspace: 41299K(41920K)->41299K(41920K) NonClass: 36443K(36800K)->36443K(36800K) Class: 4855K(5120K)->4855K(5120K)
[2021-11-12T15:43:01.873-0800][gc          ] GC(210) Pause Young (Normal) (G1 Evacuation Pause) 576M->225M(1024M) 26.718ms
[2021-11-12T15:43:01.873-0800][gc,cpu      ] GC(210) User=0.04s Sys=0.04s Real=0.03s
[2021-11-12T19:47:42.889-0800][gc,start    ] GC(211) Pause Young (Normal) (G1 Evacuation Pause)
[2021-11-12T19:47:42.890-0800][gc,task     ] GC(211) Using 8 workers of 8 for evacuation
[2021-11-12T19:47:42.945-0800][gc,mmu      ] GC(211) MMU target violated: 21.0ms (20.0ms/21.0ms)
[2021-11-12T19:47:42.945-0800][gc,phases   ] GC(211)   Pre Evacuate Collection Set: 1.0ms
[2021-11-12T19:47:42.945-0800][gc,phases   ] GC(211)   Merge Heap Roots: 0.4ms
[2021-11-12T19:47:42.945-0800][gc,phases   ] GC(211)   Evacuate Collection Set: 50.8ms
[2021-11-12T19:47:42.945-0800][gc,phases   ] GC(211)   Post Evacuate Collection Set: 3.1ms
[2021-11-12T19:47:42.945-0800][gc,phases   ] GC(211)   Other: 1.2ms
[2021-11-12T19:47:42.945-0800][gc,heap     ] GC(211) Eden regions: 480->0(44)
[2021-11-12T19:47:42.945-0800][gc,heap     ] GC(211) Survivor regions: 5->7(61)
[2021-11-12T19:47:42.945-0800][gc,heap     ] GC(211) Old regions: 92->92
[2021-11-12T19:47:42.945-0800][gc,heap     ] GC(211) Archive regions: 2->2
[2021-11-12T19:47:42.945-0800][gc,heap     ] GC(211) Humongous regions: 129->129
[2021-11-12T19:47:42.945-0800][gc,metaspace] GC(211) Metaspace: 41305K(41920K)->41305K(41920K) NonClass: 36450K(36800K)->36450K(36800K) Class: 4855K(5120K)->4855K(5120K)
[2021-11-12T19:47:42.945-0800][gc          ] GC(211) Pause Young (Normal) (G1 Evacuation Pause) 705M->227M(1024M) 56.557ms
[2021-11-12T19:47:42.945-0800][gc,cpu      ] GC(211) User=0.07s Sys=0.06s Real=0.06s
[2021-11-12T19:48:00.434-0800][gc,start    ] GC(212) Pause Young (Normal) (G1 Evacuation Pause)
[2021-11-12T19:48:00.435-0800][gc,task     ] GC(212) Using 8 workers of 8 for evacuation
[2021-11-12T19:48:00.451-0800][gc,phases   ] GC(212)   Pre Evacuate Collection Set: 0.3ms
[2021-11-12T19:48:00.451-0800][gc,phases   ] GC(212)   Merge Heap Roots: 0.1ms
[2021-11-12T19:48:00.451-0800][gc,phases   ] GC(212)   Evacuate Collection Set: 13.7ms
[2021-11-12T19:48:00.451-0800][gc,phases   ] GC(212)   Post Evacuate Collection Set: 0.8ms
[2021-11-12T19:48:00.451-0800][gc,phases   ] GC(212)   Other: 1.5ms
[2021-11-12T19:48:00.451-0800][gc,heap     ] GC(212) Eden regions: 44->0(382)
[2021-11-12T19:48:00.451-0800][gc,heap     ] GC(212) Survivor regions: 7->2(7)
[2021-11-12T19:48:00.451-0800][gc,heap     ] GC(212) Old regions: 92->96
[2021-11-12T19:48:00.451-0800][gc,heap     ] GC(212) Archive regions: 2->2
[2021-11-12T19:48:00.451-0800][gc,heap     ] GC(212) Humongous regions: 129->129
[2021-11-12T19:48:00.451-0800][gc,metaspace] GC(212) Metaspace: 41305K(41920K)->41305K(41920K) NonClass: 36450K(36800K)->36450K(36800K) Class: 4855K(5120K)->4855K(5120K)
[2021-11-12T19:48:00.451-0800][gc          ] GC(212) Pause Young (Normal) (G1 Evacuation Pause) 271M->227M(1024M) 16.920ms
[2021-11-12T19:48:00.451-0800][gc,cpu      ] GC(212) User=0.04s Sys=0.01s Real=0.02s
[2021-11-12T19:50:42.433-0800][gc,start    ] GC(213) Pause Young (Normal) (G1 Evacuation Pause)
[2021-11-12T19:50:42.433-0800][gc,task     ] GC(213) Using 8 workers of 8 for evacuation
[2021-11-12T19:50:42.452-0800][gc,phases   ] GC(213)   Pre Evacuate Collection Set: 0.4ms
[2021-11-12T19:50:42.452-0800][gc,phases   ] GC(213)   Merge Heap Roots: 0.1ms
[2021-11-12T19:50:42.453-0800][gc,phases   ] GC(213)   Evacuate Collection Set: 17.5ms
[2021-11-12T19:50:42.453-0800][gc,phases   ] GC(213)   Post Evacuate Collection Set: 0.7ms
[2021-11-12T19:50:42.453-0800][gc,phases   ] GC(213)   Other: 0.8ms
[2021-11-12T19:50:42.453-0800][gc,heap     ] GC(213) Eden regions: 382->0(209)
[2021-11-12T19:50:42.453-0800][gc,heap     ] GC(213) Survivor regions: 2->7(48)
[2021-11-12T19:50:42.453-0800][gc,heap     ] GC(213) Old regions: 96->96
[2021-11-12T19:50:42.453-0800][gc,heap     ] GC(213) Archive regions: 2->2
[2021-11-12T19:50:42.453-0800][gc,heap     ] GC(213) Humongous regions: 129->129
[2021-11-12T19:50:42.453-0800][gc,metaspace] GC(213) Metaspace: 41305K(41920K)->41305K(41920K) NonClass: 36450K(36800K)->36450K(36800K) Class: 4855K(5120K)->4855K(5120K)
[2021-11-12T19:50:42.453-0800][gc          ] GC(213) Pause Young (Normal) (G1 Evacuation Pause) 609M->232M(1024M) 19.720ms
[2021-11-12T19:50:42.453-0800][gc,cpu      ] GC(213) User=0.05s Sys=0.01s Real=0.02s
[2021-11-12T19:52:13.912-0800][gc,start    ] GC(214) Pause Young (Normal) (G1 Evacuation Pause)
[2021-11-12T19:52:13.913-0800][gc,task     ] GC(214) Using 8 workers of 8 for evacuation
[2021-11-12T19:52:13.929-0800][gc,phases   ] GC(214)   Pre Evacuate Collection Set: 0.2ms
[2021-11-12T19:52:13.929-0800][gc,phases   ] GC(214)   Merge Heap Roots: 0.1ms
[2021-11-12T19:52:13.929-0800][gc,phases   ] GC(214)   Evacuate Collection Set: 14.5ms
[2021-11-12T19:52:13.929-0800][gc,phases   ] GC(214)   Post Evacuate Collection Set: 1.0ms
[2021-11-12T19:52:13.929-0800][gc,phases   ] GC(214)   Other: 1.1ms
[2021-11-12T19:52:13.929-0800][gc,heap     ] GC(214) Eden regions: 209->0(40)
[2021-11-12T19:52:13.929-0800][gc,heap     ] GC(214) Survivor regions: 7->11(27)
[2021-11-12T19:52:13.929-0800][gc,heap     ] GC(214) Old regions: 96->96
[2021-11-12T19:52:13.929-0800][gc,heap     ] GC(214) Archive regions: 2->2
[2021-11-12T19:52:13.929-0800][gc,heap     ] GC(214) Humongous regions: 129->129
[2021-11-12T19:52:13.929-0800][gc,metaspace] GC(214) Metaspace: 41305K(41920K)->41305K(41920K) NonClass: 36450K(36800K)->36450K(36800K) Class: 4855K(5120K)->4855K(5120K)
[2021-11-12T19:52:13.929-0800][gc          ] GC(214) Pause Young (Normal) (G1 Evacuation Pause) 441M->235M(1024M) 17.081ms
[2021-11-12T19:52:13.929-0800][gc,cpu      ] GC(214) User=0.04s Sys=0.00s Real=0.01s
[2021-11-12T19:52:31.143-0800][gc,start    ] GC(215) Pause Young (Normal) (G1 Evacuation Pause)
[2021-11-12T19:52:31.143-0800][gc,task     ] GC(215) Using 8 workers of 8 for evacuation
[2021-11-12T19:52:31.164-0800][gc,mmu      ] GC(215) MMU target violated: 21.0ms (20.0ms/21.0ms)
[2021-11-12T19:52:31.165-0800][gc,phases   ] GC(215)   Pre Evacuate Collection Set: 0.4ms
[2021-11-12T19:52:31.165-0800][gc,phases   ] GC(215)   Merge Heap Roots: 0.1ms
[2021-11-12T19:52:31.165-0800][gc,phases   ] GC(215)   Evacuate Collection Set: 19.9ms
[2021-11-12T19:52:31.165-0800][gc,phases   ] GC(215)   Post Evacuate Collection Set: 1.2ms
[2021-11-12T19:52:31.165-0800][gc,phases   ] GC(215)   Other: 0.6ms
[2021-11-12T19:52:31.165-0800][gc,heap     ] GC(215) Eden regions: 40->0(448)
[2021-11-12T19:52:31.165-0800][gc,heap     ] GC(215) Survivor regions: 11->2(7)
[2021-11-12T19:52:31.165-0800][gc,heap     ] GC(215) Old regions: 96->104
[2021-11-12T19:52:31.165-0800][gc,heap     ] GC(215) Archive regions: 2->2
[2021-11-12T19:52:31.165-0800][gc,heap     ] GC(215) Humongous regions: 129->129
[2021-11-12T19:52:31.165-0800][gc,metaspace] GC(215) Metaspace: 41305K(41920K)->41305K(41920K) NonClass: 36450K(36800K)->36450K(36800K) Class: 4855K(5120K)->4855K(5120K)
[2021-11-12T19:52:31.165-0800][gc          ] GC(215) Pause Young (Normal) (G1 Evacuation Pause) 275M->235M(1024M) 22.367ms
[2021-11-12T19:52:31.165-0800][gc,cpu      ] GC(215) User=0.07s Sys=0.01s Real=0.02s
[2021-11-12T19:55:42.303-0800][gc,start    ] GC(216) Pause Young (Normal) (G1 Evacuation Pause)
[2021-11-12T19:55:42.304-0800][gc,task     ] GC(216) Using 8 workers of 8 for evacuation
[2021-11-12T19:55:42.322-0800][gc,phases   ] GC(216)   Pre Evacuate Collection Set: 0.5ms
[2021-11-12T19:55:42.322-0800][gc,phases   ] GC(216)   Merge Heap Roots: 0.3ms
[2021-11-12T19:55:42.322-0800][gc,phases   ] GC(216)   Evacuate Collection Set: 16.1ms
[2021-11-12T19:55:42.322-0800][gc,phases   ] GC(216)   Post Evacuate Collection Set: 0.8ms
[2021-11-12T19:55:42.322-0800][gc,phases   ] GC(216)   Other: 1.6ms
[2021-11-12T19:55:42.322-0800][gc,heap     ] GC(216) Eden regions: 440->0(378)
[2021-11-12T19:55:42.322-0800][gc,heap     ] GC(216) Survivor regions: 2->6(56)
[2021-11-12T19:55:42.322-0800][gc,heap     ] GC(216) Old regions: 104->104
[2021-11-12T19:55:42.322-0800][gc,heap     ] GC(216) Archive regions: 2->2
[2021-11-12T19:55:42.322-0800][gc,heap     ] GC(216) Humongous regions: 129->129
[2021-11-12T19:55:42.322-0800][gc,metaspace] GC(216) Metaspace: 41305K(41920K)->41305K(41920K) NonClass: 36450K(36800K)->36450K(36800K) Class: 4855K(5120K)->4855K(5120K)
[2021-11-12T19:55:42.322-0800][gc          ] GC(216) Pause Young (Normal) (G1 Evacuation Pause) 675M->238M(1024M) 19.444ms
[2021-11-12T19:55:42.322-0800][gc,cpu      ] GC(216) User=0.05s Sys=0.01s Real=0.02s
[2021-11-12T19:58:21.303-0800][gc,start    ] GC(217) Pause Young (Normal) (G1 Evacuation Pause)
[2021-11-12T19:58:21.304-0800][gc,task     ] GC(217) Using 8 workers of 8 for evacuation
[2021-11-12T19:58:21.324-0800][gc,mmu      ] GC(217) MMU target violated: 20.1ms (20.0ms/21.0ms)
[2021-11-12T19:58:21.325-0800][gc,phases   ] GC(217)   Pre Evacuate Collection Set: 0.5ms
[2021-11-12T19:58:21.325-0800][gc,phases   ] GC(217)   Merge Heap Roots: 0.2ms
[2021-11-12T19:58:21.325-0800][gc,phases   ] GC(217)   Evacuate Collection Set: 18.7ms
[2021-11-12T19:58:21.325-0800][gc,phases   ] GC(217)   Post Evacuate Collection Set: 0.7ms
[2021-11-12T19:58:21.325-0800][gc,phases   ] GC(217)   Other: 1.8ms
[2021-11-12T19:58:21.325-0800][gc,heap     ] GC(217) Eden regions: 378->0(175)
[2021-11-12T19:58:21.325-0800][gc,heap     ] GC(217) Survivor regions: 6->11(48)
[2021-11-12T19:58:21.325-0800][gc,heap     ] GC(217) Old regions: 104->104
[2021-11-12T19:58:21.325-0800][gc,heap     ] GC(217) Archive regions: 2->2
[2021-11-12T19:58:21.325-0800][gc,heap     ] GC(217) Humongous regions: 129->129
[2021-11-12T19:58:21.325-0800][gc,metaspace] GC(217) Metaspace: 41305K(41920K)->41305K(41920K) NonClass: 36450K(36800K)->36450K(36800K) Class: 4855K(5120K)->4855K(5120K)
[2021-11-12T19:58:21.325-0800][gc          ] GC(217) Pause Young (Normal) (G1 Evacuation Pause) 616M->244M(1024M) 22.009ms
[2021-11-12T19:58:21.325-0800][gc,cpu      ] GC(217) User=0.07s Sys=0.01s Real=0.02s
[2021-11-12T19:59:37.437-0800][gc,start    ] GC(218) Pause Young (Normal) (G1 Evacuation Pause)
[2021-11-12T19:59:37.437-0800][gc,task     ] GC(218) Using 8 workers of 8 for evacuation
[2021-11-12T19:59:37.453-0800][gc,phases   ] GC(218)   Pre Evacuate Collection Set: 0.2ms
[2021-11-12T19:59:37.453-0800][gc,phases   ] GC(218)   Merge Heap Roots: 0.1ms
[2021-11-12T19:59:37.453-0800][gc,phases   ] GC(218)   Evacuate Collection Set: 14.7ms
[2021-11-12T19:59:37.453-0800][gc,phases   ] GC(218)   Post Evacuate Collection Set: 0.3ms
[2021-11-12T19:59:37.453-0800][gc,phases   ] GC(218)   Other: 0.5ms
[2021-11-12T19:59:37.453-0800][gc,heap     ] GC(218) Eden regions: 175->0(149)
[2021-11-12T19:59:37.453-0800][gc,heap     ] GC(218) Survivor regions: 11->13(24)
[2021-11-12T19:59:37.453-0800][gc,heap     ] GC(218) Old regions: 104->104
[2021-11-12T19:59:37.453-0800][gc,heap     ] GC(218) Archive regions: 2->2
[2021-11-12T19:59:37.453-0800][gc,heap     ] GC(218) Humongous regions: 129->129
[2021-11-12T19:59:37.453-0800][gc,metaspace] GC(218) Metaspace: 41305K(41920K)->41305K(41920K) NonClass: 36450K(36800K)->36450K(36800K) Class: 4855K(5120K)->4855K(5120K)
[2021-11-12T19:59:37.453-0800][gc          ] GC(218) Pause Young (Normal) (G1 Evacuation Pause) 419M->246M(1024M) 15.963ms
[2021-11-12T19:59:37.453-0800][gc,cpu      ] GC(218) User=0.05s Sys=0.00s Real=0.02s
[2021-11-12T20:00:42.255-0800][gc,start    ] GC(219) Pause Young (Normal) (G1 Evacuation Pause)
[2021-11-12T20:00:42.256-0800][gc,task     ] GC(219) Using 8 workers of 8 for evacuation
[2021-11-12T20:00:42.274-0800][gc,phases   ] GC(219)   Pre Evacuate Collection Set: 0.3ms
[2021-11-12T20:00:42.274-0800][gc,phases   ] GC(219)   Merge Heap Roots: 0.1ms
[2021-11-12T20:00:42.274-0800][gc,phases   ] GC(219)   Evacuate Collection Set: 17.1ms
[2021-11-12T20:00:42.274-0800][gc,phases   ] GC(219)   Post Evacuate Collection Set: 0.3ms
[2021-11-12T20:00:42.274-0800][gc,phases   ] GC(219)   Other: 1.1ms
[2021-11-12T20:00:42.274-0800][gc,heap     ] GC(219) Eden regions: 149->0(292)
[2021-11-12T20:00:42.274-0800][gc,heap     ] GC(219) Survivor regions: 13->10(21)
[2021-11-12T20:00:42.274-0800][gc,heap     ] GC(219) Old regions: 104->109
[2021-11-12T20:00:42.274-0800][gc,heap     ] GC(219) Archive regions: 2->2
[2021-11-12T20:00:42.274-0800][gc,heap     ] GC(219) Humongous regions: 129->129
[2021-11-12T20:00:42.274-0800][gc,metaspace] GC(219) Metaspace: 41305K(41920K)->41305K(41920K) NonClass: 36450K(36800K)->36450K(36800K) Class: 4855K(5120K)->4855K(5120K)
[2021-11-12T20:00:42.274-0800][gc          ] GC(219) Pause Young (Normal) (G1 Evacuation Pause) 395M->248M(1024M) 18.997ms
[2021-11-12T20:00:42.274-0800][gc,cpu      ] GC(219) User=0.06s Sys=0.00s Real=0.02s
[2021-11-12T20:02:47.271-0800][gc,start    ] GC(220) Pause Young (Normal) (G1 Evacuation Pause)
[2021-11-12T20:02:47.273-0800][gc,task     ] GC(220) Using 8 workers of 8 for evacuation
[2021-11-12T20:02:47.298-0800][gc,mmu      ] GC(220) MMU target violated: 21.0ms (20.0ms/21.0ms)
[2021-11-12T20:02:47.298-0800][gc,phases   ] GC(220)   Pre Evacuate Collection Set: 0.7ms
[2021-11-12T20:02:47.298-0800][gc,phases   ] GC(220)   Merge Heap Roots: 0.2ms
[2021-11-12T20:02:47.298-0800][gc,phases   ] GC(220)   Evacuate Collection Set: 23.9ms
[2021-11-12T20:02:47.298-0800][gc,phases   ] GC(220)   Post Evacuate Collection Set: 0.6ms
[2021-11-12T20:02:47.298-0800][gc,phases   ] GC(220)   Other: 1.6ms
[2021-11-12T20:02:47.299-0800][gc,heap     ] GC(220) Eden regions: 286->0(132)
[2021-11-12T20:02:47.299-0800][gc,heap     ] GC(220) Survivor regions: 10->12(37)
[2021-11-12T20:02:47.299-0800][gc,heap     ] GC(220) Old regions: 109->109
[2021-11-12T20:02:47.299-0800][gc,heap     ] GC(220) Archive regions: 2->2
[2021-11-12T20:02:47.299-0800][gc,heap     ] GC(220) Humongous regions: 129->129
[2021-11-12T20:02:47.299-0800][gc,metaspace] GC(220) Metaspace: 41305K(41920K)->41305K(41920K) NonClass: 36450K(36800K)->36450K(36800K) Class: 4855K(5120K)->4855K(5120K)
[2021-11-12T20:02:47.299-0800][gc          ] GC(220) Pause Young (Normal) (G1 Evacuation Pause) 534M->249M(1024M) 27.143ms
[2021-11-12T20:02:47.299-0800][gc,cpu      ] GC(220) User=0.07s Sys=0.03s Real=0.02s
[2021-11-12T20:03:45.046-0800][gc,start    ] GC(221) Pause Young (Normal) (G1 Evacuation Pause)
[2021-11-12T20:03:45.046-0800][gc,task     ] GC(221) Using 8 workers of 8 for evacuation
[2021-11-12T20:03:45.068-0800][gc,mmu      ] GC(221) MMU target violated: 21.0ms (20.0ms/21.0ms)
[2021-11-12T20:03:45.068-0800][gc,phases   ] GC(221)   Pre Evacuate Collection Set: 0.3ms
[2021-11-12T20:03:45.068-0800][gc,phases   ] GC(221)   Merge Heap Roots: 0.3ms
[2021-11-12T20:03:45.068-0800][gc,phases   ] GC(221)   Evacuate Collection Set: 20.0ms
[2021-11-12T20:03:45.068-0800][gc,phases   ] GC(221)   Post Evacuate Collection Set: 0.4ms
[2021-11-12T20:03:45.068-0800][gc,phases   ] GC(221)   Other: 0.8ms
[2021-11-12T20:03:45.068-0800][gc,heap     ] GC(221) Eden regions: 132->0(248)
[2021-11-12T20:03:45.068-0800][gc,heap     ] GC(221) Survivor regions: 12->10(18)
[2021-11-12T20:03:45.068-0800][gc,heap     ] GC(221) Old regions: 109->113
[2021-11-12T20:03:45.068-0800][gc,heap     ] GC(221) Archive regions: 2->2
[2021-11-12T20:03:45.068-0800][gc,heap     ] GC(221) Humongous regions: 129->129
[2021-11-12T20:03:45.068-0800][gc,metaspace] GC(221) Metaspace: 41305K(41920K)->41305K(41920K) NonClass: 36450K(36800K)->36450K(36800K) Class: 4855K(5120K)->4855K(5120K)
[2021-11-12T20:03:45.068-0800][gc          ] GC(221) Pause Young (Normal) (G1 Evacuation Pause) 381M->252M(1024M) 21.945ms
[2021-11-12T20:03:45.068-0800][gc,cpu      ] GC(221) User=0.07s Sys=0.00s Real=0.02s
[2021-11-12T20:05:32.266-0800][gc,start    ] GC(222) Pause Young (Normal) (G1 Evacuation Pause)
[2021-11-12T20:05:32.266-0800][gc,task     ] GC(222) Using 8 workers of 8 for evacuation
[2021-11-12T20:05:32.286-0800][gc,phases   ] GC(222)   Pre Evacuate Collection Set: 0.5ms
[2021-11-12T20:05:32.286-0800][gc,phases   ] GC(222)   Merge Heap Roots: 0.3ms
[2021-11-12T20:05:32.286-0800][gc,phases   ] GC(222)   Evacuate Collection Set: 17.3ms
[2021-11-12T20:05:32.286-0800][gc,phases   ] GC(222)   Post Evacuate Collection Set: 0.7ms
[2021-11-12T20:05:32.286-0800][gc,phases   ] GC(222)   Other: 0.8ms
[2021-11-12T20:05:32.286-0800][gc,heap     ] GC(222) Eden regions: 245->0(211)
[2021-11-12T20:05:32.286-0800][gc,heap     ] GC(222) Survivor regions: 10->13(32)
[2021-11-12T20:05:32.286-0800][gc,heap     ] GC(222) Old regions: 113->113
[2021-11-12T20:05:32.286-0800][gc,heap     ] GC(222) Archive regions: 2->2
[2021-11-12T20:05:32.286-0800][gc,heap     ] GC(222) Humongous regions: 129->129
[2021-11-12T20:05:32.286-0800][gc,metaspace] GC(222) Metaspace: 41305K(41920K)->41305K(41920K) NonClass: 36450K(36800K)->36450K(36800K) Class: 4855K(5120K)->4855K(5120K)
[2021-11-12T20:05:32.286-0800][gc          ] GC(222) Pause Young (Normal) (G1 Evacuation Pause) 497M->255M(1024M) 19.846ms
[2021-11-12T20:05:32.286-0800][gc,cpu      ] GC(222) User=0.08s Sys=0.00s Real=0.02s
[2021-11-12T20:07:07.853-0800][gc,start    ] GC(223) Pause Young (Normal) (G1 Evacuation Pause)
[2021-11-12T20:07:07.861-0800][gc,task     ] GC(223) Using 8 workers of 8 for evacuation
[2021-11-12T20:07:07.907-0800][gc,mmu      ] GC(223) MMU target violated: 21.0ms (20.0ms/21.0ms)
[2021-11-12T20:07:07.910-0800][gc,phases   ] GC(223)   Pre Evacuate Collection Set: 0.8ms
[2021-11-12T20:07:07.910-0800][gc,phases   ] GC(223)   Merge Heap Roots: 0.3ms
[2021-11-12T20:07:07.910-0800][gc,phases   ] GC(223)   Evacuate Collection Set: 41.5ms
[2021-11-12T20:07:07.910-0800][gc,phases   ] GC(223)   Post Evacuate Collection Set: 3.6ms
[2021-11-12T20:07:07.910-0800][gc,phases   ] GC(223)   Other: 11.3ms
[2021-11-12T20:07:07.910-0800][gc,heap     ] GC(223) Eden regions: 211->0(36)
[2021-11-12T20:07:07.910-0800][gc,heap     ] GC(223) Survivor regions: 13->15(28)
[2021-11-12T20:07:07.910-0800][gc,heap     ] GC(223) Old regions: 113->113
[2021-11-12T20:07:07.910-0800][gc,heap     ] GC(223) Archive regions: 2->2
[2021-11-12T20:07:07.910-0800][gc,heap     ] GC(223) Humongous regions: 129->129
[2021-11-12T20:07:07.911-0800][gc,metaspace] GC(223) Metaspace: 41305K(41920K)->41305K(41920K) NonClass: 36450K(36800K)->36450K(36800K) Class: 4855K(5120K)->4855K(5120K)
[2021-11-12T20:07:07.911-0800][gc          ] GC(223) Pause Young (Normal) (G1 Evacuation Pause) 466M->256M(1024M) 57.691ms
[2021-11-12T20:07:07.911-0800][gc,cpu      ] GC(223) User=0.07s Sys=0.05s Real=0.06s
[2021-11-12T20:07:23.485-0800][gc,start    ] GC(224) Pause Young (Normal) (G1 Evacuation Pause)
[2021-11-12T20:07:23.487-0800][gc,task     ] GC(224) Using 8 workers of 8 for evacuation
[2021-11-12T20:07:23.514-0800][gc,mmu      ] GC(224) MMU target violated: 21.0ms (20.0ms/21.0ms)
[2021-11-12T20:07:23.514-0800][gc,phases   ] GC(224)   Pre Evacuate Collection Set: 0.4ms
[2021-11-12T20:07:23.514-0800][gc,phases   ] GC(224)   Merge Heap Roots: 0.2ms
[2021-11-12T20:07:23.514-0800][gc,phases   ] GC(224)   Evacuate Collection Set: 25.6ms
[2021-11-12T20:07:23.514-0800][gc,phases   ] GC(224)   Post Evacuate Collection Set: 0.8ms
[2021-11-12T20:07:23.514-0800][gc,phases   ] GC(224)   Other: 1.9ms
[2021-11-12T20:07:23.514-0800][gc,heap     ] GC(224) Eden regions: 36->0(279)
[2021-11-12T20:07:23.514-0800][gc,heap     ] GC(224) Survivor regions: 15->6(7)
[2021-11-12T20:07:23.514-0800][gc,heap     ] GC(224) Old regions: 113->124
[2021-11-12T20:07:23.514-0800][gc,heap     ] GC(224) Archive regions: 2->2
[2021-11-12T20:07:23.514-0800][gc,heap     ] GC(224) Humongous regions: 129->129
[2021-11-12T20:07:23.514-0800][gc,metaspace] GC(224) Metaspace: 41305K(41920K)->41305K(41920K) NonClass: 36450K(36800K)->36450K(36800K) Class: 4855K(5120K)->4855K(5120K)
[2021-11-12T20:07:23.514-0800][gc          ] GC(224) Pause Young (Normal) (G1 Evacuation Pause) 292M->258M(1024M) 29.005ms
[2021-11-12T20:07:23.514-0800][gc,cpu      ] GC(224) User=0.09s Sys=0.02s Real=0.03s
[2021-11-12T20:09:20.910-0800][gc,start    ] GC(225) Pause Young (Normal) (G1 Evacuation Pause)
[2021-11-12T20:09:20.911-0800][gc,task     ] GC(225) Using 8 workers of 8 for evacuation
[2021-11-12T20:09:20.933-0800][gc,mmu      ] GC(225) MMU target violated: 21.0ms (20.0ms/21.0ms)
[2021-11-12T20:09:20.934-0800][gc,phases   ] GC(225)   Pre Evacuate Collection Set: 0.7ms
[2021-11-12T20:09:20.934-0800][gc,phases   ] GC(225)   Merge Heap Roots: 0.2ms
[2021-11-12T20:09:20.934-0800][gc,phases   ] GC(225)   Evacuate Collection Set: 19.8ms
[2021-11-12T20:09:20.934-0800][gc,phases   ] GC(225)   Post Evacuate Collection Set: 0.9ms
[2021-11-12T20:09:20.934-0800][gc,phases   ] GC(225)   Other: 1.9ms
[2021-11-12T20:09:20.934-0800][gc,heap     ] GC(225) Eden regions: 279->0(227)
[2021-11-12T20:09:20.934-0800][gc,heap     ] GC(225) Survivor regions: 6->7(36)
[2021-11-12T20:09:20.934-0800][gc,heap     ] GC(225) Old regions: 124->124
[2021-11-12T20:09:20.934-0800][gc,heap     ] GC(225) Archive regions: 2->2
[2021-11-12T20:09:20.934-0800][gc,heap     ] GC(225) Humongous regions: 129->129
[2021-11-12T20:09:20.934-0800][gc,metaspace] GC(225) Metaspace: 41305K(41920K)->41305K(41920K) NonClass: 36450K(36800K)->36450K(36800K) Class: 4855K(5120K)->4855K(5120K)
[2021-11-12T20:09:20.934-0800][gc          ] GC(225) Pause Young (Normal) (G1 Evacuation Pause) 537M->259M(1024M) 23.682ms
[2021-11-12T20:09:20.934-0800][gc,cpu      ] GC(225) User=0.05s Sys=0.02s Real=0.02s
[2021-11-12T20:11:03.822-0800][gc,start    ] GC(226) Pause Young (Normal) (G1 Evacuation Pause)
[2021-11-12T20:11:03.823-0800][gc,task     ] GC(226) Using 8 workers of 8 for evacuation
[2021-11-12T20:11:03.845-0800][gc,mmu      ] GC(226) MMU target violated: 21.0ms (20.0ms/21.0ms)
[2021-11-12T20:11:03.846-0800][gc,phases   ] GC(226)   Pre Evacuate Collection Set: 0.8ms
[2021-11-12T20:11:03.846-0800][gc,phases   ] GC(226)   Merge Heap Roots: 0.4ms
[2021-11-12T20:11:03.846-0800][gc,phases   ] GC(226)   Evacuate Collection Set: 20.0ms
[2021-11-12T20:11:03.846-0800][gc,phases   ] GC(226)   Post Evacuate Collection Set: 0.6ms
[2021-11-12T20:11:03.846-0800][gc,phases   ] GC(226)   Other: 1.6ms
[2021-11-12T20:11:03.846-0800][gc,heap     ] GC(226) Eden regions: 227->0(99)
[2021-11-12T20:11:03.846-0800][gc,heap     ] GC(226) Survivor regions: 7->10(30)
[2021-11-12T20:11:03.846-0800][gc,heap     ] GC(226) Old regions: 124->124
[2021-11-12T20:11:03.846-0800][gc,heap     ] GC(226) Archive regions: 2->2
[2021-11-12T20:11:03.846-0800][gc,heap     ] GC(226) Humongous regions: 129->129
[2021-11-12T20:11:03.846-0800][gc,metaspace] GC(226) Metaspace: 41305K(41920K)->41305K(41920K) NonClass: 36450K(36800K)->36450K(36800K) Class: 4855K(5120K)->4855K(5120K)
[2021-11-12T20:11:03.846-0800][gc          ] GC(226) Pause Young (Normal) (G1 Evacuation Pause) 486M->262M(1024M) 23.508ms
[2021-11-12T20:11:03.846-0800][gc,cpu      ] GC(226) User=0.07s Sys=0.01s Real=0.02s
[2021-11-12T20:11:46.807-0800][gc,start    ] GC(227) Pause Young (Normal) (G1 Evacuation Pause)
[2021-11-12T20:11:46.808-0800][gc,task     ] GC(227) Using 8 workers of 8 for evacuation
[2021-11-12T20:11:46.831-0800][gc,mmu      ] GC(227) MMU target violated: 21.0ms (20.0ms/21.0ms)
[2021-11-12T20:11:46.831-0800][gc,phases   ] GC(227)   Pre Evacuate Collection Set: 0.4ms
[2021-11-12T20:11:46.831-0800][gc,phases   ] GC(227)   Merge Heap Roots: 0.2ms
[2021-11-12T20:11:46.831-0800][gc,phases   ] GC(227)   Evacuate Collection Set: 21.1ms
[2021-11-12T20:11:46.831-0800][gc,phases   ] GC(227)   Post Evacuate Collection Set: 0.8ms
[2021-11-12T20:11:46.831-0800][gc,phases   ] GC(227)   Other: 1.7ms
[2021-11-12T20:11:46.831-0800][gc,heap     ] GC(227) Eden regions: 99->0(175)
[2021-11-12T20:11:46.831-0800][gc,heap     ] GC(227) Survivor regions: 10->9(14)
[2021-11-12T20:11:46.831-0800][gc,heap     ] GC(227) Old regions: 124->126
[2021-11-12T20:11:46.831-0800][gc,heap     ] GC(227) Archive regions: 2->2
[2021-11-12T20:11:46.831-0800][gc,heap     ] GC(227) Humongous regions: 129->129
[2021-11-12T20:11:46.831-0800][gc,metaspace] GC(227) Metaspace: 41305K(41920K)->41305K(41920K) NonClass: 36450K(36800K)->36450K(36800K) Class: 4855K(5120K)->4855K(5120K)
[2021-11-12T20:11:46.831-0800][gc          ] GC(227) Pause Young (Normal) (G1 Evacuation Pause) 361M->263M(1024M) 24.402ms
[2021-11-12T20:11:46.831-0800][gc,cpu      ] GC(227) User=0.06s Sys=0.01s Real=0.03s
[2021-11-12T20:13:02.094-0800][gc,start    ] GC(228) Pause Young (Normal) (G1 Evacuation Pause)
[2021-11-12T20:13:02.096-0800][gc,task     ] GC(228) Using 8 workers of 8 for evacuation
[2021-11-12T20:13:02.115-0800][gc,phases   ] GC(228)   Pre Evacuate Collection Set: 0.4ms
[2021-11-12T20:13:02.115-0800][gc,phases   ] GC(228)   Merge Heap Roots: 0.2ms
[2021-11-12T20:13:02.115-0800][gc,phases   ] GC(228)   Evacuate Collection Set: 17.7ms
[2021-11-12T20:13:02.115-0800][gc,phases   ] GC(228)   Post Evacuate Collection Set: 0.4ms
[2021-11-12T20:13:02.115-0800][gc,phases   ] GC(228)   Other: 1.6ms
[2021-11-12T20:13:02.115-0800][gc,heap     ] GC(228) Eden regions: 172->0(200)
[2021-11-12T20:13:02.115-0800][gc,heap     ] GC(228) Survivor regions: 9->10(23)
[2021-11-12T20:13:02.115-0800][gc,heap     ] GC(228) Old regions: 126->126
[2021-11-12T20:13:02.115-0800][gc,heap     ] GC(228) Archive regions: 2->2
[2021-11-12T20:13:02.115-0800][gc,heap     ] GC(228) Humongous regions: 129->129
[2021-11-12T20:13:02.115-0800][gc,metaspace] GC(228) Metaspace: 41307K(41920K)->41307K(41920K) NonClass: 36451K(36800K)->36451K(36800K) Class: 4855K(5120K)->4855K(5120K)
[2021-11-12T20:13:02.115-0800][gc          ] GC(228) Pause Young (Normal) (G1 Evacuation Pause) 435M->264M(1024M) 20.441ms
[2021-11-12T20:13:02.115-0800][gc,cpu      ] GC(228) User=0.06s Sys=0.01s Real=0.02s
[2021-11-12T20:14:25.613-0800][gc,start    ] GC(229) Pause Young (Normal) (G1 Evacuation Pause)
[2021-11-12T20:14:25.615-0800][gc,task     ] GC(229) Using 8 workers of 8 for evacuation
[2021-11-12T20:14:25.644-0800][gc,mmu      ] GC(229) MMU target violated: 21.0ms (20.0ms/21.0ms)
[2021-11-12T20:14:25.644-0800][gc,phases   ] GC(229)   Pre Evacuate Collection Set: 0.7ms
[2021-11-12T20:14:25.644-0800][gc,phases   ] GC(229)   Merge Heap Roots: 0.2ms
[2021-11-12T20:14:25.644-0800][gc,phases   ] GC(229)   Evacuate Collection Set: 27.0ms
[2021-11-12T20:14:25.644-0800][gc,phases   ] GC(229)   Post Evacuate Collection Set: 1.6ms
[2021-11-12T20:14:25.645-0800][gc,phases   ] GC(229)   Other: 1.5ms
[2021-11-12T20:14:25.645-0800][gc,heap     ] GC(229) Eden regions: 200->0(38)
[2021-11-12T20:14:25.645-0800][gc,heap     ] GC(229) Survivor regions: 10->13(27)
[2021-11-12T20:14:25.645-0800][gc,heap     ] GC(229) Old regions: 126->126
[2021-11-12T20:14:25.645-0800][gc,heap     ] GC(229) Archive regions: 2->2
[2021-11-12T20:14:25.645-0800][gc,heap     ] GC(229) Humongous regions: 129->129
[2021-11-12T20:14:25.645-0800][gc,metaspace] GC(229) Metaspace: 41307K(41920K)->41307K(41920K) NonClass: 36451K(36800K)->36451K(36800K) Class: 4855K(5120K)->4855K(5120K)
[2021-11-12T20:14:25.645-0800][gc          ] GC(229) Pause Young (Normal) (G1 Evacuation Pause) 464M->268M(1024M) 31.265ms
[2021-11-12T20:14:25.645-0800][gc,cpu      ] GC(229) User=0.07s Sys=0.04s Real=0.03s
[2021-11-12T20:14:41.285-0800][gc,start    ] GC(230) Pause Young (Normal) (G1 Evacuation Pause)
[2021-11-12T20:14:41.285-0800][gc,task     ] GC(230) Using 8 workers of 8 for evacuation
[2021-11-12T20:14:41.308-0800][gc,mmu      ] GC(230) MMU target violated: 21.0ms (20.0ms/21.0ms)
[2021-11-12T20:14:41.308-0800][gc,phases   ] GC(230)   Pre Evacuate Collection Set: 0.3ms
[2021-11-12T20:14:41.308-0800][gc,phases   ] GC(230)   Merge Heap Roots: 0.1ms
[2021-11-12T20:14:41.308-0800][gc,phases   ] GC(230)   Evacuate Collection Set: 21.4ms
[2021-11-12T20:14:41.308-0800][gc,phases   ] GC(230)   Post Evacuate Collection Set: 0.7ms
[2021-11-12T20:14:41.308-0800][gc,phases   ] GC(230)   Other: 0.5ms
[2021-11-12T20:14:41.308-0800][gc,heap     ] GC(230) Eden regions: 38->0(377)
[2021-11-12T20:14:41.308-0800][gc,heap     ] GC(230) Survivor regions: 13->4(7)
[2021-11-12T20:14:41.308-0800][gc,heap     ] GC(230) Old regions: 126->137
[2021-11-12T20:14:41.308-0800][gc,heap     ] GC(230) Archive regions: 2->2
[2021-11-12T20:14:41.308-0800][gc,heap     ] GC(230) Humongous regions: 129->129
[2021-11-12T20:14:41.308-0800][gc,metaspace] GC(230) Metaspace: 41307K(41920K)->41307K(41920K) NonClass: 36451K(36800K)->36451K(36800K) Class: 4855K(5120K)->4855K(5120K)
[2021-11-12T20:14:41.308-0800][gc          ] GC(230) Pause Young (Normal) (G1 Evacuation Pause) 306M->269M(1024M) 23.128ms
[2021-11-12T20:14:41.308-0800][gc,cpu      ] GC(230) User=0.07s Sys=0.02s Real=0.02s
[2021-11-12T20:17:17.371-0800][gc,start    ] GC(231) Pause Young (Normal) (G1 Evacuation Pause)
[2021-11-12T20:17:17.372-0800][gc,task     ] GC(231) Using 8 workers of 8 for evacuation
[2021-11-12T20:17:17.392-0800][gc,phases   ] GC(231)   Pre Evacuate Collection Set: 0.3ms
[2021-11-12T20:17:17.392-0800][gc,phases   ] GC(231)   Merge Heap Roots: 0.1ms
[2021-11-12T20:17:17.392-0800][gc,phases   ] GC(231)   Evacuate Collection Set: 17.8ms
[2021-11-12T20:17:17.392-0800][gc,phases   ] GC(231)   Post Evacuate Collection Set: 0.8ms
[2021-11-12T20:17:17.392-0800][gc,phases   ] GC(231)   Other: 1.6ms
[2021-11-12T20:17:17.392-0800][gc,heap     ] GC(231) Eden regions: 377->0(269)
[2021-11-12T20:17:17.392-0800][gc,heap     ] GC(231) Survivor regions: 4->6(48)
[2021-11-12T20:17:17.392-0800][gc,heap     ] GC(231) Old regions: 137->137
[2021-11-12T20:17:17.392-0800][gc,heap     ] GC(231) Archive regions: 2->2
[2021-11-12T20:17:17.392-0800][gc,heap     ] GC(231) Humongous regions: 129->129
[2021-11-12T20:17:17.392-0800][gc,metaspace] GC(231) Metaspace: 41307K(41920K)->41307K(41920K) NonClass: 36451K(36800K)->36451K(36800K) Class: 4855K(5120K)->4855K(5120K)
[2021-11-12T20:17:17.392-0800][gc          ] GC(231) Pause Young (Normal) (G1 Evacuation Pause) 646M->272M(1024M) 21.020ms
[2021-11-12T20:17:17.392-0800][gc,cpu      ] GC(231) User=0.06s Sys=0.02s Real=0.02s
[2021-11-12T20:19:08.975-0800][gc,start    ] GC(232) Pause Young (Normal) (G1 Evacuation Pause)
[2021-11-12T20:19:08.976-0800][gc,task     ] GC(232) Using 8 workers of 8 for evacuation
[2021-11-12T20:19:08.992-0800][gc,phases   ] GC(232)   Pre Evacuate Collection Set: 0.3ms
[2021-11-12T20:19:08.992-0800][gc,phases   ] GC(232)   Merge Heap Roots: 0.2ms
[2021-11-12T20:19:08.992-0800][gc,phases   ] GC(232)   Evacuate Collection Set: 14.7ms
[2021-11-12T20:19:08.992-0800][gc,phases   ] GC(232)   Post Evacuate Collection Set: 0.5ms
[2021-11-12T20:19:08.992-0800][gc,phases   ] GC(232)   Other: 0.9ms
[2021-11-12T20:19:08.992-0800][gc,heap     ] GC(232) Eden regions: 269->0(213)
[2021-11-12T20:19:08.992-0800][gc,heap     ] GC(232) Survivor regions: 6->9(35)
[2021-11-12T20:19:08.992-0800][gc,heap     ] GC(232) Old regions: 137->137
[2021-11-12T20:19:08.992-0800][gc,heap     ] GC(232) Archive regions: 2->2
[2021-11-12T20:19:08.992-0800][gc,heap     ] GC(232) Humongous regions: 129->129
[2021-11-12T20:19:08.992-0800][gc,metaspace] GC(232) Metaspace: 41307K(41920K)->41307K(41920K) NonClass: 36451K(36800K)->36451K(36800K) Class: 4855K(5120K)->4855K(5120K)
[2021-11-12T20:19:08.992-0800][gc          ] GC(232) Pause Young (Normal) (G1 Evacuation Pause) 541M->274M(1024M) 16.816ms
[2021-11-12T20:19:08.992-0800][gc,cpu      ] GC(232) User=0.06s Sys=0.01s Real=0.02s
[2021-11-12T20:20:37.527-0800][gc,start    ] GC(233) Pause Young (Normal) (G1 Evacuation Pause)
[2021-11-12T20:20:37.527-0800][gc,task     ] GC(233) Using 8 workers of 8 for evacuation
[2021-11-12T20:20:37.547-0800][gc,phases   ] GC(233)   Pre Evacuate Collection Set: 0.5ms
[2021-11-12T20:20:37.565-0800][gc,phases   ] GC(233)   Merge Heap Roots: 0.3ms
[2021-11-12T20:20:37.565-0800][gc,phases   ] GC(233)   Evacuate Collection Set: 17.8ms
[2021-11-12T20:20:37.565-0800][gc,phases   ] GC(233)   Post Evacuate Collection Set: 0.6ms
[2021-11-12T20:20:37.565-0800][gc,phases   ] GC(233)   Other: 1.1ms
[2021-11-12T20:20:37.565-0800][gc,heap     ] GC(233) Eden regions: 213->0(114)
[2021-11-12T20:20:37.565-0800][gc,heap     ] GC(233) Survivor regions: 9->12(28)
[2021-11-12T20:20:37.565-0800][gc,heap     ] GC(233) Old regions: 137->137
[2021-11-12T20:20:37.565-0800][gc,heap     ] GC(233) Archive regions: 2->2
[2021-11-12T20:20:37.565-0800][gc,heap     ] GC(233) Humongous regions: 129->129
[2021-11-12T20:20:37.565-0800][gc,metaspace] GC(233) Metaspace: 41307K(41920K)->41307K(41920K) NonClass: 36451K(36800K)->36451K(36800K) Class: 4855K(5120K)->4855K(5120K)
[2021-11-12T20:20:37.565-0800][gc          ] GC(233) Pause Young (Normal) (G1 Evacuation Pause) 487M->277M(1024M) 38.474ms
[2021-11-12T20:20:37.565-0800][gc,cpu      ] GC(233) User=0.07s Sys=0.01s Real=0.04s
[2021-11-12T20:21:24.579-0800][gc,start    ] GC(234) Pause Young (Normal) (G1 Evacuation Pause)
[2021-11-12T20:21:24.581-0800][gc,task     ] GC(234) Using 8 workers of 8 for evacuation
[2021-11-12T20:21:24.602-0800][gc,mmu      ] GC(234) MMU target violated: 20.8ms (20.0ms/21.0ms)
[2021-11-12T20:21:24.602-0800][gc,phases   ] GC(234)   Pre Evacuate Collection Set: 0.4ms
[2021-11-12T20:21:24.602-0800][gc,phases   ] GC(234)   Merge Heap Roots: 0.2ms
[2021-11-12T20:21:24.602-0800][gc,phases   ] GC(234)   Evacuate Collection Set: 19.7ms
[2021-11-12T20:21:24.602-0800][gc,phases   ] GC(234)   Post Evacuate Collection Set: 0.5ms
[2021-11-12T20:21:24.602-0800][gc,phases   ] GC(234)   Other: 1.7ms
[2021-11-12T20:21:24.602-0800][gc,heap     ] GC(234) Eden regions: 114->0(292)
[2021-11-12T20:21:24.602-0800][gc,heap     ] GC(234) Survivor regions: 12->9(16)
[2021-11-12T20:21:24.602-0800][gc,heap     ] GC(234) Old regions: 137->141
[2021-11-12T20:21:24.602-0800][gc,heap     ] GC(234) Archive regions: 2->2
[2021-11-12T20:21:24.602-0800][gc,heap     ] GC(234) Humongous regions: 129->129
[2021-11-12T20:21:24.602-0800][gc,metaspace] GC(234) Metaspace: 41307K(41920K)->41307K(41920K) NonClass: 36451K(36800K)->36451K(36800K) Class: 4855K(5120K)->4855K(5120K)
[2021-11-12T20:21:24.602-0800][gc          ] GC(234) Pause Young (Normal) (G1 Evacuation Pause) 391M->278M(1024M) 22.705ms
[2021-11-12T20:21:24.602-0800][gc,cpu      ] GC(234) User=0.08s Sys=0.01s Real=0.03s
[2021-11-12T20:23:24.422-0800][gc,start    ] GC(235) Pause Young (Normal) (G1 Evacuation Pause)
[2021-11-12T20:23:24.440-0800][gc,task     ] GC(235) Using 8 workers of 8 for evacuation
[2021-11-12T20:23:24.463-0800][gc,mmu      ] GC(235) MMU target violated: 21.0ms (20.0ms/21.0ms)
[2021-11-12T20:23:24.463-0800][gc,phases   ] GC(235)   Pre Evacuate Collection Set: 0.4ms
[2021-11-12T20:23:24.463-0800][gc,phases   ] GC(235)   Merge Heap Roots: 0.2ms
[2021-11-12T20:23:24.463-0800][gc,phases   ] GC(235)   Evacuate Collection Set: 21.2ms
[2021-11-12T20:23:24.463-0800][gc,phases   ] GC(235)   Post Evacuate Collection Set: 0.4ms
[2021-11-12T20:23:24.463-0800][gc,phases   ] GC(235)   Other: 18.6ms
[2021-11-12T20:23:24.463-0800][gc,heap     ] GC(235) Eden regions: 290->0(284)
[2021-11-12T20:23:24.463-0800][gc,heap     ] GC(235) Survivor regions: 9->11(38)
[2021-11-12T20:23:24.463-0800][gc,heap     ] GC(235) Old regions: 141->141
[2021-11-12T20:23:24.463-0800][gc,heap     ] GC(235) Archive regions: 2->2
[2021-11-12T20:23:24.463-0800][gc,heap     ] GC(235) Humongous regions: 129->129
[2021-11-12T20:23:24.463-0800][gc,metaspace] GC(235) Metaspace: 41307K(41920K)->41307K(41920K) NonClass: 36451K(36800K)->36451K(36800K) Class: 4855K(5120K)->4855K(5120K)
[2021-11-12T20:23:24.463-0800][gc          ] GC(235) Pause Young (Normal) (G1 Evacuation Pause) 568M->281M(1024M) 40.990ms
[2021-11-12T20:23:24.463-0800][gc,cpu      ] GC(235) User=0.08s Sys=0.00s Real=0.04s
[2021-11-12T20:25:22.158-0800][gc,start    ] GC(236) Pause Young (Normal) (G1 Evacuation Pause)
[2021-11-12T20:25:22.159-0800][gc,task     ] GC(236) Using 8 workers of 8 for evacuation
[2021-11-12T20:25:22.184-0800][gc,mmu      ] GC(236) MMU target violated: 21.0ms (20.0ms/21.0ms)
[2021-11-12T20:25:22.184-0800][gc,phases   ] GC(236)   Pre Evacuate Collection Set: 2.2ms
[2021-11-12T20:25:22.184-0800][gc,phases   ] GC(236)   Merge Heap Roots: 0.4ms
[2021-11-12T20:25:22.184-0800][gc,phases   ] GC(236)   Evacuate Collection Set: 20.8ms
[2021-11-12T20:25:22.184-0800][gc,phases   ] GC(236)   Post Evacuate Collection Set: 1.6ms
[2021-11-12T20:25:22.184-0800][gc,phases   ] GC(236)   Other: 1.8ms
[2021-11-12T20:25:22.184-0800][gc,heap     ] GC(236) Eden regions: 284->0(201)
[2021-11-12T20:25:22.184-0800][gc,heap     ] GC(236) Survivor regions: 11->13(37)
[2021-11-12T20:25:22.184-0800][gc,heap     ] GC(236) Old regions: 141->141
[2021-11-12T20:25:22.184-0800][gc,heap     ] GC(236) Archive regions: 2->2
[2021-11-12T20:25:22.184-0800][gc,heap     ] GC(236) Humongous regions: 129->129
[2021-11-12T20:25:22.184-0800][gc,metaspace] GC(236) Metaspace: 41307K(41920K)->41307K(41920K) NonClass: 36451K(36800K)->36451K(36800K) Class: 4855K(5120K)->4855K(5120K)
[2021-11-12T20:25:22.184-0800][gc          ] GC(236) Pause Young (Normal) (G1 Evacuation Pause) 565M->283M(1024M) 26.825ms
[2021-11-12T20:25:22.185-0800][gc,cpu      ] GC(236) User=0.07s Sys=0.02s Real=0.03s
[2021-11-12T20:26:45.533-0800][gc,start    ] GC(237) Pause Young (Normal) (G1 Evacuation Pause)
[2021-11-12T20:26:45.535-0800][gc,task     ] GC(237) Using 8 workers of 8 for evacuation
[2021-11-12T20:26:45.557-0800][gc,mmu      ] GC(237) MMU target violated: 21.0ms (20.0ms/21.0ms)
[2021-11-12T20:26:45.557-0800][gc,phases   ] GC(237)   Pre Evacuate Collection Set: 0.4ms
[2021-11-12T20:26:45.557-0800][gc,phases   ] GC(237)   Merge Heap Roots: 0.2ms
[2021-11-12T20:26:45.557-0800][gc,phases   ] GC(237)   Evacuate Collection Set: 21.1ms
[2021-11-12T20:26:45.557-0800][gc,phases   ] GC(237)   Post Evacuate Collection Set: 0.4ms
[2021-11-12T20:26:45.557-0800][gc,phases   ] GC(237)   Other: 1.6ms
[2021-11-12T20:26:45.557-0800][gc,heap     ] GC(237) Eden regions: 201->0(152)
[2021-11-12T20:26:45.557-0800][gc,heap     ] GC(237) Survivor regions: 13->16(27)
[2021-11-12T20:26:45.557-0800][gc,heap     ] GC(237) Old regions: 141->141
[2021-11-12T20:26:45.557-0800][gc,heap     ] GC(237) Archive regions: 2->2
[2021-11-12T20:26:45.557-0800][gc,heap     ] GC(237) Humongous regions: 129->129
[2021-11-12T20:26:45.557-0800][gc,metaspace] GC(237) Metaspace: 41307K(41920K)->41307K(41920K) NonClass: 36451K(36800K)->36451K(36800K) Class: 4855K(5120K)->4855K(5120K)
[2021-11-12T20:26:45.557-0800][gc          ] GC(237) Pause Young (Normal) (G1 Evacuation Pause) 484M->285M(1024M) 23.885ms
[2021-11-12T20:26:45.557-0800][gc,cpu      ] GC(237) User=0.06s Sys=0.00s Real=0.02s
[2021-11-12T20:27:48.310-0800][gc,start    ] GC(238) Pause Young (Normal) (G1 Evacuation Pause)
[2021-11-12T20:27:48.311-0800][gc,task     ] GC(238) Using 8 workers of 8 for evacuation
[2021-11-12T20:27:48.332-0800][gc,mmu      ] GC(238) MMU target violated: 21.0ms (20.0ms/21.0ms)
[2021-11-12T20:27:48.332-0800][gc,phases   ] GC(238)   Pre Evacuate Collection Set: 0.2ms
[2021-11-12T20:27:48.332-0800][gc,phases   ] GC(238)   Merge Heap Roots: 0.1ms
[2021-11-12T20:27:48.332-0800][gc,phases   ] GC(238)   Evacuate Collection Set: 20.1ms
[2021-11-12T20:27:48.332-0800][gc,phases   ] GC(238)   Post Evacuate Collection Set: 0.6ms
[2021-11-12T20:27:48.332-0800][gc,phases   ] GC(238)   Other: 0.7ms
[2021-11-12T20:27:48.332-0800][gc,heap     ] GC(238) Eden regions: 152->0(296)
[2021-11-12T20:27:48.332-0800][gc,heap     ] GC(238) Survivor regions: 16->12(21)
[2021-11-12T20:27:48.332-0800][gc,heap     ] GC(238) Old regions: 141->146
[2021-11-12T20:27:48.332-0800][gc,heap     ] GC(238) Archive regions: 2->2
[2021-11-12T20:27:48.332-0800][gc,heap     ] GC(238) Humongous regions: 129->129
[2021-11-12T20:27:48.332-0800][gc,metaspace] GC(238) Metaspace: 41307K(41920K)->41307K(41920K) NonClass: 36451K(36800K)->36451K(36800K) Class: 4855K(5120K)->4855K(5120K)
[2021-11-12T20:27:48.332-0800][gc          ] GC(238) Pause Young (Normal) (G1 Evacuation Pause) 437M->287M(1024M) 21.843ms
[2021-11-12T20:27:48.332-0800][gc,cpu      ] GC(238) User=0.08s Sys=0.02s Real=0.02s
[2021-11-12T20:29:49.870-0800][gc,start    ] GC(239) Pause Young (Normal) (G1 Evacuation Pause)
[2021-11-12T20:29:49.871-0800][gc,task     ] GC(239) Using 8 workers of 8 for evacuation
[2021-11-12T20:29:49.901-0800][gc,mmu      ] GC(239) MMU target violated: 21.0ms (20.0ms/21.0ms)
[2021-11-12T20:29:49.901-0800][gc,phases   ] GC(239)   Pre Evacuate Collection Set: 0.3ms
[2021-11-12T20:29:49.901-0800][gc,phases   ] GC(239)   Merge Heap Roots: 0.2ms
[2021-11-12T20:29:49.901-0800][gc,phases   ] GC(239)   Evacuate Collection Set: 28.5ms
[2021-11-12T20:29:49.901-0800][gc,phases   ] GC(239)   Post Evacuate Collection Set: 0.6ms
[2021-11-12T20:29:49.902-0800][gc,phases   ] GC(239)   Other: 1.6ms
[2021-11-12T20:29:49.902-0800][gc,heap     ] GC(239) Eden regions: 294->0(35)
[2021-11-12T20:29:49.902-0800][gc,heap     ] GC(239) Survivor regions: 12->16(39)
[2021-11-12T20:29:49.902-0800][gc,heap     ] GC(239) Old regions: 146->146
[2021-11-12T20:29:49.902-0800][gc,heap     ] GC(239) Archive regions: 2->2
[2021-11-12T20:29:49.902-0800][gc,heap     ] GC(239) Humongous regions: 129->129
[2021-11-12T20:29:49.902-0800][gc,metaspace] GC(239) Metaspace: 41307K(41920K)->41307K(41920K) NonClass: 36451K(36800K)->36451K(36800K) Class: 4855K(5120K)->4855K(5120K)
[2021-11-12T20:29:49.902-0800][gc          ] GC(239) Pause Young (Normal) (G1 Evacuation Pause) 581M->290M(1024M) 31.377ms
[2021-11-12T20:29:49.902-0800][gc,cpu      ] GC(239) User=0.09s Sys=0.03s Real=0.03s
[2021-11-12T20:30:04.073-0800][gc,start    ] GC(240) Pause Young (Normal) (G1 Evacuation Pause)
[2021-11-12T20:30:04.073-0800][gc,task     ] GC(240) Using 8 workers of 8 for evacuation
[2021-11-12T20:30:04.098-0800][gc,mmu      ] GC(240) MMU target violated: 21.0ms (20.0ms/21.0ms)
[2021-11-12T20:30:04.098-0800][gc,phases   ] GC(240)   Pre Evacuate Collection Set: 0.5ms
[2021-11-12T20:30:04.098-0800][gc,phases   ] GC(240)   Merge Heap Roots: 0.2ms
[2021-11-12T20:30:04.098-0800][gc,phases   ] GC(240)   Evacuate Collection Set: 23.1ms
[2021-11-12T20:30:04.098-0800][gc,phases   ] GC(240)   Post Evacuate Collection Set: 0.6ms
[2021-11-12T20:30:04.098-0800][gc,phases   ] GC(240)   Other: 0.7ms
[2021-11-12T20:30:04.098-0800][gc,heap     ] GC(240) Eden regions: 35->0(599)
[2021-11-12T20:30:04.098-0800][gc,heap     ] GC(240) Survivor regions: 16->3(7)
[2021-11-12T20:30:04.098-0800][gc,heap     ] GC(240) Old regions: 146->159
[2021-11-12T20:30:04.098-0800][gc,heap     ] GC(240) Archive regions: 2->2
[2021-11-12T20:30:04.098-0800][gc,heap     ] GC(240) Humongous regions: 129->129
[2021-11-12T20:30:04.098-0800][gc,metaspace] GC(240) Metaspace: 41307K(41920K)->41307K(41920K) NonClass: 36451K(36800K)->36451K(36800K) Class: 4855K(5120K)->4855K(5120K)
[2021-11-12T20:30:04.098-0800][gc          ] GC(240) Pause Young (Normal) (G1 Evacuation Pause) 325M->291M(1024M) 25.241ms
[2021-11-12T20:30:04.098-0800][gc,cpu      ] GC(240) User=0.08s Sys=0.02s Real=0.02s
[2021-11-12T20:34:11.982-0800][gc,start    ] GC(241) Pause Young (Normal) (G1 Evacuation Pause)
[2021-11-12T20:34:11.983-0800][gc,task     ] GC(241) Using 8 workers of 8 for evacuation
[2021-11-12T20:34:12.010-0800][gc,mmu      ] GC(241) MMU target violated: 21.0ms (20.0ms/21.0ms)
[2021-11-12T20:34:12.010-0800][gc,phases   ] GC(241)   Pre Evacuate Collection Set: 0.5ms
[2021-11-12T20:34:12.010-0800][gc,phases   ] GC(241)   Merge Heap Roots: 0.3ms
[2021-11-12T20:34:12.010-0800][gc,phases   ] GC(241)   Evacuate Collection Set: 25.3ms
[2021-11-12T20:34:12.010-0800][gc,phases   ] GC(241)   Post Evacuate Collection Set: 1.1ms
[2021-11-12T20:34:12.010-0800][gc,phases   ] GC(241)   Other: 1.2ms
[2021-11-12T20:34:12.010-0800][gc,heap     ] GC(241) Eden regions: 599->0(241)
[2021-11-12T20:34:12.010-0800][gc,heap     ] GC(241) Survivor regions: 3->8(76)
[2021-11-12T20:34:12.010-0800][gc,heap     ] GC(241) Old regions: 159->159
[2021-11-12T20:34:12.010-0800][gc,heap     ] GC(241) Archive regions: 2->2
[2021-11-12T20:34:12.010-0800][gc,heap     ] GC(241) Humongous regions: 129->129
[2021-11-12T20:34:12.010-0800][gc,metaspace] GC(241) Metaspace: 41307K(41920K)->41307K(41920K) NonClass: 36451K(36800K)->36451K(36800K) Class: 4855K(5120K)->4855K(5120K)
[2021-11-12T20:34:12.010-0800][gc          ] GC(241) Pause Young (Normal) (G1 Evacuation Pause) 890M->296M(1024M) 28.510ms
[2021-11-12T20:34:12.010-0800][gc,cpu      ] GC(241) User=0.07s Sys=0.03s Real=0.03s
[2021-11-12T20:35:51.528-0800][gc,start    ] GC(242) Pause Young (Normal) (G1 Evacuation Pause)
[2021-11-12T20:35:51.529-0800][gc,task     ] GC(242) Using 8 workers of 8 for evacuation
[2021-11-12T20:35:51.548-0800][gc,phases   ] GC(242)   Pre Evacuate Collection Set: 0.4ms
[2021-11-12T20:35:51.548-0800][gc,phases   ] GC(242)   Merge Heap Roots: 0.2ms
[2021-11-12T20:35:51.548-0800][gc,phases   ] GC(242)   Evacuate Collection Set: 17.6ms
[2021-11-12T20:35:51.548-0800][gc,phases   ] GC(242)   Post Evacuate Collection Set: 0.5ms
[2021-11-12T20:35:51.548-0800][gc,phases   ] GC(242)   Other: 1.6ms
[2021-11-12T20:35:51.548-0800][gc,heap     ] GC(242) Eden regions: 241->0(150)
[2021-11-12T20:35:51.548-0800][gc,heap     ] GC(242) Survivor regions: 8->11(32)
[2021-11-12T20:35:51.548-0800][gc,heap     ] GC(242) Old regions: 159->159
[2021-11-12T20:35:51.548-0800][gc,heap     ] GC(242) Archive regions: 2->2
[2021-11-12T20:35:51.548-0800][gc,heap     ] GC(242) Humongous regions: 129->129
[2021-11-12T20:35:51.548-0800][gc,metaspace] GC(242) Metaspace: 41307K(41920K)->41307K(41920K) NonClass: 36451K(36800K)->36451K(36800K) Class: 4855K(5120K)->4855K(5120K)
[2021-11-12T20:35:51.548-0800][gc          ] GC(242) Pause Young (Normal) (G1 Evacuation Pause) 537M->299M(1024M) 20.359ms
[2021-11-12T20:35:51.548-0800][gc,cpu      ] GC(242) User=0.06s Sys=0.01s Real=0.02s
[2021-11-12T20:36:53.391-0800][gc,start    ] GC(243) Pause Young (Normal) (G1 Evacuation Pause)
[2021-11-12T20:36:53.393-0800][gc,task     ] GC(243) Using 8 workers of 8 for evacuation
[2021-11-12T20:36:53.412-0800][gc,phases   ] GC(243)   Pre Evacuate Collection Set: 0.4ms
[2021-11-12T20:36:53.412-0800][gc,phases   ] GC(243)   Merge Heap Roots: 0.2ms
[2021-11-12T20:36:53.412-0800][gc,phases   ] GC(243)   Evacuate Collection Set: 18.5ms
[2021-11-12T20:36:53.412-0800][gc,phases   ] GC(243)   Post Evacuate Collection Set: 0.4ms
[2021-11-12T20:36:53.412-0800][gc,phases   ] GC(243)   Other: 1.7ms
[2021-11-12T20:36:53.412-0800][gc,heap     ] GC(243) Eden regions: 150->0(164)
[2021-11-12T20:36:53.413-0800][gc,heap     ] GC(243) Survivor regions: 11->12(21)
[2021-11-12T20:36:53.413-0800][gc,heap     ] GC(243) Old regions: 159->159
[2021-11-12T20:36:53.413-0800][gc,heap     ] GC(243) Archive regions: 2->2
[2021-11-12T20:36:53.413-0800][gc,heap     ] GC(243) Humongous regions: 129->129
[2021-11-12T20:36:53.413-0800][gc,metaspace] GC(243) Metaspace: 41307K(41920K)->41307K(41920K) NonClass: 36451K(36800K)->36451K(36800K) Class: 4855K(5120K)->4855K(5120K)
[2021-11-12T20:36:53.413-0800][gc          ] GC(243) Pause Young (Normal) (G1 Evacuation Pause) 449M->300M(1024M) 21.238ms
[2021-11-12T20:36:53.413-0800][gc,cpu      ] GC(243) User=0.08s Sys=0.00s Real=0.02s
[2021-11-12T20:38:00.966-0800][gc,start    ] GC(244) Pause Young (Normal) (G1 Evacuation Pause)
[2021-11-12T20:38:00.967-0800][gc,task     ] GC(244) Using 8 workers of 8 for evacuation
[2021-11-12T20:38:00.989-0800][gc,mmu      ] GC(244) MMU target violated: 21.0ms (20.0ms/21.0ms)
[2021-11-12T20:38:00.990-0800][gc,phases   ] GC(244)   Pre Evacuate Collection Set: 0.4ms
[2021-11-12T20:38:00.990-0800][gc,phases   ] GC(244)   Merge Heap Roots: 0.2ms
[2021-11-12T20:38:00.990-0800][gc,phases   ] GC(244)   Evacuate Collection Set: 20.7ms
[2021-11-12T20:38:00.990-0800][gc,phases   ] GC(244)   Post Evacuate Collection Set: 0.4ms
[2021-11-12T20:38:00.990-0800][gc,phases   ] GC(244)   Other: 1.6ms
[2021-11-12T20:38:00.990-0800][gc,heap     ] GC(244) Eden regions: 164->0(113)
[2021-11-12T20:38:00.990-0800][gc,heap     ] GC(244) Survivor regions: 12->14(22)
[2021-11-12T20:38:00.990-0800][gc,heap     ] GC(244) Old regions: 159->159
[2021-11-12T20:38:00.990-0800][gc,heap     ] GC(244) Archive regions: 2->2
[2021-11-12T20:38:00.990-0800][gc,heap     ] GC(244) Humongous regions: 129->129
[2021-11-12T20:38:00.990-0800][gc,metaspace] GC(244) Metaspace: 41307K(41920K)->41307K(41920K) NonClass: 36451K(36800K)->36451K(36800K) Class: 4855K(5120K)->4855K(5120K)
[2021-11-12T20:38:00.990-0800][gc          ] GC(244) Pause Young (Normal) (G1 Evacuation Pause) 464M->302M(1024M) 23.395ms
[2021-11-12T20:38:00.990-0800][gc,cpu      ] GC(244) User=0.08s Sys=0.01s Real=0.03s
[2021-11-12T20:38:47.433-0800][gc,start    ] GC(245) Pause Young (Normal) (G1 Evacuation Pause)
[2021-11-12T20:38:47.433-0800][gc,task     ] GC(245) Using 8 workers of 8 for evacuation
[2021-11-12T20:38:47.473-0800][gc,mmu      ] GC(245) MMU target violated: 21.0ms (20.0ms/21.0ms)
[2021-11-12T20:38:47.474-0800][gc,phases   ] GC(245)   Pre Evacuate Collection Set: 0.6ms
[2021-11-12T20:38:47.474-0800][gc,phases   ] GC(245)   Merge Heap Roots: 0.3ms
[2021-11-12T20:38:47.474-0800][gc,phases   ] GC(245)   Evacuate Collection Set: 37.8ms
[2021-11-12T20:38:47.474-0800][gc,phases   ] GC(245)   Post Evacuate Collection Set: 1.5ms
[2021-11-12T20:38:47.474-0800][gc,phases   ] GC(245)   Other: 0.9ms
[2021-11-12T20:38:47.474-0800][gc,heap     ] GC(245) Eden regions: 113->0(213)
[2021-11-12T20:38:47.474-0800][gc,heap     ] GC(245) Survivor regions: 14->8(16)
[2021-11-12T20:38:47.474-0800][gc,heap     ] GC(245) Old regions: 159->166
[2021-11-12T20:38:47.474-0800][gc,heap     ] GC(245) Archive regions: 2->2
[2021-11-12T20:38:47.474-0800][gc,heap     ] GC(245) Humongous regions: 129->129
[2021-11-12T20:38:47.474-0800][gc,metaspace] GC(245) Metaspace: 41307K(41920K)->41307K(41920K) NonClass: 36451K(36800K)->36451K(36800K) Class: 4855K(5120K)->4855K(5120K)
[2021-11-12T20:38:47.474-0800][gc          ] GC(245) Pause Young (Normal) (G1 Evacuation Pause) 415M->303M(1024M) 41.331ms
[2021-11-12T20:38:47.474-0800][gc,cpu      ] GC(245) User=0.07s Sys=0.03s Real=0.04s
[2021-11-12T20:40:16.733-0800][gc,start    ] GC(246) Pause Young (Normal) (G1 Evacuation Pause)
[2021-11-12T20:40:16.734-0800][gc,task     ] GC(246) Using 8 workers of 8 for evacuation
[2021-11-12T20:40:16.766-0800][gc,mmu      ] GC(246) MMU target violated: 21.0ms (20.0ms/21.0ms)
[2021-11-12T20:40:16.766-0800][gc,phases   ] GC(246)   Pre Evacuate Collection Set: 1.2ms
[2021-11-12T20:40:16.766-0800][gc,phases   ] GC(246)   Merge Heap Roots: 0.3ms
[2021-11-12T20:40:16.766-0800][gc,phases   ] GC(246)   Evacuate Collection Set: 27.8ms
[2021-11-12T20:40:16.766-0800][gc,phases   ] GC(246)   Post Evacuate Collection Set: 1.6ms
[2021-11-12T20:40:16.766-0800][gc,phases   ] GC(246)   Other: 2.2ms
[2021-11-12T20:40:16.766-0800][gc,heap     ] GC(246) Eden regions: 212->0(39)
[2021-11-12T20:40:16.766-0800][gc,heap     ] GC(246) Survivor regions: 8->12(28)
[2021-11-12T20:40:16.766-0800][gc,heap     ] GC(246) Old regions: 166->166
[2021-11-12T20:40:16.766-0800][gc,heap     ] GC(246) Archive regions: 2->2
[2021-11-12T20:40:16.766-0800][gc,heap     ] GC(246) Humongous regions: 129->129
[2021-11-12T20:40:16.766-0800][gc,metaspace] GC(246) Metaspace: 41307K(41920K)->41307K(41920K) NonClass: 36451K(36800K)->36451K(36800K) Class: 4855K(5120K)->4855K(5120K)
[2021-11-12T20:40:16.766-0800][gc          ] GC(246) Pause Young (Normal) (G1 Evacuation Pause) 515M->306M(1024M) 33.140ms
[2021-11-12T20:40:16.766-0800][gc,cpu      ] GC(246) User=0.06s Sys=0.05s Real=0.03s
[2021-11-12T20:40:33.547-0800][gc,start    ] GC(247) Pause Young (Normal) (G1 Evacuation Pause)
[2021-11-12T20:40:33.548-0800][gc,task     ] GC(247) Using 8 workers of 8 for evacuation
[2021-11-12T20:40:33.566-0800][gc,phases   ] GC(247)   Pre Evacuate Collection Set: 0.3ms
[2021-11-12T20:40:33.566-0800][gc,phases   ] GC(247)   Merge Heap Roots: 0.1ms
[2021-11-12T20:40:33.566-0800][gc,phases   ] GC(247)   Evacuate Collection Set: 17.0ms
[2021-11-12T20:40:33.566-0800][gc,phases   ] GC(247)   Post Evacuate Collection Set: 0.5ms
[2021-11-12T20:40:33.566-0800][gc,phases   ] GC(247)   Other: 1.1ms
[2021-11-12T20:40:33.566-0800][gc,heap     ] GC(247) Eden regions: 39->0(485)
[2021-11-12T20:40:33.566-0800][gc,heap     ] GC(247) Survivor regions: 12->2(7)
[2021-11-12T20:40:33.566-0800][gc,heap     ] GC(247) Old regions: 166->175
[2021-11-12T20:40:33.566-0800][gc,heap     ] GC(247) Archive regions: 2->2
[2021-11-12T20:40:33.566-0800][gc,heap     ] GC(247) Humongous regions: 129->129
[2021-11-12T20:40:33.566-0800][gc,metaspace] GC(247) Metaspace: 41307K(41920K)->41307K(41920K) NonClass: 36451K(36800K)->36451K(36800K) Class: 4855K(5120K)->4855K(5120K)
[2021-11-12T20:40:33.566-0800][gc          ] GC(247) Pause Young (Normal) (G1 Evacuation Pause) 345M->306M(1024M) 19.204ms
[2021-11-12T20:40:33.566-0800][gc,cpu      ] GC(247) User=0.05s Sys=0.01s Real=0.02s
[2021-11-12T20:44:05.696-0800][gc,start    ] GC(248) Pause Young (Normal) (G1 Evacuation Pause)
[2021-11-12T20:44:05.697-0800][gc,task     ] GC(248) Using 8 workers of 8 for evacuation
[2021-11-12T20:44:05.728-0800][gc,mmu      ] GC(248) MMU target violated: 21.0ms (20.0ms/21.0ms)
[2021-11-12T20:44:05.728-0800][gc,phases   ] GC(248)   Pre Evacuate Collection Set: 0.8ms
[2021-11-12T20:44:05.728-0800][gc,phases   ] GC(248)   Merge Heap Roots: 0.4ms
[2021-11-12T20:44:05.728-0800][gc,phases   ] GC(248)   Evacuate Collection Set: 26.6ms
[2021-11-12T20:44:05.728-0800][gc,phases   ] GC(248)   Post Evacuate Collection Set: 2.0ms
[2021-11-12T20:44:05.728-0800][gc,phases   ] GC(248)   Other: 2.0ms
[2021-11-12T20:44:05.728-0800][gc,heap     ] GC(248) Eden regions: 485->0(227)
[2021-11-12T20:44:05.728-0800][gc,heap     ] GC(248) Survivor regions: 2->7(61)
[2021-11-12T20:44:05.728-0800][gc,heap     ] GC(248) Old regions: 175->175
[2021-11-12T20:44:05.728-0800][gc,heap     ] GC(248) Archive regions: 2->2
[2021-11-12T20:44:05.728-0800][gc,heap     ] GC(248) Humongous regions: 129->129
[2021-11-12T20:44:05.728-0800][gc,metaspace] GC(248) Metaspace: 41307K(41920K)->41307K(41920K) NonClass: 36451K(36800K)->36451K(36800K) Class: 4855K(5120K)->4855K(5120K)
[2021-11-12T20:44:05.728-0800][gc          ] GC(248) Pause Young (Normal) (G1 Evacuation Pause) 791M->311M(1024M) 31.963ms
[2021-11-12T20:44:05.728-0800][gc,cpu      ] GC(248) User=0.07s Sys=0.05s Real=0.03s
[2021-11-12T20:45:44.575-0800][gc,start    ] GC(249) Pause Young (Normal) (G1 Evacuation Pause)
[2021-11-12T20:45:44.576-0800][gc,task     ] GC(249) Using 8 workers of 8 for evacuation
[2021-11-12T20:45:44.601-0800][gc,mmu      ] GC(249) MMU target violated: 21.0ms (20.0ms/21.0ms)
[2021-11-12T20:45:44.601-0800][gc,phases   ] GC(249)   Pre Evacuate Collection Set: 0.5ms
[2021-11-12T20:45:44.601-0800][gc,phases   ] GC(249)   Merge Heap Roots: 0.2ms
[2021-11-12T20:45:44.601-0800][gc,phases   ] GC(249)   Evacuate Collection Set: 23.3ms
[2021-11-12T20:45:44.601-0800][gc,phases   ] GC(249)   Post Evacuate Collection Set: 0.4ms
[2021-11-12T20:45:44.601-0800][gc,phases   ] GC(249)   Other: 1.0ms
[2021-11-12T20:45:44.601-0800][gc,heap     ] GC(249) Eden regions: 227->0(41)
[2021-11-12T20:45:44.601-0800][gc,heap     ] GC(249) Survivor regions: 7->10(30)
[2021-11-12T20:45:44.601-0800][gc,heap     ] GC(249) Old regions: 175->175
[2021-11-12T20:45:44.601-0800][gc,heap     ] GC(249) Archive regions: 2->2
[2021-11-12T20:45:44.601-0800][gc,heap     ] GC(249) Humongous regions: 129->129
[2021-11-12T20:45:44.601-0800][gc,metaspace] GC(249) Metaspace: 41307K(41920K)->41307K(41920K) NonClass: 36451K(36800K)->36451K(36800K) Class: 4855K(5120K)->4855K(5120K)
[2021-11-12T20:45:44.601-0800][gc          ] GC(249) Pause Young (Normal) (G1 Evacuation Pause) 538M->313M(1024M) 25.512ms
[2021-11-12T20:45:44.601-0800][gc,cpu      ] GC(249) User=0.06s Sys=0.02s Real=0.03s
[2021-11-12T20:46:02.283-0800][gc,start    ] GC(250) Pause Young (Normal) (G1 Evacuation Pause)
[2021-11-12T20:46:02.284-0800][gc,task     ] GC(250) Using 8 workers of 8 for evacuation
[2021-11-12T20:46:02.304-0800][gc,phases   ] GC(250)   Pre Evacuate Collection Set: 0.5ms
[2021-11-12T20:46:02.304-0800][gc,phases   ] GC(250)   Merge Heap Roots: 0.2ms
[2021-11-12T20:46:02.304-0800][gc,phases   ] GC(250)   Evacuate Collection Set: 18.9ms
[2021-11-12T20:46:02.304-0800][gc,phases   ] GC(250)   Post Evacuate Collection Set: 0.4ms
[2021-11-12T20:46:02.304-0800][gc,phases   ] GC(250)   Other: 0.9ms
[2021-11-12T20:46:02.304-0800][gc,heap     ] GC(250) Eden regions: 41->0(373)
[2021-11-12T20:46:02.304-0800][gc,heap     ] GC(250) Survivor regions: 10->5(7)
[2021-11-12T20:46:02.304-0800][gc,heap     ] GC(250) Old regions: 175->181
[2021-11-12T20:46:02.304-0800][gc,heap     ] GC(250) Archive regions: 2->2
[2021-11-12T20:46:02.304-0800][gc,heap     ] GC(250) Humongous regions: 129->129
[2021-11-12T20:46:02.304-0800][gc,metaspace] GC(250) Metaspace: 41307K(41920K)->41307K(41920K) NonClass: 36451K(36800K)->36451K(36800K) Class: 4855K(5120K)->4855K(5120K)
[2021-11-12T20:46:02.304-0800][gc          ] GC(250) Pause Young (Normal) (G1 Evacuation Pause) 354M->314M(1024M) 21.003ms
[2021-11-12T20:46:02.304-0800][gc,cpu      ] GC(250) User=0.05s Sys=0.01s Real=0.02s
[2021-11-12T20:48:41.553-0800][gc,start    ] GC(251) Pause Young (Normal) (G1 Evacuation Pause)
[2021-11-12T20:48:41.554-0800][gc,task     ] GC(251) Using 8 workers of 8 for evacuation
[2021-11-12T20:48:41.586-0800][gc,mmu      ] GC(251) MMU target violated: 21.0ms (20.0ms/21.0ms)
[2021-11-12T20:48:41.587-0800][gc,phases   ] GC(251)   Pre Evacuate Collection Set: 1.0ms
[2021-11-12T20:48:41.587-0800][gc,phases   ] GC(251)   Merge Heap Roots: 0.5ms
[2021-11-12T20:48:41.587-0800][gc,phases   ] GC(251)   Evacuate Collection Set: 29.0ms
[2021-11-12T20:48:41.587-0800][gc,phases   ] GC(251)   Post Evacuate Collection Set: 1.1ms
[2021-11-12T20:48:41.587-0800][gc,phases   ] GC(251)   Other: 1.7ms
[2021-11-12T20:48:41.587-0800][gc,heap     ] GC(251) Eden regions: 370->0(41)
[2021-11-12T20:48:41.587-0800][gc,heap     ] GC(251) Survivor regions: 5->10(47)
[2021-11-12T20:48:41.587-0800][gc,heap     ] GC(251) Old regions: 181->181
[2021-11-12T20:48:41.587-0800][gc,heap     ] GC(251) Archive regions: 2->2
[2021-11-12T20:48:41.587-0800][gc,heap     ] GC(251) Humongous regions: 129->129
[2021-11-12T20:48:41.587-0800][gc,metaspace] GC(251) Metaspace: 41307K(41920K)->41307K(41920K) NonClass: 36451K(36800K)->36451K(36800K) Class: 4855K(5120K)->4855K(5120K)
[2021-11-12T20:48:41.587-0800][gc          ] GC(251) Pause Young (Normal) (G1 Evacuation Pause) 684M->319M(1024M) 33.374ms
[2021-11-12T20:48:41.587-0800][gc,cpu      ] GC(251) User=0.07s Sys=0.06s Real=0.03s
[2021-11-12T20:48:59.210-0800][gc,start    ] GC(252) Pause Young (Normal) (G1 Evacuation Pause)
[2021-11-12T20:48:59.211-0800][gc,task     ] GC(252) Using 8 workers of 8 for evacuation
[2021-11-12T20:48:59.233-0800][gc,mmu      ] GC(252) MMU target violated: 21.0ms (20.0ms/21.0ms)
[2021-11-12T20:48:59.233-0800][gc,phases   ] GC(252)   Pre Evacuate Collection Set: 0.4ms
[2021-11-12T20:48:59.233-0800][gc,phases   ] GC(252)   Merge Heap Roots: 0.1ms
[2021-11-12T20:48:59.233-0800][gc,phases   ] GC(252)   Evacuate Collection Set: 20.4ms
[2021-11-12T20:48:59.233-0800][gc,phases   ] GC(252)   Post Evacuate Collection Set: 0.5ms
[2021-11-12T20:48:59.233-0800][gc,phases   ] GC(252)   Other: 1.7ms
[2021-11-12T20:48:59.233-0800][gc,heap     ] GC(252) Eden regions: 41->0(493)
[2021-11-12T20:48:59.233-0800][gc,heap     ] GC(252) Survivor regions: 10->3(7)
[2021-11-12T20:48:59.233-0800][gc,heap     ] GC(252) Old regions: 181->189
[2021-11-12T20:48:59.233-0800][gc,heap     ] GC(252) Archive regions: 2->2
[2021-11-12T20:48:59.233-0800][gc,heap     ] GC(252) Humongous regions: 129->129
[2021-11-12T20:48:59.233-0800][gc,metaspace] GC(252) Metaspace: 41307K(41920K)->41307K(41920K) NonClass: 36451K(36800K)->36451K(36800K) Class: 4855K(5120K)->4855K(5120K)
[2021-11-12T20:48:59.234-0800][gc          ] GC(252) Pause Young (Normal) (G1 Evacuation Pause) 360M->320M(1024M) 23.325ms
[2021-11-12T20:48:59.234-0800][gc,cpu      ] GC(252) User=0.07s Sys=0.01s Real=0.02s
[2021-11-12T20:52:33.981-0800][gc,start    ] GC(253) Pause Young (Normal) (G1 Evacuation Pause)
[2021-11-12T20:52:33.982-0800][gc,task     ] GC(253) Using 8 workers of 8 for evacuation
[2021-11-12T20:52:34.019-0800][gc,mmu      ] GC(253) MMU target violated: 21.0ms (20.0ms/21.0ms)
[2021-11-12T20:52:34.020-0800][gc,phases   ] GC(253)   Pre Evacuate Collection Set: 1.1ms
[2021-11-12T20:52:34.020-0800][gc,phases   ] GC(253)   Merge Heap Roots: 0.4ms
[2021-11-12T20:52:34.020-0800][gc,phases   ] GC(253)   Evacuate Collection Set: 33.3ms
[2021-11-12T20:52:34.020-0800][gc,phases   ] GC(253)   Post Evacuate Collection Set: 1.7ms
[2021-11-12T20:52:34.020-0800][gc,phases   ] GC(253)   Other: 2.4ms
[2021-11-12T20:52:34.020-0800][gc,heap     ] GC(253) Eden regions: 493->0(43)
[2021-11-12T20:52:34.020-0800][gc,heap     ] GC(253) Survivor regions: 3->8(62)
[2021-11-12T20:52:34.020-0800][gc,heap     ] GC(253) Old regions: 189->189
[2021-11-12T20:52:34.020-0800][gc,heap     ] GC(253) Archive regions: 2->2
[2021-11-12T20:52:34.020-0800][gc,heap     ] GC(253) Humongous regions: 129->129
[2021-11-12T20:52:34.020-0800][gc,metaspace] GC(253) Metaspace: 41307K(41920K)->41307K(41920K) NonClass: 36451K(36800K)->36451K(36800K) Class: 4855K(5120K)->4855K(5120K)
[2021-11-12T20:52:34.020-0800][gc          ] GC(253) Pause Young (Normal) (G1 Evacuation Pause) 813M->325M(1024M) 38.961ms
[2021-11-12T20:52:34.020-0800][gc,cpu      ] GC(253) User=0.06s Sys=0.10s Real=0.04s
[2021-11-12T20:52:52.535-0800][gc,start    ] GC(254) Pause Young (Normal) (G1 Evacuation Pause)
[2021-11-12T20:52:52.553-0800][gc,task     ] GC(254) Using 8 workers of 8 for evacuation
[2021-11-12T20:52:52.573-0800][gc,mmu      ] GC(254) MMU target violated: 20.5ms (20.0ms/21.0ms)
[2021-11-12T20:52:52.574-0800][gc,phases   ] GC(254)   Pre Evacuate Collection Set: 0.3ms
[2021-11-12T20:52:52.574-0800][gc,phases   ] GC(254)   Merge Heap Roots: 0.1ms
[2021-11-12T20:52:52.574-0800][gc,phases   ] GC(254)   Evacuate Collection Set: 18.7ms
[2021-11-12T20:52:52.574-0800][gc,phases   ] GC(254)   Post Evacuate Collection Set: 1.3ms
[2021-11-12T20:52:52.574-0800][gc,phases   ] GC(254)   Other: 18.3ms
[2021-11-12T20:52:52.574-0800][gc,heap     ] GC(254) Eden regions: 43->0(447)
[2021-11-12T20:52:52.574-0800][gc,heap     ] GC(254) Survivor regions: 8->2(7)
[2021-11-12T20:52:52.574-0800][gc,heap     ] GC(254) Old regions: 189->194
[2021-11-12T20:52:52.574-0800][gc,heap     ] GC(254) Archive regions: 2->2
[2021-11-12T20:52:52.574-0800][gc,heap     ] GC(254) Humongous regions: 129->129
[2021-11-12T20:52:52.574-0800][gc,metaspace] GC(254) Metaspace: 41307K(41920K)->41307K(41920K) NonClass: 36451K(36800K)->36451K(36800K) Class: 4855K(5120K)->4855K(5120K)
[2021-11-12T20:52:52.574-0800][gc          ] GC(254) Pause Young (Normal) (G1 Evacuation Pause) 368M->325M(1024M) 38.835ms
[2021-11-12T20:52:52.574-0800][gc,cpu      ] GC(254) User=0.05s Sys=0.02s Real=0.04s
[2021-11-12T20:56:07.654-0800][gc,start    ] GC(255) Pause Young (Normal) (G1 Evacuation Pause)
[2021-11-12T20:56:07.655-0800][gc,task     ] GC(255) Using 8 workers of 8 for evacuation
[2021-11-12T20:56:07.688-0800][gc,mmu      ] GC(255) MMU target violated: 21.0ms (20.0ms/21.0ms)
[2021-11-12T20:56:07.688-0800][gc,phases   ] GC(255)   Pre Evacuate Collection Set: 0.7ms
[2021-11-12T20:56:07.688-0800][gc,phases   ] GC(255)   Merge Heap Roots: 0.2ms
[2021-11-12T20:56:07.688-0800][gc,phases   ] GC(255)   Evacuate Collection Set: 30.9ms
[2021-11-12T20:56:07.688-0800][gc,phases   ] GC(255)   Post Evacuate Collection Set: 1.2ms
[2021-11-12T20:56:07.688-0800][gc,phases   ] GC(255)   Other: 1.3ms
[2021-11-12T20:56:07.688-0800][gc,heap     ] GC(255) Eden regions: 447->0(44)
[2021-11-12T20:56:07.688-0800][gc,heap     ] GC(255) Survivor regions: 2->7(57)
[2021-11-12T20:56:07.688-0800][gc,heap     ] GC(255) Old regions: 194->194
[2021-11-12T20:56:07.688-0800][gc,heap     ] GC(255) Archive regions: 2->2
[2021-11-12T20:56:07.688-0800][gc,heap     ] GC(255) Humongous regions: 129->129
[2021-11-12T20:56:07.688-0800][gc,metaspace] GC(255) Metaspace: 41307K(41920K)->41307K(41920K) NonClass: 36451K(36800K)->36451K(36800K) Class: 4855K(5120K)->4855K(5120K)
[2021-11-12T20:56:07.688-0800][gc          ] GC(255) Pause Young (Normal) (G1 Evacuation Pause) 772M->330M(1024M) 34.254ms
[2021-11-12T20:56:07.688-0800][gc,cpu      ] GC(255) User=0.04s Sys=0.08s Real=0.03s
[2021-11-12T20:56:26.593-0800][gc,start    ] GC(256) Pause Young (Normal) (G1 Evacuation Pause)
[2021-11-12T20:56:26.605-0800][gc,task     ] GC(256) Using 8 workers of 8 for evacuation
[2021-11-12T20:56:26.623-0800][gc,phases   ] GC(256)   Pre Evacuate Collection Set: 0.5ms
[2021-11-12T20:56:26.625-0800][gc,phases   ] GC(256)   Merge Heap Roots: 0.2ms
[2021-11-12T20:56:26.625-0800][gc,phases   ] GC(256)   Evacuate Collection Set: 17.1ms
[2021-11-12T20:56:26.625-0800][gc,phases   ] GC(256)   Post Evacuate Collection Set: 0.5ms
[2021-11-12T20:56:26.625-0800][gc,phases   ] GC(256)   Other: 12.1ms
[2021-11-12T20:56:26.625-0800][gc,heap     ] GC(256) Eden regions: 44->0(386)
[2021-11-12T20:56:26.625-0800][gc,heap     ] GC(256) Survivor regions: 7->2(7)
[2021-11-12T20:56:26.625-0800][gc,heap     ] GC(256) Old regions: 194->200
[2021-11-12T20:56:26.625-0800][gc,heap     ] GC(256) Archive regions: 2->2
[2021-11-12T20:56:26.625-0800][gc,heap     ] GC(256) Humongous regions: 129->129
[2021-11-12T20:56:26.625-0800][gc,metaspace] GC(256) Metaspace: 41307K(41920K)->41307K(41920K) NonClass: 36451K(36800K)->36451K(36800K) Class: 4855K(5120K)->4855K(5120K)
[2021-11-12T20:56:26.625-0800][gc          ] GC(256) Pause Young (Normal) (G1 Evacuation Pause) 374M->330M(1024M) 32.307ms
[2021-11-12T20:56:26.625-0800][gc,cpu      ] GC(256) User=0.04s Sys=0.01s Real=0.03s
[2021-11-12T20:59:12.448-0800][gc,start    ] GC(257) Pause Young (Normal) (G1 Evacuation Pause)
[2021-11-12T20:59:12.448-0800][gc,task     ] GC(257) Using 8 workers of 8 for evacuation
[2021-11-12T20:59:12.495-0800][gc,mmu      ] GC(257) MMU target violated: 21.0ms (20.0ms/21.0ms)
[2021-11-12T20:59:12.495-0800][gc,phases   ] GC(257)   Pre Evacuate Collection Set: 0.7ms
[2021-11-12T20:59:12.495-0800][gc,phases   ] GC(257)   Merge Heap Roots: 0.3ms
[2021-11-12T20:59:12.495-0800][gc,phases   ] GC(257)   Evacuate Collection Set: 44.8ms
[2021-11-12T20:59:12.495-0800][gc,phases   ] GC(257)   Post Evacuate Collection Set: 1.1ms
[2021-11-12T20:59:12.495-0800][gc,phases   ] GC(257)   Other: 0.9ms
[2021-11-12T20:59:12.495-0800][gc,heap     ] GC(257) Eden regions: 386->0(44)
[2021-11-12T20:59:12.495-0800][gc,heap     ] GC(257) Survivor regions: 2->7(49)
[2021-11-12T20:59:12.495-0800][gc,heap     ] GC(257) Old regions: 200->200
[2021-11-12T20:59:12.495-0800][gc,heap     ] GC(257) Archive regions: 2->2
[2021-11-12T20:59:12.495-0800][gc,heap     ] GC(257) Humongous regions: 129->129
[2021-11-12T20:59:12.495-0800][gc,metaspace] GC(257) Metaspace: 41308K(41920K)->41308K(41920K) NonClass: 36452K(36800K)->36452K(36800K) Class: 4855K(5120K)->4855K(5120K)
[2021-11-12T20:59:12.495-0800][gc          ] GC(257) Pause Young (Normal) (G1 Evacuation Pause) 716M->335M(1024M) 47.764ms
[2021-11-12T20:59:12.495-0800][gc,cpu      ] GC(257) User=0.04s Sys=0.07s Real=0.05s
[2021-11-12T20:59:31.099-0800][gc,start    ] GC(258) Pause Young (Normal) (G1 Evacuation Pause)
[2021-11-12T20:59:31.100-0800][gc,task     ] GC(258) Using 8 workers of 8 for evacuation
[2021-11-12T20:59:31.117-0800][gc,phases   ] GC(258)   Pre Evacuate Collection Set: 0.3ms
[2021-11-12T20:59:31.117-0800][gc,phases   ] GC(258)   Merge Heap Roots: 0.2ms
[2021-11-12T20:59:31.117-0800][gc,phases   ] GC(258)   Evacuate Collection Set: 15.8ms
[2021-11-12T20:59:31.117-0800][gc,phases   ] GC(258)   Post Evacuate Collection Set: 0.7ms
[2021-11-12T20:59:31.117-0800][gc,phases   ] GC(258)   Other: 1.4ms
[2021-11-12T20:59:31.117-0800][gc,heap     ] GC(258) Eden regions: 44->0(179)
[2021-11-12T20:59:31.117-0800][gc,heap     ] GC(258) Survivor regions: 7->3(7)
[2021-11-12T20:59:31.117-0800][gc,heap     ] GC(258) Old regions: 200->205
[2021-11-12T20:59:31.117-0800][gc,heap     ] GC(258) Archive regions: 2->2
[2021-11-12T20:59:31.117-0800][gc,heap     ] GC(258) Humongous regions: 129->129
[2021-11-12T20:59:31.117-0800][gc,metaspace] GC(258) Metaspace: 41308K(41920K)->41308K(41920K) NonClass: 36452K(36800K)->36452K(36800K) Class: 4855K(5120K)->4855K(5120K)
[2021-11-12T20:59:31.117-0800][gc          ] GC(258) Pause Young (Normal) (G1 Evacuation Pause) 379M->336M(1024M) 18.581ms
[2021-11-12T20:59:31.117-0800][gc,cpu      ] GC(258) User=0.04s Sys=0.02s Real=0.02s
[2021-11-12T21:00:45.733-0800][gc,start    ] GC(259) Pause Young (Normal) (G1 Evacuation Pause)
[2021-11-12T21:00:45.734-0800][gc,task     ] GC(259) Using 8 workers of 8 for evacuation
[2021-11-12T21:00:45.768-0800][gc,mmu      ] GC(259) MMU target violated: 21.0ms (20.0ms/21.0ms)
[2021-11-12T21:00:45.768-0800][gc,phases   ] GC(259)   Pre Evacuate Collection Set: 0.8ms
[2021-11-12T21:00:45.768-0800][gc,phases   ] GC(259)   Merge Heap Roots: 0.2ms
[2021-11-12T21:00:45.768-0800][gc,phases   ] GC(259)   Evacuate Collection Set: 30.3ms
[2021-11-12T21:00:45.768-0800][gc,phases   ] GC(259)   Post Evacuate Collection Set: 1.9ms
[2021-11-12T21:00:45.768-0800][gc,phases   ] GC(259)   Other: 1.6ms
[2021-11-12T21:00:45.768-0800][gc,heap     ] GC(259) Eden regions: 179->0(125)
[2021-11-12T21:00:45.768-0800][gc,heap     ] GC(259) Survivor regions: 3->4(23)
[2021-11-12T21:00:45.768-0800][gc,heap     ] GC(259) Old regions: 205->205
[2021-11-12T21:00:45.768-0800][gc,heap     ] GC(259) Archive regions: 2->2
[2021-11-12T21:00:45.768-0800][gc,heap     ] GC(259) Humongous regions: 129->129
[2021-11-12T21:00:45.768-0800][gc,metaspace] GC(259) Metaspace: 41308K(41920K)->41308K(41920K) NonClass: 36452K(36800K)->36452K(36800K) Class: 4855K(5120K)->4855K(5120K)
[2021-11-12T21:00:45.768-0800][gc          ] GC(259) Pause Young (Normal) (G1 Evacuation Pause) 515M->338M(1024M) 35.043ms
[2021-11-12T21:00:45.768-0800][gc,cpu      ] GC(259) User=0.03s Sys=0.02s Real=0.03s
[2021-11-12T21:01:39.419-0800][gc,start    ] GC(260) Pause Young (Normal) (G1 Evacuation Pause)
[2021-11-12T21:01:39.419-0800][gc,task     ] GC(260) Using 8 workers of 8 for evacuation
[2021-11-12T21:01:39.439-0800][gc,phases   ] GC(260)   Pre Evacuate Collection Set: 0.8ms
[2021-11-12T21:01:39.439-0800][gc,phases   ] GC(260)   Merge Heap Roots: 0.4ms
[2021-11-12T21:01:39.439-0800][gc,phases   ] GC(260)   Evacuate Collection Set: 17.1ms
[2021-11-12T21:01:39.439-0800][gc,phases   ] GC(260)   Post Evacuate Collection Set: 1.0ms
[2021-11-12T21:01:39.439-0800][gc,phases   ] GC(260)   Other: 0.8ms
[2021-11-12T21:01:39.439-0800][gc,heap     ] GC(260) Eden regions: 125->0(101)
[2021-11-12T21:01:39.439-0800][gc,heap     ] GC(260) Survivor regions: 4->5(17)
[2021-11-12T21:01:39.439-0800][gc,heap     ] GC(260) Old regions: 205->205
[2021-11-12T21:01:39.439-0800][gc,heap     ] GC(260) Archive regions: 2->2
[2021-11-12T21:01:39.439-0800][gc,heap     ] GC(260) Humongous regions: 129->129
[2021-11-12T21:01:39.439-0800][gc,metaspace] GC(260) Metaspace: 41308K(41920K)->41308K(41920K) NonClass: 36452K(36800K)->36452K(36800K) Class: 4855K(5120K)->4855K(5120K)
[2021-11-12T21:01:39.439-0800][gc          ] GC(260) Pause Young (Normal) (G1 Evacuation Pause) 463M->339M(1024M) 20.492ms
[2021-11-12T21:01:39.439-0800][gc,cpu      ] GC(260) User=0.03s Sys=0.02s Real=0.02s
[2021-11-12T21:02:20.958-0800][gc,start    ] GC(261) Pause Young (Normal) (G1 Evacuation Pause)
[2021-11-12T21:02:20.959-0800][gc,task     ] GC(261) Using 8 workers of 8 for evacuation
[2021-11-12T21:02:20.974-0800][gc,phases   ] GC(261)   Pre Evacuate Collection Set: 0.4ms
[2021-11-12T21:02:20.974-0800][gc,phases   ] GC(261)   Merge Heap Roots: 0.1ms
[2021-11-12T21:02:20.974-0800][gc,phases   ] GC(261)   Evacuate Collection Set: 13.3ms
[2021-11-12T21:02:20.974-0800][gc,phases   ] GC(261)   Post Evacuate Collection Set: 0.5ms
[2021-11-12T21:02:20.974-0800][gc,phases   ] GC(261)   Other: 1.4ms
[2021-11-12T21:02:20.974-0800][gc,heap     ] GC(261) Eden regions: 101->0(68)
[2021-11-12T21:02:20.974-0800][gc,heap     ] GC(261) Survivor regions: 5->7(14)
[2021-11-12T21:02:20.974-0800][gc,heap     ] GC(261) Old regions: 205->205
[2021-11-12T21:02:20.974-0800][gc,heap     ] GC(261) Archive regions: 2->2
[2021-11-12T21:02:20.974-0800][gc,heap     ] GC(261) Humongous regions: 129->129
[2021-11-12T21:02:20.974-0800][gc,metaspace] GC(261) Metaspace: 41308K(41920K)->41308K(41920K) NonClass: 36452K(36800K)->36452K(36800K) Class: 4855K(5120K)->4855K(5120K)
[2021-11-12T21:02:20.974-0800][gc          ] GC(261) Pause Young (Normal) (G1 Evacuation Pause) 440M->340M(1024M) 15.842ms
[2021-11-12T21:02:20.974-0800][gc,cpu      ] GC(261) User=0.04s Sys=0.00s Real=0.02s
[2021-11-12T21:02:48.931-0800][gc,start    ] GC(262) Pause Young (Normal) (G1 Evacuation Pause)
[2021-11-12T21:02:48.932-0800][gc,task     ] GC(262) Using 8 workers of 8 for evacuation
[2021-11-12T21:02:48.948-0800][gc,phases   ] GC(262)   Pre Evacuate Collection Set: 0.3ms
[2021-11-12T21:02:48.948-0800][gc,phases   ] GC(262)   Merge Heap Roots: 0.1ms
[2021-11-12T21:02:48.948-0800][gc,phases   ] GC(262)   Evacuate Collection Set: 15.1ms
[2021-11-12T21:02:48.948-0800][gc,phases   ] GC(262)   Post Evacuate Collection Set: 0.4ms
[2021-11-12T21:02:48.948-0800][gc,phases   ] GC(262)   Other: 1.5ms
[2021-11-12T21:02:48.948-0800][gc,heap     ] GC(262) Eden regions: 68->0(220)
[2021-11-12T21:02:48.948-0800][gc,heap     ] GC(262) Survivor regions: 7->5(10)
[2021-11-12T21:02:48.948-0800][gc,heap     ] GC(262) Old regions: 205->207
[2021-11-12T21:02:48.948-0800][gc,heap     ] GC(262) Archive regions: 2->2
[2021-11-12T21:02:48.948-0800][gc,heap     ] GC(262) Humongous regions: 129->129
[2021-11-12T21:02:48.948-0800][gc,metaspace] GC(262) Metaspace: 41308K(41920K)->41308K(41920K) NonClass: 36452K(36800K)->36452K(36800K) Class: 4855K(5120K)->4855K(5120K)
[2021-11-12T21:02:48.949-0800][gc          ] GC(262) Pause Young (Normal) (G1 Evacuation Pause) 408M->341M(1024M) 17.616ms
[2021-11-12T21:02:48.949-0800][gc,cpu      ] GC(262) User=0.05s Sys=0.00s Real=0.01s
[2021-11-12T21:04:18.584-0800][gc,start    ] GC(263) Pause Young (Normal) (G1 Evacuation Pause)
[2021-11-12T21:04:18.585-0800][gc,task     ] GC(263) Using 8 workers of 8 for evacuation
[2021-11-12T21:04:18.628-0800][gc,mmu      ] GC(263) MMU target violated: 21.0ms (20.0ms/21.0ms)
[2021-11-12T21:04:18.628-0800][gc,phases   ] GC(263)   Pre Evacuate Collection Set: 1.1ms
[2021-11-12T21:04:18.628-0800][gc,phases   ] GC(263)   Merge Heap Roots: 0.3ms
[2021-11-12T21:04:18.628-0800][gc,phases   ] GC(263)   Evacuate Collection Set: 38.7ms
[2021-11-12T21:04:18.628-0800][gc,phases   ] GC(263)   Post Evacuate Collection Set: 1.8ms
[2021-11-12T21:04:18.628-0800][gc,phases   ] GC(263)   Other: 2.7ms
[2021-11-12T21:04:18.628-0800][gc,heap     ] GC(263) Eden regions: 216->0(44)
[2021-11-12T21:04:18.628-0800][gc,heap     ] GC(263) Survivor regions: 5->7(28)
[2021-11-12T21:04:18.628-0800][gc,heap     ] GC(263) Old regions: 207->207
[2021-11-12T21:04:18.628-0800][gc,heap     ] GC(263) Archive regions: 2->2
[2021-11-12T21:04:18.628-0800][gc,heap     ] GC(263) Humongous regions: 129->129
[2021-11-12T21:04:18.629-0800][gc,metaspace] GC(263) Metaspace: 41308K(41920K)->41308K(41920K) NonClass: 36452K(36800K)->36452K(36800K) Class: 4855K(5120K)->4855K(5120K)
[2021-11-12T21:04:18.629-0800][gc          ] GC(263) Pause Young (Normal) (G1 Evacuation Pause) 557M->343M(1024M) 44.771ms
[2021-11-12T21:04:18.629-0800][gc,cpu      ] GC(263) User=0.06s Sys=0.07s Real=0.04s
[2021-11-12T21:04:36.706-0800][gc,start    ] GC(264) Pause Young (Normal) (G1 Evacuation Pause)
[2021-11-12T21:04:36.706-0800][gc,task     ] GC(264) Using 8 workers of 8 for evacuation
[2021-11-12T21:04:36.728-0800][gc,mmu      ] GC(264) MMU target violated: 21.0ms (20.0ms/21.0ms)
[2021-11-12T21:04:36.728-0800][gc,phases   ] GC(264)   Pre Evacuate Collection Set: 0.3ms
[2021-11-12T21:04:36.728-0800][gc,phases   ] GC(264)   Merge Heap Roots: 0.1ms
[2021-11-12T21:04:36.729-0800][gc,phases   ] GC(264)   Evacuate Collection Set: 21.1ms
[2021-11-12T21:04:36.729-0800][gc,phases   ] GC(264)   Post Evacuate Collection Set: 0.6ms
[2021-11-12T21:04:36.729-0800][gc,phases   ] GC(264)   Other: 0.4ms
[2021-11-12T21:04:36.729-0800][gc,heap     ] GC(264) Eden regions: 44->0(110)
[2021-11-12T21:04:36.729-0800][gc,heap     ] GC(264) Survivor regions: 7->6(7)
[2021-11-12T21:04:36.729-0800][gc,heap     ] GC(264) Old regions: 207->210
[2021-11-12T21:04:36.729-0800][gc,heap     ] GC(264) Archive regions: 2->2
[2021-11-12T21:04:36.729-0800][gc,heap     ] GC(264) Humongous regions: 129->129
[2021-11-12T21:04:36.729-0800][gc,metaspace] GC(264) Metaspace: 41308K(41920K)->41308K(41920K) NonClass: 36452K(36800K)->36452K(36800K) Class: 4855K(5120K)->4855K(5120K)
[2021-11-12T21:04:36.729-0800][gc          ] GC(264) Pause Young (Normal) (G1 Evacuation Pause) 387M->344M(1024M) 22.724ms
[2021-11-12T21:04:36.729-0800][gc,cpu      ] GC(264) User=0.05s Sys=0.01s Real=0.02s
[2021-11-12T21:05:20.257-0800][gc,start    ] GC(265) Pause Young (Normal) (G1 Evacuation Pause)
[2021-11-12T21:05:20.258-0800][gc,task     ] GC(265) Using 8 workers of 8 for evacuation
[2021-11-12T21:05:20.282-0800][gc,mmu      ] GC(265) MMU target violated: 21.0ms (20.0ms/21.0ms)
[2021-11-12T21:05:20.283-0800][gc,phases   ] GC(265)   Pre Evacuate Collection Set: 1.8ms
[2021-11-12T21:05:20.283-0800][gc,phases   ] GC(265)   Merge Heap Roots: 0.5ms
[2021-11-12T21:05:20.283-0800][gc,phases   ] GC(265)   Evacuate Collection Set: 20.3ms
[2021-11-12T21:05:20.283-0800][gc,phases   ] GC(265)   Post Evacuate Collection Set: 1.6ms
[2021-11-12T21:05:20.283-0800][gc,phases   ] GC(265)   Other: 2.1ms
[2021-11-12T21:05:20.283-0800][gc,heap     ] GC(265) Eden regions: 106->0(177)
[2021-11-12T21:05:20.283-0800][gc,heap     ] GC(265) Survivor regions: 6->5(14)
[2021-11-12T21:05:20.283-0800][gc,heap     ] GC(265) Old regions: 210->210
[2021-11-12T21:05:20.283-0800][gc,heap     ] GC(265) Archive regions: 2->2
[2021-11-12T21:05:20.283-0800][gc,heap     ] GC(265) Humongous regions: 129->129
[2021-11-12T21:05:20.283-0800][gc,metaspace] GC(265) Metaspace: 41308K(41920K)->41308K(41920K) NonClass: 36452K(36800K)->36452K(36800K) Class: 4855K(5120K)->4855K(5120K)
[2021-11-12T21:05:20.283-0800][gc          ] GC(265) Pause Young (Normal) (G1 Evacuation Pause) 450M->344M(1024M) 26.271ms
[2021-11-12T21:05:20.283-0800][gc,cpu      ] GC(265) User=0.04s Sys=0.03s Real=0.03s
[2021-11-12T21:06:32.993-0800][gc,start    ] GC(266) Pause Young (Normal) (G1 Evacuation Pause)
[2021-11-12T21:06:32.994-0800][gc,task     ] GC(266) Using 8 workers of 8 for evacuation
[2021-11-12T21:06:33.023-0800][gc,mmu      ] GC(266) MMU target violated: 21.0ms (20.0ms/21.0ms)
[2021-11-12T21:06:33.023-0800][gc,phases   ] GC(266)   Pre Evacuate Collection Set: 1.2ms
[2021-11-12T21:06:33.023-0800][gc,phases   ] GC(266)   Merge Heap Roots: 0.6ms
[2021-11-12T21:06:33.023-0800][gc,phases   ] GC(266)   Evacuate Collection Set: 22.8ms
[2021-11-12T21:06:33.023-0800][gc,phases   ] GC(266)   Post Evacuate Collection Set: 3.9ms
[2021-11-12T21:06:33.023-0800][gc,phases   ] GC(266)   Other: 1.8ms
[2021-11-12T21:06:33.023-0800][gc,heap     ] GC(266) Eden regions: 177->0(45)
[2021-11-12T21:06:33.023-0800][gc,heap     ] GC(266) Survivor regions: 5->7(23)
[2021-11-12T21:06:33.023-0800][gc,heap     ] GC(266) Old regions: 210->210
[2021-11-12T21:06:33.023-0800][gc,heap     ] GC(266) Archive regions: 2->2
[2021-11-12T21:06:33.023-0800][gc,heap     ] GC(266) Humongous regions: 129->129
[2021-11-12T21:06:33.023-0800][gc,metaspace] GC(266) Metaspace: 41308K(41920K)->41308K(41920K) NonClass: 36452K(36800K)->36452K(36800K) Class: 4855K(5120K)->4855K(5120K)
[2021-11-12T21:06:33.024-0800][gc          ] GC(266) Pause Young (Normal) (G1 Evacuation Pause) 521M->346M(1024M) 30.436ms
[2021-11-12T21:06:33.024-0800][gc,cpu      ] GC(266) User=0.06s Sys=0.04s Real=0.03s
[2021-11-12T21:06:51.093-0800][gc,start    ] GC(267) Pause Young (Normal) (G1 Evacuation Pause)
[2021-11-12T21:06:51.094-0800][gc,task     ] GC(267) Using 8 workers of 8 for evacuation
[2021-11-12T21:06:51.111-0800][gc,phases   ] GC(267)   Pre Evacuate Collection Set: 0.5ms
[2021-11-12T21:06:51.111-0800][gc,phases   ] GC(267)   Merge Heap Roots: 0.2ms
[2021-11-12T21:06:51.111-0800][gc,phases   ] GC(267)   Evacuate Collection Set: 15.4ms
[2021-11-12T21:06:51.111-0800][gc,phases   ] GC(267)   Post Evacuate Collection Set: 0.6ms
[2021-11-12T21:06:51.111-0800][gc,phases   ] GC(267)   Other: 1.4ms
[2021-11-12T21:06:51.111-0800][gc,heap     ] GC(267) Eden regions: 44->0(215)
[2021-11-12T21:06:51.111-0800][gc,heap     ] GC(267) Survivor regions: 7->5(7)
[2021-11-12T21:06:51.111-0800][gc,heap     ] GC(267) Old regions: 210->213
[2021-11-12T21:06:51.111-0800][gc,heap     ] GC(267) Archive regions: 2->2
[2021-11-12T21:06:51.111-0800][gc,heap     ] GC(267) Humongous regions: 129->129
[2021-11-12T21:06:51.111-0800][gc,metaspace] GC(267) Metaspace: 41308K(41920K)->41308K(41920K) NonClass: 36452K(36800K)->36452K(36800K) Class: 4855K(5120K)->4855K(5120K)
[2021-11-12T21:06:51.112-0800][gc          ] GC(267) Pause Young (Normal) (G1 Evacuation Pause) 390M->347M(1024M) 18.330ms
[2021-11-12T21:06:51.112-0800][gc,cpu      ] GC(267) User=0.05s Sys=0.01s Real=0.02s
[2021-11-12T21:08:16.805-0800][gc,start    ] GC(268) Pause Young (Normal) (G1 Evacuation Pause)
[2021-11-12T21:08:16.806-0800][gc,task     ] GC(268) Using 8 workers of 8 for evacuation
[2021-11-12T21:08:16.828-0800][gc,mmu      ] GC(268) MMU target violated: 21.0ms (20.0ms/21.0ms)
[2021-11-12T21:08:16.828-0800][gc,phases   ] GC(268)   Pre Evacuate Collection Set: 0.9ms
[2021-11-12T21:08:16.828-0800][gc,phases   ] GC(268)   Merge Heap Roots: 0.4ms
[2021-11-12T21:08:16.828-0800][gc,phases   ] GC(268)   Evacuate Collection Set: 19.3ms
[2021-11-12T21:08:16.828-0800][gc,phases   ] GC(268)   Post Evacuate Collection Set: 1.1ms
[2021-11-12T21:08:16.828-0800][gc,phases   ] GC(268)   Other: 0.9ms
[2021-11-12T21:08:16.828-0800][gc,heap     ] GC(268) Eden regions: 207->0(158)
[2021-11-12T21:08:16.828-0800][gc,heap     ] GC(268) Survivor regions: 5->7(27)
[2021-11-12T21:08:16.828-0800][gc,heap     ] GC(268) Old regions: 213->213
[2021-11-12T21:08:16.828-0800][gc,heap     ] GC(268) Archive regions: 2->2
[2021-11-12T21:08:16.828-0800][gc,heap     ] GC(268) Humongous regions: 129->129
[2021-11-12T21:08:16.828-0800][gc,metaspace] GC(268) Metaspace: 41308K(41920K)->41308K(41920K) NonClass: 36453K(36800K)->36453K(36800K) Class: 4855K(5120K)->4855K(5120K)
[2021-11-12T21:08:16.828-0800][gc          ] GC(268) Pause Young (Normal) (G1 Evacuation Pause) 554M->348M(1024M) 22.604ms
[2021-11-12T21:08:16.828-0800][gc,cpu      ] GC(268) User=0.05s Sys=0.03s Real=0.02s
[2021-11-12T21:09:22.129-0800][gc,start    ] GC(269) Pause Young (Normal) (G1 Evacuation Pause)
[2021-11-12T21:09:22.130-0800][gc,task     ] GC(269) Using 8 workers of 8 for evacuation
[2021-11-12T21:09:22.145-0800][gc,phases   ] GC(269)   Pre Evacuate Collection Set: 0.3ms
[2021-11-12T21:09:22.145-0800][gc,phases   ] GC(269)   Merge Heap Roots: 0.1ms
[2021-11-12T21:09:22.145-0800][gc,phases   ] GC(269)   Evacuate Collection Set: 13.6ms
[2021-11-12T21:09:22.145-0800][gc,phases   ] GC(269)   Post Evacuate Collection Set: 0.6ms
[2021-11-12T21:09:22.145-0800][gc,phases   ] GC(269)   Other: 0.6ms
[2021-11-12T21:09:22.145-0800][gc,heap     ] GC(269) Eden regions: 158->0(134)
[2021-11-12T21:09:22.145-0800][gc,heap     ] GC(269) Survivor regions: 7->9(21)
[2021-11-12T21:09:22.145-0800][gc,heap     ] GC(269) Old regions: 213->213
[2021-11-12T21:09:22.145-0800][gc,heap     ] GC(269) Archive regions: 2->2
[2021-11-12T21:09:22.145-0800][gc,heap     ] GC(269) Humongous regions: 129->129
[2021-11-12T21:09:22.145-0800][gc,metaspace] GC(269) Metaspace: 41308K(41920K)->41308K(41920K) NonClass: 36453K(36800K)->36453K(36800K) Class: 4855K(5120K)->4855K(5120K)
[2021-11-12T21:09:22.145-0800][gc          ] GC(269) Pause Young (Normal) (G1 Evacuation Pause) 506M->351M(1024M) 15.379ms
[2021-11-12T21:09:22.145-0800][gc,cpu      ] GC(269) User=0.05s Sys=0.00s Real=0.02s
[2021-11-12T21:10:17.426-0800][gc,start    ] GC(270) Pause Young (Normal) (G1 Evacuation Pause)
[2021-11-12T21:10:17.427-0800][gc,task     ] GC(270) Using 8 workers of 8 for evacuation
[2021-11-12T21:10:17.472-0800][gc,mmu      ] GC(270) MMU target violated: 21.0ms (20.0ms/21.0ms)
[2021-11-12T21:10:17.472-0800][gc,phases   ] GC(270)   Pre Evacuate Collection Set: 1.1ms
[2021-11-12T21:10:17.472-0800][gc,phases   ] GC(270)   Merge Heap Roots: 0.4ms
[2021-11-12T21:10:17.472-0800][gc,phases   ] GC(270)   Evacuate Collection Set: 41.9ms
[2021-11-12T21:10:17.472-0800][gc,phases   ] GC(270)   Post Evacuate Collection Set: 1.4ms
[2021-11-12T21:10:17.472-0800][gc,phases   ] GC(270)   Other: 0.9ms
[2021-11-12T21:10:17.472-0800][gc,heap     ] GC(270) Eden regions: 134->0(40)
[2021-11-12T21:10:17.472-0800][gc,heap     ] GC(270) Survivor regions: 9->11(18)
[2021-11-12T21:10:17.472-0800][gc,heap     ] GC(270) Old regions: 213->213
[2021-11-12T21:10:17.472-0800][gc,heap     ] GC(270) Archive regions: 2->2
[2021-11-12T21:10:17.472-0800][gc,heap     ] GC(270) Humongous regions: 129->129
[2021-11-12T21:10:17.472-0800][gc,metaspace] GC(270) Metaspace: 41308K(41920K)->41308K(41920K) NonClass: 36453K(36800K)->36453K(36800K) Class: 4855K(5120K)->4855K(5120K)
[2021-11-12T21:10:17.472-0800][gc          ] GC(270) Pause Young (Normal) (G1 Evacuation Pause) 485M->352M(1024M) 45.801ms
[2021-11-12T21:10:17.472-0800][gc,cpu      ] GC(270) User=0.07s Sys=0.04s Real=0.05s
[2021-11-12T21:10:33.824-0800][gc,start    ] GC(271) Pause Young (Normal) (G1 Evacuation Pause)
[2021-11-12T21:10:33.824-0800][gc,task     ] GC(271) Using 8 workers of 8 for evacuation
[2021-11-12T21:10:33.846-0800][gc,mmu      ] GC(271) MMU target violated: 21.0ms (20.0ms/21.0ms)
[2021-11-12T21:10:33.847-0800][gc,phases   ] GC(271)   Pre Evacuate Collection Set: 0.3ms
[2021-11-12T21:10:33.847-0800][gc,phases   ] GC(271)   Merge Heap Roots: 0.1ms
[2021-11-12T21:10:33.847-0800][gc,phases   ] GC(271)   Evacuate Collection Set: 21.2ms
[2021-11-12T21:10:33.847-0800][gc,phases   ] GC(271)   Post Evacuate Collection Set: 0.6ms
[2021-11-12T21:10:33.847-0800][gc,phases   ] GC(271)   Other: 0.9ms
[2021-11-12T21:10:33.847-0800][gc,heap     ] GC(271) Eden regions: 40->0(272)
[2021-11-12T21:10:33.847-0800][gc,heap     ] GC(271) Survivor regions: 11->5(7)
[2021-11-12T21:10:33.847-0800][gc,heap     ] GC(271) Old regions: 213->220
[2021-11-12T21:10:33.847-0800][gc,heap     ] GC(271) Archive regions: 2->2
[2021-11-12T21:10:33.847-0800][gc,heap     ] GC(271) Humongous regions: 129->129
[2021-11-12T21:10:33.847-0800][gc,metaspace] GC(271) Metaspace: 41308K(41920K)->41308K(41920K) NonClass: 36453K(36800K)->36453K(36800K) Class: 4855K(5120K)->4855K(5120K)
[2021-11-12T21:10:33.847-0800][gc          ] GC(271) Pause Young (Normal) (G1 Evacuation Pause) 392M->353M(1024M) 23.297ms
[2021-11-12T21:10:33.847-0800][gc,cpu      ] GC(271) User=0.06s Sys=0.01s Real=0.02s
[2021-11-12T21:12:26.465-0800][gc,start    ] GC(272) Pause Young (Normal) (G1 Evacuation Pause)
[2021-11-12T21:12:26.466-0800][gc,task     ] GC(272) Using 8 workers of 8 for evacuation
[2021-11-12T21:12:26.495-0800][gc,mmu      ] GC(272) MMU target violated: 21.0ms (20.0ms/21.0ms)
[2021-11-12T21:12:26.495-0800][gc,phases   ] GC(272)   Pre Evacuate Collection Set: 1.0ms
[2021-11-12T21:12:26.495-0800][gc,phases   ] GC(272)   Merge Heap Roots: 0.4ms
[2021-11-12T21:12:26.495-0800][gc,phases   ] GC(272)   Evacuate Collection Set: 25.0ms
[2021-11-12T21:12:26.495-0800][gc,phases   ] GC(272)   Post Evacuate Collection Set: 1.9ms
[2021-11-12T21:12:26.495-0800][gc,phases   ] GC(272)   Other: 2.1ms
[2021-11-12T21:12:26.495-0800][gc,heap     ] GC(272) Eden regions: 272->0(213)
[2021-11-12T21:12:26.495-0800][gc,heap     ] GC(272) Survivor regions: 5->6(35)
[2021-11-12T21:12:26.495-0800][gc,heap     ] GC(272) Old regions: 220->220
[2021-11-12T21:12:26.495-0800][gc,heap     ] GC(272) Archive regions: 2->2
[2021-11-12T21:12:26.495-0800][gc,heap     ] GC(272) Humongous regions: 129->129
[2021-11-12T21:12:26.495-0800][gc,metaspace] GC(272) Metaspace: 41308K(41920K)->41308K(41920K) NonClass: 36453K(36800K)->36453K(36800K) Class: 4855K(5120K)->4855K(5120K)
[2021-11-12T21:12:26.495-0800][gc          ] GC(272) Pause Young (Normal) (G1 Evacuation Pause) 625M->355M(1024M) 30.377ms
[2021-11-12T21:12:26.495-0800][gc,cpu      ] GC(272) User=0.05s Sys=0.05s Real=0.03s
[2021-11-12T21:13:52.089-0800][gc,start    ] GC(273) Pause Young (Normal) (G1 Evacuation Pause)
[2021-11-12T21:13:52.090-0800][gc,task     ] GC(273) Using 8 workers of 8 for evacuation
[2021-11-12T21:13:52.121-0800][gc,mmu      ] GC(273) MMU target violated: 21.0ms (20.0ms/21.0ms)
[2021-11-12T21:13:52.121-0800][gc,phases   ] GC(273)   Pre Evacuate Collection Set: 1.5ms
[2021-11-12T21:13:52.121-0800][gc,phases   ] GC(273)   Merge Heap Roots: 0.5ms
[2021-11-12T21:13:52.121-0800][gc,phases   ] GC(273)   Evacuate Collection Set: 27.3ms
[2021-11-12T21:13:52.121-0800][gc,phases   ] GC(273)   Post Evacuate Collection Set: 1.7ms
[2021-11-12T21:13:52.121-0800][gc,phases   ] GC(273)   Other: 1.2ms
[2021-11-12T21:13:52.121-0800][gc,heap     ] GC(273) Eden regions: 208->0(42)
[2021-11-12T21:13:52.121-0800][gc,heap     ] GC(273) Survivor regions: 6->9(27)
[2021-11-12T21:13:52.121-0800][gc,heap     ] GC(273) Old regions: 220->220
[2021-11-12T21:13:52.121-0800][gc,heap     ] GC(273) Archive regions: 2->2
[2021-11-12T21:13:52.121-0800][gc,heap     ] GC(273) Humongous regions: 129->129
[2021-11-12T21:13:52.121-0800][gc,metaspace] GC(273) Metaspace: 41319K(41920K)->41319K(41920K) NonClass: 36463K(36800K)->36463K(36800K) Class: 4855K(5120K)->4855K(5120K)
[2021-11-12T21:13:52.122-0800][gc          ] GC(273) Pause Young (Normal) (G1 Evacuation Pause) 563M->357M(1024M) 32.184ms
[2021-11-12T21:13:52.122-0800][gc,cpu      ] GC(273) User=0.06s Sys=0.06s Real=0.04s
[2021-11-12T21:14:08.844-0800][gc,start    ] GC(274) Pause Young (Normal) (G1 Evacuation Pause)
[2021-11-12T21:14:08.844-0800][gc,task     ] GC(274) Using 8 workers of 8 for evacuation
[2021-11-12T21:14:08.864-0800][gc,mmu      ] GC(274) MMU target violated: 20.1ms (20.0ms/21.0ms)
[2021-11-12T21:14:08.865-0800][gc,phases   ] GC(274)   Pre Evacuate Collection Set: 0.6ms
[2021-11-12T21:14:08.865-0800][gc,phases   ] GC(274)   Merge Heap Roots: 0.2ms
[2021-11-12T21:14:08.865-0800][gc,phases   ] GC(274)   Evacuate Collection Set: 18.8ms
[2021-11-12T21:14:08.865-0800][gc,phases   ] GC(274)   Post Evacuate Collection Set: 0.6ms
[2021-11-12T21:14:08.865-0800][gc,phases   ] GC(274)   Other: 0.8ms
[2021-11-12T21:14:08.865-0800][gc,heap     ] GC(274) Eden regions: 42->0(258)
[2021-11-12T21:14:08.865-0800][gc,heap     ] GC(274) Survivor regions: 9->5(7)
[2021-11-12T21:14:08.865-0800][gc,heap     ] GC(274) Old regions: 220->225
[2021-11-12T21:14:08.865-0800][gc,heap     ] GC(274) Archive regions: 2->2
[2021-11-12T21:14:08.865-0800][gc,heap     ] GC(274) Humongous regions: 129->129
[2021-11-12T21:14:08.865-0800][gc,metaspace] GC(274) Metaspace: 41319K(41920K)->41319K(41920K) NonClass: 36463K(36800K)->36463K(36800K) Class: 4855K(5120K)->4855K(5120K)
[2021-11-12T21:14:08.865-0800][gc          ] GC(274) Pause Young (Normal) (G1 Evacuation Pause) 399M->359M(1024M) 21.152ms
[2021-11-12T21:14:08.865-0800][gc,cpu      ] GC(274) User=0.05s Sys=0.01s Real=0.02s
[2021-11-12T21:15:56.163-0800][gc,start    ] GC(275) Pause Young (Normal) (G1 Evacuation Pause)
[2021-11-12T21:15:56.163-0800][gc,task     ] GC(275) Using 8 workers of 8 for evacuation
[2021-11-12T21:15:56.189-0800][gc,mmu      ] GC(275) MMU target violated: 21.0ms (20.0ms/21.0ms)
[2021-11-12T21:15:56.189-0800][gc,phases   ] GC(275)   Pre Evacuate Collection Set: 1.1ms
[2021-11-12T21:15:56.189-0800][gc,phases   ] GC(275)   Merge Heap Roots: 0.3ms
[2021-11-12T21:15:56.189-0800][gc,phases   ] GC(275)   Evacuate Collection Set: 22.5ms
[2021-11-12T21:15:56.189-0800][gc,phases   ] GC(275)   Post Evacuate Collection Set: 1.4ms
[2021-11-12T21:15:56.189-0800][gc,phases   ] GC(275)   Other: 1.1ms
[2021-11-12T21:15:56.189-0800][gc,heap     ] GC(275) Eden regions: 258->0(79)
[2021-11-12T21:15:56.189-0800][gc,heap     ] GC(275) Survivor regions: 5->8(33)
[2021-11-12T21:15:56.189-0800][gc,heap     ] GC(275) Old regions: 225->225
[2021-11-12T21:15:56.189-0800][gc,heap     ] GC(275) Archive regions: 2->2
[2021-11-12T21:15:56.189-0800][gc,heap     ] GC(275) Humongous regions: 129->129
[2021-11-12T21:15:56.189-0800][gc,metaspace] GC(275) Metaspace: 41319K(41920K)->41319K(41920K) NonClass: 36463K(36800K)->36463K(36800K) Class: 4855K(5120K)->4855K(5120K)
[2021-11-12T21:15:56.189-0800][gc          ] GC(275) Pause Young (Normal) (G1 Evacuation Pause) 617M->361M(1024M) 26.422ms
[2021-11-12T21:15:56.189-0800][gc,cpu      ] GC(275) User=0.05s Sys=0.04s Real=0.02s
[2021-11-12T21:16:28.718-0800][gc,start    ] GC(276) Pause Young (Normal) (G1 Evacuation Pause)
[2021-11-12T21:16:28.719-0800][gc,task     ] GC(276) Using 8 workers of 8 for evacuation
[2021-11-12T21:16:28.736-0800][gc,phases   ] GC(276)   Pre Evacuate Collection Set: 0.4ms
[2021-11-12T21:16:28.736-0800][gc,phases   ] GC(276)   Merge Heap Roots: 0.1ms
[2021-11-12T21:16:28.736-0800][gc,phases   ] GC(276)   Evacuate Collection Set: 15.5ms
[2021-11-12T21:16:28.736-0800][gc,phases   ] GC(276)   Post Evacuate Collection Set: 0.5ms
[2021-11-12T21:16:28.736-0800][gc,phases   ] GC(276)   Other: 1.6ms
[2021-11-12T21:16:28.736-0800][gc,heap     ] GC(276) Eden regions: 79->0(294)
[2021-11-12T21:16:28.736-0800][gc,heap     ] GC(276) Survivor regions: 8->5(11)
[2021-11-12T21:16:28.736-0800][gc,heap     ] GC(276) Old regions: 225->227
[2021-11-12T21:16:28.736-0800][gc,heap     ] GC(276) Archive regions: 2->2
[2021-11-12T21:16:28.736-0800][gc,heap     ] GC(276) Humongous regions: 129->129
[2021-11-12T21:16:28.736-0800][gc,metaspace] GC(276) Metaspace: 41319K(41920K)->41319K(41920K) NonClass: 36463K(36800K)->36463K(36800K) Class: 4855K(5120K)->4855K(5120K)
[2021-11-12T21:16:28.736-0800][gc          ] GC(276) Pause Young (Normal) (G1 Evacuation Pause) 440M->361M(1024M) 18.467ms
[2021-11-12T21:16:28.736-0800][gc,cpu      ] GC(276) User=0.04s Sys=0.01s Real=0.02s
[2021-11-12T21:18:25.983-0800][gc,start    ] GC(277) Pause Young (Normal) (G1 Evacuation Pause)
[2021-11-12T21:18:25.984-0800][gc,task     ] GC(277) Using 8 workers of 8 for evacuation
[2021-11-12T21:18:26.007-0800][gc,mmu      ] GC(277) MMU target violated: 21.0ms (20.0ms/21.0ms)
[2021-11-12T21:18:26.007-0800][gc,phases   ] GC(277)   Pre Evacuate Collection Set: 1.0ms
[2021-11-12T21:18:26.007-0800][gc,phases   ] GC(277)   Merge Heap Roots: 0.4ms
[2021-11-12T21:18:26.007-0800][gc,phases   ] GC(277)   Evacuate Collection Set: 20.7ms
[2021-11-12T21:18:26.007-0800][gc,phases   ] GC(277)   Post Evacuate Collection Set: 0.9ms
[2021-11-12T21:18:26.007-0800][gc,phases   ] GC(277)   Other: 0.7ms
[2021-11-12T21:18:26.007-0800][gc,heap     ] GC(277) Eden regions: 282->0(136)
[2021-11-12T21:18:26.007-0800][gc,heap     ] GC(277) Survivor regions: 5->8(36)
[2021-11-12T21:18:26.007-0800][gc,heap     ] GC(277) Old regions: 227->227
[2021-11-12T21:18:26.007-0800][gc,heap     ] GC(277) Archive regions: 2->2
[2021-11-12T21:18:26.007-0800][gc,heap     ] GC(277) Humongous regions: 129->129
[2021-11-12T21:18:26.007-0800][gc,metaspace] GC(277) Metaspace: 41322K(41920K)->41322K(41920K) NonClass: 36466K(36800K)->36466K(36800K) Class: 4855K(5120K)->4855K(5120K)
[2021-11-12T21:18:26.007-0800][gc          ] GC(277) Pause Young (Normal) (G1 Evacuation Pause) 643M->364M(1024M) 23.785ms
[2021-11-12T21:18:26.007-0800][gc,cpu      ] GC(277) User=0.05s Sys=0.04s Real=0.02s
[2021-11-12T21:19:24.964-0800][gc,start    ] GC(278) Pause Young (Normal) (G1 Evacuation Pause)
[2021-11-12T21:19:24.965-0800][gc,task     ] GC(278) Using 8 workers of 8 for evacuation
[2021-11-12T21:19:24.984-0800][gc,phases   ] GC(278)   Pre Evacuate Collection Set: 0.3ms
[2021-11-12T21:19:24.984-0800][gc,phases   ] GC(278)   Merge Heap Roots: 0.2ms
[2021-11-12T21:19:24.984-0800][gc,phases   ] GC(278)   Evacuate Collection Set: 17.4ms
[2021-11-12T21:19:24.984-0800][gc,phases   ] GC(278)   Post Evacuate Collection Set: 0.6ms
[2021-11-12T21:19:24.984-0800][gc,phases   ] GC(278)   Other: 1.1ms
[2021-11-12T21:19:24.984-0800][gc,heap     ] GC(278) Eden regions: 136->0(151)
[2021-11-12T21:19:24.984-0800][gc,heap     ] GC(278) Survivor regions: 8->9(18)
[2021-11-12T21:19:24.984-0800][gc,heap     ] GC(278) Old regions: 227->227
[2021-11-12T21:19:24.984-0800][gc,heap     ] GC(278) Archive regions: 2->2
[2021-11-12T21:19:24.984-0800][gc,heap     ] GC(278) Humongous regions: 129->129
[2021-11-12T21:19:24.984-0800][gc,metaspace] GC(278) Metaspace: 41322K(41920K)->41322K(41920K) NonClass: 36466K(36800K)->36466K(36800K) Class: 4855K(5120K)->4855K(5120K)
[2021-11-12T21:19:24.984-0800][gc          ] GC(278) Pause Young (Normal) (G1 Evacuation Pause) 500M->365M(1024M) 19.977ms
[2021-11-12T21:19:24.984-0800][gc,cpu      ] GC(278) User=0.04s Sys=0.01s Real=0.02s
[2021-11-12T21:20:29.744-0800][gc,start    ] GC(279) Pause Young (Normal) (G1 Evacuation Pause)
[2021-11-12T21:20:29.745-0800][gc,task     ] GC(279) Using 8 workers of 8 for evacuation
[2021-11-12T21:20:29.781-0800][gc,mmu      ] GC(279) MMU target violated: 21.0ms (20.0ms/21.0ms)
[2021-11-12T21:20:29.781-0800][gc,phases   ] GC(279)   Pre Evacuate Collection Set: 1.2ms
[2021-11-12T21:20:29.781-0800][gc,phases   ] GC(279)   Merge Heap Roots: 0.5ms
[2021-11-12T21:20:29.781-0800][gc,phases   ] GC(279)   Evacuate Collection Set: 33.2ms
[2021-11-12T21:20:29.781-0800][gc,phases   ] GC(279)   Post Evacuate Collection Set: 1.3ms
[2021-11-12T21:20:29.782-0800][gc,phases   ] GC(279)   Other: 1.9ms
[2021-11-12T21:20:29.782-0800][gc,heap     ] GC(279) Eden regions: 151->0(39)
[2021-11-12T21:20:29.782-0800][gc,heap     ] GC(279) Survivor regions: 9->12(20)
[2021-11-12T21:20:29.782-0800][gc,heap     ] GC(279) Old regions: 227->227
[2021-11-12T21:20:29.782-0800][gc,heap     ] GC(279) Archive regions: 2->2
[2021-11-12T21:20:29.782-0800][gc,heap     ] GC(279) Humongous regions: 129->129
[2021-11-12T21:20:29.782-0800][gc,metaspace] GC(279) Metaspace: 41324K(41920K)->41324K(41920K) NonClass: 36469K(36800K)->36469K(36800K) Class: 4855K(5120K)->4855K(5120K)
[2021-11-12T21:20:29.782-0800][gc          ] GC(279) Pause Young (Normal) (G1 Evacuation Pause) 516M->368M(1024M) 38.080ms
[2021-11-12T21:20:29.782-0800][gc,cpu      ] GC(279) User=0.07s Sys=0.07s Real=0.04s
[2021-11-12T21:20:45.767-0800][gc,start    ] GC(280) Pause Young (Normal) (G1 Evacuation Pause)
[2021-11-12T21:20:45.767-0800][gc,task     ] GC(280) Using 8 workers of 8 for evacuation
[2021-11-12T21:20:45.790-0800][gc,mmu      ] GC(280) MMU target violated: 21.0ms (20.0ms/21.0ms)
[2021-11-12T21:20:45.790-0800][gc,phases   ] GC(280)   Pre Evacuate Collection Set: 0.3ms
[2021-11-12T21:20:45.790-0800][gc,phases   ] GC(280)   Merge Heap Roots: 0.2ms
[2021-11-12T21:20:45.790-0800][gc,phases   ] GC(280)   Evacuate Collection Set: 21.4ms
[2021-11-12T21:20:45.790-0800][gc,phases   ] GC(280)   Post Evacuate Collection Set: 0.5ms
[2021-11-12T21:20:45.790-0800][gc,phases   ] GC(280)   Other: 1.1ms
[2021-11-12T21:20:45.790-0800][gc,heap     ] GC(280) Eden regions: 39->0(301)
[2021-11-12T21:20:45.790-0800][gc,heap     ] GC(280) Survivor regions: 12->5(7)
[2021-11-12T21:20:45.790-0800][gc,heap     ] GC(280) Old regions: 227->236
[2021-11-12T21:20:45.790-0800][gc,heap     ] GC(280) Archive regions: 2->2
[2021-11-12T21:20:45.790-0800][gc,heap     ] GC(280) Humongous regions: 129->129
[2021-11-12T21:20:45.790-0800][gc,metaspace] GC(280) Metaspace: 41324K(41920K)->41324K(41920K) NonClass: 36469K(36800K)->36469K(36800K) Class: 4855K(5120K)->4855K(5120K)
[2021-11-12T21:20:45.790-0800][gc          ] GC(280) Pause Young (Normal) (G1 Evacuation Pause) 407M->369M(1024M) 23.675ms
[2021-11-12T21:20:45.790-0800][gc,cpu      ] GC(280) User=0.07s Sys=0.02s Real=0.03s
[2021-11-12T21:22:53.075-0800][gc,start    ] GC(281) Pause Young (Concurrent Start) (G1 Evacuation Pause)
[2021-11-12T21:22:53.076-0800][gc,task     ] GC(281) Using 8 workers of 8 for evacuation
[2021-11-12T21:22:53.123-0800][gc,mmu      ] GC(281) MMU target violated: 21.0ms (20.0ms/21.0ms)
[2021-11-12T21:22:53.123-0800][gc,phases   ] GC(281)   Pre Evacuate Collection Set: 3.1ms
[2021-11-12T21:22:53.123-0800][gc,phases   ] GC(281)   Merge Heap Roots: 0.4ms
[2021-11-12T21:22:53.123-0800][gc,phases   ] GC(281)   Evacuate Collection Set: 40.0ms
[2021-11-12T21:22:53.123-0800][gc,phases   ] GC(281)   Post Evacuate Collection Set: 1.7ms
[2021-11-12T21:22:53.123-0800][gc,phases   ] GC(281)   Other: 3.2ms
[2021-11-12T21:22:53.123-0800][gc,heap     ] GC(281) Eden regions: 301->0(44)
[2021-11-12T21:22:53.123-0800][gc,heap     ] GC(281) Survivor regions: 5->7(39)
[2021-11-12T21:22:53.123-0800][gc,heap     ] GC(281) Old regions: 236->236
[2021-11-12T21:22:53.123-0800][gc,heap     ] GC(281) Archive regions: 2->2
[2021-11-12T21:22:53.123-0800][gc,heap     ] GC(281) Humongous regions: 129->129
[2021-11-12T21:22:53.123-0800][gc,metaspace] GC(281) Metaspace: 41325K(41920K)->41325K(41920K) NonClass: 36469K(36800K)->36469K(36800K) Class: 4855K(5120K)->4855K(5120K)
[2021-11-12T21:22:53.124-0800][gc          ] GC(281) Pause Young (Concurrent Start) (G1 Evacuation Pause) 670M->371M(1024M) 48.500ms
[2021-11-12T21:22:53.124-0800][gc,cpu      ] GC(281) User=0.05s Sys=0.06s Real=0.05s
[2021-11-12T21:22:53.124-0800][gc          ] GC(282) Concurrent Mark Cycle
[2021-11-12T21:22:53.124-0800][gc,marking  ] GC(282) Concurrent Clear Claimed Marks
[2021-11-12T21:22:53.124-0800][gc,marking  ] GC(282) Concurrent Clear Claimed Marks 0.105ms
[2021-11-12T21:22:53.124-0800][gc,marking  ] GC(282) Concurrent Scan Root Regions
[2021-11-12T21:22:53.133-0800][gc,marking  ] GC(282) Concurrent Scan Root Regions 8.693ms
[2021-11-12T21:22:53.133-0800][gc,marking  ] GC(282) Concurrent Mark
[2021-11-12T21:22:53.133-0800][gc,marking  ] GC(282) Concurrent Mark From Roots
[2021-11-12T21:22:53.133-0800][gc,task     ] GC(282) Using 2 workers of 2 for marking
[2021-11-12T21:22:53.188-0800][gc,marking  ] GC(282) Concurrent Mark From Roots 55.212ms
[2021-11-12T21:22:53.188-0800][gc,marking  ] GC(282) Concurrent Preclean
[2021-11-12T21:22:53.189-0800][gc,marking  ] GC(282) Concurrent Preclean 0.332ms
[2021-11-12T21:22:53.189-0800][gc,start    ] GC(282) Pause Remark
[2021-11-12T21:22:53.271-0800][gc,mmu      ] GC(282) MMU target violated: 21.0ms (20.0ms/21.0ms)
[2021-11-12T21:22:53.271-0800][gc          ] GC(282) Pause Remark 372M->240M(1024M) 82.068ms
[2021-11-12T21:22:53.271-0800][gc,cpu      ] GC(282) User=0.05s Sys=0.10s Real=0.09s
[2021-11-12T21:22:53.271-0800][gc,marking  ] GC(282) Concurrent Mark 137.955ms
[2021-11-12T21:22:53.271-0800][gc,marking  ] GC(282) Concurrent Rebuild Remembered Sets
[2021-11-12T21:22:53.288-0800][gc,marking  ] GC(282) Concurrent Rebuild Remembered Sets 16.880ms
[2021-11-12T21:22:53.288-0800][gc,start    ] GC(282) Pause Cleanup
[2021-11-12T21:22:53.288-0800][gc          ] GC(282) Pause Cleanup 240M->240M(1024M) 0.145ms
[2021-11-12T21:22:53.288-0800][gc,cpu      ] GC(282) User=0.00s Sys=0.00s Real=0.00s
[2021-11-12T21:22:53.288-0800][gc,marking  ] GC(282) Concurrent Cleanup for Next Mark
[2021-11-12T21:22:53.292-0800][gc,marking  ] GC(282) Concurrent Cleanup for Next Mark 3.351ms
[2021-11-12T21:22:53.292-0800][gc          ] GC(282) Concurrent Mark Cycle 168.114ms
[2021-11-12T21:23:12.253-0800][gc,start    ] GC(283) Pause Young (Prepare Mixed) (G1 Evacuation Pause)
[2021-11-12T21:23:12.269-0800][gc,task     ] GC(283) Using 8 workers of 8 for evacuation
[2021-11-12T21:23:12.291-0800][gc,mmu      ] GC(283) MMU target violated: 21.0ms (20.0ms/21.0ms)
[2021-11-12T21:23:12.291-0800][gc,phases   ] GC(283)   Pre Evacuate Collection Set: 0.3ms
[2021-11-12T21:23:12.291-0800][gc,phases   ] GC(283)   Merge Heap Roots: 0.2ms
[2021-11-12T21:23:12.291-0800][gc,phases   ] GC(283)   Evacuate Collection Set: 21.4ms
[2021-11-12T21:23:12.291-0800][gc,phases   ] GC(283)   Post Evacuate Collection Set: 0.5ms
[2021-11-12T21:23:12.292-0800][gc,phases   ] GC(283)   Other: 16.0ms
[2021-11-12T21:23:12.292-0800][gc,heap     ] GC(283) Eden regions: 44->0(48)
[2021-11-12T21:23:12.292-0800][gc,heap     ] GC(283) Survivor regions: 7->3(7)
[2021-11-12T21:23:12.292-0800][gc,heap     ] GC(283) Old regions: 103->109
[2021-11-12T21:23:12.292-0800][gc,heap     ] GC(283) Archive regions: 2->2
[2021-11-12T21:23:12.292-0800][gc,heap     ] GC(283) Humongous regions: 129->129
[2021-11-12T21:23:12.292-0800][gc,metaspace] GC(283) Metaspace: 41074K(41920K)->41074K(41920K) NonClass: 36290K(36800K)->36290K(36800K) Class: 4784K(5120K)->4784K(5120K)
[2021-11-12T21:23:12.292-0800][gc          ] GC(283) Pause Young (Prepare Mixed) (G1 Evacuation Pause) 283M->240M(1024M) 38.518ms
[2021-11-12T21:23:12.292-0800][gc,cpu      ] GC(283) User=0.05s Sys=0.02s Real=0.04s
[2021-11-12T21:23:32.861-0800][gc,start    ] GC(284) Pause Young (Mixed) (G1 Evacuation Pause)
[2021-11-12T21:23:32.862-0800][gc,task     ] GC(284) Using 8 workers of 8 for evacuation
[2021-11-12T21:23:32.876-0800][gc,phases   ] GC(284)   Pre Evacuate Collection Set: 0.8ms
[2021-11-12T21:23:32.876-0800][gc,phases   ] GC(284)   Merge Heap Roots: 0.2ms
[2021-11-12T21:23:32.876-0800][gc,phases   ] GC(284)   Evacuate Collection Set: 10.5ms
[2021-11-12T21:23:32.876-0800][gc,phases   ] GC(284)   Merge Optional Heap Roots: 0.1ms
[2021-11-12T21:23:32.876-0800][gc,phases   ] GC(284)   Evacuate Optional Collection Set: 0.2ms
[2021-11-12T21:23:32.876-0800][gc,phases   ] GC(284)   Post Evacuate Collection Set: 1.8ms
[2021-11-12T21:23:32.876-0800][gc,phases   ] GC(284)   Other: 1.2ms
[2021-11-12T21:23:32.876-0800][gc,heap     ] GC(284) Eden regions: 48->0(48)
[2021-11-12T21:23:32.876-0800][gc,heap     ] GC(284) Survivor regions: 3->3(7)
[2021-11-12T21:23:32.876-0800][gc,heap     ] GC(284) Old regions: 109->92
[2021-11-12T21:23:32.876-0800][gc,heap     ] GC(284) Archive regions: 2->2
[2021-11-12T21:23:32.876-0800][gc,heap     ] GC(284) Humongous regions: 129->129
[2021-11-12T21:23:32.876-0800][gc,metaspace] GC(284) Metaspace: 41074K(41920K)->41074K(41920K) NonClass: 36290K(36800K)->36290K(36800K) Class: 4784K(5120K)->4784K(5120K)
[2021-11-12T21:23:32.876-0800][gc          ] GC(284) Pause Young (Mixed) (G1 Evacuation Pause) 288M->224M(1024M) 14.978ms
[2021-11-12T21:23:32.876-0800][gc,cpu      ] GC(284) User=0.02s Sys=0.02s Real=0.01s
[2021-11-12T21:23:53.515-0800][gc,start    ] GC(285) Pause Young (Mixed) (G1 Evacuation Pause)
[2021-11-12T21:23:53.516-0800][gc,task     ] GC(285) Using 8 workers of 8 for evacuation
[2021-11-12T21:23:53.524-0800][gc,phases   ] GC(285)   Pre Evacuate Collection Set: 0.2ms
[2021-11-12T21:23:53.524-0800][gc,phases   ] GC(285)   Merge Heap Roots: 0.1ms
[2021-11-12T21:23:53.524-0800][gc,phases   ] GC(285)   Evacuate Collection Set: 6.3ms
[2021-11-12T21:23:53.524-0800][gc,phases   ] GC(285)   Post Evacuate Collection Set: 0.9ms
[2021-11-12T21:23:53.524-0800][gc,phases   ] GC(285)   Other: 1.3ms
[2021-11-12T21:23:53.524-0800][gc,heap     ] GC(285) Eden regions: 48->0(353)
[2021-11-12T21:23:53.524-0800][gc,heap     ] GC(285) Survivor regions: 3->3(7)
[2021-11-12T21:23:53.524-0800][gc,heap     ] GC(285) Old regions: 92->73
[2021-11-12T21:23:53.524-0800][gc,heap     ] GC(285) Archive regions: 2->2
[2021-11-12T21:23:53.524-0800][gc,heap     ] GC(285) Humongous regions: 129->129
[2021-11-12T21:23:53.524-0800][gc,metaspace] GC(285) Metaspace: 41074K(41920K)->41074K(41920K) NonClass: 36290K(36800K)->36290K(36800K) Class: 4784K(5120K)->4784K(5120K)
[2021-11-12T21:23:53.524-0800][gc          ] GC(285) Pause Young (Mixed) (G1 Evacuation Pause) 272M->205M(1024M) 9.228ms
[2021-11-12T21:23:53.524-0800][gc,cpu      ] GC(285) User=0.02s Sys=0.01s Real=0.01s
[2021-11-12T21:26:20.210-0800][gc,start    ] GC(286) Pause Young (Normal) (G1 Evacuation Pause)
[2021-11-12T21:26:20.212-0800][gc,task     ] GC(286) Using 8 workers of 8 for evacuation
[2021-11-12T21:26:20.241-0800][gc,mmu      ] GC(286) MMU target violated: 21.0ms (20.0ms/21.0ms)
[2021-11-12T21:26:20.241-0800][gc,phases   ] GC(286)   Pre Evacuate Collection Set: 1.4ms
[2021-11-12T21:26:20.241-0800][gc,phases   ] GC(286)   Merge Heap Roots: 0.7ms
[2021-11-12T21:26:20.241-0800][gc,phases   ] GC(286)   Evacuate Collection Set: 24.9ms
[2021-11-12T21:26:20.241-0800][gc,phases   ] GC(286)   Post Evacuate Collection Set: 2.3ms
[2021-11-12T21:26:20.242-0800][gc,phases   ] GC(286)   Other: 2.1ms
[2021-11-12T21:26:20.242-0800][gc,heap     ] GC(286) Eden regions: 353->0(120)
[2021-11-12T21:26:20.242-0800][gc,heap     ] GC(286) Survivor regions: 3->7(45)
[2021-11-12T21:26:20.242-0800][gc,heap     ] GC(286) Old regions: 73->73
[2021-11-12T21:26:20.242-0800][gc,heap     ] GC(286) Archive regions: 2->2
[2021-11-12T21:26:20.242-0800][gc,heap     ] GC(286) Humongous regions: 129->129
[2021-11-12T21:26:20.242-0800][gc,metaspace] GC(286) Metaspace: 41074K(41920K)->41074K(41920K) NonClass: 36290K(36800K)->36290K(36800K) Class: 4784K(5120K)->4784K(5120K)
[2021-11-12T21:26:20.242-0800][gc          ] GC(286) Pause Young (Normal) (G1 Evacuation Pause) 558M->209M(1024M) 31.524ms
[2021-11-12T21:26:20.242-0800][gc,cpu      ] GC(286) User=0.06s Sys=0.04s Real=0.03s
[2021-11-12T21:27:09.603-0800][gc,start    ] GC(287) Pause Young (Normal) (G1 Evacuation Pause)
[2021-11-12T21:27:09.604-0800][gc,task     ] GC(287) Using 8 workers of 8 for evacuation
[2021-11-12T21:27:09.620-0800][gc,phases   ] GC(287)   Pre Evacuate Collection Set: 0.4ms
[2021-11-12T21:27:09.620-0800][gc,phases   ] GC(287)   Merge Heap Roots: 0.2ms
[2021-11-12T21:27:09.620-0800][gc,phases   ] GC(287)   Evacuate Collection Set: 14.9ms
[2021-11-12T21:27:09.620-0800][gc,phases   ] GC(287)   Post Evacuate Collection Set: 0.8ms
[2021-11-12T21:27:09.620-0800][gc,phases   ] GC(287)   Other: 1.3ms
[2021-11-12T21:27:09.620-0800][gc,heap     ] GC(287) Eden regions: 120->0(160)
[2021-11-12T21:27:09.620-0800][gc,heap     ] GC(287) Survivor regions: 7->8(16)
[2021-11-12T21:27:09.620-0800][gc,heap     ] GC(287) Old regions: 73->73
[2021-11-12T21:27:09.620-0800][gc,heap     ] GC(287) Archive regions: 2->2
[2021-11-12T21:27:09.620-0800][gc,heap     ] GC(287) Humongous regions: 129->129
[2021-11-12T21:27:09.620-0800][gc,metaspace] GC(287) Metaspace: 41074K(41920K)->41074K(41920K) NonClass: 36290K(36800K)->36290K(36800K) Class: 4784K(5120K)->4784K(5120K)
[2021-11-12T21:27:09.620-0800][gc          ] GC(287) Pause Young (Normal) (G1 Evacuation Pause) 329M->210M(1024M) 17.786ms
[2021-11-12T21:27:09.620-0800][gc,cpu      ] GC(287) User=0.05s Sys=0.01s Real=0.02s
[2021-11-12T21:28:15.518-0800][gc,start    ] GC(288) Pause Young (Normal) (G1 Evacuation Pause)
[2021-11-12T21:28:15.519-0800][gc,task     ] GC(288) Using 8 workers of 8 for evacuation
[2021-11-12T21:28:15.538-0800][gc,phases   ] GC(288)   Pre Evacuate Collection Set: 0.3ms
[2021-11-12T21:28:15.538-0800][gc,phases   ] GC(288)   Merge Heap Roots: 0.2ms
[2021-11-12T21:28:15.538-0800][gc,phases   ] GC(288)   Evacuate Collection Set: 17.7ms
[2021-11-12T21:28:15.538-0800][gc,phases   ] GC(288)   Post Evacuate Collection Set: 0.6ms
[2021-11-12T21:28:15.538-0800][gc,phases   ] GC(288)   Other: 1.1ms
[2021-11-12T21:28:15.538-0800][gc,heap     ] GC(288) Eden regions: 160->0(41)
[2021-11-12T21:28:15.538-0800][gc,heap     ] GC(288) Survivor regions: 8->10(21)
[2021-11-12T21:28:15.538-0800][gc,heap     ] GC(288) Old regions: 73->73
[2021-11-12T21:28:15.538-0800][gc,heap     ] GC(288) Archive regions: 2->2
[2021-11-12T21:28:15.538-0800][gc,heap     ] GC(288) Humongous regions: 129->129
[2021-11-12T21:28:15.538-0800][gc,metaspace] GC(288) Metaspace: 41074K(41920K)->41074K(41920K) NonClass: 36290K(36800K)->36290K(36800K) Class: 4784K(5120K)->4784K(5120K)
[2021-11-12T21:28:15.538-0800][gc          ] GC(288) Pause Young (Normal) (G1 Evacuation Pause) 370M->212M(1024M) 20.123ms
[2021-11-12T21:28:15.538-0800][gc,cpu      ] GC(288) User=0.05s Sys=0.02s Real=0.02s
[2021-11-12T21:28:31.889-0800][gc,start    ] GC(289) Pause Young (Normal) (G1 Evacuation Pause)
[2021-11-12T21:28:31.890-0800][gc,task     ] GC(289) Using 8 workers of 8 for evacuation
[2021-11-12T21:28:31.912-0800][gc,mmu      ] GC(289) MMU target violated: 21.0ms (20.0ms/21.0ms)
[2021-11-12T21:28:31.912-0800][gc,phases   ] GC(289)   Pre Evacuate Collection Set: 0.5ms
[2021-11-12T21:28:31.912-0800][gc,phases   ] GC(289)   Merge Heap Roots: 0.2ms
[2021-11-12T21:28:31.912-0800][gc,phases   ] GC(289)   Evacuate Collection Set: 20.6ms
[2021-11-12T21:28:31.912-0800][gc,phases   ] GC(289)   Post Evacuate Collection Set: 0.7ms
[2021-11-12T21:28:31.912-0800][gc,phases   ] GC(289)   Other: 1.6ms
[2021-11-12T21:28:31.912-0800][gc,heap     ] GC(289) Eden regions: 41->0(365)
[2021-11-12T21:28:31.912-0800][gc,heap     ] GC(289) Survivor regions: 10->4(7)
[2021-11-12T21:28:31.912-0800][gc,heap     ] GC(289) Old regions: 73->80
[2021-11-12T21:28:31.912-0800][gc,heap     ] GC(289) Archive regions: 2->2
[2021-11-12T21:28:31.912-0800][gc,heap     ] GC(289) Humongous regions: 129->129
[2021-11-12T21:28:31.912-0800][gc,metaspace] GC(289) Metaspace: 41074K(41920K)->41074K(41920K) NonClass: 36290K(36800K)->36290K(36800K) Class: 4784K(5120K)->4784K(5120K)
[2021-11-12T21:28:31.912-0800][gc          ] GC(289) Pause Young (Normal) (G1 Evacuation Pause) 253M->213M(1024M) 23.564ms
[2021-11-12T21:28:31.912-0800][gc,cpu      ] GC(289) User=0.06s Sys=0.02s Real=0.03s
[2021-11-12T21:31:02.625-0800][gc,start    ] GC(290) Pause Young (Normal) (G1 Evacuation Pause)
[2021-11-12T21:31:02.626-0800][gc,task     ] GC(290) Using 8 workers of 8 for evacuation
[2021-11-12T21:31:02.650-0800][gc,mmu      ] GC(290) MMU target violated: 21.0ms (20.0ms/21.0ms)
[2021-11-12T21:31:02.651-0800][gc,phases   ] GC(290)   Pre Evacuate Collection Set: 0.6ms
[2021-11-12T21:31:02.651-0800][gc,phases   ] GC(290)   Merge Heap Roots: 0.4ms
[2021-11-12T21:31:02.651-0800][gc,phases   ] GC(290)   Evacuate Collection Set: 21.6ms
[2021-11-12T21:31:02.651-0800][gc,phases   ] GC(290)   Post Evacuate Collection Set: 1.2ms
[2021-11-12T21:31:02.651-0800][gc,phases   ] GC(290)   Other: 2.1ms
[2021-11-12T21:31:02.651-0800][gc,heap     ] GC(290) Eden regions: 365->0(244)
[2021-11-12T21:31:02.651-0800][gc,heap     ] GC(290) Survivor regions: 4->7(47)
[2021-11-12T21:31:02.651-0800][gc,heap     ] GC(290) Old regions: 80->80
[2021-11-12T21:31:02.651-0800][gc,heap     ] GC(290) Archive regions: 2->2
[2021-11-12T21:31:02.651-0800][gc,heap     ] GC(290) Humongous regions: 129->129
[2021-11-12T21:31:02.651-0800][gc,metaspace] GC(290) Metaspace: 41074K(41920K)->41074K(41920K) NonClass: 36290K(36800K)->36290K(36800K) Class: 4784K(5120K)->4784K(5120K)
[2021-11-12T21:31:02.651-0800][gc          ] GC(290) Pause Young (Normal) (G1 Evacuation Pause) 578M->216M(1024M) 26.001ms
[2021-11-12T21:31:02.651-0800][gc,cpu      ] GC(290) User=0.06s Sys=0.02s Real=0.03s
[2021-11-12T21:32:42.987-0800][gc,start    ] GC(291) Pause Young (Normal) (G1 Evacuation Pause)
[2021-11-12T21:32:42.989-0800][gc,task     ] GC(291) Using 8 workers of 8 for evacuation
[2021-11-12T21:32:43.010-0800][gc,mmu      ] GC(291) MMU target violated: 21.0ms (20.0ms/21.0ms)
[2021-11-12T21:32:43.010-0800][gc,phases   ] GC(291)   Pre Evacuate Collection Set: 0.6ms
[2021-11-12T21:32:43.010-0800][gc,phases   ] GC(291)   Merge Heap Roots: 0.3ms
[2021-11-12T21:32:43.010-0800][gc,phases   ] GC(291)   Evacuate Collection Set: 19.7ms
[2021-11-12T21:32:43.010-0800][gc,phases   ] GC(291)   Post Evacuate Collection Set: 0.6ms
[2021-11-12T21:32:43.010-0800][gc,phases   ] GC(291)   Other: 1.9ms
[2021-11-12T21:32:43.010-0800][gc,heap     ] GC(291) Eden regions: 244->0(154)
[2021-11-12T21:32:43.010-0800][gc,heap     ] GC(291) Survivor regions: 7->10(32)
[2021-11-12T21:32:43.010-0800][gc,heap     ] GC(291) Old regions: 80->80
[2021-11-12T21:32:43.010-0800][gc,heap     ] GC(291) Archive regions: 2->2
[2021-11-12T21:32:43.010-0800][gc,heap     ] GC(291) Humongous regions: 129->129
[2021-11-12T21:32:43.010-0800][gc,metaspace] GC(291) Metaspace: 41074K(41920K)->41074K(41920K) NonClass: 36290K(36800K)->36290K(36800K) Class: 4784K(5120K)->4784K(5120K)
[2021-11-12T21:32:43.010-0800][gc          ] GC(291) Pause Young (Normal) (G1 Evacuation Pause) 460M->219M(1024M) 23.038ms
[2021-11-12T21:32:43.010-0800][gc,cpu      ] GC(291) User=0.07s Sys=0.02s Real=0.03s
[2021-11-12T21:33:46.531-0800][gc,start    ] GC(292) Pause Young (Normal) (G1 Evacuation Pause)
[2021-11-12T21:33:46.533-0800][gc,task     ] GC(292) Using 8 workers of 8 for evacuation
[2021-11-12T21:33:46.551-0800][gc,phases   ] GC(292)   Pre Evacuate Collection Set: 0.4ms
[2021-11-12T21:33:46.551-0800][gc,phases   ] GC(292)   Merge Heap Roots: 0.2ms
[2021-11-12T21:33:46.551-0800][gc,phases   ] GC(292)   Evacuate Collection Set: 17.2ms
[2021-11-12T21:33:46.551-0800][gc,phases   ] GC(292)   Post Evacuate Collection Set: 0.4ms
[2021-11-12T21:33:46.551-0800][gc,phases   ] GC(292)   Other: 1.6ms
[2021-11-12T21:33:46.551-0800][gc,heap     ] GC(292) Eden regions: 154->0(129)
[2021-11-12T21:33:46.551-0800][gc,heap     ] GC(292) Survivor regions: 10->12(21)
[2021-11-12T21:33:46.551-0800][gc,heap     ] GC(292) Old regions: 80->80
[2021-11-12T21:33:46.551-0800][gc,heap     ] GC(292) Archive regions: 2->2
[2021-11-12T21:33:46.551-0800][gc,heap     ] GC(292) Humongous regions: 129->129
[2021-11-12T21:33:46.551-0800][gc,metaspace] GC(292) Metaspace: 41074K(41920K)->41074K(41920K) NonClass: 36290K(36800K)->36290K(36800K) Class: 4784K(5120K)->4784K(5120K)
[2021-11-12T21:33:46.551-0800][gc          ] GC(292) Pause Young (Normal) (G1 Evacuation Pause) 373M->221M(1024M) 19.970ms
[2021-11-12T21:33:46.551-0800][gc,cpu      ] GC(292) User=0.07s Sys=0.01s Real=0.02s
[2021-11-12T21:34:39.714-0800][gc,start    ] GC(293) Pause Young (Normal) (G1 Evacuation Pause)
[2021-11-12T21:34:39.717-0800][gc,task     ] GC(293) Using 8 workers of 8 for evacuation
[2021-11-12T21:34:39.736-0800][gc,phases   ] GC(293)   Pre Evacuate Collection Set: 0.7ms
[2021-11-12T21:34:39.737-0800][gc,phases   ] GC(293)   Merge Heap Roots: 0.2ms
[2021-11-12T21:34:39.737-0800][gc,phases   ] GC(293)   Evacuate Collection Set: 18.1ms
[2021-11-12T21:34:39.737-0800][gc,phases   ] GC(293)   Post Evacuate Collection Set: 0.5ms
[2021-11-12T21:34:39.737-0800][gc,phases   ] GC(293)   Other: 3.4ms
[2021-11-12T21:34:39.737-0800][gc,heap     ] GC(293) Eden regions: 129->0(229)
[2021-11-12T21:34:39.737-0800][gc,heap     ] GC(293) Survivor regions: 12->12(18)
[2021-11-12T21:34:39.737-0800][gc,heap     ] GC(293) Old regions: 80->82
[2021-11-12T21:34:39.737-0800][gc,heap     ] GC(293) Archive regions: 2->2
[2021-11-12T21:34:39.737-0800][gc,heap     ] GC(293) Humongous regions: 129->129
[2021-11-12T21:34:39.737-0800][gc,metaspace] GC(293) Metaspace: 41074K(41920K)->41074K(41920K) NonClass: 36290K(36800K)->36290K(36800K) Class: 4784K(5120K)->4784K(5120K)
[2021-11-12T21:34:39.737-0800][gc          ] GC(293) Pause Young (Normal) (G1 Evacuation Pause) 350M->222M(1024M) 22.869ms
[2021-11-12T21:34:39.737-0800][gc,cpu      ] GC(293) User=0.07s Sys=0.01s Real=0.02s
[2021-11-12T21:36:10.400-0800][gc,start    ] GC(294) Pause Young (Normal) (G1 Evacuation Pause)
[2021-11-12T21:36:10.401-0800][gc,task     ] GC(294) Using 8 workers of 8 for evacuation
[2021-11-12T21:36:10.420-0800][gc,phases   ] GC(294)   Pre Evacuate Collection Set: 0.4ms
[2021-11-12T21:36:10.420-0800][gc,phases   ] GC(294)   Merge Heap Roots: 0.2ms
[2021-11-12T21:36:10.420-0800][gc,phases   ] GC(294)   Evacuate Collection Set: 16.6ms
[2021-11-12T21:36:10.420-0800][gc,phases   ] GC(294)   Post Evacuate Collection Set: 0.4ms
[2021-11-12T21:36:10.420-0800][gc,phases   ] GC(294)   Other: 1.9ms
[2021-11-12T21:36:10.420-0800][gc,heap     ] GC(294) Eden regions: 220->0(219)
[2021-11-12T21:36:10.420-0800][gc,heap     ] GC(294) Survivor regions: 12->14(29)
[2021-11-12T21:36:10.420-0800][gc,heap     ] GC(294) Old regions: 82->82
[2021-11-12T21:36:10.420-0800][gc,heap     ] GC(294) Archive regions: 2->2
[2021-11-12T21:36:10.420-0800][gc,heap     ] GC(294) Humongous regions: 129->129
[2021-11-12T21:36:10.420-0800][gc,metaspace] GC(294) Metaspace: 41074K(41920K)->41074K(41920K) NonClass: 36290K(36800K)->36290K(36800K) Class: 4784K(5120K)->4784K(5120K)
[2021-11-12T21:36:10.420-0800][gc          ] GC(294) Pause Young (Normal) (G1 Evacuation Pause) 442M->225M(1024M) 19.707ms
[2021-11-12T21:36:10.420-0800][gc,cpu      ] GC(294) User=0.08s Sys=0.00s Real=0.02s
[2021-11-12T21:37:40.483-0800][gc,start    ] GC(295) Pause Young (Normal) (G1 Evacuation Pause)
[2021-11-12T21:37:40.484-0800][gc,task     ] GC(295) Using 8 workers of 8 for evacuation
[2021-11-12T21:37:40.508-0800][gc,mmu      ] GC(295) MMU target violated: 21.0ms (20.0ms/21.0ms)
[2021-11-12T21:37:40.508-0800][gc,phases   ] GC(295)   Pre Evacuate Collection Set: 0.6ms
[2021-11-12T21:37:40.508-0800][gc,phases   ] GC(295)   Merge Heap Roots: 0.3ms
[2021-11-12T21:37:40.508-0800][gc,phases   ] GC(295)   Evacuate Collection Set: 22.5ms
[2021-11-12T21:37:40.508-0800][gc,phases   ] GC(295)   Post Evacuate Collection Set: 0.7ms
[2021-11-12T21:37:40.508-0800][gc,phases   ] GC(295)   Other: 1.7ms
[2021-11-12T21:37:40.509-0800][gc,heap     ] GC(295) Eden regions: 219->0(200)
[2021-11-12T21:37:40.509-0800][gc,heap     ] GC(295) Survivor regions: 14->16(30)
[2021-11-12T21:37:40.509-0800][gc,heap     ] GC(295) Old regions: 82->82
[2021-11-12T21:37:40.509-0800][gc,heap     ] GC(295) Archive regions: 2->2
[2021-11-12T21:37:40.509-0800][gc,heap     ] GC(295) Humongous regions: 129->129
[2021-11-12T21:37:40.509-0800][gc,metaspace] GC(295) Metaspace: 41074K(41920K)->41074K(41920K) NonClass: 36290K(36800K)->36290K(36800K) Class: 4784K(5120K)->4784K(5120K)
[2021-11-12T21:37:40.509-0800][gc          ] GC(295) Pause Young (Normal) (G1 Evacuation Pause) 444M->226M(1024M) 25.883ms
[2021-11-12T21:37:40.509-0800][gc,cpu      ] GC(295) User=0.07s Sys=0.01s Real=0.02s
[2021-11-12T21:39:02.791-0800][gc,start    ] GC(296) Pause Young (Normal) (G1 Evacuation Pause)
[2021-11-12T21:39:02.792-0800][gc,task     ] GC(296) Using 8 workers of 8 for evacuation
[2021-11-12T21:39:02.822-0800][gc,mmu      ] GC(296) MMU target violated: 21.0ms (20.0ms/21.0ms)
[2021-11-12T21:39:02.822-0800][gc,phases   ] GC(296)   Pre Evacuate Collection Set: 1.3ms
[2021-11-12T21:39:02.822-0800][gc,phases   ] GC(296)   Merge Heap Roots: 0.3ms
[2021-11-12T21:39:02.822-0800][gc,phases   ] GC(296)   Evacuate Collection Set: 26.1ms
[2021-11-12T21:39:02.822-0800][gc,phases   ] GC(296)   Post Evacuate Collection Set: 1.5ms
[2021-11-12T21:39:02.822-0800][gc,phases   ] GC(296)   Other: 2.1ms
[2021-11-12T21:39:02.822-0800][gc,heap     ] GC(296) Eden regions: 200->0(270)
[2021-11-12T21:39:02.822-0800][gc,heap     ] GC(296) Survivor regions: 16->14(27)
[2021-11-12T21:39:02.822-0800][gc,heap     ] GC(296) Old regions: 82->86
[2021-11-12T21:39:02.822-0800][gc,heap     ] GC(296) Archive regions: 2->2
[2021-11-12T21:39:02.822-0800][gc,heap     ] GC(296) Humongous regions: 129->129
[2021-11-12T21:39:02.822-0800][gc,metaspace] GC(296) Metaspace: 41074K(41920K)->41074K(41920K) NonClass: 36290K(36800K)->36290K(36800K) Class: 4784K(5120K)->4784K(5120K)
[2021-11-12T21:39:02.822-0800][gc          ] GC(296) Pause Young (Normal) (G1 Evacuation Pause) 426M->228M(1024M) 31.326ms
[2021-11-12T21:39:02.822-0800][gc,cpu      ] GC(296) User=0.09s Sys=0.03s Real=0.03s
[2021-11-12T21:40:52.761-0800][gc,start    ] GC(297) Pause Young (Normal) (G1 Evacuation Pause)
[2021-11-12T21:40:52.762-0800][gc,task     ] GC(297) Using 8 workers of 8 for evacuation
[2021-11-12T21:40:52.789-0800][gc,mmu      ] GC(297) MMU target violated: 21.0ms (20.0ms/21.0ms)
[2021-11-12T21:40:52.789-0800][gc,phases   ] GC(297)   Pre Evacuate Collection Set: 0.4ms
[2021-11-12T21:40:52.789-0800][gc,phases   ] GC(297)   Merge Heap Roots: 0.3ms
[2021-11-12T21:40:52.789-0800][gc,phases   ] GC(297)   Evacuate Collection Set: 25.4ms
[2021-11-12T21:40:52.789-0800][gc,phases   ] GC(297)   Post Evacuate Collection Set: 0.6ms
[2021-11-12T21:40:52.789-0800][gc,phases   ] GC(297)   Other: 1.5ms
[2021-11-12T21:40:52.789-0800][gc,heap     ] GC(297) Eden regions: 267->0(35)
[2021-11-12T21:40:52.789-0800][gc,heap     ] GC(297) Survivor regions: 14->16(36)
[2021-11-12T21:40:52.789-0800][gc,heap     ] GC(297) Old regions: 86->86
[2021-11-12T21:40:52.789-0800][gc,heap     ] GC(297) Archive regions: 2->2
[2021-11-12T21:40:52.789-0800][gc,heap     ] GC(297) Humongous regions: 129->129
[2021-11-12T21:40:52.789-0800][gc,metaspace] GC(297) Metaspace: 41074K(41920K)->41074K(41920K) NonClass: 36290K(36800K)->36290K(36800K) Class: 4784K(5120K)->4784K(5120K)
[2021-11-12T21:40:52.789-0800][gc          ] GC(297) Pause Young (Normal) (G1 Evacuation Pause) 495M->231M(1024M) 28.231ms
[2021-11-12T21:40:52.789-0800][gc,cpu      ] GC(297) User=0.07s Sys=0.03s Real=0.02s
[2021-11-12T21:41:06.998-0800][gc,start    ] GC(298) Pause Young (Normal) (G1 Evacuation Pause)
[2021-11-12T21:41:06.999-0800][gc,task     ] GC(298) Using 8 workers of 8 for evacuation
[2021-11-12T21:41:07.026-0800][gc,mmu      ] GC(298) MMU target violated: 21.0ms (20.0ms/21.0ms)
[2021-11-12T21:41:07.026-0800][gc,phases   ] GC(298)   Pre Evacuate Collection Set: 0.3ms
[2021-11-12T21:41:07.026-0800][gc,phases   ] GC(298)   Merge Heap Roots: 0.1ms
[2021-11-12T21:41:07.026-0800][gc,phases   ] GC(298)   Evacuate Collection Set: 25.6ms
[2021-11-12T21:41:07.026-0800][gc,phases   ] GC(298)   Post Evacuate Collection Set: 0.4ms
[2021-11-12T21:41:07.026-0800][gc,phases   ] GC(298)   Other: 1.4ms
[2021-11-12T21:41:07.026-0800][gc,heap     ] GC(298) Eden regions: 35->0(523)
[2021-11-12T21:41:07.026-0800][gc,heap     ] GC(298) Survivor regions: 16->6(7)
[2021-11-12T21:41:07.026-0800][gc,heap     ] GC(298) Old regions: 86->98
[2021-11-12T21:41:07.026-0800][gc,heap     ] GC(298) Archive regions: 2->2
[2021-11-12T21:41:07.026-0800][gc,heap     ] GC(298) Humongous regions: 129->129
[2021-11-12T21:41:07.026-0800][gc,metaspace] GC(298) Metaspace: 41074K(41920K)->41074K(41920K) NonClass: 36290K(36800K)->36290K(36800K) Class: 4784K(5120K)->4784K(5120K)
[2021-11-12T21:41:07.026-0800][gc          ] GC(298) Pause Young (Normal) (G1 Evacuation Pause) 266M->233M(1024M) 27.939ms
[2021-11-12T21:41:07.026-0800][gc,cpu      ] GC(298) User=0.08s Sys=0.02s Real=0.03s
[2021-11-12T21:44:43.074-0800][gc,start    ] GC(299) Pause Young (Normal) (G1 Evacuation Pause)
[2021-11-12T21:44:43.075-0800][gc,task     ] GC(299) Using 8 workers of 8 for evacuation
[2021-11-12T21:44:43.120-0800][gc,mmu      ] GC(299) MMU target violated: 21.0ms (20.0ms/21.0ms)
[2021-11-12T21:44:43.120-0800][gc,phases   ] GC(299)   Pre Evacuate Collection Set: 0.9ms
[2021-11-12T21:44:43.120-0800][gc,phases   ] GC(299)   Merge Heap Roots: 0.3ms
[2021-11-12T21:44:43.120-0800][gc,phases   ] GC(299)   Evacuate Collection Set: 41.2ms
[2021-11-12T21:44:43.120-0800][gc,phases   ] GC(299)   Post Evacuate Collection Set: 2.0ms
[2021-11-12T21:44:43.120-0800][gc,phases   ] GC(299)   Other: 1.3ms
[2021-11-12T21:44:43.120-0800][gc,heap     ] GC(299) Eden regions: 523->0(41)
[2021-11-12T21:44:43.120-0800][gc,heap     ] GC(299) Survivor regions: 6->10(67)
[2021-11-12T21:44:43.120-0800][gc,heap     ] GC(299) Old regions: 98->98
[2021-11-12T21:44:43.120-0800][gc,heap     ] GC(299) Archive regions: 2->2
[2021-11-12T21:44:43.120-0800][gc,heap     ] GC(299) Humongous regions: 129->129
[2021-11-12T21:44:43.120-0800][gc,metaspace] GC(299) Metaspace: 41074K(41920K)->41074K(41920K) NonClass: 36290K(36800K)->36290K(36800K) Class: 4784K(5120K)->4784K(5120K)
[2021-11-12T21:44:43.120-0800][gc          ] GC(299) Pause Young (Normal) (G1 Evacuation Pause) 756M->236M(1024M) 45.757ms
[2021-11-12T21:44:43.120-0800][gc,cpu      ] GC(299) User=0.08s Sys=0.04s Real=0.05s
[2021-11-12T21:44:59.832-0800][gc,start    ] GC(300) Pause Young (Normal) (G1 Evacuation Pause)
[2021-11-12T21:44:59.833-0800][gc,task     ] GC(300) Using 8 workers of 8 for evacuation
[2021-11-12T21:44:59.855-0800][gc,mmu      ] GC(300) MMU target violated: 21.0ms (20.0ms/21.0ms)
[2021-11-12T21:44:59.855-0800][gc,phases   ] GC(300)   Pre Evacuate Collection Set: 0.4ms
[2021-11-12T21:44:59.855-0800][gc,phases   ] GC(300)   Merge Heap Roots: 0.1ms
[2021-11-12T21:44:59.855-0800][gc,phases   ] GC(300)   Evacuate Collection Set: 20.4ms
[2021-11-12T21:44:59.855-0800][gc,phases   ] GC(300)   Post Evacuate Collection Set: 0.6ms
[2021-11-12T21:44:59.855-0800][gc,phases   ] GC(300)   Other: 1.7ms
[2021-11-12T21:44:59.855-0800][gc,heap     ] GC(300) Eden regions: 41->0(454)
[2021-11-12T21:44:59.855-0800][gc,heap     ] GC(300) Survivor regions: 10->2(7)
[2021-11-12T21:44:59.855-0800][gc,heap     ] GC(300) Old regions: 98->106
[2021-11-12T21:44:59.855-0800][gc,heap     ] GC(300) Archive regions: 2->2
[2021-11-12T21:44:59.855-0800][gc,heap     ] GC(300) Humongous regions: 129->129
[2021-11-12T21:44:59.855-0800][gc,metaspace] GC(300) Metaspace: 41074K(41920K)->41074K(41920K) NonClass: 36290K(36800K)->36290K(36800K) Class: 4784K(5120K)->4784K(5120K)
[2021-11-12T21:44:59.855-0800][gc          ] GC(300) Pause Young (Normal) (G1 Evacuation Pause) 277M->237M(1024M) 23.528ms
[2021-11-12T21:44:59.855-0800][gc,cpu      ] GC(300) User=0.06s Sys=0.02s Real=0.02s
[2021-11-12T21:48:06.286-0800][gc,start    ] GC(301) Pause Young (Normal) (G1 Evacuation Pause)
[2021-11-12T21:48:06.287-0800][gc,task     ] GC(301) Using 8 workers of 8 for evacuation
[2021-11-12T21:48:06.309-0800][gc,mmu      ] GC(301) MMU target violated: 21.0ms (20.0ms/21.0ms)
[2021-11-12T21:48:06.309-0800][gc,phases   ] GC(301)   Pre Evacuate Collection Set: 0.6ms
[2021-11-12T21:48:06.309-0800][gc,phases   ] GC(301)   Merge Heap Roots: 0.2ms
[2021-11-12T21:48:06.309-0800][gc,phases   ] GC(301)   Evacuate Collection Set: 19.7ms
[2021-11-12T21:48:06.309-0800][gc,phases   ] GC(301)   Post Evacuate Collection Set: 1.3ms
[2021-11-12T21:48:06.309-0800][gc,phases   ] GC(301)   Other: 1.6ms
[2021-11-12T21:48:06.309-0800][gc,heap     ] GC(301) Eden regions: 454->0(93)
[2021-11-12T21:48:06.309-0800][gc,heap     ] GC(301) Survivor regions: 2->8(57)
[2021-11-12T21:48:06.309-0800][gc,heap     ] GC(301) Old regions: 106->106
[2021-11-12T21:48:06.309-0800][gc,heap     ] GC(301) Archive regions: 2->2
[2021-11-12T21:48:06.309-0800][gc,heap     ] GC(301) Humongous regions: 129->129
[2021-11-12T21:48:06.309-0800][gc,metaspace] GC(301) Metaspace: 41074K(41920K)->41074K(41920K) NonClass: 36290K(36800K)->36290K(36800K) Class: 4784K(5120K)->4784K(5120K)
[2021-11-12T21:48:06.309-0800][gc          ] GC(301) Pause Young (Normal) (G1 Evacuation Pause) 691M->243M(1024M) 23.342ms
[2021-11-12T21:48:06.309-0800][gc,cpu      ] GC(301) User=0.04s Sys=0.03s Real=0.02s
[2021-11-12T21:48:44.410-0800][gc,start    ] GC(302) Pause Young (Normal) (G1 Evacuation Pause)
[2021-11-12T21:48:44.412-0800][gc,task     ] GC(302) Using 8 workers of 8 for evacuation
[2021-11-12T21:48:44.430-0800][gc,phases   ] GC(302)   Pre Evacuate Collection Set: 0.5ms
[2021-11-12T21:48:44.431-0800][gc,phases   ] GC(302)   Merge Heap Roots: 0.1ms
[2021-11-12T21:48:44.431-0800][gc,phases   ] GC(302)   Evacuate Collection Set: 17.1ms
[2021-11-12T21:48:44.431-0800][gc,phases   ] GC(302)   Post Evacuate Collection Set: 0.6ms
[2021-11-12T21:48:44.431-0800][gc,phases   ] GC(302)   Other: 2.1ms
[2021-11-12T21:48:44.431-0800][gc,heap     ] GC(302) Eden regions: 93->0(538)
[2021-11-12T21:48:44.431-0800][gc,heap     ] GC(302) Survivor regions: 8->2(13)
[2021-11-12T21:48:44.431-0800][gc,heap     ] GC(302) Old regions: 106->112
[2021-11-12T21:48:44.431-0800][gc,heap     ] GC(302) Archive regions: 2->2
[2021-11-12T21:48:44.431-0800][gc,heap     ] GC(302) Humongous regions: 129->129
[2021-11-12T21:48:44.431-0800][gc,metaspace] GC(302) Metaspace: 41074K(41920K)->41074K(41920K) NonClass: 36290K(36800K)->36290K(36800K) Class: 4784K(5120K)->4784K(5120K)
[2021-11-12T21:48:44.431-0800][gc          ] GC(302) Pause Young (Normal) (G1 Evacuation Pause) 336M->243M(1024M) 20.708ms
[2021-11-12T21:48:44.431-0800][gc,cpu      ] GC(302) User=0.05s Sys=0.02s Real=0.02s
[2021-11-12T21:52:26.186-0800][gc,start    ] GC(303) Pause Young (Normal) (G1 Evacuation Pause)
[2021-11-12T21:52:26.200-0800][gc,task     ] GC(303) Using 8 workers of 8 for evacuation
[2021-11-12T21:52:26.235-0800][gc,mmu      ] GC(303) MMU target violated: 21.0ms (20.0ms/21.0ms)
[2021-11-12T21:52:26.235-0800][gc,phases   ] GC(303)   Pre Evacuate Collection Set: 0.5ms
[2021-11-12T21:52:26.235-0800][gc,phases   ] GC(303)   Merge Heap Roots: 0.4ms
[2021-11-12T21:52:26.235-0800][gc,phases   ] GC(303)   Evacuate Collection Set: 31.7ms
[2021-11-12T21:52:26.235-0800][gc,phases   ] GC(303)   Post Evacuate Collection Set: 1.3ms
[2021-11-12T21:52:26.235-0800][gc,phases   ] GC(303)   Other: 15.0ms
[2021-11-12T21:52:26.235-0800][gc,heap     ] GC(303) Eden regions: 538->0(94)
[2021-11-12T21:52:26.235-0800][gc,heap     ] GC(303) Survivor regions: 2->9(68)
[2021-11-12T21:52:26.235-0800][gc,heap     ] GC(303) Old regions: 112->112
[2021-11-12T21:52:26.235-0800][gc,heap     ] GC(303) Archive regions: 2->2
[2021-11-12T21:52:26.235-0800][gc,heap     ] GC(303) Humongous regions: 129->129
[2021-11-12T21:52:26.235-0800][gc,metaspace] GC(303) Metaspace: 41074K(41920K)->41074K(41920K) NonClass: 36290K(36800K)->36290K(36800K) Class: 4784K(5120K)->4784K(5120K)
[2021-11-12T21:52:26.235-0800][gc          ] GC(303) Pause Young (Normal) (G1 Evacuation Pause) 781M->249M(1024M) 48.937ms
[2021-11-12T21:52:26.235-0800][gc,cpu      ] GC(303) User=0.06s Sys=0.07s Real=0.05s
[2021-11-12T21:53:04.650-0800][gc,start    ] GC(304) Pause Young (Normal) (G1 Evacuation Pause)
[2021-11-12T21:53:04.651-0800][gc,task     ] GC(304) Using 8 workers of 8 for evacuation
[2021-11-12T21:53:04.677-0800][gc,mmu      ] GC(304) MMU target violated: 21.0ms (20.0ms/21.0ms)
[2021-11-12T21:53:04.677-0800][gc,phases   ] GC(304)   Pre Evacuate Collection Set: 0.3ms
[2021-11-12T21:53:04.677-0800][gc,phases   ] GC(304)   Merge Heap Roots: 0.1ms
[2021-11-12T21:53:04.677-0800][gc,phases   ] GC(304)   Evacuate Collection Set: 23.1ms
[2021-11-12T21:53:04.677-0800][gc,phases   ] GC(304)   Post Evacuate Collection Set: 2.0ms
[2021-11-12T21:53:04.677-0800][gc,phases   ] GC(304)   Other: 1.9ms
[2021-11-12T21:53:04.677-0800][gc,heap     ] GC(304) Eden regions: 94->0(426)
[2021-11-12T21:53:04.677-0800][gc,heap     ] GC(304) Survivor regions: 9->2(13)
[2021-11-12T21:53:04.677-0800][gc,heap     ] GC(304) Old regions: 112->119
[2021-11-12T21:53:04.677-0800][gc,heap     ] GC(304) Archive regions: 2->2
[2021-11-12T21:53:04.677-0800][gc,heap     ] GC(304) Humongous regions: 129->129
[2021-11-12T21:53:04.677-0800][gc,metaspace] GC(304) Metaspace: 41074K(41920K)->41074K(41920K) NonClass: 36290K(36800K)->36290K(36800K) Class: 4784K(5120K)->4784K(5120K)
[2021-11-12T21:53:04.678-0800][gc          ] GC(304) Pause Young (Normal) (G1 Evacuation Pause) 343M->250M(1024M) 27.608ms
[2021-11-12T21:53:04.678-0800][gc,cpu      ] GC(304) User=0.05s Sys=0.01s Real=0.02s
[2021-11-12T21:56:00.601-0800][gc,start    ] GC(305) Pause Young (Normal) (G1 Evacuation Pause)
[2021-11-12T21:56:00.603-0800][gc,task     ] GC(305) Using 8 workers of 8 for evacuation
[2021-11-12T21:56:00.640-0800][gc,mmu      ] GC(305) MMU target violated: 21.0ms (20.0ms/21.0ms)
[2021-11-12T21:56:00.640-0800][gc,phases   ] GC(305)   Pre Evacuate Collection Set: 1.0ms
[2021-11-12T21:56:00.640-0800][gc,phases   ] GC(305)   Merge Heap Roots: 0.3ms
[2021-11-12T21:56:00.640-0800][gc,phases   ] GC(305)   Evacuate Collection Set: 31.6ms
[2021-11-12T21:56:00.640-0800][gc,phases   ] GC(305)   Post Evacuate Collection Set: 3.5ms
[2021-11-12T21:56:00.640-0800][gc,phases   ] GC(305)   Other: 2.1ms
[2021-11-12T21:56:00.640-0800][gc,heap     ] GC(305) Eden regions: 426->0(74)
[2021-11-12T21:56:00.640-0800][gc,heap     ] GC(305) Survivor regions: 2->7(54)
[2021-11-12T21:56:00.640-0800][gc,heap     ] GC(305) Old regions: 119->119
[2021-11-12T21:56:00.640-0800][gc,heap     ] GC(305) Archive regions: 2->2
[2021-11-12T21:56:00.640-0800][gc,heap     ] GC(305) Humongous regions: 129->129
[2021-11-12T21:56:00.640-0800][gc,metaspace] GC(305) Metaspace: 41074K(41920K)->41074K(41920K) NonClass: 36290K(36800K)->36290K(36800K) Class: 4784K(5120K)->4784K(5120K)
[2021-11-12T21:56:00.640-0800][gc          ] GC(305) Pause Young (Normal) (G1 Evacuation Pause) 676M->255M(1024M) 38.670ms
[2021-11-12T21:56:00.640-0800][gc,cpu      ] GC(305) User=0.07s Sys=0.04s Real=0.04s
[2021-11-12T21:56:30.958-0800][gc,start    ] GC(306) Pause Young (Normal) (G1 Evacuation Pause)
[2021-11-12T21:56:30.959-0800][gc,task     ] GC(306) Using 8 workers of 8 for evacuation
[2021-11-12T21:56:30.980-0800][gc,mmu      ] GC(306) MMU target violated: 20.0ms (20.0ms/21.0ms)
[2021-11-12T21:56:30.980-0800][gc,phases   ] GC(306)   Pre Evacuate Collection Set: 0.5ms
[2021-11-12T21:56:30.980-0800][gc,phases   ] GC(306)   Merge Heap Roots: 0.2ms
[2021-11-12T21:56:30.980-0800][gc,phases   ] GC(306)   Evacuate Collection Set: 18.7ms
[2021-11-12T21:56:30.980-0800][gc,phases   ] GC(306)   Post Evacuate Collection Set: 0.7ms
[2021-11-12T21:56:30.980-0800][gc,phases   ] GC(306)   Other: 1.8ms
[2021-11-12T21:56:30.980-0800][gc,heap     ] GC(306) Eden regions: 74->0(276)
[2021-11-12T21:56:30.980-0800][gc,heap     ] GC(306) Survivor regions: 7->3(11)
[2021-11-12T21:56:30.980-0800][gc,heap     ] GC(306) Old regions: 119->124
[2021-11-12T21:56:30.980-0800][gc,heap     ] GC(306) Archive regions: 2->2
[2021-11-12T21:56:30.980-0800][gc,heap     ] GC(306) Humongous regions: 129->129
[2021-11-12T21:56:30.980-0800][gc,metaspace] GC(306) Metaspace: 41074K(41920K)->41074K(41920K) NonClass: 36290K(36800K)->36290K(36800K) Class: 4784K(5120K)->4784K(5120K)
[2021-11-12T21:56:30.980-0800][gc          ] GC(306) Pause Young (Normal) (G1 Evacuation Pause) 329M->256M(1024M) 22.043ms
[2021-11-12T21:56:30.980-0800][gc,cpu      ] GC(306) User=0.06s Sys=0.02s Real=0.03s
[2021-11-12T21:58:24.474-0800][gc,start    ] GC(307) Pause Young (Normal) (G1 Evacuation Pause)
[2021-11-12T21:58:24.475-0800][gc,task     ] GC(307) Using 8 workers of 8 for evacuation
[2021-11-12T21:58:24.491-0800][gc,phases   ] GC(307)   Pre Evacuate Collection Set: 0.4ms
[2021-11-12T21:58:24.491-0800][gc,phases   ] GC(307)   Merge Heap Roots: 0.2ms
[2021-11-12T21:58:24.491-0800][gc,phases   ] GC(307)   Evacuate Collection Set: 14.7ms
[2021-11-12T21:58:24.491-0800][gc,phases   ] GC(307)   Post Evacuate Collection Set: 0.8ms
[2021-11-12T21:58:24.491-0800][gc,phases   ] GC(307)   Other: 1.8ms
[2021-11-12T21:58:24.491-0800][gc,heap     ] GC(307) Eden regions: 276->0(263)
[2021-11-12T21:58:24.492-0800][gc,heap     ] GC(307) Survivor regions: 3->5(35)
[2021-11-12T21:58:24.492-0800][gc,heap     ] GC(307) Old regions: 124->124
[2021-11-12T21:58:24.492-0800][gc,heap     ] GC(307) Archive regions: 2->2
[2021-11-12T21:58:24.492-0800][gc,heap     ] GC(307) Humongous regions: 129->129
[2021-11-12T21:58:24.492-0800][gc,metaspace] GC(307) Metaspace: 41074K(41920K)->41074K(41920K) NonClass: 36290K(36800K)->36290K(36800K) Class: 4784K(5120K)->4784K(5120K)
[2021-11-12T21:58:24.492-0800][gc          ] GC(307) Pause Young (Normal) (G1 Evacuation Pause) 532M->258M(1024M) 18.058ms
[2021-11-12T21:58:24.492-0800][gc,cpu      ] GC(307) User=0.05s Sys=0.00s Real=0.02s
[2021-11-12T22:00:12.966-0800][gc,start    ] GC(308) Pause Young (Normal) (G1 Evacuation Pause)
[2021-11-12T22:00:12.979-0800][gc,task     ] GC(308) Using 8 workers of 8 for evacuation
[2021-11-12T22:00:12.997-0800][gc,phases   ] GC(308)   Pre Evacuate Collection Set: 0.7ms
[2021-11-12T22:00:12.997-0800][gc,phases   ] GC(308)   Merge Heap Roots: 0.3ms
[2021-11-12T22:00:12.997-0800][gc,phases   ] GC(308)   Evacuate Collection Set: 15.5ms
[2021-11-12T22:00:12.997-0800][gc,phases   ] GC(308)   Post Evacuate Collection Set: 0.8ms
[2021-11-12T22:00:12.997-0800][gc,phases   ] GC(308)   Other: 13.8ms
[2021-11-12T22:00:12.997-0800][gc,heap     ] GC(308) Eden regions: 263->0(244)
[2021-11-12T22:00:12.997-0800][gc,heap     ] GC(308) Survivor regions: 5->7(34)
[2021-11-12T22:00:12.997-0800][gc,heap     ] GC(308) Old regions: 124->124
[2021-11-12T22:00:12.997-0800][gc,heap     ] GC(308) Archive regions: 2->2
[2021-11-12T22:00:12.997-0800][gc,heap     ] GC(308) Humongous regions: 129->129
[2021-11-12T22:00:12.997-0800][gc,metaspace] GC(308) Metaspace: 41074K(41920K)->41074K(41920K) NonClass: 36290K(36800K)->36290K(36800K) Class: 4784K(5120K)->4784K(5120K)
[2021-11-12T22:00:12.997-0800][gc          ] GC(308) Pause Young (Normal) (G1 Evacuation Pause) 521M->260M(1024M) 31.103ms
[2021-11-12T22:00:12.997-0800][gc,cpu      ] GC(308) User=0.05s Sys=0.01s Real=0.03s
[2021-11-12T22:01:53.356-0800][gc,start    ] GC(309) Pause Young (Normal) (G1 Evacuation Pause)
[2021-11-12T22:01:53.357-0800][gc,task     ] GC(309) Using 8 workers of 8 for evacuation
[2021-11-12T22:01:53.384-0800][gc,mmu      ] GC(309) MMU target violated: 21.0ms (20.0ms/21.0ms)
[2021-11-12T22:01:53.384-0800][gc,phases   ] GC(309)   Pre Evacuate Collection Set: 0.7ms
[2021-11-12T22:01:53.384-0800][gc,phases   ] GC(309)   Merge Heap Roots: 0.3ms
[2021-11-12T22:01:53.384-0800][gc,phases   ] GC(309)   Evacuate Collection Set: 24.5ms
[2021-11-12T22:01:53.384-0800][gc,phases   ] GC(309)   Post Evacuate Collection Set: 1.2ms
[2021-11-12T22:01:53.384-0800][gc,phases   ] GC(309)   Other: 1.8ms
[2021-11-12T22:01:53.384-0800][gc,heap     ] GC(309) Eden regions: 244->0(41)
[2021-11-12T22:01:53.384-0800][gc,heap     ] GC(309) Survivor regions: 7->10(32)
[2021-11-12T22:01:53.384-0800][gc,heap     ] GC(309) Old regions: 124->124
[2021-11-12T22:01:53.384-0800][gc,heap     ] GC(309) Archive regions: 2->2
[2021-11-12T22:01:53.384-0800][gc,heap     ] GC(309) Humongous regions: 129->129
[2021-11-12T22:01:53.384-0800][gc,metaspace] GC(309) Metaspace: 41074K(41920K)->41074K(41920K) NonClass: 36290K(36800K)->36290K(36800K) Class: 4784K(5120K)->4784K(5120K)
[2021-11-12T22:01:53.384-0800][gc          ] GC(309) Pause Young (Normal) (G1 Evacuation Pause) 504M->263M(1024M) 28.723ms
[2021-11-12T22:01:53.384-0800][gc,cpu      ] GC(309) User=0.06s Sys=0.02s Real=0.03s
[2021-11-12T22:02:10.020-0800][gc,start    ] GC(310) Pause Young (Normal) (G1 Evacuation Pause)
[2021-11-12T22:02:10.021-0800][gc,task     ] GC(310) Using 8 workers of 8 for evacuation
[2021-11-12T22:02:10.044-0800][gc,mmu      ] GC(310) MMU target violated: 21.0ms (20.0ms/21.0ms)
[2021-11-12T22:02:10.045-0800][gc,phases   ] GC(310)   Pre Evacuate Collection Set: 0.4ms
[2021-11-12T22:02:10.045-0800][gc,phases   ] GC(310)   Merge Heap Roots: 0.2ms
[2021-11-12T22:02:10.045-0800][gc,phases   ] GC(310)   Evacuate Collection Set: 21.9ms
[2021-11-12T22:02:10.045-0800][gc,phases   ] GC(310)   Post Evacuate Collection Set: 0.5ms
[2021-11-12T22:02:10.045-0800][gc,phases   ] GC(310)   Other: 1.6ms
[2021-11-12T22:02:10.045-0800][gc,heap     ] GC(310) Eden regions: 41->0(319)
[2021-11-12T22:02:10.045-0800][gc,heap     ] GC(310) Survivor regions: 10->5(7)
[2021-11-12T22:02:10.045-0800][gc,heap     ] GC(310) Old regions: 124->131
[2021-11-12T22:02:10.045-0800][gc,heap     ] GC(310) Archive regions: 2->2
[2021-11-12T22:02:10.045-0800][gc,heap     ] GC(310) Humongous regions: 129->129
[2021-11-12T22:02:10.045-0800][gc,metaspace] GC(310) Metaspace: 41074K(41920K)->41074K(41920K) NonClass: 36290K(36800K)->36290K(36800K) Class: 4784K(5120K)->4784K(5120K)
[2021-11-12T22:02:10.045-0800][gc          ] GC(310) Pause Young (Normal) (G1 Evacuation Pause) 304M->265M(1024M) 24.752ms
[2021-11-12T22:02:10.045-0800][gc,cpu      ] GC(310) User=0.08s Sys=0.02s Real=0.02s
[2021-11-12T22:04:21.495-0800][gc,start    ] GC(311) Pause Young (Normal) (G1 Evacuation Pause)
[2021-11-12T22:04:21.496-0800][gc,task     ] GC(311) Using 8 workers of 8 for evacuation
[2021-11-12T22:04:21.527-0800][gc,mmu      ] GC(311) MMU target violated: 21.0ms (20.0ms/21.0ms)
[2021-11-12T22:04:21.527-0800][gc,phases   ] GC(311)   Pre Evacuate Collection Set: 1.3ms
[2021-11-12T22:04:21.527-0800][gc,phases   ] GC(311)   Merge Heap Roots: 0.5ms
[2021-11-12T22:04:21.527-0800][gc,phases   ] GC(311)   Evacuate Collection Set: 26.9ms
[2021-11-12T22:04:21.527-0800][gc,phases   ] GC(311)   Post Evacuate Collection Set: 1.6ms
[2021-11-12T22:04:21.527-0800][gc,phases   ] GC(311)   Other: 2.1ms
[2021-11-12T22:04:21.527-0800][gc,heap     ] GC(311) Eden regions: 319->0(110)
[2021-11-12T22:04:21.527-0800][gc,heap     ] GC(311) Survivor regions: 5->8(41)
[2021-11-12T22:04:21.527-0800][gc,heap     ] GC(311) Old regions: 131->131
[2021-11-12T22:04:21.527-0800][gc,heap     ] GC(311) Archive regions: 2->2
[2021-11-12T22:04:21.527-0800][gc,heap     ] GC(311) Humongous regions: 129->129
[2021-11-12T22:04:21.528-0800][gc,metaspace] GC(311) Metaspace: 41074K(41920K)->41074K(41920K) NonClass: 36290K(36800K)->36290K(36800K) Class: 4784K(5120K)->4784K(5120K)
[2021-11-12T22:04:21.528-0800][gc          ] GC(311) Pause Young (Normal) (G1 Evacuation Pause) 584M->268M(1024M) 32.535ms
[2021-11-12T22:04:21.528-0800][gc,cpu      ] GC(311) User=0.06s Sys=0.05s Real=0.03s
[2021-11-12T22:05:06.282-0800][gc,start    ] GC(312) Pause Young (Normal) (G1 Evacuation Pause)
[2021-11-12T22:05:06.283-0800][gc,task     ] GC(312) Using 8 workers of 8 for evacuation
[2021-11-12T22:05:06.306-0800][gc,mmu      ] GC(312) MMU target violated: 21.0ms (20.0ms/21.0ms)
[2021-11-12T22:05:06.307-0800][gc,phases   ] GC(312)   Pre Evacuate Collection Set: 0.5ms
[2021-11-12T22:05:06.307-0800][gc,phases   ] GC(312)   Merge Heap Roots: 0.3ms
[2021-11-12T22:05:06.307-0800][gc,phases   ] GC(312)   Evacuate Collection Set: 21.2ms
[2021-11-12T22:05:06.307-0800][gc,phases   ] GC(312)   Post Evacuate Collection Set: 0.8ms
[2021-11-12T22:05:06.307-0800][gc,phases   ] GC(312)   Other: 1.5ms
[2021-11-12T22:05:06.307-0800][gc,heap     ] GC(312) Eden regions: 109->0(63)
[2021-11-12T22:05:06.307-0800][gc,heap     ] GC(312) Survivor regions: 8->9(15)
[2021-11-12T22:05:06.307-0800][gc,heap     ] GC(312) Old regions: 131->131
[2021-11-12T22:05:06.307-0800][gc,heap     ] GC(312) Archive regions: 2->2
[2021-11-12T22:05:06.307-0800][gc,heap     ] GC(312) Humongous regions: 129->129
[2021-11-12T22:05:06.307-0800][gc,metaspace] GC(312) Metaspace: 41074K(41920K)->41074K(41920K) NonClass: 36290K(36800K)->36290K(36800K) Class: 4784K(5120K)->4784K(5120K)
[2021-11-12T22:05:06.307-0800][gc          ] GC(312) Pause Young (Normal) (G1 Evacuation Pause) 377M->268M(1024M) 24.580ms
[2021-11-12T22:05:06.307-0800][gc,cpu      ] GC(312) User=0.06s Sys=0.02s Real=0.02s
[2021-11-12T22:05:31.931-0800][gc,start    ] GC(313) Pause Young (Normal) (G1 Evacuation Pause)
[2021-11-12T22:05:31.939-0800][gc,task     ] GC(313) Using 8 workers of 8 for evacuation
[2021-11-12T22:05:31.961-0800][gc,mmu      ] GC(313) MMU target violated: 21.0ms (20.0ms/21.0ms)
[2021-11-12T22:05:31.961-0800][gc,phases   ] GC(313)   Pre Evacuate Collection Set: 0.6ms
[2021-11-12T22:05:31.961-0800][gc,phases   ] GC(313)   Merge Heap Roots: 0.2ms
[2021-11-12T22:05:31.961-0800][gc,phases   ] GC(313)   Evacuate Collection Set: 21.2ms
[2021-11-12T22:05:31.962-0800][gc,phases   ] GC(313)   Post Evacuate Collection Set: 0.6ms
[2021-11-12T22:05:31.962-0800][gc,phases   ] GC(313)   Other: 8.2ms
[2021-11-12T22:05:31.962-0800][gc,heap     ] GC(313) Eden regions: 63->0(442)
[2021-11-12T22:05:31.962-0800][gc,heap     ] GC(313) Survivor regions: 9->3(9)
[2021-11-12T22:05:31.962-0800][gc,heap     ] GC(313) Old regions: 131->137
[2021-11-12T22:05:31.962-0800][gc,heap     ] GC(313) Archive regions: 2->2
[2021-11-12T22:05:31.962-0800][gc,heap     ] GC(313) Humongous regions: 129->129
[2021-11-12T22:05:31.962-0800][gc,metaspace] GC(313) Metaspace: 41074K(41920K)->41074K(41920K) NonClass: 36290K(36800K)->36290K(36800K) Class: 4784K(5120K)->4784K(5120K)
[2021-11-12T22:05:31.962-0800][gc          ] GC(313) Pause Young (Normal) (G1 Evacuation Pause) 331M->269M(1024M) 30.789ms
[2021-11-12T22:05:31.962-0800][gc,cpu      ] GC(313) User=0.07s Sys=0.02s Real=0.03s
[2021-11-12T22:08:34.440-0800][gc,start    ] GC(314) Pause Young (Normal) (G1 Evacuation Pause)
[2021-11-12T22:08:34.441-0800][gc,task     ] GC(314) Using 8 workers of 8 for evacuation
[2021-11-12T22:08:34.465-0800][gc,mmu      ] GC(314) MMU target violated: 21.0ms (20.0ms/21.0ms)
[2021-11-12T22:08:34.465-0800][gc,phases   ] GC(314)   Pre Evacuate Collection Set: 0.8ms
[2021-11-12T22:08:34.465-0800][gc,phases   ] GC(314)   Merge Heap Roots: 0.2ms
[2021-11-12T22:08:34.465-0800][gc,phases   ] GC(314)   Evacuate Collection Set: 20.3ms
[2021-11-12T22:08:34.465-0800][gc,phases   ] GC(314)   Post Evacuate Collection Set: 2.3ms
[2021-11-12T22:08:34.465-0800][gc,phases   ] GC(314)   Other: 2.0ms
[2021-11-12T22:08:34.465-0800][gc,heap     ] GC(314) Eden regions: 442->0(192)
[2021-11-12T22:08:34.465-0800][gc,heap     ] GC(314) Survivor regions: 3->7(56)
[2021-11-12T22:08:34.465-0800][gc,heap     ] GC(314) Old regions: 137->137
[2021-11-12T22:08:34.466-0800][gc,heap     ] GC(314) Archive regions: 2->2
[2021-11-12T22:08:34.466-0800][gc,heap     ] GC(314) Humongous regions: 129->129
[2021-11-12T22:08:34.466-0800][gc,metaspace] GC(314) Metaspace: 41074K(41920K)->41074K(41920K) NonClass: 36290K(36800K)->36290K(36800K) Class: 4784K(5120K)->4784K(5120K)
[2021-11-12T22:08:34.466-0800][gc          ] GC(314) Pause Young (Normal) (G1 Evacuation Pause) 711M->273M(1024M) 25.748ms
[2021-11-12T22:08:34.466-0800][gc,cpu      ] GC(314) User=0.06s Sys=0.03s Real=0.02s
[2021-11-12T22:09:53.593-0800][gc,start    ] GC(315) Pause Young (Normal) (G1 Evacuation Pause)
[2021-11-12T22:09:53.594-0800][gc,task     ] GC(315) Using 8 workers of 8 for evacuation
[2021-11-12T22:09:53.615-0800][gc,mmu      ] GC(315) MMU target violated: 20.6ms (20.0ms/21.0ms)
[2021-11-12T22:09:53.615-0800][gc,phases   ] GC(315)   Pre Evacuate Collection Set: 0.4ms
[2021-11-12T22:09:53.615-0800][gc,phases   ] GC(315)   Merge Heap Roots: 0.2ms
[2021-11-12T22:09:53.615-0800][gc,phases   ] GC(315)   Evacuate Collection Set: 19.3ms
[2021-11-12T22:09:53.615-0800][gc,phases   ] GC(315)   Post Evacuate Collection Set: 0.8ms
[2021-11-12T22:09:53.615-0800][gc,phases   ] GC(315)   Other: 0.7ms
[2021-11-12T22:09:53.615-0800][gc,heap     ] GC(315) Eden regions: 192->0(74)
[2021-11-12T22:09:53.615-0800][gc,heap     ] GC(315) Survivor regions: 7->9(25)
[2021-11-12T22:09:53.615-0800][gc,heap     ] GC(315) Old regions: 137->137
[2021-11-12T22:09:53.615-0800][gc,heap     ] GC(315) Archive regions: 2->2
[2021-11-12T22:09:53.615-0800][gc,heap     ] GC(315) Humongous regions: 129->129
[2021-11-12T22:09:53.615-0800][gc,metaspace] GC(315) Metaspace: 41074K(41920K)->41074K(41920K) NonClass: 36290K(36800K)->36290K(36800K) Class: 4784K(5120K)->4784K(5120K)
[2021-11-12T22:09:53.615-0800][gc          ] GC(315) Pause Young (Normal) (G1 Evacuation Pause) 465M->275M(1024M) 21.766ms
[2021-11-12T22:09:53.615-0800][gc,cpu      ] GC(315) User=0.05s Sys=0.01s Real=0.02s
[2021-11-12T22:10:24.287-0800][gc,start    ] GC(316) Pause Young (Normal) (G1 Evacuation Pause)
[2021-11-12T22:10:24.287-0800][gc,task     ] GC(316) Using 8 workers of 8 for evacuation
[2021-11-12T22:10:24.328-0800][gc,mmu      ] GC(316) MMU target violated: 21.0ms (20.0ms/21.0ms)
[2021-11-12T22:10:24.328-0800][gc,phases   ] GC(316)   Pre Evacuate Collection Set: 1.1ms
[2021-11-12T22:10:24.328-0800][gc,phases   ] GC(316)   Merge Heap Roots: 0.2ms
[2021-11-12T22:10:24.328-0800][gc,phases   ] GC(316)   Evacuate Collection Set: 36.6ms
[2021-11-12T22:10:24.328-0800][gc,phases   ] GC(316)   Post Evacuate Collection Set: 1.9ms
[2021-11-12T22:10:24.328-0800][gc,phases   ] GC(316)   Other: 1.3ms
[2021-11-12T22:10:24.328-0800][gc,heap     ] GC(316) Eden regions: 74->0(151)
[2021-11-12T22:10:24.328-0800][gc,heap     ] GC(316) Survivor regions: 9->6(11)
[2021-11-12T22:10:24.328-0800][gc,heap     ] GC(316) Old regions: 137->143
[2021-11-12T22:10:24.328-0800][gc,heap     ] GC(316) Archive regions: 2->2
[2021-11-12T22:10:24.328-0800][gc,heap     ] GC(316) Humongous regions: 129->129
[2021-11-12T22:10:24.328-0800][gc,metaspace] GC(316) Metaspace: 41074K(41920K)->41074K(41920K) NonClass: 36290K(36800K)->36290K(36800K) Class: 4784K(5120K)->4784K(5120K)
[2021-11-12T22:10:24.328-0800][gc          ] GC(316) Pause Young (Normal) (G1 Evacuation Pause) 349M->278M(1024M) 41.341ms
[2021-11-12T22:10:24.328-0800][gc,cpu      ] GC(316) User=0.07s Sys=0.03s Real=0.04s
[2021-11-12T22:11:28.803-0800][gc,start    ] GC(317) Pause Young (Normal) (G1 Evacuation Pause)
[2021-11-12T22:11:28.804-0800][gc,task     ] GC(317) Using 8 workers of 8 for evacuation
[2021-11-12T22:11:28.825-0800][gc,mmu      ] GC(317) MMU target violated: 21.0ms (20.0ms/21.0ms)
[2021-11-12T22:11:28.825-0800][gc,phases   ] GC(317)   Pre Evacuate Collection Set: 0.3ms
[2021-11-12T22:11:28.825-0800][gc,phases   ] GC(317)   Merge Heap Roots: 0.2ms
[2021-11-12T22:11:28.825-0800][gc,phases   ] GC(317)   Evacuate Collection Set: 20.2ms
[2021-11-12T22:11:28.825-0800][gc,phases   ] GC(317)   Post Evacuate Collection Set: 0.6ms
[2021-11-12T22:11:28.825-0800][gc,phases   ] GC(317)   Other: 0.6ms
[2021-11-12T22:11:28.826-0800][gc,heap     ] GC(317) Eden regions: 149->0(165)
[2021-11-12T22:11:28.826-0800][gc,heap     ] GC(317) Survivor regions: 6->7(20)
[2021-11-12T22:11:28.826-0800][gc,heap     ] GC(317) Old regions: 143->143
[2021-11-12T22:11:28.826-0800][gc,heap     ] GC(317) Archive regions: 2->2
[2021-11-12T22:11:28.826-0800][gc,heap     ] GC(317) Humongous regions: 129->129
[2021-11-12T22:11:28.826-0800][gc,metaspace] GC(317) Metaspace: 41074K(41920K)->41074K(41920K) NonClass: 36290K(36800K)->36290K(36800K) Class: 4784K(5120K)->4784K(5120K)
[2021-11-12T22:11:28.826-0800][gc          ] GC(317) Pause Young (Normal) (G1 Evacuation Pause) 427M->279M(1024M) 22.177ms
[2021-11-12T22:11:28.826-0800][gc,cpu      ] GC(317) User=0.03s Sys=0.02s Real=0.02s
[2021-11-12T22:12:40.513-0800][gc,start    ] GC(318) Pause Young (Normal) (G1 Evacuation Pause)
[2021-11-12T22:12:40.513-0800][gc,task     ] GC(318) Using 8 workers of 8 for evacuation
[2021-11-12T22:12:40.533-0800][gc,phases   ] GC(318)   Pre Evacuate Collection Set: 0.3ms
[2021-11-12T22:12:40.533-0800][gc,phases   ] GC(318)   Merge Heap Roots: 0.2ms
[2021-11-12T22:12:40.533-0800][gc,phases   ] GC(318)   Evacuate Collection Set: 18.1ms
[2021-11-12T22:12:40.533-0800][gc,phases   ] GC(318)   Post Evacuate Collection Set: 0.6ms
[2021-11-12T22:12:40.533-0800][gc,phases   ] GC(318)   Other: 0.7ms
[2021-11-12T22:12:40.533-0800][gc,heap     ] GC(318) Eden regions: 165->0(104)
[2021-11-12T22:12:40.533-0800][gc,heap     ] GC(318) Survivor regions: 7->9(22)
[2021-11-12T22:12:40.533-0800][gc,heap     ] GC(318) Old regions: 143->143
[2021-11-12T22:12:40.533-0800][gc,heap     ] GC(318) Archive regions: 2->2
[2021-11-12T22:12:40.533-0800][gc,heap     ] GC(318) Humongous regions: 129->129
[2021-11-12T22:12:40.533-0800][gc,metaspace] GC(318) Metaspace: 41074K(41920K)->41074K(41920K) NonClass: 36290K(36800K)->36290K(36800K) Class: 4784K(5120K)->4784K(5120K)
[2021-11-12T22:12:40.533-0800][gc          ] GC(318) Pause Young (Normal) (G1 Evacuation Pause) 444M->280M(1024M) 20.151ms
[2021-11-12T22:12:40.533-0800][gc,cpu      ] GC(318) User=0.05s Sys=0.01s Real=0.02s
[2021-11-12T22:13:25.461-0800][gc,start    ] GC(319) Pause Young (Normal) (G1 Evacuation Pause)
[2021-11-12T22:13:25.462-0800][gc,task     ] GC(319) Using 8 workers of 8 for evacuation
[2021-11-12T22:13:25.480-0800][gc,phases   ] GC(319)   Pre Evacuate Collection Set: 0.4ms
[2021-11-12T22:13:25.480-0800][gc,phases   ] GC(319)   Merge Heap Roots: 0.2ms
[2021-11-12T22:13:25.480-0800][gc,phases   ] GC(319)   Evacuate Collection Set: 16.7ms
[2021-11-12T22:13:25.480-0800][gc,phases   ] GC(319)   Post Evacuate Collection Set: 0.4ms
[2021-11-12T22:13:25.480-0800][gc,phases   ] GC(319)   Other: 1.6ms
[2021-11-12T22:13:25.480-0800][gc,heap     ] GC(319) Eden regions: 104->0(194)
[2021-11-12T22:13:25.480-0800][gc,heap     ] GC(319) Survivor regions: 9->8(15)
[2021-11-12T22:13:25.480-0800][gc,heap     ] GC(319) Old regions: 143->145
[2021-11-12T22:13:25.480-0800][gc,heap     ] GC(319) Archive regions: 2->2
[2021-11-12T22:13:25.480-0800][gc,heap     ] GC(319) Humongous regions: 129->129
[2021-11-12T22:13:25.480-0800][gc,metaspace] GC(319) Metaspace: 41074K(41920K)->41074K(41920K) NonClass: 36290K(36800K)->36290K(36800K) Class: 4784K(5120K)->4784K(5120K)
[2021-11-12T22:13:25.480-0800][gc          ] GC(319) Pause Young (Normal) (G1 Evacuation Pause) 384M->282M(1024M) 19.392ms
[2021-11-12T22:13:25.480-0800][gc,cpu      ] GC(319) User=0.07s Sys=0.00s Real=0.02s
[2021-11-12T22:14:48.339-0800][gc,start    ] GC(320) Pause Young (Normal) (G1 Evacuation Pause)
[2021-11-12T22:14:48.339-0800][gc,task     ] GC(320) Using 8 workers of 8 for evacuation
[2021-11-12T22:14:48.360-0800][gc,mmu      ] GC(320) MMU target violated: 20.7ms (20.0ms/21.0ms)
[2021-11-12T22:14:48.360-0800][gc,phases   ] GC(320)   Pre Evacuate Collection Set: 0.3ms
[2021-11-12T22:14:48.360-0800][gc,phases   ] GC(320)   Merge Heap Roots: 0.2ms
[2021-11-12T22:14:48.360-0800][gc,phases   ] GC(320)   Evacuate Collection Set: 19.3ms
[2021-11-12T22:14:48.360-0800][gc,phases   ] GC(320)   Post Evacuate Collection Set: 0.9ms
[2021-11-12T22:14:48.360-0800][gc,phases   ] GC(320)   Other: 0.9ms
[2021-11-12T22:14:48.360-0800][gc,heap     ] GC(320) Eden regions: 191->0(108)
[2021-11-12T22:14:48.360-0800][gc,heap     ] GC(320) Survivor regions: 8->10(25)
[2021-11-12T22:14:48.360-0800][gc,heap     ] GC(320) Old regions: 145->145
[2021-11-12T22:14:48.360-0800][gc,heap     ] GC(320) Archive regions: 2->2
[2021-11-12T22:14:48.360-0800][gc,heap     ] GC(320) Humongous regions: 129->129
[2021-11-12T22:14:48.360-0800][gc,metaspace] GC(320) Metaspace: 41074K(41920K)->41074K(41920K) NonClass: 36290K(36800K)->36290K(36800K) Class: 4784K(5120K)->4784K(5120K)
[2021-11-12T22:14:48.360-0800][gc          ] GC(320) Pause Young (Normal) (G1 Evacuation Pause) 473M->284M(1024M) 21.795ms
[2021-11-12T22:14:48.360-0800][gc,cpu      ] GC(320) User=0.06s Sys=0.02s Real=0.03s
[2021-11-12T22:15:35.076-0800][gc,start    ] GC(321) Pause Young (Normal) (G1 Evacuation Pause)
[2021-11-12T22:15:35.077-0800][gc,task     ] GC(321) Using 8 workers of 8 for evacuation
[2021-11-12T22:15:35.093-0800][gc,phases   ] GC(321)   Pre Evacuate Collection Set: 0.7ms
[2021-11-12T22:15:35.093-0800][gc,phases   ] GC(321)   Merge Heap Roots: 0.2ms
[2021-11-12T22:15:35.093-0800][gc,phases   ] GC(321)   Evacuate Collection Set: 14.2ms
[2021-11-12T22:15:35.093-0800][gc,phases   ] GC(321)   Post Evacuate Collection Set: 0.6ms
[2021-11-12T22:15:35.093-0800][gc,phases   ] GC(321)   Other: 1.8ms
[2021-11-12T22:15:35.093-0800][gc,heap     ] GC(321) Eden regions: 108->0(256)
[2021-11-12T22:15:35.093-0800][gc,heap     ] GC(321) Survivor regions: 10->8(15)
[2021-11-12T22:15:35.093-0800][gc,heap     ] GC(321) Old regions: 145->148
[2021-11-12T22:15:35.093-0800][gc,heap     ] GC(321) Archive regions: 2->2
[2021-11-12T22:15:35.093-0800][gc,heap     ] GC(321) Humongous regions: 129->129
[2021-11-12T22:15:35.093-0800][gc,metaspace] GC(321) Metaspace: 41074K(41920K)->41074K(41920K) NonClass: 36290K(36800K)->36290K(36800K) Class: 4784K(5120K)->4784K(5120K)
[2021-11-12T22:15:35.093-0800][gc          ] GC(321) Pause Young (Normal) (G1 Evacuation Pause) 392M->284M(1024M) 17.610ms
[2021-11-12T22:15:35.093-0800][gc,cpu      ] GC(321) User=0.06s Sys=0.02s Real=0.02s
[2021-11-12T22:17:28.056-0800][gc,start    ] GC(322) Pause Young (Normal) (G1 Evacuation Pause)
[2021-11-12T22:17:28.058-0800][gc,task     ] GC(322) Using 8 workers of 8 for evacuation
[2021-11-12T22:17:28.084-0800][gc,mmu      ] GC(322) MMU target violated: 21.0ms (20.0ms/21.0ms)
[2021-11-12T22:17:28.084-0800][gc,phases   ] GC(322)   Pre Evacuate Collection Set: 0.5ms
[2021-11-12T22:17:28.084-0800][gc,phases   ] GC(322)   Merge Heap Roots: 0.3ms
[2021-11-12T22:17:28.084-0800][gc,phases   ] GC(322)   Evacuate Collection Set: 24.8ms
[2021-11-12T22:17:28.084-0800][gc,phases   ] GC(322)   Post Evacuate Collection Set: 0.7ms
[2021-11-12T22:17:28.084-0800][gc,phases   ] GC(322)   Other: 1.6ms
[2021-11-12T22:17:28.084-0800][gc,heap     ] GC(322) Eden regions: 255->0(82)
[2021-11-12T22:17:28.084-0800][gc,heap     ] GC(322) Survivor regions: 8->10(33)
[2021-11-12T22:17:28.084-0800][gc,heap     ] GC(322) Old regions: 148->148
[2021-11-12T22:17:28.084-0800][gc,heap     ] GC(322) Archive regions: 2->2
[2021-11-12T22:17:28.084-0800][gc,heap     ] GC(322) Humongous regions: 129->129
[2021-11-12T22:17:28.084-0800][gc,metaspace] GC(322) Metaspace: 41074K(41920K)->41074K(41920K) NonClass: 36290K(36800K)->36290K(36800K) Class: 4784K(5120K)->4784K(5120K)
[2021-11-12T22:17:28.084-0800][gc          ] GC(322) Pause Young (Normal) (G1 Evacuation Pause) 539M->287M(1024M) 27.982ms
[2021-11-12T22:17:28.084-0800][gc,cpu      ] GC(322) User=0.07s Sys=0.02s Real=0.03s
[2021-11-12T22:18:03.933-0800][gc,start    ] GC(323) Pause Young (Normal) (G1 Evacuation Pause)
[2021-11-12T22:18:03.934-0800][gc,task     ] GC(323) Using 8 workers of 8 for evacuation
[2021-11-12T22:18:03.974-0800][gc,mmu      ] GC(323) MMU target violated: 21.0ms (20.0ms/21.0ms)
[2021-11-12T22:18:03.974-0800][gc,phases   ] GC(323)   Pre Evacuate Collection Set: 0.5ms
[2021-11-12T22:18:03.974-0800][gc,phases   ] GC(323)   Merge Heap Roots: 0.2ms
[2021-11-12T22:18:03.974-0800][gc,phases   ] GC(323)   Evacuate Collection Set: 21.2ms
[2021-11-12T22:18:03.974-0800][gc,phases   ] GC(323)   Post Evacuate Collection Set: 0.5ms
[2021-11-12T22:18:03.974-0800][gc,phases   ] GC(323)   Other: 18.2ms
[2021-11-12T22:18:03.974-0800][gc,heap     ] GC(323) Eden regions: 82->0(269)
[2021-11-12T22:18:03.974-0800][gc,heap     ] GC(323) Survivor regions: 10->7(12)
[2021-11-12T22:18:03.974-0800][gc,heap     ] GC(323) Old regions: 148->153
[2021-11-12T22:18:03.974-0800][gc,heap     ] GC(323) Archive regions: 2->2
[2021-11-12T22:18:03.974-0800][gc,heap     ] GC(323) Humongous regions: 129->129
[2021-11-12T22:18:03.974-0800][gc,metaspace] GC(323) Metaspace: 41074K(41920K)->41074K(41920K) NonClass: 36290K(36800K)->36290K(36800K) Class: 4784K(5120K)->4784K(5120K)
[2021-11-12T22:18:03.974-0800][gc          ] GC(323) Pause Young (Normal) (G1 Evacuation Pause) 369M->289M(1024M) 40.713ms
[2021-11-12T22:18:03.974-0800][gc,cpu      ] GC(323) User=0.08s Sys=0.02s Real=0.04s
[2021-11-12T22:20:03.161-0800][gc,start    ] GC(324) Pause Young (Normal) (G1 Evacuation Pause)
[2021-11-12T22:20:03.162-0800][gc,task     ] GC(324) Using 8 workers of 8 for evacuation
[2021-11-12T22:20:03.184-0800][gc,mmu      ] GC(324) MMU target violated: 21.0ms (20.0ms/21.0ms)
[2021-11-12T22:20:03.184-0800][gc,phases   ] GC(324)   Pre Evacuate Collection Set: 0.6ms
[2021-11-12T22:20:03.184-0800][gc,phases   ] GC(324)   Merge Heap Roots: 0.2ms
[2021-11-12T22:20:03.185-0800][gc,phases   ] GC(324)   Evacuate Collection Set: 20.5ms
[2021-11-12T22:20:03.185-0800][gc,phases   ] GC(324)   Post Evacuate Collection Set: 0.8ms
[2021-11-12T22:20:03.185-0800][gc,phases   ] GC(324)   Other: 1.6ms
[2021-11-12T22:20:03.185-0800][gc,heap     ] GC(324) Eden regions: 269->0(172)
[2021-11-12T22:20:03.185-0800][gc,heap     ] GC(324) Survivor regions: 7->9(35)
[2021-11-12T22:20:03.185-0800][gc,heap     ] GC(324) Old regions: 153->153
[2021-11-12T22:20:03.185-0800][gc,heap     ] GC(324) Archive regions: 2->2
[2021-11-12T22:20:03.185-0800][gc,heap     ] GC(324) Humongous regions: 129->129
[2021-11-12T22:20:03.185-0800][gc,metaspace] GC(324) Metaspace: 41074K(41920K)->41074K(41920K) NonClass: 36290K(36800K)->36290K(36800K) Class: 4784K(5120K)->4784K(5120K)
[2021-11-12T22:20:03.185-0800][gc          ] GC(324) Pause Young (Normal) (G1 Evacuation Pause) 558M->290M(1024M) 23.996ms
[2021-11-12T22:20:03.185-0800][gc,cpu      ] GC(324) User=0.06s Sys=0.02s Real=0.02s
[2021-11-12T22:21:18.248-0800][gc,start    ] GC(325) Pause Young (Normal) (G1 Evacuation Pause)
[2021-11-12T22:21:18.250-0800][gc,task     ] GC(325) Using 8 workers of 8 for evacuation
[2021-11-12T22:21:18.275-0800][gc,mmu      ] GC(325) MMU target violated: 21.0ms (20.0ms/21.0ms)
[2021-11-12T22:21:18.275-0800][gc,phases   ] GC(325)   Pre Evacuate Collection Set: 1.1ms
[2021-11-12T22:21:18.275-0800][gc,phases   ] GC(325)   Merge Heap Roots: 0.2ms
[2021-11-12T22:21:18.275-0800][gc,phases   ] GC(325)   Evacuate Collection Set: 22.6ms
[2021-11-12T22:21:18.275-0800][gc,phases   ] GC(325)   Post Evacuate Collection Set: 1.2ms
[2021-11-12T22:21:18.275-0800][gc,phases   ] GC(325)   Other: 2.1ms
[2021-11-12T22:21:18.275-0800][gc,heap     ] GC(325) Eden regions: 172->0(39)
[2021-11-12T22:21:18.275-0800][gc,heap     ] GC(325) Survivor regions: 9->12(23)
[2021-11-12T22:21:18.275-0800][gc,heap     ] GC(325) Old regions: 153->153
[2021-11-12T22:21:18.276-0800][gc,heap     ] GC(325) Archive regions: 2->2
[2021-11-12T22:21:18.276-0800][gc,heap     ] GC(325) Humongous regions: 129->129
[2021-11-12T22:21:18.276-0800][gc,metaspace] GC(325) Metaspace: 41074K(41920K)->41074K(41920K) NonClass: 36290K(36800K)->36290K(36800K) Class: 4784K(5120K)->4784K(5120K)
[2021-11-12T22:21:18.276-0800][gc          ] GC(325) Pause Young (Normal) (G1 Evacuation Pause) 462M->293M(1024M) 27.182ms
[2021-11-12T22:21:18.276-0800][gc,cpu      ] GC(325) User=0.06s Sys=0.04s Real=0.03s
[2021-11-12T22:21:34.240-0800][gc,start    ] GC(326) Pause Young (Normal) (G1 Evacuation Pause)
[2021-11-12T22:21:34.240-0800][gc,task     ] GC(326) Using 8 workers of 8 for evacuation
[2021-11-12T22:21:34.260-0800][gc,phases   ] GC(326)   Pre Evacuate Collection Set: 0.2ms
[2021-11-12T22:21:34.260-0800][gc,phases   ] GC(326)   Merge Heap Roots: 0.1ms
[2021-11-12T22:21:34.260-0800][gc,phases   ] GC(326)   Evacuate Collection Set: 18.5ms
[2021-11-12T22:21:34.260-0800][gc,phases   ] GC(326)   Post Evacuate Collection Set: 0.5ms
[2021-11-12T22:21:34.260-0800][gc,phases   ] GC(326)   Other: 0.6ms
[2021-11-12T22:21:34.260-0800][gc,heap     ] GC(326) Eden regions: 39->0(453)
[2021-11-12T22:21:34.260-0800][gc,heap     ] GC(326) Survivor regions: 12->5(7)
[2021-11-12T22:21:34.260-0800][gc,heap     ] GC(326) Old regions: 153->161
[2021-11-12T22:21:34.260-0800][gc,heap     ] GC(326) Archive regions: 2->2
[2021-11-12T22:21:34.260-0800][gc,heap     ] GC(326) Humongous regions: 129->129
[2021-11-12T22:21:34.260-0800][gc,metaspace] GC(326) Metaspace: 41074K(41920K)->41074K(41920K) NonClass: 36290K(36800K)->36290K(36800K) Class: 4784K(5120K)->4784K(5120K)
[2021-11-12T22:21:34.260-0800][gc          ] GC(326) Pause Young (Normal) (G1 Evacuation Pause) 332M->294M(1024M) 20.163ms
[2021-11-12T22:21:34.260-0800][gc,cpu      ] GC(326) User=0.06s Sys=0.01s Real=0.02s
[2021-11-12T22:24:50.235-0800][gc,start    ] GC(327) Pause Young (Normal) (G1 Evacuation Pause)
[2021-11-12T22:24:50.236-0800][gc,task     ] GC(327) Using 8 workers of 8 for evacuation
[2021-11-12T22:24:50.286-0800][gc,mmu      ] GC(327) MMU target violated: 21.0ms (20.0ms/21.0ms)
[2021-11-12T22:24:50.287-0800][gc,phases   ] GC(327)   Pre Evacuate Collection Set: 1.0ms
[2021-11-12T22:24:50.287-0800][gc,phases   ] GC(327)   Merge Heap Roots: 0.5ms
[2021-11-12T22:24:50.287-0800][gc,phases   ] GC(327)   Evacuate Collection Set: 47.0ms
[2021-11-12T22:24:50.287-0800][gc,phases   ] GC(327)   Post Evacuate Collection Set: 1.5ms
[2021-11-12T22:24:50.287-0800][gc,phases   ] GC(327)   Other: 2.1ms
[2021-11-12T22:24:50.287-0800][gc,heap     ] GC(327) Eden regions: 453->0(41)
[2021-11-12T22:24:50.287-0800][gc,heap     ] GC(327) Survivor regions: 5->10(58)
[2021-11-12T22:24:50.287-0800][gc,heap     ] GC(327) Old regions: 161->161
[2021-11-12T22:24:50.287-0800][gc,heap     ] GC(327) Archive regions: 2->2
[2021-11-12T22:24:50.287-0800][gc,heap     ] GC(327) Humongous regions: 129->129
[2021-11-12T22:24:50.287-0800][gc,metaspace] GC(327) Metaspace: 41074K(41920K)->41074K(41920K) NonClass: 36290K(36800K)->36290K(36800K) Class: 4784K(5120K)->4784K(5120K)
[2021-11-12T22:24:50.287-0800][gc          ] GC(327) Pause Young (Normal) (G1 Evacuation Pause) 747M->299M(1024M) 52.239ms
[2021-11-12T22:24:50.287-0800][gc,cpu      ] GC(327) User=0.06s Sys=0.07s Real=0.05s
[2021-11-12T22:25:07.816-0800][gc,start    ] GC(328) Pause Young (Normal) (G1 Evacuation Pause)
[2021-11-12T22:25:07.818-0800][gc,task     ] GC(328) Using 8 workers of 8 for evacuation
[2021-11-12T22:25:07.840-0800][gc,mmu      ] GC(328) MMU target violated: 21.0ms (20.0ms/21.0ms)
[2021-11-12T22:25:07.840-0800][gc,phases   ] GC(328)   Pre Evacuate Collection Set: 0.4ms
[2021-11-12T22:25:07.840-0800][gc,phases   ] GC(328)   Merge Heap Roots: 0.2ms
[2021-11-12T22:25:07.840-0800][gc,phases   ] GC(328)   Evacuate Collection Set: 20.9ms
[2021-11-12T22:25:07.840-0800][gc,phases   ] GC(328)   Post Evacuate Collection Set: 0.6ms
[2021-11-12T22:25:07.840-0800][gc,phases   ] GC(328)   Other: 1.3ms
[2021-11-12T22:25:07.840-0800][gc,heap     ] GC(328) Eden regions: 41->0(382)
[2021-11-12T22:25:07.840-0800][gc,heap     ] GC(328) Survivor regions: 10->3(7)
[2021-11-12T22:25:07.840-0800][gc,heap     ] GC(328) Old regions: 161->169
[2021-11-12T22:25:07.840-0800][gc,heap     ] GC(328) Archive regions: 2->2
[2021-11-12T22:25:07.840-0800][gc,heap     ] GC(328) Humongous regions: 129->129
[2021-11-12T22:25:07.840-0800][gc,metaspace] GC(328) Metaspace: 41074K(41920K)->41074K(41920K) NonClass: 36290K(36800K)->36290K(36800K) Class: 4784K(5120K)->4784K(5120K)
[2021-11-12T22:25:07.840-0800][gc          ] GC(328) Pause Young (Normal) (G1 Evacuation Pause) 340M->301M(1024M) 23.432ms
[2021-11-12T22:25:07.840-0800][gc,cpu      ] GC(328) User=0.06s Sys=0.02s Real=0.03s
[2021-11-12T22:31:21.981-0800][gc,start    ] GC(329) Pause Young (Normal) (G1 Evacuation Pause)
[2021-11-12T22:31:21.982-0800][gc,task     ] GC(329) Using 8 workers of 8 for evacuation
[2021-11-12T22:31:22.035-0800][gc,mmu      ] GC(329) MMU target violated: 21.0ms (20.0ms/21.0ms)
[2021-11-12T22:31:22.035-0800][gc,phases   ] GC(329)   Pre Evacuate Collection Set: 1.3ms
[2021-11-12T22:31:22.035-0800][gc,phases   ] GC(329)   Merge Heap Roots: 0.6ms
[2021-11-12T22:31:22.035-0800][gc,phases   ] GC(329)   Evacuate Collection Set: 46.2ms
[2021-11-12T22:31:22.035-0800][gc,phases   ] GC(329)   Post Evacuate Collection Set: 4.3ms
[2021-11-12T22:31:22.035-0800][gc,phases   ] GC(329)   Other: 2.4ms
[2021-11-12T22:31:22.035-0800][gc,heap     ] GC(329) Eden regions: 382->0(40)
[2021-11-12T22:31:22.035-0800][gc,heap     ] GC(329) Survivor regions: 3->11(49)
[2021-11-12T22:31:22.035-0800][gc,heap     ] GC(329) Old regions: 169->169
[2021-11-12T22:31:22.035-0800][gc,heap     ] GC(329) Archive regions: 2->2
[2021-11-12T22:31:22.035-0800][gc,heap     ] GC(329) Humongous regions: 129->129
[2021-11-12T22:31:22.035-0800][gc,metaspace] GC(329) Metaspace: 41077K(41920K)->41077K(41920K) NonClass: 36293K(36800K)->36293K(36800K) Class: 4784K(5120K)->4784K(5120K)
[2021-11-12T22:31:22.035-0800][gc          ] GC(329) Pause Young (Normal) (G1 Evacuation Pause) 683M->309M(1024M) 54.649ms
[2021-11-12T22:31:22.035-0800][gc,cpu      ] GC(329) User=0.09s Sys=0.06s Real=0.05s
[2021-11-12T22:31:37.467-0800][gc,start    ] GC(330) Pause Young (Normal) (G1 Evacuation Pause)
[2021-11-12T22:31:37.469-0800][gc,task     ] GC(330) Using 8 workers of 8 for evacuation
[2021-11-12T22:31:37.495-0800][gc,mmu      ] GC(330) MMU target violated: 21.0ms (20.0ms/21.0ms)
[2021-11-12T22:31:37.495-0800][gc,phases   ] GC(330)   Pre Evacuate Collection Set: 0.5ms
[2021-11-12T22:31:37.495-0800][gc,phases   ] GC(330)   Merge Heap Roots: 0.2ms
[2021-11-12T22:31:37.495-0800][gc,phases   ] GC(330)   Evacuate Collection Set: 24.3ms
[2021-11-12T22:31:37.495-0800][gc,phases   ] GC(330)   Post Evacuate Collection Set: 0.6ms
[2021-11-12T22:31:37.495-0800][gc,phases   ] GC(330)   Other: 1.7ms
[2021-11-12T22:31:37.495-0800][gc,heap     ] GC(330) Eden regions: 40->0(280)
[2021-11-12T22:31:37.495-0800][gc,heap     ] GC(330) Survivor regions: 11->3(7)
[2021-11-12T22:31:37.495-0800][gc,heap     ] GC(330) Old regions: 169->178
[2021-11-12T22:31:37.495-0800][gc,heap     ] GC(330) Archive regions: 2->2
[2021-11-12T22:31:37.495-0800][gc,heap     ] GC(330) Humongous regions: 129->129
[2021-11-12T22:31:37.495-0800][gc,metaspace] GC(330) Metaspace: 41078K(41920K)->41078K(41920K) NonClass: 36293K(36800K)->36293K(36800K) Class: 4784K(5120K)->4784K(5120K)
[2021-11-12T22:31:37.495-0800][gc          ] GC(330) Pause Young (Normal) (G1 Evacuation Pause) 349M->310M(1024M) 27.446ms
[2021-11-12T22:31:37.495-0800][gc,cpu      ] GC(330) User=0.07s Sys=0.02s Real=0.03s
[2021-11-12T22:33:28.083-0800][gc,start    ] GC(331) Pause Young (Normal) (G1 Evacuation Pause)
[2021-11-12T22:33:28.085-0800][gc,task     ] GC(331) Using 8 workers of 8 for evacuation
[2021-11-12T22:33:28.106-0800][gc,mmu      ] GC(331) MMU target violated: 21.0ms (20.0ms/21.0ms)
[2021-11-12T22:33:28.106-0800][gc,phases   ] GC(331)   Pre Evacuate Collection Set: 1.0ms
[2021-11-12T22:33:28.107-0800][gc,phases   ] GC(331)   Merge Heap Roots: 0.4ms
[2021-11-12T22:33:28.107-0800][gc,phases   ] GC(331)   Evacuate Collection Set: 18.0ms
[2021-11-12T22:33:28.107-0800][gc,phases   ] GC(331)   Post Evacuate Collection Set: 1.8ms
[2021-11-12T22:33:28.107-0800][gc,phases   ] GC(331)   Other: 2.1ms
[2021-11-12T22:33:28.107-0800][gc,heap     ] GC(331) Eden regions: 280->0(185)
[2021-11-12T22:33:28.107-0800][gc,heap     ] GC(331) Survivor regions: 3->6(36)
[2021-11-12T22:33:28.107-0800][gc,heap     ] GC(331) Old regions: 178->178
[2021-11-12T22:33:28.107-0800][gc,heap     ] GC(331) Archive regions: 2->2
[2021-11-12T22:33:28.107-0800][gc,heap     ] GC(331) Humongous regions: 129->129
[2021-11-12T22:33:28.107-0800][gc,metaspace] GC(331) Metaspace: 41090K(41920K)->41090K(41920K) NonClass: 36306K(36800K)->36306K(36800K) Class: 4784K(5120K)->4784K(5120K)
[2021-11-12T22:33:28.107-0800][gc          ] GC(331) Pause Young (Normal) (G1 Evacuation Pause) 590M->312M(1024M) 23.335ms
[2021-11-12T22:33:28.107-0800][gc,cpu      ] GC(331) User=0.04s Sys=0.03s Real=0.02s
[2021-11-12T22:34:43.860-0800][gc,start    ] GC(332) Pause Young (Normal) (G1 Evacuation Pause)
[2021-11-12T22:34:43.861-0800][gc,task     ] GC(332) Using 8 workers of 8 for evacuation
[2021-11-12T22:34:43.875-0800][gc,phases   ] GC(332)   Pre Evacuate Collection Set: 0.3ms
[2021-11-12T22:34:43.875-0800][gc,phases   ] GC(332)   Merge Heap Roots: 0.1ms
[2021-11-12T22:34:43.875-0800][gc,phases   ] GC(332)   Evacuate Collection Set: 12.9ms
[2021-11-12T22:34:43.876-0800][gc,phases   ] GC(332)   Post Evacuate Collection Set: 0.7ms
[2021-11-12T22:34:43.876-0800][gc,phases   ] GC(332)   Other: 1.2ms
[2021-11-12T22:34:43.876-0800][gc,heap     ] GC(332) Eden regions: 185->0(217)
[2021-11-12T22:34:43.876-0800][gc,heap     ] GC(332) Survivor regions: 6->7(24)
[2021-11-12T22:34:43.876-0800][gc,heap     ] GC(332) Old regions: 178->178
[2021-11-12T22:34:43.876-0800][gc,heap     ] GC(332) Archive regions: 2->2
[2021-11-12T22:34:43.876-0800][gc,heap     ] GC(332) Humongous regions: 129->129
[2021-11-12T22:34:43.876-0800][gc,metaspace] GC(332) Metaspace: 41090K(41920K)->41090K(41920K) NonClass: 36306K(36800K)->36306K(36800K) Class: 4784K(5120K)->4784K(5120K)
[2021-11-12T22:34:43.876-0800][gc          ] GC(332) Pause Young (Normal) (G1 Evacuation Pause) 497M->314M(1024M) 15.589ms
[2021-11-12T22:34:43.876-0800][gc,cpu      ] GC(332) User=0.04s Sys=0.01s Real=0.01s
[2021-11-12T22:36:09.220-0800][gc,start    ] GC(333) Pause Young (Normal) (G1 Evacuation Pause)
[2021-11-12T22:36:09.221-0800][gc,task     ] GC(333) Using 8 workers of 8 for evacuation
[2021-11-12T22:36:09.251-0800][gc,mmu      ] GC(333) MMU target violated: 21.0ms (20.0ms/21.0ms)
[2021-11-12T22:36:09.251-0800][gc,phases   ] GC(333)   Pre Evacuate Collection Set: 1.2ms
[2021-11-12T22:36:09.251-0800][gc,phases   ] GC(333)   Merge Heap Roots: 0.3ms
[2021-11-12T22:36:09.251-0800][gc,phases   ] GC(333)   Evacuate Collection Set: 27.0ms
[2021-11-12T22:36:09.251-0800][gc,phases   ] GC(333)   Post Evacuate Collection Set: 1.1ms
[2021-11-12T22:36:09.251-0800][gc,phases   ] GC(333)   Other: 1.4ms
[2021-11-12T22:36:09.251-0800][gc,heap     ] GC(333) Eden regions: 217->0(45)
[2021-11-12T22:36:09.251-0800][gc,heap     ] GC(333) Survivor regions: 7->9(28)
[2021-11-12T22:36:09.251-0800][gc,heap     ] GC(333) Old regions: 178->178
[2021-11-12T22:36:09.251-0800][gc,heap     ] GC(333) Archive regions: 2->2
[2021-11-12T22:36:09.251-0800][gc,heap     ] GC(333) Humongous regions: 129->129
[2021-11-12T22:36:09.251-0800][gc,metaspace] GC(333) Metaspace: 41090K(41920K)->41090K(41920K) NonClass: 36306K(36800K)->36306K(36800K) Class: 4784K(5120K)->4784K(5120K)
[2021-11-12T22:36:09.251-0800][gc          ] GC(333) Pause Young (Normal) (G1 Evacuation Pause) 531M->316M(1024M) 31.085ms
[2021-11-12T22:36:09.251-0800][gc,cpu      ] GC(333) User=0.05s Sys=0.04s Real=0.03s
[2021-11-12T22:36:26.813-0800][gc,start    ] GC(334) Pause Young (Normal) (G1 Evacuation Pause)
[2021-11-12T22:36:26.814-0800][gc,task     ] GC(334) Using 8 workers of 8 for evacuation
[2021-11-12T22:36:26.829-0800][gc,phases   ] GC(334)   Pre Evacuate Collection Set: 0.4ms
[2021-11-12T22:36:26.829-0800][gc,phases   ] GC(334)   Merge Heap Roots: 0.1ms
[2021-11-12T22:36:26.829-0800][gc,phases   ] GC(334)   Evacuate Collection Set: 13.9ms
[2021-11-12T22:36:26.829-0800][gc,phases   ] GC(334)   Post Evacuate Collection Set: 0.4ms
[2021-11-12T22:36:26.829-0800][gc,phases   ] GC(334)   Other: 1.3ms
[2021-11-12T22:36:26.829-0800][gc,heap     ] GC(334) Eden regions: 45->0(419)
[2021-11-12T22:36:26.829-0800][gc,heap     ] GC(334) Survivor regions: 9->4(7)
[2021-11-12T22:36:26.829-0800][gc,heap     ] GC(334) Old regions: 178->184
[2021-11-12T22:36:26.829-0800][gc,heap     ] GC(334) Archive regions: 2->2
[2021-11-12T22:36:26.829-0800][gc,heap     ] GC(334) Humongous regions: 129->129
[2021-11-12T22:36:26.829-0800][gc,metaspace] GC(334) Metaspace: 41090K(41920K)->41090K(41920K) NonClass: 36306K(36800K)->36306K(36800K) Class: 4784K(5120K)->4784K(5120K)
[2021-11-12T22:36:26.829-0800][gc          ] GC(334) Pause Young (Normal) (G1 Evacuation Pause) 361M->316M(1024M) 16.276ms
[2021-11-12T22:36:26.830-0800][gc,cpu      ] GC(334) User=0.06s Sys=0.01s Real=0.02s
[2021-11-12T22:39:11.639-0800][gc,start    ] GC(335) Pause Young (Normal) (G1 Evacuation Pause)
[2021-11-12T22:39:11.639-0800][gc,task     ] GC(335) Using 8 workers of 8 for evacuation
[2021-11-12T22:39:11.680-0800][gc,mmu      ] GC(335) MMU target violated: 21.0ms (20.0ms/21.0ms)
[2021-11-12T22:39:11.680-0800][gc,phases   ] GC(335)   Pre Evacuate Collection Set: 1.0ms
[2021-11-12T22:39:11.680-0800][gc,phases   ] GC(335)   Merge Heap Roots: 0.3ms
[2021-11-12T22:39:11.680-0800][gc,phases   ] GC(335)   Evacuate Collection Set: 30.2ms
[2021-11-12T22:39:11.680-0800][gc,phases   ] GC(335)   Post Evacuate Collection Set: 9.2ms
[2021-11-12T22:39:11.681-0800][gc,phases   ] GC(335)   Other: 1.2ms
[2021-11-12T22:39:11.681-0800][gc,heap     ] GC(335) Eden regions: 419->0(43)
[2021-11-12T22:39:11.681-0800][gc,heap     ] GC(335) Survivor regions: 4->8(53)
[2021-11-12T22:39:11.681-0800][gc,heap     ] GC(335) Old regions: 184->184
[2021-11-12T22:39:11.681-0800][gc,heap     ] GC(335) Archive regions: 2->2
[2021-11-12T22:39:11.681-0800][gc,heap     ] GC(335) Humongous regions: 129->129
[2021-11-12T22:39:11.681-0800][gc,metaspace] GC(335) Metaspace: 41090K(41920K)->41090K(41920K) NonClass: 36306K(36800K)->36306K(36800K) Class: 4784K(5120K)->4784K(5120K)
[2021-11-12T22:39:11.681-0800][gc          ] GC(335) Pause Young (Normal) (G1 Evacuation Pause) 735M->320M(1024M) 42.067ms
[2021-11-12T22:39:11.681-0800][gc,cpu      ] GC(335) User=0.05s Sys=0.04s Real=0.05s
[2021-11-12T22:39:28.509-0800][gc,start    ] GC(336) Pause Young (Normal) (G1 Evacuation Pause)
[2021-11-12T22:39:28.510-0800][gc,task     ] GC(336) Using 8 workers of 8 for evacuation
[2021-11-12T22:39:28.529-0800][gc,phases   ] GC(336)   Pre Evacuate Collection Set: 0.4ms
[2021-11-12T22:39:28.529-0800][gc,phases   ] GC(336)   Merge Heap Roots: 0.1ms
[2021-11-12T22:39:28.529-0800][gc,phases   ] GC(336)   Evacuate Collection Set: 17.4ms
[2021-11-12T22:39:28.529-0800][gc,phases   ] GC(336)   Post Evacuate Collection Set: 0.8ms
[2021-11-12T22:39:28.529-0800][gc,phases   ] GC(336)   Other: 1.6ms
[2021-11-12T22:39:28.529-0800][gc,heap     ] GC(336) Eden regions: 43->0(329)
[2021-11-12T22:39:28.530-0800][gc,heap     ] GC(336) Survivor regions: 8->3(7)
[2021-11-12T22:39:28.530-0800][gc,heap     ] GC(336) Old regions: 184->190
[2021-11-12T22:39:28.530-0800][gc,heap     ] GC(336) Archive regions: 2->2
[2021-11-12T22:39:28.530-0800][gc,heap     ] GC(336) Humongous regions: 129->129
[2021-11-12T22:39:28.530-0800][gc,metaspace] GC(336) Metaspace: 41090K(41920K)->41090K(41920K) NonClass: 36306K(36800K)->36306K(36800K) Class: 4784K(5120K)->4784K(5120K)
[2021-11-12T22:39:28.530-0800][gc          ] GC(336) Pause Young (Normal) (G1 Evacuation Pause) 363M->321M(1024M) 20.615ms
[2021-11-12T22:39:28.530-0800][gc,cpu      ] GC(336) User=0.05s Sys=0.02s Real=0.03s
[2021-11-12T22:41:37.843-0800][gc,start    ] GC(337) Pause Young (Normal) (G1 Evacuation Pause)
[2021-11-12T22:41:37.844-0800][gc,task     ] GC(337) Using 8 workers of 8 for evacuation
[2021-11-12T22:41:37.859-0800][gc,phases   ] GC(337)   Pre Evacuate Collection Set: 0.3ms
[2021-11-12T22:41:37.859-0800][gc,phases   ] GC(337)   Merge Heap Roots: 0.1ms
[2021-11-12T22:41:37.859-0800][gc,phases   ] GC(337)   Evacuate Collection Set: 13.2ms
[2021-11-12T22:41:37.859-0800][gc,phases   ] GC(337)   Post Evacuate Collection Set: 0.7ms
[2021-11-12T22:41:37.859-0800][gc,phases   ] GC(337)   Other: 1.6ms
[2021-11-12T22:41:37.859-0800][gc,heap     ] GC(337) Eden regions: 329->0(271)
[2021-11-12T22:41:37.859-0800][gc,heap     ] GC(337) Survivor regions: 3->5(42)
[2021-11-12T22:41:37.859-0800][gc,heap     ] GC(337) Old regions: 190->190
[2021-11-12T22:41:37.859-0800][gc,heap     ] GC(337) Archive regions: 2->2
[2021-11-12T22:41:37.859-0800][gc,heap     ] GC(337) Humongous regions: 129->129
[2021-11-12T22:41:37.859-0800][gc,metaspace] GC(337) Metaspace: 41090K(41920K)->41090K(41920K) NonClass: 36306K(36800K)->36306K(36800K) Class: 4784K(5120K)->4784K(5120K)
[2021-11-12T22:41:37.859-0800][gc          ] GC(337) Pause Young (Normal) (G1 Evacuation Pause) 650M->324M(1024M) 16.226ms
[2021-11-12T22:41:37.860-0800][gc,cpu      ] GC(337) User=0.04s Sys=0.01s Real=0.02s
[2021-11-12T22:43:24.263-0800][gc,start    ] GC(338) Pause Young (Normal) (G1 Evacuation Pause)
[2021-11-12T22:43:24.264-0800][gc,task     ] GC(338) Using 8 workers of 8 for evacuation
[2021-11-12T22:43:24.281-0800][gc,phases   ] GC(338)   Pre Evacuate Collection Set: 1.3ms
[2021-11-12T22:43:24.281-0800][gc,phases   ] GC(338)   Merge Heap Roots: 0.3ms
[2021-11-12T22:43:24.281-0800][gc,phases   ] GC(338)   Evacuate Collection Set: 14.3ms
[2021-11-12T22:43:24.281-0800][gc,phases   ] GC(338)   Post Evacuate Collection Set: 1.0ms
[2021-11-12T22:43:24.281-0800][gc,phases   ] GC(338)   Other: 1.4ms
[2021-11-12T22:43:24.281-0800][gc,heap     ] GC(338) Eden regions: 271->0(138)
[2021-11-12T22:43:24.281-0800][gc,heap     ] GC(338) Survivor regions: 5->9(35)
[2021-11-12T22:43:24.281-0800][gc,heap     ] GC(338) Old regions: 190->190
[2021-11-12T22:43:24.281-0800][gc,heap     ] GC(338) Archive regions: 2->2
[2021-11-12T22:43:24.281-0800][gc,heap     ] GC(338) Humongous regions: 129->129
[2021-11-12T22:43:24.281-0800][gc,metaspace] GC(338) Metaspace: 41090K(41920K)->41090K(41920K) NonClass: 36306K(36800K)->36306K(36800K) Class: 4784K(5120K)->4784K(5120K)
[2021-11-12T22:43:24.281-0800][gc          ] GC(338) Pause Young (Normal) (G1 Evacuation Pause) 595M->328M(1024M) 18.400ms
[2021-11-12T22:43:24.281-0800][gc,cpu      ] GC(338) User=0.04s Sys=0.02s Real=0.02s
[2021-11-12T22:44:18.238-0800][gc,start    ] GC(339) Pause Young (Normal) (G1 Evacuation Pause)
[2021-11-12T22:44:18.240-0800][gc,task     ] GC(339) Using 8 workers of 8 for evacuation
[2021-11-12T22:44:18.259-0800][gc,phases   ] GC(339)   Pre Evacuate Collection Set: 0.5ms
[2021-11-12T22:44:18.259-0800][gc,phases   ] GC(339)   Merge Heap Roots: 0.2ms
[2021-11-12T22:44:18.259-0800][gc,phases   ] GC(339)   Evacuate Collection Set: 17.8ms
[2021-11-12T22:44:18.259-0800][gc,phases   ] GC(339)   Post Evacuate Collection Set: 0.4ms
[2021-11-12T22:44:18.259-0800][gc,phases   ] GC(339)   Other: 1.6ms
[2021-11-12T22:44:18.259-0800][gc,heap     ] GC(339) Eden regions: 138->0(176)
[2021-11-12T22:44:18.259-0800][gc,heap     ] GC(339) Survivor regions: 9->10(19)
[2021-11-12T22:44:18.259-0800][gc,heap     ] GC(339) Old regions: 190->190
[2021-11-12T22:44:18.259-0800][gc,heap     ] GC(339) Archive regions: 2->2
[2021-11-12T22:44:18.259-0800][gc,heap     ] GC(339) Humongous regions: 129->129
[2021-11-12T22:44:18.259-0800][gc,metaspace] GC(339) Metaspace: 41090K(41920K)->41090K(41920K) NonClass: 36306K(36800K)->36306K(36800K) Class: 4784K(5120K)->4784K(5120K)
[2021-11-12T22:44:18.259-0800][gc          ] GC(339) Pause Young (Normal) (G1 Evacuation Pause) 466M->329M(1024M) 20.984ms
[2021-11-12T22:44:18.260-0800][gc,cpu      ] GC(339) User=0.06s Sys=0.01s Real=0.02s
[2021-11-12T22:45:27.253-0800][gc,start    ] GC(340) Pause Young (Normal) (G1 Evacuation Pause)
[2021-11-12T22:45:27.257-0800][gc,task     ] GC(340) Using 8 workers of 8 for evacuation
[2021-11-12T22:45:27.279-0800][gc,mmu      ] GC(340) MMU target violated: 21.0ms (20.0ms/21.0ms)
[2021-11-12T22:45:27.279-0800][gc,phases   ] GC(340)   Pre Evacuate Collection Set: 0.4ms
[2021-11-12T22:45:27.279-0800][gc,phases   ] GC(340)   Merge Heap Roots: 0.1ms
[2021-11-12T22:45:27.279-0800][gc,phases   ] GC(340)   Evacuate Collection Set: 20.7ms
[2021-11-12T22:45:27.279-0800][gc,phases   ] GC(340)   Post Evacuate Collection Set: 0.6ms
[2021-11-12T22:45:27.279-0800][gc,phases   ] GC(340)   Other: 4.8ms
[2021-11-12T22:45:27.280-0800][gc,heap     ] GC(340) Eden regions: 176->0(68)
[2021-11-12T22:45:27.280-0800][gc,heap     ] GC(340) Survivor regions: 10->12(24)
[2021-11-12T22:45:27.280-0800][gc,heap     ] GC(340) Old regions: 190->190
[2021-11-12T22:45:27.280-0800][gc,heap     ] GC(340) Archive regions: 2->2
[2021-11-12T22:45:27.280-0800][gc,heap     ] GC(340) Humongous regions: 129->129
[2021-11-12T22:45:27.280-0800][gc,metaspace] GC(340) Metaspace: 41090K(41920K)->41090K(41920K) NonClass: 36306K(36800K)->36306K(36800K) Class: 4784K(5120K)->4784K(5120K)
[2021-11-12T22:45:27.280-0800][gc          ] GC(340) Pause Young (Normal) (G1 Evacuation Pause) 505M->331M(1024M) 26.959ms
[2021-11-12T22:45:27.280-0800][gc,cpu      ] GC(340) User=0.07s Sys=0.01s Real=0.03s
[2021-11-12T22:45:53.852-0800][gc,start    ] GC(341) Pause Young (Normal) (G1 Evacuation Pause)
[2021-11-12T22:45:53.854-0800][gc,task     ] GC(341) Using 8 workers of 8 for evacuation
[2021-11-12T22:45:53.879-0800][gc,mmu      ] GC(341) MMU target violated: 21.0ms (20.0ms/21.0ms)
[2021-11-12T22:45:53.879-0800][gc,phases   ] GC(341)   Pre Evacuate Collection Set: 0.5ms
[2021-11-12T22:45:53.879-0800][gc,phases   ] GC(341)   Merge Heap Roots: 0.2ms
[2021-11-12T22:45:53.879-0800][gc,phases   ] GC(341)   Evacuate Collection Set: 23.7ms
[2021-11-12T22:45:53.879-0800][gc,phases   ] GC(341)   Post Evacuate Collection Set: 0.6ms
[2021-11-12T22:45:53.879-0800][gc,phases   ] GC(341)   Other: 1.9ms
[2021-11-12T22:45:53.879-0800][gc,heap     ] GC(341) Eden regions: 68->0(280)
[2021-11-12T22:45:53.879-0800][gc,heap     ] GC(341) Survivor regions: 12->7(10)
[2021-11-12T22:45:53.879-0800][gc,heap     ] GC(341) Old regions: 190->197
[2021-11-12T22:45:53.879-0800][gc,heap     ] GC(341) Archive regions: 2->2
[2021-11-12T22:45:53.879-0800][gc,heap     ] GC(341) Humongous regions: 129->129
[2021-11-12T22:45:53.879-0800][gc,metaspace] GC(341) Metaspace: 41090K(41920K)->41090K(41920K) NonClass: 36306K(36800K)->36306K(36800K) Class: 4784K(5120K)->4784K(5120K)
[2021-11-12T22:45:53.879-0800][gc          ] GC(341) Pause Young (Normal) (G1 Evacuation Pause) 399M->332M(1024M) 26.868ms
[2021-11-12T22:45:53.879-0800][gc,cpu      ] GC(341) User=0.07s Sys=0.01s Real=0.02s
[2021-11-12T22:47:42.885-0800][gc,start    ] GC(342) Pause Young (Normal) (G1 Evacuation Pause)
[2021-11-12T22:47:42.885-0800][gc,task     ] GC(342) Using 8 workers of 8 for evacuation
[2021-11-12T22:47:42.903-0800][gc,phases   ] GC(342)   Pre Evacuate Collection Set: 0.2ms
[2021-11-12T22:47:42.903-0800][gc,phases   ] GC(342)   Merge Heap Roots: 0.2ms
[2021-11-12T22:47:42.903-0800][gc,phases   ] GC(342)   Evacuate Collection Set: 17.0ms
[2021-11-12T22:47:42.903-0800][gc,phases   ] GC(342)   Post Evacuate Collection Set: 0.5ms
[2021-11-12T22:47:42.903-0800][gc,phases   ] GC(342)   Other: 0.5ms
[2021-11-12T22:47:42.903-0800][gc,heap     ] GC(342) Eden regions: 280->0(87)
[2021-11-12T22:47:42.903-0800][gc,heap     ] GC(342) Survivor regions: 7->11(36)
[2021-11-12T22:47:42.903-0800][gc,heap     ] GC(342) Old regions: 197->197
[2021-11-12T22:47:42.903-0800][gc,heap     ] GC(342) Archive regions: 2->2
[2021-11-12T22:47:42.903-0800][gc,heap     ] GC(342) Humongous regions: 129->129
[2021-11-12T22:47:42.903-0800][gc,metaspace] GC(342) Metaspace: 41090K(41920K)->41090K(41920K) NonClass: 36306K(36800K)->36306K(36800K) Class: 4784K(5120K)->4784K(5120K)
[2021-11-12T22:47:42.903-0800][gc          ] GC(342) Pause Young (Normal) (G1 Evacuation Pause) 612M->336M(1024M) 18.624ms
[2021-11-12T22:47:42.904-0800][gc,cpu      ] GC(342) User=0.05s Sys=0.02s Real=0.02s
[2021-11-12T22:48:16.805-0800][gc,start    ] GC(343) Pause Young (Normal) (G1 Evacuation Pause)
[2021-11-12T22:48:16.823-0800][gc,task     ] GC(343) Using 8 workers of 8 for evacuation
[2021-11-12T22:48:16.846-0800][gc,mmu      ] GC(343) MMU target violated: 21.0ms (20.0ms/21.0ms)
[2021-11-12T22:48:16.846-0800][gc,phases   ] GC(343)   Pre Evacuate Collection Set: 0.5ms
[2021-11-12T22:48:16.846-0800][gc,phases   ] GC(343)   Merge Heap Roots: 0.2ms
[2021-11-12T22:48:16.846-0800][gc,phases   ] GC(343)   Evacuate Collection Set: 21.5ms
[2021-11-12T22:48:16.846-0800][gc,phases   ] GC(343)   Post Evacuate Collection Set: 0.5ms
[2021-11-12T22:48:16.846-0800][gc,phases   ] GC(343)   Other: 18.5ms
[2021-11-12T22:48:16.846-0800][gc,heap     ] GC(343) Eden regions: 87->0(398)
[2021-11-12T22:48:16.846-0800][gc,heap     ] GC(343) Survivor regions: 11->7(13)
[2021-11-12T22:48:16.846-0800][gc,heap     ] GC(343) Old regions: 197->200
[2021-11-12T22:48:16.846-0800][gc,heap     ] GC(343) Archive regions: 2->2
[2021-11-12T22:48:16.846-0800][gc,heap     ] GC(343) Humongous regions: 129->129
[2021-11-12T22:48:16.846-0800][gc,metaspace] GC(343) Metaspace: 41090K(41920K)->41090K(41920K) NonClass: 36306K(36800K)->36306K(36800K) Class: 4784K(5120K)->4784K(5120K)
[2021-11-12T22:48:16.846-0800][gc          ] GC(343) Pause Young (Normal) (G1 Evacuation Pause) 423M->336M(1024M) 41.309ms
[2021-11-12T22:48:16.846-0800][gc,cpu      ] GC(343) User=0.07s Sys=0.00s Real=0.04s
[2021-11-12T22:50:51.920-0800][gc,start    ] GC(344) Pause Young (Normal) (G1 Evacuation Pause)
[2021-11-12T22:50:51.920-0800][gc,task     ] GC(344) Using 8 workers of 8 for evacuation
[2021-11-12T22:50:51.945-0800][gc,mmu      ] GC(344) MMU target violated: 21.0ms (20.0ms/21.0ms)
[2021-11-12T22:50:51.945-0800][gc,phases   ] GC(344)   Pre Evacuate Collection Set: 0.6ms
[2021-11-12T22:50:51.945-0800][gc,phases   ] GC(344)   Merge Heap Roots: 0.3ms
[2021-11-12T22:50:51.945-0800][gc,phases   ] GC(344)   Evacuate Collection Set: 22.3ms
[2021-11-12T22:50:51.945-0800][gc,phases   ] GC(344)   Post Evacuate Collection Set: 1.2ms
[2021-11-12T22:50:51.945-0800][gc,phases   ] GC(344)   Other: 0.8ms
[2021-11-12T22:50:51.945-0800][gc,heap     ] GC(344) Eden regions: 396->0(234)
[2021-11-12T22:50:51.945-0800][gc,heap     ] GC(344) Survivor regions: 7->8(51)
[2021-11-12T22:50:51.945-0800][gc,heap     ] GC(344) Old regions: 200->200
[2021-11-12T22:50:51.945-0800][gc,heap     ] GC(344) Archive regions: 2->2
[2021-11-12T22:50:51.945-0800][gc,heap     ] GC(344) Humongous regions: 129->129
[2021-11-12T22:50:51.945-0800][gc,metaspace] GC(344) Metaspace: 41090K(41920K)->41090K(41920K) NonClass: 36306K(36800K)->36306K(36800K) Class: 4784K(5120K)->4784K(5120K)
[2021-11-12T22:50:51.945-0800][gc          ] GC(344) Pause Young (Normal) (G1 Evacuation Pause) 732M->337M(1024M) 25.288ms
[2021-11-12T22:50:51.945-0800][gc,cpu      ] GC(344) User=0.05s Sys=0.04s Real=0.02s
[2021-11-12T22:52:23.662-0800][gc,start    ] GC(345) Pause Young (Normal) (G1 Evacuation Pause)
[2021-11-12T22:52:23.664-0800][gc,task     ] GC(345) Using 8 workers of 8 for evacuation
[2021-11-12T22:52:23.684-0800][gc,mmu      ] GC(345) MMU target violated: 20.6ms (20.0ms/21.0ms)
[2021-11-12T22:52:23.684-0800][gc,phases   ] GC(345)   Pre Evacuate Collection Set: 0.4ms
[2021-11-12T22:52:23.684-0800][gc,phases   ] GC(345)   Merge Heap Roots: 0.2ms
[2021-11-12T22:52:23.684-0800][gc,phases   ] GC(345)   Evacuate Collection Set: 19.1ms
[2021-11-12T22:52:23.684-0800][gc,phases   ] GC(345)   Post Evacuate Collection Set: 0.8ms
[2021-11-12T22:52:23.684-0800][gc,phases   ] GC(345)   Other: 1.4ms
[2021-11-12T22:52:23.684-0800][gc,heap     ] GC(345) Eden regions: 234->0(338)
[2021-11-12T22:52:23.685-0800][gc,heap     ] GC(345) Survivor regions: 8->7(31)
[2021-11-12T22:52:23.685-0800][gc,heap     ] GC(345) Old regions: 200->200
[2021-11-12T22:52:23.685-0800][gc,heap     ] GC(345) Archive regions: 2->2
[2021-11-12T22:52:23.685-0800][gc,heap     ] GC(345) Humongous regions: 129->129
[2021-11-12T22:52:23.685-0800][gc,metaspace] GC(345) Metaspace: 41090K(41920K)->41090K(41920K) NonClass: 36306K(36800K)->36306K(36800K) Class: 4784K(5120K)->4784K(5120K)
[2021-11-12T22:52:23.685-0800][gc          ] GC(345) Pause Young (Normal) (G1 Evacuation Pause) 571M->336M(1024M) 22.141ms
[2021-11-12T22:52:23.685-0800][gc,cpu      ] GC(345) User=0.03s Sys=0.01s Real=0.02s
[2021-11-12T22:54:36.438-0800][gc,start    ] GC(346) Pause Young (Normal) (G1 Evacuation Pause)
[2021-11-12T22:54:36.454-0800][gc,task     ] GC(346) Using 8 workers of 8 for evacuation
[2021-11-12T22:54:36.475-0800][gc,mmu      ] GC(346) MMU target violated: 20.4ms (20.0ms/21.0ms)
[2021-11-12T22:54:36.475-0800][gc,phases   ] GC(346)   Pre Evacuate Collection Set: 2.4ms
[2021-11-12T22:54:36.475-0800][gc,phases   ] GC(346)   Merge Heap Roots: 0.2ms
[2021-11-12T22:54:36.475-0800][gc,phases   ] GC(346)   Evacuate Collection Set: 17.0ms
[2021-11-12T22:54:36.475-0800][gc,phases   ] GC(346)   Post Evacuate Collection Set: 0.8ms
[2021-11-12T22:54:36.475-0800][gc,phases   ] GC(346)   Other: 16.7ms
[2021-11-12T22:54:36.476-0800][gc,heap     ] GC(346) Eden regions: 338->0(443)
[2021-11-12T22:54:36.476-0800][gc,heap     ] GC(346) Survivor regions: 7->6(44)
[2021-11-12T22:54:36.476-0800][gc,heap     ] GC(346) Old regions: 200->200
[2021-11-12T22:54:36.476-0800][gc,heap     ] GC(346) Archive regions: 2->2
[2021-11-12T22:54:36.476-0800][gc,heap     ] GC(346) Humongous regions: 129->129
[2021-11-12T22:54:36.476-0800][gc,metaspace] GC(346) Metaspace: 41090K(41920K)->41090K(41920K) NonClass: 36306K(36800K)->36306K(36800K) Class: 4784K(5120K)->4784K(5120K)
[2021-11-12T22:54:36.476-0800][gc          ] GC(346) Pause Young (Normal) (G1 Evacuation Pause) 674M->335M(1024M) 37.651ms
[2021-11-12T22:54:36.476-0800][gc,cpu      ] GC(346) User=0.05s Sys=0.02s Real=0.04s
[2021-11-12T22:57:30.515-0800][gc,start    ] GC(347) Pause Young (Normal) (G1 Evacuation Pause)
[2021-11-12T22:57:30.516-0800][gc,task     ] GC(347) Using 8 workers of 8 for evacuation
[2021-11-12T22:57:30.550-0800][gc,mmu      ] GC(347) MMU target violated: 21.0ms (20.0ms/21.0ms)
[2021-11-12T22:57:30.550-0800][gc,phases   ] GC(347)   Pre Evacuate Collection Set: 1.4ms
[2021-11-12T22:57:30.550-0800][gc,phases   ] GC(347)   Merge Heap Roots: 0.4ms
[2021-11-12T22:57:30.550-0800][gc,phases   ] GC(347)   Evacuate Collection Set: 29.0ms
[2021-11-12T22:57:30.551-0800][gc,phases   ] GC(347)   Post Evacuate Collection Set: 3.2ms
[2021-11-12T22:57:30.551-0800][gc,phases   ] GC(347)   Other: 1.5ms
[2021-11-12T22:57:30.551-0800][gc,heap     ] GC(347) Eden regions: 443->0(262)
[2021-11-12T22:57:30.551-0800][gc,heap     ] GC(347) Survivor regions: 6->7(57)
[2021-11-12T22:57:30.551-0800][gc,heap     ] GC(347) Old regions: 200->200
[2021-11-12T22:57:30.551-0800][gc,heap     ] GC(347) Archive regions: 2->2
[2021-11-12T22:57:30.551-0800][gc,heap     ] GC(347) Humongous regions: 129->129
[2021-11-12T22:57:30.551-0800][gc,metaspace] GC(347) Metaspace: 41090K(41920K)->41090K(41920K) NonClass: 36306K(36800K)->36306K(36800K) Class: 4784K(5120K)->4784K(5120K)
[2021-11-12T22:57:30.552-0800][gc          ] GC(347) Pause Young (Normal) (G1 Evacuation Pause) 778M->336M(1024M) 35.913ms
[2021-11-12T22:57:30.552-0800][gc,cpu      ] GC(347) User=0.05s Sys=0.06s Real=0.04s
[2021-11-12T22:59:13.451-0800][gc,start    ] GC(348) Pause Young (Normal) (G1 Evacuation Pause)
[2021-11-12T22:59:13.451-0800][gc,task     ] GC(348) Using 8 workers of 8 for evacuation
[2021-11-12T22:59:13.469-0800][gc,phases   ] GC(348)   Pre Evacuate Collection Set: 0.4ms
[2021-11-12T22:59:13.469-0800][gc,phases   ] GC(348)   Merge Heap Roots: 0.3ms
[2021-11-12T22:59:13.469-0800][gc,phases   ] GC(348)   Evacuate Collection Set: 16.3ms
[2021-11-12T22:59:13.469-0800][gc,phases   ] GC(348)   Post Evacuate Collection Set: 0.7ms
[2021-11-12T22:59:13.469-0800][gc,phases   ] GC(348)   Other: 0.6ms
[2021-11-12T22:59:13.469-0800][gc,heap     ] GC(348) Eden regions: 262->0(283)
[2021-11-12T22:59:13.470-0800][gc,heap     ] GC(348) Survivor regions: 7->8(34)
[2021-11-12T22:59:13.470-0800][gc,heap     ] GC(348) Old regions: 200->200
[2021-11-12T22:59:13.470-0800][gc,heap     ] GC(348) Archive regions: 2->2
[2021-11-12T22:59:13.470-0800][gc,heap     ] GC(348) Humongous regions: 129->129
[2021-11-12T22:59:13.470-0800][gc,metaspace] GC(348) Metaspace: 41090K(41920K)->41090K(41920K) NonClass: 36306K(36800K)->36306K(36800K) Class: 4784K(5120K)->4784K(5120K)
[2021-11-12T22:59:13.470-0800][gc          ] GC(348) Pause Young (Normal) (G1 Evacuation Pause) 598M->337M(1024M) 18.607ms
[2021-11-12T22:59:13.470-0800][gc,cpu      ] GC(348) User=0.04s Sys=0.01s Real=0.02s
[2021-11-12T23:01:04.657-0800][gc,start    ] GC(349) Pause Young (Normal) (G1 Evacuation Pause)
[2021-11-12T23:01:04.658-0800][gc,task     ] GC(349) Using 8 workers of 8 for evacuation
[2021-11-12T23:01:04.686-0800][gc,mmu      ] GC(349) MMU target violated: 21.0ms (20.0ms/21.0ms)
[2021-11-12T23:01:04.686-0800][gc,phases   ] GC(349)   Pre Evacuate Collection Set: 1.3ms
[2021-11-12T23:01:04.686-0800][gc,phases   ] GC(349)   Merge Heap Roots: 0.4ms
[2021-11-12T23:01:04.686-0800][gc,phases   ] GC(349)   Evacuate Collection Set: 21.6ms
[2021-11-12T23:01:04.686-0800][gc,phases   ] GC(349)   Post Evacuate Collection Set: 3.9ms
[2021-11-12T23:01:04.686-0800][gc,phases   ] GC(349)   Other: 2.2ms
[2021-11-12T23:01:04.686-0800][gc,heap     ] GC(349) Eden regions: 283->0(324)
[2021-11-12T23:01:04.686-0800][gc,heap     ] GC(349) Survivor regions: 8->7(37)
[2021-11-12T23:01:04.686-0800][gc,heap     ] GC(349) Old regions: 200->200
[2021-11-12T23:01:04.686-0800][gc,heap     ] GC(349) Archive regions: 2->2
[2021-11-12T23:01:04.686-0800][gc,heap     ] GC(349) Humongous regions: 129->129
[2021-11-12T23:01:04.686-0800][gc,metaspace] GC(349) Metaspace: 41090K(41920K)->41090K(41920K) NonClass: 36306K(36800K)->36306K(36800K) Class: 4784K(5120K)->4784K(5120K)
[2021-11-12T23:01:04.686-0800][gc          ] GC(349) Pause Young (Normal) (G1 Evacuation Pause) 620M->336M(1024M) 29.414ms
[2021-11-12T23:01:04.686-0800][gc,cpu      ] GC(349) User=0.05s Sys=0.05s Real=0.03s
[2021-11-12T23:03:12.201-0800][gc,start    ] GC(350) Pause Young (Normal) (G1 Evacuation Pause)
[2021-11-12T23:03:12.202-0800][gc,task     ] GC(350) Using 8 workers of 8 for evacuation
[2021-11-12T23:03:12.220-0800][gc,phases   ] GC(350)   Pre Evacuate Collection Set: 0.4ms
[2021-11-12T23:03:12.220-0800][gc,phases   ] GC(350)   Merge Heap Roots: 0.2ms
[2021-11-12T23:03:12.220-0800][gc,phases   ] GC(350)   Evacuate Collection Set: 16.6ms
[2021-11-12T23:03:12.220-0800][gc,phases   ] GC(350)   Post Evacuate Collection Set: 0.7ms
[2021-11-12T23:03:12.220-0800][gc,phases   ] GC(350)   Other: 1.5ms
[2021-11-12T23:03:12.220-0800][gc,heap     ] GC(350) Eden regions: 324->0(361)
[2021-11-12T23:03:12.220-0800][gc,heap     ] GC(350) Survivor regions: 7->8(42)
[2021-11-12T23:03:12.220-0800][gc,heap     ] GC(350) Old regions: 200->200
[2021-11-12T23:03:12.220-0800][gc,heap     ] GC(350) Archive regions: 2->2
[2021-11-12T23:03:12.220-0800][gc,heap     ] GC(350) Humongous regions: 129->129
[2021-11-12T23:03:12.220-0800][gc,metaspace] GC(350) Metaspace: 41090K(41920K)->41090K(41920K) NonClass: 36306K(36800K)->36306K(36800K) Class: 4784K(5120K)->4784K(5120K)
[2021-11-12T23:03:12.220-0800][gc          ] GC(350) Pause Young (Normal) (G1 Evacuation Pause) 660M->337M(1024M) 19.588ms
[2021-11-12T23:03:12.220-0800][gc,cpu      ] GC(350) User=0.04s Sys=0.01s Real=0.02s
[2021-11-12T23:05:33.943-0800][gc,start    ] GC(351) Pause Young (Normal) (G1 Evacuation Pause)
[2021-11-12T23:05:33.944-0800][gc,task     ] GC(351) Using 8 workers of 8 for evacuation
[2021-11-12T23:05:33.971-0800][gc,mmu      ] GC(351) MMU target violated: 21.0ms (20.0ms/21.0ms)
[2021-11-12T23:05:33.971-0800][gc,phases   ] GC(351)   Pre Evacuate Collection Set: 1.0ms
[2021-11-12T23:05:33.971-0800][gc,phases   ] GC(351)   Merge Heap Roots: 0.3ms
[2021-11-12T23:05:33.971-0800][gc,phases   ] GC(351)   Evacuate Collection Set: 22.8ms
[2021-11-12T23:05:33.971-0800][gc,phases   ] GC(351)   Post Evacuate Collection Set: 2.2ms
[2021-11-12T23:05:33.971-0800][gc,phases   ] GC(351)   Other: 1.3ms
[2021-11-12T23:05:33.971-0800][gc,heap     ] GC(351) Eden regions: 361->0(343)
[2021-11-12T23:05:33.971-0800][gc,heap     ] GC(351) Survivor regions: 8->7(47)
[2021-11-12T23:05:33.971-0800][gc,heap     ] GC(351) Old regions: 200->200
[2021-11-12T23:05:33.971-0800][gc,heap     ] GC(351) Archive regions: 2->2
[2021-11-12T23:05:33.971-0800][gc,heap     ] GC(351) Humongous regions: 129->129
[2021-11-12T23:05:33.971-0800][gc,metaspace] GC(351) Metaspace: 41090K(41920K)->41090K(41920K) NonClass: 36306K(36800K)->36306K(36800K) Class: 4784K(5120K)->4784K(5120K)
[2021-11-12T23:05:33.971-0800][gc          ] GC(351) Pause Young (Normal) (G1 Evacuation Pause) 698M->336M(1024M) 27.889ms
[2021-11-12T23:05:33.971-0800][gc,cpu      ] GC(351) User=0.05s Sys=0.04s Real=0.03s
[2021-11-12T23:07:48.709-0800][gc,start    ] GC(352) Pause Young (Normal) (G1 Evacuation Pause)
[2021-11-12T23:07:48.711-0800][gc,task     ] GC(352) Using 8 workers of 8 for evacuation
[2021-11-12T23:07:48.751-0800][gc,mmu      ] GC(352) MMU target violated: 21.0ms (20.0ms/21.0ms)
[2021-11-12T23:07:48.751-0800][gc,phases   ] GC(352)   Pre Evacuate Collection Set: 1.0ms
[2021-11-12T23:07:48.751-0800][gc,phases   ] GC(352)   Merge Heap Roots: 0.4ms
[2021-11-12T23:07:48.751-0800][gc,phases   ] GC(352)   Evacuate Collection Set: 35.7ms
[2021-11-12T23:07:48.751-0800][gc,phases   ] GC(352)   Post Evacuate Collection Set: 2.3ms
[2021-11-12T23:07:48.751-0800][gc,phases   ] GC(352)   Other: 1.9ms
[2021-11-12T23:07:48.751-0800][gc,heap     ] GC(352) Eden regions: 343->0(44)
[2021-11-12T23:07:48.751-0800][gc,heap     ] GC(352) Survivor regions: 7->7(44)
[2021-11-12T23:07:48.751-0800][gc,heap     ] GC(352) Old regions: 200->200
[2021-11-12T23:07:48.751-0800][gc,heap     ] GC(352) Archive regions: 2->2
[2021-11-12T23:07:48.751-0800][gc,heap     ] GC(352) Humongous regions: 129->129
[2021-11-12T23:07:48.751-0800][gc,metaspace] GC(352) Metaspace: 41090K(41920K)->41090K(41920K) NonClass: 36306K(36800K)->36306K(36800K) Class: 4784K(5120K)->4784K(5120K)
[2021-11-12T23:07:48.751-0800][gc          ] GC(352) Pause Young (Normal) (G1 Evacuation Pause) 679M->336M(1024M) 41.542ms
[2021-11-12T23:07:48.751-0800][gc,cpu      ] GC(352) User=0.05s Sys=0.04s Real=0.05s
[2021-11-12T23:08:05.795-0800][gc,start    ] GC(353) Pause Young (Normal) (G1 Evacuation Pause)
[2021-11-12T23:08:05.796-0800][gc,task     ] GC(353) Using 8 workers of 8 for evacuation
[2021-11-12T23:08:05.810-0800][gc,phases   ] GC(353)   Pre Evacuate Collection Set: 0.2ms
[2021-11-12T23:08:05.810-0800][gc,phases   ] GC(353)   Merge Heap Roots: 0.1ms
[2021-11-12T23:08:05.810-0800][gc,phases   ] GC(353)   Evacuate Collection Set: 12.9ms
[2021-11-12T23:08:05.810-0800][gc,phases   ] GC(353)   Post Evacuate Collection Set: 0.6ms
[2021-11-12T23:08:05.810-0800][gc,phases   ] GC(353)   Other: 1.2ms
[2021-11-12T23:08:05.810-0800][gc,heap     ] GC(353) Eden regions: 44->0(561)
[2021-11-12T23:08:05.810-0800][gc,heap     ] GC(353) Survivor regions: 7->4(7)
[2021-11-12T23:08:05.810-0800][gc,heap     ] GC(353) Old regions: 200->204
[2021-11-12T23:08:05.810-0800][gc,heap     ] GC(353) Archive regions: 2->2
[2021-11-12T23:08:05.810-0800][gc,heap     ] GC(353) Humongous regions: 129->129
[2021-11-12T23:08:05.810-0800][gc,metaspace] GC(353) Metaspace: 41090K(41920K)->41090K(41920K) NonClass: 36306K(36800K)->36306K(36800K) Class: 4784K(5120K)->4784K(5120K)
[2021-11-12T23:08:05.810-0800][gc          ] GC(353) Pause Young (Normal) (G1 Evacuation Pause) 380M->336M(1024M) 15.312ms
[2021-11-12T23:08:05.810-0800][gc,cpu      ] GC(353) User=0.03s Sys=0.01s Real=0.02s
[2021-11-12T23:11:46.071-0800][gc,start    ] GC(354) Pause Young (Normal) (G1 Evacuation Pause)
[2021-11-12T23:11:46.072-0800][gc,task     ] GC(354) Using 8 workers of 8 for evacuation
[2021-11-12T23:11:46.121-0800][gc,mmu      ] GC(354) MMU target violated: 21.0ms (20.0ms/21.0ms)
[2021-11-12T23:11:46.121-0800][gc,phases   ] GC(354)   Pre Evacuate Collection Set: 1.0ms
[2021-11-12T23:11:46.121-0800][gc,phases   ] GC(354)   Merge Heap Roots: 0.5ms
[2021-11-12T23:11:46.121-0800][gc,phases   ] GC(354)   Evacuate Collection Set: 44.3ms
[2021-11-12T23:11:46.121-0800][gc,phases   ] GC(354)   Post Evacuate Collection Set: 2.1ms
[2021-11-12T23:11:46.121-0800][gc,phases   ] GC(354)   Other: 2.3ms
[2021-11-12T23:11:46.121-0800][gc,heap     ] GC(354) Eden regions: 561->0(47)
[2021-11-12T23:11:46.121-0800][gc,heap     ] GC(354) Survivor regions: 4->4(71)
[2021-11-12T23:11:46.121-0800][gc,heap     ] GC(354) Old regions: 204->204
[2021-11-12T23:11:46.121-0800][gc,heap     ] GC(354) Archive regions: 2->2
[2021-11-12T23:11:46.121-0800][gc,heap     ] GC(354) Humongous regions: 129->129
[2021-11-12T23:11:46.121-0800][gc,metaspace] GC(354) Metaspace: 41090K(41920K)->41090K(41920K) NonClass: 36306K(36800K)->36306K(36800K) Class: 4784K(5120K)->4784K(5120K)
[2021-11-12T23:11:46.121-0800][gc          ] GC(354) Pause Young (Normal) (G1 Evacuation Pause) 897M->336M(1024M) 50.227ms
[2021-11-12T23:11:46.121-0800][gc,cpu      ] GC(354) User=0.04s Sys=0.05s Real=0.05s
[2021-11-12T23:12:04.312-0800][gc,start    ] GC(355) Pause Young (Normal) (G1 Evacuation Pause)
[2021-11-12T23:12:04.312-0800][gc,task     ] GC(355) Using 8 workers of 8 for evacuation
[2021-11-12T23:12:04.320-0800][gc,phases   ] GC(355)   Pre Evacuate Collection Set: 0.4ms
[2021-11-12T23:12:04.320-0800][gc,phases   ] GC(355)   Merge Heap Roots: 0.1ms
[2021-11-12T23:12:04.320-0800][gc,phases   ] GC(355)   Evacuate Collection Set: 6.9ms
[2021-11-12T23:12:04.320-0800][gc,phases   ] GC(355)   Post Evacuate Collection Set: 0.6ms
[2021-11-12T23:12:04.320-0800][gc,phases   ] GC(355)   Other: 0.3ms
[2021-11-12T23:12:04.320-0800][gc,heap     ] GC(355) Eden regions: 47->0(267)
[2021-11-12T23:12:04.320-0800][gc,heap     ] GC(355) Survivor regions: 4->3(7)
[2021-11-12T23:12:04.320-0800][gc,heap     ] GC(355) Old regions: 204->204
[2021-11-12T23:12:04.321-0800][gc,heap     ] GC(355) Archive regions: 2->2
[2021-11-12T23:12:04.321-0800][gc,heap     ] GC(355) Humongous regions: 129->129
[2021-11-12T23:12:04.321-0800][gc,metaspace] GC(355) Metaspace: 41090K(41920K)->41090K(41920K) NonClass: 36306K(36800K)->36306K(36800K) Class: 4784K(5120K)->4784K(5120K)
[2021-11-12T23:12:04.321-0800][gc          ] GC(355) Pause Young (Normal) (G1 Evacuation Pause) 383M->335M(1024M) 8.689ms
[2021-11-12T23:12:04.321-0800][gc,cpu      ] GC(355) User=0.02s Sys=0.01s Real=0.01s
[2021-11-12T23:13:49.222-0800][gc,start    ] GC(356) Pause Young (Normal) (G1 Evacuation Pause)
[2021-11-12T23:13:49.223-0800][gc,task     ] GC(356) Using 8 workers of 8 for evacuation
[2021-11-12T23:13:49.239-0800][gc,phases   ] GC(356)   Pre Evacuate Collection Set: 1.1ms
[2021-11-12T23:13:49.239-0800][gc,phases   ] GC(356)   Merge Heap Roots: 0.2ms
[2021-11-12T23:13:49.239-0800][gc,phases   ] GC(356)   Evacuate Collection Set: 13.0ms
[2021-11-12T23:13:49.239-0800][gc,phases   ] GC(356)   Post Evacuate Collection Set: 1.6ms
[2021-11-12T23:13:49.239-0800][gc,phases   ] GC(356)   Other: 1.3ms
[2021-11-12T23:13:49.239-0800][gc,heap     ] GC(356) Eden regions: 267->0(389)
[2021-11-12T23:13:49.239-0800][gc,heap     ] GC(356) Survivor regions: 3->3(34)
[2021-11-12T23:13:49.239-0800][gc,heap     ] GC(356) Old regions: 204->204
[2021-11-12T23:13:49.239-0800][gc,heap     ] GC(356) Archive regions: 2->2
[2021-11-12T23:13:49.239-0800][gc,heap     ] GC(356) Humongous regions: 129->129
[2021-11-12T23:13:49.239-0800][gc,metaspace] GC(356) Metaspace: 41090K(41920K)->41090K(41920K) NonClass: 36306K(36800K)->36306K(36800K) Class: 4784K(5120K)->4784K(5120K)
[2021-11-12T23:13:49.239-0800][gc          ] GC(356) Pause Young (Normal) (G1 Evacuation Pause) 602M->335M(1024M) 17.502ms
[2021-11-12T23:13:49.239-0800][gc,cpu      ] GC(356) User=0.03s Sys=0.02s Real=0.01s
[2021-11-12T23:16:22.578-0800][gc,start    ] GC(357) Pause Young (Normal) (G1 Evacuation Pause)
[2021-11-12T23:16:22.580-0800][gc,task     ] GC(357) Using 8 workers of 8 for evacuation
[2021-11-12T23:16:22.594-0800][gc,phases   ] GC(357)   Pre Evacuate Collection Set: 0.4ms
[2021-11-12T23:16:22.594-0800][gc,phases   ] GC(357)   Merge Heap Roots: 0.2ms
[2021-11-12T23:16:22.594-0800][gc,phases   ] GC(357)   Evacuate Collection Set: 12.1ms
[2021-11-12T23:16:22.594-0800][gc,phases   ] GC(357)   Post Evacuate Collection Set: 0.8ms
[2021-11-12T23:16:22.594-0800][gc,phases   ] GC(357)   Other: 1.7ms
[2021-11-12T23:16:22.594-0800][gc,heap     ] GC(357) Eden regions: 389->0(247)
[2021-11-12T23:16:22.594-0800][gc,heap     ] GC(357) Survivor regions: 3->5(49)
[2021-11-12T23:16:22.594-0800][gc,heap     ] GC(357) Old regions: 204->204
[2021-11-12T23:16:22.594-0800][gc,heap     ] GC(357) Archive regions: 2->2
[2021-11-12T23:16:22.594-0800][gc,heap     ] GC(357) Humongous regions: 129->129
[2021-11-12T23:16:22.594-0800][gc,metaspace] GC(357) Metaspace: 41090K(41920K)->41090K(41920K) NonClass: 36306K(36800K)->36306K(36800K) Class: 4784K(5120K)->4784K(5120K)
[2021-11-12T23:16:22.594-0800][gc          ] GC(357) Pause Young (Normal) (G1 Evacuation Pause) 724M->337M(1024M) 15.493ms
[2021-11-12T23:16:22.594-0800][gc,cpu      ] GC(357) User=0.03s Sys=0.02s Real=0.02s
[2021-11-12T23:17:59.653-0800][gc,start    ] GC(358) Pause Young (Normal) (G1 Evacuation Pause)
[2021-11-12T23:17:59.654-0800][gc,task     ] GC(358) Using 8 workers of 8 for evacuation
[2021-11-12T23:17:59.668-0800][gc,phases   ] GC(358)   Pre Evacuate Collection Set: 0.4ms
[2021-11-12T23:17:59.668-0800][gc,phases   ] GC(358)   Merge Heap Roots: 0.2ms
[2021-11-12T23:17:59.668-0800][gc,phases   ] GC(358)   Evacuate Collection Set: 11.8ms
[2021-11-12T23:17:59.668-0800][gc,phases   ] GC(358)   Post Evacuate Collection Set: 1.1ms
[2021-11-12T23:17:59.668-0800][gc,phases   ] GC(358)   Other: 1.7ms
[2021-11-12T23:17:59.668-0800][gc,heap     ] GC(358) Eden regions: 247->0(545)
[2021-11-12T23:17:59.668-0800][gc,heap     ] GC(358) Survivor regions: 5->4(32)
[2021-11-12T23:17:59.668-0800][gc,heap     ] GC(358) Old regions: 204->204
[2021-11-12T23:17:59.668-0800][gc,heap     ] GC(358) Archive regions: 2->2
[2021-11-12T23:17:59.668-0800][gc,heap     ] GC(358) Humongous regions: 129->129
[2021-11-12T23:17:59.668-0800][gc,metaspace] GC(358) Metaspace: 41090K(41920K)->41090K(41920K) NonClass: 36306K(36800K)->36306K(36800K) Class: 4784K(5120K)->4784K(5120K)
[2021-11-12T23:17:59.668-0800][gc          ] GC(358) Pause Young (Normal) (G1 Evacuation Pause) 584M->336M(1024M) 15.536ms
[2021-11-12T23:17:59.668-0800][gc,cpu      ] GC(358) User=0.04s Sys=0.00s Real=0.01s
[2021-11-12T23:21:33.402-0800][gc,start    ] GC(359) Pause Young (Normal) (G1 Evacuation Pause)
[2021-11-12T23:21:33.404-0800][gc,task     ] GC(359) Using 8 workers of 8 for evacuation
[2021-11-12T23:21:33.419-0800][gc,phases   ] GC(359)   Pre Evacuate Collection Set: 0.5ms
[2021-11-12T23:21:33.419-0800][gc,phases   ] GC(359)   Merge Heap Roots: 0.2ms
[2021-11-12T23:21:33.419-0800][gc,phases   ] GC(359)   Evacuate Collection Set: 12.7ms
[2021-11-12T23:21:33.419-0800][gc,phases   ] GC(359)   Post Evacuate Collection Set: 1.1ms
[2021-11-12T23:21:33.419-0800][gc,phases   ] GC(359)   Other: 1.8ms
[2021-11-12T23:21:33.419-0800][gc,heap     ] GC(359) Eden regions: 545->0(574)
[2021-11-12T23:21:33.419-0800][gc,heap     ] GC(359) Survivor regions: 4->3(69)
[2021-11-12T23:21:33.419-0800][gc,heap     ] GC(359) Old regions: 204->204
[2021-11-12T23:21:33.419-0800][gc,heap     ] GC(359) Archive regions: 2->2
[2021-11-12T23:21:33.419-0800][gc,heap     ] GC(359) Humongous regions: 129->129
[2021-11-12T23:21:33.419-0800][gc,metaspace] GC(359) Metaspace: 41090K(41920K)->41090K(41920K) NonClass: 36306K(36800K)->36306K(36800K) Class: 4784K(5120K)->4784K(5120K)
[2021-11-12T23:21:33.419-0800][gc          ] GC(359) Pause Young (Normal) (G1 Evacuation Pause) 881M->336M(1024M) 16.646ms
[2021-11-12T23:21:33.419-0800][gc,cpu      ] GC(359) User=0.04s Sys=0.02s Real=0.01s
[2021-11-12T23:25:21.318-0800][gc,start    ] GC(360) Pause Young (Normal) (G1 Evacuation Pause)
[2021-11-12T23:25:21.318-0800][gc,task     ] GC(360) Using 8 workers of 8 for evacuation
[2021-11-12T23:25:21.339-0800][gc,mmu      ] GC(360) MMU target violated: 20.8ms (20.0ms/21.0ms)
[2021-11-12T23:25:21.340-0800][gc,phases   ] GC(360)   Pre Evacuate Collection Set: 0.8ms
[2021-11-12T23:25:21.340-0800][gc,phases   ] GC(360)   Merge Heap Roots: 0.2ms
[2021-11-12T23:25:21.340-0800][gc,phases   ] GC(360)   Evacuate Collection Set: 17.9ms
[2021-11-12T23:25:21.340-0800][gc,phases   ] GC(360)   Post Evacuate Collection Set: 2.0ms
[2021-11-12T23:25:21.340-0800][gc,phases   ] GC(360)   Other: 1.2ms
[2021-11-12T23:25:21.340-0800][gc,heap     ] GC(360) Eden regions: 574->0(573)
[2021-11-12T23:25:21.340-0800][gc,heap     ] GC(360) Survivor regions: 3->4(73)
[2021-11-12T23:25:21.340-0800][gc,heap     ] GC(360) Old regions: 204->204
[2021-11-12T23:25:21.340-0800][gc,heap     ] GC(360) Archive regions: 2->2
[2021-11-12T23:25:21.340-0800][gc,heap     ] GC(360) Humongous regions: 129->129
[2021-11-12T23:25:21.340-0800][gc,metaspace] GC(360) Metaspace: 41090K(41920K)->41090K(41920K) NonClass: 36306K(36800K)->36306K(36800K) Class: 4784K(5120K)->4784K(5120K)
[2021-11-12T23:25:21.340-0800][gc          ] GC(360) Pause Young (Normal) (G1 Evacuation Pause) 910M->336M(1024M) 22.323ms
[2021-11-12T23:25:21.340-0800][gc,cpu      ] GC(360) User=0.03s Sys=0.03s Real=0.03s
[2021-11-12T23:29:10.238-0800][gc,start    ] GC(361) Pause Young (Normal) (G1 Evacuation Pause)
[2021-11-12T23:29:10.241-0800][gc,task     ] GC(361) Using 8 workers of 8 for evacuation
[2021-11-12T23:29:10.285-0800][gc,mmu      ] GC(361) MMU target violated: 21.0ms (20.0ms/21.0ms)
[2021-11-12T23:29:10.285-0800][gc,phases   ] GC(361)   Pre Evacuate Collection Set: 0.8ms
[2021-11-12T23:29:10.285-0800][gc,phases   ] GC(361)   Merge Heap Roots: 0.3ms
[2021-11-12T23:29:10.285-0800][gc,phases   ] GC(361)   Evacuate Collection Set: 35.1ms
[2021-11-12T23:29:10.285-0800][gc,phases   ] GC(361)   Post Evacuate Collection Set: 7.2ms
[2021-11-12T23:29:10.285-0800][gc,phases   ] GC(361)   Other: 4.0ms
[2021-11-12T23:29:10.285-0800][gc,heap     ] GC(361) Eden regions: 573->0(223)
[2021-11-12T23:29:10.285-0800][gc,heap     ] GC(361) Survivor regions: 4->5(73)
[2021-11-12T23:29:10.285-0800][gc,heap     ] GC(361) Old regions: 204->204
[2021-11-12T23:29:10.285-0800][gc,heap     ] GC(361) Archive regions: 2->2
[2021-11-12T23:29:10.285-0800][gc,heap     ] GC(361) Humongous regions: 129->129
[2021-11-12T23:29:10.285-0800][gc,metaspace] GC(361) Metaspace: 41090K(41920K)->41090K(41920K) NonClass: 36306K(36800K)->36306K(36800K) Class: 4784K(5120K)->4784K(5120K)
[2021-11-12T23:29:10.285-0800][gc          ] GC(361) Pause Young (Normal) (G1 Evacuation Pause) 909M->338M(1024M) 47.471ms
[2021-11-12T23:29:10.285-0800][gc,cpu      ] GC(361) User=0.04s Sys=0.05s Real=0.05s
[2021-11-12T23:30:42.007-0800][gc,start    ] GC(362) Pause Young (Normal) (G1 Evacuation Pause)
[2021-11-12T23:30:42.024-0800][gc,task     ] GC(362) Using 8 workers of 8 for evacuation
[2021-11-12T23:30:42.045-0800][gc,mmu      ] GC(362) MMU target violated: 21.0ms (20.0ms/21.0ms)
[2021-11-12T23:30:42.045-0800][gc,phases   ] GC(362)   Pre Evacuate Collection Set: 0.4ms
[2021-11-12T23:30:42.045-0800][gc,phases   ] GC(362)   Merge Heap Roots: 0.2ms
[2021-11-12T23:30:42.045-0800][gc,phases   ] GC(362)   Evacuate Collection Set: 19.8ms
[2021-11-12T23:30:42.045-0800][gc,phases   ] GC(362)   Post Evacuate Collection Set: 0.6ms
[2021-11-12T23:30:42.045-0800][gc,phases   ] GC(362)   Other: 17.6ms
[2021-11-12T23:30:42.045-0800][gc,heap     ] GC(362) Eden regions: 223->0(308)
[2021-11-12T23:30:42.045-0800][gc,heap     ] GC(362) Survivor regions: 5->5(29)
[2021-11-12T23:30:42.045-0800][gc,heap     ] GC(362) Old regions: 204->204
[2021-11-12T23:30:42.045-0800][gc,heap     ] GC(362) Archive regions: 2->2
[2021-11-12T23:30:42.045-0800][gc,heap     ] GC(362) Humongous regions: 129->129
[2021-11-12T23:30:42.045-0800][gc,metaspace] GC(362) Metaspace: 41090K(41920K)->41090K(41920K) NonClass: 36306K(36800K)->36306K(36800K) Class: 4784K(5120K)->4784K(5120K)
[2021-11-12T23:30:42.045-0800][gc          ] GC(362) Pause Young (Normal) (G1 Evacuation Pause) 561M->338M(1024M) 38.730ms
[2021-11-12T23:30:42.045-0800][gc,cpu      ] GC(362) User=0.04s Sys=0.01s Real=0.04s
[2021-11-12T23:32:49.550-0800][gc,start    ] GC(363) Pause Young (Normal) (G1 Evacuation Pause)
[2021-11-12T23:32:49.551-0800][gc,task     ] GC(363) Using 8 workers of 8 for evacuation
[2021-11-12T23:32:49.567-0800][gc,phases   ] GC(363)   Pre Evacuate Collection Set: 0.6ms
[2021-11-12T23:32:49.567-0800][gc,phases   ] GC(363)   Merge Heap Roots: 0.2ms
[2021-11-12T23:32:49.567-0800][gc,phases   ] GC(363)   Evacuate Collection Set: 14.5ms
[2021-11-12T23:32:49.568-0800][gc,phases   ] GC(363)   Post Evacuate Collection Set: 0.8ms
[2021-11-12T23:32:49.568-0800][gc,phases   ] GC(363)   Other: 1.4ms
[2021-11-12T23:32:49.568-0800][gc,heap     ] GC(363) Eden regions: 308->0(421)
[2021-11-12T23:32:49.568-0800][gc,heap     ] GC(363) Survivor regions: 5->5(40)
[2021-11-12T23:32:49.568-0800][gc,heap     ] GC(363) Old regions: 204->204
[2021-11-12T23:32:49.568-0800][gc,heap     ] GC(363) Archive regions: 2->2
[2021-11-12T23:32:49.568-0800][gc,heap     ] GC(363) Humongous regions: 129->129
[2021-11-12T23:32:49.568-0800][gc,metaspace] GC(363) Metaspace: 41090K(41920K)->41090K(41920K) NonClass: 36306K(36800K)->36306K(36800K) Class: 4784K(5120K)->4784K(5120K)
[2021-11-12T23:32:49.568-0800][gc          ] GC(363) Pause Young (Normal) (G1 Evacuation Pause) 646M->338M(1024M) 17.620ms
[2021-11-12T23:32:49.568-0800][gc,cpu      ] GC(363) User=0.04s Sys=0.02s Real=0.01s
[2021-11-12T23:35:38.303-0800][gc,start    ] GC(364) Pause Young (Normal) (G1 Evacuation Pause)
[2021-11-12T23:35:38.317-0800][gc,task     ] GC(364) Using 8 workers of 8 for evacuation
[2021-11-12T23:35:38.361-0800][gc,mmu      ] GC(364) MMU target violated: 21.0ms (20.0ms/21.0ms)
[2021-11-12T23:35:38.361-0800][gc,phases   ] GC(364)   Pre Evacuate Collection Set: 1.1ms
[2021-11-12T23:35:38.361-0800][gc,phases   ] GC(364)   Merge Heap Roots: 0.4ms
[2021-11-12T23:35:38.361-0800][gc,phases   ] GC(364)   Evacuate Collection Set: 40.0ms
[2021-11-12T23:35:38.361-0800][gc,phases   ] GC(364)   Post Evacuate Collection Set: 2.2ms
[2021-11-12T23:35:38.361-0800][gc,phases   ] GC(364)   Other: 14.6ms
[2021-11-12T23:35:38.361-0800][gc,heap     ] GC(364) Eden regions: 421->0(113)
[2021-11-12T23:35:38.361-0800][gc,heap     ] GC(364) Survivor regions: 5->6(54)
[2021-11-12T23:35:38.361-0800][gc,heap     ] GC(364) Old regions: 204->204
[2021-11-12T23:35:38.361-0800][gc,heap     ] GC(364) Archive regions: 2->2
[2021-11-12T23:35:38.361-0800][gc,heap     ] GC(364) Humongous regions: 129->129
[2021-11-12T23:35:38.361-0800][gc,metaspace] GC(364) Metaspace: 41090K(41920K)->41090K(41920K) NonClass: 36306K(36800K)->36306K(36800K) Class: 4784K(5120K)->4784K(5120K)
[2021-11-12T23:35:38.362-0800][gc          ] GC(364) Pause Young (Normal) (G1 Evacuation Pause) 759M->338M(1024M) 58.547ms
[2021-11-12T23:35:38.362-0800][gc,cpu      ] GC(364) User=0.05s Sys=0.05s Real=0.06s
[2021-11-12T23:36:22.588-0800][gc,start    ] GC(365) Pause Young (Normal) (G1 Evacuation Pause)
[2021-11-12T23:36:22.589-0800][gc,task     ] GC(365) Using 8 workers of 8 for evacuation
[2021-11-12T23:36:22.601-0800][gc,phases   ] GC(365)   Pre Evacuate Collection Set: 0.3ms
[2021-11-12T23:36:22.601-0800][gc,phases   ] GC(365)   Merge Heap Roots: 0.1ms
[2021-11-12T23:36:22.601-0800][gc,phases   ] GC(365)   Evacuate Collection Set: 10.6ms
[2021-11-12T23:36:22.601-0800][gc,phases   ] GC(365)   Post Evacuate Collection Set: 0.9ms
[2021-11-12T23:36:22.601-0800][gc,phases   ] GC(365)   Other: 1.1ms
[2021-11-12T23:36:22.601-0800][gc,heap     ] GC(365) Eden regions: 113->0(239)
[2021-11-12T23:36:22.601-0800][gc,heap     ] GC(365) Survivor regions: 6->6(15)
[2021-11-12T23:36:22.601-0800][gc,heap     ] GC(365) Old regions: 204->204
[2021-11-12T23:36:22.601-0800][gc,heap     ] GC(365) Archive regions: 2->2
[2021-11-12T23:36:22.601-0800][gc,heap     ] GC(365) Humongous regions: 129->129
[2021-11-12T23:36:22.601-0800][gc,metaspace] GC(365) Metaspace: 41090K(41920K)->41090K(41920K) NonClass: 36306K(36800K)->36306K(36800K) Class: 4784K(5120K)->4784K(5120K)
[2021-11-12T23:36:22.601-0800][gc          ] GC(365) Pause Young (Normal) (G1 Evacuation Pause) 451M->338M(1024M) 13.271ms
[2021-11-12T23:36:22.601-0800][gc,cpu      ] GC(365) User=0.02s Sys=0.01s Real=0.02s
[2021-11-12T23:37:56.431-0800][gc,start    ] GC(366) Pause Young (Normal) (G1 Evacuation Pause)
[2021-11-12T23:37:56.432-0800][gc,task     ] GC(366) Using 8 workers of 8 for evacuation
[2021-11-12T23:37:56.450-0800][gc,phases   ] GC(366)   Pre Evacuate Collection Set: 1.0ms
[2021-11-12T23:37:56.450-0800][gc,phases   ] GC(366)   Merge Heap Roots: 0.3ms
[2021-11-12T23:37:56.450-0800][gc,phases   ] GC(366)   Evacuate Collection Set: 14.3ms
[2021-11-12T23:37:56.450-0800][gc,phases   ] GC(366)   Post Evacuate Collection Set: 1.6ms
[2021-11-12T23:37:56.450-0800][gc,phases   ] GC(366)   Other: 1.7ms
[2021-11-12T23:37:56.450-0800][gc,heap     ] GC(366) Eden regions: 239->0(451)
[2021-11-12T23:37:56.450-0800][gc,heap     ] GC(366) Survivor regions: 6->5(31)
[2021-11-12T23:37:56.450-0800][gc,heap     ] GC(366) Old regions: 204->204
[2021-11-12T23:37:56.450-0800][gc,heap     ] GC(366) Archive regions: 2->2
[2021-11-12T23:37:56.450-0800][gc,heap     ] GC(366) Humongous regions: 129->129
[2021-11-12T23:37:56.450-0800][gc,metaspace] GC(366) Metaspace: 41090K(41920K)->41090K(41920K) NonClass: 36306K(36800K)->36306K(36800K) Class: 4784K(5120K)->4784K(5120K)
[2021-11-12T23:37:56.450-0800][gc          ] GC(366) Pause Young (Normal) (G1 Evacuation Pause) 577M->338M(1024M) 19.216ms
[2021-11-12T23:37:56.450-0800][gc,cpu      ] GC(366) User=0.03s Sys=0.03s Real=0.02s
[2021-11-12T23:40:53.753-0800][gc,start    ] GC(367) Pause Young (Normal) (G1 Evacuation Pause)
[2021-11-12T23:40:53.754-0800][gc,task     ] GC(367) Using 8 workers of 8 for evacuation
[2021-11-12T23:40:53.771-0800][gc,phases   ] GC(367)   Pre Evacuate Collection Set: 0.4ms
[2021-11-12T23:40:53.771-0800][gc,phases   ] GC(367)   Merge Heap Roots: 0.2ms
[2021-11-12T23:40:53.771-0800][gc,phases   ] GC(367)   Evacuate Collection Set: 15.1ms
[2021-11-12T23:40:53.771-0800][gc,phases   ] GC(367)   Post Evacuate Collection Set: 1.1ms
[2021-11-12T23:40:53.771-0800][gc,phases   ] GC(367)   Other: 1.6ms
[2021-11-12T23:40:53.771-0800][gc,heap     ] GC(367) Eden regions: 451->0(571)
[2021-11-12T23:40:53.771-0800][gc,heap     ] GC(367) Survivor regions: 5->5(57)
[2021-11-12T23:40:53.771-0800][gc,heap     ] GC(367) Old regions: 204->204
[2021-11-12T23:40:53.771-0800][gc,heap     ] GC(367) Archive regions: 2->2
[2021-11-12T23:40:53.771-0800][gc,heap     ] GC(367) Humongous regions: 129->129
[2021-11-12T23:40:53.772-0800][gc,metaspace] GC(367) Metaspace: 41090K(41920K)->41090K(41920K) NonClass: 36306K(36800K)->36306K(36800K) Class: 4784K(5120K)->4784K(5120K)
[2021-11-12T23:40:53.772-0800][gc          ] GC(367) Pause Young (Normal) (G1 Evacuation Pause) 789M->338M(1024M) 18.659ms
[2021-11-12T23:40:53.772-0800][gc,cpu      ] GC(367) User=0.05s Sys=0.01s Real=0.02s
[2021-11-12T23:44:38.788-0800][gc,start    ] GC(368) Pause Young (Normal) (G1 Evacuation Pause)
[2021-11-12T23:44:38.788-0800][gc,task     ] GC(368) Using 8 workers of 8 for evacuation
[2021-11-12T23:44:38.833-0800][gc,mmu      ] GC(368) MMU target violated: 21.0ms (20.0ms/21.0ms)
[2021-11-12T23:44:38.833-0800][gc,phases   ] GC(368)   Pre Evacuate Collection Set: 1.1ms
[2021-11-12T23:44:38.833-0800][gc,phases   ] GC(368)   Merge Heap Roots: 0.3ms
[2021-11-12T23:44:38.834-0800][gc,phases   ] GC(368)   Evacuate Collection Set: 40.6ms
[2021-11-12T23:44:38.834-0800][gc,phases   ] GC(368)   Post Evacuate Collection Set: 2.4ms
[2021-11-12T23:44:38.834-0800][gc,phases   ] GC(368)   Other: 1.2ms
[2021-11-12T23:44:38.834-0800][gc,heap     ] GC(368) Eden regions: 571->0(316)
[2021-11-12T23:44:38.834-0800][gc,heap     ] GC(368) Survivor regions: 5->5(72)
[2021-11-12T23:44:38.834-0800][gc,heap     ] GC(368) Old regions: 204->204
[2021-11-12T23:44:38.834-0800][gc,heap     ] GC(368) Archive regions: 2->2
[2021-11-12T23:44:38.834-0800][gc,heap     ] GC(368) Humongous regions: 129->129
[2021-11-12T23:44:38.834-0800][gc,metaspace] GC(368) Metaspace: 41090K(41920K)->41090K(41920K) NonClass: 36306K(36800K)->36306K(36800K) Class: 4784K(5120K)->4784K(5120K)
[2021-11-12T23:44:38.834-0800][gc          ] GC(368) Pause Young (Normal) (G1 Evacuation Pause) 909M->338M(1024M) 45.789ms
[2021-11-12T23:44:38.834-0800][gc,cpu      ] GC(368) User=0.04s Sys=0.05s Real=0.05s
[2021-11-12T23:46:42.906-0800][gc,start    ] GC(369) Pause Young (Normal) (G1 Evacuation Pause)
[2021-11-12T23:46:42.907-0800][gc,task     ] GC(369) Using 8 workers of 8 for evacuation
[2021-11-12T23:46:42.929-0800][gc,mmu      ] GC(369) MMU target violated: 21.0ms (20.0ms/21.0ms)
[2021-11-12T23:46:42.929-0800][gc,phases   ] GC(369)   Pre Evacuate Collection Set: 1.1ms
[2021-11-12T23:46:42.929-0800][gc,phases   ] GC(369)   Merge Heap Roots: 0.3ms
[2021-11-12T23:46:42.929-0800][gc,phases   ] GC(369)   Evacuate Collection Set: 18.8ms
[2021-11-12T23:46:42.929-0800][gc,phases   ] GC(369)   Post Evacuate Collection Set: 1.7ms
[2021-11-12T23:46:42.929-0800][gc,phases   ] GC(369)   Other: 1.5ms
[2021-11-12T23:46:42.929-0800][gc,heap     ] GC(369) Eden regions: 316->0(392)
[2021-11-12T23:46:42.929-0800][gc,heap     ] GC(369) Survivor regions: 5->5(41)
[2021-11-12T23:46:42.929-0800][gc,heap     ] GC(369) Old regions: 204->204
[2021-11-12T23:46:42.929-0800][gc,heap     ] GC(369) Archive regions: 2->2
[2021-11-12T23:46:42.929-0800][gc,heap     ] GC(369) Humongous regions: 129->129
[2021-11-12T23:46:42.929-0800][gc,metaspace] GC(369) Metaspace: 41090K(41920K)->41090K(41920K) NonClass: 36306K(36800K)->36306K(36800K) Class: 4784K(5120K)->4784K(5120K)
[2021-11-12T23:46:42.929-0800][gc          ] GC(369) Pause Young (Normal) (G1 Evacuation Pause) 654M->338M(1024M) 23.517ms
[2021-11-12T23:46:42.929-0800][gc,cpu      ] GC(369) User=0.03s Sys=0.03s Real=0.02s
[2021-11-12T23:49:15.676-0800][gc,start    ] GC(370) Pause Young (Normal) (G1 Evacuation Pause)
[2021-11-12T23:49:15.677-0800][gc,task     ] GC(370) Using 8 workers of 8 for evacuation
[2021-11-12T23:49:15.736-0800][gc,mmu      ] GC(370) MMU target violated: 21.0ms (20.0ms/21.0ms)
[2021-11-12T23:49:15.736-0800][gc,phases   ] GC(370)   Pre Evacuate Collection Set: 1.1ms
[2021-11-12T23:49:15.736-0800][gc,phases   ] GC(370)   Merge Heap Roots: 0.4ms
[2021-11-12T23:49:15.736-0800][gc,phases   ] GC(370)   Evacuate Collection Set: 36.3ms
[2021-11-12T23:49:15.736-0800][gc,phases   ] GC(370)   Post Evacuate Collection Set: 3.5ms
[2021-11-12T23:49:15.736-0800][gc,phases   ] GC(370)   Other: 18.8ms
[2021-11-12T23:49:15.736-0800][gc,heap     ] GC(370) Eden regions: 392->0(310)
[2021-11-12T23:49:15.736-0800][gc,heap     ] GC(370) Survivor regions: 5->5(50)
[2021-11-12T23:49:15.736-0800][gc,heap     ] GC(370) Old regions: 204->204
[2021-11-12T23:49:15.736-0800][gc,heap     ] GC(370) Archive regions: 2->2
[2021-11-12T23:49:15.736-0800][gc,heap     ] GC(370) Humongous regions: 129->129
[2021-11-12T23:49:15.736-0800][gc,metaspace] GC(370) Metaspace: 41090K(41920K)->41090K(41920K) NonClass: 36306K(36800K)->36306K(36800K) Class: 4784K(5120K)->4784K(5120K)
[2021-11-12T23:49:15.736-0800][gc          ] GC(370) Pause Young (Normal) (G1 Evacuation Pause) 730M->337M(1024M) 60.147ms
[2021-11-12T23:49:15.737-0800][gc,cpu      ] GC(370) User=0.04s Sys=0.03s Real=0.06s
[2021-11-12T23:51:17.216-0800][gc,start    ] GC(371) Pause Young (Normal) (G1 Evacuation Pause)
[2021-11-12T23:51:17.217-0800][gc,task     ] GC(371) Using 8 workers of 8 for evacuation
[2021-11-12T23:51:17.240-0800][gc,mmu      ] GC(371) MMU target violated: 21.0ms (20.0ms/21.0ms)
[2021-11-12T23:51:17.241-0800][gc,phases   ] GC(371)   Pre Evacuate Collection Set: 1.1ms
[2021-11-12T23:51:17.241-0800][gc,phases   ] GC(371)   Merge Heap Roots: 0.3ms
[2021-11-12T23:51:17.241-0800][gc,phases   ] GC(371)   Evacuate Collection Set: 20.0ms
[2021-11-12T23:51:17.241-0800][gc,phases   ] GC(371)   Post Evacuate Collection Set: 2.1ms
[2021-11-12T23:51:17.241-0800][gc,phases   ] GC(371)   Other: 1.8ms
[2021-11-12T23:51:17.241-0800][gc,heap     ] GC(371) Eden regions: 310->0(294)
[2021-11-12T23:51:17.241-0800][gc,heap     ] GC(371) Survivor regions: 5->6(40)
[2021-11-12T23:51:17.241-0800][gc,heap     ] GC(371) Old regions: 204->204
[2021-11-12T23:51:17.241-0800][gc,heap     ] GC(371) Archive regions: 2->2
[2021-11-12T23:51:17.241-0800][gc,heap     ] GC(371) Humongous regions: 129->129
[2021-11-12T23:51:17.241-0800][gc,metaspace] GC(371) Metaspace: 41090K(41920K)->41090K(41920K) NonClass: 36306K(36800K)->36306K(36800K) Class: 4784K(5120K)->4784K(5120K)
[2021-11-12T23:51:17.241-0800][gc          ] GC(371) Pause Young (Normal) (G1 Evacuation Pause) 647M->339M(1024M) 25.283ms
[2021-11-12T23:51:17.241-0800][gc,cpu      ] GC(371) User=0.04s Sys=0.04s Real=0.03s
[2021-11-12T23:53:09.350-0800][gc,start    ] GC(372) Pause Young (Normal) (G1 Evacuation Pause)
[2021-11-12T23:53:09.351-0800][gc,task     ] GC(372) Using 8 workers of 8 for evacuation
[2021-11-12T23:53:09.367-0800][gc,phases   ] GC(372)   Pre Evacuate Collection Set: 0.5ms
[2021-11-12T23:53:09.367-0800][gc,phases   ] GC(372)   Merge Heap Roots: 0.3ms
[2021-11-12T23:53:09.367-0800][gc,phases   ] GC(372)   Evacuate Collection Set: 14.1ms
[2021-11-12T23:53:09.367-0800][gc,phases   ] GC(372)   Post Evacuate Collection Set: 0.7ms
[2021-11-12T23:53:09.367-0800][gc,phases   ] GC(372)   Other: 1.6ms
[2021-11-12T23:53:09.367-0800][gc,heap     ] GC(372) Eden regions: 285->0(543)
[2021-11-12T23:53:09.367-0800][gc,heap     ] GC(372) Survivor regions: 6->5(37)
[2021-11-12T23:53:09.367-0800][gc,heap     ] GC(372) Old regions: 204->204
[2021-11-12T23:53:09.367-0800][gc,heap     ] GC(372) Archive regions: 2->2
[2021-11-12T23:53:09.367-0800][gc,heap     ] GC(372) Humongous regions: 129->129
[2021-11-12T23:53:09.367-0800][gc,metaspace] GC(372) Metaspace: 41090K(41920K)->41090K(41920K) NonClass: 36306K(36800K)->36306K(36800K) Class: 4784K(5120K)->4784K(5120K)
[2021-11-12T23:53:09.367-0800][gc          ] GC(372) Pause Young (Normal) (G1 Evacuation Pause) 624M->338M(1024M) 17.615ms
[2021-11-12T23:53:09.367-0800][gc,cpu      ] GC(372) User=0.04s Sys=0.01s Real=0.01s
[2021-11-12T23:56:43.377-0800][gc,start    ] GC(373) Pause Young (Normal) (G1 Evacuation Pause)
[2021-11-12T23:56:43.394-0800][gc,task     ] GC(373) Using 8 workers of 8 for evacuation
[2021-11-12T23:56:43.419-0800][gc,mmu      ] GC(373) MMU target violated: 21.0ms (20.0ms/21.0ms)
[2021-11-12T23:56:43.419-0800][gc,phases   ] GC(373)   Pre Evacuate Collection Set: 1.5ms
[2021-11-12T23:56:43.419-0800][gc,phases   ] GC(373)   Merge Heap Roots: 0.4ms
[2021-11-12T23:56:43.419-0800][gc,phases   ] GC(373)   Evacuate Collection Set: 21.3ms
[2021-11-12T23:56:43.419-0800][gc,phases   ] GC(373)   Post Evacuate Collection Set: 1.7ms
[2021-11-12T23:56:43.420-0800][gc,phases   ] GC(373)   Other: 17.8ms
[2021-11-12T23:56:43.420-0800][gc,heap     ] GC(373) Eden regions: 543->0(572)
[2021-11-12T23:56:43.420-0800][gc,heap     ] GC(373) Survivor regions: 5->5(69)
[2021-11-12T23:56:43.420-0800][gc,heap     ] GC(373) Old regions: 204->204
[2021-11-12T23:56:43.420-0800][gc,heap     ] GC(373) Archive regions: 2->2
[2021-11-12T23:56:43.420-0800][gc,heap     ] GC(373) Humongous regions: 129->129
[2021-11-12T23:56:43.420-0800][gc,metaspace] GC(373) Metaspace: 41090K(41920K)->41090K(41920K) NonClass: 36306K(36800K)->36306K(36800K) Class: 4784K(5120K)->4784K(5120K)
[2021-11-12T23:56:43.420-0800][gc          ] GC(373) Pause Young (Normal) (G1 Evacuation Pause) 881M->338M(1024M) 42.779ms
[2021-11-12T23:56:43.420-0800][gc,cpu      ] GC(373) User=0.04s Sys=0.04s Real=0.05s
[2021-11-13T00:00:30.777-0800][gc,start    ] GC(374) Pause Young (Normal) (G1 Evacuation Pause)
[2021-11-13T00:00:30.779-0800][gc,task     ] GC(374) Using 8 workers of 8 for evacuation
[2021-11-13T00:00:30.803-0800][gc,mmu      ] GC(374) MMU target violated: 21.0ms (20.0ms/21.0ms)
[2021-11-13T00:00:30.804-0800][gc,phases   ] GC(374)   Pre Evacuate Collection Set: 0.5ms
[2021-11-13T00:00:30.804-0800][gc,phases   ] GC(374)   Merge Heap Roots: 0.3ms
[2021-11-13T00:00:30.804-0800][gc,phases   ] GC(374)   Evacuate Collection Set: 22.7ms
[2021-11-13T00:00:30.804-0800][gc,phases   ] GC(374)   Post Evacuate Collection Set: 0.9ms
[2021-11-13T00:00:30.804-0800][gc,phases   ] GC(374)   Other: 1.9ms
[2021-11-13T00:00:30.804-0800][gc,heap     ] GC(374) Eden regions: 572->0(573)
[2021-11-13T00:00:30.804-0800][gc,heap     ] GC(374) Survivor regions: 5->5(73)
[2021-11-13T00:00:30.804-0800][gc,heap     ] GC(374) Old regions: 204->204
[2021-11-13T00:00:30.804-0800][gc,heap     ] GC(374) Archive regions: 2->2
[2021-11-13T00:00:30.804-0800][gc,heap     ] GC(374) Humongous regions: 129->129
[2021-11-13T00:00:30.804-0800][gc,metaspace] GC(374) Metaspace: 41090K(41920K)->41090K(41920K) NonClass: 36306K(36800K)->36306K(36800K) Class: 4784K(5120K)->4784K(5120K)
[2021-11-13T00:00:30.804-0800][gc          ] GC(374) Pause Young (Normal) (G1 Evacuation Pause) 910M->338M(1024M) 26.380ms
[2021-11-13T00:00:30.804-0800][gc,cpu      ] GC(374) User=0.05s Sys=0.02s Real=0.03s
[2021-11-13T00:04:20.153-0800][gc,start    ] GC(375) Pause Young (Normal) (G1 Evacuation Pause)
[2021-11-13T00:04:20.154-0800][gc,task     ] GC(375) Using 8 workers of 8 for evacuation
[2021-11-13T00:04:20.172-0800][gc,phases   ] GC(375)   Pre Evacuate Collection Set: 1.1ms
[2021-11-13T00:04:20.172-0800][gc,phases   ] GC(375)   Merge Heap Roots: 0.4ms
[2021-11-13T00:04:20.172-0800][gc,phases   ] GC(375)   Evacuate Collection Set: 14.8ms
[2021-11-13T00:04:20.172-0800][gc,phases   ] GC(375)   Post Evacuate Collection Set: 1.6ms
[2021-11-13T00:04:20.172-0800][gc,phases   ] GC(375)   Other: 2.1ms
[2021-11-13T00:04:20.172-0800][gc,heap     ] GC(375) Eden regions: 573->0(572)
[2021-11-13T00:04:20.172-0800][gc,heap     ] GC(375) Survivor regions: 5->6(73)
[2021-11-13T00:04:20.172-0800][gc,heap     ] GC(375) Old regions: 204->204
[2021-11-13T00:04:20.172-0800][gc,heap     ] GC(375) Archive regions: 2->2
[2021-11-13T00:04:20.173-0800][gc,heap     ] GC(375) Humongous regions: 129->129
[2021-11-13T00:04:20.173-0800][gc,metaspace] GC(375) Metaspace: 41090K(41920K)->41090K(41920K) NonClass: 36306K(36800K)->36306K(36800K) Class: 4784K(5120K)->4784K(5120K)
[2021-11-13T00:04:20.173-0800][gc          ] GC(375) Pause Young (Normal) (G1 Evacuation Pause) 911M->339M(1024M) 20.002ms
[2021-11-13T00:04:20.173-0800][gc,cpu      ] GC(375) User=0.05s Sys=0.01s Real=0.02s
[2021-11-13T00:08:09.401-0800][gc,start    ] GC(376) Pause Young (Normal) (G1 Evacuation Pause)
[2021-11-13T00:08:09.401-0800][gc,task     ] GC(376) Using 8 workers of 8 for evacuation
[2021-11-13T00:08:09.418-0800][gc,phases   ] GC(376)   Pre Evacuate Collection Set: 0.6ms
[2021-11-13T00:08:09.419-0800][gc,phases   ] GC(376)   Merge Heap Roots: 0.6ms
[2021-11-13T00:08:09.419-0800][gc,phases   ] GC(376)   Evacuate Collection Set: 14.7ms
[2021-11-13T00:08:09.419-0800][gc,phases   ] GC(376)   Post Evacuate Collection Set: 0.9ms
[2021-11-13T00:08:09.419-0800][gc,phases   ] GC(376)   Other: 1.1ms
[2021-11-13T00:08:09.419-0800][gc,heap     ] GC(376) Eden regions: 572->0(571)
[2021-11-13T00:08:09.419-0800][gc,heap     ] GC(376) Survivor regions: 6->5(73)
[2021-11-13T00:08:09.419-0800][gc,heap     ] GC(376) Old regions: 204->206
[2021-11-13T00:08:09.419-0800][gc,heap     ] GC(376) Archive regions: 2->2
[2021-11-13T00:08:09.419-0800][gc,heap     ] GC(376) Humongous regions: 129->129
[2021-11-13T00:08:09.419-0800][gc,metaspace] GC(376) Metaspace: 41090K(41920K)->41090K(41920K) NonClass: 36306K(36800K)->36306K(36800K) Class: 4784K(5120K)->4784K(5120K)
[2021-11-13T00:08:09.419-0800][gc          ] GC(376) Pause Young (Normal) (G1 Evacuation Pause) 911M->339M(1024M) 18.272ms
[2021-11-13T00:08:09.419-0800][gc,cpu      ] GC(376) User=0.04s Sys=0.02s Real=0.01s
[2021-11-13T00:11:58.575-0800][gc,start    ] GC(377) Pause Young (Normal) (G1 Evacuation Pause)
[2021-11-13T00:11:58.576-0800][gc,task     ] GC(377) Using 8 workers of 8 for evacuation
[2021-11-13T00:11:58.589-0800][gc,phases   ] GC(377)   Pre Evacuate Collection Set: 0.5ms
[2021-11-13T00:11:58.589-0800][gc,phases   ] GC(377)   Merge Heap Roots: 0.2ms
[2021-11-13T00:11:58.589-0800][gc,phases   ] GC(377)   Evacuate Collection Set: 11.8ms
[2021-11-13T00:11:58.589-0800][gc,phases   ] GC(377)   Post Evacuate Collection Set: 0.8ms
[2021-11-13T00:11:58.589-0800][gc,phases   ] GC(377)   Other: 1.2ms
[2021-11-13T00:11:58.589-0800][gc,heap     ] GC(377) Eden regions: 571->0(570)
[2021-11-13T00:11:58.590-0800][gc,heap     ] GC(377) Survivor regions: 5->5(72)
[2021-11-13T00:11:58.590-0800][gc,heap     ] GC(377) Old regions: 206->206
[2021-11-13T00:11:58.590-0800][gc,heap     ] GC(377) Archive regions: 2->2
[2021-11-13T00:11:58.590-0800][gc,heap     ] GC(377) Humongous regions: 129->129
[2021-11-13T00:11:58.590-0800][gc,metaspace] GC(377) Metaspace: 41090K(41920K)->41090K(41920K) NonClass: 36306K(36800K)->36306K(36800K) Class: 4784K(5120K)->4784K(5120K)
[2021-11-13T00:11:58.590-0800][gc          ] GC(377) Pause Young (Normal) (G1 Evacuation Pause) 910M->339M(1024M) 14.762ms
[2021-11-13T00:11:58.590-0800][gc,cpu      ] GC(377) User=0.04s Sys=0.01s Real=0.02s
[2021-11-13T00:15:46.865-0800][gc,start    ] GC(378) Pause Young (Normal) (G1 Evacuation Pause)
[2021-11-13T00:15:46.866-0800][gc,task     ] GC(378) Using 8 workers of 8 for evacuation
[2021-11-13T00:15:46.881-0800][gc,phases   ] GC(378)   Pre Evacuate Collection Set: 0.6ms
[2021-11-13T00:15:46.881-0800][gc,phases   ] GC(378)   Merge Heap Roots: 0.3ms
[2021-11-13T00:15:46.881-0800][gc,phases   ] GC(378)   Evacuate Collection Set: 12.0ms
[2021-11-13T00:15:46.881-0800][gc,phases   ] GC(378)   Post Evacuate Collection Set: 1.2ms
[2021-11-13T00:15:46.881-0800][gc,phases   ] GC(378)   Other: 1.8ms
[2021-11-13T00:15:46.881-0800][gc,heap     ] GC(378) Eden regions: 570->0(570)
[2021-11-13T00:15:46.881-0800][gc,heap     ] GC(378) Survivor regions: 5->5(72)
[2021-11-13T00:15:46.881-0800][gc,heap     ] GC(378) Old regions: 206->206
[2021-11-13T00:15:46.881-0800][gc,heap     ] GC(378) Archive regions: 2->2
[2021-11-13T00:15:46.881-0800][gc,heap     ] GC(378) Humongous regions: 129->129
[2021-11-13T00:15:46.881-0800][gc,metaspace] GC(378) Metaspace: 41090K(41920K)->41090K(41920K) NonClass: 36306K(36800K)->36306K(36800K) Class: 4784K(5120K)->4784K(5120K)
[2021-11-13T00:15:46.881-0800][gc          ] GC(378) Pause Young (Normal) (G1 Evacuation Pause) 909M->339M(1024M) 16.068ms
[2021-11-13T00:15:46.881-0800][gc,cpu      ] GC(378) User=0.04s Sys=0.01s Real=0.02s
[2021-11-13T00:19:34.660-0800][gc,start    ] GC(379) Pause Young (Normal) (G1 Evacuation Pause)
[2021-11-13T00:19:34.662-0800][gc,task     ] GC(379) Using 8 workers of 8 for evacuation
[2021-11-13T00:19:34.674-0800][gc,phases   ] GC(379)   Pre Evacuate Collection Set: 0.4ms
[2021-11-13T00:19:34.674-0800][gc,phases   ] GC(379)   Merge Heap Roots: 0.2ms
[2021-11-13T00:19:34.674-0800][gc,phases   ] GC(379)   Evacuate Collection Set: 10.5ms
[2021-11-13T00:19:34.674-0800][gc,phases   ] GC(379)   Post Evacuate Collection Set: 1.0ms
[2021-11-13T00:19:34.674-0800][gc,phases   ] GC(379)   Other: 1.7ms
[2021-11-13T00:19:34.674-0800][gc,heap     ] GC(379) Eden regions: 570->0(570)
[2021-11-13T00:19:34.675-0800][gc,heap     ] GC(379) Survivor regions: 5->5(72)
[2021-11-13T00:19:34.675-0800][gc,heap     ] GC(379) Old regions: 206->206
[2021-11-13T00:19:34.675-0800][gc,heap     ] GC(379) Archive regions: 2->2
[2021-11-13T00:19:34.675-0800][gc,heap     ] GC(379) Humongous regions: 129->129
[2021-11-13T00:19:34.675-0800][gc,metaspace] GC(379) Metaspace: 41090K(41920K)->41090K(41920K) NonClass: 36306K(36800K)->36306K(36800K) Class: 4784K(5120K)->4784K(5120K)
[2021-11-13T00:19:34.675-0800][gc          ] GC(379) Pause Young (Normal) (G1 Evacuation Pause) 909M->339M(1024M) 14.179ms
[2021-11-13T00:19:34.675-0800][gc,cpu      ] GC(379) User=0.04s Sys=0.01s Real=0.01s
[2021-11-13T00:23:22.848-0800][gc,start    ] GC(380) Pause Young (Normal) (G1 Evacuation Pause)
[2021-11-13T00:23:22.855-0800][gc,task     ] GC(380) Using 8 workers of 8 for evacuation
[2021-11-13T00:23:22.871-0800][gc,phases   ] GC(380)   Pre Evacuate Collection Set: 0.4ms
[2021-11-13T00:23:22.871-0800][gc,phases   ] GC(380)   Merge Heap Roots: 0.2ms
[2021-11-13T00:23:22.871-0800][gc,phases   ] GC(380)   Evacuate Collection Set: 14.1ms
[2021-11-13T00:23:22.871-0800][gc,phases   ] GC(380)   Post Evacuate Collection Set: 0.9ms
[2021-11-13T00:23:22.871-0800][gc,phases   ] GC(380)   Other: 7.0ms
[2021-11-13T00:23:22.871-0800][gc,heap     ] GC(380) Eden regions: 570->0(570)
[2021-11-13T00:23:22.871-0800][gc,heap     ] GC(380) Survivor regions: 5->5(72)
[2021-11-13T00:23:22.871-0800][gc,heap     ] GC(380) Old regions: 206->206
[2021-11-13T00:23:22.871-0800][gc,heap     ] GC(380) Archive regions: 2->2
[2021-11-13T00:23:22.871-0800][gc,heap     ] GC(380) Humongous regions: 129->129
[2021-11-13T00:23:22.871-0800][gc,metaspace] GC(380) Metaspace: 41090K(41920K)->41090K(41920K) NonClass: 36306K(36800K)->36306K(36800K) Class: 4784K(5120K)->4784K(5120K)
[2021-11-13T00:23:22.872-0800][gc          ] GC(380) Pause Young (Normal) (G1 Evacuation Pause) 909M->339M(1024M) 23.124ms
[2021-11-13T00:23:22.872-0800][gc,cpu      ] GC(380) User=0.05s Sys=0.01s Real=0.03s
[2021-11-13T00:27:07.422-0800][gc,start    ] GC(381) Pause Young (Normal) (G1 Evacuation Pause)
[2021-11-13T00:27:07.422-0800][gc,task     ] GC(381) Using 8 workers of 8 for evacuation
[2021-11-13T00:27:07.444-0800][gc,mmu      ] GC(381) MMU target violated: 21.0ms (20.0ms/21.0ms)
[2021-11-13T00:27:07.444-0800][gc,phases   ] GC(381)   Pre Evacuate Collection Set: 0.6ms
[2021-11-13T00:27:07.444-0800][gc,phases   ] GC(381)   Merge Heap Roots: 0.3ms
[2021-11-13T00:27:07.444-0800][gc,phases   ] GC(381)   Evacuate Collection Set: 19.0ms
[2021-11-13T00:27:07.444-0800][gc,phases   ] GC(381)   Post Evacuate Collection Set: 1.7ms
[2021-11-13T00:27:07.444-0800][gc,phases   ] GC(381)   Other: 1.0ms
[2021-11-13T00:27:07.444-0800][gc,heap     ] GC(381) Eden regions: 570->0(573)
[2021-11-13T00:27:07.444-0800][gc,heap     ] GC(381) Survivor regions: 5->3(72)
[2021-11-13T00:27:07.444-0800][gc,heap     ] GC(381) Old regions: 206->206
[2021-11-13T00:27:07.444-0800][gc,heap     ] GC(381) Archive regions: 2->2
[2021-11-13T00:27:07.444-0800][gc,heap     ] GC(381) Humongous regions: 129->129
[2021-11-13T00:27:07.444-0800][gc,metaspace] GC(381) Metaspace: 41090K(41920K)->41090K(41920K) NonClass: 36306K(36800K)->36306K(36800K) Class: 4784K(5120K)->4784K(5120K)
[2021-11-13T00:27:07.445-0800][gc          ] GC(381) Pause Young (Normal) (G1 Evacuation Pause) 909M->338M(1024M) 22.728ms
[2021-11-13T00:27:07.445-0800][gc,cpu      ] GC(381) User=0.03s Sys=0.02s Real=0.02s
[2021-11-13T00:31:00.005-0800][gc,start    ] GC(382) Pause Young (Normal) (G1 Evacuation Pause)
[2021-11-13T00:31:00.006-0800][gc,task     ] GC(382) Using 8 workers of 8 for evacuation
[2021-11-13T00:31:00.040-0800][gc,mmu      ] GC(382) MMU target violated: 21.0ms (20.0ms/21.0ms)
[2021-11-13T00:31:00.040-0800][gc,phases   ] GC(382)   Pre Evacuate Collection Set: 0.7ms
[2021-11-13T00:31:00.040-0800][gc,phases   ] GC(382)   Merge Heap Roots: 0.3ms
[2021-11-13T00:31:00.040-0800][gc,phases   ] GC(382)   Evacuate Collection Set: 29.6ms
[2021-11-13T00:31:00.040-0800][gc,phases   ] GC(382)   Post Evacuate Collection Set: 2.7ms
[2021-11-13T00:31:00.040-0800][gc,phases   ] GC(382)   Other: 1.5ms
[2021-11-13T00:31:00.040-0800][gc,heap     ] GC(382) Eden regions: 573->0(569)
[2021-11-13T00:31:00.040-0800][gc,heap     ] GC(382) Survivor regions: 3->6(72)
[2021-11-13T00:31:00.040-0800][gc,heap     ] GC(382) Old regions: 206->206
[2021-11-13T00:31:00.040-0800][gc,heap     ] GC(382) Archive regions: 2->2
[2021-11-13T00:31:00.040-0800][gc,heap     ] GC(382) Humongous regions: 129->129
[2021-11-13T00:31:00.040-0800][gc,metaspace] GC(382) Metaspace: 41090K(41920K)->41090K(41920K) NonClass: 36306K(36800K)->36306K(36800K) Class: 4784K(5120K)->4784K(5120K)
[2021-11-13T00:31:00.040-0800][gc          ] GC(382) Pause Young (Normal) (G1 Evacuation Pause) 911M->341M(1024M) 35.003ms
[2021-11-13T00:31:00.040-0800][gc,cpu      ] GC(382) User=0.04s Sys=0.04s Real=0.04s
[2021-11-13T00:34:44.363-0800][gc,start    ] GC(383) Pause Young (Normal) (G1 Evacuation Pause)
[2021-11-13T00:34:44.364-0800][gc,task     ] GC(383) Using 8 workers of 8 for evacuation
[2021-11-13T00:34:44.381-0800][gc,phases   ] GC(383)   Pre Evacuate Collection Set: 0.3ms
[2021-11-13T00:34:44.381-0800][gc,phases   ] GC(383)   Merge Heap Roots: 0.2ms
[2021-11-13T00:34:44.381-0800][gc,phases   ] GC(383)   Evacuate Collection Set: 14.7ms
[2021-11-13T00:34:44.381-0800][gc,phases   ] GC(383)   Post Evacuate Collection Set: 1.3ms
[2021-11-13T00:34:44.381-0800][gc,phases   ] GC(383)   Other: 1.7ms
[2021-11-13T00:34:44.381-0800][gc,heap     ] GC(383) Eden regions: 569->0(569)
[2021-11-13T00:34:44.381-0800][gc,heap     ] GC(383) Survivor regions: 6->6(72)
[2021-11-13T00:34:44.381-0800][gc,heap     ] GC(383) Old regions: 206->206
[2021-11-13T00:34:44.381-0800][gc,heap     ] GC(383) Archive regions: 2->2
[2021-11-13T00:34:44.381-0800][gc,heap     ] GC(383) Humongous regions: 129->129
[2021-11-13T00:34:44.381-0800][gc,metaspace] GC(383) Metaspace: 41090K(41920K)->41090K(41920K) NonClass: 36306K(36800K)->36306K(36800K) Class: 4784K(5120K)->4784K(5120K)
[2021-11-13T00:34:44.381-0800][gc          ] GC(383) Pause Young (Normal) (G1 Evacuation Pause) 910M->341M(1024M) 18.375ms
[2021-11-13T00:34:44.381-0800][gc,cpu      ] GC(383) User=0.05s Sys=0.01s Real=0.02s
[2021-11-13T00:38:29.752-0800][gc,start    ] GC(384) Pause Young (Normal) (G1 Evacuation Pause)
[2021-11-13T00:38:29.753-0800][gc,task     ] GC(384) Using 8 workers of 8 for evacuation
[2021-11-13T00:38:29.770-0800][gc,phases   ] GC(384)   Pre Evacuate Collection Set: 0.6ms
[2021-11-13T00:38:29.770-0800][gc,phases   ] GC(384)   Merge Heap Roots: 0.4ms
[2021-11-13T00:38:29.770-0800][gc,phases   ] GC(384)   Evacuate Collection Set: 14.1ms
[2021-11-13T00:38:29.770-0800][gc,phases   ] GC(384)   Post Evacuate Collection Set: 0.9ms
[2021-11-13T00:38:29.770-0800][gc,phases   ] GC(384)   Other: 1.8ms
[2021-11-13T00:38:29.770-0800][gc,heap     ] GC(384) Eden regions: 569->0(568)
[2021-11-13T00:38:29.770-0800][gc,heap     ] GC(384) Survivor regions: 6->7(72)
[2021-11-13T00:38:29.770-0800][gc,heap     ] GC(384) Old regions: 206->206
[2021-11-13T00:38:29.770-0800][gc,heap     ] GC(384) Archive regions: 2->2
[2021-11-13T00:38:29.770-0800][gc,heap     ] GC(384) Humongous regions: 129->129
[2021-11-13T00:38:29.770-0800][gc,metaspace] GC(384) Metaspace: 41090K(41920K)->41090K(41920K) NonClass: 36306K(36800K)->36306K(36800K) Class: 4784K(5120K)->4784K(5120K)
[2021-11-13T00:38:29.770-0800][gc          ] GC(384) Pause Young (Normal) (G1 Evacuation Pause) 910M->341M(1024M) 17.853ms
[2021-11-13T00:38:29.770-0800][gc,cpu      ] GC(384) User=0.05s Sys=0.01s Real=0.02s
[2021-11-13T00:42:17.970-0800][gc,start    ] GC(385) Pause Young (Normal) (G1 Evacuation Pause)
[2021-11-13T00:42:17.971-0800][gc,task     ] GC(385) Using 8 workers of 8 for evacuation
[2021-11-13T00:42:17.988-0800][gc,phases   ] GC(385)   Pre Evacuate Collection Set: 0.4ms
[2021-11-13T00:42:17.988-0800][gc,phases   ] GC(385)   Merge Heap Roots: 0.2ms
[2021-11-13T00:42:17.988-0800][gc,phases   ] GC(385)   Evacuate Collection Set: 14.9ms
[2021-11-13T00:42:17.988-0800][gc,phases   ] GC(385)   Post Evacuate Collection Set: 0.7ms
[2021-11-13T00:42:17.988-0800][gc,phases   ] GC(385)   Other: 1.6ms
[2021-11-13T00:42:17.988-0800][gc,heap     ] GC(385) Eden regions: 568->0(569)
[2021-11-13T00:42:17.988-0800][gc,heap     ] GC(385) Survivor regions: 7->6(72)
[2021-11-13T00:42:17.988-0800][gc,heap     ] GC(385) Old regions: 206->206
[2021-11-13T00:42:17.988-0800][gc,heap     ] GC(385) Archive regions: 2->2
[2021-11-13T00:42:17.988-0800][gc,heap     ] GC(385) Humongous regions: 129->129
[2021-11-13T00:42:17.988-0800][gc,metaspace] GC(385) Metaspace: 41090K(41920K)->41090K(41920K) NonClass: 36306K(36800K)->36306K(36800K) Class: 4784K(5120K)->4784K(5120K)
[2021-11-13T00:42:17.988-0800][gc          ] GC(385) Pause Young (Normal) (G1 Evacuation Pause) 909M->341M(1024M) 17.812ms
[2021-11-13T00:42:17.988-0800][gc,cpu      ] GC(385) User=0.05s Sys=0.01s Real=0.01s
[2021-11-13T00:46:05.883-0800][gc,start    ] GC(386) Pause Young (Normal) (G1 Evacuation Pause)
[2021-11-13T00:46:05.884-0800][gc,task     ] GC(386) Using 8 workers of 8 for evacuation
[2021-11-13T00:46:05.897-0800][gc,phases   ] GC(386)   Pre Evacuate Collection Set: 0.3ms
[2021-11-13T00:46:05.897-0800][gc,phases   ] GC(386)   Merge Heap Roots: 0.2ms
[2021-11-13T00:46:05.897-0800][gc,phases   ] GC(386)   Evacuate Collection Set: 11.5ms
[2021-11-13T00:46:05.897-0800][gc,phases   ] GC(386)   Post Evacuate Collection Set: 0.6ms
[2021-11-13T00:46:05.897-0800][gc,phases   ] GC(386)   Other: 0.9ms
[2021-11-13T00:46:05.897-0800][gc,heap     ] GC(386) Eden regions: 569->0(568)
[2021-11-13T00:46:05.897-0800][gc,heap     ] GC(386) Survivor regions: 6->6(72)
[2021-11-13T00:46:05.897-0800][gc,heap     ] GC(386) Old regions: 206->207
[2021-11-13T00:46:05.897-0800][gc,heap     ] GC(386) Archive regions: 2->2
[2021-11-13T00:46:05.897-0800][gc,heap     ] GC(386) Humongous regions: 129->129
[2021-11-13T00:46:05.897-0800][gc,metaspace] GC(386) Metaspace: 41090K(41920K)->41090K(41920K) NonClass: 36306K(36800K)->36306K(36800K) Class: 4784K(5120K)->4784K(5120K)
[2021-11-13T00:46:05.897-0800][gc          ] GC(386) Pause Young (Normal) (G1 Evacuation Pause) 910M->341M(1024M) 13.503ms
[2021-11-13T00:46:05.897-0800][gc,cpu      ] GC(386) User=0.03s Sys=0.01s Real=0.01s
[2021-11-13T00:49:50.955-0800][gc,start    ] GC(387) Pause Young (Normal) (G1 Evacuation Pause)
[2021-11-13T00:49:50.973-0800][gc,task     ] GC(387) Using 8 workers of 8 for evacuation
[2021-11-13T00:49:50.992-0800][gc,phases   ] GC(387)   Pre Evacuate Collection Set: 0.6ms
[2021-11-13T00:49:50.992-0800][gc,phases   ] GC(387)   Merge Heap Roots: 0.3ms
[2021-11-13T00:49:50.992-0800][gc,phases   ] GC(387)   Evacuate Collection Set: 15.9ms
[2021-11-13T00:49:50.992-0800][gc,phases   ] GC(387)   Post Evacuate Collection Set: 1.5ms
[2021-11-13T00:49:50.992-0800][gc,phases   ] GC(387)   Other: 18.3ms
[2021-11-13T00:49:50.992-0800][gc,heap     ] GC(387) Eden regions: 568->0(567)
[2021-11-13T00:49:50.992-0800][gc,heap     ] GC(387) Survivor regions: 6->6(72)
[2021-11-13T00:49:50.992-0800][gc,heap     ] GC(387) Old regions: 207->207
[2021-11-13T00:49:50.992-0800][gc,heap     ] GC(387) Archive regions: 2->2
[2021-11-13T00:49:50.992-0800][gc,heap     ] GC(387) Humongous regions: 129->129
[2021-11-13T00:49:50.992-0800][gc,metaspace] GC(387) Metaspace: 41090K(41920K)->41090K(41920K) NonClass: 36306K(36800K)->36306K(36800K) Class: 4784K(5120K)->4784K(5120K)
[2021-11-13T00:49:50.992-0800][gc          ] GC(387) Pause Young (Normal) (G1 Evacuation Pause) 909M->341M(1024M) 37.103ms
[2021-11-13T00:49:50.992-0800][gc,cpu      ] GC(387) User=0.06s Sys=0.01s Real=0.04s
[2021-11-13T00:53:33.687-0800][gc,start    ] GC(388) Pause Young (Normal) (G1 Evacuation Pause)
[2021-11-13T00:53:33.688-0800][gc,task     ] GC(388) Using 8 workers of 8 for evacuation
[2021-11-13T00:53:33.723-0800][gc,phases   ] GC(388)   Pre Evacuate Collection Set: 0.5ms
[2021-11-13T00:53:33.723-0800][gc,phases   ] GC(388)   Merge Heap Roots: 0.3ms
[2021-11-13T00:53:33.723-0800][gc,phases   ] GC(388)   Evacuate Collection Set: 16.8ms
[2021-11-13T00:53:33.723-0800][gc,phases   ] GC(388)   Post Evacuate Collection Set: 1.0ms
[2021-11-13T00:53:33.723-0800][gc,phases   ] GC(388)   Other: 17.5ms
[2021-11-13T00:53:33.723-0800][gc,heap     ] GC(388) Eden regions: 567->0(568)
[2021-11-13T00:53:33.723-0800][gc,heap     ] GC(388) Survivor regions: 6->6(72)
[2021-11-13T00:53:33.723-0800][gc,heap     ] GC(388) Old regions: 207->207
[2021-11-13T00:53:33.723-0800][gc,heap     ] GC(388) Archive regions: 2->2
[2021-11-13T00:53:33.723-0800][gc,heap     ] GC(388) Humongous regions: 129->129
[2021-11-13T00:53:33.723-0800][gc,metaspace] GC(388) Metaspace: 41090K(41920K)->41090K(41920K) NonClass: 36306K(36800K)->36306K(36800K) Class: 4784K(5120K)->4784K(5120K)
[2021-11-13T00:53:33.723-0800][gc          ] GC(388) Pause Young (Normal) (G1 Evacuation Pause) 908M->341M(1024M) 36.353ms
[2021-11-13T00:53:33.723-0800][gc,cpu      ] GC(388) User=0.05s Sys=0.02s Real=0.04s
[2021-11-13T00:57:19.084-0800][gc,start    ] GC(389) Pause Young (Normal) (G1 Evacuation Pause)
[2021-11-13T00:57:19.085-0800][gc,task     ] GC(389) Using 8 workers of 8 for evacuation
[2021-11-13T00:57:19.101-0800][gc,phases   ] GC(389)   Pre Evacuate Collection Set: 0.5ms
[2021-11-13T00:57:19.101-0800][gc,phases   ] GC(389)   Merge Heap Roots: 0.3ms
[2021-11-13T00:57:19.101-0800][gc,phases   ] GC(389)   Evacuate Collection Set: 13.5ms
[2021-11-13T00:57:19.101-0800][gc,phases   ] GC(389)   Post Evacuate Collection Set: 1.5ms
[2021-11-13T00:57:19.101-0800][gc,phases   ] GC(389)   Other: 1.4ms
[2021-11-13T00:57:19.101-0800][gc,heap     ] GC(389) Eden regions: 568->0(569)
[2021-11-13T00:57:19.101-0800][gc,heap     ] GC(389) Survivor regions: 6->5(72)
[2021-11-13T00:57:19.101-0800][gc,heap     ] GC(389) Old regions: 207->207
[2021-11-13T00:57:19.101-0800][gc,heap     ] GC(389) Archive regions: 2->2
[2021-11-13T00:57:19.101-0800][gc,heap     ] GC(389) Humongous regions: 129->129
[2021-11-13T00:57:19.101-0800][gc,metaspace] GC(389) Metaspace: 41090K(41920K)->41090K(41920K) NonClass: 36306K(36800K)->36306K(36800K) Class: 4784K(5120K)->4784K(5120K)
[2021-11-13T00:57:19.101-0800][gc          ] GC(389) Pause Young (Normal) (G1 Evacuation Pause) 909M->341M(1024M) 17.402ms
[2021-11-13T00:57:19.101-0800][gc,cpu      ] GC(389) User=0.04s Sys=0.01s Real=0.02s
[2021-11-13T01:01:10.078-0800][gc,start    ] GC(390) Pause Young (Normal) (G1 Evacuation Pause)
[2021-11-13T01:01:10.079-0800][gc,task     ] GC(390) Using 8 workers of 8 for evacuation
[2021-11-13T01:01:10.098-0800][gc,phases   ] GC(390)   Pre Evacuate Collection Set: 0.6ms
[2021-11-13T01:01:10.098-0800][gc,phases   ] GC(390)   Merge Heap Roots: 0.3ms
[2021-11-13T01:01:10.098-0800][gc,phases   ] GC(390)   Evacuate Collection Set: 16.2ms
[2021-11-13T01:01:10.098-0800][gc,phases   ] GC(390)   Post Evacuate Collection Set: 1.2ms
[2021-11-13T01:01:10.098-0800][gc,phases   ] GC(390)   Other: 2.0ms
[2021-11-13T01:01:10.098-0800][gc,heap     ] GC(390) Eden regions: 569->0(570)
[2021-11-13T01:01:10.098-0800][gc,heap     ] GC(390) Survivor regions: 5->5(72)
[2021-11-13T01:01:10.098-0800][gc,heap     ] GC(390) Old regions: 207->207
[2021-11-13T01:01:10.098-0800][gc,heap     ] GC(390) Archive regions: 2->2
[2021-11-13T01:01:10.098-0800][gc,heap     ] GC(390) Humongous regions: 129->129
[2021-11-13T01:01:10.098-0800][gc,metaspace] GC(390) Metaspace: 41090K(41920K)->41090K(41920K) NonClass: 36306K(36800K)->36306K(36800K) Class: 4784K(5120K)->4784K(5120K)
[2021-11-13T01:01:10.098-0800][gc          ] GC(390) Pause Young (Normal) (G1 Evacuation Pause) 910M->341M(1024M) 20.618ms
[2021-11-13T01:01:10.099-0800][gc,cpu      ] GC(390) User=0.05s Sys=0.01s Real=0.02s
[2021-11-13T01:05:07.426-0800][gc,start    ] GC(391) Pause Young (Normal) (G1 Evacuation Pause)
[2021-11-13T01:05:07.427-0800][gc,task     ] GC(391) Using 8 workers of 8 for evacuation
[2021-11-13T01:05:07.440-0800][gc,phases   ] GC(391)   Pre Evacuate Collection Set: 0.3ms
[2021-11-13T01:05:07.440-0800][gc,phases   ] GC(391)   Merge Heap Roots: 0.2ms
[2021-11-13T01:05:07.440-0800][gc,phases   ] GC(391)   Evacuate Collection Set: 11.6ms
[2021-11-13T01:05:07.440-0800][gc,phases   ] GC(391)   Post Evacuate Collection Set: 0.8ms
[2021-11-13T01:05:07.440-0800][gc,phases   ] GC(391)   Other: 1.6ms
[2021-11-13T01:05:07.440-0800][gc,heap     ] GC(391) Eden regions: 570->0(570)
[2021-11-13T01:05:07.440-0800][gc,heap     ] GC(391) Survivor regions: 5->5(72)
[2021-11-13T01:05:07.440-0800][gc,heap     ] GC(391) Old regions: 207->207
[2021-11-13T01:05:07.440-0800][gc,heap     ] GC(391) Archive regions: 2->2
[2021-11-13T01:05:07.440-0800][gc,heap     ] GC(391) Humongous regions: 129->129
[2021-11-13T01:05:07.440-0800][gc,metaspace] GC(391) Metaspace: 41090K(41920K)->41090K(41920K) NonClass: 36306K(36800K)->36306K(36800K) Class: 4784K(5120K)->4784K(5120K)
[2021-11-13T01:05:07.440-0800][gc          ] GC(391) Pause Young (Normal) (G1 Evacuation Pause) 911M->341M(1024M) 14.678ms
[2021-11-13T01:05:07.440-0800][gc,cpu      ] GC(391) User=0.05s Sys=0.01s Real=0.02s
[2021-11-13T01:09:08.059-0800][gc,start    ] GC(392) Pause Young (Normal) (G1 Evacuation Pause)
[2021-11-13T01:09:08.060-0800][gc,task     ] GC(392) Using 8 workers of 8 for evacuation
[2021-11-13T01:09:08.074-0800][gc,phases   ] GC(392)   Pre Evacuate Collection Set: 0.5ms
[2021-11-13T01:09:08.074-0800][gc,phases   ] GC(392)   Merge Heap Roots: 0.3ms
[2021-11-13T01:09:08.075-0800][gc,phases   ] GC(392)   Evacuate Collection Set: 12.1ms
[2021-11-13T01:09:08.075-0800][gc,phases   ] GC(392)   Post Evacuate Collection Set: 0.8ms
[2021-11-13T01:09:08.075-0800][gc,phases   ] GC(392)   Other: 1.8ms
[2021-11-13T01:09:08.075-0800][gc,heap     ] GC(392) Eden regions: 570->0(571)
[2021-11-13T01:09:08.075-0800][gc,heap     ] GC(392) Survivor regions: 5->5(72)
[2021-11-13T01:09:08.075-0800][gc,heap     ] GC(392) Old regions: 207->207
[2021-11-13T01:09:08.075-0800][gc,heap     ] GC(392) Archive regions: 2->2
[2021-11-13T01:09:08.075-0800][gc,heap     ] GC(392) Humongous regions: 129->129
[2021-11-13T01:09:08.075-0800][gc,metaspace] GC(392) Metaspace: 41090K(41920K)->41090K(41920K) NonClass: 36306K(36800K)->36306K(36800K) Class: 4784K(5120K)->4784K(5120K)
[2021-11-13T01:09:08.075-0800][gc          ] GC(392) Pause Young (Normal) (G1 Evacuation Pause) 911M->341M(1024M) 15.826ms
[2021-11-13T01:09:08.075-0800][gc,cpu      ] GC(392) User=0.04s Sys=0.01s Real=0.02s
[2021-11-13T01:13:04.402-0800][gc,start    ] GC(393) Pause Young (Normal) (G1 Evacuation Pause)
[2021-11-13T01:13:04.418-0800][gc,task     ] GC(393) Using 8 workers of 8 for evacuation
[2021-11-13T01:13:04.440-0800][gc,mmu      ] GC(393) MMU target violated: 21.0ms (20.0ms/21.0ms)
[2021-11-13T01:13:04.440-0800][gc,phases   ] GC(393)   Pre Evacuate Collection Set: 0.9ms
[2021-11-13T01:13:04.440-0800][gc,phases   ] GC(393)   Merge Heap Roots: 0.4ms
[2021-11-13T01:13:04.440-0800][gc,phases   ] GC(393)   Evacuate Collection Set: 18.9ms
[2021-11-13T01:13:04.440-0800][gc,phases   ] GC(393)   Post Evacuate Collection Set: 1.6ms
[2021-11-13T01:13:04.440-0800][gc,phases   ] GC(393)   Other: 16.9ms
[2021-11-13T01:13:04.440-0800][gc,heap     ] GC(393) Eden regions: 571->0(571)
[2021-11-13T01:13:04.440-0800][gc,heap     ] GC(393) Survivor regions: 5->5(72)
[2021-11-13T01:13:04.440-0800][gc,heap     ] GC(393) Old regions: 207->207
[2021-11-13T01:13:04.440-0800][gc,heap     ] GC(393) Archive regions: 2->2
[2021-11-13T01:13:04.440-0800][gc,heap     ] GC(393) Humongous regions: 129->129
[2021-11-13T01:13:04.440-0800][gc,metaspace] GC(393) Metaspace: 41090K(41920K)->41090K(41920K) NonClass: 36306K(36800K)->36306K(36800K) Class: 4784K(5120K)->4784K(5120K)
[2021-11-13T01:13:04.440-0800][gc          ] GC(393) Pause Young (Normal) (G1 Evacuation Pause) 912M->341M(1024M) 38.663ms
[2021-11-13T01:13:04.440-0800][gc,cpu      ] GC(393) User=0.05s Sys=0.03s Real=0.04s
[2021-11-13T01:17:00.910-0800][gc,start    ] GC(394) Pause Young (Normal) (G1 Evacuation Pause)
[2021-11-13T01:17:00.910-0800][gc,task     ] GC(394) Using 8 workers of 8 for evacuation
[2021-11-13T01:17:00.933-0800][gc,mmu      ] GC(394) MMU target violated: 21.0ms (20.0ms/21.0ms)
[2021-11-13T01:17:00.934-0800][gc,phases   ] GC(394)   Pre Evacuate Collection Set: 0.8ms
[2021-11-13T01:17:00.934-0800][gc,phases   ] GC(394)   Merge Heap Roots: 0.3ms
[2021-11-13T01:17:00.934-0800][gc,phases   ] GC(394)   Evacuate Collection Set: 19.1ms
[2021-11-13T01:17:00.934-0800][gc,phases   ] GC(394)   Post Evacuate Collection Set: 2.4ms
[2021-11-13T01:17:00.934-0800][gc,phases   ] GC(394)   Other: 1.4ms
[2021-11-13T01:17:00.934-0800][gc,heap     ] GC(394) Eden regions: 571->0(570)
[2021-11-13T01:17:00.934-0800][gc,heap     ] GC(394) Survivor regions: 5->6(72)
[2021-11-13T01:17:00.934-0800][gc,heap     ] GC(394) Old regions: 207->207
[2021-11-13T01:17:00.934-0800][gc,heap     ] GC(394) Archive regions: 2->2
[2021-11-13T01:17:00.934-0800][gc,heap     ] GC(394) Humongous regions: 129->129
[2021-11-13T01:17:00.934-0800][gc,metaspace] GC(394) Metaspace: 41090K(41920K)->41090K(41920K) NonClass: 36306K(36800K)->36306K(36800K) Class: 4784K(5120K)->4784K(5120K)
[2021-11-13T01:17:00.934-0800][gc          ] GC(394) Pause Young (Normal) (G1 Evacuation Pause) 912M->341M(1024M) 24.235ms
[2021-11-13T01:17:00.934-0800][gc,cpu      ] GC(394) User=0.03s Sys=0.04s Real=0.02s
[2021-11-13T01:20:57.178-0800][gc,start    ] GC(395) Pause Young (Normal) (G1 Evacuation Pause)
[2021-11-13T01:20:57.178-0800][gc,task     ] GC(395) Using 8 workers of 8 for evacuation
[2021-11-13T01:20:57.195-0800][gc,phases   ] GC(395)   Pre Evacuate Collection Set: 0.5ms
[2021-11-13T01:20:57.195-0800][gc,phases   ] GC(395)   Merge Heap Roots: 0.3ms
[2021-11-13T01:20:57.196-0800][gc,phases   ] GC(395)   Evacuate Collection Set: 14.6ms
[2021-11-13T01:20:57.196-0800][gc,phases   ] GC(395)   Post Evacuate Collection Set: 1.5ms
[2021-11-13T01:20:57.196-0800][gc,phases   ] GC(395)   Other: 0.6ms
[2021-11-13T01:20:57.196-0800][gc,heap     ] GC(395) Eden regions: 570->0(570)
[2021-11-13T01:20:57.196-0800][gc,heap     ] GC(395) Survivor regions: 6->6(72)
[2021-11-13T01:20:57.196-0800][gc,heap     ] GC(395) Old regions: 207->207
[2021-11-13T01:20:57.196-0800][gc,heap     ] GC(395) Archive regions: 2->2
[2021-11-13T01:20:57.196-0800][gc,heap     ] GC(395) Humongous regions: 129->129
[2021-11-13T01:20:57.196-0800][gc,metaspace] GC(395) Metaspace: 41090K(41920K)->41090K(41920K) NonClass: 36306K(36800K)->36306K(36800K) Class: 4784K(5120K)->4784K(5120K)
[2021-11-13T01:20:57.196-0800][gc          ] GC(395) Pause Young (Normal) (G1 Evacuation Pause) 911M->341M(1024M) 17.680ms
[2021-11-13T01:20:57.196-0800][gc,cpu      ] GC(395) User=0.04s Sys=0.01s Real=0.02s
[2021-11-13T01:24:53.382-0800][gc,start    ] GC(396) Pause Young (Normal) (G1 Evacuation Pause)
[2021-11-13T01:24:53.383-0800][gc,task     ] GC(396) Using 8 workers of 8 for evacuation
[2021-11-13T01:24:53.402-0800][gc,phases   ] GC(396)   Pre Evacuate Collection Set: 0.4ms
[2021-11-13T01:24:53.402-0800][gc,phases   ] GC(396)   Merge Heap Roots: 0.3ms
[2021-11-13T01:24:53.402-0800][gc,phases   ] GC(396)   Evacuate Collection Set: 16.2ms
[2021-11-13T01:24:53.402-0800][gc,phases   ] GC(396)   Post Evacuate Collection Set: 1.5ms
[2021-11-13T01:24:53.402-0800][gc,phases   ] GC(396)   Other: 1.8ms
[2021-11-13T01:24:53.402-0800][gc,heap     ] GC(396) Eden regions: 570->0(570)
[2021-11-13T01:24:53.402-0800][gc,heap     ] GC(396) Survivor regions: 6->6(72)
[2021-11-13T01:24:53.402-0800][gc,heap     ] GC(396) Old regions: 207->207
[2021-11-13T01:24:53.402-0800][gc,heap     ] GC(396) Archive regions: 2->2
[2021-11-13T01:24:53.402-0800][gc,heap     ] GC(396) Humongous regions: 129->129
[2021-11-13T01:24:53.402-0800][gc,metaspace] GC(396) Metaspace: 41090K(41920K)->41090K(41920K) NonClass: 36306K(36800K)->36306K(36800K) Class: 4784K(5120K)->4784K(5120K)
[2021-11-13T01:24:53.402-0800][gc          ] GC(396) Pause Young (Normal) (G1 Evacuation Pause) 911M->341M(1024M) 20.327ms
[2021-11-13T01:24:53.402-0800][gc,cpu      ] GC(396) User=0.05s Sys=0.00s Real=0.02s
[2021-11-13T01:28:49.609-0800][gc,start    ] GC(397) Pause Young (Normal) (G1 Evacuation Pause)
[2021-11-13T01:28:49.610-0800][gc,task     ] GC(397) Using 8 workers of 8 for evacuation
[2021-11-13T01:28:49.628-0800][gc,phases   ] GC(397)   Pre Evacuate Collection Set: 0.9ms
[2021-11-13T01:28:49.628-0800][gc,phases   ] GC(397)   Merge Heap Roots: 0.2ms
[2021-11-13T01:28:49.628-0800][gc,phases   ] GC(397)   Evacuate Collection Set: 14.8ms
[2021-11-13T01:28:49.628-0800][gc,phases   ] GC(397)   Post Evacuate Collection Set: 1.0ms
[2021-11-13T01:28:49.628-0800][gc,phases   ] GC(397)   Other: 1.6ms
[2021-11-13T01:28:49.628-0800][gc,heap     ] GC(397) Eden regions: 570->0(571)
[2021-11-13T01:28:49.628-0800][gc,heap     ] GC(397) Survivor regions: 6->4(72)
[2021-11-13T01:28:49.628-0800][gc,heap     ] GC(397) Old regions: 207->208
[2021-11-13T01:28:49.628-0800][gc,heap     ] GC(397) Archive regions: 2->2
[2021-11-13T01:28:49.628-0800][gc,heap     ] GC(397) Humongous regions: 129->129
[2021-11-13T01:28:49.628-0800][gc,metaspace] GC(397) Metaspace: 41090K(41920K)->41090K(41920K) NonClass: 36306K(36800K)->36306K(36800K) Class: 4784K(5120K)->4784K(5120K)
[2021-11-13T01:28:49.628-0800][gc          ] GC(397) Pause Young (Normal) (G1 Evacuation Pause) 911M->341M(1024M) 18.772ms
[2021-11-13T01:28:49.628-0800][gc,cpu      ] GC(397) User=0.05s Sys=0.02s Real=0.02s
[2021-11-13T01:32:46.150-0800][gc,start    ] GC(398) Pause Young (Normal) (G1 Evacuation Pause)
[2021-11-13T01:32:46.151-0800][gc,task     ] GC(398) Using 8 workers of 8 for evacuation
[2021-11-13T01:32:46.170-0800][gc,phases   ] GC(398)   Pre Evacuate Collection Set: 0.8ms
[2021-11-13T01:32:46.170-0800][gc,phases   ] GC(398)   Merge Heap Roots: 0.3ms
[2021-11-13T01:32:46.170-0800][gc,phases   ] GC(398)   Evacuate Collection Set: 15.8ms
[2021-11-13T01:32:46.170-0800][gc,phases   ] GC(398)   Post Evacuate Collection Set: 2.2ms
[2021-11-13T01:32:46.170-0800][gc,phases   ] GC(398)   Other: 1.7ms
[2021-11-13T01:32:46.170-0800][gc,heap     ] GC(398) Eden regions: 571->0(570)
[2021-11-13T01:32:46.170-0800][gc,heap     ] GC(398) Survivor regions: 4->4(72)
[2021-11-13T01:32:46.171-0800][gc,heap     ] GC(398) Old regions: 208->208
[2021-11-13T01:32:46.171-0800][gc,heap     ] GC(398) Archive regions: 2->2
[2021-11-13T01:32:46.171-0800][gc,heap     ] GC(398) Humongous regions: 129->129
[2021-11-13T01:32:46.171-0800][gc,metaspace] GC(398) Metaspace: 41090K(41920K)->41090K(41920K) NonClass: 36306K(36800K)->36306K(36800K) Class: 4784K(5120K)->4784K(5120K)
[2021-11-13T01:32:46.171-0800][gc          ] GC(398) Pause Young (Normal) (G1 Evacuation Pause) 912M->341M(1024M) 21.073ms
[2021-11-13T01:32:46.171-0800][gc,cpu      ] GC(398) User=0.02s Sys=0.03s Real=0.02s
[2021-11-13T01:36:42.516-0800][gc,start    ] GC(399) Pause Young (Normal) (G1 Evacuation Pause)
[2021-11-13T01:36:42.517-0800][gc,task     ] GC(399) Using 8 workers of 8 for evacuation
[2021-11-13T01:36:42.531-0800][gc,phases   ] GC(399)   Pre Evacuate Collection Set: 0.5ms
[2021-11-13T01:36:42.531-0800][gc,phases   ] GC(399)   Merge Heap Roots: 0.2ms
[2021-11-13T01:36:42.532-0800][gc,phases   ] GC(399)   Evacuate Collection Set: 11.7ms
[2021-11-13T01:36:42.532-0800][gc,phases   ] GC(399)   Post Evacuate Collection Set: 1.3ms
[2021-11-13T01:36:42.532-0800][gc,phases   ] GC(399)   Other: 1.4ms
[2021-11-13T01:36:42.532-0800][gc,heap     ] GC(399) Eden regions: 570->0(569)
[2021-11-13T01:36:42.532-0800][gc,heap     ] GC(399) Survivor regions: 4->4(72)
[2021-11-13T01:36:42.532-0800][gc,heap     ] GC(399) Old regions: 208->209
[2021-11-13T01:36:42.532-0800][gc,heap     ] GC(399) Archive regions: 2->2
[2021-11-13T01:36:42.532-0800][gc,heap     ] GC(399) Humongous regions: 129->129
[2021-11-13T01:36:42.532-0800][gc,metaspace] GC(399) Metaspace: 41090K(41920K)->41090K(41920K) NonClass: 36306K(36800K)->36306K(36800K) Class: 4784K(5120K)->4784K(5120K)
[2021-11-13T01:36:42.532-0800][gc          ] GC(399) Pause Young (Normal) (G1 Evacuation Pause) 911M->341M(1024M) 15.479ms
[2021-11-13T01:36:42.532-0800][gc,cpu      ] GC(399) User=0.03s Sys=0.01s Real=0.02s
[2021-11-13T01:40:38.536-0800][gc,start    ] GC(400) Pause Young (Normal) (G1 Evacuation Pause)
[2021-11-13T01:40:38.537-0800][gc,task     ] GC(400) Using 8 workers of 8 for evacuation
[2021-11-13T01:40:38.553-0800][gc,phases   ] GC(400)   Pre Evacuate Collection Set: 0.4ms
[2021-11-13T01:40:38.553-0800][gc,phases   ] GC(400)   Merge Heap Roots: 0.2ms
[2021-11-13T01:40:38.553-0800][gc,phases   ] GC(400)   Evacuate Collection Set: 14.1ms
[2021-11-13T01:40:38.553-0800][gc,phases   ] GC(400)   Post Evacuate Collection Set: 1.0ms
[2021-11-13T01:40:38.553-0800][gc,phases   ] GC(400)   Other: 1.0ms
[2021-11-13T01:40:38.553-0800][gc,heap     ] GC(400) Eden regions: 569->0(569)
[2021-11-13T01:40:38.553-0800][gc,heap     ] GC(400) Survivor regions: 4->4(72)
[2021-11-13T01:40:38.553-0800][gc,heap     ] GC(400) Old regions: 209->209
[2021-11-13T01:40:38.553-0800][gc,heap     ] GC(400) Archive regions: 2->2
[2021-11-13T01:40:38.553-0800][gc,heap     ] GC(400) Humongous regions: 129->129
[2021-11-13T01:40:38.553-0800][gc,metaspace] GC(400) Metaspace: 41090K(41920K)->41090K(41920K) NonClass: 36306K(36800K)->36306K(36800K) Class: 4784K(5120K)->4784K(5120K)
[2021-11-13T01:40:38.553-0800][gc          ] GC(400) Pause Young (Normal) (G1 Evacuation Pause) 910M->341M(1024M) 17.154ms
[2021-11-13T01:40:38.553-0800][gc,cpu      ] GC(400) User=0.04s Sys=0.01s Real=0.02s
[2021-11-13T01:44:26.156-0800][gc,start    ] GC(401) Pause Young (Normal) (G1 Evacuation Pause)
[2021-11-13T01:44:26.158-0800][gc,task     ] GC(401) Using 8 workers of 8 for evacuation
[2021-11-13T01:44:26.187-0800][gc,mmu      ] GC(401) MMU target violated: 21.0ms (20.0ms/21.0ms)
[2021-11-13T01:44:26.187-0800][gc,phases   ] GC(401)   Pre Evacuate Collection Set: 1.0ms
[2021-11-13T01:44:26.187-0800][gc,phases   ] GC(401)   Merge Heap Roots: 0.3ms
[2021-11-13T01:44:26.187-0800][gc,phases   ] GC(401)   Evacuate Collection Set: 23.1ms
[2021-11-13T01:44:26.187-0800][gc,phases   ] GC(401)   Post Evacuate Collection Set: 4.2ms
[2021-11-13T01:44:26.187-0800][gc,phases   ] GC(401)   Other: 2.0ms
[2021-11-13T01:44:26.187-0800][gc,heap     ] GC(401) Eden regions: 569->0(567)
[2021-11-13T01:44:26.187-0800][gc,heap     ] GC(401) Survivor regions: 4->5(72)
[2021-11-13T01:44:26.187-0800][gc,heap     ] GC(401) Old regions: 209->209
[2021-11-13T01:44:26.187-0800][gc,heap     ] GC(401) Archive regions: 2->2
[2021-11-13T01:44:26.187-0800][gc,heap     ] GC(401) Humongous regions: 129->129
[2021-11-13T01:44:26.187-0800][gc,metaspace] GC(401) Metaspace: 41090K(41920K)->41090K(41920K) NonClass: 36306K(36800K)->36306K(36800K) Class: 4784K(5120K)->4784K(5120K)
[2021-11-13T01:44:26.187-0800][gc          ] GC(401) Pause Young (Normal) (G1 Evacuation Pause) 910M->342M(1024M) 30.757ms
[2021-11-13T01:44:26.187-0800][gc,cpu      ] GC(401) User=0.04s Sys=0.04s Real=0.03s
[2021-11-13T01:48:08.501-0800][gc,start    ] GC(402) Pause Young (Normal) (G1 Evacuation Pause)
[2021-11-13T01:48:08.502-0800][gc,task     ] GC(402) Using 8 workers of 8 for evacuation
[2021-11-13T01:48:08.518-0800][gc,phases   ] GC(402)   Pre Evacuate Collection Set: 0.5ms
[2021-11-13T01:48:08.518-0800][gc,phases   ] GC(402)   Merge Heap Roots: 0.2ms
[2021-11-13T01:48:08.518-0800][gc,phases   ] GC(402)   Evacuate Collection Set: 13.0ms
[2021-11-13T01:48:08.518-0800][gc,phases   ] GC(402)   Post Evacuate Collection Set: 1.2ms
[2021-11-13T01:48:08.518-0800][gc,phases   ] GC(402)   Other: 1.8ms
[2021-11-13T01:48:08.518-0800][gc,heap     ] GC(402) Eden regions: 567->0(565)
[2021-11-13T01:48:08.518-0800][gc,heap     ] GC(402) Survivor regions: 5->6(72)
[2021-11-13T01:48:08.518-0800][gc,heap     ] GC(402) Old regions: 209->209
[2021-11-13T01:48:08.518-0800][gc,heap     ] GC(402) Archive regions: 2->2
[2021-11-13T01:48:08.518-0800][gc,heap     ] GC(402) Humongous regions: 129->129
[2021-11-13T01:48:08.518-0800][gc,metaspace] GC(402) Metaspace: 41090K(41920K)->41090K(41920K) NonClass: 36306K(36800K)->36306K(36800K) Class: 4784K(5120K)->4784K(5120K)
[2021-11-13T01:48:08.518-0800][gc          ] GC(402) Pause Young (Normal) (G1 Evacuation Pause) 909M->343M(1024M) 16.945ms
[2021-11-13T01:48:08.518-0800][gc,cpu      ] GC(402) User=0.03s Sys=0.01s Real=0.01s
[2021-11-13T01:51:50.911-0800][gc,start    ] GC(403) Pause Young (Normal) (G1 Evacuation Pause)
[2021-11-13T01:51:50.912-0800][gc,task     ] GC(403) Using 8 workers of 8 for evacuation
[2021-11-13T01:51:50.931-0800][gc,phases   ] GC(403)   Pre Evacuate Collection Set: 0.6ms
[2021-11-13T01:51:50.932-0800][gc,phases   ] GC(403)   Merge Heap Roots: 0.3ms
[2021-11-13T01:51:50.932-0800][gc,phases   ] GC(403)   Evacuate Collection Set: 17.7ms
[2021-11-13T01:51:50.932-0800][gc,phases   ] GC(403)   Post Evacuate Collection Set: 0.7ms
[2021-11-13T01:51:50.932-0800][gc,phases   ] GC(403)   Other: 1.7ms
[2021-11-13T01:51:50.932-0800][gc,heap     ] GC(403) Eden regions: 565->0(565)
[2021-11-13T01:51:50.932-0800][gc,heap     ] GC(403) Survivor regions: 6->6(72)
[2021-11-13T01:51:50.932-0800][gc,heap     ] GC(403) Old regions: 209->209
[2021-11-13T01:51:50.932-0800][gc,heap     ] GC(403) Archive regions: 2->2
[2021-11-13T01:51:50.932-0800][gc,heap     ] GC(403) Humongous regions: 129->129
[2021-11-13T01:51:50.932-0800][gc,metaspace] GC(403) Metaspace: 41090K(41920K)->41090K(41920K) NonClass: 36306K(36800K)->36306K(36800K) Class: 4784K(5120K)->4784K(5120K)
[2021-11-13T01:51:50.932-0800][gc          ] GC(403) Pause Young (Normal) (G1 Evacuation Pause) 908M->343M(1024M) 21.209ms
[2021-11-13T01:51:50.932-0800][gc,cpu      ] GC(403) User=0.05s Sys=0.01s Real=0.02s
[2021-11-13T01:55:33.622-0800][gc,start    ] GC(404) Pause Young (Normal) (G1 Evacuation Pause)
[2021-11-13T01:55:33.623-0800][gc,task     ] GC(404) Using 8 workers of 8 for evacuation
[2021-11-13T01:55:33.646-0800][gc,mmu      ] GC(404) MMU target violated: 21.0ms (20.0ms/21.0ms)
[2021-11-13T01:55:33.646-0800][gc,phases   ] GC(404)   Pre Evacuate Collection Set: 0.7ms
[2021-11-13T01:55:33.646-0800][gc,phases   ] GC(404)   Merge Heap Roots: 0.3ms
[2021-11-13T01:55:33.646-0800][gc,phases   ] GC(404)   Evacuate Collection Set: 18.1ms
[2021-11-13T01:55:33.646-0800][gc,phases   ] GC(404)   Post Evacuate Collection Set: 3.2ms
[2021-11-13T01:55:33.646-0800][gc,phases   ] GC(404)   Other: 1.2ms
[2021-11-13T01:55:33.646-0800][gc,heap     ] GC(404) Eden regions: 565->0(567)
[2021-11-13T01:55:33.646-0800][gc,heap     ] GC(404) Survivor regions: 6->5(72)
[2021-11-13T01:55:33.646-0800][gc,heap     ] GC(404) Old regions: 209->209
[2021-11-13T01:55:33.646-0800][gc,heap     ] GC(404) Archive regions: 2->2
[2021-11-13T01:55:33.646-0800][gc,heap     ] GC(404) Humongous regions: 129->129
[2021-11-13T01:55:33.646-0800][gc,metaspace] GC(404) Metaspace: 41090K(41920K)->41090K(41920K) NonClass: 36306K(36800K)->36306K(36800K) Class: 4784K(5120K)->4784K(5120K)
[2021-11-13T01:55:33.646-0800][gc          ] GC(404) Pause Young (Normal) (G1 Evacuation Pause) 908M->343M(1024M) 23.752ms
[2021-11-13T01:55:33.646-0800][gc,cpu      ] GC(404) User=0.04s Sys=0.03s Real=0.02s
[2021-11-13T01:59:16.716-0800][gc,start    ] GC(405) Pause Young (Normal) (G1 Evacuation Pause)
[2021-11-13T01:59:16.717-0800][gc,task     ] GC(405) Using 8 workers of 8 for evacuation
[2021-11-13T01:59:16.741-0800][gc,mmu      ] GC(405) MMU target violated: 21.0ms (20.0ms/21.0ms)
[2021-11-13T01:59:16.741-0800][gc,phases   ] GC(405)   Pre Evacuate Collection Set: 0.6ms
[2021-11-13T01:59:16.741-0800][gc,phases   ] GC(405)   Merge Heap Roots: 0.2ms
[2021-11-13T01:59:16.741-0800][gc,phases   ] GC(405)   Evacuate Collection Set: 18.7ms
[2021-11-13T01:59:16.741-0800][gc,phases   ] GC(405)   Post Evacuate Collection Set: 4.2ms
[2021-11-13T01:59:16.741-0800][gc,phases   ] GC(405)   Other: 1.6ms
[2021-11-13T01:59:16.741-0800][gc,heap     ] GC(405) Eden regions: 567->0(568)
[2021-11-13T01:59:16.741-0800][gc,heap     ] GC(405) Survivor regions: 5->5(72)
[2021-11-13T01:59:16.741-0800][gc,heap     ] GC(405) Old regions: 209->209
[2021-11-13T01:59:16.741-0800][gc,heap     ] GC(405) Archive regions: 2->2
[2021-11-13T01:59:16.741-0800][gc,heap     ] GC(405) Humongous regions: 129->129
[2021-11-13T01:59:16.741-0800][gc,metaspace] GC(405) Metaspace: 41149K(41920K)->41149K(41920K) NonClass: 36365K(36800K)->36365K(36800K) Class: 4784K(5120K)->4784K(5120K)
[2021-11-13T01:59:16.741-0800][gc          ] GC(405) Pause Young (Normal) (G1 Evacuation Pause) 910M->343M(1024M) 25.463ms
[2021-11-13T01:59:16.741-0800][gc,cpu      ] GC(405) User=0.04s Sys=0.04s Real=0.03s
[2021-11-13T02:03:04.104-0800][gc,start    ] GC(406) Pause Young (Normal) (G1 Evacuation Pause)
[2021-11-13T02:03:04.105-0800][gc,task     ] GC(406) Using 8 workers of 8 for evacuation
[2021-11-13T02:03:04.127-0800][gc,mmu      ] GC(406) MMU target violated: 21.0ms (20.0ms/21.0ms)
[2021-11-13T02:03:04.127-0800][gc,phases   ] GC(406)   Pre Evacuate Collection Set: 0.8ms
[2021-11-13T02:03:04.127-0800][gc,phases   ] GC(406)   Merge Heap Roots: 0.3ms
[2021-11-13T02:03:04.127-0800][gc,phases   ] GC(406)   Evacuate Collection Set: 18.5ms
[2021-11-13T02:03:04.127-0800][gc,phases   ] GC(406)   Post Evacuate Collection Set: 2.2ms
[2021-11-13T02:03:04.127-0800][gc,phases   ] GC(406)   Other: 1.3ms
[2021-11-13T02:03:04.127-0800][gc,heap     ] GC(406) Eden regions: 568->0(566)
[2021-11-13T02:03:04.127-0800][gc,heap     ] GC(406) Survivor regions: 5->6(72)
[2021-11-13T02:03:04.127-0800][gc,heap     ] GC(406) Old regions: 209->209
[2021-11-13T02:03:04.127-0800][gc,heap     ] GC(406) Archive regions: 2->2
[2021-11-13T02:03:04.127-0800][gc,heap     ] GC(406) Humongous regions: 129->129
[2021-11-13T02:03:04.127-0800][gc,metaspace] GC(406) Metaspace: 41149K(41920K)->41149K(41920K) NonClass: 36365K(36800K)->36365K(36800K) Class: 4784K(5120K)->4784K(5120K)
[2021-11-13T02:03:04.127-0800][gc          ] GC(406) Pause Young (Normal) (G1 Evacuation Pause) 911M->344M(1024M) 23.274ms
[2021-11-13T02:03:04.127-0800][gc,cpu      ] GC(406) User=0.04s Sys=0.03s Real=0.02s
[2021-11-13T02:06:47.449-0800][gc,start    ] GC(407) Pause Young (Normal) (G1 Evacuation Pause)
[2021-11-13T02:06:47.450-0800][gc,task     ] GC(407) Using 8 workers of 8 for evacuation
[2021-11-13T02:06:47.476-0800][gc,mmu      ] GC(407) MMU target violated: 21.0ms (20.0ms/21.0ms)
[2021-11-13T02:06:47.476-0800][gc,phases   ] GC(407)   Pre Evacuate Collection Set: 0.8ms
[2021-11-13T02:06:47.476-0800][gc,phases   ] GC(407)   Merge Heap Roots: 0.3ms
[2021-11-13T02:06:47.476-0800][gc,phases   ] GC(407)   Evacuate Collection Set: 21.9ms
[2021-11-13T02:06:47.476-0800][gc,phases   ] GC(407)   Post Evacuate Collection Set: 2.3ms
[2021-11-13T02:06:47.476-0800][gc,phases   ] GC(407)   Other: 1.9ms
[2021-11-13T02:06:47.476-0800][gc,heap     ] GC(407) Eden regions: 566->0(566)
[2021-11-13T02:06:47.476-0800][gc,heap     ] GC(407) Survivor regions: 6->6(72)
[2021-11-13T02:06:47.476-0800][gc,heap     ] GC(407) Old regions: 209->209
[2021-11-13T02:06:47.476-0800][gc,heap     ] GC(407) Archive regions: 2->2
[2021-11-13T02:06:47.476-0800][gc,heap     ] GC(407) Humongous regions: 129->129
[2021-11-13T02:06:47.476-0800][gc,metaspace] GC(407) Metaspace: 41149K(41920K)->41149K(41920K) NonClass: 36365K(36800K)->36365K(36800K) Class: 4784K(5120K)->4784K(5120K)
[2021-11-13T02:06:47.476-0800][gc          ] GC(407) Pause Young (Normal) (G1 Evacuation Pause) 910M->344M(1024M) 27.376ms
[2021-11-13T02:06:47.476-0800][gc,cpu      ] GC(407) User=0.04s Sys=0.04s Real=0.03s
[2021-11-13T02:10:30.093-0800][gc,start    ] GC(408) Pause Young (Normal) (G1 Evacuation Pause)
[2021-11-13T02:10:30.094-0800][gc,task     ] GC(408) Using 8 workers of 8 for evacuation
[2021-11-13T02:10:30.136-0800][gc,mmu      ] GC(408) MMU target violated: 21.0ms (20.0ms/21.0ms)
[2021-11-13T02:10:30.136-0800][gc,phases   ] GC(408)   Pre Evacuate Collection Set: 1.1ms
[2021-11-13T02:10:30.136-0800][gc,phases   ] GC(408)   Merge Heap Roots: 0.5ms
[2021-11-13T02:10:30.136-0800][gc,phases   ] GC(408)   Evacuate Collection Set: 31.6ms
[2021-11-13T02:10:30.136-0800][gc,phases   ] GC(408)   Post Evacuate Collection Set: 7.7ms
[2021-11-13T02:10:30.136-0800][gc,phases   ] GC(408)   Other: 2.2ms
[2021-11-13T02:10:30.136-0800][gc,heap     ] GC(408) Eden regions: 566->0(289)
[2021-11-13T02:10:30.136-0800][gc,heap     ] GC(408) Survivor regions: 6->5(72)
[2021-11-13T02:10:30.136-0800][gc,heap     ] GC(408) Old regions: 209->209
[2021-11-13T02:10:30.136-0800][gc,heap     ] GC(408) Archive regions: 2->2
[2021-11-13T02:10:30.136-0800][gc,heap     ] GC(408) Humongous regions: 129->129
[2021-11-13T02:10:30.136-0800][gc,metaspace] GC(408) Metaspace: 41149K(41920K)->41149K(41920K) NonClass: 36365K(36800K)->36365K(36800K) Class: 4784K(5120K)->4784K(5120K)
[2021-11-13T02:10:30.136-0800][gc          ] GC(408) Pause Young (Normal) (G1 Evacuation Pause) 910M->343M(1024M) 43.192ms
[2021-11-13T02:10:30.136-0800][gc,cpu      ] GC(408) User=0.03s Sys=0.03s Real=0.04s
[2021-11-13T02:12:23.614-0800][gc,start    ] GC(409) Pause Young (Normal) (G1 Evacuation Pause)
[2021-11-13T02:12:23.614-0800][gc,task     ] GC(409) Using 8 workers of 8 for evacuation
[2021-11-13T02:12:23.638-0800][gc,mmu      ] GC(409) MMU target violated: 21.0ms (20.0ms/21.0ms)
[2021-11-13T02:12:23.638-0800][gc,phases   ] GC(409)   Pre Evacuate Collection Set: 1.2ms
[2021-11-13T02:12:23.638-0800][gc,phases   ] GC(409)   Merge Heap Roots: 0.4ms
[2021-11-13T02:12:23.638-0800][gc,phases   ] GC(409)   Evacuate Collection Set: 17.1ms
[2021-11-13T02:12:23.638-0800][gc,phases   ] GC(409)   Post Evacuate Collection Set: 4.5ms
[2021-11-13T02:12:23.638-0800][gc,phases   ] GC(409)   Other: 1.3ms
[2021-11-13T02:12:23.638-0800][gc,heap     ] GC(409) Eden regions: 289->0(309)
[2021-11-13T02:12:23.638-0800][gc,heap     ] GC(409) Survivor regions: 5->5(37)
[2021-11-13T02:12:23.638-0800][gc,heap     ] GC(409) Old regions: 209->209
[2021-11-13T02:12:23.638-0800][gc,heap     ] GC(409) Archive regions: 2->2
[2021-11-13T02:12:23.638-0800][gc,heap     ] GC(409) Humongous regions: 129->129
[2021-11-13T02:12:23.638-0800][gc,metaspace] GC(409) Metaspace: 41149K(41920K)->41149K(41920K) NonClass: 36365K(36800K)->36365K(36800K) Class: 4784K(5120K)->4784K(5120K)
[2021-11-13T02:12:23.638-0800][gc          ] GC(409) Pause Young (Normal) (G1 Evacuation Pause) 632M->343M(1024M) 24.618ms
[2021-11-13T02:12:23.638-0800][gc,cpu      ] GC(409) User=0.03s Sys=0.03s Real=0.02s
[2021-11-13T02:14:25.099-0800][gc,start    ] GC(410) Pause Young (Normal) (G1 Evacuation Pause)
[2021-11-13T02:14:25.099-0800][gc,task     ] GC(410) Using 8 workers of 8 for evacuation
[2021-11-13T02:14:25.116-0800][gc,phases   ] GC(410)   Pre Evacuate Collection Set: 0.4ms
[2021-11-13T02:14:25.116-0800][gc,phases   ] GC(410)   Merge Heap Roots: 0.2ms
[2021-11-13T02:14:25.116-0800][gc,phases   ] GC(410)   Evacuate Collection Set: 15.5ms
[2021-11-13T02:14:25.116-0800][gc,phases   ] GC(410)   Post Evacuate Collection Set: 0.7ms
[2021-11-13T02:14:25.116-0800][gc,phases   ] GC(410)   Other: 0.9ms
[2021-11-13T02:14:25.116-0800][gc,heap     ] GC(410) Eden regions: 309->0(316)
[2021-11-13T02:14:25.116-0800][gc,heap     ] GC(410) Survivor regions: 5->6(40)
[2021-11-13T02:14:25.116-0800][gc,heap     ] GC(410) Old regions: 209->209
[2021-11-13T02:14:25.117-0800][gc,heap     ] GC(410) Archive regions: 2->2
[2021-11-13T02:14:25.117-0800][gc,heap     ] GC(410) Humongous regions: 129->129
[2021-11-13T02:14:25.117-0800][gc,metaspace] GC(410) Metaspace: 41149K(41920K)->41149K(41920K) NonClass: 36365K(36800K)->36365K(36800K) Class: 4784K(5120K)->4784K(5120K)
[2021-11-13T02:14:25.117-0800][gc          ] GC(410) Pause Young (Normal) (G1 Evacuation Pause) 652M->343M(1024M) 18.050ms
[2021-11-13T02:14:25.117-0800][gc,cpu      ] GC(410) User=0.04s Sys=0.02s Real=0.02s
[2021-11-13T02:16:27.939-0800][gc,start    ] GC(411) Pause Young (Normal) (G1 Evacuation Pause)
[2021-11-13T02:16:27.939-0800][gc,task     ] GC(411) Using 8 workers of 8 for evacuation
[2021-11-13T02:16:27.964-0800][gc,mmu      ] GC(411) MMU target violated: 21.0ms (20.0ms/21.0ms)
[2021-11-13T02:16:27.964-0800][gc,phases   ] GC(411)   Pre Evacuate Collection Set: 1.5ms
[2021-11-13T02:16:27.964-0800][gc,phases   ] GC(411)   Merge Heap Roots: 0.6ms
[2021-11-13T02:16:27.964-0800][gc,phases   ] GC(411)   Evacuate Collection Set: 20.2ms
[2021-11-13T02:16:27.964-0800][gc,phases   ] GC(411)   Post Evacuate Collection Set: 2.1ms
[2021-11-13T02:16:27.964-0800][gc,phases   ] GC(411)   Other: 1.5ms
[2021-11-13T02:16:27.964-0800][gc,heap     ] GC(411) Eden regions: 313->0(568)
[2021-11-13T02:16:27.964-0800][gc,heap     ] GC(411) Survivor regions: 6->5(40)
[2021-11-13T02:16:27.965-0800][gc,heap     ] GC(411) Old regions: 209->209
[2021-11-13T02:16:27.965-0800][gc,heap     ] GC(411) Archive regions: 2->2
[2021-11-13T02:16:27.965-0800][gc,heap     ] GC(411) Humongous regions: 129->129
[2021-11-13T02:16:27.965-0800][gc,metaspace] GC(411) Metaspace: 41149K(41920K)->41149K(41920K) NonClass: 36365K(36800K)->36365K(36800K) Class: 4784K(5120K)->4784K(5120K)
[2021-11-13T02:16:27.965-0800][gc          ] GC(411) Pause Young (Normal) (G1 Evacuation Pause) 656M->343M(1024M) 26.028ms
[2021-11-13T02:16:27.965-0800][gc,cpu      ] GC(411) User=0.03s Sys=0.04s Real=0.03s
[2021-11-13T02:20:11.434-0800][gc,start    ] GC(412) Pause Young (Normal) (G1 Evacuation Pause)
[2021-11-13T02:20:11.450-0800][gc,task     ] GC(412) Using 8 workers of 8 for evacuation
[2021-11-13T02:20:11.500-0800][gc,mmu      ] GC(412) MMU target violated: 21.0ms (20.0ms/21.0ms)
[2021-11-13T02:20:11.501-0800][gc,phases   ] GC(412)   Pre Evacuate Collection Set: 1.2ms
[2021-11-13T02:20:11.501-0800][gc,phases   ] GC(412)   Merge Heap Roots: 0.4ms
[2021-11-13T02:20:11.501-0800][gc,phases   ] GC(412)   Evacuate Collection Set: 45.9ms
[2021-11-13T02:20:11.501-0800][gc,phases   ] GC(412)   Post Evacuate Collection Set: 2.2ms
[2021-11-13T02:20:11.501-0800][gc,phases   ] GC(412)   Other: 17.5ms
[2021-11-13T02:20:11.501-0800][gc,heap     ] GC(412) Eden regions: 568->0(323)
[2021-11-13T02:20:11.501-0800][gc,heap     ] GC(412) Survivor regions: 5->5(72)
[2021-11-13T02:20:11.501-0800][gc,heap     ] GC(412) Old regions: 209->209
[2021-11-13T02:20:11.501-0800][gc,heap     ] GC(412) Archive regions: 2->2
[2021-11-13T02:20:11.501-0800][gc,heap     ] GC(412) Humongous regions: 129->129
[2021-11-13T02:20:11.501-0800][gc,metaspace] GC(412) Metaspace: 41149K(41920K)->41149K(41920K) NonClass: 36365K(36800K)->36365K(36800K) Class: 4784K(5120K)->4784K(5120K)
[2021-11-13T02:20:11.501-0800][gc          ] GC(412) Pause Young (Normal) (G1 Evacuation Pause) 911M->343M(1024M) 67.592ms
[2021-11-13T02:20:11.501-0800][gc,cpu      ] GC(412) User=0.05s Sys=0.05s Real=0.07s
[2021-11-13T02:22:14.500-0800][gc,start    ] GC(413) Pause Young (Normal) (G1 Evacuation Pause)
[2021-11-13T02:22:14.501-0800][gc,task     ] GC(413) Using 8 workers of 8 for evacuation
[2021-11-13T02:22:14.534-0800][gc,mmu      ] GC(413) MMU target violated: 21.0ms (20.0ms/21.0ms)
[2021-11-13T02:22:14.534-0800][gc,phases   ] GC(413)   Pre Evacuate Collection Set: 0.6ms
[2021-11-13T02:22:14.534-0800][gc,phases   ] GC(413)   Merge Heap Roots: 0.2ms
[2021-11-13T02:22:14.534-0800][gc,phases   ] GC(413)   Evacuate Collection Set: 29.4ms
[2021-11-13T02:22:14.534-0800][gc,phases   ] GC(413)   Post Evacuate Collection Set: 1.9ms
[2021-11-13T02:22:14.534-0800][gc,phases   ] GC(413)   Other: 1.5ms
[2021-11-13T02:22:14.534-0800][gc,heap     ] GC(413) Eden regions: 313->0(81)
[2021-11-13T02:22:14.534-0800][gc,heap     ] GC(413) Survivor regions: 5->6(40)
[2021-11-13T02:22:14.534-0800][gc,heap     ] GC(413) Old regions: 209->209
[2021-11-13T02:22:14.534-0800][gc,heap     ] GC(413) Archive regions: 2->2
[2021-11-13T02:22:14.534-0800][gc,heap     ] GC(413) Humongous regions: 129->129
[2021-11-13T02:22:14.534-0800][gc,metaspace] GC(413) Metaspace: 41149K(41920K)->41149K(41920K) NonClass: 36365K(36800K)->36365K(36800K) Class: 4784K(5120K)->4784K(5120K)
[2021-11-13T02:22:14.534-0800][gc          ] GC(413) Pause Young (Normal) (G1 Evacuation Pause) 656M->344M(1024M) 33.770ms
[2021-11-13T02:22:14.534-0800][gc,cpu      ] GC(413) User=0.03s Sys=0.03s Real=0.03s
[2021-11-13T02:22:46.090-0800][gc,start    ] GC(414) Pause Young (Normal) (G1 Evacuation Pause)
[2021-11-13T02:22:46.092-0800][gc,task     ] GC(414) Using 8 workers of 8 for evacuation
[2021-11-13T02:22:46.109-0800][gc,phases   ] GC(414)   Pre Evacuate Collection Set: 0.6ms
[2021-11-13T02:22:46.109-0800][gc,phases   ] GC(414)   Merge Heap Roots: 0.3ms
[2021-11-13T02:22:46.109-0800][gc,phases   ] GC(414)   Evacuate Collection Set: 15.2ms
[2021-11-13T02:22:46.109-0800][gc,phases   ] GC(414)   Post Evacuate Collection Set: 0.7ms
[2021-11-13T02:22:46.109-0800][gc,phases   ] GC(414)   Other: 1.7ms
[2021-11-13T02:22:46.109-0800][gc,heap     ] GC(414) Eden regions: 81->0(369)
[2021-11-13T02:22:46.109-0800][gc,heap     ] GC(414) Survivor regions: 6->5(11)
[2021-11-13T02:22:46.109-0800][gc,heap     ] GC(414) Old regions: 209->209
[2021-11-13T02:22:46.109-0800][gc,heap     ] GC(414) Archive regions: 2->2
[2021-11-13T02:22:46.109-0800][gc,heap     ] GC(414) Humongous regions: 129->129
[2021-11-13T02:22:46.109-0800][gc,metaspace] GC(414) Metaspace: 41149K(41920K)->41149K(41920K) NonClass: 36365K(36800K)->36365K(36800K) Class: 4784K(5120K)->4784K(5120K)
[2021-11-13T02:22:46.109-0800][gc          ] GC(414) Pause Young (Normal) (G1 Evacuation Pause) 425M->343M(1024M) 18.990ms
[2021-11-13T02:22:46.109-0800][gc,cpu      ] GC(414) User=0.04s Sys=0.02s Real=0.01s
[2021-11-13T02:25:09.607-0800][gc,start    ] GC(415) Pause Young (Normal) (G1 Evacuation Pause)
[2021-11-13T02:25:09.607-0800][gc,task     ] GC(415) Using 8 workers of 8 for evacuation
[2021-11-13T02:25:09.625-0800][gc,phases   ] GC(415)   Pre Evacuate Collection Set: 0.6ms
[2021-11-13T02:25:09.625-0800][gc,phases   ] GC(415)   Merge Heap Roots: 0.2ms
[2021-11-13T02:25:09.625-0800][gc,phases   ] GC(415)   Evacuate Collection Set: 15.2ms
[2021-11-13T02:25:09.625-0800][gc,phases   ] GC(415)   Post Evacuate Collection Set: 1.0ms
[2021-11-13T02:25:09.625-0800][gc,phases   ] GC(415)   Other: 0.9ms
[2021-11-13T02:25:09.625-0800][gc,heap     ] GC(415) Eden regions: 365->0(551)
[2021-11-13T02:25:09.625-0800][gc,heap     ] GC(415) Survivor regions: 5->5(47)
[2021-11-13T02:25:09.625-0800][gc,heap     ] GC(415) Old regions: 209->209
[2021-11-13T02:25:09.625-0800][gc,heap     ] GC(415) Archive regions: 2->2
[2021-11-13T02:25:09.625-0800][gc,heap     ] GC(415) Humongous regions: 129->129
[2021-11-13T02:25:09.625-0800][gc,metaspace] GC(415) Metaspace: 41149K(41920K)->41149K(41920K) NonClass: 36365K(36800K)->36365K(36800K) Class: 4784K(5120K)->4784K(5120K)
[2021-11-13T02:25:09.625-0800][gc          ] GC(415) Pause Young (Normal) (G1 Evacuation Pause) 708M->343M(1024M) 18.238ms
[2021-11-13T02:25:09.625-0800][gc,cpu      ] GC(415) User=0.04s Sys=0.01s Real=0.02s
[2021-11-13T02:28:46.872-0800][gc,start    ] GC(416) Pause Young (Normal) (G1 Evacuation Pause)
[2021-11-13T02:28:46.872-0800][gc,task     ] GC(416) Using 8 workers of 8 for evacuation
[2021-11-13T02:28:46.887-0800][gc,phases   ] GC(416)   Pre Evacuate Collection Set: 0.2ms
[2021-11-13T02:28:46.887-0800][gc,phases   ] GC(416)   Merge Heap Roots: 0.2ms
[2021-11-13T02:28:46.887-0800][gc,phases   ] GC(416)   Evacuate Collection Set: 9.9ms
[2021-11-13T02:28:46.887-0800][gc,phases   ] GC(416)   Post Evacuate Collection Set: 3.6ms
[2021-11-13T02:28:46.887-0800][gc,phases   ] GC(416)   Other: 0.8ms
[2021-11-13T02:28:46.887-0800][gc,heap     ] GC(416) Eden regions: 551->0(567)
[2021-11-13T02:28:46.887-0800][gc,heap     ] GC(416) Survivor regions: 5->4(70)
[2021-11-13T02:28:46.887-0800][gc,heap     ] GC(416) Old regions: 209->211
[2021-11-13T02:28:46.887-0800][gc,heap     ] GC(416) Archive regions: 2->2
[2021-11-13T02:28:46.887-0800][gc,heap     ] GC(416) Humongous regions: 129->129
[2021-11-13T02:28:46.887-0800][gc,metaspace] GC(416) Metaspace: 41149K(41920K)->41149K(41920K) NonClass: 36365K(36800K)->36365K(36800K) Class: 4784K(5120K)->4784K(5120K)
[2021-11-13T02:28:46.887-0800][gc          ] GC(416) Pause Young (Normal) (G1 Evacuation Pause) 894M->343M(1024M) 14.936ms
[2021-11-13T02:28:46.887-0800][gc,cpu      ] GC(416) User=0.03s Sys=0.01s Real=0.01s
[2021-11-13T02:32:35.752-0800][gc,start    ] GC(417) Pause Young (Normal) (G1 Evacuation Pause)
[2021-11-13T02:32:35.754-0800][gc,task     ] GC(417) Using 8 workers of 8 for evacuation
[2021-11-13T02:32:35.779-0800][gc,mmu      ] GC(417) MMU target violated: 21.0ms (20.0ms/21.0ms)
[2021-11-13T02:32:35.779-0800][gc,phases   ] GC(417)   Pre Evacuate Collection Set: 0.8ms
[2021-11-13T02:32:35.779-0800][gc,phases   ] GC(417)   Merge Heap Roots: 0.8ms
[2021-11-13T02:32:35.779-0800][gc,phases   ] GC(417)   Evacuate Collection Set: 19.8ms
[2021-11-13T02:32:35.779-0800][gc,phases   ] GC(417)   Post Evacuate Collection Set: 3.8ms
[2021-11-13T02:32:35.779-0800][gc,phases   ] GC(417)   Other: 1.9ms
[2021-11-13T02:32:35.779-0800][gc,heap     ] GC(417) Eden regions: 567->0(567)
[2021-11-13T02:32:35.780-0800][gc,heap     ] GC(417) Survivor regions: 4->4(72)
[2021-11-13T02:32:35.780-0800][gc,heap     ] GC(417) Old regions: 211->211
[2021-11-13T02:32:35.780-0800][gc,heap     ] GC(417) Archive regions: 2->2
[2021-11-13T02:32:35.780-0800][gc,heap     ] GC(417) Humongous regions: 129->129
[2021-11-13T02:32:35.780-0800][gc,metaspace] GC(417) Metaspace: 41149K(41920K)->41149K(41920K) NonClass: 36365K(36800K)->36365K(36800K) Class: 4784K(5120K)->4784K(5120K)
[2021-11-13T02:32:35.780-0800][gc          ] GC(417) Pause Young (Normal) (G1 Evacuation Pause) 910M->343M(1024M) 27.305ms
[2021-11-13T02:32:35.780-0800][gc,cpu      ] GC(417) User=0.03s Sys=0.04s Real=0.03s
[2021-11-13T02:36:24.398-0800][gc,start    ] GC(418) Pause Young (Normal) (G1 Evacuation Pause)
[2021-11-13T02:36:24.399-0800][gc,task     ] GC(418) Using 8 workers of 8 for evacuation
[2021-11-13T02:36:24.418-0800][gc,phases   ] GC(418)   Pre Evacuate Collection Set: 0.8ms
[2021-11-13T02:36:24.418-0800][gc,phases   ] GC(418)   Merge Heap Roots: 0.3ms
[2021-11-13T02:36:24.418-0800][gc,phases   ] GC(418)   Evacuate Collection Set: 15.3ms
[2021-11-13T02:36:24.418-0800][gc,phases   ] GC(418)   Post Evacuate Collection Set: 1.9ms
[2021-11-13T02:36:24.419-0800][gc,phases   ] GC(418)   Other: 2.0ms
[2021-11-13T02:36:24.419-0800][gc,heap     ] GC(418) Eden regions: 567->0(567)
[2021-11-13T02:36:24.419-0800][gc,heap     ] GC(418) Survivor regions: 4->3(72)
[2021-11-13T02:36:24.419-0800][gc,heap     ] GC(418) Old regions: 211->212
[2021-11-13T02:36:24.419-0800][gc,heap     ] GC(418) Archive regions: 2->2
[2021-11-13T02:36:24.419-0800][gc,heap     ] GC(418) Humongous regions: 129->129
[2021-11-13T02:36:24.419-0800][gc,metaspace] GC(418) Metaspace: 41149K(41920K)->41149K(41920K) NonClass: 36365K(36800K)->36365K(36800K) Class: 4784K(5120K)->4784K(5120K)
[2021-11-13T02:36:24.419-0800][gc          ] GC(418) Pause Young (Normal) (G1 Evacuation Pause) 910M->343M(1024M) 20.761ms
[2021-11-13T02:36:24.419-0800][gc,cpu      ] GC(418) User=0.03s Sys=0.03s Real=0.02s
[2021-11-13T02:40:07.814-0800][gc,start    ] GC(419) Pause Young (Normal) (G1 Evacuation Pause)
[2021-11-13T02:40:07.815-0800][gc,task     ] GC(419) Using 8 workers of 8 for evacuation
[2021-11-13T02:40:07.833-0800][gc,phases   ] GC(419)   Pre Evacuate Collection Set: 0.8ms
[2021-11-13T02:40:07.834-0800][gc,phases   ] GC(419)   Merge Heap Roots: 0.3ms
[2021-11-13T02:40:07.834-0800][gc,phases   ] GC(419)   Evacuate Collection Set: 15.1ms
[2021-11-13T02:40:07.834-0800][gc,phases   ] GC(419)   Post Evacuate Collection Set: 2.0ms
[2021-11-13T02:40:07.834-0800][gc,phases   ] GC(419)   Other: 1.6ms
[2021-11-13T02:40:07.834-0800][gc,heap     ] GC(419) Eden regions: 567->0(568)
[2021-11-13T02:40:07.834-0800][gc,heap     ] GC(419) Survivor regions: 3->3(72)
[2021-11-13T02:40:07.834-0800][gc,heap     ] GC(419) Old regions: 212->212
[2021-11-13T02:40:07.834-0800][gc,heap     ] GC(419) Archive regions: 2->2
[2021-11-13T02:40:07.834-0800][gc,heap     ] GC(419) Humongous regions: 129->129
[2021-11-13T02:40:07.834-0800][gc,metaspace] GC(419) Metaspace: 41149K(41920K)->41149K(41920K) NonClass: 36365K(36800K)->36365K(36800K) Class: 4784K(5120K)->4784K(5120K)
[2021-11-13T02:40:07.834-0800][gc          ] GC(419) Pause Young (Normal) (G1 Evacuation Pause) 910M->343M(1024M) 20.106ms
[2021-11-13T02:40:07.834-0800][gc,cpu      ] GC(419) User=0.02s Sys=0.03s Real=0.02s
[2021-11-13T02:43:52.558-0800][gc,start    ] GC(420) Pause Young (Normal) (G1 Evacuation Pause)
[2021-11-13T02:43:52.559-0800][gc,task     ] GC(420) Using 8 workers of 8 for evacuation
[2021-11-13T02:43:52.580-0800][gc,mmu      ] GC(420) MMU target violated: 20.8ms (20.0ms/21.0ms)
[2021-11-13T02:43:52.580-0800][gc,phases   ] GC(420)   Pre Evacuate Collection Set: 0.7ms
[2021-11-13T02:43:52.580-0800][gc,phases   ] GC(420)   Merge Heap Roots: 0.3ms
[2021-11-13T02:43:52.580-0800][gc,phases   ] GC(420)   Evacuate Collection Set: 15.6ms
[2021-11-13T02:43:52.580-0800][gc,phases   ] GC(420)   Post Evacuate Collection Set: 4.4ms
[2021-11-13T02:43:52.580-0800][gc,phases   ] GC(420)   Other: 1.2ms
[2021-11-13T02:43:52.580-0800][gc,heap     ] GC(420) Eden regions: 568->0(567)
[2021-11-13T02:43:52.580-0800][gc,heap     ] GC(420) Survivor regions: 3->3(72)
[2021-11-13T02:43:52.580-0800][gc,heap     ] GC(420) Old regions: 212->212
[2021-11-13T02:43:52.580-0800][gc,heap     ] GC(420) Archive regions: 2->2
[2021-11-13T02:43:52.580-0800][gc,heap     ] GC(420) Humongous regions: 129->129
[2021-11-13T02:43:52.580-0800][gc,metaspace] GC(420) Metaspace: 41149K(41920K)->41149K(41920K) NonClass: 36365K(36800K)->36365K(36800K) Class: 4784K(5120K)->4784K(5120K)
[2021-11-13T02:43:52.580-0800][gc          ] GC(420) Pause Young (Normal) (G1 Evacuation Pause) 911M->343M(1024M) 22.382ms
[2021-11-13T02:43:52.580-0800][gc,cpu      ] GC(420) User=0.03s Sys=0.02s Real=0.03s
[2021-11-13T02:47:45.938-0800][gc,start    ] GC(421) Pause Young (Normal) (G1 Evacuation Pause)
[2021-11-13T02:47:45.939-0800][gc,task     ] GC(421) Using 8 workers of 8 for evacuation
[2021-11-13T02:47:45.955-0800][gc,phases   ] GC(421)   Pre Evacuate Collection Set: 1.1ms
[2021-11-13T02:47:45.955-0800][gc,phases   ] GC(421)   Merge Heap Roots: 0.3ms
[2021-11-13T02:47:45.955-0800][gc,phases   ] GC(421)   Evacuate Collection Set: 12.0ms
[2021-11-13T02:47:45.955-0800][gc,phases   ] GC(421)   Post Evacuate Collection Set: 2.0ms
[2021-11-13T02:47:45.955-0800][gc,phases   ] GC(421)   Other: 1.1ms
[2021-11-13T02:47:45.955-0800][gc,heap     ] GC(421) Eden regions: 567->0(566)
[2021-11-13T02:47:45.955-0800][gc,heap     ] GC(421) Survivor regions: 3->4(72)
[2021-11-13T02:47:45.955-0800][gc,heap     ] GC(421) Old regions: 212->212
[2021-11-13T02:47:45.955-0800][gc,heap     ] GC(421) Archive regions: 2->2
[2021-11-13T02:47:45.955-0800][gc,heap     ] GC(421) Humongous regions: 129->129
[2021-11-13T02:47:45.955-0800][gc,metaspace] GC(421) Metaspace: 41149K(41920K)->41149K(41920K) NonClass: 36365K(36800K)->36365K(36800K) Class: 4784K(5120K)->4784K(5120K)
[2021-11-13T02:47:45.955-0800][gc          ] GC(421) Pause Young (Normal) (G1 Evacuation Pause) 910M->344M(1024M) 16.872ms
[2021-11-13T02:47:45.955-0800][gc,cpu      ] GC(421) User=0.03s Sys=0.03s Real=0.02s
[2021-11-13T02:51:40.279-0800][gc,start    ] GC(422) Pause Young (Normal) (G1 Evacuation Pause)
[2021-11-13T02:51:40.281-0800][gc,task     ] GC(422) Using 8 workers of 8 for evacuation
[2021-11-13T02:51:40.296-0800][gc,phases   ] GC(422)   Pre Evacuate Collection Set: 0.4ms
[2021-11-13T02:51:40.296-0800][gc,phases   ] GC(422)   Merge Heap Roots: 0.2ms
[2021-11-13T02:51:40.296-0800][gc,phases   ] GC(422)   Evacuate Collection Set: 13.8ms
[2021-11-13T02:51:40.296-0800][gc,phases   ] GC(422)   Post Evacuate Collection Set: 0.8ms
[2021-11-13T02:51:40.296-0800][gc,phases   ] GC(422)   Other: 1.8ms
[2021-11-13T02:51:40.296-0800][gc,heap     ] GC(422) Eden regions: 566->0(565)
[2021-11-13T02:51:40.296-0800][gc,heap     ] GC(422) Survivor regions: 4->4(72)
[2021-11-13T02:51:40.296-0800][gc,heap     ] GC(422) Old regions: 212->212
[2021-11-13T02:51:40.296-0800][gc,heap     ] GC(422) Archive regions: 2->2
[2021-11-13T02:51:40.297-0800][gc,heap     ] GC(422) Humongous regions: 129->129
[2021-11-13T02:51:40.297-0800][gc,metaspace] GC(422) Metaspace: 41149K(41920K)->41149K(41920K) NonClass: 36365K(36800K)->36365K(36800K) Class: 4784K(5120K)->4784K(5120K)
[2021-11-13T02:51:40.297-0800][gc          ] GC(422) Pause Young (Normal) (G1 Evacuation Pause) 910M->344M(1024M) 17.315ms
[2021-11-13T02:51:40.297-0800][gc,cpu      ] GC(422) User=0.04s Sys=0.01s Real=0.02s
[2021-11-13T03:22:32.739-0800][gc,start    ] GC(423) Pause Young (Normal) (G1 Evacuation Pause)
[2021-11-13T03:22:32.741-0800][gc,task     ] GC(423) Using 8 workers of 8 for evacuation
[2021-11-13T03:22:32.767-0800][gc,mmu      ] GC(423) MMU target violated: 21.0ms (20.0ms/21.0ms)
[2021-11-13T03:22:32.767-0800][gc,phases   ] GC(423)   Pre Evacuate Collection Set: 1.0ms
[2021-11-13T03:22:32.767-0800][gc,phases   ] GC(423)   Merge Heap Roots: 0.4ms
[2021-11-13T03:22:32.767-0800][gc,phases   ] GC(423)   Evacuate Collection Set: 22.4ms
[2021-11-13T03:22:32.767-0800][gc,phases   ] GC(423)   Post Evacuate Collection Set: 2.3ms
[2021-11-13T03:22:32.767-0800][gc,phases   ] GC(423)   Other: 2.1ms
[2021-11-13T03:22:32.767-0800][gc,heap     ] GC(423) Eden regions: 565->0(564)
[2021-11-13T03:22:32.768-0800][gc,heap     ] GC(423) Survivor regions: 4->5(72)
[2021-11-13T03:22:32.768-0800][gc,heap     ] GC(423) Old regions: 212->212
[2021-11-13T03:22:32.768-0800][gc,heap     ] GC(423) Archive regions: 2->2
[2021-11-13T03:22:32.768-0800][gc,heap     ] GC(423) Humongous regions: 129->129
[2021-11-13T03:22:32.768-0800][gc,metaspace] GC(423) Metaspace: 41149K(41920K)->41149K(41920K) NonClass: 36365K(36800K)->36365K(36800K) Class: 4784K(5120K)->4784K(5120K)
[2021-11-13T03:22:32.768-0800][gc          ] GC(423) Pause Young (Normal) (G1 Evacuation Pause) 909M->345M(1024M) 28.220ms
[2021-11-13T03:22:32.768-0800][gc,cpu      ] GC(423) User=0.04s Sys=0.05s Real=0.03s
[2021-11-13T08:35:47.260-0800][gc,start    ] GC(424) Pause Young (Normal) (G1 Evacuation Pause)
[2021-11-13T08:35:47.261-0800][gc,task     ] GC(424) Using 8 workers of 8 for evacuation
[2021-11-13T08:35:47.303-0800][gc,mmu      ] GC(424) MMU target violated: 21.0ms (20.0ms/21.0ms)
[2021-11-13T08:35:47.303-0800][gc,phases   ] GC(424)   Pre Evacuate Collection Set: 0.5ms
[2021-11-13T08:35:47.303-0800][gc,phases   ] GC(424)   Merge Heap Roots: 0.5ms
[2021-11-13T08:35:47.303-0800][gc,phases   ] GC(424)   Evacuate Collection Set: 37.6ms
[2021-11-13T08:35:47.303-0800][gc,phases   ] GC(424)   Post Evacuate Collection Set: 2.6ms
[2021-11-13T08:35:47.303-0800][gc,phases   ] GC(424)   Other: 3.4ms
[2021-11-13T08:35:47.303-0800][gc,heap     ] GC(424) Eden regions: 564->0(255)
[2021-11-13T08:35:47.303-0800][gc,heap     ] GC(424) Survivor regions: 5->5(72)
[2021-11-13T08:35:47.303-0800][gc,heap     ] GC(424) Old regions: 212->212
[2021-11-13T08:35:47.303-0800][gc,heap     ] GC(424) Archive regions: 2->2
[2021-11-13T08:35:47.303-0800][gc,heap     ] GC(424) Humongous regions: 129->129
[2021-11-13T08:35:47.303-0800][gc,metaspace] GC(424) Metaspace: 41150K(41920K)->41150K(41920K) NonClass: 36365K(36800K)->36365K(36800K) Class: 4784K(5120K)->4784K(5120K)
[2021-11-13T08:35:47.303-0800][gc          ] GC(424) Pause Young (Normal) (G1 Evacuation Pause) 909M->345M(1024M) 43.339ms
[2021-11-13T08:35:47.303-0800][gc,cpu      ] GC(424) User=0.05s Sys=0.04s Real=0.04s
[2021-11-13T08:37:26.317-0800][gc,start    ] GC(425) Pause Young (Normal) (G1 Evacuation Pause)
[2021-11-13T08:37:26.318-0800][gc,task     ] GC(425) Using 8 workers of 8 for evacuation
[2021-11-13T08:37:26.352-0800][gc,mmu      ] GC(425) MMU target violated: 21.0ms (20.0ms/21.0ms)
[2021-11-13T08:37:26.352-0800][gc,phases   ] GC(425)   Pre Evacuate Collection Set: 0.7ms
[2021-11-13T08:37:26.352-0800][gc,phases   ] GC(425)   Merge Heap Roots: 0.2ms
[2021-11-13T08:37:26.352-0800][gc,phases   ] GC(425)   Evacuate Collection Set: 27.6ms
[2021-11-13T08:37:26.352-0800][gc,phases   ] GC(425)   Post Evacuate Collection Set: 5.5ms
[2021-11-13T08:37:26.352-0800][gc,phases   ] GC(425)   Other: 1.4ms
[2021-11-13T08:37:26.352-0800][gc,heap     ] GC(425) Eden regions: 255->0(174)
[2021-11-13T08:37:26.352-0800][gc,heap     ] GC(425) Survivor regions: 5->5(33)
[2021-11-13T08:37:26.352-0800][gc,heap     ] GC(425) Old regions: 212->212
[2021-11-13T08:37:26.352-0800][gc,heap     ] GC(425) Archive regions: 2->2
[2021-11-13T08:37:26.352-0800][gc,heap     ] GC(425) Humongous regions: 129->129
[2021-11-13T08:37:26.352-0800][gc,metaspace] GC(425) Metaspace: 41150K(41920K)->41150K(41920K) NonClass: 36365K(36800K)->36365K(36800K) Class: 4784K(5120K)->4784K(5120K)
[2021-11-13T08:37:26.352-0800][gc          ] GC(425) Pause Young (Normal) (G1 Evacuation Pause) 600M->345M(1024M) 35.401ms
[2021-11-13T08:37:26.352-0800][gc,cpu      ] GC(425) User=0.03s Sys=0.03s Real=0.04s
[2021-11-13T08:38:34.490-0800][gc,start    ] GC(426) Pause Young (Normal) (G1 Evacuation Pause)
[2021-11-13T08:38:34.490-0800][gc,task     ] GC(426) Using 8 workers of 8 for evacuation
[2021-11-13T08:38:34.515-0800][gc,mmu      ] GC(426) MMU target violated: 21.0ms (20.0ms/21.0ms)
[2021-11-13T08:38:34.515-0800][gc,phases   ] GC(426)   Pre Evacuate Collection Set: 0.7ms
[2021-11-13T08:38:34.515-0800][gc,phases   ] GC(426)   Merge Heap Roots: 0.3ms
[2021-11-13T08:38:34.515-0800][gc,phases   ] GC(426)   Evacuate Collection Set: 20.0ms
[2021-11-13T08:38:34.515-0800][gc,phases   ] GC(426)   Post Evacuate Collection Set: 3.2ms
[2021-11-13T08:38:34.516-0800][gc,phases   ] GC(426)   Other: 1.3ms
[2021-11-13T08:38:34.516-0800][gc,heap     ] GC(426) Eden regions: 174->0(62)
[2021-11-13T08:38:34.516-0800][gc,heap     ] GC(426) Survivor regions: 5->6(23)
[2021-11-13T08:38:34.516-0800][gc,heap     ] GC(426) Old regions: 212->212
[2021-11-13T08:38:34.516-0800][gc,heap     ] GC(426) Archive regions: 2->2
[2021-11-13T08:38:34.516-0800][gc,heap     ] GC(426) Humongous regions: 129->129
[2021-11-13T08:38:34.516-0800][gc,metaspace] GC(426) Metaspace: 41150K(41920K)->41150K(41920K) NonClass: 36365K(36800K)->36365K(36800K) Class: 4784K(5120K)->4784K(5120K)
[2021-11-13T08:38:34.516-0800][gc          ] GC(426) Pause Young (Normal) (G1 Evacuation Pause) 519M->346M(1024M) 26.292ms
[2021-11-13T08:38:34.516-0800][gc,cpu      ] GC(426) User=0.03s Sys=0.03s Real=0.02s
[2021-11-13T08:38:58.451-0800][gc,start    ] GC(427) Pause Young (Normal) (G1 Evacuation Pause)
[2021-11-13T08:38:58.452-0800][gc,task     ] GC(427) Using 8 workers of 8 for evacuation
[2021-11-13T08:38:58.464-0800][gc,phases   ] GC(427)   Pre Evacuate Collection Set: 0.3ms
[2021-11-13T08:38:58.464-0800][gc,phases   ] GC(427)   Merge Heap Roots: 0.1ms
[2021-11-13T08:38:58.464-0800][gc,phases   ] GC(427)   Evacuate Collection Set: 10.6ms
[2021-11-13T08:38:58.464-0800][gc,phases   ] GC(427)   Post Evacuate Collection Set: 0.5ms
[2021-11-13T08:38:58.464-0800][gc,phases   ] GC(427)   Other: 1.1ms
[2021-11-13T08:38:58.464-0800][gc,heap     ] GC(427) Eden regions: 62->0(275)
[2021-11-13T08:38:58.464-0800][gc,heap     ] GC(427) Survivor regions: 6->5(9)
[2021-11-13T08:38:58.464-0800][gc,heap     ] GC(427) Old regions: 212->213
[2021-11-13T08:38:58.464-0800][gc,heap     ] GC(427) Archive regions: 2->2
[2021-11-13T08:38:58.464-0800][gc,heap     ] GC(427) Humongous regions: 129->129
[2021-11-13T08:38:58.464-0800][gc,metaspace] GC(427) Metaspace: 41150K(41920K)->41150K(41920K) NonClass: 36365K(36800K)->36365K(36800K) Class: 4784K(5120K)->4784K(5120K)
[2021-11-13T08:38:58.464-0800][gc          ] GC(427) Pause Young (Normal) (G1 Evacuation Pause) 408M->346M(1024M) 12.738ms
[2021-11-13T08:38:58.464-0800][gc,cpu      ] GC(427) User=0.03s Sys=0.01s Real=0.01s
[2021-11-13T08:40:46.528-0800][gc,start    ] GC(428) Pause Young (Normal) (G1 Evacuation Pause)
[2021-11-13T08:40:46.529-0800][gc,task     ] GC(428) Using 8 workers of 8 for evacuation
[2021-11-13T08:40:46.551-0800][gc,mmu      ] GC(428) MMU target violated: 21.0ms (20.0ms/21.0ms)
[2021-11-13T08:40:46.551-0800][gc,phases   ] GC(428)   Pre Evacuate Collection Set: 0.8ms
[2021-11-13T08:40:46.551-0800][gc,phases   ] GC(428)   Merge Heap Roots: 0.2ms
[2021-11-13T08:40:46.551-0800][gc,phases   ] GC(428)   Evacuate Collection Set: 19.1ms
[2021-11-13T08:40:46.551-0800][gc,phases   ] GC(428)   Post Evacuate Collection Set: 1.7ms
[2021-11-13T08:40:46.551-0800][gc,phases   ] GC(428)   Other: 1.5ms
[2021-11-13T08:40:46.551-0800][gc,heap     ] GC(428) Eden regions: 275->0(472)
[2021-11-13T08:40:46.551-0800][gc,heap     ] GC(428) Survivor regions: 5->4(35)
[2021-11-13T08:40:46.551-0800][gc,heap     ] GC(428) Old regions: 213->213
[2021-11-13T08:40:46.551-0800][gc,heap     ] GC(428) Archive regions: 2->2
[2021-11-13T08:40:46.551-0800][gc,heap     ] GC(428) Humongous regions: 129->129
[2021-11-13T08:40:46.551-0800][gc,metaspace] GC(428) Metaspace: 41150K(41920K)->41150K(41920K) NonClass: 36365K(36800K)->36365K(36800K) Class: 4784K(5120K)->4784K(5120K)
[2021-11-13T08:40:46.551-0800][gc          ] GC(428) Pause Young (Normal) (G1 Evacuation Pause) 621M->345M(1024M) 23.541ms
[2021-11-13T08:40:46.551-0800][gc,cpu      ] GC(428) User=0.03s Sys=0.02s Real=0.03s
[2021-11-13T08:43:51.996-0800][gc,start    ] GC(429) Pause Young (Normal) (G1 Evacuation Pause)
[2021-11-13T08:43:51.997-0800][gc,task     ] GC(429) Using 8 workers of 8 for evacuation
[2021-11-13T08:43:52.025-0800][gc,mmu      ] GC(429) MMU target violated: 21.0ms (20.0ms/21.0ms)
[2021-11-13T08:43:52.026-0800][gc,phases   ] GC(429)   Pre Evacuate Collection Set: 1.2ms
[2021-11-13T08:43:52.026-0800][gc,phases   ] GC(429)   Merge Heap Roots: 0.4ms
[2021-11-13T08:43:52.026-0800][gc,phases   ] GC(429)   Evacuate Collection Set: 17.8ms
[2021-11-13T08:43:52.026-0800][gc,phases   ] GC(429)   Post Evacuate Collection Set: 8.2ms
[2021-11-13T08:43:52.026-0800][gc,phases   ] GC(429)   Other: 2.4ms
[2021-11-13T08:43:52.026-0800][gc,heap     ] GC(429) Eden regions: 472->0(363)
[2021-11-13T08:43:52.026-0800][gc,heap     ] GC(429) Survivor regions: 4->4(60)
[2021-11-13T08:43:52.026-0800][gc,heap     ] GC(429) Old regions: 213->213
[2021-11-13T08:43:52.026-0800][gc,heap     ] GC(429) Archive regions: 2->2
[2021-11-13T08:43:52.026-0800][gc,heap     ] GC(429) Humongous regions: 129->129
[2021-11-13T08:43:52.026-0800][gc,metaspace] GC(429) Metaspace: 41150K(41920K)->41150K(41920K) NonClass: 36365K(36800K)->36365K(36800K) Class: 4784K(5120K)->4784K(5120K)
[2021-11-13T08:43:52.026-0800][gc          ] GC(429) Pause Young (Normal) (G1 Evacuation Pause) 817M->346M(1024M) 30.109ms
[2021-11-13T08:43:52.026-0800][gc,cpu      ] GC(429) User=0.03s Sys=0.04s Real=0.03s
[2021-11-13T08:46:14.887-0800][gc,start    ] GC(430) Pause Young (Normal) (G1 Evacuation Pause)
[2021-11-13T08:46:14.888-0800][gc,task     ] GC(430) Using 8 workers of 8 for evacuation
[2021-11-13T08:46:14.912-0800][gc,mmu      ] GC(430) MMU target violated: 21.0ms (20.0ms/21.0ms)
[2021-11-13T08:46:14.912-0800][gc,phases   ] GC(430)   Pre Evacuate Collection Set: 0.5ms
[2021-11-13T08:46:14.912-0800][gc,phases   ] GC(430)   Merge Heap Roots: 0.4ms
[2021-11-13T08:46:14.912-0800][gc,phases   ] GC(430)   Evacuate Collection Set: 21.6ms
[2021-11-13T08:46:14.912-0800][gc,phases   ] GC(430)   Post Evacuate Collection Set: 1.6ms
[2021-11-13T08:46:14.912-0800][gc,phases   ] GC(430)   Other: 0.8ms
[2021-11-13T08:46:14.912-0800][gc,heap     ] GC(430) Eden regions: 363->0(554)
[2021-11-13T08:46:14.912-0800][gc,heap     ] GC(430) Survivor regions: 4->4(46)
[2021-11-13T08:46:14.912-0800][gc,heap     ] GC(430) Old regions: 213->213
[2021-11-13T08:46:14.912-0800][gc,heap     ] GC(430) Archive regions: 2->2
[2021-11-13T08:46:14.912-0800][gc,heap     ] GC(430) Humongous regions: 129->129
[2021-11-13T08:46:14.912-0800][gc,metaspace] GC(430) Metaspace: 41150K(41920K)->41150K(41920K) NonClass: 36365K(36800K)->36365K(36800K) Class: 4784K(5120K)->4784K(5120K)
[2021-11-13T08:46:14.912-0800][gc          ] GC(430) Pause Young (Normal) (G1 Evacuation Pause) 709M->346M(1024M) 25.147ms
[2021-11-13T08:46:14.912-0800][gc,cpu      ] GC(430) User=0.03s Sys=0.02s Real=0.03s
[2021-11-13T08:49:52.456-0800][gc,start    ] GC(431) Pause Young (Normal) (G1 Evacuation Pause)
[2021-11-13T08:49:52.457-0800][gc,task     ] GC(431) Using 8 workers of 8 for evacuation
[2021-11-13T08:49:52.485-0800][gc,mmu      ] GC(431) MMU target violated: 21.0ms (20.0ms/21.0ms)
[2021-11-13T08:49:52.485-0800][gc,phases   ] GC(431)   Pre Evacuate Collection Set: 0.8ms
[2021-11-13T08:49:52.485-0800][gc,phases   ] GC(431)   Merge Heap Roots: 0.4ms
[2021-11-13T08:49:52.485-0800][gc,phases   ] GC(431)   Evacuate Collection Set: 24.7ms
[2021-11-13T08:49:52.485-0800][gc,phases   ] GC(431)   Post Evacuate Collection Set: 2.1ms
[2021-11-13T08:49:52.485-0800][gc,phases   ] GC(431)   Other: 1.7ms
[2021-11-13T08:49:52.485-0800][gc,heap     ] GC(431) Eden regions: 554->0(239)
[2021-11-13T08:49:52.485-0800][gc,heap     ] GC(431) Survivor regions: 4->4(70)
[2021-11-13T08:49:52.485-0800][gc,heap     ] GC(431) Old regions: 213->213
[2021-11-13T08:49:52.485-0800][gc,heap     ] GC(431) Archive regions: 2->2
[2021-11-13T08:49:52.485-0800][gc,heap     ] GC(431) Humongous regions: 129->129
[2021-11-13T08:49:52.485-0800][gc,metaspace] GC(431) Metaspace: 41150K(41920K)->41150K(41920K) NonClass: 36365K(36800K)->36365K(36800K) Class: 4784K(5120K)->4784K(5120K)
[2021-11-13T08:49:52.485-0800][gc          ] GC(431) Pause Young (Normal) (G1 Evacuation Pause) 900M->345M(1024M) 29.767ms
[2021-11-13T08:49:52.485-0800][gc,cpu      ] GC(431) User=0.03s Sys=0.03s Real=0.03s
[2021-11-13T08:51:25.799-0800][gc,start    ] GC(432) Pause Young (Normal) (G1 Evacuation Pause)
[2021-11-13T08:51:25.800-0800][gc,task     ] GC(432) Using 8 workers of 8 for evacuation
[2021-11-13T08:51:25.822-0800][gc,mmu      ] GC(432) MMU target violated: 21.0ms (20.0ms/21.0ms)
[2021-11-13T08:51:25.822-0800][gc,phases   ] GC(432)   Pre Evacuate Collection Set: 0.7ms
[2021-11-13T08:51:25.822-0800][gc,phases   ] GC(432)   Merge Heap Roots: 0.3ms
[2021-11-13T08:51:25.822-0800][gc,phases   ] GC(432)   Evacuate Collection Set: 19.6ms
[2021-11-13T08:51:25.822-0800][gc,phases   ] GC(432)   Post Evacuate Collection Set: 1.3ms
[2021-11-13T08:51:25.822-0800][gc,phases   ] GC(432)   Other: 1.3ms
[2021-11-13T08:51:25.822-0800][gc,heap     ] GC(432) Eden regions: 239->0(342)
[2021-11-13T08:51:25.822-0800][gc,heap     ] GC(432) Survivor regions: 4->4(31)
[2021-11-13T08:51:25.822-0800][gc,heap     ] GC(432) Old regions: 213->213
[2021-11-13T08:51:25.822-0800][gc,heap     ] GC(432) Archive regions: 2->2
[2021-11-13T08:51:25.822-0800][gc,heap     ] GC(432) Humongous regions: 129->129
[2021-11-13T08:51:25.822-0800][gc,metaspace] GC(432) Metaspace: 41200K(41984K)->41200K(41984K) NonClass: 36416K(36864K)->36416K(36864K) Class: 4784K(5120K)->4784K(5120K)
[2021-11-13T08:51:25.823-0800][gc          ] GC(432) Pause Young (Normal) (G1 Evacuation Pause) 584M->346M(1024M) 23.237ms
[2021-11-13T08:51:25.823-0800][gc,cpu      ] GC(432) User=0.02s Sys=0.02s Real=0.03s
[2021-11-13T08:53:40.241-0800][gc,start    ] GC(433) Pause Young (Normal) (G1 Evacuation Pause)
[2021-11-13T08:53:40.242-0800][gc,task     ] GC(433) Using 8 workers of 8 for evacuation
[2021-11-13T08:53:40.262-0800][gc,mmu      ] GC(433) MMU target violated: 20.1ms (20.0ms/21.0ms)
[2021-11-13T08:53:40.262-0800][gc,phases   ] GC(433)   Pre Evacuate Collection Set: 0.6ms
[2021-11-13T08:53:40.262-0800][gc,phases   ] GC(433)   Merge Heap Roots: 0.3ms
[2021-11-13T08:53:40.262-0800][gc,phases   ] GC(433)   Evacuate Collection Set: 17.5ms
[2021-11-13T08:53:40.262-0800][gc,phases   ] GC(433)   Post Evacuate Collection Set: 1.7ms
[2021-11-13T08:53:40.262-0800][gc,phases   ] GC(433)   Other: 1.6ms
[2021-11-13T08:53:40.262-0800][gc,heap     ] GC(433) Eden regions: 342->0(469)
[2021-11-13T08:53:40.262-0800][gc,heap     ] GC(433) Survivor regions: 4->4(44)
[2021-11-13T08:53:40.262-0800][gc,heap     ] GC(433) Old regions: 213->213
[2021-11-13T08:53:40.262-0800][gc,heap     ] GC(433) Archive regions: 2->2
[2021-11-13T08:53:40.262-0800][gc,heap     ] GC(433) Humongous regions: 129->129
[2021-11-13T08:53:40.262-0800][gc,metaspace] GC(433) Metaspace: 41200K(41984K)->41200K(41984K) NonClass: 36416K(36864K)->36416K(36864K) Class: 4784K(5120K)->4784K(5120K)
[2021-11-13T08:53:40.263-0800][gc          ] GC(433) Pause Young (Normal) (G1 Evacuation Pause) 688M->346M(1024M) 21.919ms
[2021-11-13T08:53:40.263-0800][gc,cpu      ] GC(433) User=0.03s Sys=0.03s Real=0.02s
[2021-11-13T08:56:44.078-0800][gc,start    ] GC(434) Pause Young (Normal) (G1 Evacuation Pause)
[2021-11-13T08:56:44.079-0800][gc,task     ] GC(434) Using 8 workers of 8 for evacuation
[2021-11-13T08:56:44.105-0800][gc,mmu      ] GC(434) MMU target violated: 21.0ms (20.0ms/21.0ms)
[2021-11-13T08:56:44.105-0800][gc,phases   ] GC(434)   Pre Evacuate Collection Set: 1.3ms
[2021-11-13T08:56:44.105-0800][gc,phases   ] GC(434)   Merge Heap Roots: 0.7ms
[2021-11-13T08:56:44.105-0800][gc,phases   ] GC(434)   Evacuate Collection Set: 19.9ms
[2021-11-13T08:56:44.105-0800][gc,phases   ] GC(434)   Post Evacuate Collection Set: 2.9ms
[2021-11-13T08:56:44.105-0800][gc,phases   ] GC(434)   Other: 2.4ms
[2021-11-13T08:56:44.105-0800][gc,heap     ] GC(434) Eden regions: 469->0(362)
[2021-11-13T08:56:44.105-0800][gc,heap     ] GC(434) Survivor regions: 4->5(60)
[2021-11-13T08:56:44.105-0800][gc,heap     ] GC(434) Old regions: 213->213
[2021-11-13T08:56:44.105-0800][gc,heap     ] GC(434) Archive regions: 2->2
[2021-11-13T08:56:44.105-0800][gc,heap     ] GC(434) Humongous regions: 129->129
[2021-11-13T08:56:44.105-0800][gc,metaspace] GC(434) Metaspace: 41201K(41984K)->41201K(41984K) NonClass: 36417K(36864K)->36417K(36864K) Class: 4784K(5120K)->4784K(5120K)
[2021-11-13T08:56:44.105-0800][gc          ] GC(434) Pause Young (Normal) (G1 Evacuation Pause) 815M->346M(1024M) 27.349ms
[2021-11-13T08:56:44.105-0800][gc,cpu      ] GC(434) User=0.03s Sys=0.04s Real=0.03s
[2021-11-13T08:59:05.849-0800][gc,start    ] GC(435) Pause Young (Normal) (G1 Evacuation Pause)
[2021-11-13T08:59:05.850-0800][gc,task     ] GC(435) Using 8 workers of 8 for evacuation
[2021-11-13T08:59:05.873-0800][gc,mmu      ] GC(435) MMU target violated: 21.0ms (20.0ms/21.0ms)
[2021-11-13T08:59:05.873-0800][gc,phases   ] GC(435)   Pre Evacuate Collection Set: 0.7ms
[2021-11-13T08:59:05.873-0800][gc,phases   ] GC(435)   Merge Heap Roots: 0.3ms
[2021-11-13T08:59:05.873-0800][gc,phases   ] GC(435)   Evacuate Collection Set: 19.9ms
[2021-11-13T08:59:05.873-0800][gc,phases   ] GC(435)   Post Evacuate Collection Set: 1.0ms
[2021-11-13T08:59:05.873-0800][gc,phases   ] GC(435)   Other: 2.5ms
[2021-11-13T08:59:05.873-0800][gc,heap     ] GC(435) Eden regions: 362->0(504)
[2021-11-13T08:59:05.873-0800][gc,heap     ] GC(435) Survivor regions: 5->4(46)
[2021-11-13T08:59:05.873-0800][gc,heap     ] GC(435) Old regions: 213->213
[2021-11-13T08:59:05.873-0800][gc,heap     ] GC(435) Archive regions: 2->2
[2021-11-13T08:59:05.873-0800][gc,heap     ] GC(435) Humongous regions: 129->129
[2021-11-13T08:59:05.873-0800][gc,metaspace] GC(435) Metaspace: 41201K(41984K)->41201K(41984K) NonClass: 36417K(36864K)->36417K(36864K) Class: 4784K(5120K)->4784K(5120K)
[2021-11-13T08:59:05.873-0800][gc          ] GC(435) Pause Young (Normal) (G1 Evacuation Pause) 708M->346M(1024M) 24.525ms
[2021-11-13T08:59:05.873-0800][gc,cpu      ] GC(435) User=0.04s Sys=0.02s Real=0.03s
[2021-11-13T09:02:23.902-0800][gc,start    ] GC(436) Pause Young (Normal) (G1 Evacuation Pause)
[2021-11-13T09:02:23.903-0800][gc,task     ] GC(436) Using 8 workers of 8 for evacuation
[2021-11-13T09:02:23.930-0800][gc,mmu      ] GC(436) MMU target violated: 21.0ms (20.0ms/21.0ms)
[2021-11-13T09:02:23.930-0800][gc,phases   ] GC(436)   Pre Evacuate Collection Set: 0.8ms
[2021-11-13T09:02:23.930-0800][gc,phases   ] GC(436)   Merge Heap Roots: 0.4ms
[2021-11-13T09:02:23.930-0800][gc,phases   ] GC(436)   Evacuate Collection Set: 23.2ms
[2021-11-13T09:02:23.930-0800][gc,phases   ] GC(436)   Post Evacuate Collection Set: 2.2ms
[2021-11-13T09:02:23.930-0800][gc,phases   ] GC(436)   Other: 1.8ms
[2021-11-13T09:02:23.930-0800][gc,heap     ] GC(436) Eden regions: 504->0(564)
[2021-11-13T09:02:23.930-0800][gc,heap     ] GC(436) Survivor regions: 4->4(64)
[2021-11-13T09:02:23.930-0800][gc,heap     ] GC(436) Old regions: 213->213
[2021-11-13T09:02:23.930-0800][gc,heap     ] GC(436) Archive regions: 2->2
[2021-11-13T09:02:23.930-0800][gc,heap     ] GC(436) Humongous regions: 129->129
[2021-11-13T09:02:23.930-0800][gc,metaspace] GC(436) Metaspace: 41226K(42048K)->41226K(42048K) NonClass: 36442K(36928K)->36442K(36928K) Class: 4784K(5120K)->4784K(5120K)
[2021-11-13T09:02:23.930-0800][gc          ] GC(436) Pause Young (Normal) (G1 Evacuation Pause) 850M->345M(1024M) 28.611ms
[2021-11-13T09:02:23.931-0800][gc,cpu      ] GC(436) User=0.03s Sys=0.03s Real=0.03s
[2021-11-13T09:06:05.530-0800][gc,start    ] GC(437) Pause Young (Normal) (G1 Evacuation Pause)
[2021-11-13T09:06:05.532-0800][gc,task     ] GC(437) Using 8 workers of 8 for evacuation
[2021-11-13T09:06:05.559-0800][gc,mmu      ] GC(437) MMU target violated: 21.0ms (20.0ms/21.0ms)
[2021-11-13T09:06:05.559-0800][gc,phases   ] GC(437)   Pre Evacuate Collection Set: 0.8ms
[2021-11-13T09:06:05.559-0800][gc,phases   ] GC(437)   Merge Heap Roots: 0.3ms
[2021-11-13T09:06:05.559-0800][gc,phases   ] GC(437)   Evacuate Collection Set: 19.0ms
[2021-11-13T09:06:05.559-0800][gc,phases   ] GC(437)   Post Evacuate Collection Set: 7.3ms
[2021-11-13T09:06:05.559-0800][gc,phases   ] GC(437)   Other: 1.9ms
[2021-11-13T09:06:05.559-0800][gc,heap     ] GC(437) Eden regions: 564->0(321)
[2021-11-13T09:06:05.559-0800][gc,heap     ] GC(437) Survivor regions: 4->5(71)
[2021-11-13T09:06:05.560-0800][gc,heap     ] GC(437) Old regions: 213->213
[2021-11-13T09:06:05.560-0800][gc,heap     ] GC(437) Archive regions: 2->2
[2021-11-13T09:06:05.560-0800][gc,heap     ] GC(437) Humongous regions: 129->129
[2021-11-13T09:06:05.560-0800][gc,metaspace] GC(437) Metaspace: 41226K(42048K)->41226K(42048K) NonClass: 36442K(36928K)->36442K(36928K) Class: 4784K(5120K)->4784K(5120K)
[2021-11-13T09:06:05.560-0800][gc          ] GC(437) Pause Young (Normal) (G1 Evacuation Pause) 909M->346M(1024M) 29.421ms
[2021-11-13T09:06:05.560-0800][gc,cpu      ] GC(437) User=0.03s Sys=0.02s Real=0.03s
[2021-11-13T09:08:10.064-0800][gc,start    ] GC(438) Pause Young (Normal) (G1 Evacuation Pause)
[2021-11-13T09:08:10.065-0800][gc,task     ] GC(438) Using 8 workers of 8 for evacuation
[2021-11-13T09:08:10.085-0800][gc,phases   ] GC(438)   Pre Evacuate Collection Set: 0.9ms
[2021-11-13T09:08:10.085-0800][gc,phases   ] GC(438)   Merge Heap Roots: 0.4ms
[2021-11-13T09:08:10.085-0800][gc,phases   ] GC(438)   Evacuate Collection Set: 16.7ms
[2021-11-13T09:08:10.085-0800][gc,phases   ] GC(438)   Post Evacuate Collection Set: 1.8ms
[2021-11-13T09:08:10.086-0800][gc,phases   ] GC(438)   Other: 0.9ms
[2021-11-13T09:08:10.086-0800][gc,heap     ] GC(438) Eden regions: 321->0(472)
[2021-11-13T09:08:10.086-0800][gc,heap     ] GC(438) Survivor regions: 5->4(41)
[2021-11-13T09:08:10.086-0800][gc,heap     ] GC(438) Old regions: 213->214
[2021-11-13T09:08:10.086-0800][gc,heap     ] GC(438) Archive regions: 2->2
[2021-11-13T09:08:10.086-0800][gc,heap     ] GC(438) Humongous regions: 129->129
[2021-11-13T09:08:10.086-0800][gc,metaspace] GC(438) Metaspace: 41226K(42048K)->41226K(42048K) NonClass: 36442K(36928K)->36442K(36928K) Class: 4784K(5120K)->4784K(5120K)
[2021-11-13T09:08:10.086-0800][gc          ] GC(438) Pause Young (Normal) (G1 Evacuation Pause) 667M->347M(1024M) 22.109ms
[2021-11-13T09:08:10.087-0800][gc,cpu      ] GC(438) User=0.04s Sys=0.03s Real=0.02s
[2021-11-13T09:11:15.598-0800][gc,start    ] GC(439) Pause Young (Normal) (G1 Evacuation Pause)
[2021-11-13T09:11:15.613-0800][gc,task     ] GC(439) Using 8 workers of 8 for evacuation
[2021-11-13T09:11:15.638-0800][gc,mmu      ] GC(439) MMU target violated: 21.0ms (20.0ms/21.0ms)
[2021-11-13T09:11:15.638-0800][gc,phases   ] GC(439)   Pre Evacuate Collection Set: 1.2ms
[2021-11-13T09:11:15.638-0800][gc,phases   ] GC(439)   Merge Heap Roots: 0.5ms
[2021-11-13T09:11:15.638-0800][gc,phases   ] GC(439)   Evacuate Collection Set: 15.5ms
[2021-11-13T09:11:15.638-0800][gc,phases   ] GC(439)   Post Evacuate Collection Set: 7.8ms
[2021-11-13T09:11:15.638-0800][gc,phases   ] GC(439)   Other: 15.9ms
[2021-11-13T09:11:15.638-0800][gc,heap     ] GC(439) Eden regions: 472->0(382)
[2021-11-13T09:11:15.638-0800][gc,heap     ] GC(439) Survivor regions: 4->3(60)
[2021-11-13T09:11:15.638-0800][gc,heap     ] GC(439) Old regions: 214->214
[2021-11-13T09:11:15.638-0800][gc,heap     ] GC(439) Archive regions: 2->2
[2021-11-13T09:11:15.638-0800][gc,heap     ] GC(439) Humongous regions: 129->129
[2021-11-13T09:11:15.639-0800][gc,metaspace] GC(439) Metaspace: 41226K(42048K)->41226K(42048K) NonClass: 36442K(36928K)->36442K(36928K) Class: 4784K(5120K)->4784K(5120K)
[2021-11-13T09:11:15.639-0800][gc          ] GC(439) Pause Young (Normal) (G1 Evacuation Pause) 819M->345M(1024M) 41.006ms
[2021-11-13T09:11:15.639-0800][gc,cpu      ] GC(439) User=0.02s Sys=0.03s Real=0.04s
[2021-11-13T09:13:45.321-0800][gc,start    ] GC(440) Pause Young (Normal) (G1 Evacuation Pause)
[2021-11-13T09:13:45.334-0800][gc,task     ] GC(440) Using 8 workers of 8 for evacuation
[2021-11-13T09:13:45.353-0800][gc,phases   ] GC(440)   Pre Evacuate Collection Set: 0.8ms
[2021-11-13T09:13:45.373-0800][gc,phases   ] GC(440)   Merge Heap Roots: 0.3ms
[2021-11-13T09:13:45.373-0800][gc,phases   ] GC(440)   Evacuate Collection Set: 15.2ms
[2021-11-13T09:13:45.373-0800][gc,phases   ] GC(440)   Post Evacuate Collection Set: 1.8ms
[2021-11-13T09:13:45.373-0800][gc,phases   ] GC(440)   Other: 13.7ms
[2021-11-13T09:13:45.373-0800][gc,heap     ] GC(440) Eden regions: 382->0(488)
[2021-11-13T09:13:45.373-0800][gc,heap     ] GC(440) Survivor regions: 3->3(49)
[2021-11-13T09:13:45.373-0800][gc,heap     ] GC(440) Old regions: 214->214
[2021-11-13T09:13:45.373-0800][gc,heap     ] GC(440) Archive regions: 2->2
[2021-11-13T09:13:45.373-0800][gc,heap     ] GC(440) Humongous regions: 129->129
[2021-11-13T09:13:45.373-0800][gc,metaspace] GC(440) Metaspace: 41226K(42048K)->41226K(42048K) NonClass: 36442K(36928K)->36442K(36928K) Class: 4784K(5120K)->4784K(5120K)
[2021-11-13T09:13:45.374-0800][gc          ] GC(440) Pause Young (Normal) (G1 Evacuation Pause) 727M->346M(1024M) 52.506ms
[2021-11-13T09:13:45.374-0800][gc,cpu      ] GC(440) User=0.02s Sys=0.03s Real=0.05s
[2021-11-13T09:16:56.883-0800][gc,start    ] GC(441) Pause Young (Normal) (G1 Evacuation Pause)
[2021-11-13T09:16:56.884-0800][gc,task     ] GC(441) Using 8 workers of 8 for evacuation
[2021-11-13T09:16:56.908-0800][gc,mmu      ] GC(441) MMU target violated: 21.0ms (20.0ms/21.0ms)
[2021-11-13T09:16:56.908-0800][gc,phases   ] GC(441)   Pre Evacuate Collection Set: 1.1ms
[2021-11-13T09:16:56.908-0800][gc,phases   ] GC(441)   Merge Heap Roots: 0.6ms
[2021-11-13T09:16:56.908-0800][gc,phases   ] GC(441)   Evacuate Collection Set: 17.8ms
[2021-11-13T09:16:56.908-0800][gc,phases   ] GC(441)   Post Evacuate Collection Set: 3.5ms
[2021-11-13T09:16:56.908-0800][gc,phases   ] GC(441)   Other: 2.5ms
[2021-11-13T09:16:56.908-0800][gc,heap     ] GC(441) Eden regions: 488->0(305)
[2021-11-13T09:16:56.908-0800][gc,heap     ] GC(441) Survivor regions: 3->5(62)
[2021-11-13T09:16:56.908-0800][gc,heap     ] GC(441) Old regions: 214->214
[2021-11-13T09:16:56.908-0800][gc,heap     ] GC(441) Archive regions: 2->2
[2021-11-13T09:16:56.908-0800][gc,heap     ] GC(441) Humongous regions: 129->129
[2021-11-13T09:16:56.908-0800][gc,metaspace] GC(441) Metaspace: 41226K(42048K)->41226K(42048K) NonClass: 36442K(36928K)->36442K(36928K) Class: 4784K(5120K)->4784K(5120K)
[2021-11-13T09:16:56.908-0800][gc          ] GC(441) Pause Young (Normal) (G1 Evacuation Pause) 834M->347M(1024M) 25.620ms
[2021-11-13T09:16:56.908-0800][gc,cpu      ] GC(441) User=0.03s Sys=0.04s Real=0.02s
[2021-11-13T09:19:01.202-0800][gc,start    ] GC(442) Pause Young (Normal) (G1 Evacuation Pause)
[2021-11-13T09:19:01.203-0800][gc,task     ] GC(442) Using 8 workers of 8 for evacuation
[2021-11-13T09:19:01.242-0800][gc,mmu      ] GC(442) MMU target violated: 21.0ms (20.0ms/21.0ms)
[2021-11-13T09:19:01.242-0800][gc,phases   ] GC(442)   Pre Evacuate Collection Set: 1.2ms
[2021-11-13T09:19:01.243-0800][gc,phases   ] GC(442)   Merge Heap Roots: 0.5ms
[2021-11-13T09:19:01.243-0800][gc,phases   ] GC(442)   Evacuate Collection Set: 34.5ms
[2021-11-13T09:19:01.243-0800][gc,phases   ] GC(442)   Post Evacuate Collection Set: 2.2ms
[2021-11-13T09:19:01.243-0800][gc,phases   ] GC(442)   Other: 2.1ms
[2021-11-13T09:19:01.243-0800][gc,heap     ] GC(442) Eden regions: 305->0(148)
[2021-11-13T09:19:01.243-0800][gc,heap     ] GC(442) Survivor regions: 5->5(39)
[2021-11-13T09:19:01.243-0800][gc,heap     ] GC(442) Old regions: 214->214
[2021-11-13T09:19:01.243-0800][gc,heap     ] GC(442) Archive regions: 2->2
[2021-11-13T09:19:01.243-0800][gc,heap     ] GC(442) Humongous regions: 129->129
[2021-11-13T09:19:01.243-0800][gc,metaspace] GC(442) Metaspace: 41226K(42048K)->41226K(42048K) NonClass: 36442K(36928K)->36442K(36928K) Class: 4784K(5120K)->4784K(5120K)
[2021-11-13T09:19:01.243-0800][gc          ] GC(442) Pause Young (Normal) (G1 Evacuation Pause) 652M->348M(1024M) 40.643ms
[2021-11-13T09:19:01.243-0800][gc,cpu      ] GC(442) User=0.04s Sys=0.04s Real=0.04s
[2021-11-13T09:19:56.847-0800][gc,start    ] GC(443) Pause Young (Normal) (G1 Evacuation Pause)
[2021-11-13T09:19:56.848-0800][gc,task     ] GC(443) Using 8 workers of 8 for evacuation
[2021-11-13T09:19:56.863-0800][gc,phases   ] GC(443)   Pre Evacuate Collection Set: 0.5ms
[2021-11-13T09:19:56.864-0800][gc,phases   ] GC(443)   Merge Heap Roots: 0.2ms
[2021-11-13T09:19:56.864-0800][gc,phases   ] GC(443)   Evacuate Collection Set: 13.6ms
[2021-11-13T09:19:56.864-0800][gc,phases   ] GC(443)   Post Evacuate Collection Set: 0.7ms
[2021-11-13T09:19:56.864-0800][gc,phases   ] GC(443)   Other: 1.1ms
[2021-11-13T09:19:56.864-0800][gc,heap     ] GC(443) Eden regions: 142->0(177)
[2021-11-13T09:19:56.864-0800][gc,heap     ] GC(443) Survivor regions: 5->5(19)
[2021-11-13T09:19:56.864-0800][gc,heap     ] GC(443) Old regions: 214->214
[2021-11-13T09:19:56.864-0800][gc,heap     ] GC(443) Archive regions: 2->2
[2021-11-13T09:19:56.864-0800][gc,heap     ] GC(443) Humongous regions: 129->129
[2021-11-13T09:19:56.864-0800][gc,metaspace] GC(443) Metaspace: 41226K(42048K)->41226K(42048K) NonClass: 36442K(36928K)->36442K(36928K) Class: 4784K(5120K)->4784K(5120K)
[2021-11-13T09:19:56.864-0800][gc          ] GC(443) Pause Young (Normal) (G1 Evacuation Pause) 490M->348M(1024M) 16.334ms
[2021-11-13T09:19:56.864-0800][gc,cpu      ] GC(443) User=0.04s Sys=0.01s Real=0.02s
[2021-11-13T09:21:06.356-0800][gc,start    ] GC(444) Pause Young (Normal) (G1 Evacuation Pause)
[2021-11-13T09:21:06.357-0800][gc,task     ] GC(444) Using 8 workers of 8 for evacuation
[2021-11-13T09:21:06.373-0800][gc,phases   ] GC(444)   Pre Evacuate Collection Set: 0.7ms
[2021-11-13T09:21:06.373-0800][gc,phases   ] GC(444)   Merge Heap Roots: 0.1ms
[2021-11-13T09:21:06.374-0800][gc,phases   ] GC(444)   Evacuate Collection Set: 14.5ms
[2021-11-13T09:21:06.374-0800][gc,phases   ] GC(444)   Post Evacuate Collection Set: 0.8ms
[2021-11-13T09:21:06.374-0800][gc,phases   ] GC(444)   Other: 1.7ms
[2021-11-13T09:21:06.374-0800][gc,heap     ] GC(444) Eden regions: 177->0(248)
[2021-11-13T09:21:06.374-0800][gc,heap     ] GC(444) Survivor regions: 5->5(23)
[2021-11-13T09:21:06.374-0800][gc,heap     ] GC(444) Old regions: 214->214
[2021-11-13T09:21:06.374-0800][gc,heap     ] GC(444) Archive regions: 2->2
[2021-11-13T09:21:06.374-0800][gc,heap     ] GC(444) Humongous regions: 129->129
[2021-11-13T09:21:06.374-0800][gc,metaspace] GC(444) Metaspace: 41226K(42048K)->41226K(42048K) NonClass: 36442K(36928K)->36442K(36928K) Class: 4784K(5120K)->4784K(5120K)
[2021-11-13T09:21:06.374-0800][gc          ] GC(444) Pause Young (Normal) (G1 Evacuation Pause) 525M->348M(1024M) 18.095ms
[2021-11-13T09:21:06.374-0800][gc,cpu      ] GC(444) User=0.03s Sys=0.02s Real=0.02s
[2021-11-13T09:22:43.693-0800][gc,start    ] GC(445) Pause Young (Normal) (G1 Evacuation Pause)
[2021-11-13T09:22:43.694-0800][gc,task     ] GC(445) Using 8 workers of 8 for evacuation
[2021-11-13T09:22:43.714-0800][gc,phases   ] GC(445)   Pre Evacuate Collection Set: 1.3ms
[2021-11-13T09:22:43.715-0800][gc,phases   ] GC(445)   Merge Heap Roots: 0.6ms
[2021-11-13T09:22:43.715-0800][gc,phases   ] GC(445)   Evacuate Collection Set: 16.6ms
[2021-11-13T09:22:43.715-0800][gc,phases   ] GC(445)   Post Evacuate Collection Set: 1.7ms
[2021-11-13T09:22:43.715-0800][gc,phases   ] GC(445)   Other: 1.8ms
[2021-11-13T09:22:43.715-0800][gc,heap     ] GC(445) Eden regions: 248->0(307)
[2021-11-13T09:22:43.715-0800][gc,heap     ] GC(445) Survivor regions: 5->5(32)
[2021-11-13T09:22:43.715-0800][gc,heap     ] GC(445) Old regions: 214->214
[2021-11-13T09:22:43.715-0800][gc,heap     ] GC(445) Archive regions: 2->2
[2021-11-13T09:22:43.715-0800][gc,heap     ] GC(445) Humongous regions: 129->129
[2021-11-13T09:22:43.715-0800][gc,metaspace] GC(445) Metaspace: 41226K(42048K)->41226K(42048K) NonClass: 36442K(36928K)->36442K(36928K) Class: 4784K(5120K)->4784K(5120K)
[2021-11-13T09:22:43.715-0800][gc          ] GC(445) Pause Young (Normal) (G1 Evacuation Pause) 596M->348M(1024M) 22.263ms
[2021-11-13T09:22:43.715-0800][gc,cpu      ] GC(445) User=0.03s Sys=0.03s Real=0.02s
[2021-11-13T09:24:44.499-0800][gc,start    ] GC(446) Pause Young (Normal) (G1 Evacuation Pause)
[2021-11-13T09:24:44.500-0800][gc,task     ] GC(446) Using 8 workers of 8 for evacuation
[2021-11-13T09:24:44.511-0800][gc,phases   ] GC(446)   Pre Evacuate Collection Set: 0.3ms
[2021-11-13T09:24:44.511-0800][gc,phases   ] GC(446)   Merge Heap Roots: 0.1ms
[2021-11-13T09:24:44.511-0800][gc,phases   ] GC(446)   Evacuate Collection Set: 9.9ms
[2021-11-13T09:24:44.511-0800][gc,phases   ] GC(446)   Post Evacuate Collection Set: 0.8ms
[2021-11-13T09:24:44.511-0800][gc,phases   ] GC(446)   Other: 0.5ms
[2021-11-13T09:24:44.511-0800][gc,heap     ] GC(446) Eden regions: 307->0(493)
[2021-11-13T09:24:44.511-0800][gc,heap     ] GC(446) Survivor regions: 5->5(39)
[2021-11-13T09:24:44.511-0800][gc,heap     ] GC(446) Old regions: 214->214
[2021-11-13T09:24:44.511-0800][gc,heap     ] GC(446) Archive regions: 2->2
[2021-11-13T09:24:44.511-0800][gc,heap     ] GC(446) Humongous regions: 129->129
[2021-11-13T09:24:44.511-0800][gc,metaspace] GC(446) Metaspace: 41226K(42048K)->41226K(42048K) NonClass: 36442K(36928K)->36442K(36928K) Class: 4784K(5120K)->4784K(5120K)
[2021-11-13T09:24:44.511-0800][gc          ] GC(446) Pause Young (Normal) (G1 Evacuation Pause) 655M->348M(1024M) 11.939ms
[2021-11-13T09:24:44.511-0800][gc,cpu      ] GC(446) User=0.03s Sys=0.01s Real=0.02s
[2021-11-13T09:27:58.789-0800][gc,start    ] GC(447) Pause Young (Normal) (G1 Evacuation Pause)
[2021-11-13T09:27:58.790-0800][gc,task     ] GC(447) Using 8 workers of 8 for evacuation
[2021-11-13T09:27:58.814-0800][gc,mmu      ] GC(447) MMU target violated: 21.0ms (20.0ms/21.0ms)
[2021-11-13T09:27:58.814-0800][gc,phases   ] GC(447)   Pre Evacuate Collection Set: 1.4ms
[2021-11-13T09:27:58.814-0800][gc,phases   ] GC(447)   Merge Heap Roots: 0.4ms
[2021-11-13T09:27:58.814-0800][gc,phases   ] GC(447)   Evacuate Collection Set: 20.0ms
[2021-11-13T09:27:58.814-0800][gc,phases   ] GC(447)   Post Evacuate Collection Set: 1.8ms
[2021-11-13T09:27:58.815-0800][gc,phases   ] GC(447)   Other: 2.4ms
[2021-11-13T09:27:58.815-0800][gc,heap     ] GC(447) Eden regions: 493->0(480)
[2021-11-13T09:27:58.815-0800][gc,heap     ] GC(447) Survivor regions: 5->5(63)
[2021-11-13T09:27:58.815-0800][gc,heap     ] GC(447) Old regions: 214->214
[2021-11-13T09:27:58.815-0800][gc,heap     ] GC(447) Archive regions: 2->2
[2021-11-13T09:27:58.815-0800][gc,heap     ] GC(447) Humongous regions: 129->129
[2021-11-13T09:27:58.815-0800][gc,metaspace] GC(447) Metaspace: 41226K(42048K)->41226K(42048K) NonClass: 36442K(36928K)->36442K(36928K) Class: 4784K(5120K)->4784K(5120K)
[2021-11-13T09:27:58.815-0800][gc          ] GC(447) Pause Young (Normal) (G1 Evacuation Pause) 841M->348M(1024M) 26.357ms
[2021-11-13T09:27:58.815-0800][gc,cpu      ] GC(447) User=0.03s Sys=0.04s Real=0.03s
[2021-11-13T09:31:08.145-0800][gc,start    ] GC(448) Pause Young (Normal) (G1 Evacuation Pause)
[2021-11-13T09:31:08.146-0800][gc,task     ] GC(448) Using 8 workers of 8 for evacuation
[2021-11-13T09:31:08.171-0800][gc,mmu      ] GC(448) MMU target violated: 21.0ms (20.0ms/21.0ms)
[2021-11-13T09:31:08.171-0800][gc,phases   ] GC(448)   Pre Evacuate Collection Set: 1.1ms
[2021-11-13T09:31:08.171-0800][gc,phases   ] GC(448)   Merge Heap Roots: 0.5ms
[2021-11-13T09:31:08.171-0800][gc,phases   ] GC(448)   Evacuate Collection Set: 19.9ms
[2021-11-13T09:31:08.171-0800][gc,phases   ] GC(448)   Post Evacuate Collection Set: 2.2ms
[2021-11-13T09:31:08.171-0800][gc,phases   ] GC(448)   Other: 3.0ms
[2021-11-13T09:31:08.171-0800][gc,heap     ] GC(448) Eden regions: 480->0(561)
[2021-11-13T09:31:08.171-0800][gc,heap     ] GC(448) Survivor regions: 5->5(61)
[2021-11-13T09:31:08.171-0800][gc,heap     ] GC(448) Old regions: 214->214
[2021-11-13T09:31:08.171-0800][gc,heap     ] GC(448) Archive regions: 2->2
[2021-11-13T09:31:08.171-0800][gc,heap     ] GC(448) Humongous regions: 129->129
[2021-11-13T09:31:08.171-0800][gc,metaspace] GC(448) Metaspace: 41226K(42048K)->41226K(42048K) NonClass: 36442K(36928K)->36442K(36928K) Class: 4784K(5120K)->4784K(5120K)
[2021-11-13T09:31:08.171-0800][gc          ] GC(448) Pause Young (Normal) (G1 Evacuation Pause) 828M->347M(1024M) 26.844ms
[2021-11-13T09:31:08.171-0800][gc,cpu      ] GC(448) User=0.04s Sys=0.04s Real=0.03s
[2021-11-13T09:34:49.101-0800][gc,start    ] GC(449) Pause Young (Normal) (G1 Evacuation Pause)
[2021-11-13T09:34:49.102-0800][gc,task     ] GC(449) Using 8 workers of 8 for evacuation
[2021-11-13T09:34:49.119-0800][gc,phases   ] GC(449)   Pre Evacuate Collection Set: 0.7ms
[2021-11-13T09:34:49.119-0800][gc,phases   ] GC(449)   Merge Heap Roots: 0.3ms
[2021-11-13T09:34:49.119-0800][gc,phases   ] GC(449)   Evacuate Collection Set: 14.8ms
[2021-11-13T09:34:49.119-0800][gc,phases   ] GC(449)   Post Evacuate Collection Set: 1.1ms
[2021-11-13T09:34:49.119-0800][gc,phases   ] GC(449)   Other: 1.8ms
[2021-11-13T09:34:49.119-0800][gc,heap     ] GC(449) Eden regions: 561->0(561)
[2021-11-13T09:34:49.119-0800][gc,heap     ] GC(449) Survivor regions: 5->5(71)
[2021-11-13T09:34:49.119-0800][gc,heap     ] GC(449) Old regions: 214->214
[2021-11-13T09:34:49.119-0800][gc,heap     ] GC(449) Archive regions: 2->2
[2021-11-13T09:34:49.119-0800][gc,heap     ] GC(449) Humongous regions: 129->129
[2021-11-13T09:34:49.119-0800][gc,metaspace] GC(449) Metaspace: 41226K(42048K)->41226K(42048K) NonClass: 36442K(36928K)->36442K(36928K) Class: 4784K(5120K)->4784K(5120K)
[2021-11-13T09:34:49.120-0800][gc          ] GC(449) Pause Young (Normal) (G1 Evacuation Pause) 908M->348M(1024M) 18.949ms
[2021-11-13T09:34:49.120-0800][gc,cpu      ] GC(449) User=0.04s Sys=0.02s Real=0.02s
[2021-11-13T09:38:29.992-0800][gc,start    ] GC(450) Pause Young (Normal) (G1 Evacuation Pause)
[2021-11-13T09:38:29.993-0800][gc,task     ] GC(450) Using 8 workers of 8 for evacuation
[2021-11-13T09:38:30.011-0800][gc,phases   ] GC(450)   Pre Evacuate Collection Set: 0.7ms
[2021-11-13T09:38:30.011-0800][gc,phases   ] GC(450)   Merge Heap Roots: 0.2ms
[2021-11-13T09:38:30.011-0800][gc,phases   ] GC(450)   Evacuate Collection Set: 14.6ms
[2021-11-13T09:38:30.011-0800][gc,phases   ] GC(450)   Post Evacuate Collection Set: 1.9ms
[2021-11-13T09:38:30.011-0800][gc,phases   ] GC(450)   Other: 1.3ms
[2021-11-13T09:38:30.011-0800][gc,heap     ] GC(450) Eden regions: 561->0(563)
[2021-11-13T09:38:30.011-0800][gc,heap     ] GC(450) Survivor regions: 5->4(71)
[2021-11-13T09:38:30.011-0800][gc,heap     ] GC(450) Old regions: 214->214
[2021-11-13T09:38:30.011-0800][gc,heap     ] GC(450) Archive regions: 2->2
[2021-11-13T09:38:30.011-0800][gc,heap     ] GC(450) Humongous regions: 129->129
[2021-11-13T09:38:30.011-0800][gc,metaspace] GC(450) Metaspace: 41226K(42048K)->41226K(42048K) NonClass: 36442K(36928K)->36442K(36928K) Class: 4784K(5120K)->4784K(5120K)
[2021-11-13T09:38:30.012-0800][gc          ] GC(450) Pause Young (Normal) (G1 Evacuation Pause) 909M->347M(1024M) 19.079ms
[2021-11-13T09:38:30.012-0800][gc,cpu      ] GC(450) User=0.04s Sys=0.02s Real=0.02s
[2021-11-13T09:42:13.641-0800][gc,start    ] GC(451) Pause Young (Normal) (G1 Evacuation Pause)
[2021-11-13T09:42:13.642-0800][gc,task     ] GC(451) Using 8 workers of 8 for evacuation
[2021-11-13T09:42:13.665-0800][gc,mmu      ] GC(451) MMU target violated: 21.0ms (20.0ms/21.0ms)
[2021-11-13T09:42:13.665-0800][gc,phases   ] GC(451)   Pre Evacuate Collection Set: 0.7ms
[2021-11-13T09:42:13.665-0800][gc,phases   ] GC(451)   Merge Heap Roots: 0.5ms
[2021-11-13T09:42:13.665-0800][gc,phases   ] GC(451)   Evacuate Collection Set: 18.7ms
[2021-11-13T09:42:13.665-0800][gc,phases   ] GC(451)   Post Evacuate Collection Set: 3.0ms
[2021-11-13T09:42:13.665-0800][gc,phases   ] GC(451)   Other: 1.8ms
[2021-11-13T09:42:13.666-0800][gc,heap     ] GC(451) Eden regions: 563->0(562)
[2021-11-13T09:42:13.666-0800][gc,heap     ] GC(451) Survivor regions: 4->5(71)
[2021-11-13T09:42:13.666-0800][gc,heap     ] GC(451) Old regions: 214->214
[2021-11-13T09:42:13.666-0800][gc,heap     ] GC(451) Archive regions: 2->2
[2021-11-13T09:42:13.666-0800][gc,heap     ] GC(451) Humongous regions: 129->129
[2021-11-13T09:42:13.666-0800][gc,metaspace] GC(451) Metaspace: 41226K(42048K)->41226K(42048K) NonClass: 36442K(36928K)->36442K(36928K) Class: 4784K(5120K)->4784K(5120K)
[2021-11-13T09:42:13.666-0800][gc          ] GC(451) Pause Young (Normal) (G1 Evacuation Pause) 910M->348M(1024M) 25.082ms
[2021-11-13T09:42:13.666-0800][gc,cpu      ] GC(451) User=0.04s Sys=0.03s Real=0.02s
[2021-11-13T09:45:55.347-0800][gc,start    ] GC(452) Pause Young (Normal) (G1 Evacuation Pause)
[2021-11-13T09:45:55.347-0800][gc,task     ] GC(452) Using 8 workers of 8 for evacuation
[2021-11-13T09:45:55.373-0800][gc,mmu      ] GC(452) MMU target violated: 21.0ms (20.0ms/21.0ms)
[2021-11-13T09:45:55.373-0800][gc,phases   ] GC(452)   Pre Evacuate Collection Set: 0.7ms
[2021-11-13T09:45:55.373-0800][gc,phases   ] GC(452)   Merge Heap Roots: 0.5ms
[2021-11-13T09:45:55.373-0800][gc,phases   ] GC(452)   Evacuate Collection Set: 22.0ms
[2021-11-13T09:45:55.373-0800][gc,phases   ] GC(452)   Post Evacuate Collection Set: 2.3ms
[2021-11-13T09:45:55.373-0800][gc,phases   ] GC(452)   Other: 1.3ms
[2021-11-13T09:45:55.374-0800][gc,heap     ] GC(452) Eden regions: 562->0(369)
[2021-11-13T09:45:55.374-0800][gc,heap     ] GC(452) Survivor regions: 5->6(71)
[2021-11-13T09:45:55.374-0800][gc,heap     ] GC(452) Old regions: 214->214
[2021-11-13T09:45:55.374-0800][gc,heap     ] GC(452) Archive regions: 2->2
[2021-11-13T09:45:55.374-0800][gc,heap     ] GC(452) Humongous regions: 129->129
[2021-11-13T09:45:55.374-0800][gc,metaspace] GC(452) Metaspace: 41226K(42048K)->41226K(42048K) NonClass: 36442K(36928K)->36442K(36928K) Class: 4784K(5120K)->4784K(5120K)
[2021-11-13T09:45:55.374-0800][gc          ] GC(452) Pause Young (Normal) (G1 Evacuation Pause) 910M->348M(1024M) 27.134ms
[2021-11-13T09:45:55.374-0800][gc,cpu      ] GC(452) User=0.03s Sys=0.04s Real=0.03s
[2021-11-13T09:48:20.535-0800][gc,start    ] GC(453) Pause Young (Normal) (G1 Evacuation Pause)
[2021-11-13T09:48:20.536-0800][gc,task     ] GC(453) Using 8 workers of 8 for evacuation
[2021-11-13T09:48:20.559-0800][gc,mmu      ] GC(453) MMU target violated: 21.0ms (20.0ms/21.0ms)
[2021-11-13T09:48:20.559-0800][gc,phases   ] GC(453)   Pre Evacuate Collection Set: 1.1ms
[2021-11-13T09:48:20.559-0800][gc,phases   ] GC(453)   Merge Heap Roots: 0.3ms
[2021-11-13T09:48:20.559-0800][gc,phases   ] GC(453)   Evacuate Collection Set: 20.0ms
[2021-11-13T09:48:20.559-0800][gc,phases   ] GC(453)   Post Evacuate Collection Set: 1.7ms
[2021-11-13T09:48:20.560-0800][gc,phases   ] GC(453)   Other: 1.7ms
[2021-11-13T09:48:20.560-0800][gc,heap     ] GC(453) Eden regions: 369->0(563)
[2021-11-13T09:48:20.560-0800][gc,heap     ] GC(453) Survivor regions: 6->5(47)
[2021-11-13T09:48:20.560-0800][gc,heap     ] GC(453) Old regions: 214->214
[2021-11-13T09:48:20.560-0800][gc,heap     ] GC(453) Archive regions: 2->2
[2021-11-13T09:48:20.560-0800][gc,heap     ] GC(453) Humongous regions: 129->129
[2021-11-13T09:48:20.560-0800][gc,metaspace] GC(453) Metaspace: 41226K(42048K)->41226K(42048K) NonClass: 36442K(36928K)->36442K(36928K) Class: 4784K(5120K)->4784K(5120K)
[2021-11-13T09:48:20.560-0800][gc          ] GC(453) Pause Young (Normal) (G1 Evacuation Pause) 717M->348M(1024M) 24.862ms
[2021-11-13T09:48:20.560-0800][gc,cpu      ] GC(453) User=0.04s Sys=0.03s Real=0.03s
[2021-11-13T09:52:02.083-0800][gc,start    ] GC(454) Pause Young (Normal) (G1 Evacuation Pause)
[2021-11-13T09:52:02.085-0800][gc,task     ] GC(454) Using 8 workers of 8 for evacuation
[2021-11-13T09:52:02.113-0800][gc,mmu      ] GC(454) MMU target violated: 21.0ms (20.0ms/21.0ms)
[2021-11-13T09:52:02.113-0800][gc,phases   ] GC(454)   Pre Evacuate Collection Set: 0.8ms
[2021-11-13T09:52:02.113-0800][gc,phases   ] GC(454)   Merge Heap Roots: 0.3ms
[2021-11-13T09:52:02.113-0800][gc,phases   ] GC(454)   Evacuate Collection Set: 22.3ms
[2021-11-13T09:52:02.113-0800][gc,phases   ] GC(454)   Post Evacuate Collection Set: 4.5ms
[2021-11-13T09:52:02.113-0800][gc,phases   ] GC(454)   Other: 1.7ms
[2021-11-13T09:52:02.113-0800][gc,heap     ] GC(454) Eden regions: 563->0(563)
[2021-11-13T09:52:02.113-0800][gc,heap     ] GC(454) Survivor regions: 5->5(71)
[2021-11-13T09:52:02.113-0800][gc,heap     ] GC(454) Old regions: 214->214
[2021-11-13T09:52:02.113-0800][gc,heap     ] GC(454) Archive regions: 2->2
[2021-11-13T09:52:02.113-0800][gc,heap     ] GC(454) Humongous regions: 129->129
[2021-11-13T09:52:02.113-0800][gc,metaspace] GC(454) Metaspace: 41226K(42048K)->41226K(42048K) NonClass: 36442K(36928K)->36442K(36928K) Class: 4784K(5120K)->4784K(5120K)
[2021-11-13T09:52:02.113-0800][gc          ] GC(454) Pause Young (Normal) (G1 Evacuation Pause) 911M->348M(1024M) 29.900ms
[2021-11-13T09:52:02.113-0800][gc,cpu      ] GC(454) User=0.04s Sys=0.04s Real=0.03s
[2021-11-13T09:55:43.311-0800][gc,start    ] GC(455) Pause Young (Normal) (G1 Evacuation Pause)
[2021-11-13T09:55:43.312-0800][gc,task     ] GC(455) Using 8 workers of 8 for evacuation
[2021-11-13T09:55:43.336-0800][gc,mmu      ] GC(455) MMU target violated: 21.0ms (20.0ms/21.0ms)
[2021-11-13T09:55:43.336-0800][gc,phases   ] GC(455)   Pre Evacuate Collection Set: 0.6ms
[2021-11-13T09:55:43.336-0800][gc,phases   ] GC(455)   Merge Heap Roots: 0.2ms
[2021-11-13T09:55:43.336-0800][gc,phases   ] GC(455)   Evacuate Collection Set: 20.9ms
[2021-11-13T09:55:43.336-0800][gc,phases   ] GC(455)   Post Evacuate Collection Set: 2.0ms
[2021-11-13T09:55:43.336-0800][gc,phases   ] GC(455)   Other: 1.2ms
[2021-11-13T09:55:43.336-0800][gc,heap     ] GC(455) Eden regions: 563->0(433)
[2021-11-13T09:55:43.336-0800][gc,heap     ] GC(455) Survivor regions: 5->5(71)
[2021-11-13T09:55:43.336-0800][gc,heap     ] GC(455) Old regions: 214->214
[2021-11-13T09:55:43.336-0800][gc,heap     ] GC(455) Archive regions: 2->2
[2021-11-13T09:55:43.336-0800][gc,heap     ] GC(455) Humongous regions: 129->129
[2021-11-13T09:55:43.337-0800][gc,metaspace] GC(455) Metaspace: 41226K(42048K)->41226K(42048K) NonClass: 36442K(36928K)->36442K(36928K) Class: 4784K(5120K)->4784K(5120K)
[2021-11-13T09:55:43.337-0800][gc          ] GC(455) Pause Young (Normal) (G1 Evacuation Pause) 911M->347M(1024M) 25.355ms
[2021-11-13T09:55:43.337-0800][gc,cpu      ] GC(455) User=0.03s Sys=0.04s Real=0.02s
[2021-11-13T09:58:33.918-0800][gc,start    ] GC(456) Pause Young (Normal) (G1 Evacuation Pause)
[2021-11-13T09:58:33.918-0800][gc,task     ] GC(456) Using 8 workers of 8 for evacuation
[2021-11-13T09:58:33.934-0800][gc,phases   ] GC(456)   Pre Evacuate Collection Set: 0.7ms
[2021-11-13T09:58:33.934-0800][gc,phases   ] GC(456)   Merge Heap Roots: 0.4ms
[2021-11-13T09:58:33.934-0800][gc,phases   ] GC(456)   Evacuate Collection Set: 13.4ms
[2021-11-13T09:58:33.934-0800][gc,phases   ] GC(456)   Post Evacuate Collection Set: 0.7ms
[2021-11-13T09:58:33.934-0800][gc,phases   ] GC(456)   Other: 1.1ms
[2021-11-13T09:58:33.934-0800][gc,heap     ] GC(456) Eden regions: 433->0(564)
[2021-11-13T09:58:33.934-0800][gc,heap     ] GC(456) Survivor regions: 5->4(55)
[2021-11-13T09:58:33.934-0800][gc,heap     ] GC(456) Old regions: 214->215
[2021-11-13T09:58:33.934-0800][gc,heap     ] GC(456) Archive regions: 2->2
[2021-11-13T09:58:33.934-0800][gc,heap     ] GC(456) Humongous regions: 129->129
[2021-11-13T09:58:33.934-0800][gc,metaspace] GC(456) Metaspace: 41226K(42048K)->41226K(42048K) NonClass: 36442K(36928K)->36442K(36928K) Class: 4784K(5120K)->4784K(5120K)
[2021-11-13T09:58:33.934-0800][gc          ] GC(456) Pause Young (Normal) (G1 Evacuation Pause) 780M->348M(1024M) 16.555ms
[2021-11-13T09:58:33.934-0800][gc,cpu      ] GC(456) User=0.04s Sys=0.01s Real=0.02s
[2021-11-13T10:02:17.162-0800][gc,start    ] GC(457) Pause Young (Normal) (G1 Evacuation Pause)
[2021-11-13T10:02:17.163-0800][gc,task     ] GC(457) Using 8 workers of 8 for evacuation
[2021-11-13T10:02:17.193-0800][gc,mmu      ] GC(457) MMU target violated: 21.0ms (20.0ms/21.0ms)
[2021-11-13T10:02:17.193-0800][gc,phases   ] GC(457)   Pre Evacuate Collection Set: 1.1ms
[2021-11-13T10:02:17.193-0800][gc,phases   ] GC(457)   Merge Heap Roots: 0.5ms
[2021-11-13T10:02:17.193-0800][gc,phases   ] GC(457)   Evacuate Collection Set: 23.8ms
[2021-11-13T10:02:17.193-0800][gc,phases   ] GC(457)   Post Evacuate Collection Set: 3.4ms
[2021-11-13T10:02:17.193-0800][gc,phases   ] GC(457)   Other: 2.2ms
[2021-11-13T10:02:17.193-0800][gc,heap     ] GC(457) Eden regions: 564->0(562)
[2021-11-13T10:02:17.193-0800][gc,heap     ] GC(457) Survivor regions: 4->5(71)
[2021-11-13T10:02:17.193-0800][gc,heap     ] GC(457) Old regions: 215->215
[2021-11-13T10:02:17.193-0800][gc,heap     ] GC(457) Archive regions: 2->2
[2021-11-13T10:02:17.193-0800][gc,heap     ] GC(457) Humongous regions: 129->129
[2021-11-13T10:02:17.193-0800][gc,metaspace] GC(457) Metaspace: 41226K(42048K)->41226K(42048K) NonClass: 36442K(36928K)->36442K(36928K) Class: 4784K(5120K)->4784K(5120K)
[2021-11-13T10:02:17.193-0800][gc          ] GC(457) Pause Young (Normal) (G1 Evacuation Pause) 912M->349M(1024M) 30.894ms
[2021-11-13T10:02:17.193-0800][gc,cpu      ] GC(457) User=0.04s Sys=0.05s Real=0.03s
[2021-11-13T10:05:58.218-0800][gc,start    ] GC(458) Pause Young (Normal) (G1 Evacuation Pause)
[2021-11-13T10:05:58.219-0800][gc,task     ] GC(458) Using 8 workers of 8 for evacuation
[2021-11-13T10:05:58.251-0800][gc,mmu      ] GC(458) MMU target violated: 21.0ms (20.0ms/21.0ms)
[2021-11-13T10:05:58.251-0800][gc,phases   ] GC(458)   Pre Evacuate Collection Set: 1.2ms
[2021-11-13T10:05:58.251-0800][gc,phases   ] GC(458)   Merge Heap Roots: 0.4ms
[2021-11-13T10:05:58.251-0800][gc,phases   ] GC(458)   Evacuate Collection Set: 25.8ms
[2021-11-13T10:05:58.251-0800][gc,phases   ] GC(458)   Post Evacuate Collection Set: 4.1ms
[2021-11-13T10:05:58.251-0800][gc,phases   ] GC(458)   Other: 2.3ms
[2021-11-13T10:05:58.251-0800][gc,heap     ] GC(458) Eden regions: 562->0(387)
[2021-11-13T10:05:58.251-0800][gc,heap     ] GC(458) Survivor regions: 5->4(71)
[2021-11-13T10:05:58.251-0800][gc,heap     ] GC(458) Old regions: 215->215
[2021-11-13T10:05:58.251-0800][gc,heap     ] GC(458) Archive regions: 2->2
[2021-11-13T10:05:58.251-0800][gc,heap     ] GC(458) Humongous regions: 129->129
[2021-11-13T10:05:58.251-0800][gc,metaspace] GC(458) Metaspace: 41226K(42048K)->41226K(42048K) NonClass: 36442K(36928K)->36442K(36928K) Class: 4784K(5120K)->4784K(5120K)
[2021-11-13T10:05:58.251-0800][gc          ] GC(458) Pause Young (Normal) (G1 Evacuation Pause) 911M->348M(1024M) 33.893ms
[2021-11-13T10:05:58.252-0800][gc,cpu      ] GC(458) User=0.04s Sys=0.04s Real=0.04s
[2021-11-13T10:08:29.009-0800][gc,start    ] GC(459) Pause Young (Normal) (G1 Evacuation Pause)
[2021-11-13T10:08:29.009-0800][gc,task     ] GC(459) Using 8 workers of 8 for evacuation
[2021-11-13T10:08:29.048-0800][gc,mmu      ] GC(459) MMU target violated: 21.0ms (20.0ms/21.0ms)
[2021-11-13T10:08:29.049-0800][gc,phases   ] GC(459)   Pre Evacuate Collection Set: 0.5ms
[2021-11-13T10:08:29.049-0800][gc,phases   ] GC(459)   Merge Heap Roots: 0.2ms
[2021-11-13T10:08:29.049-0800][gc,phases   ] GC(459)   Evacuate Collection Set: 36.7ms
[2021-11-13T10:08:29.049-0800][gc,phases   ] GC(459)   Post Evacuate Collection Set: 1.6ms
[2021-11-13T10:08:29.049-0800][gc,phases   ] GC(459)   Other: 0.8ms
[2021-11-13T10:08:29.049-0800][gc,heap     ] GC(459) Eden regions: 387->0(563)
[2021-11-13T10:08:29.049-0800][gc,heap     ] GC(459) Survivor regions: 4->4(49)
[2021-11-13T10:08:29.049-0800][gc,heap     ] GC(459) Old regions: 215->215
[2021-11-13T10:08:29.049-0800][gc,heap     ] GC(459) Archive regions: 2->2
[2021-11-13T10:08:29.049-0800][gc,heap     ] GC(459) Humongous regions: 129->129
[2021-11-13T10:08:29.049-0800][gc,metaspace] GC(459) Metaspace: 41226K(42048K)->41226K(42048K) NonClass: 36442K(36928K)->36442K(36928K) Class: 4784K(5120K)->4784K(5120K)
[2021-11-13T10:08:29.049-0800][gc          ] GC(459) Pause Young (Normal) (G1 Evacuation Pause) 735M->348M(1024M) 40.135ms
[2021-11-13T10:08:29.049-0800][gc,cpu      ] GC(459) User=0.03s Sys=0.03s Real=0.04s
[2021-11-13T10:12:10.560-0800][gc,start    ] GC(460) Pause Young (Normal) (G1 Evacuation Pause)
[2021-11-13T10:12:10.561-0800][gc,task     ] GC(460) Using 8 workers of 8 for evacuation
[2021-11-13T10:12:10.580-0800][gc,phases   ] GC(460)   Pre Evacuate Collection Set: 1.2ms
[2021-11-13T10:12:10.580-0800][gc,phases   ] GC(460)   Merge Heap Roots: 0.6ms
[2021-11-13T10:12:10.580-0800][gc,phases   ] GC(460)   Evacuate Collection Set: 14.7ms
[2021-11-13T10:12:10.580-0800][gc,phases   ] GC(460)   Post Evacuate Collection Set: 1.9ms
[2021-11-13T10:12:10.580-0800][gc,phases   ] GC(460)   Other: 1.9ms
[2021-11-13T10:12:10.580-0800][gc,heap     ] GC(460) Eden regions: 563->0(562)
[2021-11-13T10:12:10.580-0800][gc,heap     ] GC(460) Survivor regions: 4->4(71)
[2021-11-13T10:12:10.580-0800][gc,heap     ] GC(460) Old regions: 215->216
[2021-11-13T10:12:10.580-0800][gc,heap     ] GC(460) Archive regions: 2->2
[2021-11-13T10:12:10.580-0800][gc,heap     ] GC(460) Humongous regions: 129->129
[2021-11-13T10:12:10.580-0800][gc,metaspace] GC(460) Metaspace: 41226K(42048K)->41226K(42048K) NonClass: 36442K(36928K)->36442K(36928K) Class: 4784K(5120K)->4784K(5120K)
[2021-11-13T10:12:10.580-0800][gc          ] GC(460) Pause Young (Normal) (G1 Evacuation Pause) 911M->348M(1024M) 20.526ms
[2021-11-13T10:12:10.580-0800][gc,cpu      ] GC(460) User=0.03s Sys=0.03s Real=0.02s
[2021-11-13T10:15:51.565-0800][gc,start    ] GC(461) Pause Young (Normal) (G1 Evacuation Pause)
[2021-11-13T10:15:51.566-0800][gc,task     ] GC(461) Using 8 workers of 8 for evacuation
[2021-11-13T10:15:51.589-0800][gc,mmu      ] GC(461) MMU target violated: 21.0ms (20.0ms/21.0ms)
[2021-11-13T10:15:51.589-0800][gc,phases   ] GC(461)   Pre Evacuate Collection Set: 0.8ms
[2021-11-13T10:15:51.589-0800][gc,phases   ] GC(461)   Merge Heap Roots: 0.4ms
[2021-11-13T10:15:51.589-0800][gc,phases   ] GC(461)   Evacuate Collection Set: 18.7ms
[2021-11-13T10:15:51.589-0800][gc,phases   ] GC(461)   Post Evacuate Collection Set: 2.3ms
[2021-11-13T10:15:51.589-0800][gc,phases   ] GC(461)   Other: 1.7ms
[2021-11-13T10:15:51.589-0800][gc,heap     ] GC(461) Eden regions: 562->0(562)
[2021-11-13T10:15:51.589-0800][gc,heap     ] GC(461) Survivor regions: 4->4(71)
[2021-11-13T10:15:51.589-0800][gc,heap     ] GC(461) Old regions: 216->216
[2021-11-13T10:15:51.589-0800][gc,heap     ] GC(461) Archive regions: 2->2
[2021-11-13T10:15:51.589-0800][gc,heap     ] GC(461) Humongous regions: 129->129
[2021-11-13T10:15:51.589-0800][gc,metaspace] GC(461) Metaspace: 41226K(42048K)->41226K(42048K) NonClass: 36442K(36928K)->36442K(36928K) Class: 4784K(5120K)->4784K(5120K)
[2021-11-13T10:15:51.590-0800][gc          ] GC(461) Pause Young (Normal) (G1 Evacuation Pause) 910M->349M(1024M) 24.156ms
[2021-11-13T10:15:51.590-0800][gc,cpu      ] GC(461) User=0.03s Sys=0.04s Real=0.03s
[2021-11-13T10:19:31.407-0800][gc,start    ] GC(462) Pause Young (Normal) (G1 Evacuation Pause)
[2021-11-13T10:19:31.408-0800][gc,task     ] GC(462) Using 8 workers of 8 for evacuation
[2021-11-13T10:19:31.441-0800][gc,mmu      ] GC(462) MMU target violated: 21.0ms (20.0ms/21.0ms)
[2021-11-13T10:19:31.441-0800][gc,phases   ] GC(462)   Pre Evacuate Collection Set: 0.6ms
[2021-11-13T10:19:31.441-0800][gc,phases   ] GC(462)   Merge Heap Roots: 0.3ms
[2021-11-13T10:19:31.441-0800][gc,phases   ] GC(462)   Evacuate Collection Set: 27.5ms
[2021-11-13T10:19:31.441-0800][gc,phases   ] GC(462)   Post Evacuate Collection Set: 4.3ms
[2021-11-13T10:19:31.441-0800][gc,phases   ] GC(462)   Other: 1.6ms
[2021-11-13T10:19:31.441-0800][gc,heap     ] GC(462) Eden regions: 562->0(485)
[2021-11-13T10:19:31.441-0800][gc,heap     ] GC(462) Survivor regions: 4->4(71)
[2021-11-13T10:19:31.441-0800][gc,heap     ] GC(462) Old regions: 216->216
[2021-11-13T10:19:31.441-0800][gc,heap     ] GC(462) Archive regions: 2->2
[2021-11-13T10:19:31.441-0800][gc,heap     ] GC(462) Humongous regions: 129->129
[2021-11-13T10:19:31.441-0800][gc,metaspace] GC(462) Metaspace: 41226K(42048K)->41226K(42048K) NonClass: 36442K(36928K)->36442K(36928K) Class: 4784K(5120K)->4784K(5120K)
[2021-11-13T10:19:31.441-0800][gc          ] GC(462) Pause Young (Normal) (G1 Evacuation Pause) 911M->348M(1024M) 34.401ms
[2021-11-13T10:19:31.441-0800][gc,cpu      ] GC(462) User=0.03s Sys=0.06s Real=0.04s
[2021-11-13T10:22:41.804-0800][gc,start    ] GC(463) Pause Young (Normal) (G1 Evacuation Pause)
[2021-11-13T10:22:41.805-0800][gc,task     ] GC(463) Using 8 workers of 8 for evacuation
[2021-11-13T10:22:41.831-0800][gc,mmu      ] GC(463) MMU target violated: 21.0ms (20.0ms/21.0ms)
[2021-11-13T10:22:41.832-0800][gc,phases   ] GC(463)   Pre Evacuate Collection Set: 1.0ms
[2021-11-13T10:22:41.832-0800][gc,phases   ] GC(463)   Merge Heap Roots: 0.6ms
[2021-11-13T10:22:41.832-0800][gc,phases   ] GC(463)   Evacuate Collection Set: 22.6ms
[2021-11-13T10:22:41.832-0800][gc,phases   ] GC(463)   Post Evacuate Collection Set: 1.9ms
[2021-11-13T10:22:41.832-0800][gc,phases   ] GC(463)   Other: 1.5ms
[2021-11-13T10:22:41.832-0800][gc,heap     ] GC(463) Eden regions: 485->0(315)
[2021-11-13T10:22:41.832-0800][gc,heap     ] GC(463) Survivor regions: 4->5(62)
[2021-11-13T10:22:41.832-0800][gc,heap     ] GC(463) Old regions: 216->216
[2021-11-13T10:22:41.832-0800][gc,heap     ] GC(463) Archive regions: 2->2
[2021-11-13T10:22:41.832-0800][gc,heap     ] GC(463) Humongous regions: 129->129
[2021-11-13T10:22:41.832-0800][gc,metaspace] GC(463) Metaspace: 41226K(42048K)->41226K(42048K) NonClass: 36442K(36928K)->36442K(36928K) Class: 4784K(5120K)->4784K(5120K)
[2021-11-13T10:22:41.832-0800][gc          ] GC(463) Pause Young (Normal) (G1 Evacuation Pause) 833M->349M(1024M) 27.675ms
[2021-11-13T10:22:41.832-0800][gc,cpu      ] GC(463) User=0.04s Sys=0.05s Real=0.03s
[2021-11-13T10:24:45.003-0800][gc,start    ] GC(464) Pause Young (Normal) (G1 Evacuation Pause)
[2021-11-13T10:24:45.008-0800][gc,task     ] GC(464) Using 8 workers of 8 for evacuation
[2021-11-13T10:24:45.034-0800][gc,mmu      ] GC(464) MMU target violated: 21.0ms (20.0ms/21.0ms)
[2021-11-13T10:24:45.034-0800][gc,phases   ] GC(464)   Pre Evacuate Collection Set: 1.1ms
[2021-11-13T10:24:45.034-0800][gc,phases   ] GC(464)   Merge Heap Roots: 0.3ms
[2021-11-13T10:24:45.034-0800][gc,phases   ] GC(464)   Evacuate Collection Set: 22.2ms
[2021-11-13T10:24:45.034-0800][gc,phases   ] GC(464)   Post Evacuate Collection Set: 2.2ms
[2021-11-13T10:24:45.034-0800][gc,phases   ] GC(464)   Other: 5.2ms
[2021-11-13T10:24:45.034-0800][gc,heap     ] GC(464) Eden regions: 315->0(417)
[2021-11-13T10:24:45.034-0800][gc,heap     ] GC(464) Survivor regions: 5->5(40)
[2021-11-13T10:24:45.034-0800][gc,heap     ] GC(464) Old regions: 216->216
[2021-11-13T10:24:45.034-0800][gc,heap     ] GC(464) Archive regions: 2->2
[2021-11-13T10:24:45.034-0800][gc,heap     ] GC(464) Humongous regions: 129->129
[2021-11-13T10:24:45.034-0800][gc,metaspace] GC(464) Metaspace: 41226K(42048K)->41226K(42048K) NonClass: 36442K(36928K)->36442K(36928K) Class: 4784K(5120K)->4784K(5120K)
[2021-11-13T10:24:45.034-0800][gc          ] GC(464) Pause Young (Normal) (G1 Evacuation Pause) 664M->349M(1024M) 31.172ms
[2021-11-13T10:24:45.035-0800][gc,cpu      ] GC(464) User=0.03s Sys=0.03s Real=0.03s
[2021-11-13T10:27:28.147-0800][gc,start    ] GC(465) Pause Young (Normal) (G1 Evacuation Pause)
[2021-11-13T10:27:28.148-0800][gc,task     ] GC(465) Using 8 workers of 8 for evacuation
[2021-11-13T10:27:28.168-0800][gc,phases   ] GC(465)   Pre Evacuate Collection Set: 0.6ms
[2021-11-13T10:27:28.168-0800][gc,phases   ] GC(465)   Merge Heap Roots: 0.4ms
[2021-11-13T10:27:28.168-0800][gc,phases   ] GC(465)   Evacuate Collection Set: 16.3ms
[2021-11-13T10:27:28.168-0800][gc,phases   ] GC(465)   Post Evacuate Collection Set: 1.8ms
[2021-11-13T10:27:28.168-0800][gc,phases   ] GC(465)   Other: 1.5ms
[2021-11-13T10:27:28.168-0800][gc,heap     ] GC(465) Eden regions: 417->0(561)
[2021-11-13T10:27:28.168-0800][gc,heap     ] GC(465) Survivor regions: 5->4(53)
[2021-11-13T10:27:28.168-0800][gc,heap     ] GC(465) Old regions: 216->216
[2021-11-13T10:27:28.168-0800][gc,heap     ] GC(465) Archive regions: 2->2
[2021-11-13T10:27:28.168-0800][gc,heap     ] GC(465) Humongous regions: 129->129
[2021-11-13T10:27:28.168-0800][gc,metaspace] GC(465) Metaspace: 41226K(42048K)->41226K(42048K) NonClass: 36442K(36928K)->36442K(36928K) Class: 4784K(5120K)->4784K(5120K)
[2021-11-13T10:27:28.168-0800][gc          ] GC(465) Pause Young (Normal) (G1 Evacuation Pause) 766M->349M(1024M) 20.821ms
[2021-11-13T10:27:28.168-0800][gc,cpu      ] GC(465) User=0.03s Sys=0.03s Real=0.02s
[2021-11-13T10:31:08.152-0800][gc,start    ] GC(466) Pause Young (Normal) (G1 Evacuation Pause)
[2021-11-13T10:31:08.152-0800][gc,task     ] GC(466) Using 8 workers of 8 for evacuation
[2021-11-13T10:31:08.199-0800][gc,mmu      ] GC(466) MMU target violated: 21.0ms (20.0ms/21.0ms)
[2021-11-13T10:31:08.199-0800][gc,phases   ] GC(466)   Pre Evacuate Collection Set: 0.6ms
[2021-11-13T10:31:08.199-0800][gc,phases   ] GC(466)   Merge Heap Roots: 0.4ms
[2021-11-13T10:31:08.199-0800][gc,phases   ] GC(466)   Evacuate Collection Set: 31.8ms
[2021-11-13T10:31:08.199-0800][gc,phases   ] GC(466)   Post Evacuate Collection Set: 12.8ms
[2021-11-13T10:31:08.199-0800][gc,phases   ] GC(466)   Other: 1.3ms
[2021-11-13T10:31:08.199-0800][gc,heap     ] GC(466) Eden regions: 561->0(59)
[2021-11-13T10:31:08.199-0800][gc,heap     ] GC(466) Survivor regions: 4->4(71)
[2021-11-13T10:31:08.199-0800][gc,heap     ] GC(466) Old regions: 216->216
[2021-11-13T10:31:08.199-0800][gc,heap     ] GC(466) Archive regions: 2->2
[2021-11-13T10:31:08.199-0800][gc,heap     ] GC(466) Humongous regions: 129->129
[2021-11-13T10:31:08.199-0800][gc,metaspace] GC(466) Metaspace: 41226K(42048K)->41226K(42048K) NonClass: 36442K(36928K)->36442K(36928K) Class: 4784K(5120K)->4784K(5120K)
[2021-11-13T10:31:08.199-0800][gc          ] GC(466) Pause Young (Normal) (G1 Evacuation Pause) 910M->349M(1024M) 46.890ms
[2021-11-13T10:31:08.199-0800][gc,cpu      ] GC(466) User=0.04s Sys=0.05s Real=0.04s
[2021-11-13T10:31:31.029-0800][gc,start    ] GC(467) Pause Young (Normal) (G1 Evacuation Pause)
[2021-11-13T10:31:31.030-0800][gc,task     ] GC(467) Using 8 workers of 8 for evacuation
[2021-11-13T10:31:31.039-0800][gc,phases   ] GC(467)   Pre Evacuate Collection Set: 0.5ms
[2021-11-13T10:31:31.039-0800][gc,phases   ] GC(467)   Merge Heap Roots: 0.1ms
[2021-11-13T10:31:31.039-0800][gc,phases   ] GC(467)   Evacuate Collection Set: 7.8ms
[2021-11-13T10:31:31.039-0800][gc,phases   ] GC(467)   Post Evacuate Collection Set: 0.5ms
[2021-11-13T10:31:31.039-0800][gc,phases   ] GC(467)   Other: 1.3ms
[2021-11-13T10:31:31.040-0800][gc,heap     ] GC(467) Eden regions: 59->0(179)
[2021-11-13T10:31:31.040-0800][gc,heap     ] GC(467) Survivor regions: 4->4(8)
[2021-11-13T10:31:31.040-0800][gc,heap     ] GC(467) Old regions: 216->216
[2021-11-13T10:31:31.040-0800][gc,heap     ] GC(467) Archive regions: 2->2
[2021-11-13T10:31:31.040-0800][gc,heap     ] GC(467) Humongous regions: 129->129
[2021-11-13T10:31:31.040-0800][gc,metaspace] GC(467) Metaspace: 41226K(42048K)->41226K(42048K) NonClass: 36442K(36928K)->36442K(36928K) Class: 4784K(5120K)->4784K(5120K)
[2021-11-13T10:31:31.040-0800][gc          ] GC(467) Pause Young (Normal) (G1 Evacuation Pause) 408M->349M(1024M) 10.519ms
[2021-11-13T10:31:31.040-0800][gc,cpu      ] GC(467) User=0.02s Sys=0.01s Real=0.02s
[2021-11-13T10:32:40.788-0800][gc,start    ] GC(468) Pause Young (Normal) (G1 Evacuation Pause)
[2021-11-13T10:32:40.789-0800][gc,task     ] GC(468) Using 8 workers of 8 for evacuation
[2021-11-13T10:32:40.814-0800][gc,mmu      ] GC(468) MMU target violated: 21.0ms (20.0ms/21.0ms)
[2021-11-13T10:32:40.814-0800][gc,phases   ] GC(468)   Pre Evacuate Collection Set: 1.1ms
[2021-11-13T10:32:40.814-0800][gc,phases   ] GC(468)   Merge Heap Roots: 0.2ms
[2021-11-13T10:32:40.814-0800][gc,phases   ] GC(468)   Evacuate Collection Set: 21.8ms
[2021-11-13T10:32:40.814-0800][gc,phases   ] GC(468)   Post Evacuate Collection Set: 1.6ms
[2021-11-13T10:32:40.814-0800][gc,phases   ] GC(468)   Other: 1.7ms
[2021-11-13T10:32:40.814-0800][gc,heap     ] GC(468) Eden regions: 179->0(247)
[2021-11-13T10:32:40.814-0800][gc,heap     ] GC(468) Survivor regions: 4->4(23)
[2021-11-13T10:32:40.814-0800][gc,heap     ] GC(468) Old regions: 216->216
[2021-11-13T10:32:40.814-0800][gc,heap     ] GC(468) Archive regions: 2->2
[2021-11-13T10:32:40.814-0800][gc,heap     ] GC(468) Humongous regions: 129->129
[2021-11-13T10:32:40.814-0800][gc,metaspace] GC(468) Metaspace: 41226K(42048K)->41226K(42048K) NonClass: 36442K(36928K)->36442K(36928K) Class: 4784K(5120K)->4784K(5120K)
[2021-11-13T10:32:40.814-0800][gc          ] GC(468) Pause Young (Normal) (G1 Evacuation Pause) 528M->349M(1024M) 26.538ms
[2021-11-13T10:32:40.814-0800][gc,cpu      ] GC(468) User=0.03s Sys=0.03s Real=0.03s
[2021-11-13T10:34:17.091-0800][gc,start    ] GC(469) Pause Young (Normal) (G1 Evacuation Pause)
[2021-11-13T10:34:17.092-0800][gc,task     ] GC(469) Using 8 workers of 8 for evacuation
[2021-11-13T10:34:17.109-0800][gc,phases   ] GC(469)   Pre Evacuate Collection Set: 0.6ms
[2021-11-13T10:34:17.110-0800][gc,phases   ] GC(469)   Merge Heap Roots: 0.2ms
[2021-11-13T10:34:17.110-0800][gc,phases   ] GC(469)   Evacuate Collection Set: 15.2ms
[2021-11-13T10:34:17.110-0800][gc,phases   ] GC(469)   Post Evacuate Collection Set: 1.1ms
[2021-11-13T10:34:17.110-0800][gc,phases   ] GC(469)   Other: 1.4ms
[2021-11-13T10:34:17.110-0800][gc,heap     ] GC(469) Eden regions: 247->0(242)
[2021-11-13T10:34:17.110-0800][gc,heap     ] GC(469) Survivor regions: 4->5(32)
[2021-11-13T10:34:17.110-0800][gc,heap     ] GC(469) Old regions: 216->216
[2021-11-13T10:34:17.110-0800][gc,heap     ] GC(469) Archive regions: 2->2
[2021-11-13T10:34:17.110-0800][gc,heap     ] GC(469) Humongous regions: 129->129
[2021-11-13T10:34:17.110-0800][gc,metaspace] GC(469) Metaspace: 41226K(42048K)->41226K(42048K) NonClass: 36442K(36928K)->36442K(36928K) Class: 4784K(5120K)->4784K(5120K)
[2021-11-13T10:34:17.110-0800][gc          ] GC(469) Pause Young (Normal) (G1 Evacuation Pause) 596M->350M(1024M) 18.816ms
[2021-11-13T10:34:17.110-0800][gc,cpu      ] GC(469) User=0.03s Sys=0.02s Real=0.02s
[2021-11-13T10:35:51.942-0800][gc,start    ] GC(470) Pause Young (Normal) (G1 Evacuation Pause)
[2021-11-13T10:35:51.943-0800][gc,task     ] GC(470) Using 8 workers of 8 for evacuation
[2021-11-13T10:35:51.961-0800][gc,phases   ] GC(470)   Pre Evacuate Collection Set: 0.8ms
[2021-11-13T10:35:51.961-0800][gc,phases   ] GC(470)   Merge Heap Roots: 0.3ms
[2021-11-13T10:35:51.961-0800][gc,phases   ] GC(470)   Evacuate Collection Set: 13.9ms
[2021-11-13T10:35:51.961-0800][gc,phases   ] GC(470)   Post Evacuate Collection Set: 1.8ms
[2021-11-13T10:35:51.961-0800][gc,phases   ] GC(470)   Other: 1.7ms
[2021-11-13T10:35:51.961-0800][gc,heap     ] GC(470) Eden regions: 242->0(562)
[2021-11-13T10:35:51.961-0800][gc,heap     ] GC(470) Survivor regions: 5->3(31)
[2021-11-13T10:35:51.961-0800][gc,heap     ] GC(470) Old regions: 216->216
[2021-11-13T10:35:51.961-0800][gc,heap     ] GC(470) Archive regions: 2->2
[2021-11-13T10:35:51.961-0800][gc,heap     ] GC(470) Humongous regions: 129->129
[2021-11-13T10:35:51.961-0800][gc,metaspace] GC(470) Metaspace: 41226K(42048K)->41226K(42048K) NonClass: 36442K(36928K)->36442K(36928K) Class: 4784K(5120K)->4784K(5120K)
[2021-11-13T10:35:51.961-0800][gc          ] GC(470) Pause Young (Normal) (G1 Evacuation Pause) 592M->348M(1024M) 18.699ms
[2021-11-13T10:35:51.961-0800][gc,cpu      ] GC(470) User=0.02s Sys=0.02s Real=0.02s
[2021-11-13T10:39:31.853-0800][gc,start    ] GC(471) Pause Young (Normal) (G1 Evacuation Pause)
[2021-11-13T10:39:31.854-0800][gc,task     ] GC(471) Using 8 workers of 8 for evacuation
[2021-11-13T10:39:31.889-0800][gc,mmu      ] GC(471) MMU target violated: 21.0ms (20.0ms/21.0ms)
[2021-11-13T10:39:31.889-0800][gc,phases   ] GC(471)   Pre Evacuate Collection Set: 0.8ms
[2021-11-13T10:39:31.889-0800][gc,phases   ] GC(471)   Merge Heap Roots: 0.4ms
[2021-11-13T10:39:31.889-0800][gc,phases   ] GC(471)   Evacuate Collection Set: 32.1ms
[2021-11-13T10:39:31.889-0800][gc,phases   ] GC(471)   Post Evacuate Collection Set: 1.3ms
[2021-11-13T10:39:31.889-0800][gc,phases   ] GC(471)   Other: 1.7ms
[2021-11-13T10:39:31.889-0800][gc,heap     ] GC(471) Eden regions: 562->0(228)
[2021-11-13T10:39:31.889-0800][gc,heap     ] GC(471) Survivor regions: 3->4(71)
[2021-11-13T10:39:31.889-0800][gc,heap     ] GC(471) Old regions: 216->216
[2021-11-13T10:39:31.889-0800][gc,heap     ] GC(471) Archive regions: 2->2
[2021-11-13T10:39:31.889-0800][gc,heap     ] GC(471) Humongous regions: 129->129
[2021-11-13T10:39:31.889-0800][gc,metaspace] GC(471) Metaspace: 41226K(42048K)->41226K(42048K) NonClass: 36442K(36928K)->36442K(36928K) Class: 4784K(5120K)->4784K(5120K)
[2021-11-13T10:39:31.889-0800][gc          ] GC(471) Pause Young (Normal) (G1 Evacuation Pause) 910M->349M(1024M) 36.480ms
[2021-11-13T10:39:31.889-0800][gc,cpu      ] GC(471) User=0.03s Sys=0.03s Real=0.03s
[2021-11-13T10:41:01.092-0800][gc,start    ] GC(472) Pause Young (Normal) (G1 Evacuation Pause)
[2021-11-13T10:41:01.092-0800][gc,task     ] GC(472) Using 8 workers of 8 for evacuation
[2021-11-13T10:41:01.111-0800][gc,phases   ] GC(472)   Pre Evacuate Collection Set: 1.0ms
[2021-11-13T10:41:01.112-0800][gc,phases   ] GC(472)   Merge Heap Roots: 0.3ms
[2021-11-13T10:41:01.112-0800][gc,phases   ] GC(472)   Evacuate Collection Set: 15.6ms
[2021-11-13T10:41:01.112-0800][gc,phases   ] GC(472)   Post Evacuate Collection Set: 1.7ms
[2021-11-13T10:41:01.112-0800][gc,phases   ] GC(472)   Other: 1.3ms
[2021-11-13T10:41:01.112-0800][gc,heap     ] GC(472) Eden regions: 228->0(327)
[2021-11-13T10:41:01.112-0800][gc,heap     ] GC(472) Survivor regions: 4->4(29)
[2021-11-13T10:41:01.112-0800][gc,heap     ] GC(472) Old regions: 216->216
[2021-11-13T10:41:01.112-0800][gc,heap     ] GC(472) Archive regions: 2->2
[2021-11-13T10:41:01.112-0800][gc,heap     ] GC(472) Humongous regions: 129->129
[2021-11-13T10:41:01.112-0800][gc,metaspace] GC(472) Metaspace: 41226K(42048K)->41226K(42048K) NonClass: 36442K(36928K)->36442K(36928K) Class: 4784K(5120K)->4784K(5120K)
[2021-11-13T10:41:01.112-0800][gc          ] GC(472) Pause Young (Normal) (G1 Evacuation Pause) 577M->349M(1024M) 20.246ms
[2021-11-13T10:41:01.112-0800][gc,cpu      ] GC(472) User=0.03s Sys=0.02s Real=0.02s
[2021-11-13T10:43:08.965-0800][gc,start    ] GC(473) Pause Young (Normal) (G1 Evacuation Pause)
[2021-11-13T10:43:08.965-0800][gc,task     ] GC(473) Using 8 workers of 8 for evacuation
[2021-11-13T10:43:08.983-0800][gc,phases   ] GC(473)   Pre Evacuate Collection Set: 1.1ms
[2021-11-13T10:43:08.983-0800][gc,phases   ] GC(473)   Merge Heap Roots: 0.3ms
[2021-11-13T10:43:08.983-0800][gc,phases   ] GC(473)   Evacuate Collection Set: 14.0ms
[2021-11-13T10:43:08.983-0800][gc,phases   ] GC(473)   Post Evacuate Collection Set: 1.6ms
[2021-11-13T10:43:08.983-0800][gc,phases   ] GC(473)   Other: 1.1ms
[2021-11-13T10:43:08.983-0800][gc,heap     ] GC(473) Eden regions: 327->0(479)
[2021-11-13T10:43:08.983-0800][gc,heap     ] GC(473) Survivor regions: 4->4(42)
[2021-11-13T10:43:08.983-0800][gc,heap     ] GC(473) Old regions: 216->216
[2021-11-13T10:43:08.983-0800][gc,heap     ] GC(473) Archive regions: 2->2
[2021-11-13T10:43:08.983-0800][gc,heap     ] GC(473) Humongous regions: 129->129
[2021-11-13T10:43:08.983-0800][gc,metaspace] GC(473) Metaspace: 41226K(42048K)->41226K(42048K) NonClass: 36442K(36928K)->36442K(36928K) Class: 4784K(5120K)->4784K(5120K)
[2021-11-13T10:43:08.983-0800][gc          ] GC(473) Pause Young (Normal) (G1 Evacuation Pause) 676M->349M(1024M) 18.480ms
[2021-11-13T10:43:08.983-0800][gc,cpu      ] GC(473) User=0.02s Sys=0.02s Real=0.02s
[2021-11-13T10:46:16.321-0800][gc,start    ] GC(474) Pause Young (Normal) (G1 Evacuation Pause)
[2021-11-13T10:46:16.339-0800][gc,task     ] GC(474) Using 8 workers of 8 for evacuation
[2021-11-13T10:46:16.368-0800][gc,mmu      ] GC(474) MMU target violated: 21.0ms (20.0ms/21.0ms)
[2021-11-13T10:46:16.368-0800][gc,phases   ] GC(474)   Pre Evacuate Collection Set: 0.8ms
[2021-11-13T10:46:16.368-0800][gc,phases   ] GC(474)   Merge Heap Roots: 0.3ms
[2021-11-13T10:46:16.368-0800][gc,phases   ] GC(474)   Evacuate Collection Set: 25.9ms
[2021-11-13T10:46:16.368-0800][gc,phases   ] GC(474)   Post Evacuate Collection Set: 2.1ms
[2021-11-13T10:46:16.368-0800][gc,phases   ] GC(474)   Other: 18.3ms
[2021-11-13T10:46:16.368-0800][gc,heap     ] GC(474) Eden regions: 479->0(435)
[2021-11-13T10:46:16.368-0800][gc,heap     ] GC(474) Survivor regions: 4->3(61)
[2021-11-13T10:46:16.368-0800][gc,heap     ] GC(474) Old regions: 216->216
[2021-11-13T10:46:16.368-0800][gc,heap     ] GC(474) Archive regions: 2->2
[2021-11-13T10:46:16.368-0800][gc,heap     ] GC(474) Humongous regions: 129->129
[2021-11-13T10:46:16.368-0800][gc,metaspace] GC(474) Metaspace: 41226K(42048K)->41226K(42048K) NonClass: 36442K(36928K)->36442K(36928K) Class: 4784K(5120K)->4784K(5120K)
[2021-11-13T10:46:16.369-0800][gc          ] GC(474) Pause Young (Normal) (G1 Evacuation Pause) 828M->348M(1024M) 47.319ms
[2021-11-13T10:46:16.369-0800][gc,cpu      ] GC(474) User=0.03s Sys=0.07s Real=0.04s
[2021-11-13T10:49:06.418-0800][gc,start    ] GC(475) Pause Young (Normal) (G1 Evacuation Pause)
[2021-11-13T10:49:06.419-0800][gc,task     ] GC(475) Using 8 workers of 8 for evacuation
[2021-11-13T10:49:06.441-0800][gc,mmu      ] GC(475) MMU target violated: 21.0ms (20.0ms/21.0ms)
[2021-11-13T10:49:06.442-0800][gc,phases   ] GC(475)   Pre Evacuate Collection Set: 0.6ms
[2021-11-13T10:49:06.442-0800][gc,phases   ] GC(475)   Merge Heap Roots: 0.2ms
[2021-11-13T10:49:06.442-0800][gc,phases   ] GC(475)   Evacuate Collection Set: 19.0ms
[2021-11-13T10:49:06.442-0800][gc,phases   ] GC(475)   Post Evacuate Collection Set: 2.6ms
[2021-11-13T10:49:06.442-0800][gc,phases   ] GC(475)   Other: 1.5ms
[2021-11-13T10:49:06.442-0800][gc,heap     ] GC(475) Eden regions: 435->0(369)
[2021-11-13T10:49:06.442-0800][gc,heap     ] GC(475) Survivor regions: 3->4(55)
[2021-11-13T10:49:06.442-0800][gc,heap     ] GC(475) Old regions: 216->216
[2021-11-13T10:49:06.442-0800][gc,heap     ] GC(475) Archive regions: 2->2
[2021-11-13T10:49:06.442-0800][gc,heap     ] GC(475) Humongous regions: 129->129
[2021-11-13T10:49:06.442-0800][gc,metaspace] GC(475) Metaspace: 41226K(42048K)->41226K(42048K) NonClass: 36442K(36928K)->36442K(36928K) Class: 4784K(5120K)->4784K(5120K)
[2021-11-13T10:49:06.442-0800][gc          ] GC(475) Pause Young (Normal) (G1 Evacuation Pause) 783M->349M(1024M) 23.988ms
[2021-11-13T10:49:06.442-0800][gc,cpu      ] GC(475) User=0.03s Sys=0.03s Real=0.03s
[2021-11-13T10:51:30.611-0800][gc,start    ] GC(476) Pause Young (Normal) (G1 Evacuation Pause)
[2021-11-13T10:51:30.611-0800][gc,task     ] GC(476) Using 8 workers of 8 for evacuation
[2021-11-13T10:51:30.633-0800][gc,mmu      ] GC(476) MMU target violated: 21.0ms (20.0ms/21.0ms)
[2021-11-13T10:51:30.633-0800][gc,phases   ] GC(476)   Pre Evacuate Collection Set: 0.6ms
[2021-11-13T10:51:30.633-0800][gc,phases   ] GC(476)   Merge Heap Roots: 0.3ms
[2021-11-13T10:51:30.633-0800][gc,phases   ] GC(476)   Evacuate Collection Set: 18.9ms
[2021-11-13T10:51:30.633-0800][gc,phases   ] GC(476)   Post Evacuate Collection Set: 1.7ms
[2021-11-13T10:51:30.633-0800][gc,phases   ] GC(476)   Other: 0.8ms
[2021-11-13T10:51:30.633-0800][gc,heap     ] GC(476) Eden regions: 369->0(508)
[2021-11-13T10:51:30.633-0800][gc,heap     ] GC(476) Survivor regions: 4->4(47)
[2021-11-13T10:51:30.633-0800][gc,heap     ] GC(476) Old regions: 216->216
[2021-11-13T10:51:30.633-0800][gc,heap     ] GC(476) Archive regions: 2->2
[2021-11-13T10:51:30.633-0800][gc,heap     ] GC(476) Humongous regions: 129->129
[2021-11-13T10:51:30.633-0800][gc,metaspace] GC(476) Metaspace: 41226K(42048K)->41226K(42048K) NonClass: 36442K(36928K)->36442K(36928K) Class: 4784K(5120K)->4784K(5120K)
[2021-11-13T10:51:30.633-0800][gc          ] GC(476) Pause Young (Normal) (G1 Evacuation Pause) 718M->349M(1024M) 22.416ms
[2021-11-13T10:51:30.633-0800][gc,cpu      ] GC(476) User=0.03s Sys=0.02s Real=0.02s
[2021-11-13T10:54:49.027-0800][gc,start    ] GC(477) Pause Young (Normal) (G1 Evacuation Pause)
[2021-11-13T10:54:49.028-0800][gc,task     ] GC(477) Using 8 workers of 8 for evacuation
[2021-11-13T10:54:49.053-0800][gc,mmu      ] GC(477) MMU target violated: 21.0ms (20.0ms/21.0ms)
[2021-11-13T10:54:49.053-0800][gc,phases   ] GC(477)   Pre Evacuate Collection Set: 0.7ms
[2021-11-13T10:54:49.053-0800][gc,phases   ] GC(477)   Merge Heap Roots: 0.3ms
[2021-11-13T10:54:49.053-0800][gc,phases   ] GC(477)   Evacuate Collection Set: 19.0ms
[2021-11-13T10:54:49.053-0800][gc,phases   ] GC(477)   Post Evacuate Collection Set: 5.3ms
[2021-11-13T10:54:49.053-0800][gc,phases   ] GC(477)   Other: 1.7ms
[2021-11-13T10:54:49.054-0800][gc,heap     ] GC(477) Eden regions: 508->0(335)
[2021-11-13T10:54:49.054-0800][gc,heap     ] GC(477) Survivor regions: 4->4(64)
[2021-11-13T10:54:49.054-0800][gc,heap     ] GC(477) Old regions: 216->217
[2021-11-13T10:54:49.054-0800][gc,heap     ] GC(477) Archive regions: 2->2
[2021-11-13T10:54:49.054-0800][gc,heap     ] GC(477) Humongous regions: 129->129
[2021-11-13T10:54:49.054-0800][gc,metaspace] GC(477) Metaspace: 41226K(42048K)->41226K(42048K) NonClass: 36442K(36928K)->36442K(36928K) Class: 4784K(5120K)->4784K(5120K)
[2021-11-13T10:54:49.054-0800][gc          ] GC(477) Pause Young (Normal) (G1 Evacuation Pause) 857M->350M(1024M) 27.094ms
[2021-11-13T10:54:49.054-0800][gc,cpu      ] GC(477) User=0.03s Sys=0.04s Real=0.03s
[2021-11-13T10:56:59.922-0800][gc,start    ] GC(478) Pause Young (Normal) (G1 Evacuation Pause)
[2021-11-13T10:56:59.923-0800][gc,task     ] GC(478) Using 8 workers of 8 for evacuation
[2021-11-13T10:56:59.947-0800][gc,mmu      ] GC(478) MMU target violated: 21.0ms (20.0ms/21.0ms)
[2021-11-13T10:56:59.947-0800][gc,phases   ] GC(478)   Pre Evacuate Collection Set: 1.0ms
[2021-11-13T10:56:59.947-0800][gc,phases   ] GC(478)   Merge Heap Roots: 0.4ms
[2021-11-13T10:56:59.947-0800][gc,phases   ] GC(478)   Evacuate Collection Set: 20.0ms
[2021-11-13T10:56:59.947-0800][gc,phases   ] GC(478)   Post Evacuate Collection Set: 2.0ms
[2021-11-13T10:56:59.947-0800][gc,phases   ] GC(478)   Other: 1.7ms
[2021-11-13T10:56:59.947-0800][gc,heap     ] GC(478) Eden regions: 335->0(493)
[2021-11-13T10:56:59.947-0800][gc,heap     ] GC(478) Survivor regions: 4->3(43)
[2021-11-13T10:56:59.947-0800][gc,heap     ] GC(478) Old regions: 217->217
[2021-11-13T10:56:59.947-0800][gc,heap     ] GC(478) Archive regions: 2->2
[2021-11-13T10:56:59.947-0800][gc,heap     ] GC(478) Humongous regions: 129->129
[2021-11-13T10:56:59.947-0800][gc,metaspace] GC(478) Metaspace: 41226K(42048K)->41226K(42048K) NonClass: 36442K(36928K)->36442K(36928K) Class: 4784K(5120K)->4784K(5120K)
[2021-11-13T10:56:59.947-0800][gc          ] GC(478) Pause Young (Normal) (G1 Evacuation Pause) 685M->349M(1024M) 25.182ms
[2021-11-13T10:56:59.947-0800][gc,cpu      ] GC(478) User=0.02s Sys=0.02s Real=0.02s
[2021-11-13T11:00:13.598-0800][gc,start    ] GC(479) Pause Young (Normal) (G1 Evacuation Pause)
[2021-11-13T11:00:13.598-0800][gc,task     ] GC(479) Using 8 workers of 8 for evacuation
[2021-11-13T11:00:13.616-0800][gc,phases   ] GC(479)   Pre Evacuate Collection Set: 0.8ms
[2021-11-13T11:00:13.616-0800][gc,phases   ] GC(479)   Merge Heap Roots: 0.3ms
[2021-11-13T11:00:13.616-0800][gc,phases   ] GC(479)   Evacuate Collection Set: 13.9ms
[2021-11-13T11:00:13.616-0800][gc,phases   ] GC(479)   Post Evacuate Collection Set: 1.9ms
[2021-11-13T11:00:13.616-0800][gc,phases   ] GC(479)   Other: 1.0ms
[2021-11-13T11:00:13.616-0800][gc,heap     ] GC(479) Eden regions: 493->0(562)
[2021-11-13T11:00:13.616-0800][gc,heap     ] GC(479) Survivor regions: 3->3(62)
[2021-11-13T11:00:13.616-0800][gc,heap     ] GC(479) Old regions: 217->217
[2021-11-13T11:00:13.616-0800][gc,heap     ] GC(479) Archive regions: 2->2
[2021-11-13T11:00:13.616-0800][gc,heap     ] GC(479) Humongous regions: 129->129
[2021-11-13T11:00:13.616-0800][gc,metaspace] GC(479) Metaspace: 41226K(42048K)->41226K(42048K) NonClass: 36442K(36928K)->36442K(36928K) Class: 4784K(5120K)->4784K(5120K)
[2021-11-13T11:00:13.616-0800][gc          ] GC(479) Pause Young (Normal) (G1 Evacuation Pause) 842M->349M(1024M) 18.022ms
[2021-11-13T11:00:13.616-0800][gc,cpu      ] GC(479) User=0.02s Sys=0.02s Real=0.02s
[2021-11-13T11:03:55.130-0800][gc,start    ] GC(480) Pause Young (Normal) (G1 Evacuation Pause)
[2021-11-13T11:03:55.131-0800][gc,task     ] GC(480) Using 8 workers of 8 for evacuation
[2021-11-13T11:03:55.151-0800][gc,phases   ] GC(480)   Pre Evacuate Collection Set: 0.9ms
[2021-11-13T11:03:55.151-0800][gc,phases   ] GC(480)   Merge Heap Roots: 0.3ms
[2021-11-13T11:03:55.151-0800][gc,phases   ] GC(480)   Evacuate Collection Set: 14.9ms
[2021-11-13T11:03:55.151-0800][gc,phases   ] GC(480)   Post Evacuate Collection Set: 3.1ms
[2021-11-13T11:03:55.151-0800][gc,phases   ] GC(480)   Other: 1.6ms
[2021-11-13T11:03:55.151-0800][gc,heap     ] GC(480) Eden regions: 562->0(562)
[2021-11-13T11:03:55.151-0800][gc,heap     ] GC(480) Survivor regions: 3->3(71)
[2021-11-13T11:03:55.151-0800][gc,heap     ] GC(480) Old regions: 217->217
[2021-11-13T11:03:55.151-0800][gc,heap     ] GC(480) Archive regions: 2->2
[2021-11-13T11:03:55.151-0800][gc,heap     ] GC(480) Humongous regions: 129->129
[2021-11-13T11:03:55.151-0800][gc,metaspace] GC(480) Metaspace: 41226K(42048K)->41226K(42048K) NonClass: 36442K(36928K)->36442K(36928K) Class: 4784K(5120K)->4784K(5120K)
[2021-11-13T11:03:55.152-0800][gc          ] GC(480) Pause Young (Normal) (G1 Evacuation Pause) 911M->349M(1024M) 21.145ms
[2021-11-13T11:03:55.152-0800][gc,cpu      ] GC(480) User=0.03s Sys=0.03s Real=0.02s
[2021-11-13T11:07:34.672-0800][gc,start    ] GC(481) Pause Young (Normal) (G1 Evacuation Pause)
[2021-11-13T11:07:34.673-0800][gc,task     ] GC(481) Using 8 workers of 8 for evacuation
[2021-11-13T11:07:34.699-0800][gc,mmu      ] GC(481) MMU target violated: 21.0ms (20.0ms/21.0ms)
[2021-11-13T11:07:34.699-0800][gc,phases   ] GC(481)   Pre Evacuate Collection Set: 1.0ms
[2021-11-13T11:07:34.699-0800][gc,phases   ] GC(481)   Merge Heap Roots: 0.4ms
[2021-11-13T11:07:34.699-0800][gc,phases   ] GC(481)   Evacuate Collection Set: 17.7ms
[2021-11-13T11:07:34.699-0800][gc,phases   ] GC(481)   Post Evacuate Collection Set: 6.5ms
[2021-11-13T11:07:34.699-0800][gc,phases   ] GC(481)   Other: 1.2ms
[2021-11-13T11:07:34.699-0800][gc,heap     ] GC(481) Eden regions: 562->0(454)
[2021-11-13T11:07:34.699-0800][gc,heap     ] GC(481) Survivor regions: 3->4(71)
[2021-11-13T11:07:34.699-0800][gc,heap     ] GC(481) Old regions: 217->217
[2021-11-13T11:07:34.699-0800][gc,heap     ] GC(481) Archive regions: 2->2
[2021-11-13T11:07:34.699-0800][gc,heap     ] GC(481) Humongous regions: 129->129
[2021-11-13T11:07:34.699-0800][gc,metaspace] GC(481) Metaspace: 41226K(42048K)->41226K(42048K) NonClass: 36442K(36928K)->36442K(36928K) Class: 4784K(5120K)->4784K(5120K)
[2021-11-13T11:07:34.699-0800][gc          ] GC(481) Pause Young (Normal) (G1 Evacuation Pause) 911M->350M(1024M) 27.081ms
[2021-11-13T11:07:34.699-0800][gc,cpu      ] GC(481) User=0.02s Sys=0.02s Real=0.02s
[2021-11-13T11:10:33.453-0800][gc,start    ] GC(482) Pause Young (Normal) (G1 Evacuation Pause)
[2021-11-13T11:10:33.454-0800][gc,task     ] GC(482) Using 8 workers of 8 for evacuation
[2021-11-13T11:10:33.472-0800][gc,phases   ] GC(482)   Pre Evacuate Collection Set: 0.5ms
[2021-11-13T11:10:33.472-0800][gc,phases   ] GC(482)   Merge Heap Roots: 0.3ms
[2021-11-13T11:10:33.472-0800][gc,phases   ] GC(482)   Evacuate Collection Set: 15.1ms
[2021-11-13T11:10:33.472-0800][gc,phases   ] GC(482)   Post Evacuate Collection Set: 1.5ms
[2021-11-13T11:10:33.472-0800][gc,phases   ] GC(482)   Other: 1.4ms
[2021-11-13T11:10:33.472-0800][gc,heap     ] GC(482) Eden regions: 454->0(560)
[2021-11-13T11:10:33.472-0800][gc,heap     ] GC(482) Survivor regions: 4->4(58)
[2021-11-13T11:10:33.472-0800][gc,heap     ] GC(482) Old regions: 217->217
[2021-11-13T11:10:33.472-0800][gc,heap     ] GC(482) Archive regions: 2->2
[2021-11-13T11:10:33.472-0800][gc,heap     ] GC(482) Humongous regions: 129->129
[2021-11-13T11:10:33.472-0800][gc,metaspace] GC(482) Metaspace: 41226K(42048K)->41226K(42048K) NonClass: 36442K(36928K)->36442K(36928K) Class: 4784K(5120K)->4784K(5120K)
[2021-11-13T11:10:33.472-0800][gc          ] GC(482) Pause Young (Normal) (G1 Evacuation Pause) 804M->349M(1024M) 19.058ms
[2021-11-13T11:10:33.472-0800][gc,cpu      ] GC(482) User=0.03s Sys=0.03s Real=0.02s
[2021-11-13T11:14:13.532-0800][gc,start    ] GC(483) Pause Young (Normal) (G1 Evacuation Pause)
[2021-11-13T11:14:13.533-0800][gc,task     ] GC(483) Using 8 workers of 8 for evacuation
[2021-11-13T11:14:13.550-0800][gc,phases   ] GC(483)   Pre Evacuate Collection Set: 0.7ms
[2021-11-13T11:14:13.550-0800][gc,phases   ] GC(483)   Merge Heap Roots: 0.3ms
[2021-11-13T11:14:13.550-0800][gc,phases   ] GC(483)   Evacuate Collection Set: 12.8ms
[2021-11-13T11:14:13.550-0800][gc,phases   ] GC(483)   Post Evacuate Collection Set: 1.8ms
[2021-11-13T11:14:13.550-0800][gc,phases   ] GC(483)   Other: 1.7ms
[2021-11-13T11:14:13.550-0800][gc,heap     ] GC(483) Eden regions: 560->0(562)
[2021-11-13T11:14:13.550-0800][gc,heap     ] GC(483) Survivor regions: 4->3(71)
[2021-11-13T11:14:13.550-0800][gc,heap     ] GC(483) Old regions: 217->217
[2021-11-13T11:14:13.550-0800][gc,heap     ] GC(483) Archive regions: 2->2
[2021-11-13T11:14:13.550-0800][gc,heap     ] GC(483) Humongous regions: 129->129
[2021-11-13T11:14:13.550-0800][gc,metaspace] GC(483) Metaspace: 41226K(42048K)->41226K(42048K) NonClass: 36442K(36928K)->36442K(36928K) Class: 4784K(5120K)->4784K(5120K)
[2021-11-13T11:14:13.550-0800][gc          ] GC(483) Pause Young (Normal) (G1 Evacuation Pause) 909M->348M(1024M) 17.621ms
[2021-11-13T11:14:13.550-0800][gc,cpu      ] GC(483) User=0.02s Sys=0.03s Real=0.02s
[2021-11-13T11:17:54.354-0800][gc,start    ] GC(484) Pause Young (Normal) (G1 Evacuation Pause)
[2021-11-13T11:17:54.356-0800][gc,task     ] GC(484) Using 8 workers of 8 for evacuation
[2021-11-13T11:17:54.374-0800][gc,phases   ] GC(484)   Pre Evacuate Collection Set: 0.7ms
[2021-11-13T11:17:54.374-0800][gc,phases   ] GC(484)   Merge Heap Roots: 0.4ms
[2021-11-13T11:17:54.374-0800][gc,phases   ] GC(484)   Evacuate Collection Set: 14.6ms
[2021-11-13T11:17:54.374-0800][gc,phases   ] GC(484)   Post Evacuate Collection Set: 1.8ms
[2021-11-13T11:17:54.374-0800][gc,phases   ] GC(484)   Other: 2.0ms
[2021-11-13T11:17:54.374-0800][gc,heap     ] GC(484) Eden regions: 562->0(561)
[2021-11-13T11:17:54.374-0800][gc,heap     ] GC(484) Survivor regions: 3->4(71)
[2021-11-13T11:17:54.374-0800][gc,heap     ] GC(484) Old regions: 217->217
[2021-11-13T11:17:54.374-0800][gc,heap     ] GC(484) Archive regions: 2->2
[2021-11-13T11:17:54.374-0800][gc,heap     ] GC(484) Humongous regions: 129->129
[2021-11-13T11:17:54.374-0800][gc,metaspace] GC(484) Metaspace: 41226K(42048K)->41226K(42048K) NonClass: 36442K(36928K)->36442K(36928K) Class: 4784K(5120K)->4784K(5120K)
[2021-11-13T11:17:54.374-0800][gc          ] GC(484) Pause Young (Normal) (G1 Evacuation Pause) 910M->349M(1024M) 19.844ms
[2021-11-13T11:17:54.374-0800][gc,cpu      ] GC(484) User=0.03s Sys=0.02s Real=0.02s
[2021-11-13T11:21:37.263-0800][gc,start    ] GC(485) Pause Young (Normal) (G1 Evacuation Pause)
[2021-11-13T11:21:37.279-0800][gc,task     ] GC(485) Using 8 workers of 8 for evacuation
[2021-11-13T11:21:37.320-0800][gc,mmu      ] GC(485) MMU target violated: 21.0ms (20.0ms/21.0ms)
[2021-11-13T11:21:37.321-0800][gc,phases   ] GC(485)   Pre Evacuate Collection Set: 0.9ms
[2021-11-13T11:21:37.321-0800][gc,phases   ] GC(485)   Merge Heap Roots: 0.4ms
[2021-11-13T11:21:37.321-0800][gc,phases   ] GC(485)   Evacuate Collection Set: 35.5ms
[2021-11-13T11:21:37.321-0800][gc,phases   ] GC(485)   Post Evacuate Collection Set: 3.4ms
[2021-11-13T11:21:37.321-0800][gc,phases   ] GC(485)   Other: 17.5ms
[2021-11-13T11:21:37.321-0800][gc,heap     ] GC(485) Eden regions: 561->0(560)
[2021-11-13T11:21:37.321-0800][gc,heap     ] GC(485) Survivor regions: 4->4(71)
[2021-11-13T11:21:37.321-0800][gc,heap     ] GC(485) Old regions: 217->217
[2021-11-13T11:21:37.321-0800][gc,heap     ] GC(485) Archive regions: 2->2
[2021-11-13T11:21:37.321-0800][gc,heap     ] GC(485) Humongous regions: 129->129
[2021-11-13T11:21:37.321-0800][gc,metaspace] GC(485) Metaspace: 41226K(42048K)->41226K(42048K) NonClass: 36442K(36928K)->36442K(36928K) Class: 4784K(5120K)->4784K(5120K)
[2021-11-13T11:21:37.321-0800][gc          ] GC(485) Pause Young (Normal) (G1 Evacuation Pause) 910M->350M(1024M) 58.128ms
[2021-11-13T11:21:37.321-0800][gc,cpu      ] GC(485) User=0.03s Sys=0.03s Real=0.06s
[2021-11-13T11:25:17.733-0800][gc,start    ] GC(486) Pause Young (Normal) (G1 Evacuation Pause)
[2021-11-13T11:25:17.734-0800][gc,task     ] GC(486) Using 8 workers of 8 for evacuation
[2021-11-13T11:25:17.773-0800][gc,mmu      ] GC(486) MMU target violated: 21.0ms (20.0ms/21.0ms)
[2021-11-13T11:25:17.773-0800][gc,phases   ] GC(486)   Pre Evacuate Collection Set: 0.6ms
[2021-11-13T11:25:17.773-0800][gc,phases   ] GC(486)   Merge Heap Roots: 0.2ms
[2021-11-13T11:25:17.773-0800][gc,phases   ] GC(486)   Evacuate Collection Set: 30.4ms
[2021-11-13T11:25:17.773-0800][gc,phases   ] GC(486)   Post Evacuate Collection Set: 7.2ms
[2021-11-13T11:25:17.773-0800][gc,phases   ] GC(486)   Other: 1.4ms
[2021-11-13T11:25:17.773-0800][gc,heap     ] GC(486) Eden regions: 560->0(179)
[2021-11-13T11:25:17.773-0800][gc,heap     ] GC(486) Survivor regions: 4->3(71)
[2021-11-13T11:25:17.773-0800][gc,heap     ] GC(486) Old regions: 217->217
[2021-11-13T11:25:17.773-0800][gc,heap     ] GC(486) Archive regions: 2->2
[2021-11-13T11:25:17.773-0800][gc,heap     ] GC(486) Humongous regions: 129->129
[2021-11-13T11:25:17.773-0800][gc,metaspace] GC(486) Metaspace: 41226K(42048K)->41226K(42048K) NonClass: 36442K(36928K)->36442K(36928K) Class: 4784K(5120K)->4784K(5120K)
[2021-11-13T11:25:17.773-0800][gc          ] GC(486) Pause Young (Normal) (G1 Evacuation Pause) 910M->349M(1024M) 39.891ms
[2021-11-13T11:25:17.773-0800][gc,cpu      ] GC(486) User=0.02s Sys=0.04s Real=0.04s
[2021-11-13T11:26:27.969-0800][gc,start    ] GC(487) Pause Young (Normal) (G1 Evacuation Pause)
[2021-11-13T11:26:27.970-0800][gc,task     ] GC(487) Using 8 workers of 8 for evacuation
[2021-11-13T11:26:27.996-0800][gc,mmu      ] GC(487) MMU target violated: 21.0ms (20.0ms/21.0ms)
[2021-11-13T11:26:27.996-0800][gc,phases   ] GC(487)   Pre Evacuate Collection Set: 1.3ms
[2021-11-13T11:26:27.996-0800][gc,phases   ] GC(487)   Merge Heap Roots: 0.3ms
[2021-11-13T11:26:27.996-0800][gc,phases   ] GC(487)   Evacuate Collection Set: 22.4ms
[2021-11-13T11:26:27.997-0800][gc,phases   ] GC(487)   Post Evacuate Collection Set: 1.8ms
[2021-11-13T11:26:27.997-0800][gc,phases   ] GC(487)   Other: 1.8ms
[2021-11-13T11:26:27.997-0800][gc,heap     ] GC(487) Eden regions: 179->0(223)
[2021-11-13T11:26:27.997-0800][gc,heap     ] GC(487) Survivor regions: 3->3(23)
[2021-11-13T11:26:27.997-0800][gc,heap     ] GC(487) Old regions: 217->217
[2021-11-13T11:26:27.997-0800][gc,heap     ] GC(487) Archive regions: 2->2
[2021-11-13T11:26:27.997-0800][gc,heap     ] GC(487) Humongous regions: 129->129
[2021-11-13T11:26:27.997-0800][gc,metaspace] GC(487) Metaspace: 41226K(42048K)->41226K(42048K) NonClass: 36442K(36928K)->36442K(36928K) Class: 4784K(5120K)->4784K(5120K)
[2021-11-13T11:26:27.997-0800][gc          ] GC(487) Pause Young (Normal) (G1 Evacuation Pause) 528M->349M(1024M) 27.747ms
[2021-11-13T11:26:27.997-0800][gc,cpu      ] GC(487) User=0.03s Sys=0.03s Real=0.03s
[2021-11-13T11:27:55.365-0800][gc,start    ] GC(488) Pause Young (Normal) (G1 Evacuation Pause)
[2021-11-13T11:27:55.366-0800][gc,task     ] GC(488) Using 8 workers of 8 for evacuation
[2021-11-13T11:27:55.383-0800][gc,phases   ] GC(488)   Pre Evacuate Collection Set: 1.0ms
[2021-11-13T11:27:55.383-0800][gc,phases   ] GC(488)   Merge Heap Roots: 0.4ms
[2021-11-13T11:27:55.383-0800][gc,phases   ] GC(488)   Evacuate Collection Set: 13.3ms
[2021-11-13T11:27:55.383-0800][gc,phases   ] GC(488)   Post Evacuate Collection Set: 1.5ms
[2021-11-13T11:27:55.383-0800][gc,phases   ] GC(488)   Other: 1.5ms
[2021-11-13T11:27:55.383-0800][gc,heap     ] GC(488) Eden regions: 223->0(202)
[2021-11-13T11:27:55.383-0800][gc,heap     ] GC(488) Survivor regions: 3->4(29)
[2021-11-13T11:27:55.383-0800][gc,heap     ] GC(488) Old regions: 217->217
[2021-11-13T11:27:55.383-0800][gc,heap     ] GC(488) Archive regions: 2->2
[2021-11-13T11:27:55.383-0800][gc,heap     ] GC(488) Humongous regions: 129->129
[2021-11-13T11:27:55.383-0800][gc,metaspace] GC(488) Metaspace: 41226K(42048K)->41226K(42048K) NonClass: 36442K(36928K)->36442K(36928K) Class: 4784K(5120K)->4784K(5120K)
[2021-11-13T11:27:55.383-0800][gc          ] GC(488) Pause Young (Normal) (G1 Evacuation Pause) 572M->350M(1024M) 17.917ms
[2021-11-13T11:27:55.383-0800][gc,cpu      ] GC(488) User=0.03s Sys=0.02s Real=0.02s
[2021-11-13T11:29:14.567-0800][gc,start    ] GC(489) Pause Young (Normal) (G1 Evacuation Pause)
[2021-11-13T11:29:14.568-0800][gc,task     ] GC(489) Using 8 workers of 8 for evacuation
[2021-11-13T11:29:14.589-0800][gc,mmu      ] GC(489) MMU target violated: 20.4ms (20.0ms/21.0ms)
[2021-11-13T11:29:14.589-0800][gc,phases   ] GC(489)   Pre Evacuate Collection Set: 1.3ms
[2021-11-13T11:29:14.589-0800][gc,phases   ] GC(489)   Merge Heap Roots: 0.4ms
[2021-11-13T11:29:14.589-0800][gc,phases   ] GC(489)   Evacuate Collection Set: 17.5ms
[2021-11-13T11:29:14.589-0800][gc,phases   ] GC(489)   Post Evacuate Collection Set: 1.6ms
[2021-11-13T11:29:14.589-0800][gc,phases   ] GC(489)   Other: 2.0ms
[2021-11-13T11:29:14.589-0800][gc,heap     ] GC(489) Eden regions: 202->0(301)
[2021-11-13T11:29:14.589-0800][gc,heap     ] GC(489) Survivor regions: 4->4(26)
[2021-11-13T11:29:14.589-0800][gc,heap     ] GC(489) Old regions: 217->217
[2021-11-13T11:29:14.589-0800][gc,heap     ] GC(489) Archive regions: 2->2
[2021-11-13T11:29:14.589-0800][gc,heap     ] GC(489) Humongous regions: 129->129
[2021-11-13T11:29:14.589-0800][gc,metaspace] GC(489) Metaspace: 41226K(42048K)->41226K(42048K) NonClass: 36442K(36928K)->36442K(36928K) Class: 4784K(5120K)->4784K(5120K)
[2021-11-13T11:29:14.590-0800][gc          ] GC(489) Pause Young (Normal) (G1 Evacuation Pause) 552M->350M(1024M) 22.911ms
[2021-11-13T11:29:14.590-0800][gc,cpu      ] GC(489) User=0.03s Sys=0.03s Real=0.03s
[2021-11-13T11:31:12.489-0800][gc,start    ] GC(490) Pause Young (Normal) (G1 Evacuation Pause)
[2021-11-13T11:31:12.490-0800][gc,task     ] GC(490) Using 8 workers of 8 for evacuation
[2021-11-13T11:31:12.517-0800][gc,mmu      ] GC(490) MMU target violated: 21.0ms (20.0ms/21.0ms)
[2021-11-13T11:31:12.517-0800][gc,phases   ] GC(490)   Pre Evacuate Collection Set: 0.9ms
[2021-11-13T11:31:12.517-0800][gc,phases   ] GC(490)   Merge Heap Roots: 0.3ms
[2021-11-13T11:31:12.517-0800][gc,phases   ] GC(490)   Evacuate Collection Set: 24.6ms
[2021-11-13T11:31:12.517-0800][gc,phases   ] GC(490)   Post Evacuate Collection Set: 1.4ms
[2021-11-13T11:31:12.517-0800][gc,phases   ] GC(490)   Other: 1.6ms
[2021-11-13T11:31:12.517-0800][gc,heap     ] GC(490) Eden regions: 301->0(332)
[2021-11-13T11:31:12.517-0800][gc,heap     ] GC(490) Survivor regions: 4->4(39)
[2021-11-13T11:31:12.517-0800][gc,heap     ] GC(490) Old regions: 217->217
[2021-11-13T11:31:12.517-0800][gc,heap     ] GC(490) Archive regions: 2->2
[2021-11-13T11:31:12.517-0800][gc,heap     ] GC(490) Humongous regions: 129->129
[2021-11-13T11:31:12.517-0800][gc,metaspace] GC(490) Metaspace: 41226K(42048K)->41226K(42048K) NonClass: 36442K(36928K)->36442K(36928K) Class: 4784K(5120K)->4784K(5120K)
[2021-11-13T11:31:12.518-0800][gc          ] GC(490) Pause Young (Normal) (G1 Evacuation Pause) 651M->350M(1024M) 28.922ms
[2021-11-13T11:31:12.518-0800][gc,cpu      ] GC(490) User=0.03s Sys=0.03s Real=0.03s
[2021-11-13T11:33:22.413-0800][gc,start    ] GC(491) Pause Young (Normal) (G1 Evacuation Pause)
[2021-11-13T11:33:22.414-0800][gc,task     ] GC(491) Using 8 workers of 8 for evacuation
[2021-11-13T11:33:22.448-0800][gc,mmu      ] GC(491) MMU target violated: 21.0ms (20.0ms/21.0ms)
[2021-11-13T11:33:22.448-0800][gc,phases   ] GC(491)   Pre Evacuate Collection Set: 1.0ms
[2021-11-13T11:33:22.448-0800][gc,phases   ] GC(491)   Merge Heap Roots: 0.4ms
[2021-11-13T11:33:22.448-0800][gc,phases   ] GC(491)   Evacuate Collection Set: 24.6ms
[2021-11-13T11:33:22.448-0800][gc,phases   ] GC(491)   Post Evacuate Collection Set: 8.0ms
[2021-11-13T11:33:22.448-0800][gc,phases   ] GC(491)   Other: 1.1ms
[2021-11-13T11:33:22.448-0800][gc,heap     ] GC(491) Eden regions: 332->0(135)
[2021-11-13T11:33:22.448-0800][gc,heap     ] GC(491) Survivor regions: 4->4(42)
[2021-11-13T11:33:22.448-0800][gc,heap     ] GC(491) Old regions: 217->217
[2021-11-13T11:33:22.448-0800][gc,heap     ] GC(491) Archive regions: 2->2
[2021-11-13T11:33:22.448-0800][gc,heap     ] GC(491) Humongous regions: 129->129
[2021-11-13T11:33:22.448-0800][gc,metaspace] GC(491) Metaspace: 41226K(42048K)->41226K(42048K) NonClass: 36442K(36928K)->36442K(36928K) Class: 4784K(5120K)->4784K(5120K)
[2021-11-13T11:33:22.448-0800][gc          ] GC(491) Pause Young (Normal) (G1 Evacuation Pause) 682M->350M(1024M) 35.335ms
[2021-11-13T11:33:22.448-0800][gc,cpu      ] GC(491) User=0.04s Sys=0.03s Real=0.03s
[2021-11-13T11:34:15.283-0800][gc,start    ] GC(492) Pause Young (Normal) (G1 Evacuation Pause)
[2021-11-13T11:34:15.285-0800][gc,task     ] GC(492) Using 8 workers of 8 for evacuation
[2021-11-13T11:34:15.314-0800][gc,mmu      ] GC(492) MMU target violated: 21.0ms (20.0ms/21.0ms)
[2021-11-13T11:34:15.315-0800][gc,phases   ] GC(492)   Pre Evacuate Collection Set: 6.4ms
[2021-11-13T11:34:15.315-0800][gc,phases   ] GC(492)   Merge Heap Roots: 0.4ms
[2021-11-13T11:34:15.315-0800][gc,phases   ] GC(492)   Evacuate Collection Set: 16.2ms
[2021-11-13T11:34:15.315-0800][gc,phases   ] GC(492)   Post Evacuate Collection Set: 5.6ms
[2021-11-13T11:34:15.315-0800][gc,phases   ] GC(492)   Other: 2.8ms
[2021-11-13T11:34:15.315-0800][gc,heap     ] GC(492) Eden regions: 135->0(66)
[2021-11-13T11:34:15.315-0800][gc,heap     ] GC(492) Survivor regions: 4->4(18)
[2021-11-13T11:34:15.315-0800][gc,heap     ] GC(492) Old regions: 217->217
[2021-11-13T11:34:15.315-0800][gc,heap     ] GC(492) Archive regions: 2->2
[2021-11-13T11:34:15.315-0800][gc,heap     ] GC(492) Humongous regions: 129->129
[2021-11-13T11:34:15.315-0800][gc,metaspace] GC(492) Metaspace: 41226K(42048K)->41226K(42048K) NonClass: 36442K(36928K)->36442K(36928K) Class: 4784K(5120K)->4784K(5120K)
[2021-11-13T11:34:15.315-0800][gc          ] GC(492) Pause Young (Normal) (G1 Evacuation Pause) 485M->350M(1024M) 31.607ms
[2021-11-13T11:34:15.315-0800][gc,cpu      ] GC(492) User=0.02s Sys=0.03s Real=0.03s
[2021-11-13T11:34:41.052-0800][gc,start    ] GC(493) Pause Young (Normal) (G1 Evacuation Pause)
[2021-11-13T11:34:41.053-0800][gc,task     ] GC(493) Using 8 workers of 8 for evacuation
[2021-11-13T11:34:41.066-0800][gc,phases   ] GC(493)   Pre Evacuate Collection Set: 0.4ms
[2021-11-13T11:34:41.067-0800][gc,phases   ] GC(493)   Merge Heap Roots: 0.1ms
[2021-11-13T11:34:41.067-0800][gc,phases   ] GC(493)   Evacuate Collection Set: 11.5ms
[2021-11-13T11:34:41.067-0800][gc,phases   ] GC(493)   Post Evacuate Collection Set: 1.0ms
[2021-11-13T11:34:41.067-0800][gc,phases   ] GC(493)   Other: 1.7ms
[2021-11-13T11:34:41.067-0800][gc,heap     ] GC(493) Eden regions: 66->0(162)
[2021-11-13T11:34:41.067-0800][gc,heap     ] GC(493) Survivor regions: 4->4(9)
[2021-11-13T11:34:41.067-0800][gc,heap     ] GC(493) Old regions: 217->217
[2021-11-13T11:34:41.067-0800][gc,heap     ] GC(493) Archive regions: 2->2
[2021-11-13T11:34:41.067-0800][gc,heap     ] GC(493) Humongous regions: 129->129
[2021-11-13T11:34:41.067-0800][gc,metaspace] GC(493) Metaspace: 41226K(42048K)->41226K(42048K) NonClass: 36442K(36928K)->36442K(36928K) Class: 4784K(5120K)->4784K(5120K)
[2021-11-13T11:34:41.067-0800][gc          ] GC(493) Pause Young (Normal) (G1 Evacuation Pause) 416M->350M(1024M) 15.069ms
[2021-11-13T11:34:41.067-0800][gc,cpu      ] GC(493) User=0.04s Sys=0.01s Real=0.01s
[2021-11-13T11:35:44.266-0800][gc,start    ] GC(494) Pause Young (Normal) (G1 Evacuation Pause)
[2021-11-13T11:35:44.267-0800][gc,task     ] GC(494) Using 8 workers of 8 for evacuation
[2021-11-13T11:35:44.283-0800][gc,phases   ] GC(494)   Pre Evacuate Collection Set: 1.3ms
[2021-11-13T11:35:44.283-0800][gc,phases   ] GC(494)   Merge Heap Roots: 0.4ms
[2021-11-13T11:35:44.283-0800][gc,phases   ] GC(494)   Evacuate Collection Set: 11.8ms
[2021-11-13T11:35:44.283-0800][gc,phases   ] GC(494)   Post Evacuate Collection Set: 1.3ms
[2021-11-13T11:35:44.283-0800][gc,phases   ] GC(494)   Other: 2.2ms
[2021-11-13T11:35:44.283-0800][gc,heap     ] GC(494) Eden regions: 162->0(296)
[2021-11-13T11:35:44.283-0800][gc,heap     ] GC(494) Survivor regions: 4->4(21)
[2021-11-13T11:35:44.283-0800][gc,heap     ] GC(494) Old regions: 217->217
[2021-11-13T11:35:44.283-0800][gc,heap     ] GC(494) Archive regions: 2->2
[2021-11-13T11:35:44.283-0800][gc,heap     ] GC(494) Humongous regions: 129->129
[2021-11-13T11:35:44.283-0800][gc,metaspace] GC(494) Metaspace: 41226K(42048K)->41226K(42048K) NonClass: 36442K(36928K)->36442K(36928K) Class: 4784K(5120K)->4784K(5120K)
[2021-11-13T11:35:44.283-0800][gc          ] GC(494) Pause Young (Normal) (G1 Evacuation Pause) 512M->350M(1024M) 17.458ms
[2021-11-13T11:35:44.284-0800][gc,cpu      ] GC(494) User=0.02s Sys=0.02s Real=0.02s
[2021-11-13T11:37:40.473-0800][gc,start    ] GC(495) Pause Young (Normal) (G1 Evacuation Pause)
[2021-11-13T11:37:40.474-0800][gc,task     ] GC(495) Using 8 workers of 8 for evacuation
[2021-11-13T11:37:40.493-0800][gc,phases   ] GC(495)   Pre Evacuate Collection Set: 0.7ms
[2021-11-13T11:37:40.493-0800][gc,phases   ] GC(495)   Merge Heap Roots: 0.2ms
[2021-11-13T11:37:40.493-0800][gc,phases   ] GC(495)   Evacuate Collection Set: 16.6ms
[2021-11-13T11:37:40.493-0800][gc,phases   ] GC(495)   Post Evacuate Collection Set: 1.2ms
[2021-11-13T11:37:40.493-0800][gc,phases   ] GC(495)   Other: 1.2ms
[2021-11-13T11:37:40.493-0800][gc,heap     ] GC(495) Eden regions: 296->0(267)
[2021-11-13T11:37:40.493-0800][gc,heap     ] GC(495) Survivor regions: 4->4(38)
[2021-11-13T11:37:40.493-0800][gc,heap     ] GC(495) Old regions: 217->217
[2021-11-13T11:37:40.493-0800][gc,heap     ] GC(495) Archive regions: 2->2
[2021-11-13T11:37:40.493-0800][gc,heap     ] GC(495) Humongous regions: 129->129
[2021-11-13T11:37:40.493-0800][gc,metaspace] GC(495) Metaspace: 41226K(42048K)->41226K(42048K) NonClass: 36442K(36928K)->36442K(36928K) Class: 4784K(5120K)->4784K(5120K)
[2021-11-13T11:37:40.493-0800][gc          ] GC(495) Pause Young (Normal) (G1 Evacuation Pause) 646M->350M(1024M) 20.169ms
[2021-11-13T11:37:40.493-0800][gc,cpu      ] GC(495) User=0.02s Sys=0.02s Real=0.02s
[2021-11-13T11:39:23.119-0800][gc,start    ] GC(496) Pause Young (Normal) (G1 Evacuation Pause)
[2021-11-13T11:39:23.119-0800][gc,task     ] GC(496) Using 8 workers of 8 for evacuation
[2021-11-13T11:39:23.136-0800][gc,phases   ] GC(496)   Pre Evacuate Collection Set: 0.6ms
[2021-11-13T11:39:23.136-0800][gc,phases   ] GC(496)   Merge Heap Roots: 0.2ms
[2021-11-13T11:39:23.136-0800][gc,phases   ] GC(496)   Evacuate Collection Set: 14.2ms
[2021-11-13T11:39:23.136-0800][gc,phases   ] GC(496)   Post Evacuate Collection Set: 1.3ms
[2021-11-13T11:39:23.136-0800][gc,phases   ] GC(496)   Other: 0.7ms
[2021-11-13T11:39:23.136-0800][gc,heap     ] GC(496) Eden regions: 263->0(329)
[2021-11-13T11:39:23.136-0800][gc,heap     ] GC(496) Survivor regions: 4->4(34)
[2021-11-13T11:39:23.136-0800][gc,heap     ] GC(496) Old regions: 217->217
[2021-11-13T11:39:23.136-0800][gc,heap     ] GC(496) Archive regions: 2->2
[2021-11-13T11:39:23.136-0800][gc,heap     ] GC(496) Humongous regions: 129->129
[2021-11-13T11:39:23.136-0800][gc,metaspace] GC(496) Metaspace: 41226K(42048K)->41226K(42048K) NonClass: 36442K(36928K)->36442K(36928K) Class: 4784K(5120K)->4784K(5120K)
[2021-11-13T11:39:23.136-0800][gc          ] GC(496) Pause Young (Normal) (G1 Evacuation Pause) 613M->350M(1024M) 17.428ms
[2021-11-13T11:39:23.136-0800][gc,cpu      ] GC(496) User=0.03s Sys=0.03s Real=0.02s
[2021-11-13T11:41:24.211-0800][gc,start    ] GC(497) Pause Young (Normal) (G1 Evacuation Pause)
[2021-11-13T11:41:24.212-0800][gc,task     ] GC(497) Using 8 workers of 8 for evacuation
[2021-11-13T11:41:24.229-0800][gc,phases   ] GC(497)   Pre Evacuate Collection Set: 0.4ms
[2021-11-13T11:41:24.230-0800][gc,phases   ] GC(497)   Merge Heap Roots: 0.2ms
[2021-11-13T11:41:24.230-0800][gc,phases   ] GC(497)   Evacuate Collection Set: 15.2ms
[2021-11-13T11:41:24.230-0800][gc,phases   ] GC(497)   Post Evacuate Collection Set: 1.3ms
[2021-11-13T11:41:24.230-0800][gc,phases   ] GC(497)   Other: 1.6ms
[2021-11-13T11:41:24.230-0800][gc,heap     ] GC(497) Eden regions: 308->0(322)
[2021-11-13T11:41:24.230-0800][gc,heap     ] GC(497) Survivor regions: 4->5(39)
[2021-11-13T11:41:24.230-0800][gc,heap     ] GC(497) Old regions: 217->217
[2021-11-13T11:41:24.230-0800][gc,heap     ] GC(497) Archive regions: 2->2
[2021-11-13T11:41:24.230-0800][gc,heap     ] GC(497) Humongous regions: 129->129
[2021-11-13T11:41:24.230-0800][gc,metaspace] GC(497) Metaspace: 41226K(42048K)->41226K(42048K) NonClass: 36442K(36928K)->36442K(36928K) Class: 4784K(5120K)->4784K(5120K)
[2021-11-13T11:41:24.230-0800][gc          ] GC(497) Pause Young (Normal) (G1 Evacuation Pause) 658M->351M(1024M) 19.004ms
[2021-11-13T11:41:24.230-0800][gc,cpu      ] GC(497) User=0.04s Sys=0.02s Real=0.02s
[2021-11-13T11:43:23.442-0800][gc,start    ] GC(498) Pause Young (Normal) (G1 Evacuation Pause)
[2021-11-13T11:43:23.447-0800][gc,task     ] GC(498) Using 8 workers of 8 for evacuation
[2021-11-13T11:43:23.473-0800][gc,mmu      ] GC(498) MMU target violated: 21.0ms (20.0ms/21.0ms)
[2021-11-13T11:43:23.474-0800][gc,phases   ] GC(498)   Pre Evacuate Collection Set: 1.0ms
[2021-11-13T11:43:23.474-0800][gc,phases   ] GC(498)   Merge Heap Roots: 0.3ms
[2021-11-13T11:43:23.474-0800][gc,phases   ] GC(498)   Evacuate Collection Set: 23.0ms
[2021-11-13T11:43:23.474-0800][gc,phases   ] GC(498)   Post Evacuate Collection Set: 2.0ms
[2021-11-13T11:43:23.474-0800][gc,phases   ] GC(498)   Other: 5.2ms
[2021-11-13T11:43:23.474-0800][gc,heap     ] GC(498) Eden regions: 303->0(266)
[2021-11-13T11:43:23.474-0800][gc,heap     ] GC(498) Survivor regions: 5->5(39)
[2021-11-13T11:43:23.474-0800][gc,heap     ] GC(498) Old regions: 217->217
[2021-11-13T11:43:23.474-0800][gc,heap     ] GC(498) Archive regions: 2->2
[2021-11-13T11:43:23.474-0800][gc,heap     ] GC(498) Humongous regions: 129->129
[2021-11-13T11:43:23.474-0800][gc,metaspace] GC(498) Metaspace: 41226K(42048K)->41226K(42048K) NonClass: 36442K(36928K)->36442K(36928K) Class: 4784K(5120K)->4784K(5120K)
[2021-11-13T11:43:23.474-0800][gc          ] GC(498) Pause Young (Normal) (G1 Evacuation Pause) 654M->351M(1024M) 31.993ms
[2021-11-13T11:43:23.474-0800][gc,cpu      ] GC(498) User=0.04s Sys=0.03s Real=0.03s
[2021-11-13T11:44:57.009-0800][gc,start    ] GC(499) Pause Young (Normal) (G1 Evacuation Pause)
[2021-11-13T11:44:57.011-0800][gc,task     ] GC(499) Using 8 workers of 8 for evacuation
[2021-11-13T11:44:57.023-0800][gc,phases   ] GC(499)   Pre Evacuate Collection Set: 0.4ms
[2021-11-13T11:44:57.024-0800][gc,phases   ] GC(499)   Merge Heap Roots: 0.2ms
[2021-11-13T11:44:57.024-0800][gc,phases   ] GC(499)   Evacuate Collection Set: 10.7ms
[2021-11-13T11:44:57.024-0800][gc,phases   ] GC(499)   Post Evacuate Collection Set: 1.0ms
[2021-11-13T11:44:57.024-0800][gc,phases   ] GC(499)   Other: 1.8ms
[2021-11-13T11:44:57.024-0800][gc,heap     ] GC(499) Eden regions: 234->0(559)
[2021-11-13T11:44:57.024-0800][gc,heap     ] GC(499) Survivor regions: 5->4(30)
[2021-11-13T11:44:57.024-0800][gc,heap     ] GC(499) Old regions: 217->218
[2021-11-13T11:44:57.024-0800][gc,heap     ] GC(499) Archive regions: 2->2
[2021-11-13T11:44:57.024-0800][gc,heap     ] GC(499) Humongous regions: 129->129
[2021-11-13T11:44:57.024-0800][gc,metaspace] GC(499) Metaspace: 41226K(42048K)->41226K(42048K) NonClass: 36442K(36928K)->36442K(36928K) Class: 4784K(5120K)->4784K(5120K)
[2021-11-13T11:44:57.024-0800][gc          ] GC(499) Pause Young (Normal) (G1 Evacuation Pause) 585M->350M(1024M) 14.246ms
[2021-11-13T11:44:57.024-0800][gc,cpu      ] GC(499) User=0.04s Sys=0.01s Real=0.02s
[2021-11-13T11:48:40.883-0800][gc,start    ] GC(500) Pause Young (Normal) (G1 Evacuation Pause)
[2021-11-13T11:48:40.883-0800][gc,task     ] GC(500) Using 8 workers of 8 for evacuation
[2021-11-13T11:48:40.911-0800][gc,mmu      ] GC(500) MMU target violated: 21.0ms (20.0ms/21.0ms)
[2021-11-13T11:48:40.911-0800][gc,phases   ] GC(500)   Pre Evacuate Collection Set: 1.0ms
[2021-11-13T11:48:40.911-0800][gc,phases   ] GC(500)   Merge Heap Roots: 0.4ms
[2021-11-13T11:48:40.911-0800][gc,phases   ] GC(500)   Evacuate Collection Set: 23.8ms
[2021-11-13T11:48:40.912-0800][gc,phases   ] GC(500)   Post Evacuate Collection Set: 2.2ms
[2021-11-13T11:48:40.912-0800][gc,phases   ] GC(500)   Other: 1.4ms
[2021-11-13T11:48:40.912-0800][gc,heap     ] GC(500) Eden regions: 559->0(555)
[2021-11-13T11:48:40.912-0800][gc,heap     ] GC(500) Survivor regions: 4->4(71)
[2021-11-13T11:48:40.912-0800][gc,heap     ] GC(500) Old regions: 218->218
[2021-11-13T11:48:40.912-0800][gc,heap     ] GC(500) Archive regions: 2->2
[2021-11-13T11:48:40.912-0800][gc,heap     ] GC(500) Humongous regions: 129->129
[2021-11-13T11:48:40.912-0800][gc,metaspace] GC(500) Metaspace: 41226K(42048K)->41226K(42048K) NonClass: 36442K(36928K)->36442K(36928K) Class: 4784K(5120K)->4784K(5120K)
[2021-11-13T11:48:40.912-0800][gc          ] GC(500) Pause Young (Normal) (G1 Evacuation Pause) 909M->350M(1024M) 29.033ms
[2021-11-13T11:48:40.912-0800][gc,cpu      ] GC(500) User=0.03s Sys=0.04s Real=0.03s
[2021-11-13T11:52:22.616-0800][gc,start    ] GC(501) Pause Young (Normal) (G1 Evacuation Pause)
[2021-11-13T11:52:22.618-0800][gc,task     ] GC(501) Using 8 workers of 8 for evacuation
[2021-11-13T11:52:22.633-0800][gc,phases   ] GC(501)   Pre Evacuate Collection Set: 0.5ms
[2021-11-13T11:52:22.633-0800][gc,phases   ] GC(501)   Merge Heap Roots: 0.2ms
[2021-11-13T11:52:22.633-0800][gc,phases   ] GC(501)   Evacuate Collection Set: 13.1ms
[2021-11-13T11:52:22.633-0800][gc,phases   ] GC(501)   Post Evacuate Collection Set: 1.4ms
[2021-11-13T11:52:22.633-0800][gc,phases   ] GC(501)   Other: 1.6ms
[2021-11-13T11:52:22.633-0800][gc,heap     ] GC(501) Eden regions: 555->0(560)
[2021-11-13T11:52:22.633-0800][gc,heap     ] GC(501) Survivor regions: 4->4(70)
[2021-11-13T11:52:22.633-0800][gc,heap     ] GC(501) Old regions: 218->218
[2021-11-13T11:52:22.633-0800][gc,heap     ] GC(501) Archive regions: 2->2
[2021-11-13T11:52:22.633-0800][gc,heap     ] GC(501) Humongous regions: 129->129
[2021-11-13T11:52:22.633-0800][gc,metaspace] GC(501) Metaspace: 41226K(42048K)->41226K(42048K) NonClass: 36442K(36928K)->36442K(36928K) Class: 4784K(5120K)->4784K(5120K)
[2021-11-13T11:52:22.633-0800][gc          ] GC(501) Pause Young (Normal) (G1 Evacuation Pause) 905M->350M(1024M) 16.947ms
[2021-11-13T11:52:22.633-0800][gc,cpu      ] GC(501) User=0.04s Sys=0.01s Real=0.02s
[2021-11-13T12:14:35.573-0800][gc,start    ] GC(502) Pause Young (Normal) (G1 Evacuation Pause)
[2021-11-13T12:14:35.574-0800][gc,task     ] GC(502) Using 8 workers of 8 for evacuation
[2021-11-13T12:14:35.627-0800][gc,mmu      ] GC(502) MMU target violated: 21.0ms (20.0ms/21.0ms)
[2021-11-13T12:14:35.627-0800][gc,phases   ] GC(502)   Pre Evacuate Collection Set: 1.0ms
[2021-11-13T12:14:35.627-0800][gc,phases   ] GC(502)   Merge Heap Roots: 0.3ms
[2021-11-13T12:14:35.627-0800][gc,phases   ] GC(502)   Evacuate Collection Set: 43.9ms
[2021-11-13T12:14:35.627-0800][gc,phases   ] GC(502)   Post Evacuate Collection Set: 6.9ms
[2021-11-13T12:14:35.627-0800][gc,phases   ] GC(502)   Other: 2.3ms
[2021-11-13T12:14:35.627-0800][gc,heap     ] GC(502) Eden regions: 560->0(66)
[2021-11-13T12:14:35.627-0800][gc,heap     ] GC(502) Survivor regions: 4->4(71)
[2021-11-13T12:14:35.627-0800][gc,heap     ] GC(502) Old regions: 218->218
[2021-11-13T12:14:35.627-0800][gc,heap     ] GC(502) Archive regions: 2->2
[2021-11-13T12:14:35.627-0800][gc,heap     ] GC(502) Humongous regions: 129->129
[2021-11-13T12:14:35.627-0800][gc,metaspace] GC(502) Metaspace: 41226K(42048K)->41226K(42048K) NonClass: 36442K(36928K)->36442K(36928K) Class: 4784K(5120K)->4784K(5120K)
[2021-11-13T12:14:35.627-0800][gc          ] GC(502) Pause Young (Normal) (G1 Evacuation Pause) 910M->350M(1024M) 54.563ms
[2021-11-13T12:14:35.627-0800][gc,cpu      ] GC(502) User=0.03s Sys=0.05s Real=0.05s
[2021-11-13T12:21:44.595-0800][gc,start    ] GC(503) Pause Young (Normal) (G1 Evacuation Pause)
[2021-11-13T12:21:44.596-0800][gc,task     ] GC(503) Using 8 workers of 8 for evacuation
[2021-11-13T12:21:44.614-0800][gc,phases   ] GC(503)   Pre Evacuate Collection Set: 1.4ms
[2021-11-13T12:21:44.614-0800][gc,phases   ] GC(503)   Merge Heap Roots: 0.2ms
[2021-11-13T12:21:44.614-0800][gc,phases   ] GC(503)   Evacuate Collection Set: 14.1ms
[2021-11-13T12:21:44.614-0800][gc,phases   ] GC(503)   Post Evacuate Collection Set: 1.2ms
[2021-11-13T12:21:44.614-0800][gc,phases   ] GC(503)   Other: 2.3ms
[2021-11-13T12:21:44.614-0800][gc,heap     ] GC(503) Eden regions: 66->0(106)
[2021-11-13T12:21:44.614-0800][gc,heap     ] GC(503) Survivor regions: 4->4(9)
[2021-11-13T12:21:44.614-0800][gc,heap     ] GC(503) Old regions: 218->218
[2021-11-13T12:21:44.614-0800][gc,heap     ] GC(503) Archive regions: 2->2
[2021-11-13T12:21:44.614-0800][gc,heap     ] GC(503) Humongous regions: 129->129
[2021-11-13T12:21:44.614-0800][gc,metaspace] GC(503) Metaspace: 41226K(42048K)->41226K(42048K) NonClass: 36442K(36928K)->36442K(36928K) Class: 4784K(5120K)->4784K(5120K)
[2021-11-13T12:21:44.614-0800][gc          ] GC(503) Pause Young (Normal) (G1 Evacuation Pause) 416M->350M(1024M) 19.492ms
[2021-11-13T12:21:44.615-0800][gc,cpu      ] GC(503) User=0.03s Sys=0.03s Real=0.02s
[2021-11-13T12:58:54.035-0800][gc,start    ] GC(504) Pause Young (Normal) (G1 Evacuation Pause)
[2021-11-13T12:58:54.036-0800][gc,task     ] GC(504) Using 8 workers of 8 for evacuation
[2021-11-13T12:58:54.051-0800][gc,phases   ] GC(504)   Pre Evacuate Collection Set: 0.8ms
[2021-11-13T12:58:54.051-0800][gc,phases   ] GC(504)   Merge Heap Roots: 0.2ms
[2021-11-13T12:58:54.051-0800][gc,phases   ] GC(504)   Evacuate Collection Set: 11.9ms
[2021-11-13T12:58:54.051-0800][gc,phases   ] GC(504)   Post Evacuate Collection Set: 1.4ms
[2021-11-13T12:58:54.051-0800][gc,phases   ] GC(504)   Other: 1.7ms
[2021-11-13T12:58:54.051-0800][gc,heap     ] GC(504) Eden regions: 101->0(135)
[2021-11-13T12:58:54.051-0800][gc,heap     ] GC(504) Survivor regions: 4->4(14)
[2021-11-13T12:58:54.051-0800][gc,heap     ] GC(504) Old regions: 218->218
[2021-11-13T12:58:54.051-0800][gc,heap     ] GC(504) Archive regions: 2->2
[2021-11-13T12:58:54.051-0800][gc,heap     ] GC(504) Humongous regions: 129->129
[2021-11-13T12:58:54.051-0800][gc,metaspace] GC(504) Metaspace: 41227K(42048K)->41227K(42048K) NonClass: 36442K(36928K)->36442K(36928K) Class: 4784K(5120K)->4784K(5120K)
[2021-11-13T12:58:54.051-0800][gc          ] GC(504) Pause Young (Normal) (G1 Evacuation Pause) 451M->350M(1024M) 15.859ms
[2021-11-13T12:58:54.051-0800][gc,cpu      ] GC(504) User=0.03s Sys=0.02s Real=0.02s
[2021-11-13T12:59:46.431-0800][gc,start    ] GC(505) Pause Young (Normal) (G1 Evacuation Pause)
[2021-11-13T12:59:46.432-0800][gc,task     ] GC(505) Using 8 workers of 8 for evacuation
[2021-11-13T12:59:46.441-0800][gc,phases   ] GC(505)   Pre Evacuate Collection Set: 0.2ms
[2021-11-13T12:59:46.441-0800][gc,phases   ] GC(505)   Merge Heap Roots: 0.1ms
[2021-11-13T12:59:46.441-0800][gc,phases   ] GC(505)   Evacuate Collection Set: 8.4ms
[2021-11-13T12:59:46.441-0800][gc,phases   ] GC(505)   Post Evacuate Collection Set: 0.7ms
[2021-11-13T12:59:46.442-0800][gc,phases   ] GC(505)   Other: 0.6ms
[2021-11-13T12:59:46.442-0800][gc,heap     ] GC(505) Eden regions: 130->0(228)
[2021-11-13T12:59:46.442-0800][gc,heap     ] GC(505) Survivor regions: 4->4(17)
[2021-11-13T12:59:46.442-0800][gc,heap     ] GC(505) Old regions: 218->218
[2021-11-13T12:59:46.442-0800][gc,heap     ] GC(505) Archive regions: 2->2
[2021-11-13T12:59:46.442-0800][gc,heap     ] GC(505) Humongous regions: 129->129
[2021-11-13T12:59:46.442-0800][gc,metaspace] GC(505) Metaspace: 41227K(42048K)->41227K(42048K) NonClass: 36442K(36928K)->36442K(36928K) Class: 4784K(5120K)->4784K(5120K)
[2021-11-13T12:59:46.442-0800][gc          ] GC(505) Pause Young (Normal) (G1 Evacuation Pause) 480M->351M(1024M) 10.483ms
[2021-11-13T12:59:46.442-0800][gc,cpu      ] GC(505) User=0.03s Sys=0.01s Real=0.01s
[2021-11-13T13:01:11.484-0800][gc,start    ] GC(506) Pause Young (Normal) (G1 Evacuation Pause)
[2021-11-13T13:01:11.485-0800][gc,task     ] GC(506) Using 8 workers of 8 for evacuation
[2021-11-13T13:01:11.509-0800][gc,mmu      ] GC(506) MMU target violated: 21.0ms (20.0ms/21.0ms)
[2021-11-13T13:01:11.509-0800][gc,phases   ] GC(506)   Pre Evacuate Collection Set: 1.2ms
[2021-11-13T13:01:11.509-0800][gc,phases   ] GC(506)   Merge Heap Roots: 0.3ms
[2021-11-13T13:01:11.509-0800][gc,phases   ] GC(506)   Evacuate Collection Set: 20.4ms
[2021-11-13T13:01:11.509-0800][gc,phases   ] GC(506)   Post Evacuate Collection Set: 1.5ms
[2021-11-13T13:01:11.509-0800][gc,phases   ] GC(506)   Other: 1.7ms
[2021-11-13T13:01:11.509-0800][gc,heap     ] GC(506) Eden regions: 218->0(244)
[2021-11-13T13:01:11.509-0800][gc,heap     ] GC(506) Survivor regions: 4->4(28)
[2021-11-13T13:01:11.509-0800][gc,heap     ] GC(506) Old regions: 218->218
[2021-11-13T13:01:11.509-0800][gc,heap     ] GC(506) Archive regions: 2->2
[2021-11-13T13:01:11.509-0800][gc,heap     ] GC(506) Humongous regions: 129->129
[2021-11-13T13:01:11.509-0800][gc,metaspace] GC(506) Metaspace: 41227K(42048K)->41227K(42048K) NonClass: 36442K(36928K)->36442K(36928K) Class: 4784K(5120K)->4784K(5120K)
[2021-11-13T13:01:11.509-0800][gc          ] GC(506) Pause Young (Normal) (G1 Evacuation Pause) 569M->351M(1024M) 25.287ms
[2021-11-13T13:01:11.509-0800][gc,cpu      ] GC(506) User=0.03s Sys=0.03s Real=0.02s
[2021-11-13T13:02:50.793-0800][gc,start    ] GC(507) Pause Young (Normal) (G1 Evacuation Pause)
[2021-11-13T13:02:50.794-0800][gc,task     ] GC(507) Using 8 workers of 8 for evacuation
[2021-11-13T13:02:50.817-0800][gc,mmu      ] GC(507) MMU target violated: 21.0ms (20.0ms/21.0ms)
[2021-11-13T13:02:50.817-0800][gc,phases   ] GC(507)   Pre Evacuate Collection Set: 0.6ms
[2021-11-13T13:02:50.817-0800][gc,phases   ] GC(507)   Merge Heap Roots: 0.2ms
[2021-11-13T13:02:50.817-0800][gc,phases   ] GC(507)   Evacuate Collection Set: 20.3ms
[2021-11-13T13:02:50.817-0800][gc,phases   ] GC(507)   Post Evacuate Collection Set: 0.9ms
[2021-11-13T13:02:50.817-0800][gc,phases   ] GC(507)   Other: 2.4ms
[2021-11-13T13:02:50.817-0800][gc,heap     ] GC(507) Eden regions: 244->0(241)
[2021-11-13T13:02:50.817-0800][gc,heap     ] GC(507) Survivor regions: 4->4(31)
[2021-11-13T13:02:50.817-0800][gc,heap     ] GC(507) Old regions: 218->218
[2021-11-13T13:02:50.817-0800][gc,heap     ] GC(507) Archive regions: 2->2
[2021-11-13T13:02:50.817-0800][gc,heap     ] GC(507) Humongous regions: 129->129
[2021-11-13T13:02:50.817-0800][gc,metaspace] GC(507) Metaspace: 41227K(42048K)->41227K(42048K) NonClass: 36442K(36928K)->36442K(36928K) Class: 4784K(5120K)->4784K(5120K)
[2021-11-13T13:02:50.817-0800][gc          ] GC(507) Pause Young (Normal) (G1 Evacuation Pause) 595M->351M(1024M) 24.435ms
[2021-11-13T13:02:50.817-0800][gc,cpu      ] GC(507) User=0.04s Sys=0.02s Real=0.02s
[2021-11-13T13:04:25.990-0800][gc,start    ] GC(508) Pause Young (Normal) (G1 Evacuation Pause)
[2021-11-13T13:04:25.992-0800][gc,task     ] GC(508) Using 8 workers of 8 for evacuation
[2021-11-13T13:04:26.018-0800][gc,mmu      ] GC(508) MMU target violated: 21.0ms (20.0ms/21.0ms)
[2021-11-13T13:04:26.018-0800][gc,phases   ] GC(508)   Pre Evacuate Collection Set: 1.3ms
[2021-11-13T13:04:26.018-0800][gc,phases   ] GC(508)   Merge Heap Roots: 0.3ms
[2021-11-13T13:04:26.018-0800][gc,phases   ] GC(508)   Evacuate Collection Set: 20.4ms
[2021-11-13T13:04:26.018-0800][gc,phases   ] GC(508)   Post Evacuate Collection Set: 3.7ms
[2021-11-13T13:04:26.018-0800][gc,phases   ] GC(508)   Other: 1.9ms
[2021-11-13T13:04:26.018-0800][gc,heap     ] GC(508) Eden regions: 231->0(151)
[2021-11-13T13:04:26.018-0800][gc,heap     ] GC(508) Survivor regions: 4->5(30)
[2021-11-13T13:04:26.018-0800][gc,heap     ] GC(508) Old regions: 218->218
[2021-11-13T13:04:26.018-0800][gc,heap     ] GC(508) Archive regions: 2->2
[2021-11-13T13:04:26.018-0800][gc,heap     ] GC(508) Humongous regions: 129->129
[2021-11-13T13:04:26.018-0800][gc,metaspace] GC(508) Metaspace: 41227K(42048K)->41227K(42048K) NonClass: 36442K(36928K)->36442K(36928K) Class: 4784K(5120K)->4784K(5120K)
[2021-11-13T13:04:26.018-0800][gc          ] GC(508) Pause Young (Normal) (G1 Evacuation Pause) 582M->351M(1024M) 27.742ms
[2021-11-13T13:04:26.018-0800][gc,cpu      ] GC(508) User=0.04s Sys=0.04s Real=0.02s
[2021-11-13T13:05:28.111-0800][gc,start    ] GC(509) Pause Young (Normal) (G1 Evacuation Pause)
[2021-11-13T13:05:28.112-0800][gc,task     ] GC(509) Using 8 workers of 8 for evacuation
[2021-11-13T13:05:28.127-0800][gc,phases   ] GC(509)   Pre Evacuate Collection Set: 0.5ms
[2021-11-13T13:05:28.128-0800][gc,phases   ] GC(509)   Merge Heap Roots: 0.2ms
[2021-11-13T13:05:28.128-0800][gc,phases   ] GC(509)   Evacuate Collection Set: 13.9ms
[2021-11-13T13:05:28.128-0800][gc,phases   ] GC(509)   Post Evacuate Collection Set: 0.9ms
[2021-11-13T13:05:28.128-0800][gc,phases   ] GC(509)   Other: 1.4ms
[2021-11-13T13:05:28.128-0800][gc,heap     ] GC(509) Eden regions: 151->0(272)
[2021-11-13T13:05:28.128-0800][gc,heap     ] GC(509) Survivor regions: 5->5(20)
[2021-11-13T13:05:28.128-0800][gc,heap     ] GC(509) Old regions: 218->218
[2021-11-13T13:05:28.128-0800][gc,heap     ] GC(509) Archive regions: 2->2
[2021-11-13T13:05:28.128-0800][gc,heap     ] GC(509) Humongous regions: 129->129
[2021-11-13T13:05:28.128-0800][gc,metaspace] GC(509) Metaspace: 41227K(42048K)->41227K(42048K) NonClass: 36442K(36928K)->36442K(36928K) Class: 4784K(5120K)->4784K(5120K)
[2021-11-13T13:05:28.128-0800][gc          ] GC(509) Pause Young (Normal) (G1 Evacuation Pause) 502M->351M(1024M) 17.133ms
[2021-11-13T13:05:28.128-0800][gc,cpu      ] GC(509) User=0.03s Sys=0.02s Real=0.01s
[2021-11-13T13:07:19.466-0800][gc,start    ] GC(510) Pause Young (Normal) (G1 Evacuation Pause)
[2021-11-13T13:07:19.467-0800][gc,task     ] GC(510) Using 8 workers of 8 for evacuation
[2021-11-13T13:07:19.479-0800][gc,phases   ] GC(510)   Pre Evacuate Collection Set: 0.5ms
[2021-11-13T13:07:19.479-0800][gc,phases   ] GC(510)   Merge Heap Roots: 0.1ms
[2021-11-13T13:07:19.479-0800][gc,phases   ] GC(510)   Evacuate Collection Set: 10.2ms
[2021-11-13T13:07:19.479-0800][gc,phases   ] GC(510)   Post Evacuate Collection Set: 1.0ms
[2021-11-13T13:07:19.479-0800][gc,phases   ] GC(510)   Other: 1.6ms
[2021-11-13T13:07:19.479-0800][gc,heap     ] GC(510) Eden regions: 272->0(403)
[2021-11-13T13:07:19.479-0800][gc,heap     ] GC(510) Survivor regions: 5->5(35)
[2021-11-13T13:07:19.479-0800][gc,heap     ] GC(510) Old regions: 218->218
[2021-11-13T13:07:19.479-0800][gc,heap     ] GC(510) Archive regions: 2->2
[2021-11-13T13:07:19.479-0800][gc,heap     ] GC(510) Humongous regions: 129->129
[2021-11-13T13:07:19.480-0800][gc,metaspace] GC(510) Metaspace: 41227K(42048K)->41227K(42048K) NonClass: 36443K(36928K)->36443K(36928K) Class: 4784K(5120K)->4784K(5120K)
[2021-11-13T13:07:19.480-0800][gc          ] GC(510) Pause Young (Normal) (G1 Evacuation Pause) 623M->351M(1024M) 13.857ms
[2021-11-13T13:07:19.480-0800][gc,cpu      ] GC(510) User=0.02s Sys=0.01s Real=0.02s
[2021-11-13T13:09:58.135-0800][gc,start    ] GC(511) Pause Young (Normal) (G1 Evacuation Pause)
[2021-11-13T13:09:58.135-0800][gc,task     ] GC(511) Using 8 workers of 8 for evacuation
[2021-11-13T13:09:58.160-0800][gc,mmu      ] GC(511) MMU target violated: 21.0ms (20.0ms/21.0ms)
[2021-11-13T13:09:58.160-0800][gc,phases   ] GC(511)   Pre Evacuate Collection Set: 1.0ms
[2021-11-13T13:09:58.160-0800][gc,phases   ] GC(511)   Merge Heap Roots: 0.9ms
[2021-11-13T13:09:58.160-0800][gc,phases   ] GC(511)   Evacuate Collection Set: 18.8ms
[2021-11-13T13:09:58.160-0800][gc,phases   ] GC(511)   Post Evacuate Collection Set: 3.8ms
[2021-11-13T13:09:58.160-0800][gc,phases   ] GC(511)   Other: 1.3ms
[2021-11-13T13:09:58.160-0800][gc,heap     ] GC(511) Eden regions: 403->0(544)
[2021-11-13T13:09:58.160-0800][gc,heap     ] GC(511) Survivor regions: 5->4(51)
[2021-11-13T13:09:58.160-0800][gc,heap     ] GC(511) Old regions: 218->219
[2021-11-13T13:09:58.160-0800][gc,heap     ] GC(511) Archive regions: 2->2
[2021-11-13T13:09:58.160-0800][gc,heap     ] GC(511) Humongous regions: 129->129
[2021-11-13T13:09:58.160-0800][gc,metaspace] GC(511) Metaspace: 41227K(42048K)->41227K(42048K) NonClass: 36443K(36928K)->36443K(36928K) Class: 4784K(5120K)->4784K(5120K)
[2021-11-13T13:09:58.160-0800][gc          ] GC(511) Pause Young (Normal) (G1 Evacuation Pause) 754M->351M(1024M) 25.873ms
[2021-11-13T13:09:58.160-0800][gc,cpu      ] GC(511) User=0.03s Sys=0.03s Real=0.03s
[2021-11-13T13:13:31.924-0800][gc,start    ] GC(512) Pause Young (Normal) (G1 Evacuation Pause)
[2021-11-13T13:13:31.924-0800][gc,task     ] GC(512) Using 8 workers of 8 for evacuation
[2021-11-13T13:13:31.965-0800][gc,mmu      ] GC(512) MMU target violated: 21.0ms (20.0ms/21.0ms)
[2021-11-13T13:13:31.965-0800][gc,phases   ] GC(512)   Pre Evacuate Collection Set: 0.6ms
[2021-11-13T13:13:31.965-0800][gc,phases   ] GC(512)   Merge Heap Roots: 0.2ms
[2021-11-13T13:13:31.965-0800][gc,phases   ] GC(512)   Evacuate Collection Set: 36.0ms
[2021-11-13T13:13:31.965-0800][gc,phases   ] GC(512)   Post Evacuate Collection Set: 3.1ms
[2021-11-13T13:13:31.965-0800][gc,phases   ] GC(512)   Other: 0.9ms
[2021-11-13T13:13:31.965-0800][gc,heap     ] GC(512) Eden regions: 544->0(348)
[2021-11-13T13:13:31.965-0800][gc,heap     ] GC(512) Survivor regions: 4->3(69)
[2021-11-13T13:13:31.965-0800][gc,heap     ] GC(512) Old regions: 219->219
[2021-11-13T13:13:31.965-0800][gc,heap     ] GC(512) Archive regions: 2->2
[2021-11-13T13:13:31.965-0800][gc,heap     ] GC(512) Humongous regions: 129->129
[2021-11-13T13:13:31.965-0800][gc,metaspace] GC(512) Metaspace: 41227K(42048K)->41227K(42048K) NonClass: 36443K(36928K)->36443K(36928K) Class: 4784K(5120K)->4784K(5120K)
[2021-11-13T13:13:31.965-0800][gc          ] GC(512) Pause Young (Normal) (G1 Evacuation Pause) 895M->351M(1024M) 41.192ms
[2021-11-13T13:13:31.965-0800][gc,cpu      ] GC(512) User=0.03s Sys=0.04s Real=0.04s
[2021-11-13T13:15:48.626-0800][gc,start    ] GC(513) Pause Young (Normal) (G1 Evacuation Pause)
[2021-11-13T13:15:48.627-0800][gc,task     ] GC(513) Using 8 workers of 8 for evacuation
[2021-11-13T13:15:48.643-0800][gc,phases   ] GC(513)   Pre Evacuate Collection Set: 1.2ms
[2021-11-13T13:15:48.643-0800][gc,phases   ] GC(513)   Merge Heap Roots: 0.3ms
[2021-11-13T13:15:48.643-0800][gc,phases   ] GC(513)   Evacuate Collection Set: 12.9ms
[2021-11-13T13:15:48.643-0800][gc,phases   ] GC(513)   Post Evacuate Collection Set: 1.4ms
[2021-11-13T13:15:48.643-0800][gc,phases   ] GC(513)   Other: 1.8ms
[2021-11-13T13:15:48.643-0800][gc,heap     ] GC(513) Eden regions: 348->0(391)
[2021-11-13T13:15:48.644-0800][gc,heap     ] GC(513) Survivor regions: 3->4(44)
[2021-11-13T13:15:48.644-0800][gc,heap     ] GC(513) Old regions: 219->219
[2021-11-13T13:15:48.644-0800][gc,heap     ] GC(513) Archive regions: 2->2
[2021-11-13T13:15:48.644-0800][gc,heap     ] GC(513) Humongous regions: 129->129
[2021-11-13T13:15:48.644-0800][gc,metaspace] GC(513) Metaspace: 41227K(42048K)->41227K(42048K) NonClass: 36443K(36928K)->36443K(36928K) Class: 4784K(5120K)->4784K(5120K)
[2021-11-13T13:15:48.644-0800][gc          ] GC(513) Pause Young (Normal) (G1 Evacuation Pause) 699M->351M(1024M) 17.888ms
[2021-11-13T13:15:48.644-0800][gc,cpu      ] GC(513) User=0.03s Sys=0.02s Real=0.02s
[2021-11-13T13:18:22.497-0800][gc,start    ] GC(514) Pause Young (Normal) (G1 Evacuation Pause)
[2021-11-13T13:18:22.497-0800][gc,task     ] GC(514) Using 8 workers of 8 for evacuation
[2021-11-13T13:18:22.509-0800][gc,phases   ] GC(514)   Pre Evacuate Collection Set: 0.4ms
[2021-11-13T13:18:22.509-0800][gc,phases   ] GC(514)   Merge Heap Roots: 0.2ms
[2021-11-13T13:18:22.509-0800][gc,phases   ] GC(514)   Evacuate Collection Set: 9.8ms
[2021-11-13T13:18:22.509-0800][gc,phases   ] GC(514)   Post Evacuate Collection Set: 1.0ms
[2021-11-13T13:18:22.509-0800][gc,phases   ] GC(514)   Other: 0.8ms
[2021-11-13T13:18:22.509-0800][gc,heap     ] GC(514) Eden regions: 391->0(559)
[2021-11-13T13:18:22.509-0800][gc,heap     ] GC(514) Survivor regions: 4->4(50)
[2021-11-13T13:18:22.509-0800][gc,heap     ] GC(514) Old regions: 219->219
[2021-11-13T13:18:22.509-0800][gc,heap     ] GC(514) Archive regions: 2->2
[2021-11-13T13:18:22.509-0800][gc,heap     ] GC(514) Humongous regions: 129->129
[2021-11-13T13:18:22.509-0800][gc,metaspace] GC(514) Metaspace: 41227K(42048K)->41227K(42048K) NonClass: 36443K(36928K)->36443K(36928K) Class: 4784K(5120K)->4784K(5120K)
[2021-11-13T13:18:22.509-0800][gc          ] GC(514) Pause Young (Normal) (G1 Evacuation Pause) 742M->351M(1024M) 12.403ms
[2021-11-13T13:18:22.509-0800][gc,cpu      ] GC(514) User=0.03s Sys=0.02s Real=0.01s
[2021-11-13T13:22:02.913-0800][gc,start    ] GC(515) Pause Young (Normal) (G1 Evacuation Pause)
[2021-11-13T13:22:02.920-0800][gc,task     ] GC(515) Using 8 workers of 8 for evacuation
[2021-11-13T13:22:02.970-0800][gc,mmu      ] GC(515) MMU target violated: 21.0ms (20.0ms/21.0ms)
[2021-11-13T13:22:02.971-0800][gc,phases   ] GC(515)   Pre Evacuate Collection Set: 1.2ms
[2021-11-13T13:22:02.971-0800][gc,phases   ] GC(515)   Merge Heap Roots: 0.5ms
[2021-11-13T13:22:02.971-0800][gc,phases   ] GC(515)   Evacuate Collection Set: 43.6ms
[2021-11-13T13:22:02.971-0800][gc,phases   ] GC(515)   Post Evacuate Collection Set: 3.6ms
[2021-11-13T13:22:02.971-0800][gc,phases   ] GC(515)   Other: 9.6ms
[2021-11-13T13:22:02.971-0800][gc,heap     ] GC(515) Eden regions: 559->0(320)
[2021-11-13T13:22:02.971-0800][gc,heap     ] GC(515) Survivor regions: 4->4(71)
[2021-11-13T13:22:02.971-0800][gc,heap     ] GC(515) Old regions: 219->219
[2021-11-13T13:22:02.971-0800][gc,heap     ] GC(515) Archive regions: 2->2
[2021-11-13T13:22:02.971-0800][gc,heap     ] GC(515) Humongous regions: 129->129
[2021-11-13T13:22:02.971-0800][gc,metaspace] GC(515) Metaspace: 41256K(42048K)->41256K(42048K) NonClass: 36472K(36928K)->36472K(36928K) Class: 4784K(5120K)->4784K(5120K)
[2021-11-13T13:22:02.971-0800][gc          ] GC(515) Pause Young (Normal) (G1 Evacuation Pause) 910M->351M(1024M) 58.719ms
[2021-11-13T13:22:02.971-0800][gc,cpu      ] GC(515) User=0.04s Sys=0.06s Real=0.06s
[2021-11-13T13:24:08.520-0800][gc,start    ] GC(516) Pause Young (Normal) (G1 Evacuation Pause)
[2021-11-13T13:24:08.553-0800][gc,task     ] GC(516) Using 8 workers of 8 for evacuation
[2021-11-13T13:24:08.583-0800][gc,mmu      ] GC(516) MMU target violated: 21.0ms (20.0ms/21.0ms)
[2021-11-13T13:24:08.583-0800][gc,phases   ] GC(516)   Pre Evacuate Collection Set: 1.0ms
[2021-11-13T13:24:08.583-0800][gc,phases   ] GC(516)   Merge Heap Roots: 0.6ms
[2021-11-13T13:24:08.583-0800][gc,phases   ] GC(516)   Evacuate Collection Set: 27.0ms
[2021-11-13T13:24:08.583-0800][gc,phases   ] GC(516)   Post Evacuate Collection Set: 1.0ms
[2021-11-13T13:24:08.583-0800][gc,phases   ] GC(516)   Other: 33.8ms
[2021-11-13T13:24:08.583-0800][gc,heap     ] GC(516) Eden regions: 320->0(221)
[2021-11-13T13:24:08.583-0800][gc,heap     ] GC(516) Survivor regions: 4->5(41)
[2021-11-13T13:24:08.583-0800][gc,heap     ] GC(516) Old regions: 219->219
[2021-11-13T13:24:08.583-0800][gc,heap     ] GC(516) Archive regions: 2->2
[2021-11-13T13:24:08.583-0800][gc,heap     ] GC(516) Humongous regions: 129->129
[2021-11-13T13:24:08.583-0800][gc,metaspace] GC(516) Metaspace: 41256K(42048K)->41256K(42048K) NonClass: 36472K(36928K)->36472K(36928K) Class: 4784K(5120K)->4784K(5120K)
[2021-11-13T13:24:08.583-0800][gc          ] GC(516) Pause Young (Normal) (G1 Evacuation Pause) 671M->352M(1024M) 63.351ms
[2021-11-13T13:24:08.583-0800][gc,cpu      ] GC(516) User=0.04s Sys=0.03s Real=0.06s
[2021-11-13T13:25:34.885-0800][gc,start    ] GC(517) Pause Young (Normal) (G1 Evacuation Pause)
[2021-11-13T13:25:34.886-0800][gc,task     ] GC(517) Using 8 workers of 8 for evacuation
[2021-11-13T13:25:34.904-0800][gc,phases   ] GC(517)   Pre Evacuate Collection Set: 0.9ms
[2021-11-13T13:25:34.904-0800][gc,phases   ] GC(517)   Merge Heap Roots: 0.3ms
[2021-11-13T13:25:34.904-0800][gc,phases   ] GC(517)   Evacuate Collection Set: 14.5ms
[2021-11-13T13:25:34.904-0800][gc,phases   ] GC(517)   Post Evacuate Collection Set: 1.3ms
[2021-11-13T13:25:34.904-0800][gc,phases   ] GC(517)   Other: 1.9ms
[2021-11-13T13:25:34.904-0800][gc,heap     ] GC(517) Eden regions: 221->0(540)
[2021-11-13T13:25:34.904-0800][gc,heap     ] GC(517) Survivor regions: 5->4(29)
[2021-11-13T13:25:34.904-0800][gc,heap     ] GC(517) Old regions: 219->219
[2021-11-13T13:25:34.904-0800][gc,heap     ] GC(517) Archive regions: 2->2
[2021-11-13T13:25:34.904-0800][gc,heap     ] GC(517) Humongous regions: 129->129
[2021-11-13T13:25:34.904-0800][gc,metaspace] GC(517) Metaspace: 41256K(42048K)->41256K(42048K) NonClass: 36472K(36928K)->36472K(36928K) Class: 4784K(5120K)->4784K(5120K)
[2021-11-13T13:25:34.904-0800][gc          ] GC(517) Pause Young (Normal) (G1 Evacuation Pause) 573M->351M(1024M) 19.335ms
[2021-11-13T13:25:34.904-0800][gc,cpu      ] GC(517) User=0.03s Sys=0.02s Real=0.02s
[2021-11-13T13:29:07.069-0800][gc,start    ] GC(518) Pause Young (Normal) (G1 Evacuation Pause)
[2021-11-13T13:29:07.086-0800][gc,task     ] GC(518) Using 8 workers of 8 for evacuation
[2021-11-13T13:29:07.114-0800][gc,mmu      ] GC(518) MMU target violated: 21.0ms (20.0ms/21.0ms)
[2021-11-13T13:29:07.114-0800][gc,phases   ] GC(518)   Pre Evacuate Collection Set: 1.2ms
[2021-11-13T13:29:07.114-0800][gc,phases   ] GC(518)   Merge Heap Roots: 0.7ms
[2021-11-13T13:29:07.114-0800][gc,phases   ] GC(518)   Evacuate Collection Set: 23.0ms
[2021-11-13T13:29:07.114-0800][gc,phases   ] GC(518)   Post Evacuate Collection Set: 2.0ms
[2021-11-13T13:29:07.114-0800][gc,phases   ] GC(518)   Other: 17.9ms
[2021-11-13T13:29:07.114-0800][gc,heap     ] GC(518) Eden regions: 540->0(561)
[2021-11-13T13:29:07.114-0800][gc,heap     ] GC(518) Survivor regions: 4->3(68)
[2021-11-13T13:29:07.114-0800][gc,heap     ] GC(518) Old regions: 219->219
[2021-11-13T13:29:07.114-0800][gc,heap     ] GC(518) Archive regions: 2->2
[2021-11-13T13:29:07.114-0800][gc,heap     ] GC(518) Humongous regions: 129->129
[2021-11-13T13:29:07.114-0800][gc,metaspace] GC(518) Metaspace: 41256K(42048K)->41256K(42048K) NonClass: 36472K(36928K)->36472K(36928K) Class: 4784K(5120K)->4784K(5120K)
[2021-11-13T13:29:07.114-0800][gc          ] GC(518) Pause Young (Normal) (G1 Evacuation Pause) 891M->351M(1024M) 44.976ms
[2021-11-13T13:29:07.114-0800][gc,cpu      ] GC(518) User=0.03s Sys=0.05s Real=0.05s
[2021-11-13T13:32:47.755-0800][gc,start    ] GC(519) Pause Young (Normal) (G1 Evacuation Pause)
[2021-11-13T13:32:47.757-0800][gc,task     ] GC(519) Using 8 workers of 8 for evacuation
[2021-11-13T13:32:47.779-0800][gc,mmu      ] GC(519) MMU target violated: 21.0ms (20.0ms/21.0ms)
[2021-11-13T13:32:47.779-0800][gc,phases   ] GC(519)   Pre Evacuate Collection Set: 0.6ms
[2021-11-13T13:32:47.779-0800][gc,phases   ] GC(519)   Merge Heap Roots: 0.4ms
[2021-11-13T13:32:47.779-0800][gc,phases   ] GC(519)   Evacuate Collection Set: 18.6ms
[2021-11-13T13:32:47.779-0800][gc,phases   ] GC(519)   Post Evacuate Collection Set: 2.0ms
[2021-11-13T13:32:47.779-0800][gc,phases   ] GC(519)   Other: 2.0ms
[2021-11-13T13:32:47.779-0800][gc,heap     ] GC(519) Eden regions: 561->0(561)
[2021-11-13T13:32:47.779-0800][gc,heap     ] GC(519) Survivor regions: 3->3(71)
[2021-11-13T13:32:47.779-0800][gc,heap     ] GC(519) Old regions: 219->219
[2021-11-13T13:32:47.779-0800][gc,heap     ] GC(519) Archive regions: 2->2
[2021-11-13T13:32:47.779-0800][gc,heap     ] GC(519) Humongous regions: 129->129
[2021-11-13T13:32:47.779-0800][gc,metaspace] GC(519) Metaspace: 41256K(42048K)->41256K(42048K) NonClass: 36472K(36928K)->36472K(36928K) Class: 4784K(5120K)->4784K(5120K)
[2021-11-13T13:32:47.779-0800][gc          ] GC(519) Pause Young (Normal) (G1 Evacuation Pause) 912M->351M(1024M) 23.592ms
[2021-11-13T13:32:47.779-0800][gc,cpu      ] GC(519) User=0.03s Sys=0.03s Real=0.02s
[2021-11-13T13:36:28.308-0800][gc,start    ] GC(520) Pause Young (Normal) (G1 Evacuation Pause)
[2021-11-13T13:36:28.309-0800][gc,task     ] GC(520) Using 8 workers of 8 for evacuation
[2021-11-13T13:36:28.328-0800][gc,phases   ] GC(520)   Pre Evacuate Collection Set: 0.6ms
[2021-11-13T13:36:28.328-0800][gc,phases   ] GC(520)   Merge Heap Roots: 0.3ms
[2021-11-13T13:36:28.328-0800][gc,phases   ] GC(520)   Evacuate Collection Set: 16.8ms
[2021-11-13T13:36:28.328-0800][gc,phases   ] GC(520)   Post Evacuate Collection Set: 1.7ms
[2021-11-13T13:36:28.328-0800][gc,phases   ] GC(520)   Other: 1.4ms
[2021-11-13T13:36:28.328-0800][gc,heap     ] GC(520) Eden regions: 561->0(559)
[2021-11-13T13:36:28.328-0800][gc,heap     ] GC(520) Survivor regions: 3->4(71)
[2021-11-13T13:36:28.328-0800][gc,heap     ] GC(520) Old regions: 219->219
[2021-11-13T13:36:28.328-0800][gc,heap     ] GC(520) Archive regions: 2->2
[2021-11-13T13:36:28.328-0800][gc,heap     ] GC(520) Humongous regions: 129->129
[2021-11-13T13:36:28.329-0800][gc,metaspace] GC(520) Metaspace: 41256K(42048K)->41256K(42048K) NonClass: 36472K(36928K)->36472K(36928K) Class: 4784K(5120K)->4784K(5120K)
[2021-11-13T13:36:28.329-0800][gc          ] GC(520) Pause Young (Normal) (G1 Evacuation Pause) 912M->352M(1024M) 20.792ms
[2021-11-13T13:36:28.329-0800][gc,cpu      ] GC(520) User=0.02s Sys=0.03s Real=0.02s
[2021-11-13T13:40:07.709-0800][gc,start    ] GC(521) Pause Young (Normal) (G1 Evacuation Pause)
[2021-11-13T13:40:07.710-0800][gc,task     ] GC(521) Using 8 workers of 8 for evacuation
[2021-11-13T13:40:07.726-0800][gc,phases   ] GC(521)   Pre Evacuate Collection Set: 0.7ms
[2021-11-13T13:40:07.726-0800][gc,phases   ] GC(521)   Merge Heap Roots: 0.4ms
[2021-11-13T13:40:07.726-0800][gc,phases   ] GC(521)   Evacuate Collection Set: 11.7ms
[2021-11-13T13:40:07.726-0800][gc,phases   ] GC(521)   Post Evacuate Collection Set: 1.7ms
[2021-11-13T13:40:07.726-0800][gc,phases   ] GC(521)   Other: 2.2ms
[2021-11-13T13:40:07.726-0800][gc,heap     ] GC(521) Eden regions: 559->0(561)
[2021-11-13T13:40:07.726-0800][gc,heap     ] GC(521) Survivor regions: 4->3(71)
[2021-11-13T13:40:07.726-0800][gc,heap     ] GC(521) Old regions: 219->219
[2021-11-13T13:40:07.726-0800][gc,heap     ] GC(521) Archive regions: 2->2
[2021-11-13T13:40:07.726-0800][gc,heap     ] GC(521) Humongous regions: 129->129
[2021-11-13T13:40:07.726-0800][gc,metaspace] GC(521) Metaspace: 41256K(42048K)->41256K(42048K) NonClass: 36472K(36928K)->36472K(36928K) Class: 4784K(5120K)->4784K(5120K)
[2021-11-13T13:40:07.726-0800][gc          ] GC(521) Pause Young (Normal) (G1 Evacuation Pause) 911M->351M(1024M) 16.967ms
[2021-11-13T13:40:07.726-0800][gc,cpu      ] GC(521) User=0.02s Sys=0.02s Real=0.02s
[2021-11-13T13:43:47.706-0800][gc,start    ] GC(522) Pause Young (Normal) (G1 Evacuation Pause)
[2021-11-13T13:43:47.707-0800][gc,task     ] GC(522) Using 8 workers of 8 for evacuation
[2021-11-13T13:43:47.727-0800][gc,phases   ] GC(522)   Pre Evacuate Collection Set: 0.6ms
[2021-11-13T13:43:47.727-0800][gc,phases   ] GC(522)   Merge Heap Roots: 0.3ms
[2021-11-13T13:43:47.727-0800][gc,phases   ] GC(522)   Evacuate Collection Set: 16.8ms
[2021-11-13T13:43:47.727-0800][gc,phases   ] GC(522)   Post Evacuate Collection Set: 2.1ms
[2021-11-13T13:43:47.727-0800][gc,phases   ] GC(522)   Other: 1.6ms
[2021-11-13T13:43:47.727-0800][gc,heap     ] GC(522) Eden regions: 561->0(560)
[2021-11-13T13:43:47.727-0800][gc,heap     ] GC(522) Survivor regions: 3->3(71)
[2021-11-13T13:43:47.727-0800][gc,heap     ] GC(522) Old regions: 219->220
[2021-11-13T13:43:47.727-0800][gc,heap     ] GC(522) Archive regions: 2->2
[2021-11-13T13:43:47.727-0800][gc,heap     ] GC(522) Humongous regions: 129->129
[2021-11-13T13:43:47.727-0800][gc,metaspace] GC(522) Metaspace: 41256K(42048K)->41256K(42048K) NonClass: 36472K(36928K)->36472K(36928K) Class: 4784K(5120K)->4784K(5120K)
[2021-11-13T13:43:47.727-0800][gc          ] GC(522) Pause Young (Normal) (G1 Evacuation Pause) 912M->351M(1024M) 21.653ms
[2021-11-13T13:43:47.727-0800][gc,cpu      ] GC(522) User=0.03s Sys=0.03s Real=0.02s
[2021-11-13T13:47:26.677-0800][gc,start    ] GC(523) Pause Young (Normal) (G1 Evacuation Pause)
[2021-11-13T13:47:26.678-0800][gc,task     ] GC(523) Using 8 workers of 8 for evacuation
[2021-11-13T13:47:26.705-0800][gc,mmu      ] GC(523) MMU target violated: 21.0ms (20.0ms/21.0ms)
[2021-11-13T13:47:26.706-0800][gc,phases   ] GC(523)   Pre Evacuate Collection Set: 1.5ms
[2021-11-13T13:47:26.706-0800][gc,phases   ] GC(523)   Merge Heap Roots: 0.4ms
[2021-11-13T13:47:26.706-0800][gc,phases   ] GC(523)   Evacuate Collection Set: 22.3ms
[2021-11-13T13:47:26.706-0800][gc,phases   ] GC(523)   Post Evacuate Collection Set: 2.5ms
[2021-11-13T13:47:26.706-0800][gc,phases   ] GC(523)   Other: 2.3ms
[2021-11-13T13:47:26.706-0800][gc,heap     ] GC(523) Eden regions: 560->0(560)
[2021-11-13T13:47:26.706-0800][gc,heap     ] GC(523) Survivor regions: 3->3(71)
[2021-11-13T13:47:26.706-0800][gc,heap     ] GC(523) Old regions: 220->220
[2021-11-13T13:47:26.706-0800][gc,heap     ] GC(523) Archive regions: 2->2
[2021-11-13T13:47:26.706-0800][gc,heap     ] GC(523) Humongous regions: 129->129
[2021-11-13T13:47:26.706-0800][gc,metaspace] GC(523) Metaspace: 41256K(42048K)->41256K(42048K) NonClass: 36472K(36928K)->36472K(36928K) Class: 4784K(5120K)->4784K(5120K)
[2021-11-13T13:47:26.706-0800][gc          ] GC(523) Pause Young (Normal) (G1 Evacuation Pause) 911M->351M(1024M) 29.231ms
[2021-11-13T13:47:26.706-0800][gc,cpu      ] GC(523) User=0.03s Sys=0.04s Real=0.03s
[2021-11-13T13:51:06.871-0800][gc,start    ] GC(524) Pause Young (Normal) (G1 Evacuation Pause)
[2021-11-13T13:51:06.872-0800][gc,task     ] GC(524) Using 8 workers of 8 for evacuation
[2021-11-13T13:51:06.898-0800][gc,mmu      ] GC(524) MMU target violated: 21.0ms (20.0ms/21.0ms)
[2021-11-13T13:51:06.898-0800][gc,phases   ] GC(524)   Pre Evacuate Collection Set: 1.1ms
[2021-11-13T13:51:06.899-0800][gc,phases   ] GC(524)   Merge Heap Roots: 0.5ms
[2021-11-13T13:51:06.899-0800][gc,phases   ] GC(524)   Evacuate Collection Set: 22.1ms
[2021-11-13T13:51:06.899-0800][gc,phases   ] GC(524)   Post Evacuate Collection Set: 1.9ms
[2021-11-13T13:51:06.899-0800][gc,phases   ] GC(524)   Other: 2.4ms
[2021-11-13T13:51:06.899-0800][gc,heap     ] GC(524) Eden regions: 560->0(559)
[2021-11-13T13:51:06.899-0800][gc,heap     ] GC(524) Survivor regions: 3->4(71)
[2021-11-13T13:51:06.899-0800][gc,heap     ] GC(524) Old regions: 220->220
[2021-11-13T13:51:06.899-0800][gc,heap     ] GC(524) Archive regions: 2->2
[2021-11-13T13:51:06.899-0800][gc,heap     ] GC(524) Humongous regions: 129->129
[2021-11-13T13:51:06.899-0800][gc,metaspace] GC(524) Metaspace: 41258K(42048K)->41258K(42048K) NonClass: 36473K(36928K)->36473K(36928K) Class: 4784K(5120K)->4784K(5120K)
[2021-11-13T13:51:06.899-0800][gc          ] GC(524) Pause Young (Normal) (G1 Evacuation Pause) 911M->352M(1024M) 28.033ms
[2021-11-13T13:51:06.899-0800][gc,cpu      ] GC(524) User=0.03s Sys=0.02s Real=0.02s
[2021-11-13T13:54:46.269-0800][gc,start    ] GC(525) Pause Young (Normal) (G1 Evacuation Pause)
[2021-11-13T13:54:46.270-0800][gc,task     ] GC(525) Using 8 workers of 8 for evacuation
[2021-11-13T13:54:46.296-0800][gc,mmu      ] GC(525) MMU target violated: 21.0ms (20.0ms/21.0ms)
[2021-11-13T13:54:46.296-0800][gc,phases   ] GC(525)   Pre Evacuate Collection Set: 1.0ms
[2021-11-13T13:54:46.296-0800][gc,phases   ] GC(525)   Merge Heap Roots: 0.5ms
[2021-11-13T13:54:46.296-0800][gc,phases   ] GC(525)   Evacuate Collection Set: 20.1ms
[2021-11-13T13:54:46.296-0800][gc,phases   ] GC(525)   Post Evacuate Collection Set: 4.3ms
[2021-11-13T13:54:46.296-0800][gc,phases   ] GC(525)   Other: 1.9ms
[2021-11-13T13:54:46.296-0800][gc,heap     ] GC(525) Eden regions: 559->0(558)
[2021-11-13T13:54:46.296-0800][gc,heap     ] GC(525) Survivor regions: 4->4(71)
[2021-11-13T13:54:46.296-0800][gc,heap     ] GC(525) Old regions: 220->220
[2021-11-13T13:54:46.296-0800][gc,heap     ] GC(525) Archive regions: 2->2
[2021-11-13T13:54:46.297-0800][gc,heap     ] GC(525) Humongous regions: 129->129
[2021-11-13T13:54:46.297-0800][gc,metaspace] GC(525) Metaspace: 41262K(42048K)->41262K(42048K) NonClass: 36478K(36928K)->36478K(36928K) Class: 4784K(5120K)->4784K(5120K)
[2021-11-13T13:54:46.297-0800][gc          ] GC(525) Pause Young (Normal) (G1 Evacuation Pause) 911M->352M(1024M) 27.886ms
[2021-11-13T13:54:46.297-0800][gc,cpu      ] GC(525) User=0.03s Sys=0.03s Real=0.03s
[2021-11-13T13:58:25.768-0800][gc,start    ] GC(526) Pause Young (Normal) (G1 Evacuation Pause)
[2021-11-13T13:58:25.769-0800][gc,task     ] GC(526) Using 8 workers of 8 for evacuation
[2021-11-13T13:58:25.787-0800][gc,phases   ] GC(526)   Pre Evacuate Collection Set: 0.8ms
[2021-11-13T13:58:25.787-0800][gc,phases   ] GC(526)   Merge Heap Roots: 0.4ms
[2021-11-13T13:58:25.787-0800][gc,phases   ] GC(526)   Evacuate Collection Set: 15.0ms
[2021-11-13T13:58:25.787-0800][gc,phases   ] GC(526)   Post Evacuate Collection Set: 1.8ms
[2021-11-13T13:58:25.787-0800][gc,phases   ] GC(526)   Other: 1.7ms
[2021-11-13T13:58:25.787-0800][gc,heap     ] GC(526) Eden regions: 558->0(560)
[2021-11-13T13:58:25.787-0800][gc,heap     ] GC(526) Survivor regions: 4->3(71)
[2021-11-13T13:58:25.787-0800][gc,heap     ] GC(526) Old regions: 220->220
[2021-11-13T13:58:25.787-0800][gc,heap     ] GC(526) Archive regions: 2->2
[2021-11-13T13:58:25.787-0800][gc,heap     ] GC(526) Humongous regions: 129->129
[2021-11-13T13:58:25.787-0800][gc,metaspace] GC(526) Metaspace: 41262K(42048K)->41262K(42048K) NonClass: 36478K(36928K)->36478K(36928K) Class: 4784K(5120K)->4784K(5120K)
[2021-11-13T13:58:25.787-0800][gc          ] GC(526) Pause Young (Normal) (G1 Evacuation Pause) 910M->351M(1024M) 19.859ms
[2021-11-13T13:58:25.787-0800][gc,cpu      ] GC(526) User=0.02s Sys=0.03s Real=0.02s
[2021-11-13T14:02:05.831-0800][gc,start    ] GC(527) Pause Young (Normal) (G1 Evacuation Pause)
[2021-11-13T14:02:05.833-0800][gc,task     ] GC(527) Using 8 workers of 8 for evacuation
[2021-11-13T14:02:05.855-0800][gc,mmu      ] GC(527) MMU target violated: 21.0ms (20.0ms/21.0ms)
[2021-11-13T14:02:05.855-0800][gc,phases   ] GC(527)   Pre Evacuate Collection Set: 1.4ms
[2021-11-13T14:02:05.855-0800][gc,phases   ] GC(527)   Merge Heap Roots: 0.5ms
[2021-11-13T14:02:05.855-0800][gc,phases   ] GC(527)   Evacuate Collection Set: 17.6ms
[2021-11-13T14:02:05.855-0800][gc,phases   ] GC(527)   Post Evacuate Collection Set: 2.1ms
[2021-11-13T14:02:05.855-0800][gc,phases   ] GC(527)   Other: 2.5ms
[2021-11-13T14:02:05.855-0800][gc,heap     ] GC(527) Eden regions: 560->0(560)
[2021-11-13T14:02:05.855-0800][gc,heap     ] GC(527) Survivor regions: 3->3(71)
[2021-11-13T14:02:05.855-0800][gc,heap     ] GC(527) Old regions: 220->220
[2021-11-13T14:02:05.855-0800][gc,heap     ] GC(527) Archive regions: 2->2
[2021-11-13T14:02:05.855-0800][gc,heap     ] GC(527) Humongous regions: 129->129
[2021-11-13T14:02:05.855-0800][gc,metaspace] GC(527) Metaspace: 41263K(42048K)->41263K(42048K) NonClass: 36478K(36928K)->36478K(36928K) Class: 4784K(5120K)->4784K(5120K)
[2021-11-13T14:02:05.856-0800][gc          ] GC(527) Pause Young (Normal) (G1 Evacuation Pause) 911M->351M(1024M) 24.096ms
[2021-11-13T14:02:05.856-0800][gc,cpu      ] GC(527) User=0.03s Sys=0.04s Real=0.02s
[2021-11-13T14:05:45.625-0800][gc,start    ] GC(528) Pause Young (Normal) (G1 Evacuation Pause)
[2021-11-13T14:05:45.626-0800][gc,task     ] GC(528) Using 8 workers of 8 for evacuation
[2021-11-13T14:05:45.649-0800][gc,mmu      ] GC(528) MMU target violated: 21.0ms (20.0ms/21.0ms)
[2021-11-13T14:05:45.649-0800][gc,phases   ] GC(528)   Pre Evacuate Collection Set: 1.4ms
[2021-11-13T14:05:45.649-0800][gc,phases   ] GC(528)   Merge Heap Roots: 0.6ms
[2021-11-13T14:05:45.649-0800][gc,phases   ] GC(528)   Evacuate Collection Set: 18.9ms
[2021-11-13T14:05:45.649-0800][gc,phases   ] GC(528)   Post Evacuate Collection Set: 1.8ms
[2021-11-13T14:05:45.649-0800][gc,phases   ] GC(528)   Other: 2.2ms
[2021-11-13T14:05:45.649-0800][gc,heap     ] GC(528) Eden regions: 560->0(558)
[2021-11-13T14:05:45.649-0800][gc,heap     ] GC(528) Survivor regions: 3->4(71)
[2021-11-13T14:05:45.650-0800][gc,heap     ] GC(528) Old regions: 220->220
[2021-11-13T14:05:45.650-0800][gc,heap     ] GC(528) Archive regions: 2->2
[2021-11-13T14:05:45.650-0800][gc,heap     ] GC(528) Humongous regions: 129->129
[2021-11-13T14:05:45.650-0800][gc,metaspace] GC(528) Metaspace: 41263K(42048K)->41263K(42048K) NonClass: 36478K(36928K)->36478K(36928K) Class: 4784K(5120K)->4784K(5120K)
[2021-11-13T14:05:45.650-0800][gc          ] GC(528) Pause Young (Normal) (G1 Evacuation Pause) 911M->352M(1024M) 24.976ms
[2021-11-13T14:05:45.650-0800][gc,cpu      ] GC(528) User=0.03s Sys=0.04s Real=0.03s
[2021-11-13T14:09:24.899-0800][gc,start    ] GC(529) Pause Young (Normal) (G1 Evacuation Pause)
[2021-11-13T14:09:24.900-0800][gc,task     ] GC(529) Using 8 workers of 8 for evacuation
[2021-11-13T14:09:24.939-0800][gc,mmu      ] GC(529) MMU target violated: 21.0ms (20.0ms/21.0ms)
[2021-11-13T14:09:24.939-0800][gc,phases   ] GC(529)   Pre Evacuate Collection Set: 0.6ms
[2021-11-13T14:09:24.939-0800][gc,phases   ] GC(529)   Merge Heap Roots: 0.3ms
[2021-11-13T14:09:24.939-0800][gc,phases   ] GC(529)   Evacuate Collection Set: 33.0ms
[2021-11-13T14:09:24.939-0800][gc,phases   ] GC(529)   Post Evacuate Collection Set: 3.4ms
[2021-11-13T14:09:24.939-0800][gc,phases   ] GC(529)   Other: 2.6ms
[2021-11-13T14:09:24.939-0800][gc,heap     ] GC(529) Eden regions: 558->0(464)
[2021-11-13T14:09:24.939-0800][gc,heap     ] GC(529) Survivor regions: 4->4(71)
[2021-11-13T14:09:24.939-0800][gc,heap     ] GC(529) Old regions: 220->220
[2021-11-13T14:09:24.939-0800][gc,heap     ] GC(529) Archive regions: 2->2
[2021-11-13T14:09:24.939-0800][gc,heap     ] GC(529) Humongous regions: 129->129
[2021-11-13T14:09:24.939-0800][gc,metaspace] GC(529) Metaspace: 41263K(42048K)->41263K(42048K) NonClass: 36478K(36928K)->36478K(36928K) Class: 4784K(5120K)->4784K(5120K)
[2021-11-13T14:09:24.939-0800][gc          ] GC(529) Pause Young (Normal) (G1 Evacuation Pause) 910M->352M(1024M) 40.157ms
[2021-11-13T14:09:24.939-0800][gc,cpu      ] GC(529) User=0.03s Sys=0.04s Real=0.04s
[2021-11-13T14:12:27.499-0800][gc,start    ] GC(530) Pause Young (Normal) (G1 Evacuation Pause)
[2021-11-13T14:12:27.500-0800][gc,task     ] GC(530) Using 8 workers of 8 for evacuation
[2021-11-13T14:12:27.523-0800][gc,mmu      ] GC(530) MMU target violated: 21.0ms (20.0ms/21.0ms)
[2021-11-13T14:12:27.523-0800][gc,phases   ] GC(530)   Pre Evacuate Collection Set: 1.3ms
[2021-11-13T14:12:27.523-0800][gc,phases   ] GC(530)   Merge Heap Roots: 0.5ms
[2021-11-13T14:12:27.523-0800][gc,phases   ] GC(530)   Evacuate Collection Set: 18.8ms
[2021-11-13T14:12:27.523-0800][gc,phases   ] GC(530)   Post Evacuate Collection Set: 1.9ms
[2021-11-13T14:12:27.524-0800][gc,phases   ] GC(530)   Other: 2.5ms
[2021-11-13T14:12:27.524-0800][gc,heap     ] GC(530) Eden regions: 464->0(559)
[2021-11-13T14:12:27.524-0800][gc,heap     ] GC(530) Survivor regions: 4->4(59)
[2021-11-13T14:12:27.524-0800][gc,heap     ] GC(530) Old regions: 220->220
[2021-11-13T14:12:27.524-0800][gc,heap     ] GC(530) Archive regions: 2->2
[2021-11-13T14:12:27.524-0800][gc,heap     ] GC(530) Humongous regions: 129->129
[2021-11-13T14:12:27.524-0800][gc,metaspace] GC(530) Metaspace: 41263K(42048K)->41263K(42048K) NonClass: 36478K(36928K)->36478K(36928K) Class: 4784K(5120K)->4784K(5120K)
[2021-11-13T14:12:27.524-0800][gc          ] GC(530) Pause Young (Normal) (G1 Evacuation Pause) 816M->352M(1024M) 24.843ms
[2021-11-13T14:12:27.524-0800][gc,cpu      ] GC(530) User=0.03s Sys=0.04s Real=0.03s
[2021-11-13T14:16:06.728-0800][gc,start    ] GC(531) Pause Young (Normal) (G1 Evacuation Pause)
[2021-11-13T14:16:06.730-0800][gc,task     ] GC(531) Using 8 workers of 8 for evacuation
[2021-11-13T14:16:06.755-0800][gc,mmu      ] GC(531) MMU target violated: 21.0ms (20.0ms/21.0ms)
[2021-11-13T14:16:06.756-0800][gc,phases   ] GC(531)   Pre Evacuate Collection Set: 0.9ms
[2021-11-13T14:16:06.756-0800][gc,phases   ] GC(531)   Merge Heap Roots: 0.3ms
[2021-11-13T14:16:06.756-0800][gc,phases   ] GC(531)   Evacuate Collection Set: 21.8ms
[2021-11-13T14:16:06.756-0800][gc,phases   ] GC(531)   Post Evacuate Collection Set: 2.6ms
[2021-11-13T14:16:06.756-0800][gc,phases   ] GC(531)   Other: 1.9ms
[2021-11-13T14:16:06.756-0800][gc,heap     ] GC(531) Eden regions: 559->0(559)
[2021-11-13T14:16:06.756-0800][gc,heap     ] GC(531) Survivor regions: 4->4(71)
[2021-11-13T14:16:06.756-0800][gc,heap     ] GC(531) Old regions: 220->220
[2021-11-13T14:16:06.756-0800][gc,heap     ] GC(531) Archive regions: 2->2
[2021-11-13T14:16:06.756-0800][gc,heap     ] GC(531) Humongous regions: 129->129
[2021-11-13T14:16:06.756-0800][gc,metaspace] GC(531) Metaspace: 41263K(42048K)->41263K(42048K) NonClass: 36478K(36928K)->36478K(36928K) Class: 4784K(5120K)->4784K(5120K)
[2021-11-13T14:16:06.756-0800][gc          ] GC(531) Pause Young (Normal) (G1 Evacuation Pause) 911M->352M(1024M) 27.567ms
[2021-11-13T14:16:06.756-0800][gc,cpu      ] GC(531) User=0.03s Sys=0.03s Real=0.03s
[2021-11-13T14:19:46.276-0800][gc,start    ] GC(532) Pause Young (Normal) (G1 Evacuation Pause)
[2021-11-13T14:19:46.278-0800][gc,task     ] GC(532) Using 8 workers of 8 for evacuation
[2021-11-13T14:19:46.299-0800][gc,mmu      ] GC(532) MMU target violated: 21.0ms (20.0ms/21.0ms)
[2021-11-13T14:19:46.299-0800][gc,phases   ] GC(532)   Pre Evacuate Collection Set: 1.0ms
[2021-11-13T14:19:46.299-0800][gc,phases   ] GC(532)   Merge Heap Roots: 0.6ms
[2021-11-13T14:19:46.299-0800][gc,phases   ] GC(532)   Evacuate Collection Set: 17.4ms
[2021-11-13T14:19:46.300-0800][gc,phases   ] GC(532)   Post Evacuate Collection Set: 2.2ms
[2021-11-13T14:19:46.300-0800][gc,phases   ] GC(532)   Other: 2.2ms
[2021-11-13T14:19:46.300-0800][gc,heap     ] GC(532) Eden regions: 559->0(558)
[2021-11-13T14:19:46.300-0800][gc,heap     ] GC(532) Survivor regions: 4->4(71)
[2021-11-13T14:19:46.300-0800][gc,heap     ] GC(532) Old regions: 220->220
[2021-11-13T14:19:46.300-0800][gc,heap     ] GC(532) Archive regions: 2->2
[2021-11-13T14:19:46.300-0800][gc,heap     ] GC(532) Humongous regions: 129->129
[2021-11-13T14:19:46.300-0800][gc,metaspace] GC(532) Metaspace: 41263K(42048K)->41263K(42048K) NonClass: 36478K(36928K)->36478K(36928K) Class: 4784K(5120K)->4784K(5120K)
[2021-11-13T14:19:46.300-0800][gc          ] GC(532) Pause Young (Normal) (G1 Evacuation Pause) 911M->353M(1024M) 23.421ms
[2021-11-13T14:19:46.300-0800][gc,cpu      ] GC(532) User=0.03s Sys=0.03s Real=0.03s
[2021-11-13T14:23:25.804-0800][gc,start    ] GC(533) Pause Young (Normal) (G1 Evacuation Pause)
[2021-11-13T14:23:25.805-0800][gc,task     ] GC(533) Using 8 workers of 8 for evacuation
[2021-11-13T14:23:25.832-0800][gc,mmu      ] GC(533) MMU target violated: 21.0ms (20.0ms/21.0ms)
[2021-11-13T14:23:25.832-0800][gc,phases   ] GC(533)   Pre Evacuate Collection Set: 1.5ms
[2021-11-13T14:23:25.832-0800][gc,phases   ] GC(533)   Merge Heap Roots: 0.6ms
[2021-11-13T14:23:25.832-0800][gc,phases   ] GC(533)   Evacuate Collection Set: 22.0ms
[2021-11-13T14:23:25.832-0800][gc,phases   ] GC(533)   Post Evacuate Collection Set: 2.3ms
[2021-11-13T14:23:25.832-0800][gc,phases   ] GC(533)   Other: 2.3ms
[2021-11-13T14:23:25.833-0800][gc,heap     ] GC(533) Eden regions: 558->0(558)
[2021-11-13T14:23:25.833-0800][gc,heap     ] GC(533) Survivor regions: 4->4(71)
[2021-11-13T14:23:25.833-0800][gc,heap     ] GC(533) Old regions: 220->220
[2021-11-13T14:23:25.833-0800][gc,heap     ] GC(533) Archive regions: 2->2
[2021-11-13T14:23:25.833-0800][gc,heap     ] GC(533) Humongous regions: 129->129
[2021-11-13T14:23:25.833-0800][gc,metaspace] GC(533) Metaspace: 41263K(42048K)->41263K(42048K) NonClass: 36478K(36928K)->36478K(36928K) Class: 4784K(5120K)->4784K(5120K)
[2021-11-13T14:23:25.833-0800][gc          ] GC(533) Pause Young (Normal) (G1 Evacuation Pause) 911M->353M(1024M) 28.785ms
[2021-11-13T14:23:25.833-0800][gc,cpu      ] GC(533) User=0.04s Sys=0.03s Real=0.03s
[2021-11-13T14:27:04.708-0800][gc,start    ] GC(534) Pause Young (Normal) (G1 Evacuation Pause)
[2021-11-13T14:27:04.709-0800][gc,task     ] GC(534) Using 8 workers of 8 for evacuation
[2021-11-13T14:27:04.747-0800][gc,mmu      ] GC(534) MMU target violated: 21.0ms (20.0ms/21.0ms)
[2021-11-13T14:27:04.747-0800][gc,phases   ] GC(534)   Pre Evacuate Collection Set: 0.6ms
[2021-11-13T14:27:04.747-0800][gc,phases   ] GC(534)   Merge Heap Roots: 0.3ms
[2021-11-13T14:27:04.747-0800][gc,phases   ] GC(534)   Evacuate Collection Set: 34.8ms
[2021-11-13T14:27:04.747-0800][gc,phases   ] GC(534)   Post Evacuate Collection Set: 2.1ms
[2021-11-13T14:27:04.747-0800][gc,phases   ] GC(534)   Other: 0.8ms
[2021-11-13T14:27:04.747-0800][gc,heap     ] GC(534) Eden regions: 558->0(395)
[2021-11-13T14:27:04.747-0800][gc,heap     ] GC(534) Survivor regions: 4->3(71)
[2021-11-13T14:27:04.747-0800][gc,heap     ] GC(534) Old regions: 220->220
[2021-11-13T14:27:04.747-0800][gc,heap     ] GC(534) Archive regions: 2->2
[2021-11-13T14:27:04.747-0800][gc,heap     ] GC(534) Humongous regions: 129->129
[2021-11-13T14:27:04.747-0800][gc,metaspace] GC(534) Metaspace: 41263K(42048K)->41263K(42048K) NonClass: 36478K(36928K)->36478K(36928K) Class: 4784K(5120K)->4784K(5120K)
[2021-11-13T14:27:04.747-0800][gc          ] GC(534) Pause Young (Normal) (G1 Evacuation Pause) 911M->352M(1024M) 38.815ms
[2021-11-13T14:27:04.747-0800][gc,cpu      ] GC(534) User=0.02s Sys=0.03s Real=0.04s
[2021-11-13T14:29:39.796-0800][gc,start    ] GC(535) Pause Young (Normal) (G1 Evacuation Pause)
[2021-11-13T14:29:39.797-0800][gc,task     ] GC(535) Using 8 workers of 8 for evacuation
[2021-11-13T14:29:39.813-0800][gc,phases   ] GC(535)   Pre Evacuate Collection Set: 0.5ms
[2021-11-13T14:29:39.813-0800][gc,phases   ] GC(535)   Merge Heap Roots: 0.2ms
[2021-11-13T14:29:39.813-0800][gc,phases   ] GC(535)   Evacuate Collection Set: 12.8ms
[2021-11-13T14:29:39.813-0800][gc,phases   ] GC(535)   Post Evacuate Collection Set: 2.2ms
[2021-11-13T14:29:39.813-0800][gc,phases   ] GC(535)   Other: 1.3ms
[2021-11-13T14:29:39.813-0800][gc,heap     ] GC(535) Eden regions: 395->0(448)
[2021-11-13T14:29:39.813-0800][gc,heap     ] GC(535) Survivor regions: 3->4(50)
[2021-11-13T14:29:39.813-0800][gc,heap     ] GC(535) Old regions: 220->220
[2021-11-13T14:29:39.813-0800][gc,heap     ] GC(535) Archive regions: 2->2
[2021-11-13T14:29:39.813-0800][gc,heap     ] GC(535) Humongous regions: 129->129
[2021-11-13T14:29:39.813-0800][gc,metaspace] GC(535) Metaspace: 41263K(42048K)->41263K(42048K) NonClass: 36478K(36928K)->36478K(36928K) Class: 4784K(5120K)->4784K(5120K)
[2021-11-13T14:29:39.813-0800][gc          ] GC(535) Pause Young (Normal) (G1 Evacuation Pause) 747M->352M(1024M) 17.327ms
[2021-11-13T14:29:39.813-0800][gc,cpu      ] GC(535) User=0.03s Sys=0.02s Real=0.02s
[2021-11-13T14:32:35.564-0800][gc,start    ] GC(536) Pause Young (Normal) (G1 Evacuation Pause)
[2021-11-13T14:32:35.565-0800][gc,task     ] GC(536) Using 8 workers of 8 for evacuation
[2021-11-13T14:32:35.608-0800][gc,mmu      ] GC(536) MMU target violated: 21.0ms (20.0ms/21.0ms)
[2021-11-13T14:32:35.609-0800][gc,phases   ] GC(536)   Pre Evacuate Collection Set: 1.0ms
[2021-11-13T14:32:35.609-0800][gc,phases   ] GC(536)   Merge Heap Roots: 0.4ms
[2021-11-13T14:32:35.609-0800][gc,phases   ] GC(536)   Evacuate Collection Set: 21.6ms
[2021-11-13T14:32:35.609-0800][gc,phases   ] GC(536)   Post Evacuate Collection Set: 2.2ms
[2021-11-13T14:32:35.609-0800][gc,phases   ] GC(536)   Other: 19.3ms
[2021-11-13T14:32:35.609-0800][gc,heap     ] GC(536) Eden regions: 448->0(523)
[2021-11-13T14:32:35.609-0800][gc,heap     ] GC(536) Survivor regions: 4->4(57)
[2021-11-13T14:32:35.609-0800][gc,heap     ] GC(536) Old regions: 220->220
[2021-11-13T14:32:35.609-0800][gc,heap     ] GC(536) Archive regions: 2->2
[2021-11-13T14:32:35.609-0800][gc,heap     ] GC(536) Humongous regions: 129->129
[2021-11-13T14:32:35.609-0800][gc,metaspace] GC(536) Metaspace: 41263K(42048K)->41263K(42048K) NonClass: 36478K(36928K)->36478K(36928K) Class: 4784K(5120K)->4784K(5120K)
[2021-11-13T14:32:35.609-0800][gc          ] GC(536) Pause Young (Normal) (G1 Evacuation Pause) 800M->353M(1024M) 44.799ms
[2021-11-13T14:32:35.609-0800][gc,cpu      ] GC(536) User=0.03s Sys=0.05s Real=0.04s
[2021-11-13T14:36:00.735-0800][gc,start    ] GC(537) Pause Young (Normal) (G1 Evacuation Pause)
[2021-11-13T14:36:00.737-0800][gc,task     ] GC(537) Using 8 workers of 8 for evacuation
[2021-11-13T14:36:00.770-0800][gc,mmu      ] GC(537) MMU target violated: 21.0ms (20.0ms/21.0ms)
[2021-11-13T14:36:00.771-0800][gc,phases   ] GC(537)   Pre Evacuate Collection Set: 1.3ms
[2021-11-13T14:36:00.771-0800][gc,phases   ] GC(537)   Merge Heap Roots: 0.4ms
[2021-11-13T14:36:00.771-0800][gc,phases   ] GC(537)   Evacuate Collection Set: 24.4ms
[2021-11-13T14:36:00.771-0800][gc,phases   ] GC(537)   Post Evacuate Collection Set: 7.2ms
[2021-11-13T14:36:00.771-0800][gc,phases   ] GC(537)   Other: 2.2ms
[2021-11-13T14:36:00.771-0800][gc,heap     ] GC(537) Eden regions: 523->0(283)
[2021-11-13T14:36:00.771-0800][gc,heap     ] GC(537) Survivor regions: 4->3(66)
[2021-11-13T14:36:00.771-0800][gc,heap     ] GC(537) Old regions: 220->220
[2021-11-13T14:36:00.771-0800][gc,heap     ] GC(537) Archive regions: 2->2
[2021-11-13T14:36:00.771-0800][gc,heap     ] GC(537) Humongous regions: 129->129
[2021-11-13T14:36:00.771-0800][gc,metaspace] GC(537) Metaspace: 41263K(42048K)->41263K(42048K) NonClass: 36478K(36928K)->36478K(36928K) Class: 4784K(5120K)->4784K(5120K)
[2021-11-13T14:36:00.771-0800][gc          ] GC(537) Pause Young (Normal) (G1 Evacuation Pause) 876M->352M(1024M) 35.615ms
[2021-11-13T14:36:00.771-0800][gc,cpu      ] GC(537) User=0.03s Sys=0.04s Real=0.04s
[2021-11-13T14:37:51.654-0800][gc,start    ] GC(538) Pause Young (Normal) (G1 Evacuation Pause)
[2021-11-13T14:37:51.654-0800][gc,task     ] GC(538) Using 8 workers of 8 for evacuation
[2021-11-13T14:37:51.697-0800][gc,mmu      ] GC(538) MMU target violated: 21.0ms (20.0ms/21.0ms)
[2021-11-13T14:37:51.697-0800][gc,phases   ] GC(538)   Pre Evacuate Collection Set: 0.6ms
[2021-11-13T14:37:51.697-0800][gc,phases   ] GC(538)   Merge Heap Roots: 0.3ms
[2021-11-13T14:37:51.697-0800][gc,phases   ] GC(538)   Evacuate Collection Set: 39.0ms
[2021-11-13T14:37:51.697-0800][gc,phases   ] GC(538)   Post Evacuate Collection Set: 2.1ms
[2021-11-13T14:37:51.697-0800][gc,phases   ] GC(538)   Other: 1.0ms
[2021-11-13T14:37:51.697-0800][gc,heap     ] GC(538) Eden regions: 283->0(47)
[2021-11-13T14:37:51.697-0800][gc,heap     ] GC(538) Survivor regions: 3->4(36)
[2021-11-13T14:37:51.697-0800][gc,heap     ] GC(538) Old regions: 220->220
[2021-11-13T14:37:51.697-0800][gc,heap     ] GC(538) Archive regions: 2->2
[2021-11-13T14:37:51.697-0800][gc,heap     ] GC(538) Humongous regions: 129->129
[2021-11-13T14:37:51.697-0800][gc,metaspace] GC(538) Metaspace: 41263K(42048K)->41263K(42048K) NonClass: 36478K(36928K)->36478K(36928K) Class: 4784K(5120K)->4784K(5120K)
[2021-11-13T14:37:51.697-0800][gc          ] GC(538) Pause Young (Normal) (G1 Evacuation Pause) 635M->352M(1024M) 43.247ms
[2021-11-13T14:37:51.697-0800][gc,cpu      ] GC(538) User=0.03s Sys=0.04s Real=0.04s
[2021-11-13T14:38:10.021-0800][gc,start    ] GC(539) Pause Young (Normal) (G1 Evacuation Pause)
[2021-11-13T14:38:10.021-0800][gc,task     ] GC(539) Using 8 workers of 8 for evacuation
[2021-11-13T14:38:10.034-0800][gc,phases   ] GC(539)   Pre Evacuate Collection Set: 0.5ms
[2021-11-13T14:38:10.034-0800][gc,phases   ] GC(539)   Merge Heap Roots: 0.2ms
[2021-11-13T14:38:10.034-0800][gc,phases   ] GC(539)   Evacuate Collection Set: 8.7ms
[2021-11-13T14:38:10.034-0800][gc,phases   ] GC(539)   Post Evacuate Collection Set: 0.6ms
[2021-11-13T14:38:10.034-0800][gc,phases   ] GC(539)   Other: 3.2ms
[2021-11-13T14:38:10.034-0800][gc,heap     ] GC(539) Eden regions: 47->0(61)
[2021-11-13T14:38:10.034-0800][gc,heap     ] GC(539) Survivor regions: 4->4(7)
[2021-11-13T14:38:10.034-0800][gc,heap     ] GC(539) Old regions: 220->220
[2021-11-13T14:38:10.034-0800][gc,heap     ] GC(539) Archive regions: 2->2
[2021-11-13T14:38:10.034-0800][gc,heap     ] GC(539) Humongous regions: 129->129
[2021-11-13T14:38:10.034-0800][gc,metaspace] GC(539) Metaspace: 41263K(42048K)->41263K(42048K) NonClass: 36478K(36928K)->36478K(36928K) Class: 4784K(5120K)->4784K(5120K)
[2021-11-13T14:38:10.034-0800][gc          ] GC(539) Pause Young (Normal) (G1 Evacuation Pause) 399M->352M(1024M) 13.473ms
[2021-11-13T14:38:10.034-0800][gc,cpu      ] GC(539) User=0.02s Sys=0.01s Real=0.01s
[2021-11-13T14:38:33.682-0800][gc,start    ] GC(540) Pause Young (Normal) (G1 Evacuation Pause)
[2021-11-13T14:38:33.697-0800][gc,task     ] GC(540) Using 8 workers of 8 for evacuation
[2021-11-13T14:38:33.706-0800][gc,phases   ] GC(540)   Pre Evacuate Collection Set: 0.4ms
[2021-11-13T14:38:33.706-0800][gc,phases   ] GC(540)   Merge Heap Roots: 0.1ms
[2021-11-13T14:38:33.706-0800][gc,phases   ] GC(540)   Evacuate Collection Set: 7.2ms
[2021-11-13T14:38:33.706-0800][gc,phases   ] GC(540)   Post Evacuate Collection Set: 0.6ms
[2021-11-13T14:38:33.706-0800][gc,phases   ] GC(540)   Other: 15.5ms
[2021-11-13T14:38:33.706-0800][gc,heap     ] GC(540) Eden regions: 61->0(309)
[2021-11-13T14:38:33.706-0800][gc,heap     ] GC(540) Survivor regions: 4->3(9)
[2021-11-13T14:38:33.706-0800][gc,heap     ] GC(540) Old regions: 220->220
[2021-11-13T14:38:33.706-0800][gc,heap     ] GC(540) Archive regions: 2->2
[2021-11-13T14:38:33.706-0800][gc,heap     ] GC(540) Humongous regions: 129->129
[2021-11-13T14:38:33.706-0800][gc,metaspace] GC(540) Metaspace: 41263K(42048K)->41263K(42048K) NonClass: 36478K(36928K)->36478K(36928K) Class: 4784K(5120K)->4784K(5120K)
[2021-11-13T14:38:33.706-0800][gc          ] GC(540) Pause Young (Normal) (G1 Evacuation Pause) 413M->352M(1024M) 24.077ms
[2021-11-13T14:38:33.706-0800][gc,cpu      ] GC(540) User=0.02s Sys=0.01s Real=0.02s
[2021-11-13T14:40:34.791-0800][gc,start    ] GC(541) Pause Young (Normal) (G1 Evacuation Pause)
[2021-11-13T14:40:34.792-0800][gc,task     ] GC(541) Using 8 workers of 8 for evacuation
[2021-11-13T14:40:34.812-0800][gc,phases   ] GC(541)   Pre Evacuate Collection Set: 1.5ms
[2021-11-13T14:40:34.812-0800][gc,phases   ] GC(541)   Merge Heap Roots: 0.4ms
[2021-11-13T14:40:34.812-0800][gc,phases   ] GC(541)   Evacuate Collection Set: 15.8ms
[2021-11-13T14:40:34.812-0800][gc,phases   ] GC(541)   Post Evacuate Collection Set: 1.4ms
[2021-11-13T14:40:34.812-0800][gc,phases   ] GC(541)   Other: 2.1ms
[2021-11-13T14:40:34.812-0800][gc,heap     ] GC(541) Eden regions: 309->0(306)
[2021-11-13T14:40:34.812-0800][gc,heap     ] GC(541) Survivor regions: 3->4(39)
[2021-11-13T14:40:34.812-0800][gc,heap     ] GC(541) Old regions: 220->220
[2021-11-13T14:40:34.812-0800][gc,heap     ] GC(541) Archive regions: 2->2
[2021-11-13T14:40:34.812-0800][gc,heap     ] GC(541) Humongous regions: 129->129
[2021-11-13T14:40:34.812-0800][gc,metaspace] GC(541) Metaspace: 41263K(42048K)->41263K(42048K) NonClass: 36478K(36928K)->36478K(36928K) Class: 4784K(5120K)->4784K(5120K)
[2021-11-13T14:40:34.812-0800][gc          ] GC(541) Pause Young (Normal) (G1 Evacuation Pause) 661M->352M(1024M) 21.407ms
[2021-11-13T14:40:34.812-0800][gc,cpu      ] GC(541) User=0.03s Sys=0.03s Real=0.02s
[2021-11-13T14:42:34.612-0800][gc,start    ] GC(542) Pause Young (Normal) (G1 Evacuation Pause)
[2021-11-13T14:42:34.613-0800][gc,task     ] GC(542) Using 8 workers of 8 for evacuation
[2021-11-13T14:42:34.636-0800][gc,mmu      ] GC(542) MMU target violated: 21.0ms (20.0ms/21.0ms)
[2021-11-13T14:42:34.637-0800][gc,phases   ] GC(542)   Pre Evacuate Collection Set: 1.3ms
[2021-11-13T14:42:34.637-0800][gc,phases   ] GC(542)   Merge Heap Roots: 0.4ms
[2021-11-13T14:42:34.637-0800][gc,phases   ] GC(542)   Evacuate Collection Set: 16.3ms
[2021-11-13T14:42:34.637-0800][gc,phases   ] GC(542)   Post Evacuate Collection Set: 5.0ms
[2021-11-13T14:42:34.637-0800][gc,phases   ] GC(542)   Other: 1.9ms
[2021-11-13T14:42:34.637-0800][gc,heap     ] GC(542) Eden regions: 306->0(342)
[2021-11-13T14:42:34.637-0800][gc,heap     ] GC(542) Survivor regions: 4->4(39)
[2021-11-13T14:42:34.637-0800][gc,heap     ] GC(542) Old regions: 220->220
[2021-11-13T14:42:34.637-0800][gc,heap     ] GC(542) Archive regions: 2->2
[2021-11-13T14:42:34.637-0800][gc,heap     ] GC(542) Humongous regions: 129->129
[2021-11-13T14:42:34.637-0800][gc,metaspace] GC(542) Metaspace: 41263K(42048K)->41263K(42048K) NonClass: 36478K(36928K)->36478K(36928K) Class: 4784K(5120K)->4784K(5120K)
[2021-11-13T14:42:34.637-0800][gc          ] GC(542) Pause Young (Normal) (G1 Evacuation Pause) 658M->352M(1024M) 25.018ms
[2021-11-13T14:42:34.637-0800][gc,cpu      ] GC(542) User=0.02s Sys=0.04s Real=0.02s
[2021-11-13T14:44:47.449-0800][gc,start    ] GC(543) Pause Young (Normal) (G1 Evacuation Pause)
[2021-11-13T14:44:47.450-0800][gc,task     ] GC(543) Using 8 workers of 8 for evacuation
[2021-11-13T14:44:47.465-0800][gc,phases   ] GC(543)   Pre Evacuate Collection Set: 0.6ms
[2021-11-13T14:44:47.465-0800][gc,phases   ] GC(543)   Merge Heap Roots: 0.3ms
[2021-11-13T14:44:47.465-0800][gc,phases   ] GC(543)   Evacuate Collection Set: 12.0ms
[2021-11-13T14:44:47.465-0800][gc,phases   ] GC(543)   Post Evacuate Collection Set: 2.0ms
[2021-11-13T14:44:47.465-0800][gc,phases   ] GC(543)   Other: 1.4ms
[2021-11-13T14:44:47.465-0800][gc,heap     ] GC(543) Eden regions: 342->0(558)
[2021-11-13T14:44:47.465-0800][gc,heap     ] GC(543) Survivor regions: 4->3(44)
[2021-11-13T14:44:47.465-0800][gc,heap     ] GC(543) Old regions: 220->220
[2021-11-13T14:44:47.465-0800][gc,heap     ] GC(543) Archive regions: 2->2
[2021-11-13T14:44:47.465-0800][gc,heap     ] GC(543) Humongous regions: 129->129
[2021-11-13T14:44:47.465-0800][gc,metaspace] GC(543) Metaspace: 41263K(42048K)->41263K(42048K) NonClass: 36478K(36928K)->36478K(36928K) Class: 4784K(5120K)->4784K(5120K)
[2021-11-13T14:44:47.465-0800][gc          ] GC(543) Pause Young (Normal) (G1 Evacuation Pause) 694M->352M(1024M) 16.577ms
[2021-11-13T14:44:47.465-0800][gc,cpu      ] GC(543) User=0.02s Sys=0.02s Real=0.02s
[2021-11-13T14:48:26.621-0800][gc,start    ] GC(544) Pause Young (Normal) (G1 Evacuation Pause)
[2021-11-13T14:48:26.622-0800][gc,task     ] GC(544) Using 8 workers of 8 for evacuation
[2021-11-13T14:48:26.642-0800][gc,phases   ] GC(544)   Pre Evacuate Collection Set: 0.8ms
[2021-11-13T14:48:26.642-0800][gc,phases   ] GC(544)   Merge Heap Roots: 0.4ms
[2021-11-13T14:48:26.642-0800][gc,phases   ] GC(544)   Evacuate Collection Set: 15.5ms
[2021-11-13T14:48:26.642-0800][gc,phases   ] GC(544)   Post Evacuate Collection Set: 2.6ms
[2021-11-13T14:48:26.642-0800][gc,phases   ] GC(544)   Other: 1.7ms
[2021-11-13T14:48:26.642-0800][gc,heap     ] GC(544) Eden regions: 558->0(558)
[2021-11-13T14:48:26.642-0800][gc,heap     ] GC(544) Survivor regions: 3->3(71)
[2021-11-13T14:48:26.642-0800][gc,heap     ] GC(544) Old regions: 220->220
[2021-11-13T14:48:26.642-0800][gc,heap     ] GC(544) Archive regions: 2->2
[2021-11-13T14:48:26.642-0800][gc,heap     ] GC(544) Humongous regions: 129->129
[2021-11-13T14:48:26.642-0800][gc,metaspace] GC(544) Metaspace: 41264K(42048K)->41264K(42048K) NonClass: 36480K(36928K)->36480K(36928K) Class: 4784K(5120K)->4784K(5120K)
[2021-11-13T14:48:26.642-0800][gc          ] GC(544) Pause Young (Normal) (G1 Evacuation Pause) 910M->352M(1024M) 21.230ms
[2021-11-13T14:48:26.642-0800][gc,cpu      ] GC(544) User=0.03s Sys=0.03s Real=0.02s
[2021-11-13T14:52:05.421-0800][gc,start    ] GC(545) Pause Young (Normal) (G1 Evacuation Pause)
[2021-11-13T14:52:05.421-0800][gc,task     ] GC(545) Using 8 workers of 8 for evacuation
[2021-11-13T14:52:05.454-0800][gc,mmu      ] GC(545) MMU target violated: 21.0ms (20.0ms/21.0ms)
[2021-11-13T14:52:05.454-0800][gc,phases   ] GC(545)   Pre Evacuate Collection Set: 0.6ms
[2021-11-13T14:52:05.454-0800][gc,phases   ] GC(545)   Merge Heap Roots: 0.3ms
[2021-11-13T14:52:05.454-0800][gc,phases   ] GC(545)   Evacuate Collection Set: 29.7ms
[2021-11-13T14:52:05.454-0800][gc,phases   ] GC(545)   Post Evacuate Collection Set: 1.9ms
[2021-11-13T14:52:05.454-0800][gc,phases   ] GC(545)   Other: 1.0ms
[2021-11-13T14:52:05.454-0800][gc,heap     ] GC(545) Eden regions: 558->0(325)
[2021-11-13T14:52:05.454-0800][gc,heap     ] GC(545) Survivor regions: 3->4(71)
[2021-11-13T14:52:05.454-0800][gc,heap     ] GC(545) Old regions: 220->220
[2021-11-13T14:52:05.454-0800][gc,heap     ] GC(545) Archive regions: 2->2
[2021-11-13T14:52:05.454-0800][gc,heap     ] GC(545) Humongous regions: 129->129
[2021-11-13T14:52:05.454-0800][gc,metaspace] GC(545) Metaspace: 41264K(42048K)->41264K(42048K) NonClass: 36480K(36928K)->36480K(36928K) Class: 4784K(5120K)->4784K(5120K)
[2021-11-13T14:52:05.454-0800][gc          ] GC(545) Pause Young (Normal) (G1 Evacuation Pause) 910M->353M(1024M) 33.574ms
[2021-11-13T14:52:05.454-0800][gc,cpu      ] GC(545) User=0.03s Sys=0.04s Real=0.03s
[2021-11-13T14:54:12.193-0800][gc,start    ] GC(546) Pause Young (Normal) (G1 Evacuation Pause)
[2021-11-13T14:54:12.193-0800][gc,task     ] GC(546) Using 8 workers of 8 for evacuation
[2021-11-13T14:54:12.219-0800][gc,mmu      ] GC(546) MMU target violated: 21.0ms (20.0ms/21.0ms)
[2021-11-13T14:54:12.219-0800][gc,phases   ] GC(546)   Pre Evacuate Collection Set: 0.5ms
[2021-11-13T14:54:12.219-0800][gc,phases   ] GC(546)   Merge Heap Roots: 0.2ms
[2021-11-13T14:54:12.219-0800][gc,phases   ] GC(546)   Evacuate Collection Set: 22.3ms
[2021-11-13T14:54:12.219-0800][gc,phases   ] GC(546)   Post Evacuate Collection Set: 1.7ms
[2021-11-13T14:54:12.219-0800][gc,phases   ] GC(546)   Other: 1.2ms
[2021-11-13T14:54:12.219-0800][gc,heap     ] GC(546) Eden regions: 325->0(496)
[2021-11-13T14:54:12.219-0800][gc,heap     ] GC(546) Survivor regions: 4->3(42)
[2021-11-13T14:54:12.219-0800][gc,heap     ] GC(546) Old regions: 220->220
[2021-11-13T14:54:12.219-0800][gc,heap     ] GC(546) Archive regions: 2->2
[2021-11-13T14:54:12.219-0800][gc,heap     ] GC(546) Humongous regions: 129->129
[2021-11-13T14:54:12.219-0800][gc,metaspace] GC(546) Metaspace: 41264K(42048K)->41264K(42048K) NonClass: 36480K(36928K)->36480K(36928K) Class: 4784K(5120K)->4784K(5120K)
[2021-11-13T14:54:12.219-0800][gc          ] GC(546) Pause Young (Normal) (G1 Evacuation Pause) 678M->352M(1024M) 26.091ms
[2021-11-13T14:54:12.219-0800][gc,cpu      ] GC(546) User=0.02s Sys=0.02s Real=0.02s
[2021-11-13T14:57:26.452-0800][gc,start    ] GC(547) Pause Young (Normal) (G1 Evacuation Pause)
[2021-11-13T14:57:26.453-0800][gc,task     ] GC(547) Using 8 workers of 8 for evacuation
[2021-11-13T14:57:26.475-0800][gc,mmu      ] GC(547) MMU target violated: 21.0ms (20.0ms/21.0ms)
[2021-11-13T14:57:26.475-0800][gc,phases   ] GC(547)   Pre Evacuate Collection Set: 0.7ms
[2021-11-13T14:57:26.475-0800][gc,phases   ] GC(547)   Merge Heap Roots: 0.2ms
[2021-11-13T14:57:26.475-0800][gc,phases   ] GC(547)   Evacuate Collection Set: 18.7ms
[2021-11-13T14:57:26.475-0800][gc,phases   ] GC(547)   Post Evacuate Collection Set: 2.0ms
[2021-11-13T14:57:26.476-0800][gc,phases   ] GC(547)   Other: 1.7ms
[2021-11-13T14:57:26.476-0800][gc,heap     ] GC(547) Eden regions: 496->0(535)
[2021-11-13T14:57:26.476-0800][gc,heap     ] GC(547) Survivor regions: 3->4(63)
[2021-11-13T14:57:26.476-0800][gc,heap     ] GC(547) Old regions: 220->220
[2021-11-13T14:57:26.476-0800][gc,heap     ] GC(547) Archive regions: 2->2
[2021-11-13T14:57:26.476-0800][gc,heap     ] GC(547) Humongous regions: 129->129
[2021-11-13T14:57:26.476-0800][gc,metaspace] GC(547) Metaspace: 41264K(42048K)->41264K(42048K) NonClass: 36480K(36928K)->36480K(36928K) Class: 4784K(5120K)->4784K(5120K)
[2021-11-13T14:57:26.476-0800][gc          ] GC(547) Pause Young (Normal) (G1 Evacuation Pause) 848M->353M(1024M) 23.434ms
[2021-11-13T14:57:26.476-0800][gc,cpu      ] GC(547) User=0.03s Sys=0.03s Real=0.02s
[2021-11-13T15:00:55.500-0800][gc,start    ] GC(548) Pause Young (Normal) (G1 Evacuation Pause)
[2021-11-13T15:00:55.500-0800][gc,task     ] GC(548) Using 8 workers of 8 for evacuation
[2021-11-13T15:00:55.520-0800][gc,phases   ] GC(548)   Pre Evacuate Collection Set: 0.6ms
[2021-11-13T15:00:55.520-0800][gc,phases   ] GC(548)   Merge Heap Roots: 0.2ms
[2021-11-13T15:00:55.520-0800][gc,phases   ] GC(548)   Evacuate Collection Set: 17.0ms
[2021-11-13T15:00:55.521-0800][gc,phases   ] GC(548)   Post Evacuate Collection Set: 2.0ms
[2021-11-13T15:00:55.521-0800][gc,phases   ] GC(548)   Other: 0.9ms
[2021-11-13T15:00:55.521-0800][gc,heap     ] GC(548) Eden regions: 535->0(557)
[2021-11-13T15:00:55.521-0800][gc,heap     ] GC(548) Survivor regions: 4->4(68)
[2021-11-13T15:00:55.521-0800][gc,heap     ] GC(548) Old regions: 220->220
[2021-11-13T15:00:55.521-0800][gc,heap     ] GC(548) Archive regions: 2->2
[2021-11-13T15:00:55.521-0800][gc,heap     ] GC(548) Humongous regions: 129->129
[2021-11-13T15:00:55.521-0800][gc,metaspace] GC(548) Metaspace: 41264K(42048K)->41264K(42048K) NonClass: 36480K(36928K)->36480K(36928K) Class: 4784K(5120K)->4784K(5120K)
[2021-11-13T15:00:55.521-0800][gc          ] GC(548) Pause Young (Normal) (G1 Evacuation Pause) 888M->353M(1024M) 21.057ms
[2021-11-13T15:00:55.521-0800][gc,cpu      ] GC(548) User=0.03s Sys=0.02s Real=0.02s
[2021-11-13T15:04:33.751-0800][gc,start    ] GC(549) Pause Young (Normal) (G1 Evacuation Pause)
[2021-11-13T15:04:33.751-0800][gc,task     ] GC(549) Using 8 workers of 8 for evacuation
[2021-11-13T15:04:33.783-0800][gc,mmu      ] GC(549) MMU target violated: 21.0ms (20.0ms/21.0ms)
[2021-11-13T15:04:33.783-0800][gc,phases   ] GC(549)   Pre Evacuate Collection Set: 0.5ms
[2021-11-13T15:04:33.783-0800][gc,phases   ] GC(549)   Merge Heap Roots: 0.4ms
[2021-11-13T15:04:33.783-0800][gc,phases   ] GC(549)   Evacuate Collection Set: 21.0ms
[2021-11-13T15:04:33.783-0800][gc,phases   ] GC(549)   Post Evacuate Collection Set: 9.4ms
[2021-11-13T15:04:33.783-0800][gc,phases   ] GC(549)   Other: 1.4ms
[2021-11-13T15:04:33.783-0800][gc,heap     ] GC(549) Eden regions: 557->0(353)
[2021-11-13T15:04:33.783-0800][gc,heap     ] GC(549) Survivor regions: 4->4(71)
[2021-11-13T15:04:33.783-0800][gc,heap     ] GC(549) Old regions: 220->220
[2021-11-13T15:04:33.783-0800][gc,heap     ] GC(549) Archive regions: 2->2
[2021-11-13T15:04:33.783-0800][gc,heap     ] GC(549) Humongous regions: 129->129
[2021-11-13T15:04:33.783-0800][gc,metaspace] GC(549) Metaspace: 41264K(42048K)->41264K(42048K) NonClass: 36480K(36928K)->36480K(36928K) Class: 4784K(5120K)->4784K(5120K)
[2021-11-13T15:04:33.783-0800][gc          ] GC(549) Pause Young (Normal) (G1 Evacuation Pause) 910M->353M(1024M) 32.730ms
[2021-11-13T15:04:33.783-0800][gc,cpu      ] GC(549) User=0.03s Sys=0.05s Real=0.03s
[2021-11-13T15:06:51.247-0800][gc,start    ] GC(550) Pause Young (Normal) (G1 Evacuation Pause)
[2021-11-13T15:06:51.248-0800][gc,task     ] GC(550) Using 8 workers of 8 for evacuation
[2021-11-13T15:06:51.275-0800][gc,mmu      ] GC(550) MMU target violated: 21.0ms (20.0ms/21.0ms)
[2021-11-13T15:06:51.275-0800][gc,phases   ] GC(550)   Pre Evacuate Collection Set: 1.0ms
[2021-11-13T15:06:51.275-0800][gc,phases   ] GC(550)   Merge Heap Roots: 0.3ms
[2021-11-13T15:06:51.275-0800][gc,phases   ] GC(550)   Evacuate Collection Set: 23.3ms
[2021-11-13T15:06:51.275-0800][gc,phases   ] GC(550)   Post Evacuate Collection Set: 1.2ms
[2021-11-13T15:06:51.275-0800][gc,phases   ] GC(550)   Other: 1.9ms
[2021-11-13T15:06:51.275-0800][gc,heap     ] GC(550) Eden regions: 353->0(490)
[2021-11-13T15:06:51.275-0800][gc,heap     ] GC(550) Survivor regions: 4->4(45)
[2021-11-13T15:06:51.275-0800][gc,heap     ] GC(550) Old regions: 220->220
[2021-11-13T15:06:51.275-0800][gc,heap     ] GC(550) Archive regions: 2->2
[2021-11-13T15:06:51.275-0800][gc,heap     ] GC(550) Humongous regions: 129->129
[2021-11-13T15:06:51.275-0800][gc,metaspace] GC(550) Metaspace: 41288K(42048K)->41288K(42048K) NonClass: 36504K(36928K)->36504K(36928K) Class: 4784K(5120K)->4784K(5120K)
[2021-11-13T15:06:51.275-0800][gc          ] GC(550) Pause Young (Normal) (G1 Evacuation Pause) 706M->353M(1024M) 27.864ms
[2021-11-13T15:06:51.275-0800][gc,cpu      ] GC(550) User=0.02s Sys=0.03s Real=0.03s
[2021-11-13T15:10:02.600-0800][gc,start    ] GC(551) Pause Young (Normal) (G1 Evacuation Pause)
[2021-11-13T15:10:02.601-0800][gc,task     ] GC(551) Using 8 workers of 8 for evacuation
[2021-11-13T15:10:02.618-0800][gc,phases   ] GC(551)   Pre Evacuate Collection Set: 0.4ms
[2021-11-13T15:10:02.618-0800][gc,phases   ] GC(551)   Merge Heap Roots: 0.4ms
[2021-11-13T15:10:02.618-0800][gc,phases   ] GC(551)   Evacuate Collection Set: 14.4ms
[2021-11-13T15:10:02.618-0800][gc,phases   ] GC(551)   Post Evacuate Collection Set: 1.9ms
[2021-11-13T15:10:02.618-0800][gc,phases   ] GC(551)   Other: 1.2ms
[2021-11-13T15:10:02.618-0800][gc,heap     ] GC(551) Eden regions: 490->0(557)
[2021-11-13T15:10:02.618-0800][gc,heap     ] GC(551) Survivor regions: 4->4(62)
[2021-11-13T15:10:02.618-0800][gc,heap     ] GC(551) Old regions: 220->220
[2021-11-13T15:10:02.618-0800][gc,heap     ] GC(551) Archive regions: 2->2
[2021-11-13T15:10:02.618-0800][gc,heap     ] GC(551) Humongous regions: 129->129
[2021-11-13T15:10:02.618-0800][gc,metaspace] GC(551) Metaspace: 41288K(42048K)->41288K(42048K) NonClass: 36504K(36928K)->36504K(36928K) Class: 4784K(5120K)->4784K(5120K)
[2021-11-13T15:10:02.618-0800][gc          ] GC(551) Pause Young (Normal) (G1 Evacuation Pause) 843M->353M(1024M) 18.559ms
[2021-11-13T15:10:02.618-0800][gc,cpu      ] GC(551) User=0.03s Sys=0.02s Real=0.01s
[2021-11-13T15:13:40.503-0800][gc,start    ] GC(552) Pause Young (Normal) (G1 Evacuation Pause)
[2021-11-13T15:13:40.504-0800][gc,task     ] GC(552) Using 8 workers of 8 for evacuation
[2021-11-13T15:13:40.522-0800][gc,phases   ] GC(552)   Pre Evacuate Collection Set: 0.5ms
[2021-11-13T15:13:40.522-0800][gc,phases   ] GC(552)   Merge Heap Roots: 0.4ms
[2021-11-13T15:13:40.522-0800][gc,phases   ] GC(552)   Evacuate Collection Set: 14.8ms
[2021-11-13T15:13:40.522-0800][gc,phases   ] GC(552)   Post Evacuate Collection Set: 1.6ms
[2021-11-13T15:13:40.522-0800][gc,phases   ] GC(552)   Other: 1.5ms
[2021-11-13T15:13:40.522-0800][gc,heap     ] GC(552) Eden regions: 557->0(557)
[2021-11-13T15:13:40.522-0800][gc,heap     ] GC(552) Survivor regions: 4->4(71)
[2021-11-13T15:13:40.522-0800][gc,heap     ] GC(552) Old regions: 220->220
[2021-11-13T15:13:40.522-0800][gc,heap     ] GC(552) Archive regions: 2->2
[2021-11-13T15:13:40.522-0800][gc,heap     ] GC(552) Humongous regions: 129->129
[2021-11-13T15:13:40.522-0800][gc,metaspace] GC(552) Metaspace: 41288K(42048K)->41288K(42048K) NonClass: 36504K(36928K)->36504K(36928K) Class: 4784K(5120K)->4784K(5120K)
[2021-11-13T15:13:40.522-0800][gc          ] GC(552) Pause Young (Normal) (G1 Evacuation Pause) 910M->353M(1024M) 19.016ms
[2021-11-13T15:13:40.522-0800][gc,cpu      ] GC(552) User=0.03s Sys=0.03s Real=0.02s
[2021-11-13T15:17:18.352-0800][gc,start    ] GC(553) Pause Young (Normal) (G1 Evacuation Pause)
[2021-11-13T15:17:18.353-0800][gc,task     ] GC(553) Using 8 workers of 8 for evacuation
[2021-11-13T15:17:18.372-0800][gc,phases   ] GC(553)   Pre Evacuate Collection Set: 0.5ms
[2021-11-13T15:17:18.372-0800][gc,phases   ] GC(553)   Merge Heap Roots: 0.3ms
[2021-11-13T15:17:18.372-0800][gc,phases   ] GC(553)   Evacuate Collection Set: 16.3ms
[2021-11-13T15:17:18.372-0800][gc,phases   ] GC(553)   Post Evacuate Collection Set: 1.9ms
[2021-11-13T15:17:18.372-0800][gc,phases   ] GC(553)   Other: 1.3ms
[2021-11-13T15:17:18.372-0800][gc,heap     ] GC(553) Eden regions: 557->0(556)
[2021-11-13T15:17:18.372-0800][gc,heap     ] GC(553) Survivor regions: 4->4(71)
[2021-11-13T15:17:18.372-0800][gc,heap     ] GC(553) Old regions: 220->221
[2021-11-13T15:17:18.372-0800][gc,heap     ] GC(553) Archive regions: 2->2
[2021-11-13T15:17:18.372-0800][gc,heap     ] GC(553) Humongous regions: 129->129
[2021-11-13T15:17:18.372-0800][gc,metaspace] GC(553) Metaspace: 41288K(42048K)->41288K(42048K) NonClass: 36504K(36928K)->36504K(36928K) Class: 4784K(5120K)->4784K(5120K)
[2021-11-13T15:17:18.372-0800][gc          ] GC(553) Pause Young (Normal) (G1 Evacuation Pause) 910M->353M(1024M) 20.562ms
[2021-11-13T15:17:18.372-0800][gc,cpu      ] GC(553) User=0.02s Sys=0.03s Real=0.02s
[2021-11-13T15:20:55.705-0800][gc,start    ] GC(554) Pause Young (Normal) (G1 Evacuation Pause)
[2021-11-13T15:20:55.706-0800][gc,task     ] GC(554) Using 8 workers of 8 for evacuation
[2021-11-13T15:20:55.724-0800][gc,phases   ] GC(554)   Pre Evacuate Collection Set: 0.6ms
[2021-11-13T15:20:55.724-0800][gc,phases   ] GC(554)   Merge Heap Roots: 0.3ms
[2021-11-13T15:20:55.724-0800][gc,phases   ] GC(554)   Evacuate Collection Set: 14.9ms
[2021-11-13T15:20:55.724-0800][gc,phases   ] GC(554)   Post Evacuate Collection Set: 1.8ms
[2021-11-13T15:20:55.724-0800][gc,phases   ] GC(554)   Other: 1.2ms
[2021-11-13T15:20:55.724-0800][gc,heap     ] GC(554) Eden regions: 556->0(556)
[2021-11-13T15:20:55.724-0800][gc,heap     ] GC(554) Survivor regions: 4->4(70)
[2021-11-13T15:20:55.724-0800][gc,heap     ] GC(554) Old regions: 221->221
[2021-11-13T15:20:55.724-0800][gc,heap     ] GC(554) Archive regions: 2->2
[2021-11-13T15:20:55.724-0800][gc,heap     ] GC(554) Humongous regions: 129->129
[2021-11-13T15:20:55.724-0800][gc,metaspace] GC(554) Metaspace: 41288K(42048K)->41288K(42048K) NonClass: 36504K(36928K)->36504K(36928K) Class: 4784K(5120K)->4784K(5120K)
[2021-11-13T15:20:55.724-0800][gc          ] GC(554) Pause Young (Normal) (G1 Evacuation Pause) 909M->353M(1024M) 19.158ms
[2021-11-13T15:20:55.724-0800][gc,cpu      ] GC(554) User=0.02s Sys=0.02s Real=0.02s
[2021-11-13T15:24:32.725-0800][gc,start    ] GC(555) Pause Young (Normal) (G1 Evacuation Pause)
[2021-11-13T15:24:32.726-0800][gc,task     ] GC(555) Using 8 workers of 8 for evacuation
[2021-11-13T15:24:32.762-0800][gc,mmu      ] GC(555) MMU target violated: 21.0ms (20.0ms/21.0ms)
[2021-11-13T15:24:32.762-0800][gc,phases   ] GC(555)   Pre Evacuate Collection Set: 0.5ms
[2021-11-13T15:24:32.762-0800][gc,phases   ] GC(555)   Merge Heap Roots: 0.3ms
[2021-11-13T15:24:32.762-0800][gc,phases   ] GC(555)   Evacuate Collection Set: 32.3ms
[2021-11-13T15:24:32.762-0800][gc,phases   ] GC(555)   Post Evacuate Collection Set: 2.4ms
[2021-11-13T15:24:32.762-0800][gc,phases   ] GC(555)   Other: 1.5ms
[2021-11-13T15:24:32.762-0800][gc,heap     ] GC(555) Eden regions: 556->0(508)
[2021-11-13T15:24:32.762-0800][gc,heap     ] GC(555) Survivor regions: 4->4(70)
[2021-11-13T15:24:32.762-0800][gc,heap     ] GC(555) Old regions: 221->221
[2021-11-13T15:24:32.762-0800][gc,heap     ] GC(555) Archive regions: 2->2
[2021-11-13T15:24:32.762-0800][gc,heap     ] GC(555) Humongous regions: 129->129
[2021-11-13T15:24:32.762-0800][gc,metaspace] GC(555) Metaspace: 41288K(42048K)->41288K(42048K) NonClass: 36504K(36928K)->36504K(36928K) Class: 4784K(5120K)->4784K(5120K)
[2021-11-13T15:24:32.762-0800][gc          ] GC(555) Pause Young (Normal) (G1 Evacuation Pause) 909M->353M(1024M) 37.191ms
[2021-11-13T15:24:32.762-0800][gc,cpu      ] GC(555) User=0.03s Sys=0.04s Real=0.04s
[2021-11-13T15:27:51.033-0800][gc,start    ] GC(556) Pause Young (Normal) (G1 Evacuation Pause)
[2021-11-13T15:27:51.033-0800][gc,task     ] GC(556) Using 8 workers of 8 for evacuation
[2021-11-13T15:27:51.056-0800][gc,mmu      ] GC(556) MMU target violated: 21.0ms (20.0ms/21.0ms)
[2021-11-13T15:27:51.056-0800][gc,phases   ] GC(556)   Pre Evacuate Collection Set: 0.7ms
[2021-11-13T15:27:51.056-0800][gc,phases   ] GC(556)   Merge Heap Roots: 0.3ms
[2021-11-13T15:27:51.056-0800][gc,phases   ] GC(556)   Evacuate Collection Set: 19.3ms
[2021-11-13T15:27:51.056-0800][gc,phases   ] GC(556)   Post Evacuate Collection Set: 2.2ms
[2021-11-13T15:27:51.056-0800][gc,phases   ] GC(556)   Other: 1.0ms
[2021-11-13T15:27:51.056-0800][gc,heap     ] GC(556) Eden regions: 508->0(556)
[2021-11-13T15:27:51.056-0800][gc,heap     ] GC(556) Survivor regions: 4->4(64)
[2021-11-13T15:27:51.056-0800][gc,heap     ] GC(556) Old regions: 221->221
[2021-11-13T15:27:51.056-0800][gc,heap     ] GC(556) Archive regions: 2->2
[2021-11-13T15:27:51.056-0800][gc,heap     ] GC(556) Humongous regions: 129->129
[2021-11-13T15:27:51.056-0800][gc,metaspace] GC(556) Metaspace: 41288K(42048K)->41288K(42048K) NonClass: 36504K(36928K)->36504K(36928K) Class: 4784K(5120K)->4784K(5120K)
[2021-11-13T15:27:51.056-0800][gc          ] GC(556) Pause Young (Normal) (G1 Evacuation Pause) 861M->354M(1024M) 23.619ms
[2021-11-13T15:27:51.056-0800][gc,cpu      ] GC(556) User=0.02s Sys=0.03s Real=0.02s
[2021-11-13T15:31:28.879-0800][gc,start    ] GC(557) Pause Young (Normal) (G1 Evacuation Pause)
[2021-11-13T15:31:28.880-0800][gc,task     ] GC(557) Using 8 workers of 8 for evacuation
[2021-11-13T15:31:28.910-0800][gc,mmu      ] GC(557) MMU target violated: 21.0ms (20.0ms/21.0ms)
[2021-11-13T15:31:28.910-0800][gc,phases   ] GC(557)   Pre Evacuate Collection Set: 0.9ms
[2021-11-13T15:31:28.910-0800][gc,phases   ] GC(557)   Merge Heap Roots: 0.5ms
[2021-11-13T15:31:28.910-0800][gc,phases   ] GC(557)   Evacuate Collection Set: 26.6ms
[2021-11-13T15:31:28.910-0800][gc,phases   ] GC(557)   Post Evacuate Collection Set: 1.6ms
[2021-11-13T15:31:28.910-0800][gc,phases   ] GC(557)   Other: 1.6ms
[2021-11-13T15:31:28.910-0800][gc,heap     ] GC(557) Eden regions: 556->0(556)
[2021-11-13T15:31:28.910-0800][gc,heap     ] GC(557) Survivor regions: 4->4(70)
[2021-11-13T15:31:28.910-0800][gc,heap     ] GC(557) Old regions: 221->221
[2021-11-13T15:31:28.910-0800][gc,heap     ] GC(557) Archive regions: 2->2
[2021-11-13T15:31:28.910-0800][gc,heap     ] GC(557) Humongous regions: 129->129
[2021-11-13T15:31:28.910-0800][gc,metaspace] GC(557) Metaspace: 41288K(42048K)->41288K(42048K) NonClass: 36504K(36928K)->36504K(36928K) Class: 4784K(5120K)->4784K(5120K)
[2021-11-13T15:31:28.910-0800][gc          ] GC(557) Pause Young (Normal) (G1 Evacuation Pause) 910M->354M(1024M) 31.235ms
[2021-11-13T15:31:28.910-0800][gc,cpu      ] GC(557) User=0.03s Sys=0.04s Real=0.04s
[2021-11-13T15:35:06.528-0800][gc,start    ] GC(558) Pause Young (Normal) (G1 Evacuation Pause)
[2021-11-13T15:35:06.529-0800][gc,task     ] GC(558) Using 8 workers of 8 for evacuation
[2021-11-13T15:35:06.548-0800][gc,phases   ] GC(558)   Pre Evacuate Collection Set: 0.9ms
[2021-11-13T15:35:06.548-0800][gc,phases   ] GC(558)   Merge Heap Roots: 0.5ms
[2021-11-13T15:35:06.549-0800][gc,phases   ] GC(558)   Evacuate Collection Set: 15.6ms
[2021-11-13T15:35:06.549-0800][gc,phases   ] GC(558)   Post Evacuate Collection Set: 1.8ms
[2021-11-13T15:35:06.549-0800][gc,phases   ] GC(558)   Other: 1.6ms
[2021-11-13T15:35:06.549-0800][gc,heap     ] GC(558) Eden regions: 556->0(556)
[2021-11-13T15:35:06.549-0800][gc,heap     ] GC(558) Survivor regions: 4->4(70)
[2021-11-13T15:35:06.549-0800][gc,heap     ] GC(558) Old regions: 221->221
[2021-11-13T15:35:06.549-0800][gc,heap     ] GC(558) Archive regions: 2->2
[2021-11-13T15:35:06.549-0800][gc,heap     ] GC(558) Humongous regions: 129->129
[2021-11-13T15:35:06.549-0800][gc,metaspace] GC(558) Metaspace: 41288K(42048K)->41288K(42048K) NonClass: 36504K(36928K)->36504K(36928K) Class: 4784K(5120K)->4784K(5120K)
[2021-11-13T15:35:06.549-0800][gc          ] GC(558) Pause Young (Normal) (G1 Evacuation Pause) 910M->353M(1024M) 20.678ms
[2021-11-13T15:35:06.549-0800][gc,cpu      ] GC(558) User=0.03s Sys=0.03s Real=0.02s
[2021-11-13T15:38:43.567-0800][gc,start    ] GC(559) Pause Young (Normal) (G1 Evacuation Pause)
[2021-11-13T15:38:43.568-0800][gc,task     ] GC(559) Using 8 workers of 8 for evacuation
[2021-11-13T15:38:43.591-0800][gc,mmu      ] GC(559) MMU target violated: 21.0ms (20.0ms/21.0ms)
[2021-11-13T15:38:43.591-0800][gc,phases   ] GC(559)   Pre Evacuate Collection Set: 0.6ms
[2021-11-13T15:38:43.591-0800][gc,phases   ] GC(559)   Merge Heap Roots: 0.4ms
[2021-11-13T15:38:43.591-0800][gc,phases   ] GC(559)   Evacuate Collection Set: 19.6ms
[2021-11-13T15:38:43.591-0800][gc,phases   ] GC(559)   Post Evacuate Collection Set: 1.9ms
[2021-11-13T15:38:43.591-0800][gc,phases   ] GC(559)   Other: 2.0ms
[2021-11-13T15:38:43.591-0800][gc,heap     ] GC(559) Eden regions: 556->0(557)
[2021-11-13T15:38:43.591-0800][gc,heap     ] GC(559) Survivor regions: 4->4(70)
[2021-11-13T15:38:43.591-0800][gc,heap     ] GC(559) Old regions: 221->221
[2021-11-13T15:38:43.591-0800][gc,heap     ] GC(559) Archive regions: 2->2
[2021-11-13T15:38:43.591-0800][gc,heap     ] GC(559) Humongous regions: 129->129
[2021-11-13T15:38:43.591-0800][gc,metaspace] GC(559) Metaspace: 41288K(42048K)->41288K(42048K) NonClass: 36504K(36928K)->36504K(36928K) Class: 4784K(5120K)->4784K(5120K)
[2021-11-13T15:38:43.591-0800][gc          ] GC(559) Pause Young (Normal) (G1 Evacuation Pause) 909M->353M(1024M) 24.533ms
[2021-11-13T15:38:43.591-0800][gc,cpu      ] GC(559) User=0.03s Sys=0.03s Real=0.03s
[2021-11-13T15:42:21.363-0800][gc,start    ] GC(560) Pause Young (Normal) (G1 Evacuation Pause)
[2021-11-13T15:42:21.363-0800][gc,task     ] GC(560) Using 8 workers of 8 for evacuation
[2021-11-13T15:42:21.382-0800][gc,phases   ] GC(560)   Pre Evacuate Collection Set: 0.5ms
[2021-11-13T15:42:21.382-0800][gc,phases   ] GC(560)   Merge Heap Roots: 0.4ms
[2021-11-13T15:42:21.382-0800][gc,phases   ] GC(560)   Evacuate Collection Set: 15.7ms
[2021-11-13T15:42:21.382-0800][gc,phases   ] GC(560)   Post Evacuate Collection Set: 1.8ms
[2021-11-13T15:42:21.382-0800][gc,phases   ] GC(560)   Other: 0.8ms
[2021-11-13T15:42:21.382-0800][gc,heap     ] GC(560) Eden regions: 557->0(557)
[2021-11-13T15:42:21.382-0800][gc,heap     ] GC(560) Survivor regions: 4->4(71)
[2021-11-13T15:42:21.382-0800][gc,heap     ] GC(560) Old regions: 221->221
[2021-11-13T15:42:21.382-0800][gc,heap     ] GC(560) Archive regions: 2->2
[2021-11-13T15:42:21.382-0800][gc,heap     ] GC(560) Humongous regions: 129->129
[2021-11-13T15:42:21.382-0800][gc,metaspace] GC(560) Metaspace: 41288K(42048K)->41288K(42048K) NonClass: 36504K(36928K)->36504K(36928K) Class: 4784K(5120K)->4784K(5120K)
[2021-11-13T15:42:21.382-0800][gc          ] GC(560) Pause Young (Normal) (G1 Evacuation Pause) 910M->353M(1024M) 19.492ms
[2021-11-13T15:42:21.382-0800][gc,cpu      ] GC(560) User=0.02s Sys=0.04s Real=0.02s
[2021-11-13T15:45:58.813-0800][gc,start    ] GC(561) Pause Young (Normal) (G1 Evacuation Pause)
[2021-11-13T15:45:58.815-0800][gc,task     ] GC(561) Using 8 workers of 8 for evacuation
[2021-11-13T15:45:58.833-0800][gc,phases   ] GC(561)   Pre Evacuate Collection Set: 0.5ms
[2021-11-13T15:45:58.833-0800][gc,phases   ] GC(561)   Merge Heap Roots: 0.4ms
[2021-11-13T15:45:58.833-0800][gc,phases   ] GC(561)   Evacuate Collection Set: 14.8ms
[2021-11-13T15:45:58.833-0800][gc,phases   ] GC(561)   Post Evacuate Collection Set: 2.4ms
[2021-11-13T15:45:58.833-0800][gc,phases   ] GC(561)   Other: 1.5ms
[2021-11-13T15:45:58.833-0800][gc,heap     ] GC(561) Eden regions: 557->0(556)
[2021-11-13T15:45:58.833-0800][gc,heap     ] GC(561) Survivor regions: 4->4(71)
[2021-11-13T15:45:58.833-0800][gc,heap     ] GC(561) Old regions: 221->221
[2021-11-13T15:45:58.833-0800][gc,heap     ] GC(561) Archive regions: 2->2
[2021-11-13T15:45:58.833-0800][gc,heap     ] GC(561) Humongous regions: 129->129
[2021-11-13T15:45:58.833-0800][gc,metaspace] GC(561) Metaspace: 41288K(42048K)->41288K(42048K) NonClass: 36504K(36928K)->36504K(36928K) Class: 4784K(5120K)->4784K(5120K)
[2021-11-13T15:45:58.833-0800][gc          ] GC(561) Pause Young (Normal) (G1 Evacuation Pause) 910M->353M(1024M) 19.798ms
[2021-11-13T15:45:58.833-0800][gc,cpu      ] GC(561) User=0.03s Sys=0.03s Real=0.02s
[2021-11-13T15:49:36.380-0800][gc,start    ] GC(562) Pause Young (Normal) (G1 Evacuation Pause)
[2021-11-13T15:49:36.380-0800][gc,task     ] GC(562) Using 8 workers of 8 for evacuation
[2021-11-13T15:49:36.410-0800][gc,mmu      ] GC(562) MMU target violated: 21.0ms (20.0ms/21.0ms)
[2021-11-13T15:49:36.411-0800][gc,phases   ] GC(562)   Pre Evacuate Collection Set: 5.2ms
[2021-11-13T15:49:36.411-0800][gc,phases   ] GC(562)   Merge Heap Roots: 0.4ms
[2021-11-13T15:49:36.411-0800][gc,phases   ] GC(562)   Evacuate Collection Set: 21.9ms
[2021-11-13T15:49:36.411-0800][gc,phases   ] GC(562)   Post Evacuate Collection Set: 2.4ms
[2021-11-13T15:49:36.411-0800][gc,phases   ] GC(562)   Other: 1.0ms
[2021-11-13T15:49:36.411-0800][gc,heap     ] GC(562) Eden regions: 556->0(557)
[2021-11-13T15:49:36.411-0800][gc,heap     ] GC(562) Survivor regions: 4->4(70)
[2021-11-13T15:49:36.411-0800][gc,heap     ] GC(562) Old regions: 221->221
[2021-11-13T15:49:36.411-0800][gc,heap     ] GC(562) Archive regions: 2->2
[2021-11-13T15:49:36.411-0800][gc,heap     ] GC(562) Humongous regions: 129->129
[2021-11-13T15:49:36.411-0800][gc,metaspace] GC(562) Metaspace: 41288K(42048K)->41288K(42048K) NonClass: 36504K(36928K)->36504K(36928K) Class: 4784K(5120K)->4784K(5120K)
[2021-11-13T15:49:36.411-0800][gc          ] GC(562) Pause Young (Normal) (G1 Evacuation Pause) 909M->353M(1024M) 31.143ms
[2021-11-13T15:49:36.411-0800][gc,cpu      ] GC(562) User=0.03s Sys=0.03s Real=0.03s
[2021-11-13T15:53:14.552-0800][gc,start    ] GC(563) Pause Young (Normal) (G1 Evacuation Pause)
[2021-11-13T15:53:14.553-0800][gc,task     ] GC(563) Using 8 workers of 8 for evacuation
[2021-11-13T15:53:14.587-0800][gc,mmu      ] GC(563) MMU target violated: 21.0ms (20.0ms/21.0ms)
[2021-11-13T15:53:14.587-0800][gc,phases   ] GC(563)   Pre Evacuate Collection Set: 0.6ms
[2021-11-13T15:53:14.587-0800][gc,phases   ] GC(563)   Merge Heap Roots: 0.3ms
[2021-11-13T15:53:14.587-0800][gc,phases   ] GC(563)   Evacuate Collection Set: 28.8ms
[2021-11-13T15:53:14.587-0800][gc,phases   ] GC(563)   Post Evacuate Collection Set: 2.9ms
[2021-11-13T15:53:14.587-0800][gc,phases   ] GC(563)   Other: 2.3ms
[2021-11-13T15:53:14.587-0800][gc,heap     ] GC(563) Eden regions: 557->0(310)
[2021-11-13T15:53:14.587-0800][gc,heap     ] GC(563) Survivor regions: 4->4(71)
[2021-11-13T15:53:14.587-0800][gc,heap     ] GC(563) Old regions: 221->221
[2021-11-13T15:53:14.587-0800][gc,heap     ] GC(563) Archive regions: 2->2
[2021-11-13T15:53:14.587-0800][gc,heap     ] GC(563) Humongous regions: 129->129
[2021-11-13T15:53:14.587-0800][gc,metaspace] GC(563) Metaspace: 41288K(42048K)->41288K(42048K) NonClass: 36504K(36928K)->36504K(36928K) Class: 4784K(5120K)->4784K(5120K)
[2021-11-13T15:53:14.587-0800][gc          ] GC(563) Pause Young (Normal) (G1 Evacuation Pause) 910M->354M(1024M) 35.099ms
[2021-11-13T15:53:14.587-0800][gc,cpu      ] GC(563) User=0.02s Sys=0.03s Real=0.03s
[2021-11-13T15:55:15.475-0800][gc,start    ] GC(564) Pause Young (Normal) (G1 Evacuation Pause)
[2021-11-13T15:55:15.476-0800][gc,task     ] GC(564) Using 8 workers of 8 for evacuation
[2021-11-13T15:55:15.487-0800][gc,phases   ] GC(564)   Pre Evacuate Collection Set: 0.7ms
[2021-11-13T15:55:15.487-0800][gc,phases   ] GC(564)   Merge Heap Roots: 0.4ms
[2021-11-13T15:55:15.487-0800][gc,phases   ] GC(564)   Evacuate Collection Set: 7.7ms
[2021-11-13T15:55:15.487-0800][gc,phases   ] GC(564)   Post Evacuate Collection Set: 1.7ms
[2021-11-13T15:55:15.487-0800][gc,phases   ] GC(564)   Other: 1.4ms
[2021-11-13T15:55:15.487-0800][gc,heap     ] GC(564) Eden regions: 310->0(558)
[2021-11-13T15:55:15.487-0800][gc,heap     ] GC(564) Survivor regions: 4->3(40)
[2021-11-13T15:55:15.487-0800][gc,heap     ] GC(564) Old regions: 221->221
[2021-11-13T15:55:15.487-0800][gc,heap     ] GC(564) Archive regions: 2->2
[2021-11-13T15:55:15.487-0800][gc,heap     ] GC(564) Humongous regions: 129->129
[2021-11-13T15:55:15.487-0800][gc,metaspace] GC(564) Metaspace: 41288K(42048K)->41288K(42048K) NonClass: 36504K(36928K)->36504K(36928K) Class: 4784K(5120K)->4784K(5120K)
[2021-11-13T15:55:15.487-0800][gc          ] GC(564) Pause Young (Normal) (G1 Evacuation Pause) 664M->353M(1024M) 12.025ms
[2021-11-13T15:55:15.487-0800][gc,cpu      ] GC(564) User=0.02s Sys=0.03s Real=0.01s
[2021-11-13T15:58:53.447-0800][gc,start    ] GC(565) Pause Young (Normal) (G1 Evacuation Pause)
[2021-11-13T15:58:53.448-0800][gc,task     ] GC(565) Using 8 workers of 8 for evacuation
[2021-11-13T15:58:53.476-0800][gc,mmu      ] GC(565) MMU target violated: 21.0ms (20.0ms/21.0ms)
[2021-11-13T15:58:53.476-0800][gc,phases   ] GC(565)   Pre Evacuate Collection Set: 0.8ms
[2021-11-13T15:58:53.476-0800][gc,phases   ] GC(565)   Merge Heap Roots: 0.5ms
[2021-11-13T15:58:53.476-0800][gc,phases   ] GC(565)   Evacuate Collection Set: 20.6ms
[2021-11-13T15:58:53.476-0800][gc,phases   ] GC(565)   Post Evacuate Collection Set: 5.5ms
[2021-11-13T15:58:53.476-0800][gc,phases   ] GC(565)   Other: 1.8ms
[2021-11-13T15:58:53.476-0800][gc,heap     ] GC(565) Eden regions: 558->0(374)
[2021-11-13T15:58:53.476-0800][gc,heap     ] GC(565) Survivor regions: 3->3(71)
[2021-11-13T15:58:53.476-0800][gc,heap     ] GC(565) Old regions: 221->221
[2021-11-13T15:58:53.476-0800][gc,heap     ] GC(565) Archive regions: 2->2
[2021-11-13T15:58:53.476-0800][gc,heap     ] GC(565) Humongous regions: 129->129
[2021-11-13T15:58:53.476-0800][gc,metaspace] GC(565) Metaspace: 41288K(42048K)->41288K(42048K) NonClass: 36504K(36928K)->36504K(36928K) Class: 4784K(5120K)->4784K(5120K)
[2021-11-13T15:58:53.476-0800][gc          ] GC(565) Pause Young (Normal) (G1 Evacuation Pause) 911M->353M(1024M) 29.371ms
[2021-11-13T15:58:53.476-0800][gc,cpu      ] GC(565) User=0.03s Sys=0.03s Real=0.03s
[2021-11-13T16:01:19.647-0800][gc,start    ] GC(566) Pause Young (Normal) (G1 Evacuation Pause)
[2021-11-13T16:01:19.648-0800][gc,task     ] GC(566) Using 8 workers of 8 for evacuation
[2021-11-13T16:01:19.681-0800][gc,mmu      ] GC(566) MMU target violated: 21.0ms (20.0ms/21.0ms)
[2021-11-13T16:01:19.681-0800][gc,phases   ] GC(566)   Pre Evacuate Collection Set: 0.6ms
[2021-11-13T16:01:19.681-0800][gc,phases   ] GC(566)   Merge Heap Roots: 0.3ms
[2021-11-13T16:01:19.681-0800][gc,phases   ] GC(566)   Evacuate Collection Set: 28.2ms
[2021-11-13T16:01:19.681-0800][gc,phases   ] GC(566)   Post Evacuate Collection Set: 3.2ms
[2021-11-13T16:01:19.681-0800][gc,phases   ] GC(566)   Other: 1.5ms
[2021-11-13T16:01:19.681-0800][gc,heap     ] GC(566) Eden regions: 374->0(180)
[2021-11-13T16:01:19.681-0800][gc,heap     ] GC(566) Survivor regions: 3->4(48)
[2021-11-13T16:01:19.681-0800][gc,heap     ] GC(566) Old regions: 221->221
[2021-11-13T16:01:19.681-0800][gc,heap     ] GC(566) Archive regions: 2->2
[2021-11-13T16:01:19.681-0800][gc,heap     ] GC(566) Humongous regions: 129->129
[2021-11-13T16:01:19.681-0800][gc,metaspace] GC(566) Metaspace: 41288K(42048K)->41288K(42048K) NonClass: 36504K(36928K)->36504K(36928K) Class: 4784K(5120K)->4784K(5120K)
[2021-11-13T16:01:19.681-0800][gc          ] GC(566) Pause Young (Normal) (G1 Evacuation Pause) 727M->354M(1024M) 33.890ms
[2021-11-13T16:01:19.681-0800][gc,cpu      ] GC(566) User=0.03s Sys=0.03s Real=0.04s
[2021-11-13T16:02:29.737-0800][gc,start    ] GC(567) Pause Young (Normal) (G1 Evacuation Pause)
[2021-11-13T16:02:29.738-0800][gc,task     ] GC(567) Using 8 workers of 8 for evacuation
[2021-11-13T16:02:29.752-0800][gc,phases   ] GC(567)   Pre Evacuate Collection Set: 0.9ms
[2021-11-13T16:02:29.752-0800][gc,phases   ] GC(567)   Merge Heap Roots: 0.4ms
[2021-11-13T16:02:29.752-0800][gc,phases   ] GC(567)   Evacuate Collection Set: 11.0ms
[2021-11-13T16:02:29.752-0800][gc,phases   ] GC(567)   Post Evacuate Collection Set: 1.2ms
[2021-11-13T16:02:29.752-0800][gc,phases   ] GC(567)   Other: 1.5ms
[2021-11-13T16:02:29.752-0800][gc,heap     ] GC(567) Eden regions: 180->0(385)
[2021-11-13T16:02:29.752-0800][gc,heap     ] GC(567) Survivor regions: 4->3(23)
[2021-11-13T16:02:29.752-0800][gc,heap     ] GC(567) Old regions: 221->221
[2021-11-13T16:02:29.752-0800][gc,heap     ] GC(567) Archive regions: 2->2
[2021-11-13T16:02:29.752-0800][gc,heap     ] GC(567) Humongous regions: 129->129
[2021-11-13T16:02:29.752-0800][gc,metaspace] GC(567) Metaspace: 41288K(42048K)->41288K(42048K) NonClass: 36504K(36928K)->36504K(36928K) Class: 4784K(5120K)->4784K(5120K)
[2021-11-13T16:02:29.752-0800][gc          ] GC(567) Pause Young (Normal) (G1 Evacuation Pause) 534M->353M(1024M) 15.225ms
[2021-11-13T16:02:29.752-0800][gc,cpu      ] GC(567) User=0.01s Sys=0.03s Real=0.02s
[2021-11-13T16:05:00.089-0800][gc,start    ] GC(568) Pause Young (Normal) (G1 Evacuation Pause)
[2021-11-13T16:05:00.090-0800][gc,task     ] GC(568) Using 8 workers of 8 for evacuation
[2021-11-13T16:05:00.110-0800][gc,phases   ] GC(568)   Pre Evacuate Collection Set: 0.7ms
[2021-11-13T16:05:00.110-0800][gc,phases   ] GC(568)   Merge Heap Roots: 0.3ms
[2021-11-13T16:05:00.110-0800][gc,phases   ] GC(568)   Evacuate Collection Set: 16.4ms
[2021-11-13T16:05:00.110-0800][gc,phases   ] GC(568)   Post Evacuate Collection Set: 1.7ms
[2021-11-13T16:05:00.110-0800][gc,phases   ] GC(568)   Other: 1.4ms
[2021-11-13T16:05:00.110-0800][gc,heap     ] GC(568) Eden regions: 385->0(421)
[2021-11-13T16:05:00.110-0800][gc,heap     ] GC(568) Survivor regions: 3->4(49)
[2021-11-13T16:05:00.110-0800][gc,heap     ] GC(568) Old regions: 221->221
[2021-11-13T16:05:00.110-0800][gc,heap     ] GC(568) Archive regions: 2->2
[2021-11-13T16:05:00.110-0800][gc,heap     ] GC(568) Humongous regions: 129->129
[2021-11-13T16:05:00.110-0800][gc,metaspace] GC(568) Metaspace: 41288K(42048K)->41288K(42048K) NonClass: 36504K(36928K)->36504K(36928K) Class: 4784K(5120K)->4784K(5120K)
[2021-11-13T16:05:00.110-0800][gc          ] GC(568) Pause Young (Normal) (G1 Evacuation Pause) 738M->354M(1024M) 20.785ms
[2021-11-13T16:05:00.110-0800][gc,cpu      ] GC(568) User=0.03s Sys=0.03s Real=0.03s
[2021-11-13T16:07:44.714-0800][gc,start    ] GC(569) Pause Young (Normal) (G1 Evacuation Pause)
[2021-11-13T16:07:44.714-0800][gc,task     ] GC(569) Using 8 workers of 8 for evacuation
[2021-11-13T16:07:44.759-0800][gc,mmu      ] GC(569) MMU target violated: 21.0ms (20.0ms/21.0ms)
[2021-11-13T16:07:44.759-0800][gc,phases   ] GC(569)   Pre Evacuate Collection Set: 0.8ms
[2021-11-13T16:07:44.759-0800][gc,phases   ] GC(569)   Merge Heap Roots: 0.3ms
[2021-11-13T16:07:44.759-0800][gc,phases   ] GC(569)   Evacuate Collection Set: 40.9ms
[2021-11-13T16:07:44.759-0800][gc,phases   ] GC(569)   Post Evacuate Collection Set: 2.1ms
[2021-11-13T16:07:44.759-0800][gc,phases   ] GC(569)   Other: 1.0ms
[2021-11-13T16:07:44.759-0800][gc,heap     ] GC(569) Eden regions: 421->0(60)
[2021-11-13T16:07:44.759-0800][gc,heap     ] GC(569) Survivor regions: 4->5(54)
[2021-11-13T16:07:44.759-0800][gc,heap     ] GC(569) Old regions: 221->221
[2021-11-13T16:07:44.759-0800][gc,heap     ] GC(569) Archive regions: 2->2
[2021-11-13T16:07:44.759-0800][gc,heap     ] GC(569) Humongous regions: 129->129
[2021-11-13T16:07:44.759-0800][gc,metaspace] GC(569) Metaspace: 41288K(42048K)->41288K(42048K) NonClass: 36504K(36928K)->36504K(36928K) Class: 4784K(5120K)->4784K(5120K)
[2021-11-13T16:07:44.759-0800][gc          ] GC(569) Pause Young (Normal) (G1 Evacuation Pause) 775M->355M(1024M) 45.248ms
[2021-11-13T16:07:44.759-0800][gc,cpu      ] GC(569) User=0.03s Sys=0.05s Real=0.04s
[2021-11-13T16:08:07.821-0800][gc,start    ] GC(570) Pause Young (Normal) (G1 Evacuation Pause)
[2021-11-13T16:08:07.822-0800][gc,task     ] GC(570) Using 8 workers of 8 for evacuation
[2021-11-13T16:08:07.836-0800][gc,phases   ] GC(570)   Pre Evacuate Collection Set: 0.5ms
[2021-11-13T16:08:07.836-0800][gc,phases   ] GC(570)   Merge Heap Roots: 0.1ms
[2021-11-13T16:08:07.836-0800][gc,phases   ] GC(570)   Evacuate Collection Set: 12.8ms
[2021-11-13T16:08:07.836-0800][gc,phases   ] GC(570)   Post Evacuate Collection Set: 0.6ms
[2021-11-13T16:08:07.837-0800][gc,phases   ] GC(570)   Other: 1.2ms
[2021-11-13T16:08:07.837-0800][gc,heap     ] GC(570) Eden regions: 60->0(235)
[2021-11-13T16:08:07.837-0800][gc,heap     ] GC(570) Survivor regions: 5->4(9)
[2021-11-13T16:08:07.837-0800][gc,heap     ] GC(570) Old regions: 221->221
[2021-11-13T16:08:07.837-0800][gc,heap     ] GC(570) Archive regions: 2->2
[2021-11-13T16:08:07.837-0800][gc,heap     ] GC(570) Humongous regions: 129->129
[2021-11-13T16:08:07.837-0800][gc,metaspace] GC(570) Metaspace: 41288K(42048K)->41288K(42048K) NonClass: 36504K(36928K)->36504K(36928K) Class: 4784K(5120K)->4784K(5120K)
[2021-11-13T16:08:07.837-0800][gc          ] GC(570) Pause Young (Normal) (G1 Evacuation Pause) 415M->354M(1024M) 15.378ms
[2021-11-13T16:08:07.837-0800][gc,cpu      ] GC(570) User=0.03s Sys=0.02s Real=0.01s
[2021-11-13T16:09:39.633-0800][gc,start    ] GC(571) Pause Young (Normal) (G1 Evacuation Pause)
[2021-11-13T16:09:39.634-0800][gc,task     ] GC(571) Using 8 workers of 8 for evacuation
[2021-11-13T16:09:39.651-0800][gc,phases   ] GC(571)   Pre Evacuate Collection Set: 0.7ms
[2021-11-13T16:09:39.651-0800][gc,phases   ] GC(571)   Merge Heap Roots: 0.2ms
[2021-11-13T16:09:39.651-0800][gc,phases   ] GC(571)   Evacuate Collection Set: 13.5ms
[2021-11-13T16:09:39.651-0800][gc,phases   ] GC(571)   Post Evacuate Collection Set: 1.5ms
[2021-11-13T16:09:39.651-0800][gc,phases   ] GC(571)   Other: 1.7ms
[2021-11-13T16:09:39.651-0800][gc,heap     ] GC(571) Eden regions: 235->0(387)
[2021-11-13T16:09:39.651-0800][gc,heap     ] GC(571) Survivor regions: 4->4(30)
[2021-11-13T16:09:39.651-0800][gc,heap     ] GC(571) Old regions: 221->221
[2021-11-13T16:09:39.651-0800][gc,heap     ] GC(571) Archive regions: 2->2
[2021-11-13T16:09:39.651-0800][gc,heap     ] GC(571) Humongous regions: 129->129
[2021-11-13T16:09:39.651-0800][gc,metaspace] GC(571) Metaspace: 41288K(42048K)->41288K(42048K) NonClass: 36504K(36928K)->36504K(36928K) Class: 4784K(5120K)->4784K(5120K)
[2021-11-13T16:09:39.651-0800][gc          ] GC(571) Pause Young (Normal) (G1 Evacuation Pause) 589M->354M(1024M) 17.878ms
[2021-11-13T16:09:39.651-0800][gc,cpu      ] GC(571) User=0.02s Sys=0.03s Real=0.02s
[2021-11-13T16:12:10.555-0800][gc,start    ] GC(572) Pause Young (Normal) (G1 Evacuation Pause)
[2021-11-13T16:12:10.557-0800][gc,task     ] GC(572) Using 8 workers of 8 for evacuation
[2021-11-13T16:12:10.593-0800][gc,mmu      ] GC(572) MMU target violated: 21.0ms (20.0ms/21.0ms)
[2021-11-13T16:12:10.593-0800][gc,phases   ] GC(572)   Pre Evacuate Collection Set: 0.6ms
[2021-11-13T16:12:10.594-0800][gc,phases   ] GC(572)   Merge Heap Roots: 0.2ms
[2021-11-13T16:12:10.594-0800][gc,phases   ] GC(572)   Evacuate Collection Set: 33.4ms
[2021-11-13T16:12:10.594-0800][gc,phases   ] GC(572)   Post Evacuate Collection Set: 1.9ms
[2021-11-13T16:12:10.594-0800][gc,phases   ] GC(572)   Other: 2.8ms
[2021-11-13T16:12:10.594-0800][gc,heap     ] GC(572) Eden regions: 387->0(180)
[2021-11-13T16:12:10.594-0800][gc,heap     ] GC(572) Survivor regions: 4->4(49)
[2021-11-13T16:12:10.594-0800][gc,heap     ] GC(572) Old regions: 221->221
[2021-11-13T16:12:10.594-0800][gc,heap     ] GC(572) Archive regions: 2->2
[2021-11-13T16:12:10.594-0800][gc,heap     ] GC(572) Humongous regions: 129->129
[2021-11-13T16:12:10.594-0800][gc,metaspace] GC(572) Metaspace: 41288K(42048K)->41288K(42048K) NonClass: 36504K(36928K)->36504K(36928K) Class: 4784K(5120K)->4784K(5120K)
[2021-11-13T16:12:10.594-0800][gc          ] GC(572) Pause Young (Normal) (G1 Evacuation Pause) 741M->354M(1024M) 39.038ms
[2021-11-13T16:12:10.594-0800][gc,cpu      ] GC(572) User=0.03s Sys=0.04s Real=0.04s
[2021-11-13T16:13:20.770-0800][gc,start    ] GC(573) Pause Young (Normal) (G1 Evacuation Pause)
[2021-11-13T16:13:20.771-0800][gc,task     ] GC(573) Using 8 workers of 8 for evacuation
[2021-11-13T16:13:20.799-0800][gc,mmu      ] GC(573) MMU target violated: 21.0ms (20.0ms/21.0ms)
[2021-11-13T16:13:20.799-0800][gc,phases   ] GC(573)   Pre Evacuate Collection Set: 0.7ms
[2021-11-13T16:13:20.799-0800][gc,phases   ] GC(573)   Merge Heap Roots: 0.2ms
[2021-11-13T16:13:20.799-0800][gc,phases   ] GC(573)   Evacuate Collection Set: 23.8ms
[2021-11-13T16:13:20.799-0800][gc,phases   ] GC(573)   Post Evacuate Collection Set: 2.5ms
[2021-11-13T16:13:20.799-0800][gc,phases   ] GC(573)   Other: 1.6ms
[2021-11-13T16:13:20.799-0800][gc,heap     ] GC(573) Eden regions: 180->0(78)
[2021-11-13T16:13:20.799-0800][gc,heap     ] GC(573) Survivor regions: 4->5(23)
[2021-11-13T16:13:20.799-0800][gc,heap     ] GC(573) Old regions: 221->221
[2021-11-13T16:13:20.799-0800][gc,heap     ] GC(573) Archive regions: 2->2
[2021-11-13T16:13:20.799-0800][gc,heap     ] GC(573) Humongous regions: 129->129
[2021-11-13T16:13:20.799-0800][gc,metaspace] GC(573) Metaspace: 41288K(42048K)->41288K(42048K) NonClass: 36504K(36928K)->36504K(36928K) Class: 4784K(5120K)->4784K(5120K)
[2021-11-13T16:13:20.799-0800][gc          ] GC(573) Pause Young (Normal) (G1 Evacuation Pause) 534M->355M(1024M) 28.833ms
[2021-11-13T16:13:20.799-0800][gc,cpu      ] GC(573) User=0.03s Sys=0.03s Real=0.02s
[2021-11-13T16:13:50.934-0800][gc,start    ] GC(574) Pause Young (Normal) (G1 Evacuation Pause)
[2021-11-13T16:13:50.941-0800][gc,task     ] GC(574) Using 8 workers of 8 for evacuation
[2021-11-13T16:13:50.971-0800][gc,mmu      ] GC(574) MMU target violated: 21.0ms (20.0ms/21.0ms)
[2021-11-13T16:13:50.971-0800][gc,phases   ] GC(574)   Pre Evacuate Collection Set: 5.6ms
[2021-11-13T16:13:50.971-0800][gc,phases   ] GC(574)   Merge Heap Roots: 0.4ms
[2021-11-13T16:13:50.971-0800][gc,phases   ] GC(574)   Evacuate Collection Set: 22.4ms
[2021-11-13T16:13:50.971-0800][gc,phases   ] GC(574)   Post Evacuate Collection Set: 1.3ms
[2021-11-13T16:13:50.972-0800][gc,phases   ] GC(574)   Other: 8.4ms
[2021-11-13T16:13:50.972-0800][gc,heap     ] GC(574) Eden regions: 78->0(46)
[2021-11-13T16:13:50.972-0800][gc,heap     ] GC(574) Survivor regions: 5->5(11)
[2021-11-13T16:13:50.972-0800][gc,heap     ] GC(574) Old regions: 221->222
[2021-11-13T16:13:50.972-0800][gc,heap     ] GC(574) Archive regions: 2->2
[2021-11-13T16:13:50.972-0800][gc,heap     ] GC(574) Humongous regions: 129->129
[2021-11-13T16:13:50.972-0800][gc,metaspace] GC(574) Metaspace: 41288K(42048K)->41288K(42048K) NonClass: 36504K(36928K)->36504K(36928K) Class: 4784K(5120K)->4784K(5120K)
[2021-11-13T16:13:50.972-0800][gc          ] GC(574) Pause Young (Normal) (G1 Evacuation Pause) 433M->355M(1024M) 38.158ms
[2021-11-13T16:13:50.972-0800][gc,cpu      ] GC(574) User=0.02s Sys=0.03s Real=0.04s
[2021-11-13T16:14:08.751-0800][gc,start    ] GC(575) Pause Young (Normal) (G1 Evacuation Pause)
[2021-11-13T16:14:08.751-0800][gc,task     ] GC(575) Using 8 workers of 8 for evacuation
[2021-11-13T16:14:08.786-0800][gc,mmu      ] GC(575) MMU target violated: 21.0ms (20.0ms/21.0ms)
[2021-11-13T16:14:08.786-0800][gc,phases   ] GC(575)   Pre Evacuate Collection Set: 5.4ms
[2021-11-13T16:14:08.787-0800][gc,phases   ] GC(575)   Merge Heap Roots: 0.2ms
[2021-11-13T16:14:08.787-0800][gc,phases   ] GC(575)   Evacuate Collection Set: 28.1ms
[2021-11-13T16:14:08.787-0800][gc,phases   ] GC(575)   Post Evacuate Collection Set: 1.2ms
[2021-11-13T16:14:08.787-0800][gc,phases   ] GC(575)   Other: 0.8ms
[2021-11-13T16:14:08.787-0800][gc,heap     ] GC(575) Eden regions: 46->0(165)
[2021-11-13T16:14:08.787-0800][gc,heap     ] GC(575) Survivor regions: 5->3(7)
[2021-11-13T16:14:08.787-0800][gc,heap     ] GC(575) Old regions: 222->222
[2021-11-13T16:14:08.787-0800][gc,heap     ] GC(575) Archive regions: 2->2
[2021-11-13T16:14:08.787-0800][gc,heap     ] GC(575) Humongous regions: 129->129
[2021-11-13T16:14:08.787-0800][gc,metaspace] GC(575) Metaspace: 41288K(42048K)->41288K(42048K) NonClass: 36504K(36928K)->36504K(36928K) Class: 4784K(5120K)->4784K(5120K)
[2021-11-13T16:14:08.787-0800][gc          ] GC(575) Pause Young (Normal) (G1 Evacuation Pause) 401M->354M(1024M) 35.868ms
[2021-11-13T16:14:08.787-0800][gc,cpu      ] GC(575) User=0.02s Sys=0.04s Real=0.03s
[2021-11-13T16:15:13.092-0800][gc,start    ] GC(576) Pause Young (Normal) (G1 Evacuation Pause)
[2021-11-13T16:15:13.093-0800][gc,task     ] GC(576) Using 8 workers of 8 for evacuation
[2021-11-13T16:15:13.123-0800][gc,mmu      ] GC(576) MMU target violated: 21.0ms (20.0ms/21.0ms)
[2021-11-13T16:15:13.123-0800][gc,phases   ] GC(576)   Pre Evacuate Collection Set: 0.7ms
[2021-11-13T16:15:13.123-0800][gc,phases   ] GC(576)   Merge Heap Roots: 0.2ms
[2021-11-13T16:15:13.123-0800][gc,phases   ] GC(576)   Evacuate Collection Set: 23.5ms
[2021-11-13T16:15:13.123-0800][gc,phases   ] GC(576)   Post Evacuate Collection Set: 5.4ms
[2021-11-13T16:15:13.123-0800][gc,phases   ] GC(576)   Other: 1.2ms
[2021-11-13T16:15:13.123-0800][gc,heap     ] GC(576) Eden regions: 165->0(176)
[2021-11-13T16:15:13.123-0800][gc,heap     ] GC(576) Survivor regions: 3->3(21)
[2021-11-13T16:15:13.123-0800][gc,heap     ] GC(576) Old regions: 222->222
[2021-11-13T16:15:13.123-0800][gc,heap     ] GC(576) Archive regions: 2->2
[2021-11-13T16:15:13.123-0800][gc,heap     ] GC(576) Humongous regions: 129->129
[2021-11-13T16:15:13.123-0800][gc,metaspace] GC(576) Metaspace: 41288K(42048K)->41288K(42048K) NonClass: 36504K(36928K)->36504K(36928K) Class: 4784K(5120K)->4784K(5120K)
[2021-11-13T16:15:13.123-0800][gc          ] GC(576) Pause Young (Normal) (G1 Evacuation Pause) 519M->354M(1024M) 31.402ms
[2021-11-13T16:15:13.124-0800][gc,cpu      ] GC(576) User=0.02s Sys=0.04s Real=0.03s
[2021-11-13T16:16:21.667-0800][gc,start    ] GC(577) Pause Young (Normal) (G1 Evacuation Pause)
[2021-11-13T16:16:21.668-0800][gc,task     ] GC(577) Using 8 workers of 8 for evacuation
[2021-11-13T16:16:21.696-0800][gc,mmu      ] GC(577) MMU target violated: 21.0ms (20.0ms/21.0ms)
[2021-11-13T16:16:21.696-0800][gc,phases   ] GC(577)   Pre Evacuate Collection Set: 0.8ms
[2021-11-13T16:16:21.696-0800][gc,phases   ] GC(577)   Merge Heap Roots: 0.2ms
[2021-11-13T16:16:21.696-0800][gc,phases   ] GC(577)   Evacuate Collection Set: 24.5ms
[2021-11-13T16:16:21.696-0800][gc,phases   ] GC(577)   Post Evacuate Collection Set: 1.8ms
[2021-11-13T16:16:21.696-0800][gc,phases   ] GC(577)   Other: 1.7ms
[2021-11-13T16:16:21.696-0800][gc,heap     ] GC(577) Eden regions: 176->0(187)
[2021-11-13T16:16:21.696-0800][gc,heap     ] GC(577) Survivor regions: 3->3(23)
[2021-11-13T16:16:21.696-0800][gc,heap     ] GC(577) Old regions: 222->222
[2021-11-13T16:16:21.696-0800][gc,heap     ] GC(577) Archive regions: 2->2
[2021-11-13T16:16:21.696-0800][gc,heap     ] GC(577) Humongous regions: 129->129
[2021-11-13T16:16:21.696-0800][gc,metaspace] GC(577) Metaspace: 41288K(42048K)->41288K(42048K) NonClass: 36504K(36928K)->36504K(36928K) Class: 4784K(5120K)->4784K(5120K)
[2021-11-13T16:16:21.696-0800][gc          ] GC(577) Pause Young (Normal) (G1 Evacuation Pause) 530M->354M(1024M) 29.126ms
[2021-11-13T16:16:21.696-0800][gc,cpu      ] GC(577) User=0.02s Sys=0.03s Real=0.03s
[2021-11-13T16:17:34.319-0800][gc,start    ] GC(578) Pause Young (Normal) (G1 Evacuation Pause)
[2021-11-13T16:17:34.321-0800][gc,task     ] GC(578) Using 8 workers of 8 for evacuation
[2021-11-13T16:17:34.338-0800][gc,phases   ] GC(578)   Pre Evacuate Collection Set: 0.7ms
[2021-11-13T16:17:34.339-0800][gc,phases   ] GC(578)   Merge Heap Roots: 0.3ms
[2021-11-13T16:17:34.339-0800][gc,phases   ] GC(578)   Evacuate Collection Set: 14.7ms
[2021-11-13T16:17:34.339-0800][gc,phases   ] GC(578)   Post Evacuate Collection Set: 1.6ms
[2021-11-13T16:17:34.340-0800][gc,phases   ] GC(578)   Other: 2.0ms
[2021-11-13T16:17:34.340-0800][gc,heap     ] GC(578) Eden regions: 187->0(238)
[2021-11-13T16:17:34.340-0800][gc,heap     ] GC(578) Survivor regions: 3->3(24)
[2021-11-13T16:17:34.340-0800][gc,heap     ] GC(578) Old regions: 222->222
[2021-11-13T16:17:34.340-0800][gc,heap     ] GC(578) Archive regions: 2->2
[2021-11-13T16:17:34.340-0800][gc,heap     ] GC(578) Humongous regions: 129->129
[2021-11-13T16:17:34.340-0800][gc,metaspace] GC(578) Metaspace: 41288K(42048K)->41288K(42048K) NonClass: 36504K(36928K)->36504K(36928K) Class: 4784K(5120K)->4784K(5120K)
[2021-11-13T16:17:34.340-0800][gc          ] GC(578) Pause Young (Normal) (G1 Evacuation Pause) 541M->354M(1024M) 20.904ms
[2021-11-13T16:17:34.340-0800][gc,cpu      ] GC(578) User=0.02s Sys=0.02s Real=0.03s
[2021-11-13T16:19:06.966-0800][gc,start    ] GC(579) Pause Young (Normal) (G1 Evacuation Pause)
[2021-11-13T16:19:06.966-0800][gc,task     ] GC(579) Using 8 workers of 8 for evacuation
[2021-11-13T16:19:06.997-0800][gc,mmu      ] GC(579) MMU target violated: 21.0ms (20.0ms/21.0ms)
[2021-11-13T16:19:06.997-0800][gc,phases   ] GC(579)   Pre Evacuate Collection Set: 0.9ms
[2021-11-13T16:19:06.997-0800][gc,phases   ] GC(579)   Merge Heap Roots: 0.3ms
[2021-11-13T16:19:06.997-0800][gc,phases   ] GC(579)   Evacuate Collection Set: 26.6ms
[2021-11-13T16:19:06.997-0800][gc,phases   ] GC(579)   Post Evacuate Collection Set: 2.0ms
[2021-11-13T16:19:06.997-0800][gc,phases   ] GC(579)   Other: 1.4ms
[2021-11-13T16:19:06.997-0800][gc,heap     ] GC(579) Eden regions: 238->0(120)
[2021-11-13T16:19:06.997-0800][gc,heap     ] GC(579) Survivor regions: 3->4(31)
[2021-11-13T16:19:06.997-0800][gc,heap     ] GC(579) Old regions: 222->222
[2021-11-13T16:19:06.997-0800][gc,heap     ] GC(579) Archive regions: 2->2
[2021-11-13T16:19:06.997-0800][gc,heap     ] GC(579) Humongous regions: 129->129
[2021-11-13T16:19:06.997-0800][gc,metaspace] GC(579) Metaspace: 41288K(42048K)->41288K(42048K) NonClass: 36504K(36928K)->36504K(36928K) Class: 4784K(5120K)->4784K(5120K)
[2021-11-13T16:19:06.997-0800][gc          ] GC(579) Pause Young (Normal) (G1 Evacuation Pause) 592M->355M(1024M) 31.299ms
[2021-11-13T16:19:06.997-0800][gc,cpu      ] GC(579) User=0.03s Sys=0.04s Real=0.03s
[2021-11-13T16:19:53.689-0800][gc,start    ] GC(580) Pause Young (Normal) (G1 Evacuation Pause)
[2021-11-13T16:19:53.689-0800][gc,task     ] GC(580) Using 8 workers of 8 for evacuation
[2021-11-13T16:19:53.711-0800][gc,mmu      ] GC(580) MMU target violated: 20.7ms (20.0ms/21.0ms)
[2021-11-13T16:19:53.711-0800][gc,phases   ] GC(580)   Pre Evacuate Collection Set: 0.8ms
[2021-11-13T16:19:53.711-0800][gc,phases   ] GC(580)   Merge Heap Roots: 0.2ms
[2021-11-13T16:19:53.711-0800][gc,phases   ] GC(580)   Evacuate Collection Set: 14.0ms
[2021-11-13T16:19:53.711-0800][gc,phases   ] GC(580)   Post Evacuate Collection Set: 5.9ms
[2021-11-13T16:19:53.711-0800][gc,phases   ] GC(580)   Other: 0.9ms
[2021-11-13T16:19:53.711-0800][gc,heap     ] GC(580) Eden regions: 120->0(97)
[2021-11-13T16:19:53.711-0800][gc,heap     ] GC(580) Survivor regions: 4->4(16)
[2021-11-13T16:19:53.711-0800][gc,heap     ] GC(580) Old regions: 222->222
[2021-11-13T16:19:53.711-0800][gc,heap     ] GC(580) Archive regions: 2->2
[2021-11-13T16:19:53.711-0800][gc,heap     ] GC(580) Humongous regions: 129->129
[2021-11-13T16:19:53.711-0800][gc,metaspace] GC(580) Metaspace: 41288K(42048K)->41288K(42048K) NonClass: 36504K(36928K)->36504K(36928K) Class: 4784K(5120K)->4784K(5120K)
[2021-11-13T16:19:53.711-0800][gc          ] GC(580) Pause Young (Normal) (G1 Evacuation Pause) 475M->355M(1024M) 22.017ms
[2021-11-13T16:19:53.711-0800][gc,cpu      ] GC(580) User=0.03s Sys=0.03s Real=0.03s
[2021-11-13T16:20:31.299-0800][gc,start    ] GC(581) Pause Young (Normal) (G1 Evacuation Pause)
[2021-11-13T16:20:31.299-0800][gc,task     ] GC(581) Using 8 workers of 8 for evacuation
[2021-11-13T16:20:31.327-0800][gc,mmu      ] GC(581) MMU target violated: 21.0ms (20.0ms/21.0ms)
[2021-11-13T16:20:31.327-0800][gc,phases   ] GC(581)   Pre Evacuate Collection Set: 0.8ms
[2021-11-13T16:20:31.327-0800][gc,phases   ] GC(581)   Merge Heap Roots: 0.2ms
[2021-11-13T16:20:31.327-0800][gc,phases   ] GC(581)   Evacuate Collection Set: 25.2ms
[2021-11-13T16:20:31.327-0800][gc,phases   ] GC(581)   Post Evacuate Collection Set: 1.3ms
[2021-11-13T16:20:31.327-0800][gc,phases   ] GC(581)   Other: 0.9ms
[2021-11-13T16:20:31.327-0800][gc,heap     ] GC(581) Eden regions: 97->0(69)
[2021-11-13T16:20:31.327-0800][gc,heap     ] GC(581) Survivor regions: 4->5(13)
[2021-11-13T16:20:31.327-0800][gc,heap     ] GC(581) Old regions: 222->222
[2021-11-13T16:20:31.327-0800][gc,heap     ] GC(581) Archive regions: 2->2
[2021-11-13T16:20:31.327-0800][gc,heap     ] GC(581) Humongous regions: 129->129
[2021-11-13T16:20:31.327-0800][gc,metaspace] GC(581) Metaspace: 41288K(42048K)->41288K(42048K) NonClass: 36504K(36928K)->36504K(36928K) Class: 4784K(5120K)->4784K(5120K)
[2021-11-13T16:20:31.327-0800][gc          ] GC(581) Pause Young (Normal) (G1 Evacuation Pause) 452M->356M(1024M) 28.631ms
[2021-11-13T16:20:31.327-0800][gc,cpu      ] GC(581) User=0.03s Sys=0.03s Real=0.03s
[2021-11-13T16:20:57.902-0800][gc,start    ] GC(582) Pause Young (Normal) (G1 Evacuation Pause)
[2021-11-13T16:20:57.902-0800][gc,task     ] GC(582) Using 8 workers of 8 for evacuation
[2021-11-13T16:20:57.921-0800][gc,phases   ] GC(582)   Pre Evacuate Collection Set: 0.8ms
[2021-11-13T16:20:57.921-0800][gc,phases   ] GC(582)   Merge Heap Roots: 0.2ms
[2021-11-13T16:20:57.921-0800][gc,phases   ] GC(582)   Evacuate Collection Set: 10.8ms
[2021-11-13T16:20:57.921-0800][gc,phases   ] GC(582)   Post Evacuate Collection Set: 7.1ms
[2021-11-13T16:20:57.922-0800][gc,phases   ] GC(582)   Other: 0.7ms
[2021-11-13T16:20:57.922-0800][gc,heap     ] GC(582) Eden regions: 69->0(156)
[2021-11-13T16:20:57.922-0800][gc,heap     ] GC(582) Survivor regions: 5->4(10)
[2021-11-13T16:20:57.922-0800][gc,heap     ] GC(582) Old regions: 222->222
[2021-11-13T16:20:57.922-0800][gc,heap     ] GC(582) Archive regions: 2->2
[2021-11-13T16:20:57.922-0800][gc,heap     ] GC(582) Humongous regions: 129->129
[2021-11-13T16:20:57.922-0800][gc,metaspace] GC(582) Metaspace: 41288K(42048K)->41288K(42048K) NonClass: 36504K(36928K)->36504K(36928K) Class: 4784K(5120K)->4784K(5120K)
[2021-11-13T16:20:57.922-0800][gc          ] GC(582) Pause Young (Normal) (G1 Evacuation Pause) 425M->355M(1024M) 19.947ms
[2021-11-13T16:20:57.922-0800][gc,cpu      ] GC(582) User=0.02s Sys=0.02s Real=0.02s
[2021-11-13T16:21:59.227-0800][gc,start    ] GC(583) Pause Young (Normal) (G1 Evacuation Pause)
[2021-11-13T16:21:59.227-0800][gc,task     ] GC(583) Using 8 workers of 8 for evacuation
[2021-11-13T16:21:59.269-0800][gc,mmu      ] GC(583) MMU target violated: 21.0ms (20.0ms/21.0ms)
[2021-11-13T16:21:59.269-0800][gc,phases   ] GC(583)   Pre Evacuate Collection Set: 1.0ms
[2021-11-13T16:21:59.269-0800][gc,phases   ] GC(583)   Merge Heap Roots: 0.4ms
[2021-11-13T16:21:59.269-0800][gc,phases   ] GC(583)   Evacuate Collection Set: 32.9ms
[2021-11-13T16:21:59.269-0800][gc,phases   ] GC(583)   Post Evacuate Collection Set: 2.1ms
[2021-11-13T16:21:59.269-0800][gc,phases   ] GC(583)   Other: 5.8ms
[2021-11-13T16:21:59.269-0800][gc,heap     ] GC(583) Eden regions: 156->0(46)
[2021-11-13T16:21:59.269-0800][gc,heap     ] GC(583) Survivor regions: 4->5(20)
[2021-11-13T16:21:59.269-0800][gc,heap     ] GC(583) Old regions: 222->222
[2021-11-13T16:21:59.269-0800][gc,heap     ] GC(583) Archive regions: 2->2
[2021-11-13T16:21:59.269-0800][gc,heap     ] GC(583) Humongous regions: 129->129
[2021-11-13T16:21:59.269-0800][gc,metaspace] GC(583) Metaspace: 41288K(42048K)->41288K(42048K) NonClass: 36504K(36928K)->36504K(36928K) Class: 4784K(5120K)->4784K(5120K)
[2021-11-13T16:21:59.269-0800][gc          ] GC(583) Pause Young (Normal) (G1 Evacuation Pause) 511M->355M(1024M) 42.271ms
[2021-11-13T16:21:59.269-0800][gc,cpu      ] GC(583) User=0.02s Sys=0.04s Real=0.04s
[2021-11-13T16:22:17.099-0800][gc,start    ] GC(584) Pause Young (Normal) (G1 Evacuation Pause)
[2021-11-13T16:22:17.099-0800][gc,task     ] GC(584) Using 8 workers of 8 for evacuation
[2021-11-13T16:22:17.119-0800][gc,phases   ] GC(584)   Pre Evacuate Collection Set: 1.1ms
[2021-11-13T16:22:17.119-0800][gc,phases   ] GC(584)   Merge Heap Roots: 0.3ms
[2021-11-13T16:22:17.119-0800][gc,phases   ] GC(584)   Evacuate Collection Set: 15.3ms
[2021-11-13T16:22:17.119-0800][gc,phases   ] GC(584)   Post Evacuate Collection Set: 2.1ms
[2021-11-13T16:22:17.119-0800][gc,phases   ] GC(584)   Other: 1.4ms
[2021-11-13T16:22:17.119-0800][gc,heap     ] GC(584) Eden regions: 46->0(100)
[2021-11-13T16:22:17.119-0800][gc,heap     ] GC(584) Survivor regions: 5->4(7)
[2021-11-13T16:22:17.119-0800][gc,heap     ] GC(584) Old regions: 222->223
[2021-11-13T16:22:17.119-0800][gc,heap     ] GC(584) Archive regions: 2->2
[2021-11-13T16:22:17.119-0800][gc,heap     ] GC(584) Humongous regions: 129->129
[2021-11-13T16:22:17.119-0800][gc,metaspace] GC(584) Metaspace: 41288K(42048K)->41288K(42048K) NonClass: 36504K(36928K)->36504K(36928K) Class: 4784K(5120K)->4784K(5120K)
[2021-11-13T16:22:17.119-0800][gc          ] GC(584) Pause Young (Normal) (G1 Evacuation Pause) 401M->355M(1024M) 20.465ms
[2021-11-13T16:22:17.119-0800][gc,cpu      ] GC(584) User=0.03s Sys=0.02s Real=0.02s
[2021-11-13T16:22:56.103-0800][gc,start    ] GC(585) Pause Young (Normal) (G1 Evacuation Pause)
[2021-11-13T16:22:56.104-0800][gc,task     ] GC(585) Using 8 workers of 8 for evacuation
[2021-11-13T16:22:56.123-0800][gc,phases   ] GC(585)   Pre Evacuate Collection Set: 0.9ms
[2021-11-13T16:22:56.123-0800][gc,phases   ] GC(585)   Merge Heap Roots: 0.3ms
[2021-11-13T16:22:56.123-0800][gc,phases   ] GC(585)   Evacuate Collection Set: 15.5ms
[2021-11-13T16:22:56.123-0800][gc,phases   ] GC(585)   Post Evacuate Collection Set: 1.8ms
[2021-11-13T16:22:56.123-0800][gc,phases   ] GC(585)   Other: 1.4ms
[2021-11-13T16:22:56.123-0800][gc,heap     ] GC(585) Eden regions: 100->0(168)
[2021-11-13T16:22:56.123-0800][gc,heap     ] GC(585) Survivor regions: 4->4(13)
[2021-11-13T16:22:56.123-0800][gc,heap     ] GC(585) Old regions: 223->223
[2021-11-13T16:22:56.123-0800][gc,heap     ] GC(585) Archive regions: 2->2
[2021-11-13T16:22:56.123-0800][gc,heap     ] GC(585) Humongous regions: 129->129
[2021-11-13T16:22:56.123-0800][gc,metaspace] GC(585) Metaspace: 41288K(42048K)->41288K(42048K) NonClass: 36504K(36928K)->36504K(36928K) Class: 4784K(5120K)->4784K(5120K)
[2021-11-13T16:22:56.123-0800][gc          ] GC(585) Pause Young (Normal) (G1 Evacuation Pause) 455M->355M(1024M) 20.061ms
[2021-11-13T16:22:56.123-0800][gc,cpu      ] GC(585) User=0.02s Sys=0.03s Real=0.02s
[2021-11-13T16:24:01.373-0800][gc,start    ] GC(586) Pause Young (Normal) (G1 Evacuation Pause)
[2021-11-13T16:24:01.374-0800][gc,task     ] GC(586) Using 8 workers of 8 for evacuation
[2021-11-13T16:24:01.401-0800][gc,mmu      ] GC(586) MMU target violated: 21.0ms (20.0ms/21.0ms)
[2021-11-13T16:24:01.401-0800][gc,phases   ] GC(586)   Pre Evacuate Collection Set: 0.6ms
[2021-11-13T16:24:01.401-0800][gc,phases   ] GC(586)   Merge Heap Roots: 0.3ms
[2021-11-13T16:24:01.401-0800][gc,phases   ] GC(586)   Evacuate Collection Set: 24.6ms
[2021-11-13T16:24:01.401-0800][gc,phases   ] GC(586)   Post Evacuate Collection Set: 1.4ms
[2021-11-13T16:24:01.401-0800][gc,phases   ] GC(586)   Other: 1.5ms
[2021-11-13T16:24:01.401-0800][gc,heap     ] GC(586) Eden regions: 168->0(150)
[2021-11-13T16:24:01.401-0800][gc,heap     ] GC(586) Survivor regions: 4->4(22)
[2021-11-13T16:24:01.401-0800][gc,heap     ] GC(586) Old regions: 223->223
[2021-11-13T16:24:01.401-0800][gc,heap     ] GC(586) Archive regions: 2->2
[2021-11-13T16:24:01.401-0800][gc,heap     ] GC(586) Humongous regions: 129->129
[2021-11-13T16:24:01.401-0800][gc,metaspace] GC(586) Metaspace: 41288K(42048K)->41288K(42048K) NonClass: 36504K(36928K)->36504K(36928K) Class: 4784K(5120K)->4784K(5120K)
[2021-11-13T16:24:01.401-0800][gc          ] GC(586) Pause Young (Normal) (G1 Evacuation Pause) 523M->356M(1024M) 28.643ms
[2021-11-13T16:24:01.401-0800][gc,cpu      ] GC(586) User=0.03s Sys=0.02s Real=0.03s
[2021-11-13T16:24:59.732-0800][gc,start    ] GC(587) Pause Young (Normal) (G1 Evacuation Pause)
[2021-11-13T16:24:59.733-0800][gc,task     ] GC(587) Using 8 workers of 8 for evacuation
[2021-11-13T16:24:59.754-0800][gc,mmu      ] GC(587) MMU target violated: 20.7ms (20.0ms/21.0ms)
[2021-11-13T16:24:59.754-0800][gc,phases   ] GC(587)   Pre Evacuate Collection Set: 0.7ms
[2021-11-13T16:24:59.754-0800][gc,phases   ] GC(587)   Merge Heap Roots: 0.2ms
[2021-11-13T16:24:59.754-0800][gc,phases   ] GC(587)   Evacuate Collection Set: 18.4ms
[2021-11-13T16:24:59.754-0800][gc,phases   ] GC(587)   Post Evacuate Collection Set: 1.5ms
[2021-11-13T16:24:59.754-0800][gc,phases   ] GC(587)   Other: 0.9ms
[2021-11-13T16:24:59.754-0800][gc,heap     ] GC(587) Eden regions: 150->0(44)
[2021-11-13T16:24:59.754-0800][gc,heap     ] GC(587) Survivor regions: 4->7(20)
[2021-11-13T16:24:59.754-0800][gc,heap     ] GC(587) Old regions: 223->223
[2021-11-13T16:24:59.754-0800][gc,heap     ] GC(587) Archive regions: 2->2
[2021-11-13T16:24:59.754-0800][gc,heap     ] GC(587) Humongous regions: 129->129
[2021-11-13T16:24:59.754-0800][gc,metaspace] GC(587) Metaspace: 41288K(42048K)->41288K(42048K) NonClass: 36504K(36928K)->36504K(36928K) Class: 4784K(5120K)->4784K(5120K)
[2021-11-13T16:24:59.754-0800][gc          ] GC(587) Pause Young (Normal) (G1 Evacuation Pause) 506M->358M(1024M) 21.842ms
[2021-11-13T16:24:59.754-0800][gc,cpu      ] GC(587) User=0.03s Sys=0.03s Real=0.02s
[2021-11-13T16:25:16.751-0800][gc,start    ] GC(588) Pause Young (Normal) (G1 Evacuation Pause)
[2021-11-13T16:25:16.751-0800][gc,task     ] GC(588) Using 8 workers of 8 for evacuation
[2021-11-13T16:25:16.806-0800][gc,mmu      ] GC(588) MMU target violated: 21.0ms (20.0ms/21.0ms)
[2021-11-13T16:25:16.806-0800][gc,phases   ] GC(588)   Pre Evacuate Collection Set: 0.9ms
[2021-11-13T16:25:16.806-0800][gc,phases   ] GC(588)   Merge Heap Roots: 0.9ms
[2021-11-13T16:25:16.806-0800][gc,phases   ] GC(588)   Evacuate Collection Set: 51.0ms
[2021-11-13T16:25:16.806-0800][gc,phases   ] GC(588)   Post Evacuate Collection Set: 1.7ms
[2021-11-13T16:25:16.806-0800][gc,phases   ] GC(588)   Other: 1.2ms
[2021-11-13T16:25:16.806-0800][gc,heap     ] GC(588) Eden regions: 44->0(48)
[2021-11-13T16:25:16.806-0800][gc,heap     ] GC(588) Survivor regions: 7->3(7)
[2021-11-13T16:25:16.806-0800][gc,heap     ] GC(588) Old regions: 223->226
[2021-11-13T16:25:16.806-0800][gc,heap     ] GC(588) Archive regions: 2->2
[2021-11-13T16:25:16.806-0800][gc,heap     ] GC(588) Humongous regions: 129->129
[2021-11-13T16:25:16.806-0800][gc,metaspace] GC(588) Metaspace: 41288K(42048K)->41288K(42048K) NonClass: 36504K(36928K)->36504K(36928K) Class: 4784K(5120K)->4784K(5120K)
[2021-11-13T16:25:16.806-0800][gc          ] GC(588) Pause Young (Normal) (G1 Evacuation Pause) 402M->357M(1024M) 55.843ms
[2021-11-13T16:25:16.806-0800][gc,cpu      ] GC(588) User=0.02s Sys=0.04s Real=0.05s
[2021-11-13T16:25:35.269-0800][gc,start    ] GC(589) Pause Young (Normal) (G1 Evacuation Pause)
[2021-11-13T16:25:35.269-0800][gc,task     ] GC(589) Using 8 workers of 8 for evacuation
[2021-11-13T16:25:35.285-0800][gc,phases   ] GC(589)   Pre Evacuate Collection Set: 0.5ms
[2021-11-13T16:25:35.285-0800][gc,phases   ] GC(589)   Merge Heap Roots: 0.2ms
[2021-11-13T16:25:35.285-0800][gc,phases   ] GC(589)   Evacuate Collection Set: 14.3ms
[2021-11-13T16:25:35.285-0800][gc,phases   ] GC(589)   Post Evacuate Collection Set: 0.7ms
[2021-11-13T16:25:35.285-0800][gc,phases   ] GC(589)   Other: 0.7ms
[2021-11-13T16:25:35.285-0800][gc,heap     ] GC(589) Eden regions: 48->0(67)
[2021-11-13T16:25:35.285-0800][gc,heap     ] GC(589) Survivor regions: 3->3(7)
[2021-11-13T16:25:35.285-0800][gc,heap     ] GC(589) Old regions: 226->226
[2021-11-13T16:25:35.285-0800][gc,heap     ] GC(589) Archive regions: 2->2
[2021-11-13T16:25:35.285-0800][gc,heap     ] GC(589) Humongous regions: 129->129
[2021-11-13T16:25:35.286-0800][gc,metaspace] GC(589) Metaspace: 41288K(42048K)->41288K(42048K) NonClass: 36504K(36928K)->36504K(36928K) Class: 4784K(5120K)->4784K(5120K)
[2021-11-13T16:25:35.286-0800][gc          ] GC(589) Pause Young (Normal) (G1 Evacuation Pause) 405M->357M(1024M) 16.586ms
[2021-11-13T16:25:35.286-0800][gc,cpu      ] GC(589) User=0.01s Sys=0.02s Real=0.02s
[2021-11-13T16:25:56.820-0800][gc,start    ] GC(590) Pause Young (Normal) (G1 Evacuation Pause)
[2021-11-13T16:25:56.820-0800][gc,task     ] GC(590) Using 8 workers of 8 for evacuation
[2021-11-13T16:25:56.830-0800][gc,phases   ] GC(590)   Pre Evacuate Collection Set: 0.2ms
[2021-11-13T16:25:56.830-0800][gc,phases   ] GC(590)   Merge Heap Roots: 0.1ms
[2021-11-13T16:25:56.830-0800][gc,phases   ] GC(590)   Evacuate Collection Set: 8.4ms
[2021-11-13T16:25:56.830-0800][gc,phases   ] GC(590)   Post Evacuate Collection Set: 0.4ms
[2021-11-13T16:25:56.830-0800][gc,phases   ] GC(590)   Other: 1.1ms
[2021-11-13T16:25:56.830-0800][gc,heap     ] GC(590) Eden regions: 56->0(47)
[2021-11-13T16:25:56.830-0800][gc,heap     ] GC(590) Survivor regions: 3->4(8)
[2021-11-13T16:25:56.830-0800][gc,heap     ] GC(590) Old regions: 226->226
[2021-11-13T16:25:56.830-0800][gc,heap     ] GC(590) Archive regions: 2->2
[2021-11-13T16:25:56.830-0800][gc,heap     ] GC(590) Humongous regions: 129->129
[2021-11-13T16:25:56.830-0800][gc,metaspace] GC(590) Metaspace: 41288K(42048K)->41288K(42048K) NonClass: 36504K(36928K)->36504K(36928K) Class: 4784K(5120K)->4784K(5120K)
[2021-11-13T16:25:56.830-0800][gc          ] GC(590) Pause Young (Normal) (G1 Evacuation Pause) 413M->358M(1024M) 10.513ms
[2021-11-13T16:25:56.830-0800][gc,cpu      ] GC(590) User=0.02s Sys=0.00s Real=0.01s
[2021-11-13T16:26:14.966-0800][gc,start    ] GC(591) Pause Young (Normal) (G1 Evacuation Pause)
[2021-11-13T16:26:14.967-0800][gc,task     ] GC(591) Using 8 workers of 8 for evacuation
[2021-11-13T16:26:14.982-0800][gc,phases   ] GC(591)   Pre Evacuate Collection Set: 0.9ms
[2021-11-13T16:26:14.982-0800][gc,phases   ] GC(591)   Merge Heap Roots: 0.2ms
[2021-11-13T16:26:14.982-0800][gc,phases   ] GC(591)   Evacuate Collection Set: 12.9ms
[2021-11-13T16:26:14.982-0800][gc,phases   ] GC(591)   Post Evacuate Collection Set: 1.2ms
[2021-11-13T16:26:14.982-0800][gc,phases   ] GC(591)   Other: 1.4ms
[2021-11-13T16:26:14.982-0800][gc,heap     ] GC(591) Eden regions: 47->0(103)
[2021-11-13T16:26:14.982-0800][gc,heap     ] GC(591) Survivor regions: 4->4(7)
[2021-11-13T16:26:14.982-0800][gc,heap     ] GC(591) Old regions: 226->226
[2021-11-13T16:26:14.982-0800][gc,heap     ] GC(591) Archive regions: 2->2
[2021-11-13T16:26:14.982-0800][gc,heap     ] GC(591) Humongous regions: 129->129
[2021-11-13T16:26:14.982-0800][gc,metaspace] GC(591) Metaspace: 41288K(42048K)->41288K(42048K) NonClass: 36504K(36928K)->36504K(36928K) Class: 4784K(5120K)->4784K(5120K)
[2021-11-13T16:26:14.982-0800][gc          ] GC(591) Pause Young (Normal) (G1 Evacuation Pause) 405M->358M(1024M) 16.776ms
[2021-11-13T16:26:14.982-0800][gc,cpu      ] GC(591) User=0.02s Sys=0.02s Real=0.02s
[2021-11-13T16:26:54.915-0800][gc,start    ] GC(592) Pause Young (Normal) (G1 Evacuation Pause)
[2021-11-13T16:26:54.916-0800][gc,task     ] GC(592) Using 8 workers of 8 for evacuation
[2021-11-13T16:26:54.937-0800][gc,mmu      ] GC(592) MMU target violated: 20.5ms (20.0ms/21.0ms)
[2021-11-13T16:26:54.937-0800][gc,phases   ] GC(592)   Pre Evacuate Collection Set: 1.0ms
[2021-11-13T16:26:54.937-0800][gc,phases   ] GC(592)   Merge Heap Roots: 0.1ms
[2021-11-13T16:26:54.937-0800][gc,phases   ] GC(592)   Evacuate Collection Set: 18.2ms
[2021-11-13T16:26:54.937-0800][gc,phases   ] GC(592)   Post Evacuate Collection Set: 1.5ms
[2021-11-13T16:26:54.937-0800][gc,phases   ] GC(592)   Other: 1.1ms
[2021-11-13T16:26:54.937-0800][gc,heap     ] GC(592) Eden regions: 103->0(59)
[2021-11-13T16:26:54.937-0800][gc,heap     ] GC(592) Survivor regions: 4->5(14)
[2021-11-13T16:26:54.937-0800][gc,heap     ] GC(592) Old regions: 226->226
[2021-11-13T16:26:54.937-0800][gc,heap     ] GC(592) Archive regions: 2->2
[2021-11-13T16:26:54.937-0800][gc,heap     ] GC(592) Humongous regions: 129->129
[2021-11-13T16:26:54.937-0800][gc,metaspace] GC(592) Metaspace: 41288K(42048K)->41288K(42048K) NonClass: 36504K(36928K)->36504K(36928K) Class: 4784K(5120K)->4784K(5120K)
[2021-11-13T16:26:54.937-0800][gc          ] GC(592) Pause Young (Normal) (G1 Evacuation Pause) 461M->359M(1024M) 22.031ms
[2021-11-13T16:26:54.937-0800][gc,cpu      ] GC(592) User=0.03s Sys=0.02s Real=0.02s
[2021-11-13T16:27:17.883-0800][gc,start    ] GC(593) Pause Young (Normal) (G1 Evacuation Pause)
[2021-11-13T16:27:17.884-0800][gc,task     ] GC(593) Using 8 workers of 8 for evacuation
[2021-11-13T16:27:17.899-0800][gc,phases   ] GC(593)   Pre Evacuate Collection Set: 0.2ms
[2021-11-13T16:27:17.899-0800][gc,phases   ] GC(593)   Merge Heap Roots: 0.1ms
[2021-11-13T16:27:17.899-0800][gc,phases   ] GC(593)   Evacuate Collection Set: 13.8ms
[2021-11-13T16:27:17.899-0800][gc,phases   ] GC(593)   Post Evacuate Collection Set: 0.6ms
[2021-11-13T16:27:17.899-0800][gc,phases   ] GC(593)   Other: 1.1ms
[2021-11-13T16:27:17.899-0800][gc,heap     ] GC(593) Eden regions: 59->0(45)
[2021-11-13T16:27:17.899-0800][gc,heap     ] GC(593) Survivor regions: 5->6(8)
[2021-11-13T16:27:17.899-0800][gc,heap     ] GC(593) Old regions: 226->227
[2021-11-13T16:27:17.899-0800][gc,heap     ] GC(593) Archive regions: 2->2
[2021-11-13T16:27:17.900-0800][gc,heap     ] GC(593) Humongous regions: 129->129
[2021-11-13T16:27:17.900-0800][gc,metaspace] GC(593) Metaspace: 41288K(42048K)->41288K(42048K) NonClass: 36504K(36928K)->36504K(36928K) Class: 4784K(5120K)->4784K(5120K)
[2021-11-13T16:27:17.900-0800][gc          ] GC(593) Pause Young (Normal) (G1 Evacuation Pause) 418M->361M(1024M) 16.115ms
[2021-11-13T16:27:17.900-0800][gc,cpu      ] GC(593) User=0.04s Sys=0.00s Real=0.02s
[2021-11-13T16:27:35.286-0800][gc,start    ] GC(594) Pause Young (Normal) (G1 Evacuation Pause)
[2021-11-13T16:27:35.286-0800][gc,task     ] GC(594) Using 8 workers of 8 for evacuation
[2021-11-13T16:27:35.302-0800][gc,phases   ] GC(594)   Pre Evacuate Collection Set: 0.4ms
[2021-11-13T16:27:35.302-0800][gc,phases   ] GC(594)   Merge Heap Roots: 0.1ms
[2021-11-13T16:27:35.302-0800][gc,phases   ] GC(594)   Evacuate Collection Set: 14.1ms
[2021-11-13T16:27:35.302-0800][gc,phases   ] GC(594)   Post Evacuate Collection Set: 0.7ms
[2021-11-13T16:27:35.302-0800][gc,phases   ] GC(594)   Other: 0.7ms
[2021-11-13T16:27:35.302-0800][gc,heap     ] GC(594) Eden regions: 45->0(240)
[2021-11-13T16:27:35.302-0800][gc,heap     ] GC(594) Survivor regions: 6->4(7)
[2021-11-13T16:27:35.302-0800][gc,heap     ] GC(594) Old regions: 227->228
[2021-11-13T16:27:35.302-0800][gc,heap     ] GC(594) Archive regions: 2->2
[2021-11-13T16:27:35.302-0800][gc,heap     ] GC(594) Humongous regions: 129->129
[2021-11-13T16:27:35.302-0800][gc,metaspace] GC(594) Metaspace: 41288K(42048K)->41288K(42048K) NonClass: 36504K(36928K)->36504K(36928K) Class: 4784K(5120K)->4784K(5120K)
[2021-11-13T16:27:35.302-0800][gc          ] GC(594) Pause Young (Normal) (G1 Evacuation Pause) 406M->361M(1024M) 16.315ms
[2021-11-13T16:27:35.302-0800][gc,cpu      ] GC(594) User=0.03s Sys=0.02s Real=0.02s
[2021-11-13T16:28:59.902-0800][gc,start    ] GC(595) Pause Young (Concurrent Start) (G1 Evacuation Pause)
[2021-11-13T16:28:59.902-0800][gc,task     ] GC(595) Using 8 workers of 8 for evacuation
[2021-11-13T16:28:59.952-0800][gc,mmu      ] GC(595) MMU target violated: 21.0ms (20.0ms/21.0ms)
[2021-11-13T16:28:59.953-0800][gc,phases   ] GC(595)   Pre Evacuate Collection Set: 4.3ms
[2021-11-13T16:28:59.953-0800][gc,phases   ] GC(595)   Merge Heap Roots: 0.6ms
[2021-11-13T16:28:59.953-0800][gc,phases   ] GC(595)   Evacuate Collection Set: 43.1ms
[2021-11-13T16:28:59.953-0800][gc,phases   ] GC(595)   Post Evacuate Collection Set: 1.0ms
[2021-11-13T16:28:59.953-0800][gc,phases   ] GC(595)   Other: 2.0ms
[2021-11-13T16:28:59.953-0800][gc,heap     ] GC(595) Eden regions: 217->0(45)
[2021-11-13T16:28:59.953-0800][gc,heap     ] GC(595) Survivor regions: 4->6(28)
[2021-11-13T16:28:59.953-0800][gc,heap     ] GC(595) Old regions: 228->228
[2021-11-13T16:28:59.953-0800][gc,heap     ] GC(595) Archive regions: 2->2
[2021-11-13T16:28:59.953-0800][gc,heap     ] GC(595) Humongous regions: 129->129
[2021-11-13T16:28:59.953-0800][gc,metaspace] GC(595) Metaspace: 41288K(42048K)->41288K(42048K) NonClass: 36504K(36928K)->36504K(36928K) Class: 4784K(5120K)->4784K(5120K)
[2021-11-13T16:28:59.953-0800][gc          ] GC(595) Pause Young (Concurrent Start) (G1 Evacuation Pause) 578M->363M(1024M) 51.034ms
[2021-11-13T16:28:59.953-0800][gc,cpu      ] GC(595) User=0.03s Sys=0.06s Real=0.05s
[2021-11-13T16:28:59.953-0800][gc          ] GC(596) Concurrent Mark Cycle
[2021-11-13T16:28:59.953-0800][gc,marking  ] GC(596) Concurrent Clear Claimed Marks
[2021-11-13T16:28:59.953-0800][gc,marking  ] GC(596) Concurrent Clear Claimed Marks 0.056ms
[2021-11-13T16:28:59.953-0800][gc,marking  ] GC(596) Concurrent Scan Root Regions
[2021-11-13T16:28:59.967-0800][gc,marking  ] GC(596) Concurrent Scan Root Regions 14.033ms
[2021-11-13T16:28:59.967-0800][gc,marking  ] GC(596) Concurrent Mark
[2021-11-13T16:28:59.967-0800][gc,marking  ] GC(596) Concurrent Mark From Roots
[2021-11-13T16:28:59.967-0800][gc,task     ] GC(596) Using 2 workers of 2 for marking
[2021-11-13T16:29:00.022-0800][gc,marking  ] GC(596) Concurrent Mark From Roots 54.625ms
[2021-11-13T16:29:00.022-0800][gc,marking  ] GC(596) Concurrent Preclean
[2021-11-13T16:29:00.022-0800][gc,marking  ] GC(596) Concurrent Preclean 0.190ms
[2021-11-13T16:29:00.022-0800][gc,start    ] GC(596) Pause Remark
[2021-11-13T16:29:00.171-0800][gc,mmu      ] GC(596) MMU target violated: 21.0ms (20.0ms/21.0ms)
[2021-11-13T16:29:00.171-0800][gc          ] GC(596) Pause Remark 364M->233M(1024M) 148.165ms
[2021-11-13T16:29:00.171-0800][gc,cpu      ] GC(596) User=0.06s Sys=0.16s Real=0.15s
[2021-11-13T16:29:00.171-0800][gc,marking  ] GC(596) Concurrent Mark 203.600ms
[2021-11-13T16:29:00.171-0800][gc,marking  ] GC(596) Concurrent Rebuild Remembered Sets
[2021-11-13T16:29:00.204-0800][gc,marking  ] GC(596) Concurrent Rebuild Remembered Sets 33.132ms
[2021-11-13T16:29:00.205-0800][gc,start    ] GC(596) Pause Cleanup
[2021-11-13T16:29:00.206-0800][gc          ] GC(596) Pause Cleanup 233M->233M(1024M) 0.214ms
[2021-11-13T16:29:00.206-0800][gc,cpu      ] GC(596) User=0.00s Sys=0.00s Real=0.00s
[2021-11-13T16:29:00.206-0800][gc,marking  ] GC(596) Concurrent Cleanup for Next Mark
[2021-11-13T16:29:00.216-0800][gc,marking  ] GC(596) Concurrent Cleanup for Next Mark 9.983ms
[2021-11-13T16:29:00.216-0800][gc          ] GC(596) Concurrent Mark Cycle 262.983ms
[2021-11-13T16:29:17.557-0800][gc,start    ] GC(597) Pause Young (Prepare Mixed) (G1 Evacuation Pause)
[2021-11-13T16:29:17.558-0800][gc,task     ] GC(597) Using 8 workers of 8 for evacuation
[2021-11-13T16:29:17.577-0800][gc,phases   ] GC(597)   Pre Evacuate Collection Set: 0.4ms
[2021-11-13T16:29:17.577-0800][gc,phases   ] GC(597)   Merge Heap Roots: 0.2ms
[2021-11-13T16:29:17.577-0800][gc,phases   ] GC(597)   Evacuate Collection Set: 17.3ms
[2021-11-13T16:29:17.577-0800][gc,phases   ] GC(597)   Post Evacuate Collection Set: 0.9ms
[2021-11-13T16:29:17.577-0800][gc,phases   ] GC(597)   Other: 1.1ms
[2021-11-13T16:29:17.577-0800][gc,heap     ] GC(597) Eden regions: 45->0(47)
[2021-11-13T16:29:17.577-0800][gc,heap     ] GC(597) Survivor regions: 6->4(7)
[2021-11-13T16:29:17.577-0800][gc,heap     ] GC(597) Old regions: 97->99
[2021-11-13T16:29:17.577-0800][gc,heap     ] GC(597) Archive regions: 2->2
[2021-11-13T16:29:17.577-0800][gc,heap     ] GC(597) Humongous regions: 129->129
[2021-11-13T16:29:17.577-0800][gc,metaspace] GC(597) Metaspace: 41288K(42048K)->41288K(42048K) NonClass: 36504K(36928K)->36504K(36928K) Class: 4784K(5120K)->4784K(5120K)
[2021-11-13T16:29:17.577-0800][gc          ] GC(597) Pause Young (Prepare Mixed) (G1 Evacuation Pause) 277M->232M(1024M) 20.175ms
[2021-11-13T16:29:17.577-0800][gc,cpu      ] GC(597) User=0.04s Sys=0.02s Real=0.02s
[2021-11-13T16:29:35.820-0800][gc,start    ] GC(598) Pause Young (Mixed) (G1 Evacuation Pause)
[2021-11-13T16:29:35.837-0800][gc,task     ] GC(598) Using 8 workers of 8 for evacuation
[2021-11-13T16:29:35.859-0800][gc,mmu      ] GC(598) MMU target violated: 21.0ms (20.0ms/21.0ms)
[2021-11-13T16:29:35.859-0800][gc,phases   ] GC(598)   Pre Evacuate Collection Set: 0.3ms
[2021-11-13T16:29:35.859-0800][gc,phases   ] GC(598)   Merge Heap Roots: 0.2ms
[2021-11-13T16:29:35.859-0800][gc,phases   ] GC(598)   Evacuate Collection Set: 20.4ms
[2021-11-13T16:29:35.859-0800][gc,phases   ] GC(598)   Post Evacuate Collection Set: 1.5ms
[2021-11-13T16:29:35.859-0800][gc,phases   ] GC(598)   Other: 16.6ms
[2021-11-13T16:29:35.859-0800][gc,heap     ] GC(598) Eden regions: 47->0(50)
[2021-11-13T16:29:35.859-0800][gc,heap     ] GC(598) Survivor regions: 4->5(7)
[2021-11-13T16:29:35.860-0800][gc,heap     ] GC(598) Old regions: 99->71
[2021-11-13T16:29:35.860-0800][gc,heap     ] GC(598) Archive regions: 2->2
[2021-11-13T16:29:35.860-0800][gc,heap     ] GC(598) Humongous regions: 129->129
[2021-11-13T16:29:35.860-0800][gc,metaspace] GC(598) Metaspace: 41288K(42048K)->41288K(42048K) NonClass: 36504K(36928K)->36504K(36928K) Class: 4784K(5120K)->4784K(5120K)
[2021-11-13T16:29:35.860-0800][gc          ] GC(598) Pause Young (Mixed) (G1 Evacuation Pause) 279M->204M(1024M) 39.151ms
[2021-11-13T16:29:35.860-0800][gc,cpu      ] GC(598) User=0.03s Sys=0.02s Real=0.04s
[2021-11-13T16:29:55.157-0800][gc,start    ] GC(599) Pause Young (Normal) (G1 Evacuation Pause)
[2021-11-13T16:29:55.158-0800][gc,task     ] GC(599) Using 8 workers of 8 for evacuation
[2021-11-13T16:29:55.182-0800][gc,mmu      ] GC(599) MMU target violated: 21.0ms (20.0ms/21.0ms)
[2021-11-13T16:29:55.183-0800][gc,phases   ] GC(599)   Pre Evacuate Collection Set: 0.7ms
[2021-11-13T16:29:55.183-0800][gc,phases   ] GC(599)   Merge Heap Roots: 0.2ms
[2021-11-13T16:29:55.183-0800][gc,phases   ] GC(599)   Evacuate Collection Set: 22.0ms
[2021-11-13T16:29:55.183-0800][gc,phases   ] GC(599)   Post Evacuate Collection Set: 1.5ms
[2021-11-13T16:29:55.183-0800][gc,phases   ] GC(599)   Other: 1.3ms
[2021-11-13T16:29:55.183-0800][gc,heap     ] GC(599) Eden regions: 50->0(239)
[2021-11-13T16:29:55.183-0800][gc,heap     ] GC(599) Survivor regions: 5->3(7)
[2021-11-13T16:29:55.183-0800][gc,heap     ] GC(599) Old regions: 71->73
[2021-11-13T16:29:55.183-0800][gc,heap     ] GC(599) Archive regions: 2->2
[2021-11-13T16:29:55.183-0800][gc,heap     ] GC(599) Humongous regions: 129->129
[2021-11-13T16:29:55.183-0800][gc,metaspace] GC(599) Metaspace: 41288K(42048K)->41288K(42048K) NonClass: 36504K(36928K)->36504K(36928K) Class: 4784K(5120K)->4784K(5120K)
[2021-11-13T16:29:55.183-0800][gc          ] GC(599) Pause Young (Normal) (G1 Evacuation Pause) 254M->205M(1024M) 25.802ms
[2021-11-13T16:29:55.183-0800][gc,cpu      ] GC(599) User=0.03s Sys=0.02s Real=0.03s
[2021-11-13T16:31:17.062-0800][gc,start    ] GC(600) Pause Young (Normal) (G1 Evacuation Pause)
[2021-11-13T16:31:17.064-0800][gc,task     ] GC(600) Using 8 workers of 8 for evacuation
[2021-11-13T16:31:17.088-0800][gc,mmu      ] GC(600) MMU target violated: 21.0ms (20.0ms/21.0ms)
[2021-11-13T16:31:17.088-0800][gc,phases   ] GC(600)   Pre Evacuate Collection Set: 0.7ms
[2021-11-13T16:31:17.088-0800][gc,phases   ] GC(600)   Merge Heap Roots: 0.4ms
[2021-11-13T16:31:17.088-0800][gc,phases   ] GC(600)   Evacuate Collection Set: 21.5ms
[2021-11-13T16:31:17.088-0800][gc,phases   ] GC(600)   Post Evacuate Collection Set: 1.5ms
[2021-11-13T16:31:17.088-0800][gc,phases   ] GC(600)   Other: 1.9ms
[2021-11-13T16:31:17.088-0800][gc,heap     ] GC(600) Eden regions: 210->0(138)
[2021-11-13T16:31:17.088-0800][gc,heap     ] GC(600) Survivor regions: 3->4(27)
[2021-11-13T16:31:17.088-0800][gc,heap     ] GC(600) Old regions: 73->73
[2021-11-13T16:31:17.088-0800][gc,heap     ] GC(600) Archive regions: 2->2
[2021-11-13T16:31:17.088-0800][gc,heap     ] GC(600) Humongous regions: 129->129
[2021-11-13T16:31:17.088-0800][gc,metaspace] GC(600) Metaspace: 41288K(42048K)->41288K(42048K) NonClass: 36504K(36928K)->36504K(36928K) Class: 4784K(5120K)->4784K(5120K)
[2021-11-13T16:31:17.089-0800][gc          ] GC(600) Pause Young (Normal) (G1 Evacuation Pause) 415M->206M(1024M) 26.054ms
[2021-11-13T16:31:17.089-0800][gc,cpu      ] GC(600) User=0.04s Sys=0.04s Real=0.02s
[2021-11-13T16:32:10.764-0800][gc,start    ] GC(601) Pause Young (Normal) (G1 Evacuation Pause)
[2021-11-13T16:32:10.765-0800][gc,task     ] GC(601) Using 8 workers of 8 for evacuation
[2021-11-13T16:32:10.820-0800][gc,mmu      ] GC(601) MMU target violated: 21.0ms (20.0ms/21.0ms)
[2021-11-13T16:32:10.820-0800][gc,phases   ] GC(601)   Pre Evacuate Collection Set: 0.9ms
[2021-11-13T16:32:10.820-0800][gc,phases   ] GC(601)   Merge Heap Roots: 0.2ms
[2021-11-13T16:32:10.820-0800][gc,phases   ] GC(601)   Evacuate Collection Set: 52.4ms
[2021-11-13T16:32:10.820-0800][gc,phases   ] GC(601)   Post Evacuate Collection Set: 1.5ms
[2021-11-13T16:32:10.821-0800][gc,phases   ] GC(601)   Other: 1.5ms
[2021-11-13T16:32:10.821-0800][gc,heap     ] GC(601) Eden regions: 138->0(45)
[2021-11-13T16:32:10.821-0800][gc,heap     ] GC(601) Survivor regions: 4->6(18)
[2021-11-13T16:32:10.821-0800][gc,heap     ] GC(601) Old regions: 73->73
[2021-11-13T16:32:10.821-0800][gc,heap     ] GC(601) Archive regions: 2->2
[2021-11-13T16:32:10.821-0800][gc,heap     ] GC(601) Humongous regions: 129->129
[2021-11-13T16:32:10.821-0800][gc,metaspace] GC(601) Metaspace: 41288K(42048K)->41288K(42048K) NonClass: 36504K(36928K)->36504K(36928K) Class: 4784K(5120K)->4784K(5120K)
[2021-11-13T16:32:10.821-0800][gc          ] GC(601) Pause Young (Normal) (G1 Evacuation Pause) 344M->207M(1024M) 56.539ms
[2021-11-13T16:32:10.821-0800][gc,cpu      ] GC(601) User=0.03s Sys=0.09s Real=0.06s
[2021-11-13T16:32:28.090-0800][gc,start    ] GC(602) Pause Young (Normal) (G1 Evacuation Pause)
[2021-11-13T16:32:28.092-0800][gc,task     ] GC(602) Using 8 workers of 8 for evacuation
[2021-11-13T16:32:28.133-0800][gc,mmu      ] GC(602) MMU target violated: 21.0ms (20.0ms/21.0ms)
[2021-11-13T16:32:28.133-0800][gc,phases   ] GC(602)   Pre Evacuate Collection Set: 0.8ms
[2021-11-13T16:32:28.133-0800][gc,phases   ] GC(602)   Merge Heap Roots: 0.2ms
[2021-11-13T16:32:28.133-0800][gc,phases   ] GC(602)   Evacuate Collection Set: 33.6ms
[2021-11-13T16:32:28.133-0800][gc,phases   ] GC(602)   Post Evacuate Collection Set: 5.8ms
[2021-11-13T16:32:28.133-0800][gc,phases   ] GC(602)   Other: 2.8ms
[2021-11-13T16:32:28.133-0800][gc,heap     ] GC(602) Eden regions: 45->0(45)
[2021-11-13T16:32:28.133-0800][gc,heap     ] GC(602) Survivor regions: 6->6(7)
[2021-11-13T16:32:28.134-0800][gc,heap     ] GC(602) Old regions: 73->74
[2021-11-13T16:32:28.134-0800][gc,heap     ] GC(602) Archive regions: 2->2
[2021-11-13T16:32:28.134-0800][gc,heap     ] GC(602) Humongous regions: 129->129
[2021-11-13T16:32:28.134-0800][gc,metaspace] GC(602) Metaspace: 41288K(42048K)->41288K(42048K) NonClass: 36504K(36928K)->36504K(36928K) Class: 4784K(5120K)->4784K(5120K)
[2021-11-13T16:32:28.134-0800][gc          ] GC(602) Pause Young (Normal) (G1 Evacuation Pause) 252M->208M(1024M) 43.371ms
[2021-11-13T16:32:28.134-0800][gc,cpu      ] GC(602) User=0.05s Sys=0.04s Real=0.04s
[2021-11-13T16:32:45.487-0800][gc,start    ] GC(603) Pause Young (Normal) (G1 Evacuation Pause)
[2021-11-13T16:32:45.488-0800][gc,task     ] GC(603) Using 8 workers of 8 for evacuation
[2021-11-13T16:32:45.526-0800][gc,mmu      ] GC(603) MMU target violated: 21.0ms (20.0ms/21.0ms)
[2021-11-13T16:32:45.526-0800][gc,phases   ] GC(603)   Pre Evacuate Collection Set: 0.8ms
[2021-11-13T16:32:45.526-0800][gc,phases   ] GC(603)   Merge Heap Roots: 0.3ms
[2021-11-13T16:32:45.526-0800][gc,phases   ] GC(603)   Evacuate Collection Set: 35.0ms
[2021-11-13T16:32:45.526-0800][gc,phases   ] GC(603)   Post Evacuate Collection Set: 1.7ms
[2021-11-13T16:32:45.526-0800][gc,phases   ] GC(603)   Other: 1.1ms
[2021-11-13T16:32:45.526-0800][gc,heap     ] GC(603) Eden regions: 45->0(48)
[2021-11-13T16:32:45.526-0800][gc,heap     ] GC(603) Survivor regions: 6->3(7)
[2021-11-13T16:32:45.526-0800][gc,heap     ] GC(603) Old regions: 74->76
[2021-11-13T16:32:45.526-0800][gc,heap     ] GC(603) Archive regions: 2->2
[2021-11-13T16:32:45.526-0800][gc,heap     ] GC(603) Humongous regions: 129->129
[2021-11-13T16:32:45.526-0800][gc,metaspace] GC(603) Metaspace: 41288K(42048K)->41288K(42048K) NonClass: 36504K(36928K)->36504K(36928K) Class: 4784K(5120K)->4784K(5120K)
[2021-11-13T16:32:45.526-0800][gc          ] GC(603) Pause Young (Normal) (G1 Evacuation Pause) 253M->208M(1024M) 38.958ms
[2021-11-13T16:32:45.526-0800][gc,cpu      ] GC(603) User=0.03s Sys=0.03s Real=0.04s
[2021-11-13T16:33:04.040-0800][gc,start    ] GC(604) Pause Young (Normal) (G1 Evacuation Pause)
[2021-11-13T16:33:04.041-0800][gc,task     ] GC(604) Using 8 workers of 8 for evacuation
[2021-11-13T16:33:04.071-0800][gc,mmu      ] GC(604) MMU target violated: 21.0ms (20.0ms/21.0ms)
[2021-11-13T16:33:04.071-0800][gc,phases   ] GC(604)   Pre Evacuate Collection Set: 0.8ms
[2021-11-13T16:33:04.071-0800][gc,phases   ] GC(604)   Merge Heap Roots: 0.2ms
[2021-11-13T16:33:04.071-0800][gc,phases   ] GC(604)   Evacuate Collection Set: 20.9ms
[2021-11-13T16:33:04.071-0800][gc,phases   ] GC(604)   Post Evacuate Collection Set: 8.0ms
[2021-11-13T16:33:04.071-0800][gc,phases   ] GC(604)   Other: 1.4ms
[2021-11-13T16:33:04.071-0800][gc,heap     ] GC(604) Eden regions: 48->0(46)
[2021-11-13T16:33:04.071-0800][gc,heap     ] GC(604) Survivor regions: 3->5(7)
[2021-11-13T16:33:04.071-0800][gc,heap     ] GC(604) Old regions: 76->76
[2021-11-13T16:33:04.071-0800][gc,heap     ] GC(604) Archive regions: 2->2
[2021-11-13T16:33:04.071-0800][gc,heap     ] GC(604) Humongous regions: 129->129
[2021-11-13T16:33:04.071-0800][gc,metaspace] GC(604) Metaspace: 41288K(42048K)->41288K(42048K) NonClass: 36504K(36928K)->36504K(36928K) Class: 4784K(5120K)->4784K(5120K)
[2021-11-13T16:33:04.071-0800][gc          ] GC(604) Pause Young (Normal) (G1 Evacuation Pause) 256M->210M(1024M) 31.563ms
[2021-11-13T16:33:04.071-0800][gc,cpu      ] GC(604) User=0.03s Sys=0.03s Real=0.03s
[2021-11-13T16:33:21.740-0800][gc,start    ] GC(605) Pause Young (Normal) (G1 Evacuation Pause)
[2021-11-13T16:33:21.741-0800][gc,task     ] GC(605) Using 8 workers of 8 for evacuation
[2021-11-13T16:33:21.761-0800][gc,phases   ] GC(605)   Pre Evacuate Collection Set: 0.9ms
[2021-11-13T16:33:21.761-0800][gc,phases   ] GC(605)   Merge Heap Roots: 0.2ms
[2021-11-13T16:33:21.761-0800][gc,phases   ] GC(605)   Evacuate Collection Set: 16.7ms
[2021-11-13T16:33:21.761-0800][gc,phases   ] GC(605)   Post Evacuate Collection Set: 1.4ms
[2021-11-13T16:33:21.761-0800][gc,phases   ] GC(605)   Other: 1.5ms
[2021-11-13T16:33:21.761-0800][gc,heap     ] GC(605) Eden regions: 46->0(52)
[2021-11-13T16:33:21.761-0800][gc,heap     ] GC(605) Survivor regions: 5->3(7)
[2021-11-13T16:33:21.761-0800][gc,heap     ] GC(605) Old regions: 76->78
[2021-11-13T16:33:21.761-0800][gc,heap     ] GC(605) Archive regions: 2->2
[2021-11-13T16:33:21.761-0800][gc,heap     ] GC(605) Humongous regions: 129->129
[2021-11-13T16:33:21.761-0800][gc,metaspace] GC(605) Metaspace: 41288K(42048K)->41288K(42048K) NonClass: 36504K(36928K)->36504K(36928K) Class: 4784K(5120K)->4784K(5120K)
[2021-11-13T16:33:21.761-0800][gc          ] GC(605) Pause Young (Normal) (G1 Evacuation Pause) 256M->209M(1024M) 20.969ms
[2021-11-13T16:33:21.761-0800][gc,cpu      ] GC(605) User=0.03s Sys=0.03s Real=0.02s
[2021-11-13T16:33:40.144-0800][gc,start    ] GC(606) Pause Young (Normal) (G1 Evacuation Pause)
[2021-11-13T16:33:40.144-0800][gc,task     ] GC(606) Using 8 workers of 8 for evacuation
[2021-11-13T16:33:40.166-0800][gc,mmu      ] GC(606) MMU target violated: 21.0ms (20.0ms/21.0ms)
[2021-11-13T16:33:40.166-0800][gc,phases   ] GC(606)   Pre Evacuate Collection Set: 7.0ms
[2021-11-13T16:33:40.166-0800][gc,phases   ] GC(606)   Merge Heap Roots: 0.8ms
[2021-11-13T16:33:40.166-0800][gc,phases   ] GC(606)   Evacuate Collection Set: 11.5ms
[2021-11-13T16:33:40.166-0800][gc,phases   ] GC(606)   Post Evacuate Collection Set: 1.7ms
[2021-11-13T16:33:40.166-0800][gc,phases   ] GC(606)   Other: 0.9ms
[2021-11-13T16:33:40.166-0800][gc,heap     ] GC(606) Eden regions: 48->0(57)
[2021-11-13T16:33:40.166-0800][gc,heap     ] GC(606) Survivor regions: 3->3(7)
[2021-11-13T16:33:40.166-0800][gc,heap     ] GC(606) Old regions: 78->78
[2021-11-13T16:33:40.166-0800][gc,heap     ] GC(606) Archive regions: 2->2
[2021-11-13T16:33:40.166-0800][gc,heap     ] GC(606) Humongous regions: 129->129
[2021-11-13T16:33:40.166-0800][gc,metaspace] GC(606) Metaspace: 41288K(42048K)->41288K(42048K) NonClass: 36504K(36928K)->36504K(36928K) Class: 4784K(5120K)->4784K(5120K)
[2021-11-13T16:33:40.166-0800][gc          ] GC(606) Pause Young (Normal) (G1 Evacuation Pause) 257M->209M(1024M) 22.143ms
[2021-11-13T16:33:40.166-0800][gc,cpu      ] GC(606) User=0.02s Sys=0.02s Real=0.02s
[2021-11-13T16:34:02.098-0800][gc,start    ] GC(607) Pause Young (Normal) (G1 Evacuation Pause)
[2021-11-13T16:34:02.099-0800][gc,task     ] GC(607) Using 8 workers of 8 for evacuation
[2021-11-13T16:34:02.133-0800][gc,mmu      ] GC(607) MMU target violated: 21.0ms (20.0ms/21.0ms)
[2021-11-13T16:34:02.133-0800][gc,phases   ] GC(607)   Pre Evacuate Collection Set: 1.0ms
[2021-11-13T16:34:02.133-0800][gc,phases   ] GC(607)   Merge Heap Roots: 0.2ms
[2021-11-13T16:34:02.133-0800][gc,phases   ] GC(607)   Evacuate Collection Set: 25.6ms
[2021-11-13T16:34:02.133-0800][gc,phases   ] GC(607)   Post Evacuate Collection Set: 6.9ms
[2021-11-13T16:34:02.134-0800][gc,phases   ] GC(607)   Other: 1.4ms
[2021-11-13T16:34:02.134-0800][gc,heap     ] GC(607) Eden regions: 57->0(47)
[2021-11-13T16:34:02.134-0800][gc,heap     ] GC(607) Survivor regions: 3->4(8)
[2021-11-13T16:34:02.134-0800][gc,heap     ] GC(607) Old regions: 78->78
[2021-11-13T16:34:02.134-0800][gc,heap     ] GC(607) Archive regions: 2->2
[2021-11-13T16:34:02.134-0800][gc,heap     ] GC(607) Humongous regions: 129->129
[2021-11-13T16:34:02.134-0800][gc,metaspace] GC(607) Metaspace: 41288K(42048K)->41288K(42048K) NonClass: 36504K(36928K)->36504K(36928K) Class: 4784K(5120K)->4784K(5120K)
[2021-11-13T16:34:02.134-0800][gc          ] GC(607) Pause Young (Normal) (G1 Evacuation Pause) 266M->211M(1024M) 35.475ms
[2021-11-13T16:34:02.134-0800][gc,cpu      ] GC(607) User=0.02s Sys=0.02s Real=0.04s
[2021-11-13T16:34:20.347-0800][gc,start    ] GC(608) Pause Young (Normal) (G1 Evacuation Pause)
[2021-11-13T16:34:20.348-0800][gc,task     ] GC(608) Using 8 workers of 8 for evacuation
[2021-11-13T16:34:20.377-0800][gc,mmu      ] GC(608) MMU target violated: 21.0ms (20.0ms/21.0ms)
[2021-11-13T16:34:20.377-0800][gc,phases   ] GC(608)   Pre Evacuate Collection Set: 0.8ms
[2021-11-13T16:34:20.377-0800][gc,phases   ] GC(608)   Merge Heap Roots: 0.2ms
[2021-11-13T16:34:20.377-0800][gc,phases   ] GC(608)   Evacuate Collection Set: 26.4ms
[2021-11-13T16:34:20.377-0800][gc,phases   ] GC(608)   Post Evacuate Collection Set: 1.5ms
[2021-11-13T16:34:20.377-0800][gc,phases   ] GC(608)   Other: 1.0ms
[2021-11-13T16:34:20.377-0800][gc,heap     ] GC(608) Eden regions: 47->0(48)
[2021-11-13T16:34:20.377-0800][gc,heap     ] GC(608) Survivor regions: 4->4(7)
[2021-11-13T16:34:20.377-0800][gc,heap     ] GC(608) Old regions: 78->78
[2021-11-13T16:34:20.377-0800][gc,heap     ] GC(608) Archive regions: 2->2
[2021-11-13T16:34:20.377-0800][gc,heap     ] GC(608) Humongous regions: 129->129
[2021-11-13T16:34:20.377-0800][gc,metaspace] GC(608) Metaspace: 41288K(42048K)->41288K(42048K) NonClass: 36504K(36928K)->36504K(36928K) Class: 4784K(5120K)->4784K(5120K)
[2021-11-13T16:34:20.377-0800][gc          ] GC(608) Pause Young (Normal) (G1 Evacuation Pause) 258M->211M(1024M) 29.970ms
[2021-11-13T16:34:20.377-0800][gc,cpu      ] GC(608) User=0.03s Sys=0.03s Real=0.03s
[2021-11-13T16:34:38.633-0800][gc,start    ] GC(609) Pause Young (Normal) (G1 Evacuation Pause)
[2021-11-13T16:34:38.634-0800][gc,task     ] GC(609) Using 8 workers of 8 for evacuation
[2021-11-13T16:34:38.660-0800][gc,mmu      ] GC(609) MMU target violated: 21.0ms (20.0ms/21.0ms)
[2021-11-13T16:34:38.660-0800][gc,phases   ] GC(609)   Pre Evacuate Collection Set: 1.1ms
[2021-11-13T16:34:38.660-0800][gc,phases   ] GC(609)   Merge Heap Roots: 0.2ms
[2021-11-13T16:34:38.660-0800][gc,phases   ] GC(609)   Evacuate Collection Set: 23.9ms
[2021-11-13T16:34:38.660-0800][gc,phases   ] GC(609)   Post Evacuate Collection Set: 1.1ms
[2021-11-13T16:34:38.660-0800][gc,phases   ] GC(609)   Other: 1.3ms
[2021-11-13T16:34:38.660-0800][gc,heap     ] GC(609) Eden regions: 47->0(46)
[2021-11-13T16:34:38.660-0800][gc,heap     ] GC(609) Survivor regions: 4->5(7)
[2021-11-13T16:34:38.660-0800][gc,heap     ] GC(609) Old regions: 78->78
[2021-11-13T16:34:38.660-0800][gc,heap     ] GC(609) Archive regions: 2->2
[2021-11-13T16:34:38.660-0800][gc,heap     ] GC(609) Humongous regions: 129->129
[2021-11-13T16:34:38.660-0800][gc,metaspace] GC(609) Metaspace: 41288K(42048K)->41288K(42048K) NonClass: 36504K(36928K)->36504K(36928K) Class: 4784K(5120K)->4784K(5120K)
[2021-11-13T16:34:38.660-0800][gc          ] GC(609) Pause Young (Normal) (G1 Evacuation Pause) 258M->212M(1024M) 27.784ms
[2021-11-13T16:34:38.660-0800][gc,cpu      ] GC(609) User=0.04s Sys=0.03s Real=0.03s
[2021-11-13T16:34:56.373-0800][gc,start    ] GC(610) Pause Young (Normal) (G1 Evacuation Pause)
[2021-11-13T16:34:56.373-0800][gc,task     ] GC(610) Using 8 workers of 8 for evacuation
[2021-11-13T16:34:56.388-0800][gc,phases   ] GC(610)   Pre Evacuate Collection Set: 0.3ms
[2021-11-13T16:34:56.388-0800][gc,phases   ] GC(610)   Merge Heap Roots: 0.2ms
[2021-11-13T16:34:56.388-0800][gc,phases   ] GC(610)   Evacuate Collection Set: 13.5ms
[2021-11-13T16:34:56.388-0800][gc,phases   ] GC(610)   Post Evacuate Collection Set: 0.4ms
[2021-11-13T16:34:56.388-0800][gc,phases   ] GC(610)   Other: 0.6ms
[2021-11-13T16:34:56.388-0800][gc,heap     ] GC(610) Eden regions: 46->0(114)
[2021-11-13T16:34:56.388-0800][gc,heap     ] GC(610) Survivor regions: 5->4(7)
[2021-11-13T16:34:56.388-0800][gc,heap     ] GC(610) Old regions: 78->80
[2021-11-13T16:34:56.388-0800][gc,heap     ] GC(610) Archive regions: 2->2
[2021-11-13T16:34:56.388-0800][gc,heap     ] GC(610) Humongous regions: 129->129
[2021-11-13T16:34:56.388-0800][gc,metaspace] GC(610) Metaspace: 41288K(42048K)->41288K(42048K) NonClass: 36504K(36928K)->36504K(36928K) Class: 4784K(5120K)->4784K(5120K)
[2021-11-13T16:34:56.388-0800][gc          ] GC(610) Pause Young (Normal) (G1 Evacuation Pause) 258M->212M(1024M) 15.242ms
[2021-11-13T16:34:56.388-0800][gc,cpu      ] GC(610) User=0.02s Sys=0.01s Real=0.01s
[2021-11-13T16:35:15.231-0800][gc,start    ] GC(611) Pause Young (Normal) (G1 Evacuation Pause)
[2021-11-13T16:35:15.231-0800][gc,task     ] GC(611) Using 8 workers of 8 for evacuation
[2021-11-13T16:35:15.256-0800][gc,mmu      ] GC(611) MMU target violated: 21.0ms (20.0ms/21.0ms)
[2021-11-13T16:35:15.256-0800][gc,phases   ] GC(611)   Pre Evacuate Collection Set: 0.7ms
[2021-11-13T16:35:15.256-0800][gc,phases   ] GC(611)   Merge Heap Roots: 0.2ms
[2021-11-13T16:35:15.256-0800][gc,phases   ] GC(611)   Evacuate Collection Set: 22.1ms
[2021-11-13T16:35:15.256-0800][gc,phases   ] GC(611)   Post Evacuate Collection Set: 1.5ms
[2021-11-13T16:35:15.256-0800][gc,phases   ] GC(611)   Other: 0.8ms
[2021-11-13T16:35:15.256-0800][gc,heap     ] GC(611) Eden regions: 49->0(122)
[2021-11-13T16:35:15.256-0800][gc,heap     ] GC(611) Survivor regions: 4->4(7)
[2021-11-13T16:35:15.256-0800][gc,heap     ] GC(611) Old regions: 80->80
[2021-11-13T16:35:15.256-0800][gc,heap     ] GC(611) Archive regions: 2->2
[2021-11-13T16:35:15.256-0800][gc,heap     ] GC(611) Humongous regions: 129->129
[2021-11-13T16:35:15.256-0800][gc,metaspace] GC(611) Metaspace: 41288K(42048K)->41288K(42048K) NonClass: 36504K(36928K)->36504K(36928K) Class: 4784K(5120K)->4784K(5120K)
[2021-11-13T16:35:15.256-0800][gc          ] GC(611) Pause Young (Normal) (G1 Evacuation Pause) 261M->212M(1024M) 25.483ms
[2021-11-13T16:35:15.256-0800][gc,cpu      ] GC(611) User=0.03s Sys=0.03s Real=0.02s
[2021-11-13T16:36:02.776-0800][gc,start    ] GC(612) Pause Young (Normal) (G1 Evacuation Pause)
[2021-11-13T16:36:02.777-0800][gc,task     ] GC(612) Using 8 workers of 8 for evacuation
[2021-11-13T16:36:02.840-0800][gc,mmu      ] GC(612) MMU target violated: 21.0ms (20.0ms/21.0ms)
[2021-11-13T16:36:02.840-0800][gc,phases   ] GC(612)   Pre Evacuate Collection Set: 7.0ms
[2021-11-13T16:36:02.840-0800][gc,phases   ] GC(612)   Merge Heap Roots: 0.4ms
[2021-11-13T16:36:02.840-0800][gc,phases   ] GC(612)   Evacuate Collection Set: 54.4ms
[2021-11-13T16:36:02.840-0800][gc,phases   ] GC(612)   Post Evacuate Collection Set: 1.6ms
[2021-11-13T16:36:02.840-0800][gc,phases   ] GC(612)   Other: 0.8ms
[2021-11-13T16:36:02.840-0800][gc,heap     ] GC(612) Eden regions: 122->0(45)
[2021-11-13T16:36:02.840-0800][gc,heap     ] GC(612) Survivor regions: 4->6(16)
[2021-11-13T16:36:02.840-0800][gc,heap     ] GC(612) Old regions: 80->80
[2021-11-13T16:36:02.840-0800][gc,heap     ] GC(612) Archive regions: 2->2
[2021-11-13T16:36:02.840-0800][gc,heap     ] GC(612) Humongous regions: 129->129
[2021-11-13T16:36:02.840-0800][gc,metaspace] GC(612) Metaspace: 41288K(42048K)->41288K(42048K) NonClass: 36504K(36928K)->36504K(36928K) Class: 4784K(5120K)->4784K(5120K)
[2021-11-13T16:36:02.841-0800][gc          ] GC(612) Pause Young (Normal) (G1 Evacuation Pause) 334M->214M(1024M) 64.273ms
[2021-11-13T16:36:02.841-0800][gc,cpu      ] GC(612) User=0.04s Sys=0.07s Real=0.07s
[2021-11-13T16:36:20.280-0800][gc,start    ] GC(613) Pause Young (Normal) (G1 Evacuation Pause)
[2021-11-13T16:36:20.280-0800][gc,task     ] GC(613) Using 8 workers of 8 for evacuation
[2021-11-13T16:36:20.319-0800][gc,mmu      ] GC(613) MMU target violated: 21.0ms (20.0ms/21.0ms)
[2021-11-13T16:36:20.319-0800][gc,phases   ] GC(613)   Pre Evacuate Collection Set: 0.9ms
[2021-11-13T16:36:20.320-0800][gc,phases   ] GC(613)   Merge Heap Roots: 0.3ms
[2021-11-13T16:36:20.320-0800][gc,phases   ] GC(613)   Evacuate Collection Set: 34.0ms
[2021-11-13T16:36:20.320-0800][gc,phases   ] GC(613)   Post Evacuate Collection Set: 3.2ms
[2021-11-13T16:36:20.320-0800][gc,phases   ] GC(613)   Other: 1.4ms
[2021-11-13T16:36:20.320-0800][gc,heap     ] GC(613) Eden regions: 45->0(47)
[2021-11-13T16:36:20.320-0800][gc,heap     ] GC(613) Survivor regions: 6->4(7)
[2021-11-13T16:36:20.320-0800][gc,heap     ] GC(613) Old regions: 80->82
[2021-11-13T16:36:20.320-0800][gc,heap     ] GC(613) Archive regions: 2->2
[2021-11-13T16:36:20.320-0800][gc,heap     ] GC(613) Humongous regions: 129->129
[2021-11-13T16:36:20.320-0800][gc,metaspace] GC(613) Metaspace: 41288K(42048K)->41288K(42048K) NonClass: 36504K(36928K)->36504K(36928K) Class: 4784K(5120K)->4784K(5120K)
[2021-11-13T16:36:20.320-0800][gc          ] GC(613) Pause Young (Normal) (G1 Evacuation Pause) 259M->214M(1024M) 40.123ms
[2021-11-13T16:36:20.320-0800][gc,cpu      ] GC(613) User=0.03s Sys=0.05s Real=0.04s
[2021-11-13T16:36:38.402-0800][gc,start    ] GC(614) Pause Young (Normal) (G1 Evacuation Pause)
[2021-11-13T16:36:38.402-0800][gc,task     ] GC(614) Using 8 workers of 8 for evacuation
[2021-11-13T16:36:38.425-0800][gc,mmu      ] GC(614) MMU target violated: 21.0ms (20.0ms/21.0ms)
[2021-11-13T16:36:38.425-0800][gc,phases   ] GC(614)   Pre Evacuate Collection Set: 1.0ms
[2021-11-13T16:36:38.425-0800][gc,phases   ] GC(614)   Merge Heap Roots: 0.3ms
[2021-11-13T16:36:38.425-0800][gc,phases   ] GC(614)   Evacuate Collection Set: 19.5ms
[2021-11-13T16:36:38.425-0800][gc,phases   ] GC(614)   Post Evacuate Collection Set: 1.3ms
[2021-11-13T16:36:38.425-0800][gc,phases   ] GC(614)   Other: 1.8ms
[2021-11-13T16:36:38.425-0800][gc,heap     ] GC(614) Eden regions: 47->0(47)
[2021-11-13T16:36:38.425-0800][gc,heap     ] GC(614) Survivor regions: 4->4(7)
[2021-11-13T16:36:38.425-0800][gc,heap     ] GC(614) Old regions: 82->82
[2021-11-13T16:36:38.425-0800][gc,heap     ] GC(614) Archive regions: 2->2
[2021-11-13T16:36:38.425-0800][gc,heap     ] GC(614) Humongous regions: 129->129
[2021-11-13T16:36:38.425-0800][gc,metaspace] GC(614) Metaspace: 41288K(42048K)->41288K(42048K) NonClass: 36504K(36928K)->36504K(36928K) Class: 4784K(5120K)->4784K(5120K)
[2021-11-13T16:36:38.425-0800][gc          ] GC(614) Pause Young (Normal) (G1 Evacuation Pause) 261M->214M(1024M) 23.329ms
[2021-11-13T16:36:38.425-0800][gc,cpu      ] GC(614) User=0.03s Sys=0.02s Real=0.02s
[2021-11-13T16:36:56.607-0800][gc,start    ] GC(615) Pause Young (Normal) (G1 Evacuation Pause)
[2021-11-13T16:36:56.608-0800][gc,task     ] GC(615) Using 8 workers of 8 for evacuation
[2021-11-13T16:36:56.646-0800][gc,mmu      ] GC(615) MMU target violated: 21.0ms (20.0ms/21.0ms)
[2021-11-13T16:36:56.646-0800][gc,phases   ] GC(615)   Pre Evacuate Collection Set: 0.9ms
[2021-11-13T16:36:56.646-0800][gc,phases   ] GC(615)   Merge Heap Roots: 0.2ms
[2021-11-13T16:36:56.646-0800][gc,phases   ] GC(615)   Evacuate Collection Set: 28.6ms
[2021-11-13T16:36:56.646-0800][gc,phases   ] GC(615)   Post Evacuate Collection Set: 8.0ms
[2021-11-13T16:36:56.646-0800][gc,phases   ] GC(615)   Other: 1.5ms
[2021-11-13T16:36:56.646-0800][gc,heap     ] GC(615) Eden regions: 47->0(46)
[2021-11-13T16:36:56.646-0800][gc,heap     ] GC(615) Survivor regions: 4->5(7)
[2021-11-13T16:36:56.646-0800][gc,heap     ] GC(615) Old regions: 82->82
[2021-11-13T16:36:56.646-0800][gc,heap     ] GC(615) Archive regions: 2->2
[2021-11-13T16:36:56.646-0800][gc,heap     ] GC(615) Humongous regions: 129->129
[2021-11-13T16:36:56.646-0800][gc,metaspace] GC(615) Metaspace: 41288K(42048K)->41288K(42048K) NonClass: 36504K(36928K)->36504K(36928K) Class: 4784K(5120K)->4784K(5120K)
[2021-11-13T16:36:56.646-0800][gc          ] GC(615) Pause Young (Normal) (G1 Evacuation Pause) 261M->216M(1024M) 39.401ms
[2021-11-13T16:36:56.646-0800][gc,cpu      ] GC(615) User=0.04s Sys=0.03s Real=0.04s
[2021-11-13T16:37:14.407-0800][gc,start    ] GC(616) Pause Young (Normal) (G1 Evacuation Pause)
[2021-11-13T16:37:14.408-0800][gc,task     ] GC(616) Using 8 workers of 8 for evacuation
[2021-11-13T16:37:14.430-0800][gc,mmu      ] GC(616) MMU target violated: 21.0ms (20.0ms/21.0ms)
[2021-11-13T16:37:14.430-0800][gc,phases   ] GC(616)   Pre Evacuate Collection Set: 0.7ms
[2021-11-13T16:37:14.430-0800][gc,phases   ] GC(616)   Merge Heap Roots: 0.2ms
[2021-11-13T16:37:14.431-0800][gc,phases   ] GC(616)   Evacuate Collection Set: 19.9ms
[2021-11-13T16:37:14.431-0800][gc,phases   ] GC(616)   Post Evacuate Collection Set: 1.5ms
[2021-11-13T16:37:14.431-0800][gc,phases   ] GC(616)   Other: 0.9ms
[2021-11-13T16:37:14.431-0800][gc,heap     ] GC(616) Eden regions: 46->0(48)
[2021-11-13T16:37:14.431-0800][gc,heap     ] GC(616) Survivor regions: 5->3(7)
[2021-11-13T16:37:14.431-0800][gc,heap     ] GC(616) Old regions: 82->84
[2021-11-13T16:37:14.431-0800][gc,heap     ] GC(616) Archive regions: 2->2
[2021-11-13T16:37:14.431-0800][gc,heap     ] GC(616) Humongous regions: 129->129
[2021-11-13T16:37:14.431-0800][gc,metaspace] GC(616) Metaspace: 41288K(42048K)->41288K(42048K) NonClass: 36504K(36928K)->36504K(36928K) Class: 4784K(5120K)->4784K(5120K)
[2021-11-13T16:37:14.431-0800][gc          ] GC(616) Pause Young (Normal) (G1 Evacuation Pause) 262M->215M(1024M) 23.283ms
[2021-11-13T16:37:14.431-0800][gc,cpu      ] GC(616) User=0.03s Sys=0.02s Real=0.03s
[2021-11-13T16:37:33.013-0800][gc,start    ] GC(617) Pause Young (Normal) (G1 Evacuation Pause)
[2021-11-13T16:37:33.014-0800][gc,task     ] GC(617) Using 8 workers of 8 for evacuation
[2021-11-13T16:37:33.037-0800][gc,mmu      ] GC(617) MMU target violated: 21.0ms (20.0ms/21.0ms)
[2021-11-13T16:37:33.038-0800][gc,phases   ] GC(617)   Pre Evacuate Collection Set: 0.8ms
[2021-11-13T16:37:33.038-0800][gc,phases   ] GC(617)   Merge Heap Roots: 0.3ms
[2021-11-13T16:37:33.038-0800][gc,phases   ] GC(617)   Evacuate Collection Set: 20.9ms
[2021-11-13T16:37:33.038-0800][gc,phases   ] GC(617)   Post Evacuate Collection Set: 1.8ms
[2021-11-13T16:37:33.038-0800][gc,phases   ] GC(617)   Other: 1.0ms
[2021-11-13T16:37:33.038-0800][gc,heap     ] GC(617) Eden regions: 48->0(92)
[2021-11-13T16:37:33.038-0800][gc,heap     ] GC(617) Survivor regions: 3->3(7)
[2021-11-13T16:37:33.038-0800][gc,heap     ] GC(617) Old regions: 84->84
[2021-11-13T16:37:33.038-0800][gc,heap     ] GC(617) Archive regions: 2->2
[2021-11-13T16:37:33.038-0800][gc,heap     ] GC(617) Humongous regions: 129->129
[2021-11-13T16:37:33.038-0800][gc,metaspace] GC(617) Metaspace: 41288K(42048K)->41288K(42048K) NonClass: 36504K(36928K)->36504K(36928K) Class: 4784K(5120K)->4784K(5120K)
[2021-11-13T16:37:33.038-0800][gc          ] GC(617) Pause Young (Normal) (G1 Evacuation Pause) 263M->215M(1024M) 24.933ms
[2021-11-13T16:37:33.038-0800][gc,cpu      ] GC(617) User=0.03s Sys=0.03s Real=0.02s
[2021-11-13T16:38:08.726-0800][gc,start    ] GC(618) Pause Young (Normal) (G1 Evacuation Pause)
[2021-11-13T16:38:08.726-0800][gc,task     ] GC(618) Using 8 workers of 8 for evacuation
[2021-11-13T16:38:08.758-0800][gc,mmu      ] GC(618) MMU target violated: 21.0ms (20.0ms/21.0ms)
[2021-11-13T16:38:08.758-0800][gc,phases   ] GC(618)   Pre Evacuate Collection Set: 8.5ms
[2021-11-13T16:38:08.758-0800][gc,phases   ] GC(618)   Merge Heap Roots: 0.4ms
[2021-11-13T16:38:08.758-0800][gc,phases   ] GC(618)   Evacuate Collection Set: 19.3ms
[2021-11-13T16:38:08.758-0800][gc,phases   ] GC(618)   Post Evacuate Collection Set: 2.7ms
[2021-11-13T16:38:08.758-0800][gc,phases   ] GC(618)   Other: 1.4ms
[2021-11-13T16:38:08.758-0800][gc,heap     ] GC(618) Eden regions: 92->0(47)
[2021-11-13T16:38:08.758-0800][gc,heap     ] GC(618) Survivor regions: 3->4(12)
[2021-11-13T16:38:08.758-0800][gc,heap     ] GC(618) Old regions: 84->84
[2021-11-13T16:38:08.758-0800][gc,heap     ] GC(618) Archive regions: 2->2
[2021-11-13T16:38:08.758-0800][gc,heap     ] GC(618) Humongous regions: 129->129
[2021-11-13T16:38:08.758-0800][gc,metaspace] GC(618) Metaspace: 41288K(42048K)->41288K(42048K) NonClass: 36504K(36928K)->36504K(36928K) Class: 4784K(5120K)->4784K(5120K)
[2021-11-13T16:38:08.758-0800][gc          ] GC(618) Pause Young (Normal) (G1 Evacuation Pause) 307M->217M(1024M) 32.244ms
[2021-11-13T16:38:08.758-0800][gc,cpu      ] GC(618) User=0.03s Sys=0.02s Real=0.03s
[2021-11-13T16:38:26.952-0800][gc,start    ] GC(619) Pause Young (Normal) (G1 Evacuation Pause)
[2021-11-13T16:38:26.970-0800][gc,task     ] GC(619) Using 8 workers of 8 for evacuation
[2021-11-13T16:38:27.006-0800][gc,mmu      ] GC(619) MMU target violated: 21.0ms (20.0ms/21.0ms)
[2021-11-13T16:38:27.006-0800][gc,phases   ] GC(619)   Pre Evacuate Collection Set: 0.7ms
[2021-11-13T16:38:27.006-0800][gc,phases   ] GC(619)   Merge Heap Roots: 0.2ms
[2021-11-13T16:38:27.006-0800][gc,phases   ] GC(619)   Evacuate Collection Set: 33.5ms
[2021-11-13T16:38:27.006-0800][gc,phases   ] GC(619)   Post Evacuate Collection Set: 1.4ms
[2021-11-13T16:38:27.006-0800][gc,phases   ] GC(619)   Other: 18.1ms
[2021-11-13T16:38:27.006-0800][gc,heap     ] GC(619) Eden regions: 47->0(47)
[2021-11-13T16:38:27.006-0800][gc,heap     ] GC(619) Survivor regions: 4->4(7)
[2021-11-13T16:38:27.006-0800][gc,heap     ] GC(619) Old regions: 84->84
[2021-11-13T16:38:27.006-0800][gc,heap     ] GC(619) Archive regions: 2->2
[2021-11-13T16:38:27.006-0800][gc,heap     ] GC(619) Humongous regions: 129->129
[2021-11-13T16:38:27.006-0800][gc,metaspace] GC(619) Metaspace: 41288K(42048K)->41288K(42048K) NonClass: 36504K(36928K)->36504K(36928K) Class: 4784K(5120K)->4784K(5120K)
[2021-11-13T16:38:27.007-0800][gc          ] GC(619) Pause Young (Normal) (G1 Evacuation Pause) 264M->217M(1024M) 53.993ms
[2021-11-13T16:38:27.007-0800][gc,cpu      ] GC(619) User=0.03s Sys=0.05s Real=0.05s
[2021-11-13T16:38:45.345-0800][gc,start    ] GC(620) Pause Young (Normal) (G1 Evacuation Pause)
[2021-11-13T16:38:45.360-0800][gc,task     ] GC(620) Using 8 workers of 8 for evacuation
[2021-11-13T16:38:45.503-0800][gc,mmu      ] GC(620) MMU target violated: 21.0ms (20.0ms/21.0ms)
[2021-11-13T16:38:45.503-0800][gc,phases   ] GC(620)   Pre Evacuate Collection Set: 2.4ms
[2021-11-13T16:38:45.503-0800][gc,phases   ] GC(620)   Merge Heap Roots: 0.5ms
[2021-11-13T16:38:45.503-0800][gc,phases   ] GC(620)   Evacuate Collection Set: 130.7ms
[2021-11-13T16:38:45.503-0800][gc,phases   ] GC(620)   Post Evacuate Collection Set: 8.5ms
[2021-11-13T16:38:45.503-0800][gc,phases   ] GC(620)   Other: 15.8ms
[2021-11-13T16:38:45.503-0800][gc,heap     ] GC(620) Eden regions: 47->0(45)
[2021-11-13T16:38:45.503-0800][gc,heap     ] GC(620) Survivor regions: 4->6(7)
[2021-11-13T16:38:45.503-0800][gc,heap     ] GC(620) Old regions: 84->84
[2021-11-13T16:38:45.503-0800][gc,heap     ] GC(620) Archive regions: 2->2
[2021-11-13T16:38:45.504-0800][gc,heap     ] GC(620) Humongous regions: 129->129
[2021-11-13T16:38:45.504-0800][gc,metaspace] GC(620) Metaspace: 41288K(42048K)->41288K(42048K) NonClass: 36504K(36928K)->36504K(36928K) Class: 4784K(5120K)->4784K(5120K)
[2021-11-13T16:38:45.504-0800][gc          ] GC(620) Pause Young (Normal) (G1 Evacuation Pause) 264M->218M(1024M) 158.738ms
[2021-11-13T16:38:45.504-0800][gc,cpu      ] GC(620) User=0.04s Sys=0.08s Real=0.16s
[2021-11-13T16:39:02.921-0800][gc,start    ] GC(621) Pause Young (Normal) (G1 Evacuation Pause)
[2021-11-13T16:39:02.922-0800][gc,task     ] GC(621) Using 8 workers of 8 for evacuation
[2021-11-13T16:39:02.977-0800][gc,mmu      ] GC(621) MMU target violated: 21.0ms (20.0ms/21.0ms)
[2021-11-13T16:39:02.978-0800][gc,phases   ] GC(621)   Pre Evacuate Collection Set: 0.7ms
[2021-11-13T16:39:02.978-0800][gc,phases   ] GC(621)   Merge Heap Roots: 0.3ms
[2021-11-13T16:39:02.978-0800][gc,phases   ] GC(621)   Evacuate Collection Set: 53.0ms
[2021-11-13T16:39:02.978-0800][gc,phases   ] GC(621)   Post Evacuate Collection Set: 1.6ms
[2021-11-13T16:39:02.978-0800][gc,phases   ] GC(621)   Other: 1.0ms
[2021-11-13T16:39:02.978-0800][gc,heap     ] GC(621) Eden regions: 45->0(47)
[2021-11-13T16:39:02.978-0800][gc,heap     ] GC(621) Survivor regions: 6->4(7)
[2021-11-13T16:39:02.978-0800][gc,heap     ] GC(621) Old regions: 84->85
[2021-11-13T16:39:02.978-0800][gc,heap     ] GC(621) Archive regions: 2->2
[2021-11-13T16:39:02.978-0800][gc,heap     ] GC(621) Humongous regions: 129->129
[2021-11-13T16:39:02.978-0800][gc,metaspace] GC(621) Metaspace: 41288K(42048K)->41288K(42048K) NonClass: 36504K(36928K)->36504K(36928K) Class: 4784K(5120K)->4784K(5120K)
[2021-11-13T16:39:02.978-0800][gc          ] GC(621) Pause Young (Normal) (G1 Evacuation Pause) 263M->218M(1024M) 56.600ms
[2021-11-13T16:39:02.978-0800][gc,cpu      ] GC(621) User=0.04s Sys=0.06s Real=0.05s
[2021-11-13T16:39:21.346-0800][gc,start    ] GC(622) Pause Young (Normal) (G1 Evacuation Pause)
[2021-11-13T16:39:21.347-0800][gc,task     ] GC(622) Using 8 workers of 8 for evacuation
[2021-11-13T16:39:21.378-0800][gc,mmu      ] GC(622) MMU target violated: 21.0ms (20.0ms/21.0ms)
[2021-11-13T16:39:21.378-0800][gc,phases   ] GC(622)   Pre Evacuate Collection Set: 0.8ms
[2021-11-13T16:39:21.378-0800][gc,phases   ] GC(622)   Merge Heap Roots: 0.3ms
[2021-11-13T16:39:21.378-0800][gc,phases   ] GC(622)   Evacuate Collection Set: 28.5ms
[2021-11-13T16:39:21.378-0800][gc,phases   ] GC(622)   Post Evacuate Collection Set: 1.3ms
[2021-11-13T16:39:21.378-0800][gc,phases   ] GC(622)   Other: 0.9ms
[2021-11-13T16:39:21.378-0800][gc,heap     ] GC(622) Eden regions: 47->0(46)
[2021-11-13T16:39:21.378-0800][gc,heap     ] GC(622) Survivor regions: 4->5(7)
[2021-11-13T16:39:21.378-0800][gc,heap     ] GC(622) Old regions: 85->85
[2021-11-13T16:39:21.378-0800][gc,heap     ] GC(622) Archive regions: 2->2
[2021-11-13T16:39:21.378-0800][gc,heap     ] GC(622) Humongous regions: 129->129
[2021-11-13T16:39:21.378-0800][gc,metaspace] GC(622) Metaspace: 41288K(42048K)->41288K(42048K) NonClass: 36504K(36928K)->36504K(36928K) Class: 4784K(5120K)->4784K(5120K)
[2021-11-13T16:39:21.378-0800][gc          ] GC(622) Pause Young (Normal) (G1 Evacuation Pause) 265M->219M(1024M) 32.078ms
[2021-11-13T16:39:21.378-0800][gc,cpu      ] GC(622) User=0.03s Sys=0.03s Real=0.03s
[2021-11-13T16:39:39.111-0800][gc,start    ] GC(623) Pause Young (Normal) (G1 Evacuation Pause)
[2021-11-13T16:39:39.112-0800][gc,task     ] GC(623) Using 8 workers of 8 for evacuation
[2021-11-13T16:39:39.133-0800][gc,mmu      ] GC(623) MMU target violated: 20.2ms (20.0ms/21.0ms)
[2021-11-13T16:39:39.133-0800][gc,phases   ] GC(623)   Pre Evacuate Collection Set: 0.8ms
[2021-11-13T16:39:39.133-0800][gc,phases   ] GC(623)   Merge Heap Roots: 0.3ms
[2021-11-13T16:39:39.133-0800][gc,phases   ] GC(623)   Evacuate Collection Set: 17.8ms
[2021-11-13T16:39:39.133-0800][gc,phases   ] GC(623)   Post Evacuate Collection Set: 1.5ms
[2021-11-13T16:39:39.133-0800][gc,phases   ] GC(623)   Other: 1.3ms
[2021-11-13T16:39:39.133-0800][gc,heap     ] GC(623) Eden regions: 46->0(47)
[2021-11-13T16:39:39.133-0800][gc,heap     ] GC(623) Survivor regions: 5->4(7)
[2021-11-13T16:39:39.133-0800][gc,heap     ] GC(623) Old regions: 85->87
[2021-11-13T16:39:39.133-0800][gc,heap     ] GC(623) Archive regions: 2->2
[2021-11-13T16:39:39.133-0800][gc,heap     ] GC(623) Humongous regions: 129->129
[2021-11-13T16:39:39.133-0800][gc,metaspace] GC(623) Metaspace: 41288K(42048K)->41288K(42048K) NonClass: 36504K(36928K)->36504K(36928K) Class: 4784K(5120K)->4784K(5120K)
[2021-11-13T16:39:39.133-0800][gc          ] GC(623) Pause Young (Normal) (G1 Evacuation Pause) 265M->219M(1024M) 21.640ms
[2021-11-13T16:39:39.133-0800][gc,cpu      ] GC(623) User=0.03s Sys=0.02s Real=0.02s
[2021-11-13T16:39:57.270-0800][gc,start    ] GC(624) Pause Young (Normal) (G1 Evacuation Pause)
[2021-11-13T16:39:57.271-0800][gc,task     ] GC(624) Using 8 workers of 8 for evacuation
[2021-11-13T16:39:57.285-0800][gc,phases   ] GC(624)   Pre Evacuate Collection Set: 0.2ms
[2021-11-13T16:39:57.285-0800][gc,phases   ] GC(624)   Merge Heap Roots: 0.2ms
[2021-11-13T16:39:57.285-0800][gc,phases   ] GC(624)   Evacuate Collection Set: 12.4ms
[2021-11-13T16:39:57.285-0800][gc,phases   ] GC(624)   Post Evacuate Collection Set: 0.4ms
[2021-11-13T16:39:57.285-0800][gc,phases   ] GC(624)   Other: 1.1ms
[2021-11-13T16:39:57.285-0800][gc,heap     ] GC(624) Eden regions: 47->0(47)
[2021-11-13T16:39:57.285-0800][gc,heap     ] GC(624) Survivor regions: 4->4(7)
[2021-11-13T16:39:57.285-0800][gc,heap     ] GC(624) Old regions: 87->87
[2021-11-13T16:39:57.285-0800][gc,heap     ] GC(624) Archive regions: 2->2
[2021-11-13T16:39:57.285-0800][gc,heap     ] GC(624) Humongous regions: 129->129
[2021-11-13T16:39:57.285-0800][gc,metaspace] GC(624) Metaspace: 41288K(42048K)->41288K(42048K) NonClass: 36504K(36928K)->36504K(36928K) Class: 4784K(5120K)->4784K(5120K)
[2021-11-13T16:39:57.285-0800][gc          ] GC(624) Pause Young (Normal) (G1 Evacuation Pause) 266M->219M(1024M) 14.463ms
[2021-11-13T16:39:57.285-0800][gc,cpu      ] GC(624) User=0.03s Sys=0.01s Real=0.01s
[2021-11-13T16:40:15.483-0800][gc,start    ] GC(625) Pause Young (Normal) (G1 Evacuation Pause)
[2021-11-13T16:40:15.483-0800][gc,task     ] GC(625) Using 8 workers of 8 for evacuation
[2021-11-13T16:40:15.517-0800][gc,mmu      ] GC(625) MMU target violated: 21.0ms (20.0ms/21.0ms)
[2021-11-13T16:40:15.517-0800][gc,phases   ] GC(625)   Pre Evacuate Collection Set: 0.9ms
[2021-11-13T16:40:15.517-0800][gc,phases   ] GC(625)   Merge Heap Roots: 0.2ms
[2021-11-13T16:40:15.517-0800][gc,phases   ] GC(625)   Evacuate Collection Set: 31.1ms
[2021-11-13T16:40:15.517-0800][gc,phases   ] GC(625)   Post Evacuate Collection Set: 1.3ms
[2021-11-13T16:40:15.517-0800][gc,phases   ] GC(625)   Other: 0.9ms
[2021-11-13T16:40:15.517-0800][gc,heap     ] GC(625) Eden regions: 47->0(46)
[2021-11-13T16:40:15.517-0800][gc,heap     ] GC(625) Survivor regions: 4->5(7)
[2021-11-13T16:40:15.517-0800][gc,heap     ] GC(625) Old regions: 87->87
[2021-11-13T16:40:15.517-0800][gc,heap     ] GC(625) Archive regions: 2->2
[2021-11-13T16:40:15.517-0800][gc,heap     ] GC(625) Humongous regions: 129->129
[2021-11-13T16:40:15.517-0800][gc,metaspace] GC(625) Metaspace: 41288K(42048K)->41288K(42048K) NonClass: 36504K(36928K)->36504K(36928K) Class: 4784K(5120K)->4784K(5120K)
[2021-11-13T16:40:15.517-0800][gc          ] GC(625) Pause Young (Normal) (G1 Evacuation Pause) 266M->221M(1024M) 34.558ms
[2021-11-13T16:40:15.517-0800][gc,cpu      ] GC(625) User=0.03s Sys=0.03s Real=0.03s
[2021-11-13T16:40:33.263-0800][gc,start    ] GC(626) Pause Young (Normal) (G1 Evacuation Pause)
[2021-11-13T16:40:33.264-0800][gc,task     ] GC(626) Using 8 workers of 8 for evacuation
[2021-11-13T16:40:33.292-0800][gc,mmu      ] GC(626) MMU target violated: 21.0ms (20.0ms/21.0ms)
[2021-11-13T16:40:33.292-0800][gc,phases   ] GC(626)   Pre Evacuate Collection Set: 0.9ms
[2021-11-13T16:40:33.292-0800][gc,phases   ] GC(626)   Merge Heap Roots: 0.2ms
[2021-11-13T16:40:33.292-0800][gc,phases   ] GC(626)   Evacuate Collection Set: 25.5ms
[2021-11-13T16:40:33.292-0800][gc,phases   ] GC(626)   Post Evacuate Collection Set: 1.1ms
[2021-11-13T16:40:33.292-0800][gc,phases   ] GC(626)   Other: 0.8ms
[2021-11-13T16:40:33.292-0800][gc,heap     ] GC(626) Eden regions: 46->0(47)
[2021-11-13T16:40:33.292-0800][gc,heap     ] GC(626) Survivor regions: 5->4(7)
[2021-11-13T16:40:33.292-0800][gc,heap     ] GC(626) Old regions: 87->88
[2021-11-13T16:40:33.292-0800][gc,heap     ] GC(626) Archive regions: 2->2
[2021-11-13T16:40:33.292-0800][gc,heap     ] GC(626) Humongous regions: 129->129
[2021-11-13T16:40:33.292-0800][gc,metaspace] GC(626) Metaspace: 41288K(42048K)->41288K(42048K) NonClass: 36504K(36928K)->36504K(36928K) Class: 4784K(5120K)->4784K(5120K)
[2021-11-13T16:40:33.292-0800][gc          ] GC(626) Pause Young (Normal) (G1 Evacuation Pause) 267M->221M(1024M) 28.495ms
[2021-11-13T16:40:33.292-0800][gc,cpu      ] GC(626) User=0.03s Sys=0.03s Real=0.03s
[2021-11-13T16:40:51.413-0800][gc,start    ] GC(627) Pause Young (Normal) (G1 Evacuation Pause)
[2021-11-13T16:40:51.414-0800][gc,task     ] GC(627) Using 8 workers of 8 for evacuation
[2021-11-13T16:40:51.424-0800][gc,phases   ] GC(627)   Pre Evacuate Collection Set: 0.3ms
[2021-11-13T16:40:51.424-0800][gc,phases   ] GC(627)   Merge Heap Roots: 0.2ms
[2021-11-13T16:40:51.424-0800][gc,phases   ] GC(627)   Evacuate Collection Set: 8.8ms
[2021-11-13T16:40:51.424-0800][gc,phases   ] GC(627)   Post Evacuate Collection Set: 0.4ms
[2021-11-13T16:40:51.424-0800][gc,phases   ] GC(627)   Other: 1.1ms
[2021-11-13T16:40:51.424-0800][gc,heap     ] GC(627) Eden regions: 47->0(58)
[2021-11-13T16:40:51.424-0800][gc,heap     ] GC(627) Survivor regions: 4->4(7)
[2021-11-13T16:40:51.424-0800][gc,heap     ] GC(627) Old regions: 88->88
[2021-11-13T16:40:51.424-0800][gc,heap     ] GC(627) Archive regions: 2->2
[2021-11-13T16:40:51.424-0800][gc,heap     ] GC(627) Humongous regions: 129->129
[2021-11-13T16:40:51.424-0800][gc,metaspace] GC(627) Metaspace: 41288K(42048K)->41288K(42048K) NonClass: 36504K(36928K)->36504K(36928K) Class: 4784K(5120K)->4784K(5120K)
[2021-11-13T16:40:51.424-0800][gc          ] GC(627) Pause Young (Normal) (G1 Evacuation Pause) 268M->220M(1024M) 10.927ms
[2021-11-13T16:40:51.424-0800][gc,cpu      ] GC(627) User=0.03s Sys=0.01s Real=0.01s
[2021-11-13T16:41:13.636-0800][gc,start    ] GC(628) Pause Young (Normal) (G1 Evacuation Pause)
[2021-11-13T16:41:13.636-0800][gc,task     ] GC(628) Using 8 workers of 8 for evacuation
[2021-11-13T16:41:13.666-0800][gc,mmu      ] GC(628) MMU target violated: 21.0ms (20.0ms/21.0ms)
[2021-11-13T16:41:13.667-0800][gc,phases   ] GC(628)   Pre Evacuate Collection Set: 0.7ms
[2021-11-13T16:41:13.667-0800][gc,phases   ] GC(628)   Merge Heap Roots: 0.2ms
[2021-11-13T16:41:13.667-0800][gc,phases   ] GC(628)   Evacuate Collection Set: 27.8ms
[2021-11-13T16:41:13.667-0800][gc,phases   ] GC(628)   Post Evacuate Collection Set: 1.4ms
[2021-11-13T16:41:13.667-0800][gc,phases   ] GC(628)   Other: 0.8ms
[2021-11-13T16:41:13.667-0800][gc,heap     ] GC(628) Eden regions: 58->0(46)
[2021-11-13T16:41:13.667-0800][gc,heap     ] GC(628) Survivor regions: 4->5(8)
[2021-11-13T16:41:13.667-0800][gc,heap     ] GC(628) Old regions: 88->88
[2021-11-13T16:41:13.667-0800][gc,heap     ] GC(628) Archive regions: 2->2
[2021-11-13T16:41:13.667-0800][gc,heap     ] GC(628) Humongous regions: 129->129
[2021-11-13T16:41:13.667-0800][gc,metaspace] GC(628) Metaspace: 41288K(42048K)->41288K(42048K) NonClass: 36504K(36928K)->36504K(36928K) Class: 4784K(5120K)->4784K(5120K)
[2021-11-13T16:41:13.667-0800][gc          ] GC(628) Pause Young (Normal) (G1 Evacuation Pause) 278M->222M(1024M) 31.053ms
[2021-11-13T16:41:13.667-0800][gc,cpu      ] GC(628) User=0.03s Sys=0.03s Real=0.03s
[2021-11-13T16:41:31.377-0800][gc,start    ] GC(629) Pause Young (Normal) (G1 Evacuation Pause)
[2021-11-13T16:41:31.378-0800][gc,task     ] GC(629) Using 8 workers of 8 for evacuation
[2021-11-13T16:41:31.403-0800][gc,mmu      ] GC(629) MMU target violated: 21.0ms (20.0ms/21.0ms)
[2021-11-13T16:41:31.404-0800][gc,phases   ] GC(629)   Pre Evacuate Collection Set: 0.8ms
[2021-11-13T16:41:31.404-0800][gc,phases   ] GC(629)   Merge Heap Roots: 0.2ms
[2021-11-13T16:41:31.404-0800][gc,phases   ] GC(629)   Evacuate Collection Set: 22.7ms
[2021-11-13T16:41:31.404-0800][gc,phases   ] GC(629)   Post Evacuate Collection Set: 1.3ms
[2021-11-13T16:41:31.404-0800][gc,phases   ] GC(629)   Other: 1.6ms
[2021-11-13T16:41:31.404-0800][gc,heap     ] GC(629) Eden regions: 46->0(83)
[2021-11-13T16:41:31.404-0800][gc,heap     ] GC(629) Survivor regions: 5->4(7)
[2021-11-13T16:41:31.404-0800][gc,heap     ] GC(629) Old regions: 88->89
[2021-11-13T16:41:31.404-0800][gc,heap     ] GC(629) Archive regions: 2->2
[2021-11-13T16:41:31.404-0800][gc,heap     ] GC(629) Humongous regions: 129->129
[2021-11-13T16:41:31.404-0800][gc,metaspace] GC(629) Metaspace: 41288K(42048K)->41288K(42048K) NonClass: 36504K(36928K)->36504K(36928K) Class: 4784K(5120K)->4784K(5120K)
[2021-11-13T16:41:31.404-0800][gc          ] GC(629) Pause Young (Normal) (G1 Evacuation Pause) 268M->222M(1024M) 26.723ms
[2021-11-13T16:41:31.404-0800][gc,cpu      ] GC(629) User=0.03s Sys=0.03s Real=0.03s
[2021-11-13T16:41:49.317-0800][gc,start    ] GC(630) Pause Young (Normal) (G1 Evacuation Pause)
[2021-11-13T16:41:49.318-0800][gc,task     ] GC(630) Using 8 workers of 8 for evacuation
[2021-11-13T16:41:49.352-0800][gc,mmu      ] GC(630) MMU target violated: 21.0ms (20.0ms/21.0ms)
[2021-11-13T16:41:49.352-0800][gc,phases   ] GC(630)   Pre Evacuate Collection Set: 0.7ms
[2021-11-13T16:41:49.353-0800][gc,phases   ] GC(630)   Merge Heap Roots: 0.2ms
[2021-11-13T16:41:49.353-0800][gc,phases   ] GC(630)   Evacuate Collection Set: 32.1ms
[2021-11-13T16:41:49.353-0800][gc,phases   ] GC(630)   Post Evacuate Collection Set: 1.6ms
[2021-11-13T16:41:49.353-0800][gc,phases   ] GC(630)   Other: 0.6ms
[2021-11-13T16:41:49.353-0800][gc,heap     ] GC(630) Eden regions: 47->0(46)
[2021-11-13T16:41:49.353-0800][gc,heap     ] GC(630) Survivor regions: 4->5(7)
[2021-11-13T16:41:49.353-0800][gc,heap     ] GC(630) Old regions: 89->89
[2021-11-13T16:41:49.353-0800][gc,heap     ] GC(630) Archive regions: 2->2
[2021-11-13T16:41:49.353-0800][gc,heap     ] GC(630) Humongous regions: 129->129
[2021-11-13T16:41:49.353-0800][gc,metaspace] GC(630) Metaspace: 41288K(42048K)->41288K(42048K) NonClass: 36504K(36928K)->36504K(36928K) Class: 4784K(5120K)->4784K(5120K)
[2021-11-13T16:41:49.353-0800][gc          ] GC(630) Pause Young (Normal) (G1 Evacuation Pause) 269M->223M(1024M) 35.285ms
[2021-11-13T16:41:49.353-0800][gc,cpu      ] GC(630) User=0.04s Sys=0.03s Real=0.04s
[2021-11-13T16:42:07.242-0800][gc,start    ] GC(631) Pause Young (Normal) (G1 Evacuation Pause)
[2021-11-13T16:42:07.243-0800][gc,task     ] GC(631) Using 8 workers of 8 for evacuation
[2021-11-13T16:42:07.278-0800][gc,mmu      ] GC(631) MMU target violated: 21.0ms (20.0ms/21.0ms)
[2021-11-13T16:42:07.278-0800][gc,phases   ] GC(631)   Pre Evacuate Collection Set: 0.7ms
[2021-11-13T16:42:07.278-0800][gc,phases   ] GC(631)   Merge Heap Roots: 0.3ms
[2021-11-13T16:42:07.278-0800][gc,phases   ] GC(631)   Evacuate Collection Set: 32.6ms
[2021-11-13T16:42:07.278-0800][gc,phases   ] GC(631)   Post Evacuate Collection Set: 1.5ms
[2021-11-13T16:42:07.278-0800][gc,phases   ] GC(631)   Other: 1.4ms
[2021-11-13T16:42:07.278-0800][gc,heap     ] GC(631) Eden regions: 46->0(47)
[2021-11-13T16:42:07.278-0800][gc,heap     ] GC(631) Survivor regions: 5->4(7)
[2021-11-13T16:42:07.278-0800][gc,heap     ] GC(631) Old regions: 89->90
[2021-11-13T16:42:07.278-0800][gc,heap     ] GC(631) Archive regions: 2->2
[2021-11-13T16:42:07.278-0800][gc,heap     ] GC(631) Humongous regions: 129->129
[2021-11-13T16:42:07.278-0800][gc,metaspace] GC(631) Metaspace: 41288K(42048K)->41288K(42048K) NonClass: 36504K(36928K)->36504K(36928K) Class: 4784K(5120K)->4784K(5120K)
[2021-11-13T16:42:07.278-0800][gc          ] GC(631) Pause Young (Normal) (G1 Evacuation Pause) 269M->223M(1024M) 36.630ms
[2021-11-13T16:42:07.278-0800][gc,cpu      ] GC(631) User=0.04s Sys=0.05s Real=0.03s
[2021-11-13T16:42:25.613-0800][gc,start    ] GC(632) Pause Young (Normal) (G1 Evacuation Pause)
[2021-11-13T16:42:25.614-0800][gc,task     ] GC(632) Using 8 workers of 8 for evacuation
[2021-11-13T16:42:25.637-0800][gc,mmu      ] GC(632) MMU target violated: 21.0ms (20.0ms/21.0ms)
[2021-11-13T16:42:25.637-0800][gc,phases   ] GC(632)   Pre Evacuate Collection Set: 1.0ms
[2021-11-13T16:42:25.637-0800][gc,phases   ] GC(632)   Merge Heap Roots: 0.2ms
[2021-11-13T16:42:25.637-0800][gc,phases   ] GC(632)   Evacuate Collection Set: 20.6ms
[2021-11-13T16:42:25.637-0800][gc,phases   ] GC(632)   Post Evacuate Collection Set: 1.2ms
[2021-11-13T16:42:25.637-0800][gc,phases   ] GC(632)   Other: 1.5ms
[2021-11-13T16:42:25.637-0800][gc,heap     ] GC(632) Eden regions: 47->0(55)
[2021-11-13T16:42:25.637-0800][gc,heap     ] GC(632) Survivor regions: 4->4(7)
[2021-11-13T16:42:25.637-0800][gc,heap     ] GC(632) Old regions: 90->90
[2021-11-13T16:42:25.637-0800][gc,heap     ] GC(632) Archive regions: 2->2
[2021-11-13T16:42:25.637-0800][gc,heap     ] GC(632) Humongous regions: 129->129
[2021-11-13T16:42:25.637-0800][gc,metaspace] GC(632) Metaspace: 41288K(42048K)->41288K(42048K) NonClass: 36504K(36928K)->36504K(36928K) Class: 4784K(5120K)->4784K(5120K)
[2021-11-13T16:42:25.637-0800][gc          ] GC(632) Pause Young (Normal) (G1 Evacuation Pause) 270M->223M(1024M) 24.619ms
[2021-11-13T16:42:25.637-0800][gc,cpu      ] GC(632) User=0.02s Sys=0.02s Real=0.02s
[2021-11-13T16:42:46.846-0800][gc,start    ] GC(633) Pause Young (Normal) (G1 Evacuation Pause)
[2021-11-13T16:42:46.847-0800][gc,task     ] GC(633) Using 8 workers of 8 for evacuation
[2021-11-13T16:42:46.878-0800][gc,mmu      ] GC(633) MMU target violated: 21.0ms (20.0ms/21.0ms)
[2021-11-13T16:42:46.878-0800][gc,phases   ] GC(633)   Pre Evacuate Collection Set: 0.9ms
[2021-11-13T16:42:46.878-0800][gc,phases   ] GC(633)   Merge Heap Roots: 0.3ms
[2021-11-13T16:42:46.878-0800][gc,phases   ] GC(633)   Evacuate Collection Set: 28.1ms
[2021-11-13T16:42:46.878-0800][gc,phases   ] GC(633)   Post Evacuate Collection Set: 1.5ms
[2021-11-13T16:42:46.879-0800][gc,phases   ] GC(633)   Other: 1.4ms
[2021-11-13T16:42:46.879-0800][gc,heap     ] GC(633) Eden regions: 55->0(46)
[2021-11-13T16:42:46.879-0800][gc,heap     ] GC(633) Survivor regions: 4->5(8)
[2021-11-13T16:42:46.879-0800][gc,heap     ] GC(633) Old regions: 90->90
[2021-11-13T16:42:46.879-0800][gc,heap     ] GC(633) Archive regions: 2->2
[2021-11-13T16:42:46.879-0800][gc,heap     ] GC(633) Humongous regions: 129->129
[2021-11-13T16:42:46.879-0800][gc,metaspace] GC(633) Metaspace: 41288K(42048K)->41288K(42048K) NonClass: 36504K(36928K)->36504K(36928K) Class: 4784K(5120K)->4784K(5120K)
[2021-11-13T16:42:46.879-0800][gc          ] GC(633) Pause Young (Normal) (G1 Evacuation Pause) 278M->224M(1024M) 32.457ms
[2021-11-13T16:42:46.879-0800][gc,cpu      ] GC(633) User=0.04s Sys=0.03s Real=0.03s
[2021-11-13T16:43:04.612-0800][gc,start    ] GC(634) Pause Young (Normal) (G1 Evacuation Pause)
[2021-11-13T16:43:04.612-0800][gc,task     ] GC(634) Using 8 workers of 8 for evacuation
[2021-11-13T16:43:04.628-0800][gc,phases   ] GC(634)   Pre Evacuate Collection Set: 0.2ms
[2021-11-13T16:43:04.628-0800][gc,phases   ] GC(634)   Merge Heap Roots: 0.2ms
[2021-11-13T16:43:04.628-0800][gc,phases   ] GC(634)   Evacuate Collection Set: 14.1ms
[2021-11-13T16:43:04.628-0800][gc,phases   ] GC(634)   Post Evacuate Collection Set: 0.6ms
[2021-11-13T16:43:04.628-0800][gc,phases   ] GC(634)   Other: 0.5ms
[2021-11-13T16:43:04.628-0800][gc,heap     ] GC(634) Eden regions: 46->0(139)
[2021-11-13T16:43:04.628-0800][gc,heap     ] GC(634) Survivor regions: 5->4(7)
[2021-11-13T16:43:04.628-0800][gc,heap     ] GC(634) Old regions: 90->91
[2021-11-13T16:43:04.628-0800][gc,heap     ] GC(634) Archive regions: 2->2
[2021-11-13T16:43:04.628-0800][gc,heap     ] GC(634) Humongous regions: 129->129
[2021-11-13T16:43:04.628-0800][gc,metaspace] GC(634) Metaspace: 41288K(42048K)->41288K(42048K) NonClass: 36504K(36928K)->36504K(36928K) Class: 4784K(5120K)->4784K(5120K)
[2021-11-13T16:43:04.628-0800][gc          ] GC(634) Pause Young (Normal) (G1 Evacuation Pause) 270M->224M(1024M) 15.945ms
[2021-11-13T16:43:04.628-0800][gc,cpu      ] GC(634) User=0.03s Sys=0.01s Real=0.01s
[2021-11-13T16:43:32.389-0800][gc,start    ] GC(635) Pause Young (Normal) (G1 Evacuation Pause)
[2021-11-13T16:43:32.390-0800][gc,task     ] GC(635) Using 8 workers of 8 for evacuation
[2021-11-13T16:43:32.418-0800][gc,mmu      ] GC(635) MMU target violated: 21.0ms (20.0ms/21.0ms)
[2021-11-13T16:43:32.418-0800][gc,phases   ] GC(635)   Pre Evacuate Collection Set: 0.9ms
[2021-11-13T16:43:32.418-0800][gc,phases   ] GC(635)   Merge Heap Roots: 0.4ms
[2021-11-13T16:43:32.418-0800][gc,phases   ] GC(635)   Evacuate Collection Set: 25.1ms
[2021-11-13T16:43:32.418-0800][gc,phases   ] GC(635)   Post Evacuate Collection Set: 1.4ms
[2021-11-13T16:43:32.418-0800][gc,phases   ] GC(635)   Other: 0.9ms
[2021-11-13T16:43:32.418-0800][gc,heap     ] GC(635) Eden regions: 72->0(49)
[2021-11-13T16:43:32.418-0800][gc,heap     ] GC(635) Survivor regions: 4->5(10)
[2021-11-13T16:43:32.418-0800][gc,heap     ] GC(635) Old regions: 91->91
[2021-11-13T16:43:32.418-0800][gc,heap     ] GC(635) Archive regions: 2->2
[2021-11-13T16:43:32.418-0800][gc,heap     ] GC(635) Humongous regions: 129->129
[2021-11-13T16:43:32.418-0800][gc,metaspace] GC(635) Metaspace: 41288K(42048K)->41288K(42048K) NonClass: 36504K(36928K)->36504K(36928K) Class: 4784K(5120K)->4784K(5120K)
[2021-11-13T16:43:32.418-0800][gc          ] GC(635) Pause Young (Normal) (G1 Evacuation Pause) 296M->225M(1024M) 28.871ms
[2021-11-13T16:43:32.418-0800][gc,cpu      ] GC(635) User=0.03s Sys=0.03s Real=0.03s
[2021-11-13T16:43:51.313-0800][gc,start    ] GC(636) Pause Young (Normal) (G1 Evacuation Pause)
[2021-11-13T16:43:51.314-0800][gc,task     ] GC(636) Using 8 workers of 8 for evacuation
[2021-11-13T16:43:51.326-0800][gc,phases   ] GC(636)   Pre Evacuate Collection Set: 0.5ms
[2021-11-13T16:43:51.326-0800][gc,phases   ] GC(636)   Merge Heap Roots: 0.2ms
[2021-11-13T16:43:51.326-0800][gc,phases   ] GC(636)   Evacuate Collection Set: 10.7ms
[2021-11-13T16:43:51.326-0800][gc,phases   ] GC(636)   Post Evacuate Collection Set: 0.6ms
[2021-11-13T16:43:51.326-0800][gc,phases   ] GC(636)   Other: 1.3ms
[2021-11-13T16:43:51.326-0800][gc,heap     ] GC(636) Eden regions: 49->0(214)
[2021-11-13T16:43:51.326-0800][gc,heap     ] GC(636) Survivor regions: 5->4(7)
[2021-11-13T16:43:51.326-0800][gc,heap     ] GC(636) Old regions: 91->93
[2021-11-13T16:43:51.326-0800][gc,heap     ] GC(636) Archive regions: 2->2
[2021-11-13T16:43:51.326-0800][gc,heap     ] GC(636) Humongous regions: 129->129
[2021-11-13T16:43:51.326-0800][gc,metaspace] GC(636) Metaspace: 41288K(42048K)->41288K(42048K) NonClass: 36504K(36928K)->36504K(36928K) Class: 4784K(5120K)->4784K(5120K)
[2021-11-13T16:43:51.326-0800][gc          ] GC(636) Pause Young (Normal) (G1 Evacuation Pause) 274M->226M(1024M) 13.287ms
[2021-11-13T16:43:51.326-0800][gc,cpu      ] GC(636) User=0.03s Sys=0.01s Real=0.01s
[2021-11-13T16:44:40.311-0800][gc,start    ] GC(637) Pause Young (Normal) (G1 Evacuation Pause)
[2021-11-13T16:44:40.312-0800][gc,task     ] GC(637) Using 8 workers of 8 for evacuation
[2021-11-13T16:44:40.340-0800][gc,mmu      ] GC(637) MMU target violated: 21.0ms (20.0ms/21.0ms)
[2021-11-13T16:44:40.340-0800][gc,phases   ] GC(637)   Pre Evacuate Collection Set: 0.7ms
[2021-11-13T16:44:40.340-0800][gc,phases   ] GC(637)   Merge Heap Roots: 0.3ms
[2021-11-13T16:44:40.340-0800][gc,phases   ] GC(637)   Evacuate Collection Set: 25.5ms
[2021-11-13T16:44:40.340-0800][gc,phases   ] GC(637)   Post Evacuate Collection Set: 1.4ms
[2021-11-13T16:44:40.340-0800][gc,phases   ] GC(637)   Other: 1.3ms
[2021-11-13T16:44:40.340-0800][gc,heap     ] GC(637) Eden regions: 129->0(44)
[2021-11-13T16:44:40.340-0800][gc,heap     ] GC(637) Survivor regions: 4->7(17)
[2021-11-13T16:44:40.340-0800][gc,heap     ] GC(637) Old regions: 93->93
[2021-11-13T16:44:40.340-0800][gc,heap     ] GC(637) Archive regions: 2->2
[2021-11-13T16:44:40.340-0800][gc,heap     ] GC(637) Humongous regions: 129->129
[2021-11-13T16:44:40.340-0800][gc,metaspace] GC(637) Metaspace: 41288K(42048K)->41288K(42048K) NonClass: 36504K(36928K)->36504K(36928K) Class: 4784K(5120K)->4784K(5120K)
[2021-11-13T16:44:40.340-0800][gc          ] GC(637) Pause Young (Normal) (G1 Evacuation Pause) 355M->228M(1024M) 29.285ms
[2021-11-13T16:44:40.340-0800][gc,cpu      ] GC(637) User=0.03s Sys=0.07s Real=0.03s
[2021-11-13T16:44:57.365-0800][gc,start    ] GC(638) Pause Young (Normal) (G1 Evacuation Pause)
[2021-11-13T16:44:57.381-0800][gc,task     ] GC(638) Using 8 workers of 8 for evacuation
[2021-11-13T16:44:57.402-0800][gc,mmu      ] GC(638) MMU target violated: 20.6ms (20.0ms/21.0ms)
[2021-11-13T16:44:57.418-0800][gc,phases   ] GC(638)   Pre Evacuate Collection Set: 0.6ms
[2021-11-13T16:44:57.418-0800][gc,phases   ] GC(638)   Merge Heap Roots: 0.2ms
[2021-11-13T16:44:57.418-0800][gc,phases   ] GC(638)   Evacuate Collection Set: 19.3ms
[2021-11-13T16:44:57.418-0800][gc,phases   ] GC(638)   Post Evacuate Collection Set: 0.6ms
[2021-11-13T16:44:57.418-0800][gc,phases   ] GC(638)   Other: 32.5ms
[2021-11-13T16:44:57.418-0800][gc,heap     ] GC(638) Eden regions: 44->0(96)
[2021-11-13T16:44:57.419-0800][gc,heap     ] GC(638) Survivor regions: 7->5(7)
[2021-11-13T16:44:57.419-0800][gc,heap     ] GC(638) Old regions: 93->95
[2021-11-13T16:44:57.419-0800][gc,heap     ] GC(638) Archive regions: 2->2
[2021-11-13T16:44:57.419-0800][gc,heap     ] GC(638) Humongous regions: 129->129
[2021-11-13T16:44:57.419-0800][gc,metaspace] GC(638) Metaspace: 41288K(42048K)->41288K(42048K) NonClass: 36504K(36928K)->36504K(36928K) Class: 4784K(5120K)->4784K(5120K)
[2021-11-13T16:44:57.419-0800][gc          ] GC(638) Pause Young (Normal) (G1 Evacuation Pause) 272M->229M(1024M) 53.331ms
[2021-11-13T16:44:57.419-0800][gc,cpu      ] GC(638) User=0.04s Sys=0.02s Real=0.05s
[2021-11-13T16:45:34.816-0800][gc,start    ] GC(639) Pause Young (Normal) (G1 Evacuation Pause)
[2021-11-13T16:45:34.817-0800][gc,task     ] GC(639) Using 8 workers of 8 for evacuation
[2021-11-13T16:45:34.837-0800][gc,phases   ] GC(639)   Pre Evacuate Collection Set: 0.7ms
[2021-11-13T16:45:34.837-0800][gc,phases   ] GC(639)   Merge Heap Roots: 0.3ms
[2021-11-13T16:45:34.837-0800][gc,phases   ] GC(639)   Evacuate Collection Set: 16.7ms
[2021-11-13T16:45:34.837-0800][gc,phases   ] GC(639)   Post Evacuate Collection Set: 1.9ms
[2021-11-13T16:45:34.837-0800][gc,phases   ] GC(639)   Other: 1.3ms
[2021-11-13T16:45:34.837-0800][gc,heap     ] GC(639) Eden regions: 96->0(262)
[2021-11-13T16:45:34.837-0800][gc,heap     ] GC(639) Survivor regions: 5->4(13)
[2021-11-13T16:45:34.837-0800][gc,heap     ] GC(639) Old regions: 95->95
[2021-11-13T16:45:34.837-0800][gc,heap     ] GC(639) Archive regions: 2->2
[2021-11-13T16:45:34.837-0800][gc,heap     ] GC(639) Humongous regions: 129->129
[2021-11-13T16:45:34.837-0800][gc,metaspace] GC(639) Metaspace: 41288K(42048K)->41288K(42048K) NonClass: 36504K(36928K)->36504K(36928K) Class: 4784K(5120K)->4784K(5120K)
[2021-11-13T16:45:34.837-0800][gc          ] GC(639) Pause Young (Normal) (G1 Evacuation Pause) 325M->228M(1024M) 21.184ms
[2021-11-13T16:45:34.837-0800][gc,cpu      ] GC(639) User=0.03s Sys=0.04s Real=0.02s
[2021-11-13T16:47:16.872-0800][gc,start    ] GC(640) Pause Young (Normal) (G1 Evacuation Pause)
[2021-11-13T16:47:16.873-0800][gc,task     ] GC(640) Using 8 workers of 8 for evacuation
[2021-11-13T16:47:16.900-0800][gc,mmu      ] GC(640) MMU target violated: 21.0ms (20.0ms/21.0ms)
[2021-11-13T16:47:16.900-0800][gc,phases   ] GC(640)   Pre Evacuate Collection Set: 1.2ms
[2021-11-13T16:47:16.900-0800][gc,phases   ] GC(640)   Merge Heap Roots: 0.5ms
[2021-11-13T16:47:16.900-0800][gc,phases   ] GC(640)   Evacuate Collection Set: 22.7ms
[2021-11-13T16:47:16.900-0800][gc,phases   ] GC(640)   Post Evacuate Collection Set: 1.5ms
[2021-11-13T16:47:16.900-0800][gc,phases   ] GC(640)   Other: 1.6ms
[2021-11-13T16:47:16.900-0800][gc,heap     ] GC(640) Eden regions: 262->0(320)
[2021-11-13T16:47:16.900-0800][gc,heap     ] GC(640) Survivor regions: 4->4(34)
[2021-11-13T16:47:16.900-0800][gc,heap     ] GC(640) Old regions: 95->95
[2021-11-13T16:47:16.900-0800][gc,heap     ] GC(640) Archive regions: 2->2
[2021-11-13T16:47:16.900-0800][gc,heap     ] GC(640) Humongous regions: 129->129
[2021-11-13T16:47:16.900-0800][gc,metaspace] GC(640) Metaspace: 41288K(42048K)->41288K(42048K) NonClass: 36504K(36928K)->36504K(36928K) Class: 4784K(5120K)->4784K(5120K)
[2021-11-13T16:47:16.900-0800][gc          ] GC(640) Pause Young (Normal) (G1 Evacuation Pause) 490M->228M(1024M) 27.597ms
[2021-11-13T16:47:16.900-0800][gc,cpu      ] GC(640) User=0.03s Sys=0.06s Real=0.03s
[2021-11-13T16:49:22.081-0800][gc,start    ] GC(641) Pause Young (Normal) (G1 Evacuation Pause)
[2021-11-13T16:49:22.094-0800][gc,task     ] GC(641) Using 8 workers of 8 for evacuation
[2021-11-13T16:49:22.133-0800][gc,mmu      ] GC(641) MMU target violated: 21.0ms (20.0ms/21.0ms)
[2021-11-13T16:49:22.133-0800][gc,phases   ] GC(641)   Pre Evacuate Collection Set: 0.8ms
[2021-11-13T16:49:22.133-0800][gc,phases   ] GC(641)   Merge Heap Roots: 1.6ms
[2021-11-13T16:49:22.133-0800][gc,phases   ] GC(641)   Evacuate Collection Set: 34.7ms
[2021-11-13T16:49:22.133-0800][gc,phases   ] GC(641)   Post Evacuate Collection Set: 1.7ms
[2021-11-13T16:49:22.133-0800][gc,phases   ] GC(641)   Other: 13.2ms
[2021-11-13T16:49:22.133-0800][gc,heap     ] GC(641) Eden regions: 320->0(84)
[2021-11-13T16:49:22.133-0800][gc,heap     ] GC(641) Survivor regions: 4->4(41)
[2021-11-13T16:49:22.133-0800][gc,heap     ] GC(641) Old regions: 95->95
[2021-11-13T16:49:22.133-0800][gc,heap     ] GC(641) Archive regions: 2->2
[2021-11-13T16:49:22.133-0800][gc,heap     ] GC(641) Humongous regions: 129->129
[2021-11-13T16:49:22.133-0800][gc,metaspace] GC(641) Metaspace: 41288K(42048K)->41288K(42048K) NonClass: 36504K(36928K)->36504K(36928K) Class: 4784K(5120K)->4784K(5120K)
[2021-11-13T16:49:22.133-0800][gc          ] GC(641) Pause Young (Normal) (G1 Evacuation Pause) 548M->228M(1024M) 52.246ms
[2021-11-13T16:49:22.133-0800][gc,cpu      ] GC(641) User=0.03s Sys=0.07s Real=0.05s
[2021-11-13T16:49:54.758-0800][gc,start    ] GC(642) Pause Young (Normal) (G1 Evacuation Pause)
[2021-11-13T16:49:54.759-0800][gc,task     ] GC(642) Using 8 workers of 8 for evacuation
[2021-11-13T16:49:54.776-0800][gc,phases   ] GC(642)   Pre Evacuate Collection Set: 0.4ms
[2021-11-13T16:49:54.776-0800][gc,phases   ] GC(642)   Merge Heap Roots: 0.2ms
[2021-11-13T16:49:54.776-0800][gc,phases   ] GC(642)   Evacuate Collection Set: 16.0ms
[2021-11-13T16:49:54.776-0800][gc,phases   ] GC(642)   Post Evacuate Collection Set: 0.6ms
[2021-11-13T16:49:54.776-0800][gc,phases   ] GC(642)   Other: 1.0ms
[2021-11-13T16:49:54.776-0800][gc,heap     ] GC(642) Eden regions: 84->0(59)
[2021-11-13T16:49:54.776-0800][gc,heap     ] GC(642) Survivor regions: 4->5(11)
[2021-11-13T16:49:54.776-0800][gc,heap     ] GC(642) Old regions: 95->95
[2021-11-13T16:49:54.776-0800][gc,heap     ] GC(642) Archive regions: 2->2
[2021-11-13T16:49:54.777-0800][gc,heap     ] GC(642) Humongous regions: 129->129
[2021-11-13T16:49:54.777-0800][gc,metaspace] GC(642) Metaspace: 41288K(42048K)->41288K(42048K) NonClass: 36504K(36928K)->36504K(36928K) Class: 4784K(5120K)->4784K(5120K)
[2021-11-13T16:49:54.777-0800][gc          ] GC(642) Pause Young (Normal) (G1 Evacuation Pause) 312M->229M(1024M) 18.458ms
[2021-11-13T16:49:54.777-0800][gc,cpu      ] GC(642) User=0.03s Sys=0.01s Real=0.02s
[2021-11-13T16:50:17.602-0800][gc,start    ] GC(643) Pause Young (Normal) (G1 Evacuation Pause)
[2021-11-13T16:50:17.603-0800][gc,task     ] GC(643) Using 8 workers of 8 for evacuation
[2021-11-13T16:50:17.629-0800][gc,mmu      ] GC(643) MMU target violated: 21.0ms (20.0ms/21.0ms)
[2021-11-13T16:50:17.629-0800][gc,phases   ] GC(643)   Pre Evacuate Collection Set: 0.9ms
[2021-11-13T16:50:17.629-0800][gc,phases   ] GC(643)   Merge Heap Roots: 0.3ms
[2021-11-13T16:50:17.629-0800][gc,phases   ] GC(643)   Evacuate Collection Set: 23.3ms
[2021-11-13T16:50:17.629-0800][gc,phases   ] GC(643)   Post Evacuate Collection Set: 1.2ms
[2021-11-13T16:50:17.629-0800][gc,phases   ] GC(643)   Other: 1.4ms
[2021-11-13T16:50:17.629-0800][gc,heap     ] GC(643) Eden regions: 59->0(129)
[2021-11-13T16:50:17.629-0800][gc,heap     ] GC(643) Survivor regions: 5->4(8)
[2021-11-13T16:50:17.629-0800][gc,heap     ] GC(643) Old regions: 95->97
[2021-11-13T16:50:17.629-0800][gc,heap     ] GC(643) Archive regions: 2->2
[2021-11-13T16:50:17.629-0800][gc,heap     ] GC(643) Humongous regions: 129->129
[2021-11-13T16:50:17.629-0800][gc,metaspace] GC(643) Metaspace: 41288K(42048K)->41288K(42048K) NonClass: 36504K(36928K)->36504K(36928K) Class: 4784K(5120K)->4784K(5120K)
[2021-11-13T16:50:17.629-0800][gc          ] GC(643) Pause Young (Normal) (G1 Evacuation Pause) 288M->229M(1024M) 27.178ms
[2021-11-13T16:50:17.629-0800][gc,cpu      ] GC(643) User=0.03s Sys=0.04s Real=0.02s
[2021-11-13T16:51:07.693-0800][gc,start    ] GC(644) Pause Young (Normal) (G1 Evacuation Pause)
[2021-11-13T16:51:07.693-0800][gc,task     ] GC(644) Using 8 workers of 8 for evacuation
[2021-11-13T16:51:07.729-0800][gc,mmu      ] GC(644) MMU target violated: 21.0ms (20.0ms/21.0ms)
[2021-11-13T16:51:07.729-0800][gc,phases   ] GC(644)   Pre Evacuate Collection Set: 0.7ms
[2021-11-13T16:51:07.729-0800][gc,phases   ] GC(644)   Merge Heap Roots: 0.1ms
[2021-11-13T16:51:07.729-0800][gc,phases   ] GC(644)   Evacuate Collection Set: 32.7ms
[2021-11-13T16:51:07.729-0800][gc,phases   ] GC(644)   Post Evacuate Collection Set: 2.0ms
[2021-11-13T16:51:07.729-0800][gc,phases   ] GC(644)   Other: 0.9ms
[2021-11-13T16:51:07.729-0800][gc,heap     ] GC(644) Eden regions: 129->0(46)
[2021-11-13T16:51:07.729-0800][gc,heap     ] GC(644) Survivor regions: 4->5(17)
[2021-11-13T16:51:07.729-0800][gc,heap     ] GC(644) Old regions: 97->97
[2021-11-13T16:51:07.729-0800][gc,heap     ] GC(644) Archive regions: 2->2
[2021-11-13T16:51:07.729-0800][gc,heap     ] GC(644) Humongous regions: 129->129
[2021-11-13T16:51:07.729-0800][gc,metaspace] GC(644) Metaspace: 41288K(42048K)->41288K(42048K) NonClass: 36504K(36928K)->36504K(36928K) Class: 4784K(5120K)->4784K(5120K)
[2021-11-13T16:51:07.729-0800][gc          ] GC(644) Pause Young (Normal) (G1 Evacuation Pause) 358M->230M(1024M) 36.588ms
[2021-11-13T16:51:07.729-0800][gc,cpu      ] GC(644) User=0.03s Sys=0.04s Real=0.03s
[2021-11-13T16:51:25.507-0800][gc,start    ] GC(645) Pause Young (Normal) (G1 Evacuation Pause)
[2021-11-13T16:51:25.507-0800][gc,task     ] GC(645) Using 8 workers of 8 for evacuation
[2021-11-13T16:51:25.521-0800][gc,phases   ] GC(645)   Pre Evacuate Collection Set: 0.7ms
[2021-11-13T16:51:25.521-0800][gc,phases   ] GC(645)   Merge Heap Roots: 0.3ms
[2021-11-13T16:51:25.521-0800][gc,phases   ] GC(645)   Evacuate Collection Set: 10.5ms
[2021-11-13T16:51:25.521-0800][gc,phases   ] GC(645)   Post Evacuate Collection Set: 1.0ms
[2021-11-13T16:51:25.521-0800][gc,phases   ] GC(645)   Other: 1.1ms
[2021-11-13T16:51:25.521-0800][gc,heap     ] GC(645) Eden regions: 46->0(145)
[2021-11-13T16:51:25.521-0800][gc,heap     ] GC(645) Survivor regions: 5->4(7)
[2021-11-13T16:51:25.521-0800][gc,heap     ] GC(645) Old regions: 97->97
[2021-11-13T16:51:25.521-0800][gc,heap     ] GC(645) Archive regions: 2->2
[2021-11-13T16:51:25.521-0800][gc,heap     ] GC(645) Humongous regions: 129->129
[2021-11-13T16:51:25.521-0800][gc,metaspace] GC(645) Metaspace: 41288K(42048K)->41288K(42048K) NonClass: 36504K(36928K)->36504K(36928K) Class: 4784K(5120K)->4784K(5120K)
[2021-11-13T16:51:25.521-0800][gc          ] GC(645) Pause Young (Normal) (G1 Evacuation Pause) 276M->229M(1024M) 13.730ms
[2021-11-13T16:51:25.521-0800][gc,cpu      ] GC(645) User=0.01s Sys=0.02s Real=0.02s
[2021-11-13T16:52:21.944-0800][gc,start    ] GC(646) Pause Young (Normal) (G1 Evacuation Pause)
[2021-11-13T16:52:21.945-0800][gc,task     ] GC(646) Using 8 workers of 8 for evacuation
[2021-11-13T16:52:21.977-0800][gc,mmu      ] GC(646) MMU target violated: 21.0ms (20.0ms/21.0ms)
[2021-11-13T16:52:21.977-0800][gc,phases   ] GC(646)   Pre Evacuate Collection Set: 4.1ms
[2021-11-13T16:52:21.977-0800][gc,phases   ] GC(646)   Merge Heap Roots: 0.4ms
[2021-11-13T16:52:21.977-0800][gc,phases   ] GC(646)   Evacuate Collection Set: 23.1ms
[2021-11-13T16:52:21.977-0800][gc,phases   ] GC(646)   Post Evacuate Collection Set: 1.5ms
[2021-11-13T16:52:21.977-0800][gc,phases   ] GC(646)   Other: 4.4ms
[2021-11-13T16:52:21.977-0800][gc,heap     ] GC(646) Eden regions: 145->0(45)
[2021-11-13T16:52:21.977-0800][gc,heap     ] GC(646) Survivor regions: 4->6(19)
[2021-11-13T16:52:21.977-0800][gc,heap     ] GC(646) Old regions: 97->97
[2021-11-13T16:52:21.977-0800][gc,heap     ] GC(646) Archive regions: 2->2
[2021-11-13T16:52:21.977-0800][gc,heap     ] GC(646) Humongous regions: 129->129
[2021-11-13T16:52:21.977-0800][gc,metaspace] GC(646) Metaspace: 41288K(42048K)->41288K(42048K) NonClass: 36504K(36928K)->36504K(36928K) Class: 4784K(5120K)->4784K(5120K)
[2021-11-13T16:52:21.977-0800][gc          ] GC(646) Pause Young (Normal) (G1 Evacuation Pause) 374M->231M(1024M) 33.422ms
[2021-11-13T16:52:21.977-0800][gc,cpu      ] GC(646) User=0.04s Sys=0.04s Real=0.03s
[2021-11-13T16:52:39.298-0800][gc,start    ] GC(647) Pause Young (Normal) (G1 Evacuation Pause)
[2021-11-13T16:52:39.299-0800][gc,task     ] GC(647) Using 8 workers of 8 for evacuation
[2021-11-13T16:52:39.337-0800][gc,mmu      ] GC(647) MMU target violated: 21.0ms (20.0ms/21.0ms)
[2021-11-13T16:52:39.337-0800][gc,phases   ] GC(647)   Pre Evacuate Collection Set: 0.8ms
[2021-11-13T16:52:39.337-0800][gc,phases   ] GC(647)   Merge Heap Roots: 0.2ms
[2021-11-13T16:52:39.337-0800][gc,phases   ] GC(647)   Evacuate Collection Set: 31.1ms
[2021-11-13T16:52:39.337-0800][gc,phases   ] GC(647)   Post Evacuate Collection Set: 5.5ms
[2021-11-13T16:52:39.337-0800][gc,phases   ] GC(647)   Other: 1.2ms
[2021-11-13T16:52:39.337-0800][gc,heap     ] GC(647) Eden regions: 45->0(53)
[2021-11-13T16:52:39.337-0800][gc,heap     ] GC(647) Survivor regions: 6->3(7)
[2021-11-13T16:52:39.337-0800][gc,heap     ] GC(647) Old regions: 97->99
[2021-11-13T16:52:39.337-0800][gc,heap     ] GC(647) Archive regions: 2->2
[2021-11-13T16:52:39.337-0800][gc,heap     ] GC(647) Humongous regions: 129->129
[2021-11-13T16:52:39.337-0800][gc,metaspace] GC(647) Metaspace: 41288K(42048K)->41288K(42048K) NonClass: 36504K(36928K)->36504K(36928K) Class: 4784K(5120K)->4784K(5120K)
[2021-11-13T16:52:39.337-0800][gc          ] GC(647) Pause Young (Normal) (G1 Evacuation Pause) 276M->231M(1024M) 38.808ms
[2021-11-13T16:52:39.337-0800][gc,cpu      ] GC(647) User=0.01s Sys=0.04s Real=0.04s
[2021-11-13T16:52:57.630-0800][gc,start    ] GC(648) Pause Young (Normal) (G1 Evacuation Pause)
[2021-11-13T16:52:57.630-0800][gc,task     ] GC(648) Using 8 workers of 8 for evacuation
[2021-11-13T16:52:57.641-0800][gc,phases   ] GC(648)   Pre Evacuate Collection Set: 0.7ms
[2021-11-13T16:52:57.641-0800][gc,phases   ] GC(648)   Merge Heap Roots: 0.3ms
[2021-11-13T16:52:57.641-0800][gc,phases   ] GC(648)   Evacuate Collection Set: 8.7ms
[2021-11-13T16:52:57.641-0800][gc,phases   ] GC(648)   Post Evacuate Collection Set: 1.1ms
[2021-11-13T16:52:57.641-0800][gc,phases   ] GC(648)   Other: 0.6ms
[2021-11-13T16:52:57.641-0800][gc,heap     ] GC(648) Eden regions: 48->0(46)
[2021-11-13T16:52:57.641-0800][gc,heap     ] GC(648) Survivor regions: 3->5(7)
[2021-11-13T16:52:57.641-0800][gc,heap     ] GC(648) Old regions: 99->99
[2021-11-13T16:52:57.641-0800][gc,heap     ] GC(648) Archive regions: 2->2
[2021-11-13T16:52:57.641-0800][gc,heap     ] GC(648) Humongous regions: 129->129
[2021-11-13T16:52:57.641-0800][gc,metaspace] GC(648) Metaspace: 41288K(42048K)->41288K(42048K) NonClass: 36504K(36928K)->36504K(36928K) Class: 4784K(5120K)->4784K(5120K)
[2021-11-13T16:52:57.641-0800][gc          ] GC(648) Pause Young (Normal) (G1 Evacuation Pause) 279M->233M(1024M) 11.377ms
[2021-11-13T16:52:57.641-0800][gc,cpu      ] GC(648) User=0.02s Sys=0.02s Real=0.01s
[2021-11-13T16:53:15.469-0800][gc,start    ] GC(649) Pause Young (Normal) (G1 Evacuation Pause)
[2021-11-13T16:53:15.483-0800][gc,task     ] GC(649) Using 8 workers of 8 for evacuation
[2021-11-13T16:53:15.509-0800][gc,mmu      ] GC(649) MMU target violated: 21.0ms (20.0ms/21.0ms)
[2021-11-13T16:53:15.523-0800][gc,phases   ] GC(649)   Pre Evacuate Collection Set: 0.7ms
[2021-11-13T16:53:15.523-0800][gc,phases   ] GC(649)   Merge Heap Roots: 0.2ms
[2021-11-13T16:53:15.523-0800][gc,phases   ] GC(649)   Evacuate Collection Set: 21.7ms
[2021-11-13T16:53:15.523-0800][gc,phases   ] GC(649)   Post Evacuate Collection Set: 3.5ms
[2021-11-13T16:53:15.523-0800][gc,phases   ] GC(649)   Other: 27.7ms
[2021-11-13T16:53:15.523-0800][gc,heap     ] GC(649) Eden regions: 46->0(122)
[2021-11-13T16:53:15.523-0800][gc,heap     ] GC(649) Survivor regions: 5->3(7)
[2021-11-13T16:53:15.523-0800][gc,heap     ] GC(649) Old regions: 99->101
[2021-11-13T16:53:15.523-0800][gc,heap     ] GC(649) Archive regions: 2->2
[2021-11-13T16:53:15.523-0800][gc,heap     ] GC(649) Humongous regions: 129->129
[2021-11-13T16:53:15.523-0800][gc,metaspace] GC(649) Metaspace: 41288K(42048K)->41288K(42048K) NonClass: 36504K(36928K)->36504K(36928K) Class: 4784K(5120K)->4784K(5120K)
[2021-11-13T16:53:15.523-0800][gc          ] GC(649) Pause Young (Normal) (G1 Evacuation Pause) 279M->233M(1024M) 53.998ms
[2021-11-13T16:53:15.523-0800][gc,cpu      ] GC(649) User=0.02s Sys=0.03s Real=0.06s
[2021-11-13T16:53:48.994-0800][gc,start    ] GC(650) Pause Young (Normal) (G1 Evacuation Pause)
[2021-11-13T16:53:48.995-0800][gc,task     ] GC(650) Using 8 workers of 8 for evacuation
[2021-11-13T16:53:49.006-0800][gc,phases   ] GC(650)   Pre Evacuate Collection Set: 0.8ms
[2021-11-13T16:53:49.006-0800][gc,phases   ] GC(650)   Merge Heap Roots: 0.2ms
[2021-11-13T16:53:49.006-0800][gc,phases   ] GC(650)   Evacuate Collection Set: 8.4ms
[2021-11-13T16:53:49.006-0800][gc,phases   ] GC(650)   Post Evacuate Collection Set: 1.1ms
[2021-11-13T16:53:49.006-0800][gc,phases   ] GC(650)   Other: 0.8ms
[2021-11-13T16:53:49.006-0800][gc,heap     ] GC(650) Eden regions: 87->0(189)
[2021-11-13T16:53:49.006-0800][gc,heap     ] GC(650) Survivor regions: 3->3(12)
[2021-11-13T16:53:49.006-0800][gc,heap     ] GC(650) Old regions: 101->101
[2021-11-13T16:53:49.006-0800][gc,heap     ] GC(650) Archive regions: 2->2
[2021-11-13T16:53:49.006-0800][gc,heap     ] GC(650) Humongous regions: 129->129
[2021-11-13T16:53:49.006-0800][gc,metaspace] GC(650) Metaspace: 41288K(42048K)->41288K(42048K) NonClass: 36504K(36928K)->36504K(36928K) Class: 4784K(5120K)->4784K(5120K)
[2021-11-13T16:53:49.006-0800][gc          ] GC(650) Pause Young (Normal) (G1 Evacuation Pause) 320M->233M(1024M) 11.447ms
[2021-11-13T16:53:49.006-0800][gc,cpu      ] GC(650) User=0.02s Sys=0.02s Real=0.01s
[2021-11-13T16:55:02.494-0800][gc,start    ] GC(651) Pause Young (Normal) (G1 Evacuation Pause)
[2021-11-13T16:55:02.495-0800][gc,task     ] GC(651) Using 8 workers of 8 for evacuation
[2021-11-13T16:55:02.572-0800][gc,mmu      ] GC(651) MMU target violated: 21.0ms (20.0ms/21.0ms)
[2021-11-13T16:55:02.572-0800][gc,phases   ] GC(651)   Pre Evacuate Collection Set: 1.0ms
[2021-11-13T16:55:02.572-0800][gc,phases   ] GC(651)   Merge Heap Roots: 6.9ms
[2021-11-13T16:55:02.572-0800][gc,phases   ] GC(651)   Evacuate Collection Set: 49.1ms
[2021-11-13T16:55:02.572-0800][gc,phases   ] GC(651)   Post Evacuate Collection Set: 1.9ms
[2021-11-13T16:55:02.572-0800][gc,phases   ] GC(651)   Other: 19.3ms
[2021-11-13T16:55:02.572-0800][gc,heap     ] GC(651) Eden regions: 189->0(46)
[2021-11-13T16:55:02.572-0800][gc,heap     ] GC(651) Survivor regions: 3->5(24)
[2021-11-13T16:55:02.572-0800][gc,heap     ] GC(651) Old regions: 101->101
[2021-11-13T16:55:02.572-0800][gc,heap     ] GC(651) Archive regions: 2->2
[2021-11-13T16:55:02.573-0800][gc,heap     ] GC(651) Humongous regions: 129->129
[2021-11-13T16:55:02.573-0800][gc,metaspace] GC(651) Metaspace: 41288K(42048K)->41288K(42048K) NonClass: 36504K(36928K)->36504K(36928K) Class: 4784K(5120K)->4784K(5120K)
[2021-11-13T16:55:02.573-0800][gc          ] GC(651) Pause Young (Normal) (G1 Evacuation Pause) 422M->234M(1024M) 78.826ms
[2021-11-13T16:55:02.573-0800][gc,cpu      ] GC(651) User=0.04s Sys=0.09s Real=0.08s
[2021-11-13T16:55:20.263-0800][gc,start    ] GC(652) Pause Young (Normal) (G1 Evacuation Pause)
[2021-11-13T16:55:20.264-0800][gc,task     ] GC(652) Using 8 workers of 8 for evacuation
[2021-11-13T16:55:20.300-0800][gc,mmu      ] GC(652) MMU target violated: 21.0ms (20.0ms/21.0ms)
[2021-11-13T16:55:20.300-0800][gc,phases   ] GC(652)   Pre Evacuate Collection Set: 1.1ms
[2021-11-13T16:55:20.300-0800][gc,phases   ] GC(652)   Merge Heap Roots: 0.3ms
[2021-11-13T16:55:20.300-0800][gc,phases   ] GC(652)   Evacuate Collection Set: 30.9ms
[2021-11-13T16:55:20.300-0800][gc,phases   ] GC(652)   Post Evacuate Collection Set: 3.5ms
[2021-11-13T16:55:20.300-0800][gc,phases   ] GC(652)   Other: 1.1ms
[2021-11-13T16:55:20.300-0800][gc,heap     ] GC(652) Eden regions: 46->0(46)
[2021-11-13T16:55:20.300-0800][gc,heap     ] GC(652) Survivor regions: 5->5(7)
[2021-11-13T16:55:20.300-0800][gc,heap     ] GC(652) Old regions: 101->102
[2021-11-13T16:55:20.300-0800][gc,heap     ] GC(652) Archive regions: 2->2
[2021-11-13T16:55:20.300-0800][gc,heap     ] GC(652) Humongous regions: 129->129
[2021-11-13T16:55:20.300-0800][gc,metaspace] GC(652) Metaspace: 41288K(42048K)->41288K(42048K) NonClass: 36504K(36928K)->36504K(36928K) Class: 4784K(5120K)->4784K(5120K)
[2021-11-13T16:55:20.300-0800][gc          ] GC(652) Pause Young (Normal) (G1 Evacuation Pause) 280M->236M(1024M) 37.007ms
[2021-11-13T16:55:20.301-0800][gc,cpu      ] GC(652) User=0.04s Sys=0.03s Real=0.04s
[2021-11-13T16:55:38.064-0800][gc,start    ] GC(653) Pause Young (Normal) (G1 Evacuation Pause)
[2021-11-13T16:55:38.065-0800][gc,task     ] GC(653) Using 8 workers of 8 for evacuation
[2021-11-13T16:55:38.098-0800][gc,mmu      ] GC(653) MMU target violated: 21.0ms (20.0ms/21.0ms)
[2021-11-13T16:55:38.098-0800][gc,phases   ] GC(653)   Pre Evacuate Collection Set: 1.1ms
[2021-11-13T16:55:38.098-0800][gc,phases   ] GC(653)   Merge Heap Roots: 0.3ms
[2021-11-13T16:55:38.098-0800][gc,phases   ] GC(653)   Evacuate Collection Set: 25.5ms
[2021-11-13T16:55:38.098-0800][gc,phases   ] GC(653)   Post Evacuate Collection Set: 5.7ms
[2021-11-13T16:55:38.098-0800][gc,phases   ] GC(653)   Other: 1.5ms
[2021-11-13T16:55:38.099-0800][gc,heap     ] GC(653) Eden regions: 46->0(47)
[2021-11-13T16:55:38.099-0800][gc,heap     ] GC(653) Survivor regions: 5->4(7)
[2021-11-13T16:55:38.099-0800][gc,heap     ] GC(653) Old regions: 102->103
[2021-11-13T16:55:38.099-0800][gc,heap     ] GC(653) Archive regions: 2->2
[2021-11-13T16:55:38.099-0800][gc,heap     ] GC(653) Humongous regions: 129->129
[2021-11-13T16:55:38.099-0800][gc,metaspace] GC(653) Metaspace: 41288K(42048K)->41288K(42048K) NonClass: 36504K(36928K)->36504K(36928K) Class: 4784K(5120K)->4784K(5120K)
[2021-11-13T16:55:38.099-0800][gc          ] GC(653) Pause Young (Normal) (G1 Evacuation Pause) 282M->236M(1024M) 34.805ms
[2021-11-13T16:55:38.099-0800][gc,cpu      ] GC(653) User=0.03s Sys=0.03s Real=0.03s
[2021-11-13T16:55:56.244-0800][gc,start    ] GC(654) Pause Young (Normal) (G1 Evacuation Pause)
[2021-11-13T16:55:56.244-0800][gc,task     ] GC(654) Using 8 workers of 8 for evacuation
[2021-11-13T16:55:56.282-0800][gc,mmu      ] GC(654) MMU target violated: 21.0ms (20.0ms/21.0ms)
[2021-11-13T16:55:56.282-0800][gc,phases   ] GC(654)   Pre Evacuate Collection Set: 1.3ms
[2021-11-13T16:55:56.282-0800][gc,phases   ] GC(654)   Merge Heap Roots: 0.6ms
[2021-11-13T16:55:56.282-0800][gc,phases   ] GC(654)   Evacuate Collection Set: 34.4ms
[2021-11-13T16:55:56.282-0800][gc,phases   ] GC(654)   Post Evacuate Collection Set: 1.2ms
[2021-11-13T16:55:56.282-0800][gc,phases   ] GC(654)   Other: 1.0ms
[2021-11-13T16:55:56.282-0800][gc,heap     ] GC(654) Eden regions: 47->0(46)
[2021-11-13T16:55:56.282-0800][gc,heap     ] GC(654) Survivor regions: 4->5(7)
[2021-11-13T16:55:56.282-0800][gc,heap     ] GC(654) Old regions: 103->103
[2021-11-13T16:55:56.282-0800][gc,heap     ] GC(654) Archive regions: 2->2
[2021-11-13T16:55:56.282-0800][gc,heap     ] GC(654) Humongous regions: 129->129
[2021-11-13T16:55:56.282-0800][gc,metaspace] GC(654) Metaspace: 41288K(42048K)->41288K(42048K) NonClass: 36504K(36928K)->36504K(36928K) Class: 4784K(5120K)->4784K(5120K)
[2021-11-13T16:55:56.282-0800][gc          ] GC(654) Pause Young (Normal) (G1 Evacuation Pause) 283M->237M(1024M) 38.733ms
[2021-11-13T16:55:56.282-0800][gc,cpu      ] GC(654) User=0.04s Sys=0.04s Real=0.04s
[2021-11-13T16:56:14.069-0800][gc,start    ] GC(655) Pause Young (Normal) (G1 Evacuation Pause)
[2021-11-13T16:56:14.070-0800][gc,task     ] GC(655) Using 8 workers of 8 for evacuation
[2021-11-13T16:56:14.106-0800][gc,mmu      ] GC(655) MMU target violated: 21.0ms (20.0ms/21.0ms)
[2021-11-13T16:56:14.106-0800][gc,phases   ] GC(655)   Pre Evacuate Collection Set: 9.1ms
[2021-11-13T16:56:14.106-0800][gc,phases   ] GC(655)   Merge Heap Roots: 0.4ms
[2021-11-13T16:56:14.106-0800][gc,phases   ] GC(655)   Evacuate Collection Set: 24.5ms
[2021-11-13T16:56:14.106-0800][gc,phases   ] GC(655)   Post Evacuate Collection Set: 1.3ms
[2021-11-13T16:56:14.106-0800][gc,phases   ] GC(655)   Other: 1.4ms
[2021-11-13T16:56:14.106-0800][gc,heap     ] GC(655) Eden regions: 46->0(47)
[2021-11-13T16:56:14.106-0800][gc,heap     ] GC(655) Survivor regions: 5->4(7)
[2021-11-13T16:56:14.106-0800][gc,heap     ] GC(655) Old regions: 103->105
[2021-11-13T16:56:14.106-0800][gc,heap     ] GC(655) Archive regions: 2->2
[2021-11-13T16:56:14.106-0800][gc,heap     ] GC(655) Humongous regions: 129->129
[2021-11-13T16:56:14.106-0800][gc,metaspace] GC(655) Metaspace: 41288K(42048K)->41288K(42048K) NonClass: 36504K(36928K)->36504K(36928K) Class: 4784K(5120K)->4784K(5120K)
[2021-11-13T16:56:14.106-0800][gc          ] GC(655) Pause Young (Normal) (G1 Evacuation Pause) 283M->237M(1024M) 36.834ms
[2021-11-13T16:56:14.106-0800][gc,cpu      ] GC(655) User=0.04s Sys=0.03s Real=0.04s
[2021-11-13T16:56:32.368-0800][gc,start    ] GC(656) Pause Young (Normal) (G1 Evacuation Pause)
[2021-11-13T16:56:32.369-0800][gc,task     ] GC(656) Using 8 workers of 8 for evacuation
[2021-11-13T16:56:32.387-0800][gc,phases   ] GC(656)   Pre Evacuate Collection Set: 0.9ms
[2021-11-13T16:56:32.387-0800][gc,phases   ] GC(656)   Merge Heap Roots: 0.3ms
[2021-11-13T16:56:32.387-0800][gc,phases   ] GC(656)   Evacuate Collection Set: 15.1ms
[2021-11-13T16:56:32.387-0800][gc,phases   ] GC(656)   Post Evacuate Collection Set: 1.4ms
[2021-11-13T16:56:32.387-0800][gc,phases   ] GC(656)   Other: 1.3ms
[2021-11-13T16:56:32.387-0800][gc,heap     ] GC(656) Eden regions: 47->0(48)
[2021-11-13T16:56:32.387-0800][gc,heap     ] GC(656) Survivor regions: 4->3(7)
[2021-11-13T16:56:32.387-0800][gc,heap     ] GC(656) Old regions: 105->105
[2021-11-13T16:56:32.387-0800][gc,heap     ] GC(656) Archive regions: 2->2
[2021-11-13T16:56:32.387-0800][gc,heap     ] GC(656) Humongous regions: 129->129
[2021-11-13T16:56:32.387-0800][gc,metaspace] GC(656) Metaspace: 41288K(42048K)->41288K(42048K) NonClass: 36504K(36928K)->36504K(36928K) Class: 4784K(5120K)->4784K(5120K)
[2021-11-13T16:56:32.387-0800][gc          ] GC(656) Pause Young (Normal) (G1 Evacuation Pause) 284M->237M(1024M) 19.198ms
[2021-11-13T16:56:32.387-0800][gc,cpu      ] GC(656) User=0.03s Sys=0.02s Real=0.02s
[2021-11-13T16:56:50.695-0800][gc,start    ] GC(657) Pause Young (Normal) (G1 Evacuation Pause)
[2021-11-13T16:56:50.695-0800][gc,task     ] GC(657) Using 8 workers of 8 for evacuation
[2021-11-13T16:56:50.705-0800][gc,phases   ] GC(657)   Pre Evacuate Collection Set: 0.2ms
[2021-11-13T16:56:50.705-0800][gc,phases   ] GC(657)   Merge Heap Roots: 0.2ms
[2021-11-13T16:56:50.705-0800][gc,phases   ] GC(657)   Evacuate Collection Set: 8.5ms
[2021-11-13T16:56:50.705-0800][gc,phases   ] GC(657)   Post Evacuate Collection Set: 0.4ms
[2021-11-13T16:56:50.705-0800][gc,phases   ] GC(657)   Other: 0.5ms
[2021-11-13T16:56:50.705-0800][gc,heap     ] GC(657) Eden regions: 48->0(58)
[2021-11-13T16:56:50.705-0800][gc,heap     ] GC(657) Survivor regions: 3->4(7)
[2021-11-13T16:56:50.705-0800][gc,heap     ] GC(657) Old regions: 105->105
[2021-11-13T16:56:50.705-0800][gc,heap     ] GC(657) Archive regions: 2->2
[2021-11-13T16:56:50.705-0800][gc,heap     ] GC(657) Humongous regions: 129->129
[2021-11-13T16:56:50.705-0800][gc,metaspace] GC(657) Metaspace: 41288K(42048K)->41288K(42048K) NonClass: 36504K(36928K)->36504K(36928K) Class: 4784K(5120K)->4784K(5120K)
[2021-11-13T16:56:50.705-0800][gc          ] GC(657) Pause Young (Normal) (G1 Evacuation Pause) 285M->237M(1024M) 10.071ms
[2021-11-13T16:56:50.705-0800][gc,cpu      ] GC(657) User=0.03s Sys=0.01s Real=0.01s
[2021-11-13T16:57:13.243-0800][gc,start    ] GC(658) Pause Young (Normal) (G1 Evacuation Pause)
[2021-11-13T16:57:13.243-0800][gc,task     ] GC(658) Using 8 workers of 8 for evacuation
[2021-11-13T16:57:13.254-0800][gc,phases   ] GC(658)   Pre Evacuate Collection Set: 0.3ms
[2021-11-13T16:57:13.254-0800][gc,phases   ] GC(658)   Merge Heap Roots: 0.3ms
[2021-11-13T16:57:13.254-0800][gc,phases   ] GC(658)   Evacuate Collection Set: 10.3ms
[2021-11-13T16:57:13.254-0800][gc,phases   ] GC(658)   Post Evacuate Collection Set: 0.6ms
[2021-11-13T16:57:13.254-0800][gc,phases   ] GC(658)   Other: 0.3ms
[2021-11-13T16:57:13.254-0800][gc,heap     ] GC(658) Eden regions: 58->0(69)
[2021-11-13T16:57:13.254-0800][gc,heap     ] GC(658) Survivor regions: 4->5(8)
[2021-11-13T16:57:13.254-0800][gc,heap     ] GC(658) Old regions: 105->105
[2021-11-13T16:57:13.254-0800][gc,heap     ] GC(658) Archive regions: 2->2
[2021-11-13T16:57:13.254-0800][gc,heap     ] GC(658) Humongous regions: 129->129
[2021-11-13T16:57:13.254-0800][gc,metaspace] GC(658) Metaspace: 41288K(42048K)->41288K(42048K) NonClass: 36504K(36928K)->36504K(36928K) Class: 4784K(5120K)->4784K(5120K)
[2021-11-13T16:57:13.255-0800][gc          ] GC(658) Pause Young (Normal) (G1 Evacuation Pause) 295M->238M(1024M) 11.933ms
[2021-11-13T16:57:13.255-0800][gc,cpu      ] GC(658) User=0.03s Sys=0.00s Real=0.01s
[2021-11-13T16:57:40.292-0800][gc,start    ] GC(659) Pause Young (Normal) (G1 Evacuation Pause)
[2021-11-13T16:57:40.292-0800][gc,task     ] GC(659) Using 8 workers of 8 for evacuation
[2021-11-13T16:57:40.313-0800][gc,phases   ] GC(659)   Pre Evacuate Collection Set: 0.6ms
[2021-11-13T16:57:40.313-0800][gc,phases   ] GC(659)   Merge Heap Roots: 0.2ms
[2021-11-13T16:57:40.313-0800][gc,phases   ] GC(659)   Evacuate Collection Set: 17.9ms
[2021-11-13T16:57:40.313-0800][gc,phases   ] GC(659)   Post Evacuate Collection Set: 0.9ms
[2021-11-13T16:57:40.313-0800][gc,phases   ] GC(659)   Other: 1.3ms
[2021-11-13T16:57:40.313-0800][gc,heap     ] GC(659) Eden regions: 69->0(45)
[2021-11-13T16:57:40.313-0800][gc,heap     ] GC(659) Survivor regions: 5->6(10)
[2021-11-13T16:57:40.313-0800][gc,heap     ] GC(659) Old regions: 105->105
[2021-11-13T16:57:40.313-0800][gc,heap     ] GC(659) Archive regions: 2->2
[2021-11-13T16:57:40.313-0800][gc,heap     ] GC(659) Humongous regions: 129->129
[2021-11-13T16:57:40.313-0800][gc,metaspace] GC(659) Metaspace: 41288K(42048K)->41288K(42048K) NonClass: 36504K(36928K)->36504K(36928K) Class: 4784K(5120K)->4784K(5120K)
[2021-11-13T16:57:40.313-0800][gc          ] GC(659) Pause Young (Normal) (G1 Evacuation Pause) 307M->240M(1024M) 21.415ms
[2021-11-13T16:57:40.313-0800][gc,cpu      ] GC(659) User=0.05s Sys=0.01s Real=0.02s
[2021-11-13T16:57:57.684-0800][gc,start    ] GC(660) Pause Young (Normal) (G1 Evacuation Pause)
[2021-11-13T16:57:57.684-0800][gc,task     ] GC(660) Using 8 workers of 8 for evacuation
[2021-11-13T16:57:57.712-0800][gc,mmu      ] GC(660) MMU target violated: 21.0ms (20.0ms/21.0ms)
[2021-11-13T16:57:57.712-0800][gc,phases   ] GC(660)   Pre Evacuate Collection Set: 0.5ms
[2021-11-13T16:57:57.712-0800][gc,phases   ] GC(660)   Merge Heap Roots: 0.3ms
[2021-11-13T16:57:57.712-0800][gc,phases   ] GC(660)   Evacuate Collection Set: 26.7ms
[2021-11-13T16:57:57.712-0800][gc,phases   ] GC(660)   Post Evacuate Collection Set: 0.5ms
[2021-11-13T16:57:57.712-0800][gc,phases   ] GC(660)   Other: 0.7ms
[2021-11-13T16:57:57.712-0800][gc,heap     ] GC(660) Eden regions: 45->0(67)
[2021-11-13T16:57:57.712-0800][gc,heap     ] GC(660) Survivor regions: 6->4(7)
[2021-11-13T16:57:57.712-0800][gc,heap     ] GC(660) Old regions: 105->107
[2021-11-13T16:57:57.712-0800][gc,heap     ] GC(660) Archive regions: 2->2
[2021-11-13T16:57:57.712-0800][gc,heap     ] GC(660) Humongous regions: 129->129
[2021-11-13T16:57:57.712-0800][gc,metaspace] GC(660) Metaspace: 41288K(42048K)->41288K(42048K) NonClass: 36504K(36928K)->36504K(36928K) Class: 4784K(5120K)->4784K(5120K)
[2021-11-13T16:57:57.712-0800][gc          ] GC(660) Pause Young (Normal) (G1 Evacuation Pause) 285M->240M(1024M) 28.855ms
[2021-11-13T16:57:57.713-0800][gc,cpu      ] GC(660) User=0.04s Sys=0.01s Real=0.03s
[2021-11-13T16:58:15.846-0800][gc,start    ] GC(661) Pause Young (Normal) (G1 Evacuation Pause)
[2021-11-13T16:58:15.846-0800][gc,task     ] GC(661) Using 8 workers of 8 for evacuation
[2021-11-13T16:58:15.861-0800][gc,phases   ] GC(661)   Pre Evacuate Collection Set: 0.3ms
[2021-11-13T16:58:15.861-0800][gc,phases   ] GC(661)   Merge Heap Roots: 0.2ms
[2021-11-13T16:58:15.861-0800][gc,phases   ] GC(661)   Evacuate Collection Set: 13.5ms
[2021-11-13T16:58:15.862-0800][gc,phases   ] GC(661)   Post Evacuate Collection Set: 0.8ms
[2021-11-13T16:58:15.862-0800][gc,phases   ] GC(661)   Other: 0.6ms
[2021-11-13T16:58:15.862-0800][gc,heap     ] GC(661) Eden regions: 47->0(177)
[2021-11-13T16:58:15.862-0800][gc,heap     ] GC(661) Survivor regions: 4->4(7)
[2021-11-13T16:58:15.862-0800][gc,heap     ] GC(661) Old regions: 107->107
[2021-11-13T16:58:15.862-0800][gc,heap     ] GC(661) Archive regions: 2->2
[2021-11-13T16:58:15.862-0800][gc,heap     ] GC(661) Humongous regions: 129->129
[2021-11-13T16:58:15.862-0800][gc,metaspace] GC(661) Metaspace: 41288K(42048K)->41288K(42048K) NonClass: 36504K(36928K)->36504K(36928K) Class: 4784K(5120K)->4784K(5120K)
[2021-11-13T16:58:15.862-0800][gc          ] GC(661) Pause Young (Normal) (G1 Evacuation Pause) 287M->239M(1024M) 15.903ms
[2021-11-13T16:58:15.862-0800][gc,cpu      ] GC(661) User=0.05s Sys=0.00s Real=0.02s
[2021-11-13T16:59:25.102-0800][gc,start    ] GC(662) Pause Young (Normal) (G1 Evacuation Pause)
[2021-11-13T16:59:25.102-0800][gc,task     ] GC(662) Using 8 workers of 8 for evacuation
[2021-11-13T16:59:25.122-0800][gc,phases   ] GC(662)   Pre Evacuate Collection Set: 0.3ms
[2021-11-13T16:59:25.122-0800][gc,phases   ] GC(662)   Merge Heap Roots: 0.1ms
[2021-11-13T16:59:25.122-0800][gc,phases   ] GC(662)   Evacuate Collection Set: 18.5ms
[2021-11-13T16:59:25.122-0800][gc,phases   ] GC(662)   Post Evacuate Collection Set: 0.7ms
[2021-11-13T16:59:25.122-0800][gc,phases   ] GC(662)   Other: 0.5ms
[2021-11-13T16:59:25.122-0800][gc,heap     ] GC(662) Eden regions: 177->0(44)
[2021-11-13T16:59:25.122-0800][gc,heap     ] GC(662) Survivor regions: 4->7(23)
[2021-11-13T16:59:25.122-0800][gc,heap     ] GC(662) Old regions: 107->107
[2021-11-13T16:59:25.122-0800][gc,heap     ] GC(662) Archive regions: 2->2
[2021-11-13T16:59:25.122-0800][gc,heap     ] GC(662) Humongous regions: 129->129
[2021-11-13T16:59:25.122-0800][gc,metaspace] GC(662) Metaspace: 41288K(42048K)->41288K(42048K) NonClass: 36504K(36928K)->36504K(36928K) Class: 4784K(5120K)->4784K(5120K)
[2021-11-13T16:59:25.122-0800][gc          ] GC(662) Pause Young (Normal) (G1 Evacuation Pause) 416M->242M(1024M) 20.397ms
[2021-11-13T16:59:25.122-0800][gc,cpu      ] GC(662) User=0.06s Sys=0.02s Real=0.02s
[2021-11-13T16:59:42.240-0800][gc,start    ] GC(663) Pause Young (Normal) (G1 Evacuation Pause)
[2021-11-13T16:59:42.240-0800][gc,task     ] GC(663) Using 8 workers of 8 for evacuation
[2021-11-13T16:59:42.261-0800][gc,mmu      ] GC(663) MMU target violated: 20.5ms (20.0ms/21.0ms)
[2021-11-13T16:59:42.261-0800][gc,phases   ] GC(663)   Pre Evacuate Collection Set: 0.5ms
[2021-11-13T16:59:42.261-0800][gc,phases   ] GC(663)   Merge Heap Roots: 0.3ms
[2021-11-13T16:59:42.261-0800][gc,phases   ] GC(663)   Evacuate Collection Set: 19.1ms
[2021-11-13T16:59:42.261-0800][gc,phases   ] GC(663)   Post Evacuate Collection Set: 0.6ms
[2021-11-13T16:59:42.261-0800][gc,phases   ] GC(663)   Other: 0.7ms
[2021-11-13T16:59:42.261-0800][gc,heap     ] GC(663) Eden regions: 44->0(227)
[2021-11-13T16:59:42.261-0800][gc,heap     ] GC(663) Survivor regions: 7->4(7)
[2021-11-13T16:59:42.261-0800][gc,heap     ] GC(663) Old regions: 107->110
[2021-11-13T16:59:42.261-0800][gc,heap     ] GC(663) Archive regions: 2->2
[2021-11-13T16:59:42.261-0800][gc,heap     ] GC(663) Humongous regions: 129->129
[2021-11-13T16:59:42.261-0800][gc,metaspace] GC(663) Metaspace: 41288K(42048K)->41288K(42048K) NonClass: 36504K(36928K)->36504K(36928K) Class: 4784K(5120K)->4784K(5120K)
[2021-11-13T16:59:42.261-0800][gc          ] GC(663) Pause Young (Normal) (G1 Evacuation Pause) 286M->242M(1024M) 21.389ms
[2021-11-13T16:59:42.261-0800][gc,cpu      ] GC(663) User=0.06s Sys=0.02s Real=0.02s
[2021-11-13T17:01:05.165-0800][gc,start    ] GC(664) Pause Young (Normal) (G1 Evacuation Pause)
[2021-11-13T17:01:05.165-0800][gc,task     ] GC(664) Using 8 workers of 8 for evacuation
[2021-11-13T17:01:05.184-0800][gc,phases   ] GC(664)   Pre Evacuate Collection Set: 0.5ms
[2021-11-13T17:01:05.184-0800][gc,phases   ] GC(664)   Merge Heap Roots: 0.3ms
[2021-11-13T17:01:05.184-0800][gc,phases   ] GC(664)   Evacuate Collection Set: 17.2ms
[2021-11-13T17:01:05.184-0800][gc,phases   ] GC(664)   Post Evacuate Collection Set: 0.6ms
[2021-11-13T17:01:05.184-0800][gc,phases   ] GC(664)   Other: 0.6ms
[2021-11-13T17:01:05.185-0800][gc,heap     ] GC(664) Eden regions: 212->0(158)
[2021-11-13T17:01:05.185-0800][gc,heap     ] GC(664) Survivor regions: 4->6(27)
[2021-11-13T17:01:05.185-0800][gc,heap     ] GC(664) Old regions: 110->110
[2021-11-13T17:01:05.185-0800][gc,heap     ] GC(664) Archive regions: 2->2
[2021-11-13T17:01:05.185-0800][gc,heap     ] GC(664) Humongous regions: 129->129
[2021-11-13T17:01:05.185-0800][gc,metaspace] GC(664) Metaspace: 41288K(42048K)->41288K(42048K) NonClass: 36504K(36928K)->36504K(36928K) Class: 4784K(5120K)->4784K(5120K)
[2021-11-13T17:01:05.185-0800][gc          ] GC(664) Pause Young (Normal) (G1 Evacuation Pause) 454M->244M(1024M) 19.498ms
[2021-11-13T17:01:05.185-0800][gc,cpu      ] GC(664) User=0.05s Sys=0.01s Real=0.02s
[2021-11-13T17:02:06.937-0800][gc,start    ] GC(665) Pause Young (Normal) (G1 Evacuation Pause)
[2021-11-13T17:02:06.937-0800][gc,task     ] GC(665) Using 8 workers of 8 for evacuation
[2021-11-13T17:02:06.950-0800][gc,phases   ] GC(665)   Pre Evacuate Collection Set: 0.3ms
[2021-11-13T17:02:06.950-0800][gc,phases   ] GC(665)   Merge Heap Roots: 0.1ms
[2021-11-13T17:02:06.950-0800][gc,phases   ] GC(665)   Evacuate Collection Set: 11.4ms
[2021-11-13T17:02:06.950-0800][gc,phases   ] GC(665)   Post Evacuate Collection Set: 0.6ms
[2021-11-13T17:02:06.950-0800][gc,phases   ] GC(665)   Other: 0.3ms
[2021-11-13T17:02:06.950-0800][gc,heap     ] GC(665) Eden regions: 158->0(123)
[2021-11-13T17:02:06.950-0800][gc,heap     ] GC(665) Survivor regions: 6->8(21)
[2021-11-13T17:02:06.950-0800][gc,heap     ] GC(665) Old regions: 110->110
[2021-11-13T17:02:06.950-0800][gc,heap     ] GC(665) Archive regions: 2->2
[2021-11-13T17:02:06.950-0800][gc,heap     ] GC(665) Humongous regions: 129->129
[2021-11-13T17:02:06.950-0800][gc,metaspace] GC(665) Metaspace: 41288K(42048K)->41288K(42048K) NonClass: 36504K(36928K)->36504K(36928K) Class: 4784K(5120K)->4784K(5120K)
[2021-11-13T17:02:06.950-0800][gc          ] GC(665) Pause Young (Normal) (G1 Evacuation Pause) 402M->246M(1024M) 12.945ms
[2021-11-13T17:02:06.950-0800][gc,cpu      ] GC(665) User=0.04s Sys=0.00s Real=0.02s
[2021-11-13T17:02:54.907-0800][gc,start    ] GC(666) Pause Young (Normal) (G1 Evacuation Pause)
[2021-11-13T17:02:54.907-0800][gc,task     ] GC(666) Using 8 workers of 8 for evacuation
[2021-11-13T17:02:54.922-0800][gc,phases   ] GC(666)   Pre Evacuate Collection Set: 0.4ms
[2021-11-13T17:02:54.922-0800][gc,phases   ] GC(666)   Merge Heap Roots: 0.2ms
[2021-11-13T17:02:54.922-0800][gc,phases   ] GC(666)   Evacuate Collection Set: 14.3ms
[2021-11-13T17:02:54.922-0800][gc,phases   ] GC(666)   Post Evacuate Collection Set: 0.4ms
[2021-11-13T17:02:54.922-0800][gc,phases   ] GC(666)   Other: 0.3ms
[2021-11-13T17:02:54.922-0800][gc,heap     ] GC(666) Eden regions: 123->0(179)
[2021-11-13T17:02:54.922-0800][gc,heap     ] GC(666) Survivor regions: 8->9(17)
[2021-11-13T17:02:54.922-0800][gc,heap     ] GC(666) Old regions: 110->110
[2021-11-13T17:02:54.922-0800][gc,heap     ] GC(666) Archive regions: 2->2
[2021-11-13T17:02:54.922-0800][gc,heap     ] GC(666) Humongous regions: 129->129
[2021-11-13T17:02:54.922-0800][gc,metaspace] GC(666) Metaspace: 41288K(42048K)->41288K(42048K) NonClass: 36504K(36928K)->36504K(36928K) Class: 4784K(5120K)->4784K(5120K)
[2021-11-13T17:02:54.922-0800][gc          ] GC(666) Pause Young (Normal) (G1 Evacuation Pause) 369M->247M(1024M) 15.753ms
[2021-11-13T17:02:54.922-0800][gc,cpu      ] GC(666) User=0.06s Sys=0.00s Real=0.02s
[2021-11-13T17:04:04.774-0800][gc,start    ] GC(667) Pause Young (Normal) (G1 Evacuation Pause)
[2021-11-13T17:04:04.774-0800][gc,task     ] GC(667) Using 8 workers of 8 for evacuation
[2021-11-13T17:04:04.793-0800][gc,phases   ] GC(667)   Pre Evacuate Collection Set: 0.6ms
[2021-11-13T17:04:04.793-0800][gc,phases   ] GC(667)   Merge Heap Roots: 0.3ms
[2021-11-13T17:04:04.793-0800][gc,phases   ] GC(667)   Evacuate Collection Set: 16.9ms
[2021-11-13T17:04:04.793-0800][gc,phases   ] GC(667)   Post Evacuate Collection Set: 0.4ms
[2021-11-13T17:04:04.793-0800][gc,phases   ] GC(667)   Other: 0.4ms
[2021-11-13T17:04:04.793-0800][gc,heap     ] GC(667) Eden regions: 179->0(170)
[2021-11-13T17:04:04.793-0800][gc,heap     ] GC(667) Survivor regions: 9->11(24)
[2021-11-13T17:04:04.793-0800][gc,heap     ] GC(667) Old regions: 110->110
[2021-11-13T17:04:04.793-0800][gc,heap     ] GC(667) Archive regions: 2->2
[2021-11-13T17:04:04.793-0800][gc,heap     ] GC(667) Humongous regions: 129->129
[2021-11-13T17:04:04.793-0800][gc,metaspace] GC(667) Metaspace: 41288K(42048K)->41288K(42048K) NonClass: 36504K(36928K)->36504K(36928K) Class: 4784K(5120K)->4784K(5120K)
[2021-11-13T17:04:04.793-0800][gc          ] GC(667) Pause Young (Normal) (G1 Evacuation Pause) 426M->250M(1024M) 18.828ms
[2021-11-13T17:04:04.793-0800][gc,cpu      ] GC(667) User=0.07s Sys=0.01s Real=0.02s
[2021-11-13T17:05:10.899-0800][gc,start    ] GC(668) Pause Young (Normal) (G1 Evacuation Pause)
[2021-11-13T17:05:10.899-0800][gc,task     ] GC(668) Using 8 workers of 8 for evacuation
[2021-11-13T17:05:10.925-0800][gc,mmu      ] GC(668) MMU target violated: 21.0ms (20.0ms/21.0ms)
[2021-11-13T17:05:10.925-0800][gc,phases   ] GC(668)   Pre Evacuate Collection Set: 0.4ms
[2021-11-13T17:05:10.925-0800][gc,phases   ] GC(668)   Merge Heap Roots: 0.2ms
[2021-11-13T17:05:10.925-0800][gc,phases   ] GC(668)   Evacuate Collection Set: 24.4ms
[2021-11-13T17:05:10.925-0800][gc,phases   ] GC(668)   Post Evacuate Collection Set: 0.4ms
[2021-11-13T17:05:10.925-0800][gc,phases   ] GC(668)   Other: 0.6ms
[2021-11-13T17:05:10.925-0800][gc,heap     ] GC(668) Eden regions: 170->0(37)
[2021-11-13T17:05:10.925-0800][gc,heap     ] GC(668) Survivor regions: 11->14(23)
[2021-11-13T17:05:10.925-0800][gc,heap     ] GC(668) Old regions: 110->110
[2021-11-13T17:05:10.925-0800][gc,heap     ] GC(668) Archive regions: 2->2
[2021-11-13T17:05:10.925-0800][gc,heap     ] GC(668) Humongous regions: 129->129
[2021-11-13T17:05:10.925-0800][gc,metaspace] GC(668) Metaspace: 41288K(42048K)->41288K(42048K) NonClass: 36504K(36928K)->36504K(36928K) Class: 4784K(5120K)->4784K(5120K)
[2021-11-13T17:05:10.925-0800][gc          ] GC(668) Pause Young (Normal) (G1 Evacuation Pause) 420M->252M(1024M) 26.041ms
[2021-11-13T17:05:10.925-0800][gc,cpu      ] GC(668) User=0.08s Sys=0.01s Real=0.03s
[2021-11-13T17:05:25.191-0800][gc,start    ] GC(669) Pause Young (Normal) (G1 Evacuation Pause)
[2021-11-13T17:05:25.191-0800][gc,task     ] GC(669) Using 8 workers of 8 for evacuation
[2021-11-13T17:05:25.237-0800][gc,mmu      ] GC(669) MMU target violated: 21.0ms (20.0ms/21.0ms)
[2021-11-13T17:05:25.237-0800][gc,phases   ] GC(669)   Pre Evacuate Collection Set: 0.4ms
[2021-11-13T17:05:25.237-0800][gc,phases   ] GC(669)   Merge Heap Roots: 0.2ms
[2021-11-13T17:05:25.237-0800][gc,phases   ] GC(669)   Evacuate Collection Set: 44.4ms
[2021-11-13T17:05:25.237-0800][gc,phases   ] GC(669)   Post Evacuate Collection Set: 0.4ms
[2021-11-13T17:05:25.237-0800][gc,phases   ] GC(669)   Other: 0.6ms
[2021-11-13T17:05:25.237-0800][gc,heap     ] GC(669) Eden regions: 37->0(241)
[2021-11-13T17:05:25.237-0800][gc,heap     ] GC(669) Survivor regions: 14->5(7)
[2021-11-13T17:05:25.237-0800][gc,heap     ] GC(669) Old regions: 110->119
[2021-11-13T17:05:25.237-0800][gc,heap     ] GC(669) Archive regions: 2->2
[2021-11-13T17:05:25.237-0800][gc,heap     ] GC(669) Humongous regions: 129->129
[2021-11-13T17:05:25.237-0800][gc,metaspace] GC(669) Metaspace: 41288K(42048K)->41288K(42048K) NonClass: 36504K(36928K)->36504K(36928K) Class: 4784K(5120K)->4784K(5120K)
[2021-11-13T17:05:25.237-0800][gc          ] GC(669) Pause Young (Normal) (G1 Evacuation Pause) 289M->253M(1024M) 46.063ms
[2021-11-13T17:05:25.237-0800][gc,cpu      ] GC(669) User=0.08s Sys=0.05s Real=0.04s
[2021-11-13T17:06:59.313-0800][gc,start    ] GC(670) Pause Young (Normal) (G1 Evacuation Pause)
[2021-11-13T17:06:59.313-0800][gc,task     ] GC(670) Using 8 workers of 8 for evacuation
[2021-11-13T17:06:59.332-0800][gc,phases   ] GC(670)   Pre Evacuate Collection Set: 0.3ms
[2021-11-13T17:06:59.332-0800][gc,phases   ] GC(670)   Merge Heap Roots: 0.1ms
[2021-11-13T17:06:59.332-0800][gc,phases   ] GC(670)   Evacuate Collection Set: 17.1ms
[2021-11-13T17:06:59.332-0800][gc,phases   ] GC(670)   Post Evacuate Collection Set: 0.7ms
[2021-11-13T17:06:59.332-0800][gc,phases   ] GC(670)   Other: 0.6ms
[2021-11-13T17:06:59.332-0800][gc,heap     ] GC(670) Eden regions: 241->0(159)
[2021-11-13T17:06:59.332-0800][gc,heap     ] GC(670) Survivor regions: 5->7(31)
[2021-11-13T17:06:59.332-0800][gc,heap     ] GC(670) Old regions: 119->119
[2021-11-13T17:06:59.332-0800][gc,heap     ] GC(670) Archive regions: 2->2
[2021-11-13T17:06:59.332-0800][gc,heap     ] GC(670) Humongous regions: 129->129
[2021-11-13T17:06:59.332-0800][gc,metaspace] GC(670) Metaspace: 41306K(42048K)->41306K(42048K) NonClass: 36521K(36928K)->36521K(36928K) Class: 4784K(5120K)->4784K(5120K)
[2021-11-13T17:06:59.332-0800][gc          ] GC(670) Pause Young (Normal) (G1 Evacuation Pause) 494M->254M(1024M) 19.014ms
[2021-11-13T17:06:59.332-0800][gc,cpu      ] GC(670) User=0.05s Sys=0.01s Real=0.02s
[2021-11-13T17:08:01.400-0800][gc,start    ] GC(671) Pause Young (Normal) (G1 Evacuation Pause)
[2021-11-13T17:08:01.401-0800][gc,task     ] GC(671) Using 8 workers of 8 for evacuation
[2021-11-13T17:08:01.416-0800][gc,phases   ] GC(671)   Pre Evacuate Collection Set: 0.3ms
[2021-11-13T17:08:01.416-0800][gc,phases   ] GC(671)   Merge Heap Roots: 0.2ms
[2021-11-13T17:08:01.416-0800][gc,phases   ] GC(671)   Evacuate Collection Set: 14.7ms
[2021-11-13T17:08:01.416-0800][gc,phases   ] GC(671)   Post Evacuate Collection Set: 0.4ms
[2021-11-13T17:08:01.417-0800][gc,phases   ] GC(671)   Other: 0.4ms
[2021-11-13T17:08:01.417-0800][gc,heap     ] GC(671) Eden regions: 159->0(189)
[2021-11-13T17:08:01.417-0800][gc,heap     ] GC(671) Survivor regions: 7->8(21)
[2021-11-13T17:08:01.417-0800][gc,heap     ] GC(671) Old regions: 119->119
[2021-11-13T17:08:01.417-0800][gc,heap     ] GC(671) Archive regions: 2->2
[2021-11-13T17:08:01.417-0800][gc,heap     ] GC(671) Humongous regions: 129->129
[2021-11-13T17:08:01.417-0800][gc,metaspace] GC(671) Metaspace: 41306K(42048K)->41306K(42048K) NonClass: 36521K(36928K)->36521K(36928K) Class: 4784K(5120K)->4784K(5120K)
[2021-11-13T17:08:01.417-0800][gc          ] GC(671) Pause Young (Normal) (G1 Evacuation Pause) 413M->255M(1024M) 16.106ms
[2021-11-13T17:08:01.417-0800][gc,cpu      ] GC(671) User=0.05s Sys=0.01s Real=0.01s
[2021-11-13T17:09:15.237-0800][gc,start    ] GC(672) Pause Young (Normal) (G1 Evacuation Pause)
[2021-11-13T17:09:15.237-0800][gc,task     ] GC(672) Using 8 workers of 8 for evacuation
[2021-11-13T17:09:15.254-0800][gc,phases   ] GC(672)   Pre Evacuate Collection Set: 0.3ms
[2021-11-13T17:09:15.255-0800][gc,phases   ] GC(672)   Merge Heap Roots: 0.1ms
[2021-11-13T17:09:15.255-0800][gc,phases   ] GC(672)   Evacuate Collection Set: 16.0ms
[2021-11-13T17:09:15.255-0800][gc,phases   ] GC(672)   Post Evacuate Collection Set: 0.4ms
[2021-11-13T17:09:15.255-0800][gc,phases   ] GC(672)   Other: 0.5ms
[2021-11-13T17:09:15.255-0800][gc,heap     ] GC(672) Eden regions: 189->0(208)
[2021-11-13T17:09:15.255-0800][gc,heap     ] GC(672) Survivor regions: 8->9(25)
[2021-11-13T17:09:15.255-0800][gc,heap     ] GC(672) Old regions: 119->119
[2021-11-13T17:09:15.255-0800][gc,heap     ] GC(672) Archive regions: 2->2
[2021-11-13T17:09:15.255-0800][gc,heap     ] GC(672) Humongous regions: 129->129
[2021-11-13T17:09:15.255-0800][gc,metaspace] GC(672) Metaspace: 41306K(42048K)->41306K(42048K) NonClass: 36521K(36928K)->36521K(36928K) Class: 4784K(5120K)->4784K(5120K)
[2021-11-13T17:09:15.255-0800][gc          ] GC(672) Pause Young (Normal) (G1 Evacuation Pause) 444M->257M(1024M) 17.445ms
[2021-11-13T17:09:15.255-0800][gc,cpu      ] GC(672) User=0.06s Sys=0.01s Real=0.02s
[2021-11-13T17:10:36.733-0800][gc,start    ] GC(673) Pause Young (Normal) (G1 Evacuation Pause)
[2021-11-13T17:10:36.733-0800][gc,task     ] GC(673) Using 8 workers of 8 for evacuation
[2021-11-13T17:10:36.753-0800][gc,phases   ] GC(673)   Pre Evacuate Collection Set: 0.4ms
[2021-11-13T17:10:36.753-0800][gc,phases   ] GC(673)   Merge Heap Roots: 0.2ms
[2021-11-13T17:10:36.753-0800][gc,phases   ] GC(673)   Evacuate Collection Set: 18.1ms
[2021-11-13T17:10:36.753-0800][gc,phases   ] GC(673)   Post Evacuate Collection Set: 0.4ms
[2021-11-13T17:10:36.753-0800][gc,phases   ] GC(673)   Other: 0.6ms
[2021-11-13T17:10:36.753-0800][gc,heap     ] GC(673) Eden regions: 208->0(128)
[2021-11-13T17:10:36.753-0800][gc,heap     ] GC(673) Survivor regions: 9->12(28)
[2021-11-13T17:10:36.753-0800][gc,heap     ] GC(673) Old regions: 119->119
[2021-11-13T17:10:36.753-0800][gc,heap     ] GC(673) Archive regions: 2->2
[2021-11-13T17:10:36.753-0800][gc,heap     ] GC(673) Humongous regions: 129->129
[2021-11-13T17:10:36.753-0800][gc,metaspace] GC(673) Metaspace: 41306K(42048K)->41306K(42048K) NonClass: 36521K(36928K)->36521K(36928K) Class: 4784K(5120K)->4784K(5120K)
[2021-11-13T17:10:36.753-0800][gc          ] GC(673) Pause Young (Normal) (G1 Evacuation Pause) 465M->260M(1024M) 19.788ms
[2021-11-13T17:10:36.753-0800][gc,cpu      ] GC(673) User=0.08s Sys=0.00s Real=0.02s
[2021-11-13T17:11:26.529-0800][gc,start    ] GC(674) Pause Young (Normal) (G1 Evacuation Pause)
[2021-11-13T17:11:26.529-0800][gc,task     ] GC(674) Using 8 workers of 8 for evacuation
[2021-11-13T17:11:26.550-0800][gc,mmu      ] GC(674) MMU target violated: 20.7ms (20.0ms/21.0ms)
[2021-11-13T17:11:26.550-0800][gc,phases   ] GC(674)   Pre Evacuate Collection Set: 0.2ms
[2021-11-13T17:11:26.550-0800][gc,phases   ] GC(674)   Merge Heap Roots: 0.1ms
[2021-11-13T17:11:26.550-0800][gc,phases   ] GC(674)   Evacuate Collection Set: 19.8ms
[2021-11-13T17:11:26.550-0800][gc,phases   ] GC(674)   Post Evacuate Collection Set: 0.6ms
[2021-11-13T17:11:26.550-0800][gc,phases   ] GC(674)   Other: 0.4ms
[2021-11-13T17:11:26.550-0800][gc,heap     ] GC(674) Eden regions: 128->0(115)
[2021-11-13T17:11:26.550-0800][gc,heap     ] GC(674) Survivor regions: 12->12(18)
[2021-11-13T17:11:26.550-0800][gc,heap     ] GC(674) Old regions: 119->121
[2021-11-13T17:11:26.550-0800][gc,heap     ] GC(674) Archive regions: 2->2
[2021-11-13T17:11:26.550-0800][gc,heap     ] GC(674) Humongous regions: 129->129
[2021-11-13T17:11:26.550-0800][gc,metaspace] GC(674) Metaspace: 41306K(42048K)->41306K(42048K) NonClass: 36521K(36928K)->36521K(36928K) Class: 4784K(5120K)->4784K(5120K)
[2021-11-13T17:11:26.550-0800][gc          ] GC(674) Pause Young (Normal) (G1 Evacuation Pause) 388M->261M(1024M) 21.314ms
[2021-11-13T17:11:26.550-0800][gc,cpu      ] GC(674) User=0.06s Sys=0.01s Real=0.03s
[2021-11-13T17:12:09.012-0800][gc,start    ] GC(675) Pause Young (Normal) (G1 Evacuation Pause)
[2021-11-13T17:12:09.012-0800][gc,task     ] GC(675) Using 8 workers of 8 for evacuation
[2021-11-13T17:12:09.030-0800][gc,phases   ] GC(675)   Pre Evacuate Collection Set: 0.3ms
[2021-11-13T17:12:09.030-0800][gc,phases   ] GC(675)   Merge Heap Roots: 0.2ms
[2021-11-13T17:12:09.030-0800][gc,phases   ] GC(675)   Evacuate Collection Set: 16.3ms
[2021-11-13T17:12:09.030-0800][gc,phases   ] GC(675)   Post Evacuate Collection Set: 0.5ms
[2021-11-13T17:12:09.030-0800][gc,phases   ] GC(675)   Other: 0.5ms
[2021-11-13T17:12:09.030-0800][gc,heap     ] GC(675) Eden regions: 109->0(305)
[2021-11-13T17:12:09.030-0800][gc,heap     ] GC(675) Survivor regions: 12->9(16)
[2021-11-13T17:12:09.030-0800][gc,heap     ] GC(675) Old regions: 121->124
[2021-11-13T17:12:09.030-0800][gc,heap     ] GC(675) Archive regions: 2->2
[2021-11-13T17:12:09.030-0800][gc,heap     ] GC(675) Humongous regions: 129->129
[2021-11-13T17:12:09.030-0800][gc,metaspace] GC(675) Metaspace: 41306K(42048K)->41306K(42048K) NonClass: 36521K(36928K)->36521K(36928K) Class: 4784K(5120K)->4784K(5120K)
[2021-11-13T17:12:09.030-0800][gc          ] GC(675) Pause Young (Normal) (G1 Evacuation Pause) 370M->262M(1024M) 18.003ms
[2021-11-13T17:12:09.030-0800][gc,cpu      ] GC(675) User=0.07s Sys=0.00s Real=0.02s
[2021-11-13T17:14:08.544-0800][gc,start    ] GC(676) Pause Young (Normal) (G1 Evacuation Pause)
[2021-11-13T17:14:08.545-0800][gc,task     ] GC(676) Using 8 workers of 8 for evacuation
[2021-11-13T17:14:08.572-0800][gc,mmu      ] GC(676) MMU target violated: 21.0ms (20.0ms/21.0ms)
[2021-11-13T17:14:08.573-0800][gc,phases   ] GC(676)   Pre Evacuate Collection Set: 0.4ms
[2021-11-13T17:14:08.573-0800][gc,phases   ] GC(676)   Merge Heap Roots: 0.3ms
[2021-11-13T17:14:08.573-0800][gc,phases   ] GC(676)   Evacuate Collection Set: 26.0ms
[2021-11-13T17:14:08.573-0800][gc,phases   ] GC(676)   Post Evacuate Collection Set: 0.7ms
[2021-11-13T17:14:08.573-0800][gc,phases   ] GC(676)   Other: 0.8ms
[2021-11-13T17:14:08.573-0800][gc,heap     ] GC(676) Eden regions: 304->0(102)
[2021-11-13T17:14:08.573-0800][gc,heap     ] GC(676) Survivor regions: 9->12(40)
[2021-11-13T17:14:08.573-0800][gc,heap     ] GC(676) Old regions: 124->124
[2021-11-13T17:14:08.573-0800][gc,heap     ] GC(676) Archive regions: 2->2
[2021-11-13T17:14:08.573-0800][gc,heap     ] GC(676) Humongous regions: 129->129
[2021-11-13T17:14:08.573-0800][gc,metaspace] GC(676) Metaspace: 41306K(42048K)->41306K(42048K) NonClass: 36521K(36928K)->36521K(36928K) Class: 4784K(5120K)->4784K(5120K)
[2021-11-13T17:14:08.573-0800][gc          ] GC(676) Pause Young (Normal) (G1 Evacuation Pause) 566M->265M(1024M) 28.359ms
[2021-11-13T17:14:08.573-0800][gc,cpu      ] GC(676) User=0.08s Sys=0.03s Real=0.03s
[2021-11-13T17:14:48.445-0800][gc,start    ] GC(677) Pause Young (Normal) (G1 Evacuation Pause)
[2021-11-13T17:14:48.459-0800][gc,task     ] GC(677) Using 8 workers of 8 for evacuation
[2021-11-13T17:14:48.482-0800][gc,mmu      ] GC(677) MMU target violated: 21.0ms (20.0ms/21.0ms)
[2021-11-13T17:14:48.483-0800][gc,phases   ] GC(677)   Pre Evacuate Collection Set: 0.5ms
[2021-11-13T17:14:48.483-0800][gc,phases   ] GC(677)   Merge Heap Roots: 0.2ms
[2021-11-13T17:14:48.483-0800][gc,phases   ] GC(677)   Evacuate Collection Set: 21.7ms
[2021-11-13T17:14:48.483-0800][gc,phases   ] GC(677)   Post Evacuate Collection Set: 0.6ms
[2021-11-13T17:14:48.483-0800][gc,phases   ] GC(677)   Other: 14.7ms
[2021-11-13T17:14:48.483-0800][gc,heap     ] GC(677) Eden regions: 102->0(207)
[2021-11-13T17:14:48.483-0800][gc,heap     ] GC(677) Survivor regions: 12->10(15)
[2021-11-13T17:14:48.483-0800][gc,heap     ] GC(677) Old regions: 124->127
[2021-11-13T17:14:48.483-0800][gc,heap     ] GC(677) Archive regions: 2->2
[2021-11-13T17:14:48.483-0800][gc,heap     ] GC(677) Humongous regions: 129->129
[2021-11-13T17:14:48.483-0800][gc,metaspace] GC(677) Metaspace: 41306K(42048K)->41306K(42048K) NonClass: 36521K(36928K)->36521K(36928K) Class: 4784K(5120K)->4784K(5120K)
[2021-11-13T17:14:48.483-0800][gc          ] GC(677) Pause Young (Normal) (G1 Evacuation Pause) 367M->266M(1024M) 37.866ms
[2021-11-13T17:14:48.483-0800][gc,cpu      ] GC(677) User=0.06s Sys=0.01s Real=0.04s
[2021-11-13T17:16:09.593-0800][gc,start    ] GC(678) Pause Young (Normal) (G1 Evacuation Pause)
[2021-11-13T17:16:09.593-0800][gc,task     ] GC(678) Using 8 workers of 8 for evacuation
[2021-11-13T17:16:09.609-0800][gc,phases   ] GC(678)   Pre Evacuate Collection Set: 0.3ms
[2021-11-13T17:16:09.609-0800][gc,phases   ] GC(678)   Merge Heap Roots: 0.3ms
[2021-11-13T17:16:09.609-0800][gc,phases   ] GC(678)   Evacuate Collection Set: 14.9ms
[2021-11-13T17:16:09.609-0800][gc,phases   ] GC(678)   Post Evacuate Collection Set: 0.4ms
[2021-11-13T17:16:09.609-0800][gc,phases   ] GC(678)   Other: 0.4ms
[2021-11-13T17:16:09.609-0800][gc,heap     ] GC(678) Eden regions: 207->0(192)
[2021-11-13T17:16:09.609-0800][gc,heap     ] GC(678) Survivor regions: 10->12(28)
[2021-11-13T17:16:09.609-0800][gc,heap     ] GC(678) Old regions: 127->127
[2021-11-13T17:16:09.609-0800][gc,heap     ] GC(678) Archive regions: 2->2
[2021-11-13T17:16:09.609-0800][gc,heap     ] GC(678) Humongous regions: 129->129
[2021-11-13T17:16:09.609-0800][gc,metaspace] GC(678) Metaspace: 41306K(42048K)->41306K(42048K) NonClass: 36521K(36928K)->36521K(36928K) Class: 4784K(5120K)->4784K(5120K)
[2021-11-13T17:16:09.609-0800][gc          ] GC(678) Pause Young (Normal) (G1 Evacuation Pause) 473M->268M(1024M) 16.284ms
[2021-11-13T17:16:09.609-0800][gc,cpu      ] GC(678) User=0.06s Sys=0.00s Real=0.01s
[2021-11-13T17:17:24.474-0800][gc,start    ] GC(679) Pause Young (Normal) (G1 Evacuation Pause)
[2021-11-13T17:17:24.474-0800][gc,task     ] GC(679) Using 8 workers of 8 for evacuation
[2021-11-13T17:17:24.493-0800][gc,phases   ] GC(679)   Pre Evacuate Collection Set: 0.4ms
[2021-11-13T17:17:24.493-0800][gc,phases   ] GC(679)   Merge Heap Roots: 0.2ms
[2021-11-13T17:17:24.493-0800][gc,phases   ] GC(679)   Evacuate Collection Set: 17.5ms
[2021-11-13T17:17:24.493-0800][gc,phases   ] GC(679)   Post Evacuate Collection Set: 0.5ms
[2021-11-13T17:17:24.493-0800][gc,phases   ] GC(679)   Other: 0.6ms
[2021-11-13T17:17:24.493-0800][gc,heap     ] GC(679) Eden regions: 192->0(110)
[2021-11-13T17:17:24.493-0800][gc,heap     ] GC(679) Survivor regions: 12->15(26)
[2021-11-13T17:17:24.493-0800][gc,heap     ] GC(679) Old regions: 127->127
[2021-11-13T17:17:24.493-0800][gc,heap     ] GC(679) Archive regions: 2->2
[2021-11-13T17:17:24.493-0800][gc,heap     ] GC(679) Humongous regions: 129->129
[2021-11-13T17:17:24.493-0800][gc,metaspace] GC(679) Metaspace: 41306K(42048K)->41306K(42048K) NonClass: 36521K(36928K)->36521K(36928K) Class: 4784K(5120K)->4784K(5120K)
[2021-11-13T17:17:24.493-0800][gc          ] GC(679) Pause Young (Normal) (G1 Evacuation Pause) 460M->271M(1024M) 19.169ms
[2021-11-13T17:17:24.493-0800][gc,cpu      ] GC(679) User=0.08s Sys=0.00s Real=0.02s
[2021-11-13T17:18:07.377-0800][gc,start    ] GC(680) Pause Young (Normal) (G1 Evacuation Pause)
[2021-11-13T17:18:07.377-0800][gc,task     ] GC(680) Using 8 workers of 8 for evacuation
[2021-11-13T17:18:07.409-0800][gc,mmu      ] GC(680) MMU target violated: 21.0ms (20.0ms/21.0ms)
[2021-11-13T17:18:07.410-0800][gc,phases   ] GC(680)   Pre Evacuate Collection Set: 0.3ms
[2021-11-13T17:18:07.410-0800][gc,phases   ] GC(680)   Merge Heap Roots: 0.1ms
[2021-11-13T17:18:07.410-0800][gc,phases   ] GC(680)   Evacuate Collection Set: 30.9ms
[2021-11-13T17:18:07.410-0800][gc,phases   ] GC(680)   Post Evacuate Collection Set: 0.5ms
[2021-11-13T17:18:07.410-0800][gc,phases   ] GC(680)   Other: 0.6ms
[2021-11-13T17:18:07.410-0800][gc,heap     ] GC(680) Eden regions: 110->0(319)
[2021-11-13T17:18:07.410-0800][gc,heap     ] GC(680) Survivor regions: 15->8(16)
[2021-11-13T17:18:07.410-0800][gc,heap     ] GC(680) Old regions: 127->135
[2021-11-13T17:18:07.410-0800][gc,heap     ] GC(680) Archive regions: 2->2
[2021-11-13T17:18:07.410-0800][gc,heap     ] GC(680) Humongous regions: 129->129
[2021-11-13T17:18:07.410-0800][gc,metaspace] GC(680) Metaspace: 41306K(42048K)->41306K(42048K) NonClass: 36521K(36928K)->36521K(36928K) Class: 4784K(5120K)->4784K(5120K)
[2021-11-13T17:18:07.410-0800][gc          ] GC(680) Pause Young (Normal) (G1 Evacuation Pause) 381M->271M(1024M) 32.621ms
[2021-11-13T17:18:07.410-0800][gc,cpu      ] GC(680) User=0.08s Sys=0.03s Real=0.04s
[2021-11-13T17:20:12.385-0800][gc,start    ] GC(681) Pause Young (Normal) (G1 Evacuation Pause)
[2021-11-13T17:20:12.386-0800][gc,task     ] GC(681) Using 8 workers of 8 for evacuation
[2021-11-13T17:20:12.409-0800][gc,mmu      ] GC(681) MMU target violated: 21.0ms (20.0ms/21.0ms)
[2021-11-13T17:20:12.409-0800][gc,phases   ] GC(681)   Pre Evacuate Collection Set: 0.4ms
[2021-11-13T17:20:12.409-0800][gc,phases   ] GC(681)   Merge Heap Roots: 0.1ms
[2021-11-13T17:20:12.409-0800][gc,phases   ] GC(681)   Evacuate Collection Set: 21.8ms
[2021-11-13T17:20:12.409-0800][gc,phases   ] GC(681)   Post Evacuate Collection Set: 0.6ms
[2021-11-13T17:20:12.409-0800][gc,phases   ] GC(681)   Other: 0.6ms
[2021-11-13T17:20:12.409-0800][gc,heap     ] GC(681) Eden regions: 319->0(105)
[2021-11-13T17:20:12.409-0800][gc,heap     ] GC(681) Survivor regions: 8->11(41)
[2021-11-13T17:20:12.409-0800][gc,heap     ] GC(681) Old regions: 135->135
[2021-11-13T17:20:12.409-0800][gc,heap     ] GC(681) Archive regions: 2->2
[2021-11-13T17:20:12.409-0800][gc,heap     ] GC(681) Humongous regions: 129->129
[2021-11-13T17:20:12.409-0800][gc,metaspace] GC(681) Metaspace: 41306K(42048K)->41306K(42048K) NonClass: 36521K(36928K)->36521K(36928K) Class: 4784K(5120K)->4784K(5120K)
[2021-11-13T17:20:12.409-0800][gc          ] GC(681) Pause Young (Normal) (G1 Evacuation Pause) 590M->274M(1024M) 23.671ms
[2021-11-13T17:20:12.409-0800][gc,cpu      ] GC(681) User=0.06s Sys=0.03s Real=0.02s
[2021-11-13T17:20:53.322-0800][gc,start    ] GC(682) Pause Young (Normal) (G1 Evacuation Pause)
[2021-11-13T17:20:53.322-0800][gc,task     ] GC(682) Using 8 workers of 8 for evacuation
[2021-11-13T17:20:53.342-0800][gc,phases   ] GC(682)   Pre Evacuate Collection Set: 0.3ms
[2021-11-13T17:20:53.342-0800][gc,phases   ] GC(682)   Merge Heap Roots: 0.1ms
[2021-11-13T17:20:53.342-0800][gc,phases   ] GC(682)   Evacuate Collection Set: 18.6ms
[2021-11-13T17:20:53.342-0800][gc,phases   ] GC(682)   Post Evacuate Collection Set: 0.6ms
[2021-11-13T17:20:53.342-0800][gc,phases   ] GC(682)   Other: 0.3ms
[2021-11-13T17:20:53.342-0800][gc,heap     ] GC(682) Eden regions: 105->0(232)
[2021-11-13T17:20:53.342-0800][gc,heap     ] GC(682) Survivor regions: 11->9(15)
[2021-11-13T17:20:53.342-0800][gc,heap     ] GC(682) Old regions: 135->138
[2021-11-13T17:20:53.342-0800][gc,heap     ] GC(682) Archive regions: 2->2
[2021-11-13T17:20:53.342-0800][gc,heap     ] GC(682) Humongous regions: 129->129
[2021-11-13T17:20:53.342-0800][gc,metaspace] GC(682) Metaspace: 41306K(42048K)->41306K(42048K) NonClass: 36521K(36928K)->36521K(36928K) Class: 4784K(5120K)->4784K(5120K)
[2021-11-13T17:20:53.342-0800][gc          ] GC(682) Pause Young (Normal) (G1 Evacuation Pause) 379M->276M(1024M) 20.074ms
[2021-11-13T17:20:53.342-0800][gc,cpu      ] GC(682) User=0.06s Sys=0.01s Real=0.02s
[2021-11-13T17:22:23.814-0800][gc,start    ] GC(683) Pause Young (Normal) (G1 Evacuation Pause)
[2021-11-13T17:22:23.814-0800][gc,task     ] GC(683) Using 8 workers of 8 for evacuation
[2021-11-13T17:22:23.833-0800][gc,phases   ] GC(683)   Pre Evacuate Collection Set: 0.3ms
[2021-11-13T17:22:23.833-0800][gc,phases   ] GC(683)   Merge Heap Roots: 0.3ms
[2021-11-13T17:22:23.833-0800][gc,phases   ] GC(683)   Evacuate Collection Set: 17.6ms
[2021-11-13T17:22:23.833-0800][gc,phases   ] GC(683)   Post Evacuate Collection Set: 0.4ms
[2021-11-13T17:22:23.833-0800][gc,phases   ] GC(683)   Other: 0.4ms
[2021-11-13T17:22:23.833-0800][gc,heap     ] GC(683) Eden regions: 231->0(110)
[2021-11-13T17:22:23.833-0800][gc,heap     ] GC(683) Survivor regions: 9->12(30)
[2021-11-13T17:22:23.833-0800][gc,heap     ] GC(683) Old regions: 138->138
[2021-11-13T17:22:23.833-0800][gc,heap     ] GC(683) Archive regions: 2->2
[2021-11-13T17:22:23.833-0800][gc,heap     ] GC(683) Humongous regions: 129->129
[2021-11-13T17:22:23.833-0800][gc,metaspace] GC(683) Metaspace: 41306K(42048K)->41306K(42048K) NonClass: 36521K(36928K)->36521K(36928K) Class: 4784K(5120K)->4784K(5120K)
[2021-11-13T17:22:23.833-0800][gc          ] GC(683) Pause Young (Normal) (G1 Evacuation Pause) 507M->278M(1024M) 19.071ms
[2021-11-13T17:22:23.833-0800][gc,cpu      ] GC(683) User=0.06s Sys=0.00s Real=0.02s
[2021-11-13T17:23:06.555-0800][gc,start    ] GC(684) Pause Young (Normal) (G1 Evacuation Pause)
[2021-11-13T17:23:06.555-0800][gc,task     ] GC(684) Using 8 workers of 8 for evacuation
[2021-11-13T17:23:06.578-0800][gc,mmu      ] GC(684) MMU target violated: 21.0ms (20.0ms/21.0ms)
[2021-11-13T17:23:06.579-0800][gc,phases   ] GC(684)   Pre Evacuate Collection Set: 0.3ms
[2021-11-13T17:23:06.579-0800][gc,phases   ] GC(684)   Merge Heap Roots: 0.1ms
[2021-11-13T17:23:06.579-0800][gc,phases   ] GC(684)   Evacuate Collection Set: 22.4ms
[2021-11-13T17:23:06.579-0800][gc,phases   ] GC(684)   Post Evacuate Collection Set: 0.4ms
[2021-11-13T17:23:06.579-0800][gc,phases   ] GC(684)   Other: 0.4ms
[2021-11-13T17:23:06.579-0800][gc,heap     ] GC(684) Eden regions: 110->0(240)
[2021-11-13T17:23:06.579-0800][gc,heap     ] GC(684) Survivor regions: 12->10(16)
[2021-11-13T17:23:06.579-0800][gc,heap     ] GC(684) Old regions: 138->141
[2021-11-13T17:23:06.579-0800][gc,heap     ] GC(684) Archive regions: 2->2
[2021-11-13T17:23:06.579-0800][gc,heap     ] GC(684) Humongous regions: 129->129
[2021-11-13T17:23:06.579-0800][gc,metaspace] GC(684) Metaspace: 41306K(42048K)->41306K(42048K) NonClass: 36521K(36928K)->36521K(36928K) Class: 4784K(5120K)->4784K(5120K)
[2021-11-13T17:23:06.579-0800][gc          ] GC(684) Pause Young (Normal) (G1 Evacuation Pause) 388M->279M(1024M) 23.694ms
[2021-11-13T17:23:06.579-0800][gc,cpu      ] GC(684) User=0.06s Sys=0.01s Real=0.02s
[2021-11-13T17:24:40.603-0800][gc,start    ] GC(685) Pause Young (Normal) (G1 Evacuation Pause)
[2021-11-13T17:24:40.603-0800][gc,task     ] GC(685) Using 8 workers of 8 for evacuation
[2021-11-13T17:24:40.619-0800][gc,phases   ] GC(685)   Pre Evacuate Collection Set: 0.2ms
[2021-11-13T17:24:40.619-0800][gc,phases   ] GC(685)   Merge Heap Roots: 0.2ms
[2021-11-13T17:24:40.619-0800][gc,phases   ] GC(685)   Evacuate Collection Set: 14.8ms
[2021-11-13T17:24:40.619-0800][gc,phases   ] GC(685)   Post Evacuate Collection Set: 0.4ms
[2021-11-13T17:24:40.619-0800][gc,phases   ] GC(685)   Other: 0.3ms
[2021-11-13T17:24:40.619-0800][gc,heap     ] GC(685) Eden regions: 240->0(286)
[2021-11-13T17:24:40.619-0800][gc,heap     ] GC(685) Survivor regions: 10->11(32)
[2021-11-13T17:24:40.619-0800][gc,heap     ] GC(685) Old regions: 141->141
[2021-11-13T17:24:40.619-0800][gc,heap     ] GC(685) Archive regions: 2->2
[2021-11-13T17:24:40.619-0800][gc,heap     ] GC(685) Humongous regions: 129->129
[2021-11-13T17:24:40.619-0800][gc,metaspace] GC(685) Metaspace: 41306K(42048K)->41306K(42048K) NonClass: 36521K(36928K)->36521K(36928K) Class: 4784K(5120K)->4784K(5120K)
[2021-11-13T17:24:40.619-0800][gc          ] GC(685) Pause Young (Normal) (G1 Evacuation Pause) 519M->281M(1024M) 16.032ms
[2021-11-13T17:24:40.619-0800][gc,cpu      ] GC(685) User=0.05s Sys=0.00s Real=0.01s
[2021-11-13T17:26:32.725-0800][gc,start    ] GC(686) Pause Young (Normal) (G1 Evacuation Pause)
[2021-11-13T17:26:32.725-0800][gc,task     ] GC(686) Using 8 workers of 8 for evacuation
[2021-11-13T17:26:32.743-0800][gc,phases   ] GC(686)   Pre Evacuate Collection Set: 0.3ms
[2021-11-13T17:26:32.743-0800][gc,phases   ] GC(686)   Merge Heap Roots: 0.3ms
[2021-11-13T17:26:32.743-0800][gc,phases   ] GC(686)   Evacuate Collection Set: 16.8ms
[2021-11-13T17:26:32.743-0800][gc,phases   ] GC(686)   Post Evacuate Collection Set: 0.4ms
[2021-11-13T17:26:32.743-0800][gc,phases   ] GC(686)   Other: 1.0ms
[2021-11-13T17:26:32.743-0800][gc,heap     ] GC(686) Eden regions: 286->0(235)
[2021-11-13T17:26:32.743-0800][gc,heap     ] GC(686) Survivor regions: 11->14(38)
[2021-11-13T17:26:32.743-0800][gc,heap     ] GC(686) Old regions: 141->141
[2021-11-13T17:26:32.743-0800][gc,heap     ] GC(686) Archive regions: 2->2
[2021-11-13T17:26:32.743-0800][gc,heap     ] GC(686) Humongous regions: 129->129
[2021-11-13T17:26:32.743-0800][gc,metaspace] GC(686) Metaspace: 41306K(42048K)->41306K(42048K) NonClass: 36521K(36928K)->36521K(36928K) Class: 4784K(5120K)->4784K(5120K)
[2021-11-13T17:26:32.743-0800][gc          ] GC(686) Pause Young (Normal) (G1 Evacuation Pause) 567M->284M(1024M) 18.863ms
[2021-11-13T17:26:32.743-0800][gc,cpu      ] GC(686) User=0.06s Sys=0.01s Real=0.02s
[2021-11-13T17:28:04.688-0800][gc,start    ] GC(687) Pause Young (Normal) (G1 Evacuation Pause)
[2021-11-13T17:28:04.688-0800][gc,task     ] GC(687) Using 8 workers of 8 for evacuation
[2021-11-13T17:28:04.709-0800][gc,mmu      ] GC(687) MMU target violated: 20.7ms (20.0ms/21.0ms)
[2021-11-13T17:28:04.709-0800][gc,phases   ] GC(687)   Pre Evacuate Collection Set: 0.3ms
[2021-11-13T17:28:04.709-0800][gc,phases   ] GC(687)   Merge Heap Roots: 0.1ms
[2021-11-13T17:28:04.709-0800][gc,phases   ] GC(687)   Evacuate Collection Set: 19.9ms
[2021-11-13T17:28:04.709-0800][gc,phases   ] GC(687)   Post Evacuate Collection Set: 0.4ms
[2021-11-13T17:28:04.709-0800][gc,phases   ] GC(687)   Other: 0.6ms
[2021-11-13T17:28:04.709-0800][gc,heap     ] GC(687) Eden regions: 235->0(112)
[2021-11-13T17:28:04.709-0800][gc,heap     ] GC(687) Survivor regions: 14->18(32)
[2021-11-13T17:28:04.709-0800][gc,heap     ] GC(687) Old regions: 141->141
[2021-11-13T17:28:04.709-0800][gc,heap     ] GC(687) Archive regions: 2->2
[2021-11-13T17:28:04.709-0800][gc,heap     ] GC(687) Humongous regions: 129->129
[2021-11-13T17:28:04.709-0800][gc,metaspace] GC(687) Metaspace: 41306K(42048K)->41306K(42048K) NonClass: 36521K(36928K)->36521K(36928K) Class: 4784K(5120K)->4784K(5120K)
[2021-11-13T17:28:04.709-0800][gc          ] GC(687) Pause Young (Normal) (G1 Evacuation Pause) 519M->287M(1024M) 21.357ms
[2021-11-13T17:28:04.709-0800][gc,cpu      ] GC(687) User=0.06s Sys=0.00s Real=0.02s
[2021-11-13T17:28:48.346-0800][gc,start    ] GC(688) Pause Young (Normal) (G1 Evacuation Pause)
[2021-11-13T17:28:48.346-0800][gc,task     ] GC(688) Using 8 workers of 8 for evacuation
[2021-11-13T17:28:48.380-0800][gc,mmu      ] GC(688) MMU target violated: 21.0ms (20.0ms/21.0ms)
[2021-11-13T17:28:48.380-0800][gc,phases   ] GC(688)   Pre Evacuate Collection Set: 0.4ms
[2021-11-13T17:28:48.380-0800][gc,phases   ] GC(688)   Merge Heap Roots: 0.3ms
[2021-11-13T17:28:48.380-0800][gc,phases   ] GC(688)   Evacuate Collection Set: 32.5ms
[2021-11-13T17:28:48.380-0800][gc,phases   ] GC(688)   Post Evacuate Collection Set: 0.5ms
[2021-11-13T17:28:48.380-0800][gc,phases   ] GC(688)   Other: 0.6ms
[2021-11-13T17:28:48.380-0800][gc,heap     ] GC(688) Eden regions: 112->0(310)
[2021-11-13T17:28:48.380-0800][gc,heap     ] GC(688) Survivor regions: 18->11(17)
[2021-11-13T17:28:48.380-0800][gc,heap     ] GC(688) Old regions: 141->148
[2021-11-13T17:28:48.380-0800][gc,heap     ] GC(688) Archive regions: 2->2
[2021-11-13T17:28:48.380-0800][gc,heap     ] GC(688) Humongous regions: 129->129
[2021-11-13T17:28:48.380-0800][gc,metaspace] GC(688) Metaspace: 41306K(42048K)->41306K(42048K) NonClass: 36521K(36928K)->36521K(36928K) Class: 4784K(5120K)->4784K(5120K)
[2021-11-13T17:28:48.380-0800][gc          ] GC(688) Pause Young (Normal) (G1 Evacuation Pause) 399M->288M(1024M) 34.405ms
[2021-11-13T17:28:48.380-0800][gc,cpu      ] GC(688) User=0.10s Sys=0.03s Real=0.04s
[2021-11-13T17:30:50.179-0800][gc,start    ] GC(689) Pause Young (Normal) (G1 Evacuation Pause)
[2021-11-13T17:30:50.180-0800][gc,task     ] GC(689) Using 8 workers of 8 for evacuation
[2021-11-13T17:30:50.218-0800][gc,mmu      ] GC(689) MMU target violated: 21.0ms (20.0ms/21.0ms)
[2021-11-13T17:30:50.218-0800][gc,phases   ] GC(689)   Pre Evacuate Collection Set: 0.2ms
[2021-11-13T17:30:50.218-0800][gc,phases   ] GC(689)   Merge Heap Roots: 0.2ms
[2021-11-13T17:30:50.218-0800][gc,phases   ] GC(689)   Evacuate Collection Set: 20.0ms
[2021-11-13T17:30:50.218-0800][gc,phases   ] GC(689)   Post Evacuate Collection Set: 0.9ms
[2021-11-13T17:30:50.219-0800][gc,phases   ] GC(689)   Other: 18.0ms
[2021-11-13T17:30:50.219-0800][gc,heap     ] GC(689) Eden regions: 310->0(180)
[2021-11-13T17:30:50.219-0800][gc,heap     ] GC(689) Survivor regions: 11->14(41)
[2021-11-13T17:30:50.219-0800][gc,heap     ] GC(689) Old regions: 148->148
[2021-11-13T17:30:50.219-0800][gc,heap     ] GC(689) Archive regions: 2->2
[2021-11-13T17:30:50.219-0800][gc,heap     ] GC(689) Humongous regions: 129->129
[2021-11-13T17:30:50.219-0800][gc,metaspace] GC(689) Metaspace: 41306K(42048K)->41306K(42048K) NonClass: 36521K(36928K)->36521K(36928K) Class: 4784K(5120K)->4784K(5120K)
[2021-11-13T17:30:50.219-0800][gc          ] GC(689) Pause Young (Normal) (G1 Evacuation Pause) 598M->291M(1024M) 39.508ms
[2021-11-13T17:30:50.219-0800][gc,cpu      ] GC(689) User=0.07s Sys=0.00s Real=0.04s
[2021-11-13T17:32:00.693-0800][gc,start    ] GC(690) Pause Young (Normal) (G1 Evacuation Pause)
[2021-11-13T17:32:00.694-0800][gc,task     ] GC(690) Using 8 workers of 8 for evacuation
[2021-11-13T17:32:00.717-0800][gc,mmu      ] GC(690) MMU target violated: 21.0ms (20.0ms/21.0ms)
[2021-11-13T17:32:00.718-0800][gc,phases   ] GC(690)   Pre Evacuate Collection Set: 0.5ms
[2021-11-13T17:32:00.718-0800][gc,phases   ] GC(690)   Merge Heap Roots: 0.3ms
[2021-11-13T17:32:00.718-0800][gc,phases   ] GC(690)   Evacuate Collection Set: 22.2ms
[2021-11-13T17:32:00.718-0800][gc,phases   ] GC(690)   Post Evacuate Collection Set: 0.7ms
[2021-11-13T17:32:00.718-0800][gc,phases   ] GC(690)   Other: 0.9ms
[2021-11-13T17:32:00.718-0800][gc,heap     ] GC(690) Eden regions: 180->0(279)
[2021-11-13T17:32:00.718-0800][gc,heap     ] GC(690) Survivor regions: 14->12(25)
[2021-11-13T17:32:00.718-0800][gc,heap     ] GC(690) Old regions: 148->151
[2021-11-13T17:32:00.718-0800][gc,heap     ] GC(690) Archive regions: 2->2
[2021-11-13T17:32:00.718-0800][gc,heap     ] GC(690) Humongous regions: 129->129
[2021-11-13T17:32:00.718-0800][gc,metaspace] GC(690) Metaspace: 41306K(42048K)->41306K(42048K) NonClass: 36521K(36928K)->36521K(36928K) Class: 4784K(5120K)->4784K(5120K)
[2021-11-13T17:32:00.718-0800][gc          ] GC(690) Pause Young (Normal) (G1 Evacuation Pause) 471M->292M(1024M) 24.775ms
[2021-11-13T17:32:00.718-0800][gc,cpu      ] GC(690) User=0.07s Sys=0.01s Real=0.02s
[2021-11-13T17:33:49.731-0800][gc,start    ] GC(691) Pause Young (Normal) (G1 Evacuation Pause)
[2021-11-13T17:33:49.732-0800][gc,task     ] GC(691) Using 8 workers of 8 for evacuation
[2021-11-13T17:33:49.753-0800][gc,mmu      ] GC(691) MMU target violated: 20.7ms (20.0ms/21.0ms)
[2021-11-13T17:33:49.753-0800][gc,phases   ] GC(691)   Pre Evacuate Collection Set: 0.4ms
[2021-11-13T17:33:49.753-0800][gc,phases   ] GC(691)   Merge Heap Roots: 0.3ms
[2021-11-13T17:33:49.753-0800][gc,phases   ] GC(691)   Evacuate Collection Set: 19.5ms
[2021-11-13T17:33:49.753-0800][gc,phases   ] GC(691)   Post Evacuate Collection Set: 0.5ms
[2021-11-13T17:33:49.753-0800][gc,phases   ] GC(691)   Other: 0.7ms
[2021-11-13T17:33:49.753-0800][gc,heap     ] GC(691) Eden regions: 278->0(154)
[2021-11-13T17:33:49.753-0800][gc,heap     ] GC(691) Survivor regions: 12->16(37)
[2021-11-13T17:33:49.753-0800][gc,heap     ] GC(691) Old regions: 151->151
[2021-11-13T17:33:49.753-0800][gc,heap     ] GC(691) Archive regions: 2->2
[2021-11-13T17:33:49.753-0800][gc,heap     ] GC(691) Humongous regions: 129->129
[2021-11-13T17:33:49.753-0800][gc,metaspace] GC(691) Metaspace: 41306K(42048K)->41306K(42048K) NonClass: 36521K(36928K)->36521K(36928K) Class: 4784K(5120K)->4784K(5120K)
[2021-11-13T17:33:49.753-0800][gc          ] GC(691) Pause Young (Normal) (G1 Evacuation Pause) 570M->296M(1024M) 21.469ms
[2021-11-13T17:33:49.753-0800][gc,cpu      ] GC(691) User=0.09s Sys=0.00s Real=0.02s
[2021-11-13T17:34:50.146-0800][gc,start    ] GC(692) Pause Young (Normal) (G1 Evacuation Pause)
[2021-11-13T17:34:50.146-0800][gc,task     ] GC(692) Using 8 workers of 8 for evacuation
[2021-11-13T17:34:50.174-0800][gc,mmu      ] GC(692) MMU target violated: 21.0ms (20.0ms/21.0ms)
[2021-11-13T17:34:50.175-0800][gc,phases   ] GC(692)   Pre Evacuate Collection Set: 0.4ms
[2021-11-13T17:34:50.175-0800][gc,phases   ] GC(692)   Merge Heap Roots: 0.2ms
[2021-11-13T17:34:50.175-0800][gc,phases   ] GC(692)   Evacuate Collection Set: 27.2ms
[2021-11-13T17:34:50.175-0800][gc,phases   ] GC(692)   Post Evacuate Collection Set: 0.5ms
[2021-11-13T17:34:50.175-0800][gc,phases   ] GC(692)   Other: 0.7ms
[2021-11-13T17:34:50.175-0800][gc,heap     ] GC(692) Eden regions: 154->0(211)
[2021-11-13T17:34:50.175-0800][gc,heap     ] GC(692) Survivor regions: 16->12(22)
[2021-11-13T17:34:50.175-0800][gc,heap     ] GC(692) Old regions: 151->156
[2021-11-13T17:34:50.175-0800][gc,heap     ] GC(692) Archive regions: 2->2
[2021-11-13T17:34:50.175-0800][gc,heap     ] GC(692) Humongous regions: 129->129
[2021-11-13T17:34:50.175-0800][gc,metaspace] GC(692) Metaspace: 41306K(42048K)->41306K(42048K) NonClass: 36521K(36928K)->36521K(36928K) Class: 4784K(5120K)->4784K(5120K)
[2021-11-13T17:34:50.175-0800][gc          ] GC(692) Pause Young (Normal) (G1 Evacuation Pause) 450M->297M(1024M) 29.179ms
[2021-11-13T17:34:50.175-0800][gc,cpu      ] GC(692) User=0.09s Sys=0.02s Real=0.03s
[2021-11-13T17:36:12.902-0800][gc,start    ] GC(693) Pause Young (Normal) (G1 Evacuation Pause)
[2021-11-13T17:36:12.902-0800][gc,task     ] GC(693) Using 8 workers of 8 for evacuation
[2021-11-13T17:36:12.923-0800][gc,mmu      ] GC(693) MMU target violated: 20.6ms (20.0ms/21.0ms)
[2021-11-13T17:36:12.923-0800][gc,phases   ] GC(693)   Pre Evacuate Collection Set: 0.5ms
[2021-11-13T17:36:12.923-0800][gc,phases   ] GC(693)   Merge Heap Roots: 0.3ms
[2021-11-13T17:36:12.923-0800][gc,phases   ] GC(693)   Evacuate Collection Set: 19.3ms
[2021-11-13T17:36:12.923-0800][gc,phases   ] GC(693)   Post Evacuate Collection Set: 0.5ms
[2021-11-13T17:36:12.923-0800][gc,phases   ] GC(693)   Other: 0.7ms
[2021-11-13T17:36:12.923-0800][gc,heap     ] GC(693) Eden regions: 211->0(143)
[2021-11-13T17:36:12.923-0800][gc,heap     ] GC(693) Survivor regions: 12->15(28)
[2021-11-13T17:36:12.923-0800][gc,heap     ] GC(693) Old regions: 156->156
[2021-11-13T17:36:12.923-0800][gc,heap     ] GC(693) Archive regions: 2->2
[2021-11-13T17:36:12.923-0800][gc,heap     ] GC(693) Humongous regions: 129->129
[2021-11-13T17:36:12.923-0800][gc,metaspace] GC(693) Metaspace: 41306K(42048K)->41306K(42048K) NonClass: 36521K(36928K)->36521K(36928K) Class: 4784K(5120K)->4784K(5120K)
[2021-11-13T17:36:12.923-0800][gc          ] GC(693) Pause Young (Normal) (G1 Evacuation Pause) 508M->299M(1024M) 21.366ms
[2021-11-13T17:36:12.923-0800][gc,cpu      ] GC(693) User=0.09s Sys=0.00s Real=0.02s
[2021-11-13T17:37:08.634-0800][gc,start    ] GC(694) Pause Young (Normal) (G1 Evacuation Pause)
[2021-11-13T17:37:08.634-0800][gc,task     ] GC(694) Using 8 workers of 8 for evacuation
[2021-11-13T17:37:08.657-0800][gc,mmu      ] GC(694) MMU target violated: 21.0ms (20.0ms/21.0ms)
[2021-11-13T17:37:08.657-0800][gc,phases   ] GC(694)   Pre Evacuate Collection Set: 0.4ms
[2021-11-13T17:37:08.657-0800][gc,phases   ] GC(694)   Merge Heap Roots: 0.2ms
[2021-11-13T17:37:08.657-0800][gc,phases   ] GC(694)   Evacuate Collection Set: 21.8ms
[2021-11-13T17:37:08.657-0800][gc,phases   ] GC(694)   Post Evacuate Collection Set: 0.5ms
[2021-11-13T17:37:08.658-0800][gc,phases   ] GC(694)   Other: 0.6ms
[2021-11-13T17:37:08.658-0800][gc,heap     ] GC(694) Eden regions: 143->0(257)
[2021-11-13T17:37:08.658-0800][gc,heap     ] GC(694) Survivor regions: 15->13(20)
[2021-11-13T17:37:08.658-0800][gc,heap     ] GC(694) Old regions: 156->160
[2021-11-13T17:37:08.658-0800][gc,heap     ] GC(694) Archive regions: 2->2
[2021-11-13T17:37:08.658-0800][gc,heap     ] GC(694) Humongous regions: 129->129
[2021-11-13T17:37:08.658-0800][gc,metaspace] GC(694) Metaspace: 41306K(42048K)->41306K(42048K) NonClass: 36521K(36928K)->36521K(36928K) Class: 4784K(5120K)->4784K(5120K)
[2021-11-13T17:37:08.658-0800][gc          ] GC(694) Pause Young (Normal) (G1 Evacuation Pause) 442M->301M(1024M) 23.652ms
[2021-11-13T17:37:08.658-0800][gc,cpu      ] GC(694) User=0.09s Sys=0.02s Real=0.02s
[2021-11-13T17:38:49.700-0800][gc,start    ] GC(695) Pause Young (Normal) (G1 Evacuation Pause)
[2021-11-13T17:38:49.700-0800][gc,task     ] GC(695) Using 8 workers of 8 for evacuation
[2021-11-13T17:38:49.718-0800][gc,phases   ] GC(695)   Pre Evacuate Collection Set: 0.2ms
[2021-11-13T17:38:49.718-0800][gc,phases   ] GC(695)   Merge Heap Roots: 0.2ms
[2021-11-13T17:38:49.718-0800][gc,phases   ] GC(695)   Evacuate Collection Set: 16.9ms
[2021-11-13T17:38:49.718-0800][gc,phases   ] GC(695)   Post Evacuate Collection Set: 0.3ms
[2021-11-13T17:38:49.718-0800][gc,phases   ] GC(695)   Other: 0.5ms
[2021-11-13T17:38:49.718-0800][gc,heap     ] GC(695) Eden regions: 257->0(316)
[2021-11-13T17:38:49.718-0800][gc,heap     ] GC(695) Survivor regions: 13->14(34)
[2021-11-13T17:38:49.718-0800][gc,heap     ] GC(695) Old regions: 160->160
[2021-11-13T17:38:49.718-0800][gc,heap     ] GC(695) Archive regions: 2->2
[2021-11-13T17:38:49.718-0800][gc,heap     ] GC(695) Humongous regions: 129->129
[2021-11-13T17:38:49.718-0800][gc,metaspace] GC(695) Metaspace: 41306K(42048K)->41306K(42048K) NonClass: 36521K(36928K)->36521K(36928K) Class: 4784K(5120K)->4784K(5120K)
[2021-11-13T17:38:49.718-0800][gc          ] GC(695) Pause Young (Normal) (G1 Evacuation Pause) 558M->303M(1024M) 18.149ms
[2021-11-13T17:38:49.718-0800][gc,cpu      ] GC(695) User=0.06s Sys=0.01s Real=0.01s
[2021-11-13T17:40:56.554-0800][gc,start    ] GC(696) Pause Young (Normal) (G1 Evacuation Pause)
[2021-11-13T17:40:56.556-0800][gc,task     ] GC(696) Using 8 workers of 8 for evacuation
[2021-11-13T17:40:56.576-0800][gc,phases   ] GC(696)   Pre Evacuate Collection Set: 0.3ms
[2021-11-13T17:40:56.576-0800][gc,phases   ] GC(696)   Merge Heap Roots: 0.2ms
[2021-11-13T17:40:56.576-0800][gc,phases   ] GC(696)   Evacuate Collection Set: 19.0ms
[2021-11-13T17:40:56.576-0800][gc,phases   ] GC(696)   Post Evacuate Collection Set: 0.5ms
[2021-11-13T17:40:56.576-0800][gc,phases   ] GC(696)   Other: 1.6ms
[2021-11-13T17:40:56.576-0800][gc,heap     ] GC(696) Eden regions: 316->0(215)
[2021-11-13T17:40:56.576-0800][gc,heap     ] GC(696) Survivor regions: 14->17(42)
[2021-11-13T17:40:56.576-0800][gc,heap     ] GC(696) Old regions: 160->160
[2021-11-13T17:40:56.576-0800][gc,heap     ] GC(696) Archive regions: 2->2
[2021-11-13T17:40:56.576-0800][gc,heap     ] GC(696) Humongous regions: 129->129
[2021-11-13T17:40:56.576-0800][gc,metaspace] GC(696) Metaspace: 41306K(42048K)->41306K(42048K) NonClass: 36521K(36928K)->36521K(36928K) Class: 4784K(5120K)->4784K(5120K)
[2021-11-13T17:40:56.576-0800][gc          ] GC(696) Pause Young (Normal) (G1 Evacuation Pause) 619M->306M(1024M) 21.675ms
[2021-11-13T17:40:56.576-0800][gc,cpu      ] GC(696) User=0.08s Sys=0.03s Real=0.02s
[2021-11-13T17:42:21.235-0800][gc,start    ] GC(697) Pause Young (Normal) (G1 Evacuation Pause)
[2021-11-13T17:42:21.236-0800][gc,task     ] GC(697) Using 8 workers of 8 for evacuation
[2021-11-13T17:42:21.259-0800][gc,mmu      ] GC(697) MMU target violated: 21.0ms (20.0ms/21.0ms)
[2021-11-13T17:42:21.259-0800][gc,phases   ] GC(697)   Pre Evacuate Collection Set: 0.3ms
[2021-11-13T17:42:21.259-0800][gc,phases   ] GC(697)   Merge Heap Roots: 0.2ms
[2021-11-13T17:42:21.260-0800][gc,phases   ] GC(697)   Evacuate Collection Set: 21.5ms
[2021-11-13T17:42:21.260-0800][gc,phases   ] GC(697)   Post Evacuate Collection Set: 0.7ms
[2021-11-13T17:42:21.260-0800][gc,phases   ] GC(697)   Other: 1.7ms
[2021-11-13T17:42:21.260-0800][gc,heap     ] GC(697) Eden regions: 215->0(240)
[2021-11-13T17:42:21.260-0800][gc,heap     ] GC(697) Survivor regions: 17->17(29)
[2021-11-13T17:42:21.260-0800][gc,heap     ] GC(697) Old regions: 160->162
[2021-11-13T17:42:21.260-0800][gc,heap     ] GC(697) Archive regions: 2->2
[2021-11-13T17:42:21.260-0800][gc,heap     ] GC(697) Humongous regions: 129->129
[2021-11-13T17:42:21.260-0800][gc,metaspace] GC(697) Metaspace: 41306K(42048K)->41306K(42048K) NonClass: 36521K(36928K)->36521K(36928K) Class: 4784K(5120K)->4784K(5120K)
[2021-11-13T17:42:21.260-0800][gc          ] GC(697) Pause Young (Normal) (G1 Evacuation Pause) 521M->308M(1024M) 24.583ms
[2021-11-13T17:42:21.260-0800][gc,cpu      ] GC(697) User=0.10s Sys=0.00s Real=0.03s
[2021-11-13T17:43:54.672-0800][gc,start    ] GC(698) Pause Young (Normal) (G1 Evacuation Pause)
[2021-11-13T17:43:54.672-0800][gc,task     ] GC(698) Using 8 workers of 8 for evacuation
[2021-11-13T17:43:54.694-0800][gc,mmu      ] GC(698) MMU target violated: 21.0ms (20.0ms/21.0ms)
[2021-11-13T17:43:54.694-0800][gc,phases   ] GC(698)   Pre Evacuate Collection Set: 0.3ms
[2021-11-13T17:43:54.694-0800][gc,phases   ] GC(698)   Merge Heap Roots: 0.2ms
[2021-11-13T17:43:54.694-0800][gc,phases   ] GC(698)   Evacuate Collection Set: 20.5ms
[2021-11-13T17:43:54.694-0800][gc,phases   ] GC(698)   Post Evacuate Collection Set: 0.4ms
[2021-11-13T17:43:54.694-0800][gc,phases   ] GC(698)   Other: 0.6ms
[2021-11-13T17:43:54.694-0800][gc,heap     ] GC(698) Eden regions: 239->0(87)
[2021-11-13T17:43:54.694-0800][gc,heap     ] GC(698) Survivor regions: 17->21(32)
[2021-11-13T17:43:54.694-0800][gc,heap     ] GC(698) Old regions: 162->162
[2021-11-13T17:43:54.694-0800][gc,heap     ] GC(698) Archive regions: 2->2
[2021-11-13T17:43:54.694-0800][gc,heap     ] GC(698) Humongous regions: 129->129
[2021-11-13T17:43:54.694-0800][gc,metaspace] GC(698) Metaspace: 41306K(42048K)->41306K(42048K) NonClass: 36521K(36928K)->36521K(36928K) Class: 4784K(5120K)->4784K(5120K)
[2021-11-13T17:43:54.694-0800][gc          ] GC(698) Pause Young (Normal) (G1 Evacuation Pause) 547M->312M(1024M) 21.952ms
[2021-11-13T17:43:54.694-0800][gc,cpu      ] GC(698) User=0.09s Sys=0.01s Real=0.02s
[2021-11-13T17:44:28.481-0800][gc,start    ] GC(699) Pause Young (Normal) (G1 Evacuation Pause)
[2021-11-13T17:44:28.481-0800][gc,task     ] GC(699) Using 8 workers of 8 for evacuation
[2021-11-13T17:44:28.518-0800][gc,mmu      ] GC(699) MMU target violated: 21.0ms (20.0ms/21.0ms)
[2021-11-13T17:44:28.518-0800][gc,phases   ] GC(699)   Pre Evacuate Collection Set: 0.5ms
[2021-11-13T17:44:28.518-0800][gc,phases   ] GC(699)   Merge Heap Roots: 0.2ms
[2021-11-13T17:44:28.518-0800][gc,phases   ] GC(699)   Evacuate Collection Set: 35.2ms
[2021-11-13T17:44:28.518-0800][gc,phases   ] GC(699)   Post Evacuate Collection Set: 0.5ms
[2021-11-13T17:44:28.518-0800][gc,phases   ] GC(699)   Other: 0.8ms
[2021-11-13T17:44:28.518-0800][gc,heap     ] GC(699) Eden regions: 87->0(324)
[2021-11-13T17:44:28.518-0800][gc,heap     ] GC(699) Survivor regions: 21->10(14)
[2021-11-13T17:44:28.518-0800][gc,heap     ] GC(699) Old regions: 162->176
[2021-11-13T17:44:28.518-0800][gc,heap     ] GC(699) Archive regions: 2->2
[2021-11-13T17:44:28.518-0800][gc,heap     ] GC(699) Humongous regions: 129->129
[2021-11-13T17:44:28.518-0800][gc,metaspace] GC(699) Metaspace: 41306K(42048K)->41306K(42048K) NonClass: 36521K(36928K)->36521K(36928K) Class: 4784K(5120K)->4784K(5120K)
[2021-11-13T17:44:28.518-0800][gc          ] GC(699) Pause Young (Normal) (G1 Evacuation Pause) 399M->314M(1024M) 37.337ms
[2021-11-13T17:44:28.518-0800][gc,cpu      ] GC(699) User=0.10s Sys=0.03s Real=0.03s
[2021-11-13T17:46:41.814-0800][gc,start    ] GC(700) Pause Young (Normal) (G1 Evacuation Pause)
[2021-11-13T17:46:41.814-0800][gc,task     ] GC(700) Using 8 workers of 8 for evacuation
[2021-11-13T17:46:41.828-0800][gc,phases   ] GC(700)   Pre Evacuate Collection Set: 0.2ms
[2021-11-13T17:46:41.828-0800][gc,phases   ] GC(700)   Merge Heap Roots: 0.1ms
[2021-11-13T17:46:41.828-0800][gc,phases   ] GC(700)   Evacuate Collection Set: 12.6ms
[2021-11-13T17:46:41.828-0800][gc,phases   ] GC(700)   Post Evacuate Collection Set: 0.6ms
[2021-11-13T17:46:41.828-0800][gc,phases   ] GC(700)   Other: 0.4ms
[2021-11-13T17:46:41.828-0800][gc,heap     ] GC(700) Eden regions: 324->0(523)
[2021-11-13T17:46:41.828-0800][gc,heap     ] GC(700) Survivor regions: 10->9(42)
[2021-11-13T17:46:41.828-0800][gc,heap     ] GC(700) Old regions: 176->176
[2021-11-13T17:46:41.828-0800][gc,heap     ] GC(700) Archive regions: 2->2
[2021-11-13T17:46:41.828-0800][gc,heap     ] GC(700) Humongous regions: 129->129
[2021-11-13T17:46:41.828-0800][gc,metaspace] GC(700) Metaspace: 41306K(42048K)->41306K(42048K) NonClass: 36521K(36928K)->36521K(36928K) Class: 4784K(5120K)->4784K(5120K)
[2021-11-13T17:46:41.828-0800][gc          ] GC(700) Pause Young (Normal) (G1 Evacuation Pause) 638M->314M(1024M) 14.221ms
[2021-11-13T17:46:41.828-0800][gc,cpu      ] GC(700) User=0.04s Sys=0.00s Real=0.01s
[2021-11-13T17:50:11.333-0800][gc,start    ] GC(701) Pause Young (Normal) (G1 Evacuation Pause)
[2021-11-13T17:50:11.334-0800][gc,task     ] GC(701) Using 8 workers of 8 for evacuation
[2021-11-13T17:50:11.356-0800][gc,mmu      ] GC(701) MMU target violated: 21.0ms (20.0ms/21.0ms)
[2021-11-13T17:50:11.356-0800][gc,phases   ] GC(701)   Pre Evacuate Collection Set: 0.5ms
[2021-11-13T17:50:11.356-0800][gc,phases   ] GC(701)   Merge Heap Roots: 0.3ms
[2021-11-13T17:50:11.356-0800][gc,phases   ] GC(701)   Evacuate Collection Set: 20.3ms
[2021-11-13T17:50:11.356-0800][gc,phases   ] GC(701)   Post Evacuate Collection Set: 1.0ms
[2021-11-13T17:50:11.356-0800][gc,phases   ] GC(701)   Other: 1.0ms
[2021-11-13T17:50:11.356-0800][gc,heap     ] GC(701) Eden regions: 523->0(279)
[2021-11-13T17:50:11.356-0800][gc,heap     ] GC(701) Survivor regions: 9->9(67)
[2021-11-13T17:50:11.356-0800][gc,heap     ] GC(701) Old regions: 176->176
[2021-11-13T17:50:11.356-0800][gc,heap     ] GC(701) Archive regions: 2->2
[2021-11-13T17:50:11.357-0800][gc,heap     ] GC(701) Humongous regions: 129->129
[2021-11-13T17:50:11.357-0800][gc,metaspace] GC(701) Metaspace: 41306K(42048K)->41306K(42048K) NonClass: 36521K(36928K)->36521K(36928K) Class: 4784K(5120K)->4784K(5120K)
[2021-11-13T17:50:11.357-0800][gc          ] GC(701) Pause Young (Normal) (G1 Evacuation Pause) 837M->313M(1024M) 23.279ms
[2021-11-13T17:50:11.357-0800][gc,cpu      ] GC(701) User=0.05s Sys=0.01s Real=0.02s
[2021-11-13T17:52:00.601-0800][gc,start    ] GC(702) Pause Young (Normal) (G1 Evacuation Pause)
[2021-11-13T17:52:00.601-0800][gc,task     ] GC(702) Using 8 workers of 8 for evacuation
[2021-11-13T17:52:00.616-0800][gc,phases   ] GC(702)   Pre Evacuate Collection Set: 0.4ms
[2021-11-13T17:52:00.616-0800][gc,phases   ] GC(702)   Merge Heap Roots: 0.2ms
[2021-11-13T17:52:00.616-0800][gc,phases   ] GC(702)   Evacuate Collection Set: 13.9ms
[2021-11-13T17:52:00.616-0800][gc,phases   ] GC(702)   Post Evacuate Collection Set: 0.4ms
[2021-11-13T17:52:00.616-0800][gc,phases   ] GC(702)   Other: 0.7ms
[2021-11-13T17:52:00.616-0800][gc,heap     ] GC(702) Eden regions: 279->0(444)
[2021-11-13T17:52:00.616-0800][gc,heap     ] GC(702) Survivor regions: 9->9(36)
[2021-11-13T17:52:00.616-0800][gc,heap     ] GC(702) Old regions: 176->176
[2021-11-13T17:52:00.616-0800][gc,heap     ] GC(702) Archive regions: 2->2
[2021-11-13T17:52:00.616-0800][gc,heap     ] GC(702) Humongous regions: 129->129
[2021-11-13T17:52:00.616-0800][gc,metaspace] GC(702) Metaspace: 41306K(42048K)->41306K(42048K) NonClass: 36521K(36928K)->36521K(36928K) Class: 4784K(5120K)->4784K(5120K)
[2021-11-13T17:52:00.616-0800][gc          ] GC(702) Pause Young (Normal) (G1 Evacuation Pause) 592M->313M(1024M) 15.594ms
[2021-11-13T17:52:00.616-0800][gc,cpu      ] GC(702) User=0.05s Sys=0.01s Real=0.01s
[2021-11-13T17:54:55.104-0800][gc,start    ] GC(703) Pause Young (Normal) (G1 Evacuation Pause)
[2021-11-13T17:54:55.105-0800][gc,task     ] GC(703) Using 8 workers of 8 for evacuation
[2021-11-13T17:54:55.124-0800][gc,phases   ] GC(703)   Pre Evacuate Collection Set: 0.4ms
[2021-11-13T17:54:55.124-0800][gc,phases   ] GC(703)   Merge Heap Roots: 0.2ms
[2021-11-13T17:54:55.124-0800][gc,phases   ] GC(703)   Evacuate Collection Set: 17.9ms
[2021-11-13T17:54:55.124-0800][gc,phases   ] GC(703)   Post Evacuate Collection Set: 0.6ms
[2021-11-13T17:54:55.124-0800][gc,phases   ] GC(703)   Other: 1.0ms
[2021-11-13T17:54:55.124-0800][gc,heap     ] GC(703) Eden regions: 444->0(589)
[2021-11-13T17:54:55.125-0800][gc,heap     ] GC(703) Survivor regions: 9->9(57)
[2021-11-13T17:54:55.125-0800][gc,heap     ] GC(703) Old regions: 176->176
[2021-11-13T17:54:55.125-0800][gc,heap     ] GC(703) Archive regions: 2->2
[2021-11-13T17:54:55.125-0800][gc,heap     ] GC(703) Humongous regions: 129->129
[2021-11-13T17:54:55.125-0800][gc,metaspace] GC(703) Metaspace: 41306K(42048K)->41306K(42048K) NonClass: 36521K(36928K)->36521K(36928K) Class: 4784K(5120K)->4784K(5120K)
[2021-11-13T17:54:55.125-0800][gc          ] GC(703) Pause Young (Normal) (G1 Evacuation Pause) 757M->313M(1024M) 20.280ms
[2021-11-13T17:54:55.125-0800][gc,cpu      ] GC(703) User=0.06s Sys=0.00s Real=0.02s
[2021-11-13T17:58:46.917-0800][gc,start    ] GC(704) Pause Young (Normal) (G1 Evacuation Pause)
[2021-11-13T17:58:46.917-0800][gc,task     ] GC(704) Using 8 workers of 8 for evacuation
[2021-11-13T17:58:46.940-0800][gc,mmu      ] GC(704) MMU target violated: 21.0ms (20.0ms/21.0ms)
[2021-11-13T17:58:46.940-0800][gc,phases   ] GC(704)   Pre Evacuate Collection Set: 0.2ms
[2021-11-13T17:58:46.940-0800][gc,phases   ] GC(704)   Merge Heap Roots: 0.2ms
[2021-11-13T17:58:46.940-0800][gc,phases   ] GC(704)   Evacuate Collection Set: 21.2ms
[2021-11-13T17:58:46.940-0800][gc,phases   ] GC(704)   Post Evacuate Collection Set: 0.7ms
[2021-11-13T17:58:46.940-0800][gc,phases   ] GC(704)   Other: 0.6ms
[2021-11-13T17:58:46.940-0800][gc,heap     ] GC(704) Eden regions: 589->0(417)
[2021-11-13T17:58:46.940-0800][gc,heap     ] GC(704) Survivor regions: 9->10(75)
[2021-11-13T17:58:46.940-0800][gc,heap     ] GC(704) Old regions: 176->176
[2021-11-13T17:58:46.940-0800][gc,heap     ] GC(704) Archive regions: 2->2
[2021-11-13T17:58:46.940-0800][gc,heap     ] GC(704) Humongous regions: 129->129
[2021-11-13T17:58:46.940-0800][gc,metaspace] GC(704) Metaspace: 41306K(42048K)->41306K(42048K) NonClass: 36521K(36928K)->36521K(36928K) Class: 4784K(5120K)->4784K(5120K)
[2021-11-13T17:58:46.940-0800][gc          ] GC(704) Pause Young (Normal) (G1 Evacuation Pause) 902M->314M(1024M) 23.027ms
[2021-11-13T17:58:46.940-0800][gc,cpu      ] GC(704) User=0.05s Sys=0.02s Real=0.03s
[2021-11-13T18:01:30.523-0800][gc,start    ] GC(705) Pause Young (Normal) (G1 Evacuation Pause)
[2021-11-13T18:01:30.524-0800][gc,task     ] GC(705) Using 8 workers of 8 for evacuation
[2021-11-13T18:01:30.544-0800][gc,phases   ] GC(705)   Pre Evacuate Collection Set: 0.2ms
[2021-11-13T18:01:30.544-0800][gc,phases   ] GC(705)   Merge Heap Roots: 0.2ms
[2021-11-13T18:01:30.544-0800][gc,phases   ] GC(705)   Evacuate Collection Set: 18.6ms
[2021-11-13T18:01:30.544-0800][gc,phases   ] GC(705)   Post Evacuate Collection Set: 0.5ms
[2021-11-13T18:01:30.544-0800][gc,phases   ] GC(705)   Other: 1.3ms
[2021-11-13T18:01:30.544-0800][gc,heap     ] GC(705) Eden regions: 417->0(590)
[2021-11-13T18:01:30.544-0800][gc,heap     ] GC(705) Survivor regions: 10->10(54)
[2021-11-13T18:01:30.544-0800][gc,heap     ] GC(705) Old regions: 176->176
[2021-11-13T18:01:30.544-0800][gc,heap     ] GC(705) Archive regions: 2->2
[2021-11-13T18:01:30.544-0800][gc,heap     ] GC(705) Humongous regions: 129->129
[2021-11-13T18:01:30.545-0800][gc,metaspace] GC(705) Metaspace: 41306K(42048K)->41306K(42048K) NonClass: 36521K(36928K)->36521K(36928K) Class: 4784K(5120K)->4784K(5120K)
[2021-11-13T18:01:30.545-0800][gc          ] GC(705) Pause Young (Normal) (G1 Evacuation Pause) 731M->314M(1024M) 21.243ms
[2021-11-13T18:01:30.545-0800][gc,cpu      ] GC(705) User=0.06s Sys=0.01s Real=0.02s
[2021-11-13T18:05:22.396-0800][gc,start    ] GC(706) Pause Young (Normal) (G1 Evacuation Pause)
[2021-11-13T18:05:22.397-0800][gc,task     ] GC(706) Using 8 workers of 8 for evacuation
[2021-11-13T18:05:22.416-0800][gc,phases   ] GC(706)   Pre Evacuate Collection Set: 0.4ms
[2021-11-13T18:05:22.416-0800][gc,phases   ] GC(706)   Merge Heap Roots: 0.3ms
[2021-11-13T18:05:22.416-0800][gc,phases   ] GC(706)   Evacuate Collection Set: 16.6ms
[2021-11-13T18:05:22.416-0800][gc,phases   ] GC(706)   Post Evacuate Collection Set: 0.6ms
[2021-11-13T18:05:22.416-0800][gc,phases   ] GC(706)   Other: 1.6ms
[2021-11-13T18:05:22.416-0800][gc,heap     ] GC(706) Eden regions: 590->0(591)
[2021-11-13T18:05:22.416-0800][gc,heap     ] GC(706) Survivor regions: 10->10(75)
[2021-11-13T18:05:22.416-0800][gc,heap     ] GC(706) Old regions: 176->176
[2021-11-13T18:05:22.416-0800][gc,heap     ] GC(706) Archive regions: 2->2
[2021-11-13T18:05:22.416-0800][gc,heap     ] GC(706) Humongous regions: 129->129
[2021-11-13T18:05:22.416-0800][gc,metaspace] GC(706) Metaspace: 41306K(42048K)->41306K(42048K) NonClass: 36521K(36928K)->36521K(36928K) Class: 4784K(5120K)->4784K(5120K)
[2021-11-13T18:05:22.416-0800][gc          ] GC(706) Pause Young (Normal) (G1 Evacuation Pause) 904M->314M(1024M) 19.641ms
[2021-11-13T18:05:22.416-0800][gc,cpu      ] GC(706) User=0.06s Sys=0.01s Real=0.02s
[2021-11-13T18:09:14.246-0800][gc,start    ] GC(707) Pause Young (Normal) (G1 Evacuation Pause)
[2021-11-13T18:09:14.247-0800][gc,task     ] GC(707) Using 8 workers of 8 for evacuation
[2021-11-13T18:09:14.265-0800][gc,phases   ] GC(707)   Pre Evacuate Collection Set: 0.4ms
[2021-11-13T18:09:14.265-0800][gc,phases   ] GC(707)   Merge Heap Roots: 0.2ms
[2021-11-13T18:09:14.265-0800][gc,phases   ] GC(707)   Evacuate Collection Set: 16.8ms
[2021-11-13T18:09:14.265-0800][gc,phases   ] GC(707)   Post Evacuate Collection Set: 0.7ms
[2021-11-13T18:09:14.265-0800][gc,phases   ] GC(707)   Other: 1.7ms
[2021-11-13T18:09:14.265-0800][gc,heap     ] GC(707) Eden regions: 591->0(593)
[2021-11-13T18:09:14.265-0800][gc,heap     ] GC(707) Survivor regions: 10->10(76)
[2021-11-13T18:09:14.265-0800][gc,heap     ] GC(707) Old regions: 176->176
[2021-11-13T18:09:14.265-0800][gc,heap     ] GC(707) Archive regions: 2->2
[2021-11-13T18:09:14.265-0800][gc,heap     ] GC(707) Humongous regions: 129->129
[2021-11-13T18:09:14.265-0800][gc,metaspace] GC(707) Metaspace: 41306K(42048K)->41306K(42048K) NonClass: 36521K(36928K)->36521K(36928K) Class: 4784K(5120K)->4784K(5120K)
[2021-11-13T18:09:14.265-0800][gc          ] GC(707) Pause Young (Normal) (G1 Evacuation Pause) 905M->314M(1024M) 19.836ms
[2021-11-13T18:09:14.265-0800][gc,cpu      ] GC(707) User=0.07s Sys=0.01s Real=0.02s
[2021-11-13T18:13:07.065-0800][gc,start    ] GC(708) Pause Young (Normal) (G1 Evacuation Pause)
[2021-11-13T18:13:07.066-0800][gc,task     ] GC(708) Using 8 workers of 8 for evacuation
[2021-11-13T18:13:07.084-0800][gc,phases   ] GC(708)   Pre Evacuate Collection Set: 0.4ms
[2021-11-13T18:13:07.101-0800][gc,phases   ] GC(708)   Merge Heap Roots: 0.3ms
[2021-11-13T18:13:07.101-0800][gc,phases   ] GC(708)   Evacuate Collection Set: 17.4ms
[2021-11-13T18:13:07.101-0800][gc,phases   ] GC(708)   Post Evacuate Collection Set: 0.6ms
[2021-11-13T18:13:07.101-0800][gc,phases   ] GC(708)   Other: 0.6ms
[2021-11-13T18:13:07.101-0800][gc,heap     ] GC(708) Eden regions: 593->0(594)
[2021-11-13T18:13:07.101-0800][gc,heap     ] GC(708) Survivor regions: 10->10(76)
[2021-11-13T18:13:07.101-0800][gc,heap     ] GC(708) Old regions: 176->176
[2021-11-13T18:13:07.101-0800][gc,heap     ] GC(708) Archive regions: 2->2
[2021-11-13T18:13:07.101-0800][gc,heap     ] GC(708) Humongous regions: 129->129
[2021-11-13T18:13:07.101-0800][gc,metaspace] GC(708) Metaspace: 41306K(42048K)->41306K(42048K) NonClass: 36521K(36928K)->36521K(36928K) Class: 4784K(5120K)->4784K(5120K)
[2021-11-13T18:13:07.101-0800][gc          ] GC(708) Pause Young (Normal) (G1 Evacuation Pause) 907M->314M(1024M) 35.874ms
[2021-11-13T18:13:07.101-0800][gc,cpu      ] GC(708) User=0.06s Sys=0.01s Real=0.04s
[2021-11-13T18:17:00.945-0800][gc,start    ] GC(709) Pause Young (Normal) (G1 Evacuation Pause)
[2021-11-13T18:17:00.945-0800][gc,task     ] GC(709) Using 8 workers of 8 for evacuation
[2021-11-13T18:17:00.966-0800][gc,mmu      ] GC(709) MMU target violated: 20.7ms (20.0ms/21.0ms)
[2021-11-13T18:17:00.966-0800][gc,phases   ] GC(709)   Pre Evacuate Collection Set: 0.3ms
[2021-11-13T18:17:00.966-0800][gc,phases   ] GC(709)   Merge Heap Roots: 0.3ms
[2021-11-13T18:17:00.966-0800][gc,phases   ] GC(709)   Evacuate Collection Set: 19.3ms
[2021-11-13T18:17:00.966-0800][gc,phases   ] GC(709)   Post Evacuate Collection Set: 0.6ms
[2021-11-13T18:17:00.966-0800][gc,phases   ] GC(709)   Other: 0.6ms
[2021-11-13T18:17:00.966-0800][gc,heap     ] GC(709) Eden regions: 594->0(592)
[2021-11-13T18:17:00.966-0800][gc,heap     ] GC(709) Survivor regions: 10->11(76)
[2021-11-13T18:17:00.966-0800][gc,heap     ] GC(709) Old regions: 176->176
[2021-11-13T18:17:00.966-0800][gc,heap     ] GC(709) Archive regions: 2->2
[2021-11-13T18:17:00.966-0800][gc,heap     ] GC(709) Humongous regions: 129->129
[2021-11-13T18:17:00.966-0800][gc,metaspace] GC(709) Metaspace: 41306K(42048K)->41306K(42048K) NonClass: 36521K(36928K)->36521K(36928K) Class: 4784K(5120K)->4784K(5120K)
[2021-11-13T18:17:00.966-0800][gc          ] GC(709) Pause Young (Normal) (G1 Evacuation Pause) 908M->315M(1024M) 21.285ms
[2021-11-13T18:17:00.966-0800][gc,cpu      ] GC(709) User=0.07s Sys=0.01s Real=0.02s
[2021-11-13T18:20:57.563-0800][gc,start    ] GC(710) Pause Young (Normal) (G1 Evacuation Pause)
[2021-11-13T18:20:57.581-0800][gc,task     ] GC(710) Using 8 workers of 8 for evacuation
[2021-11-13T18:20:57.602-0800][gc,mmu      ] GC(710) MMU target violated: 20.3ms (20.0ms/21.0ms)
[2021-11-13T18:20:57.602-0800][gc,phases   ] GC(710)   Pre Evacuate Collection Set: 0.4ms
[2021-11-13T18:20:57.602-0800][gc,phases   ] GC(710)   Merge Heap Roots: 0.3ms
[2021-11-13T18:20:57.602-0800][gc,phases   ] GC(710)   Evacuate Collection Set: 18.9ms
[2021-11-13T18:20:57.602-0800][gc,phases   ] GC(710)   Post Evacuate Collection Set: 0.6ms
[2021-11-13T18:20:57.602-0800][gc,phases   ] GC(710)   Other: 18.8ms
[2021-11-13T18:20:57.602-0800][gc,heap     ] GC(710) Eden regions: 592->0(594)
[2021-11-13T18:20:57.602-0800][gc,heap     ] GC(710) Survivor regions: 11->10(76)
[2021-11-13T18:20:57.602-0800][gc,heap     ] GC(710) Old regions: 176->176
[2021-11-13T18:20:57.602-0800][gc,heap     ] GC(710) Archive regions: 2->2
[2021-11-13T18:20:57.602-0800][gc,heap     ] GC(710) Humongous regions: 129->129
[2021-11-13T18:20:57.602-0800][gc,metaspace] GC(710) Metaspace: 41306K(42048K)->41306K(42048K) NonClass: 36521K(36928K)->36521K(36928K) Class: 4784K(5120K)->4784K(5120K)
[2021-11-13T18:20:57.602-0800][gc          ] GC(710) Pause Young (Normal) (G1 Evacuation Pause) 907M->314M(1024M) 39.054ms
[2021-11-13T18:20:57.602-0800][gc,cpu      ] GC(710) User=0.07s Sys=0.01s Real=0.04s
[2021-11-13T18:24:51.278-0800][gc,start    ] GC(711) Pause Young (Normal) (G1 Evacuation Pause)
[2021-11-13T18:24:51.279-0800][gc,task     ] GC(711) Using 8 workers of 8 for evacuation
[2021-11-13T18:24:51.297-0800][gc,phases   ] GC(711)   Pre Evacuate Collection Set: 0.3ms
[2021-11-13T18:24:51.297-0800][gc,phases   ] GC(711)   Merge Heap Roots: 0.3ms
[2021-11-13T18:24:51.297-0800][gc,phases   ] GC(711)   Evacuate Collection Set: 17.1ms
[2021-11-13T18:24:51.297-0800][gc,phases   ] GC(711)   Post Evacuate Collection Set: 0.5ms
[2021-11-13T18:24:51.297-0800][gc,phases   ] GC(711)   Other: 0.8ms
[2021-11-13T18:24:51.297-0800][gc,heap     ] GC(711) Eden regions: 594->0(594)
[2021-11-13T18:24:51.297-0800][gc,heap     ] GC(711) Survivor regions: 10->10(76)
[2021-11-13T18:24:51.297-0800][gc,heap     ] GC(711) Old regions: 176->176
[2021-11-13T18:24:51.297-0800][gc,heap     ] GC(711) Archive regions: 2->2
[2021-11-13T18:24:51.297-0800][gc,heap     ] GC(711) Humongous regions: 129->129
[2021-11-13T18:24:51.297-0800][gc,metaspace] GC(711) Metaspace: 41306K(42048K)->41306K(42048K) NonClass: 36521K(36928K)->36521K(36928K) Class: 4784K(5120K)->4784K(5120K)
[2021-11-13T18:24:51.297-0800][gc          ] GC(711) Pause Young (Normal) (G1 Evacuation Pause) 908M->315M(1024M) 19.048ms
[2021-11-13T18:24:51.297-0800][gc,cpu      ] GC(711) User=0.06s Sys=0.01s Real=0.02s
[2021-11-13T18:28:51.849-0800][gc,start    ] GC(712) Pause Young (Normal) (G1 Evacuation Pause)
[2021-11-13T18:28:51.849-0800][gc,task     ] GC(712) Using 8 workers of 8 for evacuation
[2021-11-13T18:28:51.869-0800][gc,phases   ] GC(712)   Pre Evacuate Collection Set: 0.4ms
[2021-11-13T18:28:51.869-0800][gc,phases   ] GC(712)   Merge Heap Roots: 0.2ms
[2021-11-13T18:28:51.869-0800][gc,phases   ] GC(712)   Evacuate Collection Set: 18.4ms
[2021-11-13T18:28:51.869-0800][gc,phases   ] GC(712)   Post Evacuate Collection Set: 0.8ms
[2021-11-13T18:28:51.869-0800][gc,phases   ] GC(712)   Other: 0.6ms
[2021-11-13T18:28:51.869-0800][gc,heap     ] GC(712) Eden regions: 594->0(595)
[2021-11-13T18:28:51.869-0800][gc,heap     ] GC(712) Survivor regions: 10->8(76)
[2021-11-13T18:28:51.869-0800][gc,heap     ] GC(712) Old regions: 176->178
[2021-11-13T18:28:51.869-0800][gc,heap     ] GC(712) Archive regions: 2->2
[2021-11-13T18:28:51.869-0800][gc,heap     ] GC(712) Humongous regions: 129->129
[2021-11-13T18:28:51.869-0800][gc,metaspace] GC(712) Metaspace: 41306K(42048K)->41306K(42048K) NonClass: 36521K(36928K)->36521K(36928K) Class: 4784K(5120K)->4784K(5120K)
[2021-11-13T18:28:51.870-0800][gc          ] GC(712) Pause Young (Normal) (G1 Evacuation Pause) 909M->315M(1024M) 20.680ms
[2021-11-13T18:28:51.870-0800][gc,cpu      ] GC(712) User=0.07s Sys=0.01s Real=0.03s
[2021-11-13T18:32:58.800-0800][gc,start    ] GC(713) Pause Young (Normal) (G1 Evacuation Pause)
[2021-11-13T18:32:58.801-0800][gc,task     ] GC(713) Using 8 workers of 8 for evacuation
[2021-11-13T18:32:58.822-0800][gc,mmu      ] GC(713) MMU target violated: 20.8ms (20.0ms/21.0ms)
[2021-11-13T18:32:58.822-0800][gc,phases   ] GC(713)   Pre Evacuate Collection Set: 0.4ms
[2021-11-13T18:32:58.822-0800][gc,phases   ] GC(713)   Merge Heap Roots: 0.5ms
[2021-11-13T18:32:58.822-0800][gc,phases   ] GC(713)   Evacuate Collection Set: 19.1ms
[2021-11-13T18:32:58.822-0800][gc,phases   ] GC(713)   Post Evacuate Collection Set: 0.6ms
[2021-11-13T18:32:58.822-0800][gc,phases   ] GC(713)   Other: 1.7ms
[2021-11-13T18:32:58.822-0800][gc,heap     ] GC(713) Eden regions: 595->0(596)
[2021-11-13T18:32:58.822-0800][gc,heap     ] GC(713) Survivor regions: 8->6(76)
[2021-11-13T18:32:58.822-0800][gc,heap     ] GC(713) Old regions: 178->180
[2021-11-13T18:32:58.822-0800][gc,heap     ] GC(713) Archive regions: 2->2
[2021-11-13T18:32:58.822-0800][gc,heap     ] GC(713) Humongous regions: 129->129
[2021-11-13T18:32:58.822-0800][gc,metaspace] GC(713) Metaspace: 41306K(42048K)->41306K(42048K) NonClass: 36521K(36928K)->36521K(36928K) Class: 4784K(5120K)->4784K(5120K)
[2021-11-13T18:32:58.822-0800][gc          ] GC(713) Pause Young (Normal) (G1 Evacuation Pause) 910M->315M(1024M) 22.434ms
[2021-11-13T18:32:58.822-0800][gc,cpu      ] GC(713) User=0.06s Sys=0.01s Real=0.03s
[2021-11-13T18:37:04.594-0800][gc,start    ] GC(714) Pause Young (Normal) (G1 Evacuation Pause)
[2021-11-13T18:37:04.594-0800][gc,task     ] GC(714) Using 8 workers of 8 for evacuation
[2021-11-13T18:37:04.632-0800][gc,phases   ] GC(714)   Pre Evacuate Collection Set: 0.4ms
[2021-11-13T18:37:04.632-0800][gc,phases   ] GC(714)   Merge Heap Roots: 0.4ms
[2021-11-13T18:37:04.632-0800][gc,phases   ] GC(714)   Evacuate Collection Set: 17.8ms
[2021-11-13T18:37:04.632-0800][gc,phases   ] GC(714)   Post Evacuate Collection Set: 1.0ms
[2021-11-13T18:37:04.632-0800][gc,phases   ] GC(714)   Other: 18.5ms
[2021-11-13T18:37:04.632-0800][gc,heap     ] GC(714) Eden regions: 596->0(596)
[2021-11-13T18:37:04.632-0800][gc,heap     ] GC(714) Survivor regions: 6->5(76)
[2021-11-13T18:37:04.632-0800][gc,heap     ] GC(714) Old regions: 180->181
[2021-11-13T18:37:04.632-0800][gc,heap     ] GC(714) Archive regions: 2->2
[2021-11-13T18:37:04.632-0800][gc,heap     ] GC(714) Humongous regions: 129->129
[2021-11-13T18:37:04.632-0800][gc,metaspace] GC(714) Metaspace: 41306K(42048K)->41306K(42048K) NonClass: 36521K(36928K)->36521K(36928K) Class: 4784K(5120K)->4784K(5120K)
[2021-11-13T18:37:04.632-0800][gc          ] GC(714) Pause Young (Normal) (G1 Evacuation Pause) 911M->315M(1024M) 38.463ms
[2021-11-13T18:37:04.632-0800][gc,cpu      ] GC(714) User=0.06s Sys=0.01s Real=0.04s
[2021-11-13T18:41:10.838-0800][gc,start    ] GC(715) Pause Young (Normal) (G1 Evacuation Pause)
[2021-11-13T18:41:10.838-0800][gc,task     ] GC(715) Using 8 workers of 8 for evacuation
[2021-11-13T18:41:10.850-0800][gc,phases   ] GC(715)   Pre Evacuate Collection Set: 0.4ms
[2021-11-13T18:41:10.850-0800][gc,phases   ] GC(715)   Merge Heap Roots: 0.3ms
[2021-11-13T18:41:10.850-0800][gc,phases   ] GC(715)   Evacuate Collection Set: 10.7ms
[2021-11-13T18:41:10.850-0800][gc,phases   ] GC(715)   Post Evacuate Collection Set: 0.5ms
[2021-11-13T18:41:10.850-0800][gc,phases   ] GC(715)   Other: 0.5ms
[2021-11-13T18:41:10.850-0800][gc,heap     ] GC(715) Eden regions: 596->0(595)
[2021-11-13T18:41:10.850-0800][gc,heap     ] GC(715) Survivor regions: 5->5(76)
[2021-11-13T18:41:10.850-0800][gc,heap     ] GC(715) Old regions: 181->182
[2021-11-13T18:41:10.850-0800][gc,heap     ] GC(715) Archive regions: 2->2
[2021-11-13T18:41:10.850-0800][gc,heap     ] GC(715) Humongous regions: 129->129
[2021-11-13T18:41:10.850-0800][gc,metaspace] GC(715) Metaspace: 41306K(42048K)->41306K(42048K) NonClass: 36521K(36928K)->36521K(36928K) Class: 4784K(5120K)->4784K(5120K)
[2021-11-13T18:41:10.850-0800][gc          ] GC(715) Pause Young (Normal) (G1 Evacuation Pause) 911M->315M(1024M) 12.372ms
[2021-11-13T18:41:10.850-0800][gc,cpu      ] GC(715) User=0.03s Sys=0.00s Real=0.02s
[2021-11-13T18:45:15.439-0800][gc,start    ] GC(716) Pause Young (Normal) (G1 Evacuation Pause)
[2021-11-13T18:45:15.439-0800][gc,task     ] GC(716) Using 8 workers of 8 for evacuation
[2021-11-13T18:45:15.449-0800][gc,phases   ] GC(716)   Pre Evacuate Collection Set: 0.4ms
[2021-11-13T18:45:15.449-0800][gc,phases   ] GC(716)   Merge Heap Roots: 0.2ms
[2021-11-13T18:45:15.449-0800][gc,phases   ] GC(716)   Evacuate Collection Set: 7.9ms
[2021-11-13T18:45:15.449-0800][gc,phases   ] GC(716)   Post Evacuate Collection Set: 1.0ms
[2021-11-13T18:45:15.449-0800][gc,phases   ] GC(716)   Other: 0.7ms
[2021-11-13T18:45:15.449-0800][gc,heap     ] GC(716) Eden regions: 595->0(596)
[2021-11-13T18:45:15.450-0800][gc,heap     ] GC(716) Survivor regions: 5->4(75)
[2021-11-13T18:45:15.450-0800][gc,heap     ] GC(716) Old regions: 182->182
[2021-11-13T18:45:15.450-0800][gc,heap     ] GC(716) Archive regions: 2->2
[2021-11-13T18:45:15.450-0800][gc,heap     ] GC(716) Humongous regions: 129->129
[2021-11-13T18:45:15.450-0800][gc,metaspace] GC(716) Metaspace: 41306K(42048K)->41306K(42048K) NonClass: 36521K(36928K)->36521K(36928K) Class: 4784K(5120K)->4784K(5120K)
[2021-11-13T18:45:15.450-0800][gc          ] GC(716) Pause Young (Normal) (G1 Evacuation Pause) 910M->314M(1024M) 10.516ms
[2021-11-13T18:45:15.450-0800][gc,cpu      ] GC(716) User=0.03s Sys=0.00s Real=0.02s
[2021-11-13T18:49:22.831-0800][gc,start    ] GC(717) Pause Young (Normal) (G1 Evacuation Pause)
[2021-11-13T18:49:22.832-0800][gc,task     ] GC(717) Using 8 workers of 8 for evacuation
[2021-11-13T18:49:22.846-0800][gc,phases   ] GC(717)   Pre Evacuate Collection Set: 0.5ms
[2021-11-13T18:49:22.849-0800][gc,phases   ] GC(717)   Merge Heap Roots: 0.4ms
[2021-11-13T18:49:22.849-0800][gc,phases   ] GC(717)   Evacuate Collection Set: 12.6ms
[2021-11-13T18:49:22.849-0800][gc,phases   ] GC(717)   Post Evacuate Collection Set: 0.6ms
[2021-11-13T18:49:22.849-0800][gc,phases   ] GC(717)   Other: 0.9ms
[2021-11-13T18:49:22.849-0800][gc,heap     ] GC(717) Eden regions: 596->0(596)
[2021-11-13T18:49:22.849-0800][gc,heap     ] GC(717) Survivor regions: 4->4(75)
[2021-11-13T18:49:22.849-0800][gc,heap     ] GC(717) Old regions: 182->182
[2021-11-13T18:49:22.849-0800][gc,heap     ] GC(717) Archive regions: 2->2
[2021-11-13T18:49:22.849-0800][gc,heap     ] GC(717) Humongous regions: 129->129
[2021-11-13T18:49:22.849-0800][gc,metaspace] GC(717) Metaspace: 41306K(42048K)->41306K(42048K) NonClass: 36521K(36928K)->36521K(36928K) Class: 4784K(5120K)->4784K(5120K)
[2021-11-13T18:49:22.849-0800][gc          ] GC(717) Pause Young (Normal) (G1 Evacuation Pause) 910M->314M(1024M) 18.317ms
[2021-11-13T18:49:22.849-0800][gc,cpu      ] GC(717) User=0.04s Sys=0.00s Real=0.01s
[2021-11-13T18:53:33.734-0800][gc,start    ] GC(718) Pause Young (Normal) (G1 Evacuation Pause)
[2021-11-13T18:53:33.735-0800][gc,task     ] GC(718) Using 8 workers of 8 for evacuation
[2021-11-13T18:53:33.745-0800][gc,phases   ] GC(718)   Pre Evacuate Collection Set: 0.2ms
[2021-11-13T18:53:33.746-0800][gc,phases   ] GC(718)   Merge Heap Roots: 0.1ms
[2021-11-13T18:53:33.746-0800][gc,phases   ] GC(718)   Evacuate Collection Set: 9.8ms
[2021-11-13T18:53:33.746-0800][gc,phases   ] GC(718)   Post Evacuate Collection Set: 0.7ms
[2021-11-13T18:53:33.746-0800][gc,phases   ] GC(718)   Other: 1.1ms
[2021-11-13T18:53:33.746-0800][gc,heap     ] GC(718) Eden regions: 596->0(596)
[2021-11-13T18:53:33.746-0800][gc,heap     ] GC(718) Survivor regions: 4->4(75)
[2021-11-13T18:53:33.746-0800][gc,heap     ] GC(718) Old regions: 182->182
[2021-11-13T18:53:33.746-0800][gc,heap     ] GC(718) Archive regions: 2->2
[2021-11-13T18:53:33.746-0800][gc,heap     ] GC(718) Humongous regions: 129->129
[2021-11-13T18:53:33.746-0800][gc,metaspace] GC(718) Metaspace: 41306K(42048K)->41306K(42048K) NonClass: 36521K(36928K)->36521K(36928K) Class: 4784K(5120K)->4784K(5120K)
[2021-11-13T18:53:33.746-0800][gc          ] GC(718) Pause Young (Normal) (G1 Evacuation Pause) 910M->314M(1024M) 12.247ms
[2021-11-13T18:53:33.746-0800][gc,cpu      ] GC(718) User=0.03s Sys=0.00s Real=0.01s
[2021-11-13T18:57:39.742-0800][gc,start    ] GC(719) Pause Young (Normal) (G1 Evacuation Pause)
[2021-11-13T18:57:39.743-0800][gc,task     ] GC(719) Using 8 workers of 8 for evacuation
[2021-11-13T18:57:39.753-0800][gc,phases   ] GC(719)   Pre Evacuate Collection Set: 0.3ms
[2021-11-13T18:57:39.753-0800][gc,phases   ] GC(719)   Merge Heap Roots: 0.2ms
[2021-11-13T18:57:39.753-0800][gc,phases   ] GC(719)   Evacuate Collection Set: 8.5ms
[2021-11-13T18:57:39.753-0800][gc,phases   ] GC(719)   Post Evacuate Collection Set: 0.8ms
[2021-11-13T18:57:39.753-0800][gc,phases   ] GC(719)   Other: 1.3ms
[2021-11-13T18:57:39.754-0800][gc,heap     ] GC(719) Eden regions: 596->0(596)
[2021-11-13T18:57:39.754-0800][gc,heap     ] GC(719) Survivor regions: 4->4(75)
[2021-11-13T18:57:39.754-0800][gc,heap     ] GC(719) Old regions: 182->182
[2021-11-13T18:57:39.754-0800][gc,heap     ] GC(719) Archive regions: 2->2
[2021-11-13T18:57:39.754-0800][gc,heap     ] GC(719) Humongous regions: 129->129
[2021-11-13T18:57:39.754-0800][gc,metaspace] GC(719) Metaspace: 41306K(42048K)->41306K(42048K) NonClass: 36521K(36928K)->36521K(36928K) Class: 4784K(5120K)->4784K(5120K)
[2021-11-13T18:57:39.754-0800][gc          ] GC(719) Pause Young (Normal) (G1 Evacuation Pause) 910M->315M(1024M) 11.425ms
[2021-11-13T18:57:39.754-0800][gc,cpu      ] GC(719) User=0.03s Sys=0.01s Real=0.01s
[2021-11-13T19:01:46.278-0800][gc,start    ] GC(720) Pause Young (Normal) (G1 Evacuation Pause)
[2021-11-13T19:01:46.278-0800][gc,task     ] GC(720) Using 8 workers of 8 for evacuation
[2021-11-13T19:01:46.291-0800][gc,phases   ] GC(720)   Pre Evacuate Collection Set: 0.7ms
[2021-11-13T19:01:46.297-0800][gc,phases   ] GC(720)   Merge Heap Roots: 0.3ms
[2021-11-13T19:01:46.297-0800][gc,phases   ] GC(720)   Evacuate Collection Set: 10.0ms
[2021-11-13T19:01:46.297-0800][gc,phases   ] GC(720)   Post Evacuate Collection Set: 0.8ms
[2021-11-13T19:01:46.297-0800][gc,phases   ] GC(720)   Other: 1.2ms
[2021-11-13T19:01:46.297-0800][gc,heap     ] GC(720) Eden regions: 596->0(596)
[2021-11-13T19:01:46.297-0800][gc,heap     ] GC(720) Survivor regions: 4->4(75)
[2021-11-13T19:01:46.297-0800][gc,heap     ] GC(720) Old regions: 182->182
[2021-11-13T19:01:46.297-0800][gc,heap     ] GC(720) Archive regions: 2->2
[2021-11-13T19:01:46.297-0800][gc,heap     ] GC(720) Humongous regions: 129->129
[2021-11-13T19:01:46.297-0800][gc,metaspace] GC(720) Metaspace: 41306K(42048K)->41306K(42048K) NonClass: 36521K(36928K)->36521K(36928K) Class: 4784K(5120K)->4784K(5120K)
[2021-11-13T19:01:46.297-0800][gc          ] GC(720) Pause Young (Normal) (G1 Evacuation Pause) 911M->315M(1024M) 19.678ms
[2021-11-13T19:01:46.297-0800][gc,cpu      ] GC(720) User=0.03s Sys=0.01s Real=0.02s
[2021-11-13T19:05:52.703-0800][gc,start    ] GC(721) Pause Young (Normal) (G1 Evacuation Pause)
[2021-11-13T19:05:52.704-0800][gc,task     ] GC(721) Using 8 workers of 8 for evacuation
[2021-11-13T19:05:52.714-0800][gc,phases   ] GC(721)   Pre Evacuate Collection Set: 0.3ms
[2021-11-13T19:05:52.714-0800][gc,phases   ] GC(721)   Merge Heap Roots: 0.2ms
[2021-11-13T19:05:52.714-0800][gc,phases   ] GC(721)   Evacuate Collection Set: 8.2ms
[2021-11-13T19:05:52.714-0800][gc,phases   ] GC(721)   Post Evacuate Collection Set: 0.8ms
[2021-11-13T19:05:52.714-0800][gc,phases   ] GC(721)   Other: 1.5ms
[2021-11-13T19:05:52.714-0800][gc,heap     ] GC(721) Eden regions: 596->0(596)
[2021-11-13T19:05:52.714-0800][gc,heap     ] GC(721) Survivor regions: 4->4(75)
[2021-11-13T19:05:52.714-0800][gc,heap     ] GC(721) Old regions: 182->182
[2021-11-13T19:05:52.714-0800][gc,heap     ] GC(721) Archive regions: 2->2
[2021-11-13T19:05:52.714-0800][gc,heap     ] GC(721) Humongous regions: 129->129
[2021-11-13T19:05:52.715-0800][gc,metaspace] GC(721) Metaspace: 41307K(42048K)->41307K(42048K) NonClass: 36522K(36928K)->36522K(36928K) Class: 4784K(5120K)->4784K(5120K)
[2021-11-13T19:05:52.715-0800][gc          ] GC(721) Pause Young (Normal) (G1 Evacuation Pause) 911M->315M(1024M) 11.280ms
[2021-11-13T19:05:52.715-0800][gc,cpu      ] GC(721) User=0.03s Sys=0.00s Real=0.01s
[2021-11-13T19:09:59.292-0800][gc,start    ] GC(722) Pause Young (Normal) (G1 Evacuation Pause)
[2021-11-13T19:09:59.293-0800][gc,task     ] GC(722) Using 8 workers of 8 for evacuation
[2021-11-13T19:09:59.307-0800][gc,phases   ] GC(722)   Pre Evacuate Collection Set: 0.3ms
[2021-11-13T19:09:59.307-0800][gc,phases   ] GC(722)   Merge Heap Roots: 0.2ms
[2021-11-13T19:09:59.307-0800][gc,phases   ] GC(722)   Evacuate Collection Set: 12.3ms
[2021-11-13T19:09:59.307-0800][gc,phases   ] GC(722)   Post Evacuate Collection Set: 0.7ms
[2021-11-13T19:09:59.307-0800][gc,phases   ] GC(722)   Other: 1.4ms
[2021-11-13T19:09:59.307-0800][gc,heap     ] GC(722) Eden regions: 596->0(596)
[2021-11-13T19:09:59.307-0800][gc,heap     ] GC(722) Survivor regions: 4->4(75)
[2021-11-13T19:09:59.307-0800][gc,heap     ] GC(722) Old regions: 182->182
[2021-11-13T19:09:59.307-0800][gc,heap     ] GC(722) Archive regions: 2->2
[2021-11-13T19:09:59.307-0800][gc,heap     ] GC(722) Humongous regions: 129->129
[2021-11-13T19:09:59.307-0800][gc,metaspace] GC(722) Metaspace: 41307K(42048K)->41307K(42048K) NonClass: 36522K(36928K)->36522K(36928K) Class: 4784K(5120K)->4784K(5120K)
[2021-11-13T19:09:59.308-0800][gc          ] GC(722) Pause Young (Normal) (G1 Evacuation Pause) 911M->315M(1024M) 15.111ms
[2021-11-13T19:09:59.308-0800][gc,cpu      ] GC(722) User=0.03s Sys=0.00s Real=0.01s
[2021-11-13T19:14:06.378-0800][gc,start    ] GC(723) Pause Young (Normal) (G1 Evacuation Pause)
[2021-11-13T19:14:06.379-0800][gc,task     ] GC(723) Using 8 workers of 8 for evacuation
[2021-11-13T19:14:06.391-0800][gc,phases   ] GC(723)   Pre Evacuate Collection Set: 0.3ms
[2021-11-13T19:14:06.391-0800][gc,phases   ] GC(723)   Merge Heap Roots: 0.1ms
[2021-11-13T19:14:06.391-0800][gc,phases   ] GC(723)   Evacuate Collection Set: 10.6ms
[2021-11-13T19:14:06.391-0800][gc,phases   ] GC(723)   Post Evacuate Collection Set: 0.6ms
[2021-11-13T19:14:06.391-0800][gc,phases   ] GC(723)   Other: 1.5ms
[2021-11-13T19:14:06.391-0800][gc,heap     ] GC(723) Eden regions: 596->0(596)
[2021-11-13T19:14:06.392-0800][gc,heap     ] GC(723) Survivor regions: 4->4(75)
[2021-11-13T19:14:06.392-0800][gc,heap     ] GC(723) Old regions: 182->182
[2021-11-13T19:14:06.392-0800][gc,heap     ] GC(723) Archive regions: 2->2
[2021-11-13T19:14:06.392-0800][gc,heap     ] GC(723) Humongous regions: 129->129
[2021-11-13T19:14:06.392-0800][gc,metaspace] GC(723) Metaspace: 41307K(42048K)->41307K(42048K) NonClass: 36522K(36928K)->36522K(36928K) Class: 4784K(5120K)->4784K(5120K)
[2021-11-13T19:14:06.392-0800][gc          ] GC(723) Pause Young (Normal) (G1 Evacuation Pause) 911M->315M(1024M) 13.353ms
[2021-11-13T19:14:06.392-0800][gc,cpu      ] GC(723) User=0.04s Sys=0.01s Real=0.02s
[2021-11-13T19:18:13.183-0800][gc,start    ] GC(724) Pause Young (Normal) (G1 Evacuation Pause)
[2021-11-13T19:18:13.200-0800][gc,task     ] GC(724) Using 8 workers of 8 for evacuation
[2021-11-13T19:18:13.215-0800][gc,phases   ] GC(724)   Pre Evacuate Collection Set: 0.4ms
[2021-11-13T19:18:13.215-0800][gc,phases   ] GC(724)   Merge Heap Roots: 0.2ms
[2021-11-13T19:18:13.215-0800][gc,phases   ] GC(724)   Evacuate Collection Set: 13.2ms
[2021-11-13T19:18:13.215-0800][gc,phases   ] GC(724)   Post Evacuate Collection Set: 0.9ms
[2021-11-13T19:18:13.215-0800][gc,phases   ] GC(724)   Other: 17.2ms
[2021-11-13T19:18:13.215-0800][gc,heap     ] GC(724) Eden regions: 596->0(596)
[2021-11-13T19:18:13.215-0800][gc,heap     ] GC(724) Survivor regions: 4->4(75)
[2021-11-13T19:18:13.215-0800][gc,heap     ] GC(724) Old regions: 182->182
[2021-11-13T19:18:13.215-0800][gc,heap     ] GC(724) Archive regions: 2->2
[2021-11-13T19:18:13.215-0800][gc,heap     ] GC(724) Humongous regions: 129->129
[2021-11-13T19:18:13.215-0800][gc,metaspace] GC(724) Metaspace: 41307K(42048K)->41307K(42048K) NonClass: 36522K(36928K)->36522K(36928K) Class: 4784K(5120K)->4784K(5120K)
[2021-11-13T19:18:13.216-0800][gc          ] GC(724) Pause Young (Normal) (G1 Evacuation Pause) 911M->315M(1024M) 32.319ms
[2021-11-13T19:18:13.216-0800][gc,cpu      ] GC(724) User=0.04s Sys=0.00s Real=0.03s
[2021-11-13T19:22:20.322-0800][gc,start    ] GC(725) Pause Young (Normal) (G1 Evacuation Pause)
[2021-11-13T19:22:20.324-0800][gc,task     ] GC(725) Using 8 workers of 8 for evacuation
[2021-11-13T19:22:20.337-0800][gc,phases   ] GC(725)   Pre Evacuate Collection Set: 0.5ms
[2021-11-13T19:22:20.337-0800][gc,phases   ] GC(725)   Merge Heap Roots: 0.3ms
[2021-11-13T19:22:20.337-0800][gc,phases   ] GC(725)   Evacuate Collection Set: 11.9ms
[2021-11-13T19:22:20.337-0800][gc,phases   ] GC(725)   Post Evacuate Collection Set: 0.7ms
[2021-11-13T19:22:20.337-0800][gc,phases   ] GC(725)   Other: 1.7ms
[2021-11-13T19:22:20.337-0800][gc,heap     ] GC(725) Eden regions: 596->0(596)
[2021-11-13T19:22:20.337-0800][gc,heap     ] GC(725) Survivor regions: 4->4(75)
[2021-11-13T19:22:20.337-0800][gc,heap     ] GC(725) Old regions: 182->182
[2021-11-13T19:22:20.337-0800][gc,heap     ] GC(725) Archive regions: 2->2
[2021-11-13T19:22:20.338-0800][gc,heap     ] GC(725) Humongous regions: 129->129
[2021-11-13T19:22:20.338-0800][gc,metaspace] GC(725) Metaspace: 41307K(42048K)->41307K(42048K) NonClass: 36522K(36928K)->36522K(36928K) Class: 4784K(5120K)->4784K(5120K)
[2021-11-13T19:22:20.338-0800][gc          ] GC(725) Pause Young (Normal) (G1 Evacuation Pause) 911M->315M(1024M) 15.280ms
[2021-11-13T19:22:20.338-0800][gc,cpu      ] GC(725) User=0.04s Sys=0.00s Real=0.01s
[2021-11-13T19:26:27.392-0800][gc,start    ] GC(726) Pause Young (Normal) (G1 Evacuation Pause)
[2021-11-13T19:26:27.393-0800][gc,task     ] GC(726) Using 8 workers of 8 for evacuation
[2021-11-13T19:26:27.405-0800][gc,phases   ] GC(726)   Pre Evacuate Collection Set: 0.5ms
[2021-11-13T19:26:27.405-0800][gc,phases   ] GC(726)   Merge Heap Roots: 0.2ms
[2021-11-13T19:26:27.405-0800][gc,phases   ] GC(726)   Evacuate Collection Set: 9.3ms
[2021-11-13T19:26:27.405-0800][gc,phases   ] GC(726)   Post Evacuate Collection Set: 1.3ms
[2021-11-13T19:26:27.405-0800][gc,phases   ] GC(726)   Other: 1.6ms
[2021-11-13T19:26:27.405-0800][gc,heap     ] GC(726) Eden regions: 596->0(596)
[2021-11-13T19:26:27.405-0800][gc,heap     ] GC(726) Survivor regions: 4->4(75)
[2021-11-13T19:26:27.405-0800][gc,heap     ] GC(726) Old regions: 182->182
[2021-11-13T19:26:27.405-0800][gc,heap     ] GC(726) Archive regions: 2->2
[2021-11-13T19:26:27.405-0800][gc,heap     ] GC(726) Humongous regions: 129->129
[2021-11-13T19:26:27.405-0800][gc,metaspace] GC(726) Metaspace: 41307K(42048K)->41307K(42048K) NonClass: 36522K(36928K)->36522K(36928K) Class: 4784K(5120K)->4784K(5120K)
[2021-11-13T19:26:27.405-0800][gc          ] GC(726) Pause Young (Normal) (G1 Evacuation Pause) 911M->315M(1024M) 13.299ms
[2021-11-13T19:26:27.405-0800][gc,cpu      ] GC(726) User=0.03s Sys=0.00s Real=0.01s
[2021-11-13T19:30:33.346-0800][gc,start    ] GC(727) Pause Young (Normal) (G1 Evacuation Pause)
[2021-11-13T19:30:33.347-0800][gc,task     ] GC(727) Using 8 workers of 8 for evacuation
[2021-11-13T19:30:33.356-0800][gc,phases   ] GC(727)   Pre Evacuate Collection Set: 0.4ms
[2021-11-13T19:30:33.356-0800][gc,phases   ] GC(727)   Merge Heap Roots: 0.2ms
[2021-11-13T19:30:33.356-0800][gc,phases   ] GC(727)   Evacuate Collection Set: 7.6ms
[2021-11-13T19:30:33.356-0800][gc,phases   ] GC(727)   Post Evacuate Collection Set: 0.7ms
[2021-11-13T19:30:33.356-0800][gc,phases   ] GC(727)   Other: 1.1ms
[2021-11-13T19:30:33.356-0800][gc,heap     ] GC(727) Eden regions: 596->0(596)
[2021-11-13T19:30:33.356-0800][gc,heap     ] GC(727) Survivor regions: 4->4(75)
[2021-11-13T19:30:33.356-0800][gc,heap     ] GC(727) Old regions: 182->182
[2021-11-13T19:30:33.356-0800][gc,heap     ] GC(727) Archive regions: 2->2
[2021-11-13T19:30:33.356-0800][gc,heap     ] GC(727) Humongous regions: 129->129
[2021-11-13T19:30:33.356-0800][gc,metaspace] GC(727) Metaspace: 41307K(42048K)->41307K(42048K) NonClass: 36522K(36928K)->36522K(36928K) Class: 4784K(5120K)->4784K(5120K)
[2021-11-13T19:30:33.356-0800][gc          ] GC(727) Pause Young (Normal) (G1 Evacuation Pause) 911M->315M(1024M) 10.250ms
[2021-11-13T19:30:33.356-0800][gc,cpu      ] GC(727) User=0.02s Sys=0.00s Real=0.01s
[2021-11-13T19:34:32.773-0800][gc,start    ] GC(728) Pause Young (Normal) (G1 Evacuation Pause)
[2021-11-13T19:34:32.774-0800][gc,task     ] GC(728) Using 8 workers of 8 for evacuation
[2021-11-13T19:34:32.790-0800][gc,phases   ] GC(728)   Pre Evacuate Collection Set: 1.6ms
[2021-11-13T19:34:32.790-0800][gc,phases   ] GC(728)   Merge Heap Roots: 0.5ms
[2021-11-13T19:34:32.790-0800][gc,phases   ] GC(728)   Evacuate Collection Set: 11.7ms
[2021-11-13T19:34:32.790-0800][gc,phases   ] GC(728)   Post Evacuate Collection Set: 1.1ms
[2021-11-13T19:34:32.790-0800][gc,phases   ] GC(728)   Other: 1.9ms
[2021-11-13T19:34:32.790-0800][gc,heap     ] GC(728) Eden regions: 596->0(595)
[2021-11-13T19:34:32.790-0800][gc,heap     ] GC(728) Survivor regions: 4->5(75)
[2021-11-13T19:34:32.790-0800][gc,heap     ] GC(728) Old regions: 182->182
[2021-11-13T19:34:32.790-0800][gc,heap     ] GC(728) Archive regions: 2->2
[2021-11-13T19:34:32.790-0800][gc,heap     ] GC(728) Humongous regions: 129->129
[2021-11-13T19:34:32.790-0800][gc,metaspace] GC(728) Metaspace: 41345K(42048K)->41345K(42048K) NonClass: 36560K(36928K)->36560K(36928K) Class: 4784K(5120K)->4784K(5120K)
[2021-11-13T19:34:32.791-0800][gc          ] GC(728) Pause Young (Normal) (G1 Evacuation Pause) 911M->315M(1024M) 17.330ms
[2021-11-13T19:34:32.791-0800][gc,cpu      ] GC(728) User=0.03s Sys=0.00s Real=0.02s
[2021-11-13T19:38:31.015-0800][gc,start    ] GC(729) Pause Young (Normal) (G1 Evacuation Pause)
[2021-11-13T19:38:31.017-0800][gc,task     ] GC(729) Using 8 workers of 8 for evacuation
[2021-11-13T19:38:31.030-0800][gc,phases   ] GC(729)   Pre Evacuate Collection Set: 0.4ms
[2021-11-13T19:38:31.031-0800][gc,phases   ] GC(729)   Merge Heap Roots: 0.2ms
[2021-11-13T19:38:31.031-0800][gc,phases   ] GC(729)   Evacuate Collection Set: 12.0ms
[2021-11-13T19:38:31.031-0800][gc,phases   ] GC(729)   Post Evacuate Collection Set: 0.8ms
[2021-11-13T19:38:31.031-0800][gc,phases   ] GC(729)   Other: 1.6ms
[2021-11-13T19:38:31.031-0800][gc,heap     ] GC(729) Eden regions: 595->0(595)
[2021-11-13T19:38:31.031-0800][gc,heap     ] GC(729) Survivor regions: 5->5(75)
[2021-11-13T19:38:31.031-0800][gc,heap     ] GC(729) Old regions: 182->182
[2021-11-13T19:38:31.031-0800][gc,heap     ] GC(729) Archive regions: 2->2
[2021-11-13T19:38:31.031-0800][gc,heap     ] GC(729) Humongous regions: 129->129
[2021-11-13T19:38:31.031-0800][gc,metaspace] GC(729) Metaspace: 41345K(42048K)->41345K(42048K) NonClass: 36560K(36928K)->36560K(36928K) Class: 4784K(5120K)->4784K(5120K)
[2021-11-13T19:38:31.031-0800][gc          ] GC(729) Pause Young (Normal) (G1 Evacuation Pause) 910M->315M(1024M) 15.479ms
[2021-11-13T19:38:31.031-0800][gc,cpu      ] GC(729) User=0.04s Sys=0.01s Real=0.02s
[2021-11-13T19:42:30.006-0800][gc,start    ] GC(730) Pause Young (Normal) (G1 Evacuation Pause)
[2021-11-13T19:42:30.007-0800][gc,task     ] GC(730) Using 8 workers of 8 for evacuation
[2021-11-13T19:42:30.020-0800][gc,phases   ] GC(730)   Pre Evacuate Collection Set: 0.3ms
[2021-11-13T19:42:30.021-0800][gc,phases   ] GC(730)   Merge Heap Roots: 0.2ms
[2021-11-13T19:42:30.021-0800][gc,phases   ] GC(730)   Evacuate Collection Set: 11.2ms
[2021-11-13T19:42:30.021-0800][gc,phases   ] GC(730)   Post Evacuate Collection Set: 0.9ms
[2021-11-13T19:42:30.021-0800][gc,phases   ] GC(730)   Other: 1.6ms
[2021-11-13T19:42:30.021-0800][gc,heap     ] GC(730) Eden regions: 595->0(595)
[2021-11-13T19:42:30.021-0800][gc,heap     ] GC(730) Survivor regions: 5->4(75)
[2021-11-13T19:42:30.021-0800][gc,heap     ] GC(730) Old regions: 182->183
[2021-11-13T19:42:30.021-0800][gc,heap     ] GC(730) Archive regions: 2->2
[2021-11-13T19:42:30.021-0800][gc,heap     ] GC(730) Humongous regions: 129->129
[2021-11-13T19:42:30.021-0800][gc,metaspace] GC(730) Metaspace: 41345K(42048K)->41345K(42048K) NonClass: 36560K(36928K)->36560K(36928K) Class: 4784K(5120K)->4784K(5120K)
[2021-11-13T19:42:30.021-0800][gc          ] GC(730) Pause Young (Normal) (G1 Evacuation Pause) 910M->315M(1024M) 14.696ms
[2021-11-13T19:42:30.021-0800][gc,cpu      ] GC(730) User=0.04s Sys=0.01s Real=0.02s
[2021-11-13T19:46:22.959-0800][gc,start    ] GC(731) Pause Young (Normal) (G1 Evacuation Pause)
[2021-11-13T19:46:22.959-0800][gc,task     ] GC(731) Using 8 workers of 8 for evacuation
[2021-11-13T19:46:22.970-0800][gc,phases   ] GC(731)   Pre Evacuate Collection Set: 0.4ms
[2021-11-13T19:46:22.970-0800][gc,phases   ] GC(731)   Merge Heap Roots: 0.2ms
[2021-11-13T19:46:22.970-0800][gc,phases   ] GC(731)   Evacuate Collection Set: 8.9ms
[2021-11-13T19:46:22.970-0800][gc,phases   ] GC(731)   Post Evacuate Collection Set: 0.8ms
[2021-11-13T19:46:22.970-0800][gc,phases   ] GC(731)   Other: 0.6ms
[2021-11-13T19:46:22.970-0800][gc,heap     ] GC(731) Eden regions: 595->0(595)
[2021-11-13T19:46:22.970-0800][gc,heap     ] GC(731) Survivor regions: 4->4(75)
[2021-11-13T19:46:22.970-0800][gc,heap     ] GC(731) Old regions: 183->183
[2021-11-13T19:46:22.970-0800][gc,heap     ] GC(731) Archive regions: 2->2
[2021-11-13T19:46:22.970-0800][gc,heap     ] GC(731) Humongous regions: 129->129
[2021-11-13T19:46:22.970-0800][gc,metaspace] GC(731) Metaspace: 41345K(42048K)->41345K(42048K) NonClass: 36560K(36928K)->36560K(36928K) Class: 4784K(5120K)->4784K(5120K)
[2021-11-13T19:46:22.970-0800][gc          ] GC(731) Pause Young (Normal) (G1 Evacuation Pause) 910M->315M(1024M) 11.241ms
[2021-11-13T19:46:22.970-0800][gc,cpu      ] GC(731) User=0.02s Sys=0.00s Real=0.02s
[2021-11-13T19:57:02.021-0800][gc,start    ] GC(732) Pause Young (Normal) (G1 Evacuation Pause)
[2021-11-13T19:57:02.023-0800][gc,task     ] GC(732) Using 8 workers of 8 for evacuation
[2021-11-13T19:57:02.034-0800][gc,phases   ] GC(732)   Pre Evacuate Collection Set: 0.4ms
[2021-11-13T19:57:02.034-0800][gc,phases   ] GC(732)   Merge Heap Roots: 0.3ms
[2021-11-13T19:57:02.034-0800][gc,phases   ] GC(732)   Evacuate Collection Set: 9.4ms
[2021-11-13T19:57:02.034-0800][gc,phases   ] GC(732)   Post Evacuate Collection Set: 0.8ms
[2021-11-13T19:57:02.034-0800][gc,phases   ] GC(732)   Other: 1.4ms
[2021-11-13T19:57:02.034-0800][gc,heap     ] GC(732) Eden regions: 595->0(594)
[2021-11-13T19:57:02.034-0800][gc,heap     ] GC(732) Survivor regions: 4->5(75)
[2021-11-13T19:57:02.034-0800][gc,heap     ] GC(732) Old regions: 183->183
[2021-11-13T19:57:02.034-0800][gc,heap     ] GC(732) Archive regions: 2->2
[2021-11-13T19:57:02.034-0800][gc,heap     ] GC(732) Humongous regions: 129->129
[2021-11-13T19:57:02.034-0800][gc,metaspace] GC(732) Metaspace: 41345K(42048K)->41345K(42048K) NonClass: 36560K(36928K)->36560K(36928K) Class: 4784K(5120K)->4784K(5120K)
[2021-11-13T19:57:02.034-0800][gc          ] GC(732) Pause Young (Normal) (G1 Evacuation Pause) 910M->316M(1024M) 12.729ms
[2021-11-13T19:57:02.034-0800][gc,cpu      ] GC(732) User=0.02s Sys=0.01s Real=0.01s
[2021-11-13T20:01:03.212-0800][gc,start    ] GC(733) Pause Young (Normal) (G1 Evacuation Pause)
[2021-11-13T20:01:03.213-0800][gc,task     ] GC(733) Using 8 workers of 8 for evacuation
[2021-11-13T20:01:03.230-0800][gc,phases   ] GC(733)   Pre Evacuate Collection Set: 0.6ms
[2021-11-13T20:01:03.230-0800][gc,phases   ] GC(733)   Merge Heap Roots: 0.3ms
[2021-11-13T20:01:03.230-0800][gc,phases   ] GC(733)   Evacuate Collection Set: 14.6ms
[2021-11-13T20:01:03.230-0800][gc,phases   ] GC(733)   Post Evacuate Collection Set: 1.1ms
[2021-11-13T20:01:03.230-0800][gc,phases   ] GC(733)   Other: 2.0ms
[2021-11-13T20:01:03.230-0800][gc,heap     ] GC(733) Eden regions: 594->0(595)
[2021-11-13T20:01:03.230-0800][gc,heap     ] GC(733) Survivor regions: 5->4(75)
[2021-11-13T20:01:03.230-0800][gc,heap     ] GC(733) Old regions: 183->183
[2021-11-13T20:01:03.230-0800][gc,heap     ] GC(733) Archive regions: 2->2
[2021-11-13T20:01:03.230-0800][gc,heap     ] GC(733) Humongous regions: 129->129
[2021-11-13T20:01:03.230-0800][gc,metaspace] GC(733) Metaspace: 41345K(42048K)->41345K(42048K) NonClass: 36560K(36928K)->36560K(36928K) Class: 4784K(5120K)->4784K(5120K)
[2021-11-13T20:01:03.231-0800][gc          ] GC(733) Pause Young (Normal) (G1 Evacuation Pause) 910M->315M(1024M) 18.704ms
[2021-11-13T20:01:03.231-0800][gc,cpu      ] GC(733) User=0.04s Sys=0.01s Real=0.02s
[2021-11-13T20:04:57.298-0800][gc,start    ] GC(734) Pause Young (Normal) (G1 Evacuation Pause)
[2021-11-13T20:04:57.299-0800][gc,task     ] GC(734) Using 8 workers of 8 for evacuation
[2021-11-13T20:04:57.313-0800][gc,phases   ] GC(734)   Pre Evacuate Collection Set: 0.5ms
[2021-11-13T20:04:57.313-0800][gc,phases   ] GC(734)   Merge Heap Roots: 0.3ms
[2021-11-13T20:04:57.313-0800][gc,phases   ] GC(734)   Evacuate Collection Set: 11.8ms
[2021-11-13T20:04:57.313-0800][gc,phases   ] GC(734)   Post Evacuate Collection Set: 1.2ms
[2021-11-13T20:04:57.313-0800][gc,phases   ] GC(734)   Other: 1.2ms
[2021-11-13T20:04:57.313-0800][gc,heap     ] GC(734) Eden regions: 595->0(596)
[2021-11-13T20:04:57.313-0800][gc,heap     ] GC(734) Survivor regions: 4->4(75)
[2021-11-13T20:04:57.313-0800][gc,heap     ] GC(734) Old regions: 183->183
[2021-11-13T20:04:57.313-0800][gc,heap     ] GC(734) Archive regions: 2->2
[2021-11-13T20:04:57.313-0800][gc,heap     ] GC(734) Humongous regions: 129->129
[2021-11-13T20:04:57.313-0800][gc,metaspace] GC(734) Metaspace: 41345K(42048K)->41345K(42048K) NonClass: 36560K(36928K)->36560K(36928K) Class: 4784K(5120K)->4784K(5120K)
[2021-11-13T20:04:57.313-0800][gc          ] GC(734) Pause Young (Normal) (G1 Evacuation Pause) 910M->315M(1024M) 15.112ms
[2021-11-13T20:04:57.313-0800][gc,cpu      ] GC(734) User=0.04s Sys=0.00s Real=0.02s
[2021-11-13T20:08:52.471-0800][gc,start    ] GC(735) Pause Young (Normal) (G1 Evacuation Pause)
[2021-11-13T20:08:52.472-0800][gc,task     ] GC(735) Using 8 workers of 8 for evacuation
[2021-11-13T20:08:52.484-0800][gc,phases   ] GC(735)   Pre Evacuate Collection Set: 0.4ms
[2021-11-13T20:08:52.484-0800][gc,phases   ] GC(735)   Merge Heap Roots: 0.2ms
[2021-11-13T20:08:52.484-0800][gc,phases   ] GC(735)   Evacuate Collection Set: 10.3ms
[2021-11-13T20:08:52.484-0800][gc,phases   ] GC(735)   Post Evacuate Collection Set: 0.9ms
[2021-11-13T20:08:52.484-0800][gc,phases   ] GC(735)   Other: 1.8ms
[2021-11-13T20:08:52.484-0800][gc,heap     ] GC(735) Eden regions: 596->0(596)
[2021-11-13T20:08:52.484-0800][gc,heap     ] GC(735) Survivor regions: 4->4(75)
[2021-11-13T20:08:52.484-0800][gc,heap     ] GC(735) Old regions: 183->183
[2021-11-13T20:08:52.484-0800][gc,heap     ] GC(735) Archive regions: 2->2
[2021-11-13T20:08:52.485-0800][gc,heap     ] GC(735) Humongous regions: 129->129
[2021-11-13T20:08:52.485-0800][gc,metaspace] GC(735) Metaspace: 41345K(42048K)->41345K(42048K) NonClass: 36560K(36928K)->36560K(36928K) Class: 4784K(5120K)->4784K(5120K)
[2021-11-13T20:08:52.485-0800][gc          ] GC(735) Pause Young (Normal) (G1 Evacuation Pause) 911M->315M(1024M) 14.111ms
[2021-11-13T20:08:52.485-0800][gc,cpu      ] GC(735) User=0.04s Sys=0.01s Real=0.01s
[2021-11-13T20:12:46.495-0800][gc,start    ] GC(736) Pause Young (Normal) (G1 Evacuation Pause)
[2021-11-13T20:12:46.496-0800][gc,task     ] GC(736) Using 8 workers of 8 for evacuation
[2021-11-13T20:12:46.510-0800][gc,phases   ] GC(736)   Pre Evacuate Collection Set: 0.4ms
[2021-11-13T20:12:46.510-0800][gc,phases   ] GC(736)   Merge Heap Roots: 0.2ms
[2021-11-13T20:12:46.510-0800][gc,phases   ] GC(736)   Evacuate Collection Set: 12.1ms
[2021-11-13T20:12:46.510-0800][gc,phases   ] GC(736)   Post Evacuate Collection Set: 1.3ms
[2021-11-13T20:12:46.510-0800][gc,phases   ] GC(736)   Other: 1.7ms
[2021-11-13T20:12:46.510-0800][gc,heap     ] GC(736) Eden regions: 596->0(594)
[2021-11-13T20:12:46.510-0800][gc,heap     ] GC(736) Survivor regions: 4->5(75)
[2021-11-13T20:12:46.511-0800][gc,heap     ] GC(736) Old regions: 183->183
[2021-11-13T20:12:46.511-0800][gc,heap     ] GC(736) Archive regions: 2->2
[2021-11-13T20:12:46.511-0800][gc,heap     ] GC(736) Humongous regions: 129->129
[2021-11-13T20:12:46.511-0800][gc,metaspace] GC(736) Metaspace: 41345K(42048K)->41345K(42048K) NonClass: 36560K(36928K)->36560K(36928K) Class: 4784K(5120K)->4784K(5120K)
[2021-11-13T20:12:46.511-0800][gc          ] GC(736) Pause Young (Normal) (G1 Evacuation Pause) 911M->316M(1024M) 15.942ms
[2021-11-13T20:12:46.511-0800][gc,cpu      ] GC(736) User=0.04s Sys=0.01s Real=0.02s
[2021-11-13T20:16:39.690-0800][gc,start    ] GC(737) Pause Young (Normal) (G1 Evacuation Pause)
[2021-11-13T20:16:39.691-0800][gc,task     ] GC(737) Using 8 workers of 8 for evacuation
[2021-11-13T20:16:39.705-0800][gc,phases   ] GC(737)   Pre Evacuate Collection Set: 0.5ms
[2021-11-13T20:16:39.705-0800][gc,phases   ] GC(737)   Merge Heap Roots: 0.3ms
[2021-11-13T20:16:39.705-0800][gc,phases   ] GC(737)   Evacuate Collection Set: 12.3ms
[2021-11-13T20:16:39.705-0800][gc,phases   ] GC(737)   Post Evacuate Collection Set: 0.7ms
[2021-11-13T20:16:39.705-0800][gc,phases   ] GC(737)   Other: 0.7ms
[2021-11-13T20:16:39.705-0800][gc,heap     ] GC(737) Eden regions: 594->0(595)
[2021-11-13T20:16:39.705-0800][gc,heap     ] GC(737) Survivor regions: 5->4(75)
[2021-11-13T20:16:39.705-0800][gc,heap     ] GC(737) Old regions: 183->183
[2021-11-13T20:16:39.705-0800][gc,heap     ] GC(737) Archive regions: 2->2
[2021-11-13T20:16:39.705-0800][gc,heap     ] GC(737) Humongous regions: 129->129
[2021-11-13T20:16:39.705-0800][gc,metaspace] GC(737) Metaspace: 41345K(42048K)->41345K(42048K) NonClass: 36560K(36928K)->36560K(36928K) Class: 4784K(5120K)->4784K(5120K)
[2021-11-13T20:16:39.705-0800][gc          ] GC(737) Pause Young (Normal) (G1 Evacuation Pause) 910M->315M(1024M) 14.520ms
[2021-11-13T20:16:39.705-0800][gc,cpu      ] GC(737) User=0.04s Sys=0.00s Real=0.01s
[2021-11-13T20:20:33.402-0800][gc,start    ] GC(738) Pause Young (Normal) (G1 Evacuation Pause)
[2021-11-13T20:20:33.402-0800][gc,task     ] GC(738) Using 8 workers of 8 for evacuation
[2021-11-13T20:20:33.417-0800][gc,phases   ] GC(738)   Pre Evacuate Collection Set: 0.4ms
[2021-11-13T20:20:33.417-0800][gc,phases   ] GC(738)   Merge Heap Roots: 0.2ms
[2021-11-13T20:20:33.417-0800][gc,phases   ] GC(738)   Evacuate Collection Set: 12.9ms
[2021-11-13T20:20:33.417-0800][gc,phases   ] GC(738)   Post Evacuate Collection Set: 0.7ms
[2021-11-13T20:20:33.417-0800][gc,phases   ] GC(738)   Other: 0.7ms
[2021-11-13T20:20:33.417-0800][gc,heap     ] GC(738) Eden regions: 595->0(596)
[2021-11-13T20:20:33.417-0800][gc,heap     ] GC(738) Survivor regions: 4->4(75)
[2021-11-13T20:20:33.417-0800][gc,heap     ] GC(738) Old regions: 183->183
[2021-11-13T20:20:33.417-0800][gc,heap     ] GC(738) Archive regions: 2->2
[2021-11-13T20:20:33.417-0800][gc,heap     ] GC(738) Humongous regions: 129->129
[2021-11-13T20:20:33.417-0800][gc,metaspace] GC(738) Metaspace: 41345K(42048K)->41345K(42048K) NonClass: 36560K(36928K)->36560K(36928K) Class: 4784K(5120K)->4784K(5120K)
[2021-11-13T20:20:33.417-0800][gc          ] GC(738) Pause Young (Normal) (G1 Evacuation Pause) 910M->316M(1024M) 15.100ms
[2021-11-13T20:20:33.417-0800][gc,cpu      ] GC(738) User=0.05s Sys=0.00s Real=0.01s
[2021-11-13T20:24:37.434-0800][gc,start    ] GC(739) Pause Young (Normal) (G1 Evacuation Pause)
[2021-11-13T20:24:37.434-0800][gc,task     ] GC(739) Using 8 workers of 8 for evacuation
[2021-11-13T20:24:37.447-0800][gc,phases   ] GC(739)   Pre Evacuate Collection Set: 0.4ms
[2021-11-13T20:24:37.447-0800][gc,phases   ] GC(739)   Merge Heap Roots: 0.2ms
[2021-11-13T20:24:37.447-0800][gc,phases   ] GC(739)   Evacuate Collection Set: 11.5ms
[2021-11-13T20:24:37.447-0800][gc,phases   ] GC(739)   Post Evacuate Collection Set: 0.8ms
[2021-11-13T20:24:37.447-0800][gc,phases   ] GC(739)   Other: 0.8ms
[2021-11-13T20:24:37.448-0800][gc,heap     ] GC(739) Eden regions: 596->0(596)
[2021-11-13T20:24:37.448-0800][gc,heap     ] GC(739) Survivor regions: 4->4(75)
[2021-11-13T20:24:37.448-0800][gc,heap     ] GC(739) Old regions: 183->183
[2021-11-13T20:24:37.448-0800][gc,heap     ] GC(739) Archive regions: 2->2
[2021-11-13T20:24:37.448-0800][gc,heap     ] GC(739) Humongous regions: 129->129
[2021-11-13T20:24:37.448-0800][gc,metaspace] GC(739) Metaspace: 41345K(42048K)->41345K(42048K) NonClass: 36560K(36928K)->36560K(36928K) Class: 4784K(5120K)->4784K(5120K)
[2021-11-13T20:24:37.448-0800][gc          ] GC(739) Pause Young (Normal) (G1 Evacuation Pause) 912M->315M(1024M) 13.747ms
[2021-11-13T20:24:37.448-0800][gc,cpu      ] GC(739) User=0.04s Sys=0.01s Real=0.01s
[2021-11-13T20:28:44.100-0800][gc,start    ] GC(740) Pause Young (Normal) (G1 Evacuation Pause)
[2021-11-13T20:28:44.100-0800][gc,task     ] GC(740) Using 8 workers of 8 for evacuation
[2021-11-13T20:28:44.119-0800][gc,phases   ] GC(740)   Pre Evacuate Collection Set: 0.9ms
[2021-11-13T20:28:44.119-0800][gc,phases   ] GC(740)   Merge Heap Roots: 0.4ms
[2021-11-13T20:28:44.119-0800][gc,phases   ] GC(740)   Evacuate Collection Set: 15.4ms
[2021-11-13T20:28:44.119-0800][gc,phases   ] GC(740)   Post Evacuate Collection Set: 1.8ms
[2021-11-13T20:28:44.119-0800][gc,phases   ] GC(740)   Other: 0.9ms
[2021-11-13T20:28:44.119-0800][gc,heap     ] GC(740) Eden regions: 596->0(596)
[2021-11-13T20:28:44.119-0800][gc,heap     ] GC(740) Survivor regions: 4->4(75)
[2021-11-13T20:28:44.119-0800][gc,heap     ] GC(740) Old regions: 183->183
[2021-11-13T20:28:44.119-0800][gc,heap     ] GC(740) Archive regions: 2->2
[2021-11-13T20:28:44.119-0800][gc,heap     ] GC(740) Humongous regions: 129->129
[2021-11-13T20:28:44.119-0800][gc,metaspace] GC(740) Metaspace: 41345K(42048K)->41345K(42048K) NonClass: 36560K(36928K)->36560K(36928K) Class: 4784K(5120K)->4784K(5120K)
[2021-11-13T20:28:44.120-0800][gc          ] GC(740) Pause Young (Normal) (G1 Evacuation Pause) 911M->316M(1024M) 19.692ms
[2021-11-13T20:28:44.120-0800][gc,cpu      ] GC(740) User=0.03s Sys=0.02s Real=0.02s
[2021-11-13T20:32:50.119-0800][gc,start    ] GC(741) Pause Young (Normal) (G1 Evacuation Pause)
[2021-11-13T20:32:50.135-0800][gc,task     ] GC(741) Using 8 workers of 8 for evacuation
[2021-11-13T20:32:50.144-0800][gc,phases   ] GC(741)   Pre Evacuate Collection Set: 0.3ms
[2021-11-13T20:32:50.144-0800][gc,phases   ] GC(741)   Merge Heap Roots: 0.1ms
[2021-11-13T20:32:50.144-0800][gc,phases   ] GC(741)   Evacuate Collection Set: 8.1ms
[2021-11-13T20:32:50.144-0800][gc,phases   ] GC(741)   Post Evacuate Collection Set: 0.9ms
[2021-11-13T20:32:50.144-0800][gc,phases   ] GC(741)   Other: 16.1ms
[2021-11-13T20:32:50.145-0800][gc,heap     ] GC(741) Eden regions: 596->0(595)
[2021-11-13T20:32:50.145-0800][gc,heap     ] GC(741) Survivor regions: 4->5(75)
[2021-11-13T20:32:50.145-0800][gc,heap     ] GC(741) Old regions: 183->183
[2021-11-13T20:32:50.145-0800][gc,heap     ] GC(741) Archive regions: 2->2
[2021-11-13T20:32:50.145-0800][gc,heap     ] GC(741) Humongous regions: 129->129
[2021-11-13T20:32:50.145-0800][gc,metaspace] GC(741) Metaspace: 41345K(42048K)->41345K(42048K) NonClass: 36560K(36928K)->36560K(36928K) Class: 4784K(5120K)->4784K(5120K)
[2021-11-13T20:32:50.145-0800][gc          ] GC(741) Pause Young (Normal) (G1 Evacuation Pause) 912M->316M(1024M) 25.843ms
[2021-11-13T20:32:50.145-0800][gc,cpu      ] GC(741) User=0.03s Sys=0.01s Real=0.03s
[2021-11-13T20:36:56.306-0800][gc,start    ] GC(742) Pause Young (Normal) (G1 Evacuation Pause)
[2021-11-13T20:36:56.308-0800][gc,task     ] GC(742) Using 8 workers of 8 for evacuation
[2021-11-13T20:36:56.322-0800][gc,phases   ] GC(742)   Pre Evacuate Collection Set: 0.4ms
[2021-11-13T20:36:56.322-0800][gc,phases   ] GC(742)   Merge Heap Roots: 0.4ms
[2021-11-13T20:36:56.322-0800][gc,phases   ] GC(742)   Evacuate Collection Set: 12.1ms
[2021-11-13T20:36:56.322-0800][gc,phases   ] GC(742)   Post Evacuate Collection Set: 1.2ms
[2021-11-13T20:36:56.322-0800][gc,phases   ] GC(742)   Other: 1.8ms
[2021-11-13T20:36:56.322-0800][gc,heap     ] GC(742) Eden regions: 595->0(595)
[2021-11-13T20:36:56.322-0800][gc,heap     ] GC(742) Survivor regions: 5->5(75)
[2021-11-13T20:36:56.322-0800][gc,heap     ] GC(742) Old regions: 183->183
[2021-11-13T20:36:56.322-0800][gc,heap     ] GC(742) Archive regions: 2->2
[2021-11-13T20:36:56.322-0800][gc,heap     ] GC(742) Humongous regions: 129->129
[2021-11-13T20:36:56.322-0800][gc,metaspace] GC(742) Metaspace: 41345K(42048K)->41345K(42048K) NonClass: 36560K(36928K)->36560K(36928K) Class: 4784K(5120K)->4784K(5120K)
[2021-11-13T20:36:56.323-0800][gc          ] GC(742) Pause Young (Normal) (G1 Evacuation Pause) 911M->316M(1024M) 16.212ms
[2021-11-13T20:36:56.323-0800][gc,cpu      ] GC(742) User=0.04s Sys=0.01s Real=0.02s
[2021-11-13T20:41:02.396-0800][gc,start    ] GC(743) Pause Young (Normal) (G1 Evacuation Pause)
[2021-11-13T20:41:02.397-0800][gc,task     ] GC(743) Using 8 workers of 8 for evacuation
[2021-11-13T20:41:02.409-0800][gc,phases   ] GC(743)   Pre Evacuate Collection Set: 0.4ms
[2021-11-13T20:41:02.409-0800][gc,phases   ] GC(743)   Merge Heap Roots: 0.2ms
[2021-11-13T20:41:02.410-0800][gc,phases   ] GC(743)   Evacuate Collection Set: 10.7ms
[2021-11-13T20:41:02.410-0800][gc,phases   ] GC(743)   Post Evacuate Collection Set: 0.8ms
[2021-11-13T20:41:02.410-0800][gc,phases   ] GC(743)   Other: 1.4ms
[2021-11-13T20:41:02.410-0800][gc,heap     ] GC(743) Eden regions: 595->0(596)
[2021-11-13T20:41:02.410-0800][gc,heap     ] GC(743) Survivor regions: 5->4(75)
[2021-11-13T20:41:02.410-0800][gc,heap     ] GC(743) Old regions: 183->183
[2021-11-13T20:41:02.410-0800][gc,heap     ] GC(743) Archive regions: 2->2
[2021-11-13T20:41:02.410-0800][gc,heap     ] GC(743) Humongous regions: 129->129
[2021-11-13T20:41:02.410-0800][gc,metaspace] GC(743) Metaspace: 41345K(42048K)->41345K(42048K) NonClass: 36560K(36928K)->36560K(36928K) Class: 4784K(5120K)->4784K(5120K)
[2021-11-13T20:41:02.410-0800][gc          ] GC(743) Pause Young (Normal) (G1 Evacuation Pause) 911M->316M(1024M) 13.733ms
[2021-11-13T20:41:02.410-0800][gc,cpu      ] GC(743) User=0.03s Sys=0.01s Real=0.02s
[2021-11-13T20:45:08.480-0800][gc,start    ] GC(744) Pause Young (Normal) (G1 Evacuation Pause)
[2021-11-13T20:45:08.481-0800][gc,task     ] GC(744) Using 8 workers of 8 for evacuation
[2021-11-13T20:45:08.491-0800][gc,phases   ] GC(744)   Pre Evacuate Collection Set: 0.3ms
[2021-11-13T20:45:08.491-0800][gc,phases   ] GC(744)   Merge Heap Roots: 0.1ms
[2021-11-13T20:45:08.491-0800][gc,phases   ] GC(744)   Evacuate Collection Set: 8.3ms
[2021-11-13T20:45:08.491-0800][gc,phases   ] GC(744)   Post Evacuate Collection Set: 0.8ms
[2021-11-13T20:45:08.491-0800][gc,phases   ] GC(744)   Other: 1.6ms
[2021-11-13T20:45:08.491-0800][gc,heap     ] GC(744) Eden regions: 596->0(596)
[2021-11-13T20:45:08.491-0800][gc,heap     ] GC(744) Survivor regions: 4->4(75)
[2021-11-13T20:45:08.491-0800][gc,heap     ] GC(744) Old regions: 183->183
[2021-11-13T20:45:08.491-0800][gc,heap     ] GC(744) Archive regions: 2->2
[2021-11-13T20:45:08.491-0800][gc,heap     ] GC(744) Humongous regions: 129->129
[2021-11-13T20:45:08.491-0800][gc,metaspace] GC(744) Metaspace: 41345K(42048K)->41345K(42048K) NonClass: 36560K(36928K)->36560K(36928K) Class: 4784K(5120K)->4784K(5120K)
[2021-11-13T20:45:08.491-0800][gc          ] GC(744) Pause Young (Normal) (G1 Evacuation Pause) 912M->316M(1024M) 11.401ms
[2021-11-13T20:45:08.491-0800][gc,cpu      ] GC(744) User=0.03s Sys=0.00s Real=0.01s
[2021-11-13T20:49:14.096-0800][gc,start    ] GC(745) Pause Young (Normal) (G1 Evacuation Pause)
[2021-11-13T20:49:14.097-0800][gc,task     ] GC(745) Using 8 workers of 8 for evacuation
[2021-11-13T20:49:14.107-0800][gc,phases   ] GC(745)   Pre Evacuate Collection Set: 0.2ms
[2021-11-13T20:49:14.107-0800][gc,phases   ] GC(745)   Merge Heap Roots: 0.1ms
[2021-11-13T20:49:14.107-0800][gc,phases   ] GC(745)   Evacuate Collection Set: 8.8ms
[2021-11-13T20:49:14.107-0800][gc,phases   ] GC(745)   Post Evacuate Collection Set: 0.6ms
[2021-11-13T20:49:14.107-0800][gc,phases   ] GC(745)   Other: 1.1ms
[2021-11-13T20:49:14.107-0800][gc,heap     ] GC(745) Eden regions: 596->0(596)
[2021-11-13T20:49:14.107-0800][gc,heap     ] GC(745) Survivor regions: 4->4(75)
[2021-11-13T20:49:14.107-0800][gc,heap     ] GC(745) Old regions: 183->183
[2021-11-13T20:49:14.107-0800][gc,heap     ] GC(745) Archive regions: 2->2
[2021-11-13T20:49:14.107-0800][gc,heap     ] GC(745) Humongous regions: 129->129
[2021-11-13T20:49:14.107-0800][gc,metaspace] GC(745) Metaspace: 41345K(42048K)->41345K(42048K) NonClass: 36560K(36928K)->36560K(36928K) Class: 4784K(5120K)->4784K(5120K)
[2021-11-13T20:49:14.107-0800][gc          ] GC(745) Pause Young (Normal) (G1 Evacuation Pause) 912M->316M(1024M) 11.035ms
[2021-11-13T20:49:14.107-0800][gc,cpu      ] GC(745) User=0.03s Sys=0.01s Real=0.01s
[2021-11-13T20:53:20.157-0800][gc,start    ] GC(746) Pause Young (Normal) (G1 Evacuation Pause)
[2021-11-13T20:53:20.158-0800][gc,task     ] GC(746) Using 8 workers of 8 for evacuation
[2021-11-13T20:53:20.168-0800][gc,phases   ] GC(746)   Pre Evacuate Collection Set: 0.2ms
[2021-11-13T20:53:20.176-0800][gc,phases   ] GC(746)   Merge Heap Roots: 0.1ms
[2021-11-13T20:53:20.176-0800][gc,phases   ] GC(746)   Evacuate Collection Set: 7.7ms
[2021-11-13T20:53:20.176-0800][gc,phases   ] GC(746)   Post Evacuate Collection Set: 1.1ms
[2021-11-13T20:53:20.176-0800][gc,phases   ] GC(746)   Other: 1.1ms
[2021-11-13T20:53:20.176-0800][gc,heap     ] GC(746) Eden regions: 596->0(596)
[2021-11-13T20:53:20.176-0800][gc,heap     ] GC(746) Survivor regions: 4->4(75)
[2021-11-13T20:53:20.176-0800][gc,heap     ] GC(746) Old regions: 183->183
[2021-11-13T20:53:20.176-0800][gc,heap     ] GC(746) Archive regions: 2->2
[2021-11-13T20:53:20.176-0800][gc,heap     ] GC(746) Humongous regions: 129->129
[2021-11-13T20:53:20.176-0800][gc,metaspace] GC(746) Metaspace: 41345K(42048K)->41345K(42048K) NonClass: 36560K(36928K)->36560K(36928K) Class: 4784K(5120K)->4784K(5120K)
[2021-11-13T20:53:20.176-0800][gc          ] GC(746) Pause Young (Normal) (G1 Evacuation Pause) 912M->316M(1024M) 19.018ms
[2021-11-13T20:53:20.177-0800][gc,cpu      ] GC(746) User=0.03s Sys=0.00s Real=0.02s
[2021-11-13T20:57:15.507-0800][gc,start    ] GC(747) Pause Young (Normal) (G1 Evacuation Pause)
[2021-11-13T20:57:15.509-0800][gc,task     ] GC(747) Using 8 workers of 8 for evacuation
[2021-11-13T20:57:15.523-0800][gc,phases   ] GC(747)   Pre Evacuate Collection Set: 0.4ms
[2021-11-13T20:57:15.523-0800][gc,phases   ] GC(747)   Merge Heap Roots: 0.2ms
[2021-11-13T20:57:15.523-0800][gc,phases   ] GC(747)   Evacuate Collection Set: 12.9ms
[2021-11-13T20:57:15.523-0800][gc,phases   ] GC(747)   Post Evacuate Collection Set: 0.9ms
[2021-11-13T20:57:15.523-0800][gc,phases   ] GC(747)   Other: 1.7ms
[2021-11-13T20:57:15.523-0800][gc,heap     ] GC(747) Eden regions: 596->0(594)
[2021-11-13T20:57:15.523-0800][gc,heap     ] GC(747) Survivor regions: 4->4(75)
[2021-11-13T20:57:15.523-0800][gc,heap     ] GC(747) Old regions: 183->184
[2021-11-13T20:57:15.523-0800][gc,heap     ] GC(747) Archive regions: 2->2
[2021-11-13T20:57:15.523-0800][gc,heap     ] GC(747) Humongous regions: 129->129
[2021-11-13T20:57:15.524-0800][gc,metaspace] GC(747) Metaspace: 41345K(42048K)->41345K(42048K) NonClass: 36560K(36928K)->36560K(36928K) Class: 4784K(5120K)->4784K(5120K)
[2021-11-13T20:57:15.524-0800][gc          ] GC(747) Pause Young (Normal) (G1 Evacuation Pause) 912M->316M(1024M) 16.312ms
[2021-11-13T20:57:15.524-0800][gc,cpu      ] GC(747) User=0.04s Sys=0.01s Real=0.02s
[2021-11-13T21:01:20.950-0800][gc,start    ] GC(748) Pause Young (Normal) (G1 Evacuation Pause)
[2021-11-13T21:01:20.951-0800][gc,task     ] GC(748) Using 8 workers of 8 for evacuation
[2021-11-13T21:01:20.961-0800][gc,phases   ] GC(748)   Pre Evacuate Collection Set: 0.3ms
[2021-11-13T21:01:20.962-0800][gc,phases   ] GC(748)   Merge Heap Roots: 0.1ms
[2021-11-13T21:01:20.962-0800][gc,phases   ] GC(748)   Evacuate Collection Set: 9.2ms
[2021-11-13T21:01:20.962-0800][gc,phases   ] GC(748)   Post Evacuate Collection Set: 0.8ms
[2021-11-13T21:01:20.962-0800][gc,phases   ] GC(748)   Other: 1.4ms
[2021-11-13T21:01:20.962-0800][gc,heap     ] GC(748) Eden regions: 594->0(595)
[2021-11-13T21:01:20.962-0800][gc,heap     ] GC(748) Survivor regions: 4->4(75)
[2021-11-13T21:01:20.962-0800][gc,heap     ] GC(748) Old regions: 184->184
[2021-11-13T21:01:20.962-0800][gc,heap     ] GC(748) Archive regions: 2->2
[2021-11-13T21:01:20.962-0800][gc,heap     ] GC(748) Humongous regions: 129->129
[2021-11-13T21:01:20.962-0800][gc,metaspace] GC(748) Metaspace: 41345K(42048K)->41345K(42048K) NonClass: 36560K(36928K)->36560K(36928K) Class: 4784K(5120K)->4784K(5120K)
[2021-11-13T21:01:20.962-0800][gc          ] GC(748) Pause Young (Normal) (G1 Evacuation Pause) 910M->316M(1024M) 12.100ms
[2021-11-13T21:01:20.962-0800][gc,cpu      ] GC(748) User=0.02s Sys=0.00s Real=0.01s
[2021-11-13T21:05:24.553-0800][gc,start    ] GC(749) Pause Young (Normal) (G1 Evacuation Pause)
[2021-11-13T21:05:24.554-0800][gc,task     ] GC(749) Using 8 workers of 8 for evacuation
[2021-11-13T21:05:24.568-0800][gc,phases   ] GC(749)   Pre Evacuate Collection Set: 0.5ms
[2021-11-13T21:05:24.568-0800][gc,phases   ] GC(749)   Merge Heap Roots: 0.2ms
[2021-11-13T21:05:24.568-0800][gc,phases   ] GC(749)   Evacuate Collection Set: 11.9ms
[2021-11-13T21:05:24.568-0800][gc,phases   ] GC(749)   Post Evacuate Collection Set: 1.1ms
[2021-11-13T21:05:24.568-0800][gc,phases   ] GC(749)   Other: 1.6ms
[2021-11-13T21:05:24.568-0800][gc,heap     ] GC(749) Eden regions: 595->0(593)
[2021-11-13T21:05:24.568-0800][gc,heap     ] GC(749) Survivor regions: 4->5(75)
[2021-11-13T21:05:24.568-0800][gc,heap     ] GC(749) Old regions: 184->184
[2021-11-13T21:05:24.569-0800][gc,heap     ] GC(749) Archive regions: 2->2
[2021-11-13T21:05:24.569-0800][gc,heap     ] GC(749) Humongous regions: 129->129
[2021-11-13T21:05:24.569-0800][gc,metaspace] GC(749) Metaspace: 41345K(42048K)->41345K(42048K) NonClass: 36560K(36928K)->36560K(36928K) Class: 4784K(5120K)->4784K(5120K)
[2021-11-13T21:05:24.569-0800][gc          ] GC(749) Pause Young (Normal) (G1 Evacuation Pause) 911M->317M(1024M) 15.562ms
[2021-11-13T21:05:24.569-0800][gc,cpu      ] GC(749) User=0.03s Sys=0.01s Real=0.01s
[2021-11-13T21:09:26.942-0800][gc,start    ] GC(750) Pause Young (Normal) (G1 Evacuation Pause)
[2021-11-13T21:09:26.943-0800][gc,task     ] GC(750) Using 8 workers of 8 for evacuation
[2021-11-13T21:09:26.956-0800][gc,phases   ] GC(750)   Pre Evacuate Collection Set: 0.3ms
[2021-11-13T21:09:26.956-0800][gc,phases   ] GC(750)   Merge Heap Roots: 0.2ms
[2021-11-13T21:09:26.956-0800][gc,phases   ] GC(750)   Evacuate Collection Set: 11.7ms
[2021-11-13T21:09:26.956-0800][gc,phases   ] GC(750)   Post Evacuate Collection Set: 0.7ms
[2021-11-13T21:09:26.956-0800][gc,phases   ] GC(750)   Other: 1.6ms
[2021-11-13T21:09:26.956-0800][gc,heap     ] GC(750) Eden regions: 593->0(593)
[2021-11-13T21:09:26.956-0800][gc,heap     ] GC(750) Survivor regions: 5->5(75)
[2021-11-13T21:09:26.956-0800][gc,heap     ] GC(750) Old regions: 184->184
[2021-11-13T21:09:26.956-0800][gc,heap     ] GC(750) Archive regions: 2->2
[2021-11-13T21:09:26.956-0800][gc,heap     ] GC(750) Humongous regions: 129->129
[2021-11-13T21:09:26.956-0800][gc,metaspace] GC(750) Metaspace: 41345K(42048K)->41345K(42048K) NonClass: 36560K(36928K)->36560K(36928K) Class: 4784K(5120K)->4784K(5120K)
[2021-11-13T21:09:26.956-0800][gc          ] GC(750) Pause Young (Normal) (G1 Evacuation Pause) 910M->318M(1024M) 14.657ms
[2021-11-13T21:09:26.956-0800][gc,cpu      ] GC(750) User=0.04s Sys=0.00s Real=0.01s
[2021-11-13T21:13:21.578-0800][gc,start    ] GC(751) Pause Young (Normal) (G1 Evacuation Pause)
[2021-11-13T21:13:21.579-0800][gc,task     ] GC(751) Using 8 workers of 8 for evacuation
[2021-11-13T21:13:21.594-0800][gc,phases   ] GC(751)   Pre Evacuate Collection Set: 0.7ms
[2021-11-13T21:13:21.595-0800][gc,phases   ] GC(751)   Merge Heap Roots: 0.3ms
[2021-11-13T21:13:21.595-0800][gc,phases   ] GC(751)   Evacuate Collection Set: 13.2ms
[2021-11-13T21:13:21.595-0800][gc,phases   ] GC(751)   Post Evacuate Collection Set: 1.0ms
[2021-11-13T21:13:21.595-0800][gc,phases   ] GC(751)   Other: 1.6ms
[2021-11-13T21:13:21.595-0800][gc,heap     ] GC(751) Eden regions: 593->0(591)
[2021-11-13T21:13:21.595-0800][gc,heap     ] GC(751) Survivor regions: 5->6(75)
[2021-11-13T21:13:21.595-0800][gc,heap     ] GC(751) Old regions: 184->184
[2021-11-13T21:13:21.595-0800][gc,heap     ] GC(751) Archive regions: 2->2
[2021-11-13T21:13:21.595-0800][gc,heap     ] GC(751) Humongous regions: 129->129
[2021-11-13T21:13:21.595-0800][gc,metaspace] GC(751) Metaspace: 41345K(42048K)->41345K(42048K) NonClass: 36560K(36928K)->36560K(36928K) Class: 4784K(5120K)->4784K(5120K)
[2021-11-13T21:13:21.595-0800][gc          ] GC(751) Pause Young (Normal) (G1 Evacuation Pause) 911M->318M(1024M) 17.443ms
[2021-11-13T21:13:21.595-0800][gc,cpu      ] GC(751) User=0.04s Sys=0.00s Real=0.02s
[2021-11-13T21:17:13.712-0800][gc,start    ] GC(752) Pause Young (Normal) (G1 Evacuation Pause)
[2021-11-13T21:17:13.719-0800][gc,task     ] GC(752) Using 8 workers of 8 for evacuation
[2021-11-13T21:17:13.731-0800][gc,phases   ] GC(752)   Pre Evacuate Collection Set: 0.4ms
[2021-11-13T21:17:13.731-0800][gc,phases   ] GC(752)   Merge Heap Roots: 0.1ms
[2021-11-13T21:17:13.731-0800][gc,phases   ] GC(752)   Evacuate Collection Set: 8.9ms
[2021-11-13T21:17:13.731-0800][gc,phases   ] GC(752)   Post Evacuate Collection Set: 1.4ms
[2021-11-13T21:17:13.731-0800][gc,phases   ] GC(752)   Other: 7.8ms
[2021-11-13T21:17:13.731-0800][gc,heap     ] GC(752) Eden regions: 591->0(593)
[2021-11-13T21:17:13.731-0800][gc,heap     ] GC(752) Survivor regions: 6->5(75)
[2021-11-13T21:17:13.731-0800][gc,heap     ] GC(752) Old regions: 184->184
[2021-11-13T21:17:13.731-0800][gc,heap     ] GC(752) Archive regions: 2->2
[2021-11-13T21:17:13.731-0800][gc,heap     ] GC(752) Humongous regions: 129->129
[2021-11-13T21:17:13.731-0800][gc,metaspace] GC(752) Metaspace: 41345K(42048K)->41345K(42048K) NonClass: 36560K(36928K)->36560K(36928K) Class: 4784K(5120K)->4784K(5120K)
[2021-11-13T21:17:13.731-0800][gc          ] GC(752) Pause Young (Normal) (G1 Evacuation Pause) 909M->317M(1024M) 18.907ms
[2021-11-13T21:17:13.731-0800][gc,cpu      ] GC(752) User=0.03s Sys=0.01s Real=0.02s
[2021-11-13T21:21:07.154-0800][gc,start    ] GC(753) Pause Young (Normal) (G1 Evacuation Pause)
[2021-11-13T21:21:07.159-0800][gc,task     ] GC(753) Using 8 workers of 8 for evacuation
[2021-11-13T21:21:07.177-0800][gc,phases   ] GC(753)   Pre Evacuate Collection Set: 0.5ms
[2021-11-13T21:21:07.177-0800][gc,phases   ] GC(753)   Merge Heap Roots: 0.3ms
[2021-11-13T21:21:07.177-0800][gc,phases   ] GC(753)   Evacuate Collection Set: 16.3ms
[2021-11-13T21:21:07.177-0800][gc,phases   ] GC(753)   Post Evacuate Collection Set: 0.6ms
[2021-11-13T21:21:07.177-0800][gc,phases   ] GC(753)   Other: 5.4ms
[2021-11-13T21:21:07.177-0800][gc,heap     ] GC(753) Eden regions: 593->0(594)
[2021-11-13T21:21:07.177-0800][gc,heap     ] GC(753) Survivor regions: 5->4(75)
[2021-11-13T21:21:07.177-0800][gc,heap     ] GC(753) Old regions: 184->184
[2021-11-13T21:21:07.177-0800][gc,heap     ] GC(753) Archive regions: 2->2
[2021-11-13T21:21:07.177-0800][gc,heap     ] GC(753) Humongous regions: 129->129
[2021-11-13T21:21:07.177-0800][gc,metaspace] GC(753) Metaspace: 41345K(42048K)->41345K(42048K) NonClass: 36560K(36928K)->36560K(36928K) Class: 4784K(5120K)->4784K(5120K)
[2021-11-13T21:21:07.177-0800][gc          ] GC(753) Pause Young (Normal) (G1 Evacuation Pause) 910M->317M(1024M) 23.208ms
[2021-11-13T21:21:07.177-0800][gc,cpu      ] GC(753) User=0.05s Sys=0.01s Real=0.02s
[2021-11-13T21:25:00.937-0800][gc,start    ] GC(754) Pause Young (Normal) (G1 Evacuation Pause)
[2021-11-13T21:25:00.938-0800][gc,task     ] GC(754) Using 8 workers of 8 for evacuation
[2021-11-13T21:25:00.949-0800][gc,phases   ] GC(754)   Pre Evacuate Collection Set: 0.2ms
[2021-11-13T21:25:00.949-0800][gc,phases   ] GC(754)   Merge Heap Roots: 0.1ms
[2021-11-13T21:25:00.949-0800][gc,phases   ] GC(754)   Evacuate Collection Set: 9.6ms
[2021-11-13T21:25:00.949-0800][gc,phases   ] GC(754)   Post Evacuate Collection Set: 0.6ms
[2021-11-13T21:25:00.949-0800][gc,phases   ] GC(754)   Other: 1.1ms
[2021-11-13T21:25:00.949-0800][gc,heap     ] GC(754) Eden regions: 594->0(592)
[2021-11-13T21:25:00.949-0800][gc,heap     ] GC(754) Survivor regions: 4->6(75)
[2021-11-13T21:25:00.949-0800][gc,heap     ] GC(754) Old regions: 184->184
[2021-11-13T21:25:00.949-0800][gc,heap     ] GC(754) Archive regions: 2->2
[2021-11-13T21:25:00.949-0800][gc,heap     ] GC(754) Humongous regions: 129->129
[2021-11-13T21:25:00.949-0800][gc,metaspace] GC(754) Metaspace: 41345K(42048K)->41345K(42048K) NonClass: 36560K(36928K)->36560K(36928K) Class: 4784K(5120K)->4784K(5120K)
[2021-11-13T21:25:00.949-0800][gc          ] GC(754) Pause Young (Normal) (G1 Evacuation Pause) 911M->318M(1024M) 11.842ms
[2021-11-13T21:25:00.949-0800][gc,cpu      ] GC(754) User=0.02s Sys=0.00s Real=0.01s
[2021-11-13T21:28:52.951-0800][gc,start    ] GC(755) Pause Young (Normal) (G1 Evacuation Pause)
[2021-11-13T21:28:52.952-0800][gc,task     ] GC(755) Using 8 workers of 8 for evacuation
[2021-11-13T21:28:52.961-0800][gc,phases   ] GC(755)   Pre Evacuate Collection Set: 0.3ms
[2021-11-13T21:28:52.961-0800][gc,phases   ] GC(755)   Merge Heap Roots: 0.2ms
[2021-11-13T21:28:52.961-0800][gc,phases   ] GC(755)   Evacuate Collection Set: 7.6ms
[2021-11-13T21:28:52.961-0800][gc,phases   ] GC(755)   Post Evacuate Collection Set: 0.6ms
[2021-11-13T21:28:52.961-0800][gc,phases   ] GC(755)   Other: 1.1ms
[2021-11-13T21:28:52.961-0800][gc,heap     ] GC(755) Eden regions: 592->0(591)
[2021-11-13T21:28:52.961-0800][gc,heap     ] GC(755) Survivor regions: 6->6(75)
[2021-11-13T21:28:52.961-0800][gc,heap     ] GC(755) Old regions: 184->184
[2021-11-13T21:28:52.961-0800][gc,heap     ] GC(755) Archive regions: 2->2
[2021-11-13T21:28:52.961-0800][gc,heap     ] GC(755) Humongous regions: 129->129
[2021-11-13T21:28:52.961-0800][gc,metaspace] GC(755) Metaspace: 41345K(42048K)->41345K(42048K) NonClass: 36560K(36928K)->36560K(36928K) Class: 4784K(5120K)->4784K(5120K)
[2021-11-13T21:28:52.961-0800][gc          ] GC(755) Pause Young (Normal) (G1 Evacuation Pause) 910M->318M(1024M) 10.108ms
[2021-11-13T21:28:52.961-0800][gc,cpu      ] GC(755) User=0.03s Sys=0.01s Real=0.01s
[2021-11-13T21:32:45.385-0800][gc,start    ] GC(756) Pause Young (Normal) (G1 Evacuation Pause)
[2021-11-13T21:32:45.386-0800][gc,task     ] GC(756) Using 8 workers of 8 for evacuation
[2021-11-13T21:32:45.396-0800][gc,phases   ] GC(756)   Pre Evacuate Collection Set: 0.5ms
[2021-11-13T21:32:45.396-0800][gc,phases   ] GC(756)   Merge Heap Roots: 0.2ms
[2021-11-13T21:32:45.396-0800][gc,phases   ] GC(756)   Evacuate Collection Set: 8.3ms
[2021-11-13T21:32:45.396-0800][gc,phases   ] GC(756)   Post Evacuate Collection Set: 0.7ms
[2021-11-13T21:32:45.396-0800][gc,phases   ] GC(756)   Other: 1.1ms
[2021-11-13T21:32:45.396-0800][gc,heap     ] GC(756) Eden regions: 591->0(593)
[2021-11-13T21:32:45.396-0800][gc,heap     ] GC(756) Survivor regions: 6->5(75)
[2021-11-13T21:32:45.396-0800][gc,heap     ] GC(756) Old regions: 184->184
[2021-11-13T21:32:45.396-0800][gc,heap     ] GC(756) Archive regions: 2->2
[2021-11-13T21:32:45.396-0800][gc,heap     ] GC(756) Humongous regions: 129->129
[2021-11-13T21:32:45.396-0800][gc,metaspace] GC(756) Metaspace: 41345K(42048K)->41345K(42048K) NonClass: 36560K(36928K)->36560K(36928K) Class: 4784K(5120K)->4784K(5120K)
[2021-11-13T21:32:45.396-0800][gc          ] GC(756) Pause Young (Normal) (G1 Evacuation Pause) 909M->318M(1024M) 10.971ms
[2021-11-13T21:32:45.396-0800][gc,cpu      ] GC(756) User=0.03s Sys=0.01s Real=0.01s
[2021-11-13T21:36:38.292-0800][gc,start    ] GC(757) Pause Young (Normal) (G1 Evacuation Pause)
[2021-11-13T21:36:38.300-0800][gc,task     ] GC(757) Using 8 workers of 8 for evacuation
[2021-11-13T21:36:38.312-0800][gc,phases   ] GC(757)   Pre Evacuate Collection Set: 0.5ms
[2021-11-13T21:36:38.318-0800][gc,phases   ] GC(757)   Merge Heap Roots: 0.1ms
[2021-11-13T21:36:38.318-0800][gc,phases   ] GC(757)   Evacuate Collection Set: 9.4ms
[2021-11-13T21:36:38.318-0800][gc,phases   ] GC(757)   Post Evacuate Collection Set: 0.9ms
[2021-11-13T21:36:38.318-0800][gc,phases   ] GC(757)   Other: 8.2ms
[2021-11-13T21:36:38.319-0800][gc,heap     ] GC(757) Eden regions: 593->0(593)
[2021-11-13T21:36:38.319-0800][gc,heap     ] GC(757) Survivor regions: 5->5(75)
[2021-11-13T21:36:38.319-0800][gc,heap     ] GC(757) Old regions: 184->184
[2021-11-13T21:36:38.319-0800][gc,heap     ] GC(757) Archive regions: 2->2
[2021-11-13T21:36:38.319-0800][gc,heap     ] GC(757) Humongous regions: 129->129
[2021-11-13T21:36:38.319-0800][gc,metaspace] GC(757) Metaspace: 41345K(42048K)->41345K(42048K) NonClass: 36560K(36928K)->36560K(36928K) Class: 4784K(5120K)->4784K(5120K)
[2021-11-13T21:36:38.319-0800][gc          ] GC(757) Pause Young (Normal) (G1 Evacuation Pause) 911M->318M(1024M) 26.337ms
[2021-11-13T21:36:38.319-0800][gc,cpu      ] GC(757) User=0.03s Sys=0.00s Real=0.02s
[2021-11-13T21:40:31.148-0800][gc,start    ] GC(758) Pause Young (Normal) (G1 Evacuation Pause)
[2021-11-13T21:40:31.149-0800][gc,task     ] GC(758) Using 8 workers of 8 for evacuation
[2021-11-13T21:40:31.162-0800][gc,phases   ] GC(758)   Pre Evacuate Collection Set: 0.3ms
[2021-11-13T21:40:31.168-0800][gc,phases   ] GC(758)   Merge Heap Roots: 0.2ms
[2021-11-13T21:40:31.168-0800][gc,phases   ] GC(758)   Evacuate Collection Set: 10.9ms
[2021-11-13T21:40:31.168-0800][gc,phases   ] GC(758)   Post Evacuate Collection Set: 1.0ms
[2021-11-13T21:40:31.168-0800][gc,phases   ] GC(758)   Other: 1.5ms
[2021-11-13T21:40:31.168-0800][gc,heap     ] GC(758) Eden regions: 593->0(593)
[2021-11-13T21:40:31.168-0800][gc,heap     ] GC(758) Survivor regions: 5->5(75)
[2021-11-13T21:40:31.168-0800][gc,heap     ] GC(758) Old regions: 184->184
[2021-11-13T21:40:31.169-0800][gc,heap     ] GC(758) Archive regions: 2->2
[2021-11-13T21:40:31.169-0800][gc,heap     ] GC(758) Humongous regions: 129->129
[2021-11-13T21:40:31.169-0800][gc,metaspace] GC(758) Metaspace: 41345K(42048K)->41345K(42048K) NonClass: 36560K(36928K)->36560K(36928K) Class: 4784K(5120K)->4784K(5120K)
[2021-11-13T21:40:31.169-0800][gc          ] GC(758) Pause Young (Normal) (G1 Evacuation Pause) 911M->317M(1024M) 20.447ms
[2021-11-13T21:40:31.169-0800][gc,cpu      ] GC(758) User=0.03s Sys=0.01s Real=0.02s
[2021-11-13T21:44:23.914-0800][gc,start    ] GC(759) Pause Young (Normal) (G1 Evacuation Pause)
[2021-11-13T21:44:23.920-0800][gc,task     ] GC(759) Using 8 workers of 8 for evacuation
[2021-11-13T21:44:23.938-0800][gc,phases   ] GC(759)   Pre Evacuate Collection Set: 0.6ms
[2021-11-13T21:44:23.938-0800][gc,phases   ] GC(759)   Merge Heap Roots: 0.4ms
[2021-11-13T21:44:23.938-0800][gc,phases   ] GC(759)   Evacuate Collection Set: 15.5ms
[2021-11-13T21:44:23.938-0800][gc,phases   ] GC(759)   Post Evacuate Collection Set: 0.7ms
[2021-11-13T21:44:23.938-0800][gc,phases   ] GC(759)   Other: 6.9ms
[2021-11-13T21:44:23.938-0800][gc,heap     ] GC(759) Eden regions: 593->0(594)
[2021-11-13T21:44:23.938-0800][gc,heap     ] GC(759) Survivor regions: 5->5(75)
[2021-11-13T21:44:23.938-0800][gc,heap     ] GC(759) Old regions: 184->184
[2021-11-13T21:44:23.938-0800][gc,heap     ] GC(759) Archive regions: 2->2
[2021-11-13T21:44:23.938-0800][gc,heap     ] GC(759) Humongous regions: 129->129
[2021-11-13T21:44:23.938-0800][gc,metaspace] GC(759) Metaspace: 41345K(42048K)->41345K(42048K) NonClass: 36560K(36928K)->36560K(36928K) Class: 4784K(5120K)->4784K(5120K)
[2021-11-13T21:44:23.938-0800][gc          ] GC(759) Pause Young (Normal) (G1 Evacuation Pause) 910M->317M(1024M) 24.162ms
[2021-11-13T21:44:23.938-0800][gc,cpu      ] GC(759) User=0.04s Sys=0.00s Real=0.02s
[2021-11-13T21:48:17.177-0800][gc,start    ] GC(760) Pause Young (Normal) (G1 Evacuation Pause)
[2021-11-13T21:48:17.178-0800][gc,task     ] GC(760) Using 8 workers of 8 for evacuation
[2021-11-13T21:48:17.192-0800][gc,phases   ] GC(760)   Pre Evacuate Collection Set: 0.5ms
[2021-11-13T21:48:17.192-0800][gc,phases   ] GC(760)   Merge Heap Roots: 0.3ms
[2021-11-13T21:48:17.192-0800][gc,phases   ] GC(760)   Evacuate Collection Set: 11.4ms
[2021-11-13T21:48:17.192-0800][gc,phases   ] GC(760)   Post Evacuate Collection Set: 1.3ms
[2021-11-13T21:48:17.192-0800][gc,phases   ] GC(760)   Other: 1.5ms
[2021-11-13T21:48:17.192-0800][gc,heap     ] GC(760) Eden regions: 594->0(594)
[2021-11-13T21:48:17.192-0800][gc,heap     ] GC(760) Survivor regions: 5->5(75)
[2021-11-13T21:48:17.192-0800][gc,heap     ] GC(760) Old regions: 184->184
[2021-11-13T21:48:17.192-0800][gc,heap     ] GC(760) Archive regions: 2->2
[2021-11-13T21:48:17.192-0800][gc,heap     ] GC(760) Humongous regions: 129->129
[2021-11-13T21:48:17.192-0800][gc,metaspace] GC(760) Metaspace: 41345K(42048K)->41345K(42048K) NonClass: 36560K(36928K)->36560K(36928K) Class: 4784K(5120K)->4784K(5120K)
[2021-11-13T21:48:17.192-0800][gc          ] GC(760) Pause Young (Normal) (G1 Evacuation Pause) 911M->317M(1024M) 15.180ms
[2021-11-13T21:48:17.192-0800][gc,cpu      ] GC(760) User=0.03s Sys=0.00s Real=0.02s
[2021-11-13T21:52:09.284-0800][gc,start    ] GC(761) Pause Young (Normal) (G1 Evacuation Pause)
[2021-11-13T21:52:09.288-0800][gc,task     ] GC(761) Using 8 workers of 8 for evacuation
[2021-11-13T21:52:09.302-0800][gc,phases   ] GC(761)   Pre Evacuate Collection Set: 0.4ms
[2021-11-13T21:52:09.306-0800][gc,phases   ] GC(761)   Merge Heap Roots: 0.2ms
[2021-11-13T21:52:09.306-0800][gc,phases   ] GC(761)   Evacuate Collection Set: 13.0ms
[2021-11-13T21:52:09.306-0800][gc,phases   ] GC(761)   Post Evacuate Collection Set: 0.5ms
[2021-11-13T21:52:09.306-0800][gc,phases   ] GC(761)   Other: 4.1ms
[2021-11-13T21:52:09.306-0800][gc,heap     ] GC(761) Eden regions: 594->0(592)
[2021-11-13T21:52:09.306-0800][gc,heap     ] GC(761) Survivor regions: 5->6(75)
[2021-11-13T21:52:09.306-0800][gc,heap     ] GC(761) Old regions: 184->184
[2021-11-13T21:52:09.306-0800][gc,heap     ] GC(761) Archive regions: 2->2
[2021-11-13T21:52:09.306-0800][gc,heap     ] GC(761) Humongous regions: 129->129
[2021-11-13T21:52:09.306-0800][gc,metaspace] GC(761) Metaspace: 41345K(42048K)->41345K(42048K) NonClass: 36560K(36928K)->36560K(36928K) Class: 4784K(5120K)->4784K(5120K)
[2021-11-13T21:52:09.306-0800][gc          ] GC(761) Pause Young (Normal) (G1 Evacuation Pause) 911M->318M(1024M) 21.769ms
[2021-11-13T21:52:09.306-0800][gc,cpu      ] GC(761) User=0.03s Sys=0.01s Real=0.02s
[2021-11-13T21:56:01.735-0800][gc,start    ] GC(762) Pause Young (Normal) (G1 Evacuation Pause)
[2021-11-13T21:56:01.736-0800][gc,task     ] GC(762) Using 8 workers of 8 for evacuation
[2021-11-13T21:56:01.775-0800][gc,mmu      ] GC(762) MMU target violated: 20.0ms (20.0ms/21.0ms)
[2021-11-13T21:56:01.775-0800][gc,phases   ] GC(762)   Pre Evacuate Collection Set: 0.8ms
[2021-11-13T21:56:01.775-0800][gc,phases   ] GC(762)   Merge Heap Roots: 0.2ms
[2021-11-13T21:56:01.775-0800][gc,phases   ] GC(762)   Evacuate Collection Set: 16.9ms
[2021-11-13T21:56:01.775-0800][gc,phases   ] GC(762)   Post Evacuate Collection Set: 2.4ms
[2021-11-13T21:56:01.775-0800][gc,phases   ] GC(762)   Other: 20.0ms
[2021-11-13T21:56:01.775-0800][gc,heap     ] GC(762) Eden regions: 592->0(593)
[2021-11-13T21:56:01.775-0800][gc,heap     ] GC(762) Survivor regions: 6->5(75)
[2021-11-13T21:56:01.775-0800][gc,heap     ] GC(762) Old regions: 184->184
[2021-11-13T21:56:01.775-0800][gc,heap     ] GC(762) Archive regions: 2->2
[2021-11-13T21:56:01.775-0800][gc,heap     ] GC(762) Humongous regions: 129->129
[2021-11-13T21:56:01.775-0800][gc,metaspace] GC(762) Metaspace: 41345K(42048K)->41345K(42048K) NonClass: 36560K(36928K)->36560K(36928K) Class: 4784K(5120K)->4784K(5120K)
[2021-11-13T21:56:01.775-0800][gc          ] GC(762) Pause Young (Normal) (G1 Evacuation Pause) 910M->318M(1024M) 40.361ms
[2021-11-13T21:56:01.775-0800][gc,cpu      ] GC(762) User=0.04s Sys=0.02s Real=0.04s
[2021-11-13T21:59:54.151-0800][gc,start    ] GC(763) Pause Young (Normal) (G1 Evacuation Pause)
[2021-11-13T21:59:54.152-0800][gc,task     ] GC(763) Using 8 workers of 8 for evacuation
[2021-11-13T21:59:54.164-0800][gc,phases   ] GC(763)   Pre Evacuate Collection Set: 0.4ms
[2021-11-13T21:59:54.164-0800][gc,phases   ] GC(763)   Merge Heap Roots: 0.3ms
[2021-11-13T21:59:54.164-0800][gc,phases   ] GC(763)   Evacuate Collection Set: 9.6ms
[2021-11-13T21:59:54.164-0800][gc,phases   ] GC(763)   Post Evacuate Collection Set: 1.3ms
[2021-11-13T21:59:54.164-0800][gc,phases   ] GC(763)   Other: 0.9ms
[2021-11-13T21:59:54.164-0800][gc,heap     ] GC(763) Eden regions: 593->0(593)
[2021-11-13T21:59:54.164-0800][gc,heap     ] GC(763) Survivor regions: 5->5(75)
[2021-11-13T21:59:54.164-0800][gc,heap     ] GC(763) Old regions: 184->184
[2021-11-13T21:59:54.164-0800][gc,heap     ] GC(763) Archive regions: 2->2
[2021-11-13T21:59:54.164-0800][gc,heap     ] GC(763) Humongous regions: 129->129
[2021-11-13T21:59:54.164-0800][gc,metaspace] GC(763) Metaspace: 41369K(42048K)->41369K(42048K) NonClass: 36585K(36928K)->36585K(36928K) Class: 4784K(5120K)->4784K(5120K)
[2021-11-13T21:59:54.164-0800][gc          ] GC(763) Pause Young (Normal) (G1 Evacuation Pause) 911M->317M(1024M) 12.893ms
[2021-11-13T21:59:54.164-0800][gc,cpu      ] GC(763) User=0.03s Sys=0.01s Real=0.01s
[2021-11-13T22:03:47.137-0800][gc,start    ] GC(764) Pause Young (Normal) (G1 Evacuation Pause)
[2021-11-13T22:03:47.139-0800][gc,task     ] GC(764) Using 8 workers of 8 for evacuation
[2021-11-13T22:03:47.155-0800][gc,phases   ] GC(764)   Pre Evacuate Collection Set: 0.9ms
[2021-11-13T22:03:47.155-0800][gc,phases   ] GC(764)   Merge Heap Roots: 0.3ms
[2021-11-13T22:03:47.155-0800][gc,phases   ] GC(764)   Evacuate Collection Set: 13.3ms
[2021-11-13T22:03:47.155-0800][gc,phases   ] GC(764)   Post Evacuate Collection Set: 1.5ms
[2021-11-13T22:03:47.155-0800][gc,phases   ] GC(764)   Other: 2.0ms
[2021-11-13T22:03:47.155-0800][gc,heap     ] GC(764) Eden regions: 593->0(594)
[2021-11-13T22:03:47.155-0800][gc,heap     ] GC(764) Survivor regions: 5->4(75)
[2021-11-13T22:03:47.155-0800][gc,heap     ] GC(764) Old regions: 184->185
[2021-11-13T22:03:47.155-0800][gc,heap     ] GC(764) Archive regions: 2->2
[2021-11-13T22:03:47.155-0800][gc,heap     ] GC(764) Humongous regions: 129->129
[2021-11-13T22:03:47.156-0800][gc,metaspace] GC(764) Metaspace: 41369K(42048K)->41369K(42048K) NonClass: 36585K(36928K)->36585K(36928K) Class: 4784K(5120K)->4784K(5120K)
[2021-11-13T22:03:47.156-0800][gc          ] GC(764) Pause Young (Normal) (G1 Evacuation Pause) 910M->317M(1024M) 18.155ms
[2021-11-13T22:03:47.156-0800][gc,cpu      ] GC(764) User=0.03s Sys=0.01s Real=0.02s
[2021-11-13T22:07:40.128-0800][gc,start    ] GC(765) Pause Young (Normal) (G1 Evacuation Pause)
[2021-11-13T22:07:40.128-0800][gc,task     ] GC(765) Using 8 workers of 8 for evacuation
[2021-11-13T22:07:40.144-0800][gc,phases   ] GC(765)   Pre Evacuate Collection Set: 0.5ms
[2021-11-13T22:07:40.144-0800][gc,phases   ] GC(765)   Merge Heap Roots: 0.3ms
[2021-11-13T22:07:40.144-0800][gc,phases   ] GC(765)   Evacuate Collection Set: 13.2ms
[2021-11-13T22:07:40.144-0800][gc,phases   ] GC(765)   Post Evacuate Collection Set: 1.1ms
[2021-11-13T22:07:40.144-0800][gc,phases   ] GC(765)   Other: 1.1ms
[2021-11-13T22:07:40.144-0800][gc,heap     ] GC(765) Eden regions: 594->0(594)
[2021-11-13T22:07:40.144-0800][gc,heap     ] GC(765) Survivor regions: 4->4(75)
[2021-11-13T22:07:40.144-0800][gc,heap     ] GC(765) Old regions: 185->185
[2021-11-13T22:07:40.144-0800][gc,heap     ] GC(765) Archive regions: 2->2
[2021-11-13T22:07:40.144-0800][gc,heap     ] GC(765) Humongous regions: 129->129
[2021-11-13T22:07:40.144-0800][gc,metaspace] GC(765) Metaspace: 41370K(42048K)->41370K(42048K) NonClass: 36585K(36928K)->36585K(36928K) Class: 4784K(5120K)->4784K(5120K)
[2021-11-13T22:07:40.144-0800][gc          ] GC(765) Pause Young (Normal) (G1 Evacuation Pause) 911M->317M(1024M) 16.336ms
[2021-11-13T22:07:40.144-0800][gc,cpu      ] GC(765) User=0.04s Sys=0.01s Real=0.02s
[2021-11-13T22:11:33.165-0800][gc,start    ] GC(766) Pause Young (Normal) (G1 Evacuation Pause)
[2021-11-13T22:11:33.183-0800][gc,task     ] GC(766) Using 8 workers of 8 for evacuation
[2021-11-13T22:11:33.205-0800][gc,mmu      ] GC(766) MMU target violated: 21.0ms (20.0ms/21.0ms)
[2021-11-13T22:11:33.206-0800][gc,phases   ] GC(766)   Pre Evacuate Collection Set: 1.0ms
[2021-11-13T22:11:33.206-0800][gc,phases   ] GC(766)   Merge Heap Roots: 0.7ms
[2021-11-13T22:11:33.206-0800][gc,phases   ] GC(766)   Evacuate Collection Set: 17.9ms
[2021-11-13T22:11:33.206-0800][gc,phases   ] GC(766)   Post Evacuate Collection Set: 2.0ms
[2021-11-13T22:11:33.206-0800][gc,phases   ] GC(766)   Other: 18.9ms
[2021-11-13T22:11:33.206-0800][gc,heap     ] GC(766) Eden regions: 594->0(593)
[2021-11-13T22:11:33.206-0800][gc,heap     ] GC(766) Survivor regions: 4->4(75)
[2021-11-13T22:11:33.206-0800][gc,heap     ] GC(766) Old regions: 185->185
[2021-11-13T22:11:33.206-0800][gc,heap     ] GC(766) Archive regions: 2->2
[2021-11-13T22:11:33.206-0800][gc,heap     ] GC(766) Humongous regions: 129->129
[2021-11-13T22:11:33.206-0800][gc,metaspace] GC(766) Metaspace: 41370K(42048K)->41370K(42048K) NonClass: 36585K(36928K)->36585K(36928K) Class: 4784K(5120K)->4784K(5120K)
[2021-11-13T22:11:33.206-0800][gc          ] GC(766) Pause Young (Normal) (G1 Evacuation Pause) 911M->318M(1024M) 40.584ms
[2021-11-13T22:11:33.206-0800][gc,cpu      ] GC(766) User=0.04s Sys=0.03s Real=0.04s
[2021-11-13T22:15:25.583-0800][gc,start    ] GC(767) Pause Young (Normal) (G1 Evacuation Pause)
[2021-11-13T22:15:25.584-0800][gc,task     ] GC(767) Using 8 workers of 8 for evacuation
[2021-11-13T22:15:25.599-0800][gc,phases   ] GC(767)   Pre Evacuate Collection Set: 0.5ms
[2021-11-13T22:15:25.599-0800][gc,phases   ] GC(767)   Merge Heap Roots: 0.2ms
[2021-11-13T22:15:25.599-0800][gc,phases   ] GC(767)   Evacuate Collection Set: 12.9ms
[2021-11-13T22:15:25.599-0800][gc,phases   ] GC(767)   Post Evacuate Collection Set: 0.8ms
[2021-11-13T22:15:25.599-0800][gc,phases   ] GC(767)   Other: 1.9ms
[2021-11-13T22:15:25.599-0800][gc,heap     ] GC(767) Eden regions: 593->0(591)
[2021-11-13T22:15:25.599-0800][gc,heap     ] GC(767) Survivor regions: 4->5(75)
[2021-11-13T22:15:25.599-0800][gc,heap     ] GC(767) Old regions: 185->185
[2021-11-13T22:15:25.599-0800][gc,heap     ] GC(767) Archive regions: 2->2
[2021-11-13T22:15:25.599-0800][gc,heap     ] GC(767) Humongous regions: 129->129
[2021-11-13T22:15:25.599-0800][gc,metaspace] GC(767) Metaspace: 41370K(42048K)->41370K(42048K) NonClass: 36585K(36928K)->36585K(36928K) Class: 4784K(5120K)->4784K(5120K)
[2021-11-13T22:15:25.599-0800][gc          ] GC(767) Pause Young (Normal) (G1 Evacuation Pause) 911M->319M(1024M) 16.594ms
[2021-11-13T22:15:25.599-0800][gc,cpu      ] GC(767) User=0.05s Sys=0.01s Real=0.01s
[2021-11-13T22:19:17.820-0800][gc,start    ] GC(768) Pause Young (Normal) (G1 Evacuation Pause)
[2021-11-13T22:19:17.821-0800][gc,task     ] GC(768) Using 8 workers of 8 for evacuation
[2021-11-13T22:19:17.835-0800][gc,phases   ] GC(768)   Pre Evacuate Collection Set: 0.4ms
[2021-11-13T22:19:17.835-0800][gc,phases   ] GC(768)   Merge Heap Roots: 0.2ms
[2021-11-13T22:19:17.835-0800][gc,phases   ] GC(768)   Evacuate Collection Set: 11.3ms
[2021-11-13T22:19:17.835-0800][gc,phases   ] GC(768)   Post Evacuate Collection Set: 1.2ms
[2021-11-13T22:19:17.835-0800][gc,phases   ] GC(768)   Other: 1.8ms
[2021-11-13T22:19:17.835-0800][gc,heap     ] GC(768) Eden regions: 591->0(592)
[2021-11-13T22:19:17.835-0800][gc,heap     ] GC(768) Survivor regions: 5->4(75)
[2021-11-13T22:19:17.835-0800][gc,heap     ] GC(768) Old regions: 185->185
[2021-11-13T22:19:17.835-0800][gc,heap     ] GC(768) Archive regions: 2->2
[2021-11-13T22:19:17.835-0800][gc,heap     ] GC(768) Humongous regions: 129->129
[2021-11-13T22:19:17.835-0800][gc,metaspace] GC(768) Metaspace: 41370K(42048K)->41370K(42048K) NonClass: 36585K(36928K)->36585K(36928K) Class: 4784K(5120K)->4784K(5120K)
[2021-11-13T22:19:17.835-0800][gc          ] GC(768) Pause Young (Normal) (G1 Evacuation Pause) 910M->318M(1024M) 15.249ms
[2021-11-13T22:19:17.835-0800][gc,cpu      ] GC(768) User=0.04s Sys=0.01s Real=0.01s
[2021-11-13T22:23:10.401-0800][gc,start    ] GC(769) Pause Young (Normal) (G1 Evacuation Pause)
[2021-11-13T22:23:10.402-0800][gc,task     ] GC(769) Using 8 workers of 8 for evacuation
[2021-11-13T22:23:10.417-0800][gc,phases   ] GC(769)   Pre Evacuate Collection Set: 0.4ms
[2021-11-13T22:23:10.417-0800][gc,phases   ] GC(769)   Merge Heap Roots: 0.2ms
[2021-11-13T22:23:10.417-0800][gc,phases   ] GC(769)   Evacuate Collection Set: 13.1ms
[2021-11-13T22:23:10.417-0800][gc,phases   ] GC(769)   Post Evacuate Collection Set: 1.1ms
[2021-11-13T22:23:10.417-0800][gc,phases   ] GC(769)   Other: 1.6ms
[2021-11-13T22:23:10.417-0800][gc,heap     ] GC(769) Eden regions: 592->0(593)
[2021-11-13T22:23:10.417-0800][gc,heap     ] GC(769) Survivor regions: 4->4(75)
[2021-11-13T22:23:10.417-0800][gc,heap     ] GC(769) Old regions: 185->185
[2021-11-13T22:23:10.417-0800][gc,heap     ] GC(769) Archive regions: 2->2
[2021-11-13T22:23:10.417-0800][gc,heap     ] GC(769) Humongous regions: 129->129
[2021-11-13T22:23:10.418-0800][gc,metaspace] GC(769) Metaspace: 41370K(42048K)->41370K(42048K) NonClass: 36585K(36928K)->36585K(36928K) Class: 4784K(5120K)->4784K(5120K)
[2021-11-13T22:23:10.418-0800][gc          ] GC(769) Pause Young (Normal) (G1 Evacuation Pause) 910M->318M(1024M) 16.729ms
[2021-11-13T22:23:10.418-0800][gc,cpu      ] GC(769) User=0.04s Sys=0.01s Real=0.01s
[2021-11-13T22:27:03.113-0800][gc,start    ] GC(770) Pause Young (Normal) (G1 Evacuation Pause)
[2021-11-13T22:27:03.115-0800][gc,task     ] GC(770) Using 8 workers of 8 for evacuation
[2021-11-13T22:27:03.135-0800][gc,phases   ] GC(770)   Pre Evacuate Collection Set: 1.0ms
[2021-11-13T22:27:03.135-0800][gc,phases   ] GC(770)   Merge Heap Roots: 0.3ms
[2021-11-13T22:27:03.135-0800][gc,phases   ] GC(770)   Evacuate Collection Set: 16.8ms
[2021-11-13T22:27:03.135-0800][gc,phases   ] GC(770)   Post Evacuate Collection Set: 2.0ms
[2021-11-13T22:27:03.135-0800][gc,phases   ] GC(770)   Other: 1.9ms
[2021-11-13T22:27:03.136-0800][gc,heap     ] GC(770) Eden regions: 593->0(594)
[2021-11-13T22:27:03.136-0800][gc,heap     ] GC(770) Survivor regions: 4->4(75)
[2021-11-13T22:27:03.136-0800][gc,heap     ] GC(770) Old regions: 185->185
[2021-11-13T22:27:03.136-0800][gc,heap     ] GC(770) Archive regions: 2->2
[2021-11-13T22:27:03.136-0800][gc,heap     ] GC(770) Humongous regions: 129->129
[2021-11-13T22:27:03.136-0800][gc,metaspace] GC(770) Metaspace: 41370K(42048K)->41370K(42048K) NonClass: 36585K(36928K)->36585K(36928K) Class: 4784K(5120K)->4784K(5120K)
[2021-11-13T22:27:03.136-0800][gc          ] GC(770) Pause Young (Normal) (G1 Evacuation Pause) 911M->318M(1024M) 22.334ms
[2021-11-13T22:27:03.136-0800][gc,cpu      ] GC(770) User=0.03s Sys=0.03s Real=0.02s
[2021-11-13T22:30:56.266-0800][gc,start    ] GC(771) Pause Young (Normal) (G1 Evacuation Pause)
[2021-11-13T22:30:56.267-0800][gc,task     ] GC(771) Using 8 workers of 8 for evacuation
[2021-11-13T22:30:56.286-0800][gc,phases   ] GC(771)   Pre Evacuate Collection Set: 1.0ms
[2021-11-13T22:30:56.286-0800][gc,phases   ] GC(771)   Merge Heap Roots: 0.4ms
[2021-11-13T22:30:56.286-0800][gc,phases   ] GC(771)   Evacuate Collection Set: 15.2ms
[2021-11-13T22:30:56.286-0800][gc,phases   ] GC(771)   Post Evacuate Collection Set: 2.0ms
[2021-11-13T22:30:56.286-0800][gc,phases   ] GC(771)   Other: 1.8ms
[2021-11-13T22:30:56.286-0800][gc,heap     ] GC(771) Eden regions: 594->0(592)
[2021-11-13T22:30:56.286-0800][gc,heap     ] GC(771) Survivor regions: 4->5(75)
[2021-11-13T22:30:56.286-0800][gc,heap     ] GC(771) Old regions: 185->185
[2021-11-13T22:30:56.286-0800][gc,heap     ] GC(771) Archive regions: 2->2
[2021-11-13T22:30:56.286-0800][gc,heap     ] GC(771) Humongous regions: 129->129
[2021-11-13T22:30:56.286-0800][gc,metaspace] GC(771) Metaspace: 41370K(42048K)->41370K(42048K) NonClass: 36586K(36928K)->36586K(36928K) Class: 4784K(5120K)->4784K(5120K)
[2021-11-13T22:30:56.287-0800][gc          ] GC(771) Pause Young (Normal) (G1 Evacuation Pause) 912M->319M(1024M) 20.525ms
[2021-11-13T22:30:56.287-0800][gc,cpu      ] GC(771) User=0.03s Sys=0.04s Real=0.02s
[2021-11-13T22:34:48.209-0800][gc,start    ] GC(772) Pause Young (Normal) (G1 Evacuation Pause)
[2021-11-13T22:34:48.210-0800][gc,task     ] GC(772) Using 8 workers of 8 for evacuation
[2021-11-13T22:34:48.225-0800][gc,phases   ] GC(772)   Pre Evacuate Collection Set: 0.4ms
[2021-11-13T22:34:48.225-0800][gc,phases   ] GC(772)   Merge Heap Roots: 0.3ms
[2021-11-13T22:34:48.225-0800][gc,phases   ] GC(772)   Evacuate Collection Set: 12.8ms
[2021-11-13T22:34:48.225-0800][gc,phases   ] GC(772)   Post Evacuate Collection Set: 0.6ms
[2021-11-13T22:34:48.225-0800][gc,phases   ] GC(772)   Other: 1.8ms
[2021-11-13T22:34:48.225-0800][gc,heap     ] GC(772) Eden regions: 592->0(592)
[2021-11-13T22:34:48.225-0800][gc,heap     ] GC(772) Survivor regions: 5->5(75)
[2021-11-13T22:34:48.225-0800][gc,heap     ] GC(772) Old regions: 185->185
[2021-11-13T22:34:48.225-0800][gc,heap     ] GC(772) Archive regions: 2->2
[2021-11-13T22:34:48.225-0800][gc,heap     ] GC(772) Humongous regions: 129->129
[2021-11-13T22:34:48.225-0800][gc,metaspace] GC(772) Metaspace: 41370K(42048K)->41370K(42048K) NonClass: 36586K(36928K)->36586K(36928K) Class: 4784K(5120K)->4784K(5120K)
[2021-11-13T22:34:48.225-0800][gc          ] GC(772) Pause Young (Normal) (G1 Evacuation Pause) 911M->318M(1024M) 16.071ms
[2021-11-13T22:34:48.225-0800][gc,cpu      ] GC(772) User=0.04s Sys=0.01s Real=0.02s
[2021-11-13T22:38:40.216-0800][gc,start    ] GC(773) Pause Young (Normal) (G1 Evacuation Pause)
[2021-11-13T22:38:40.216-0800][gc,task     ] GC(773) Using 8 workers of 8 for evacuation
[2021-11-13T22:38:40.232-0800][gc,phases   ] GC(773)   Pre Evacuate Collection Set: 0.6ms
[2021-11-13T22:38:40.232-0800][gc,phases   ] GC(773)   Merge Heap Roots: 0.2ms
[2021-11-13T22:38:40.232-0800][gc,phases   ] GC(773)   Evacuate Collection Set: 12.9ms
[2021-11-13T22:38:40.232-0800][gc,phases   ] GC(773)   Post Evacuate Collection Set: 1.3ms
[2021-11-13T22:38:40.232-0800][gc,phases   ] GC(773)   Other: 1.1ms
[2021-11-13T22:38:40.232-0800][gc,heap     ] GC(773) Eden regions: 592->0(594)
[2021-11-13T22:38:40.232-0800][gc,heap     ] GC(773) Survivor regions: 5->4(75)
[2021-11-13T22:38:40.232-0800][gc,heap     ] GC(773) Old regions: 185->185
[2021-11-13T22:38:40.232-0800][gc,heap     ] GC(773) Archive regions: 2->2
[2021-11-13T22:38:40.232-0800][gc,heap     ] GC(773) Humongous regions: 129->129
[2021-11-13T22:38:40.232-0800][gc,metaspace] GC(773) Metaspace: 41370K(42048K)->41370K(42048K) NonClass: 36586K(36928K)->36586K(36928K) Class: 4784K(5120K)->4784K(5120K)
[2021-11-13T22:38:40.232-0800][gc          ] GC(773) Pause Young (Normal) (G1 Evacuation Pause) 910M->318M(1024M) 16.425ms
[2021-11-13T22:38:40.232-0800][gc,cpu      ] GC(773) User=0.04s Sys=0.01s Real=0.02s
[2021-11-14T07:30:46.073-0800][gc,start    ] GC(774) Pause Young (Normal) (G1 Evacuation Pause)
[2021-11-14T07:30:46.074-0800][gc,task     ] GC(774) Using 8 workers of 8 for evacuation
[2021-11-14T07:30:46.098-0800][gc,mmu      ] GC(774) MMU target violated: 21.0ms (20.0ms/21.0ms)
[2021-11-14T07:30:46.098-0800][gc,phases   ] GC(774)   Pre Evacuate Collection Set: 1.0ms
[2021-11-14T07:30:46.098-0800][gc,phases   ] GC(774)   Merge Heap Roots: 0.7ms
[2021-11-14T07:30:46.098-0800][gc,phases   ] GC(774)   Evacuate Collection Set: 18.9ms
[2021-11-14T07:30:46.098-0800][gc,phases   ] GC(774)   Post Evacuate Collection Set: 2.7ms
[2021-11-14T07:30:46.098-0800][gc,phases   ] GC(774)   Other: 2.2ms
[2021-11-14T07:30:46.098-0800][gc,heap     ] GC(774) Eden regions: 594->0(590)
[2021-11-14T07:30:46.098-0800][gc,heap     ] GC(774) Survivor regions: 4->6(75)
[2021-11-14T07:30:46.098-0800][gc,heap     ] GC(774) Old regions: 185->185
[2021-11-14T07:30:46.098-0800][gc,heap     ] GC(774) Archive regions: 2->2
[2021-11-14T07:30:46.099-0800][gc,heap     ] GC(774) Humongous regions: 129->129
[2021-11-14T07:30:46.099-0800][gc,metaspace] GC(774) Metaspace: 41370K(42048K)->41370K(42048K) NonClass: 36586K(36928K)->36586K(36928K) Class: 4784K(5120K)->4784K(5120K)
[2021-11-14T07:30:46.099-0800][gc          ] GC(774) Pause Young (Normal) (G1 Evacuation Pause) 912M->320M(1024M) 25.670ms
[2021-11-14T07:30:46.099-0800][gc,cpu      ] GC(774) User=0.04s Sys=0.04s Real=0.02s
[2021-11-14T07:34:48.287-0800][gc,start    ] GC(775) Pause Young (Normal) (G1 Evacuation Pause)
[2021-11-14T07:34:48.288-0800][gc,task     ] GC(775) Using 8 workers of 8 for evacuation
[2021-11-14T07:34:48.303-0800][gc,phases   ] GC(775)   Pre Evacuate Collection Set: 0.5ms
[2021-11-14T07:34:48.304-0800][gc,phases   ] GC(775)   Merge Heap Roots: 0.3ms
[2021-11-14T07:34:48.304-0800][gc,phases   ] GC(775)   Evacuate Collection Set: 12.8ms
[2021-11-14T07:34:48.304-0800][gc,phases   ] GC(775)   Post Evacuate Collection Set: 1.4ms
[2021-11-14T07:34:48.304-0800][gc,phases   ] GC(775)   Other: 1.6ms
[2021-11-14T07:34:48.304-0800][gc,heap     ] GC(775) Eden regions: 590->0(592)
[2021-11-14T07:34:48.304-0800][gc,heap     ] GC(775) Survivor regions: 6->4(75)
[2021-11-14T07:34:48.304-0800][gc,heap     ] GC(775) Old regions: 185->185
[2021-11-14T07:34:48.304-0800][gc,heap     ] GC(775) Archive regions: 2->2
[2021-11-14T07:34:48.304-0800][gc,heap     ] GC(775) Humongous regions: 129->129
[2021-11-14T07:34:48.304-0800][gc,metaspace] GC(775) Metaspace: 41370K(42048K)->41370K(42048K) NonClass: 36586K(36928K)->36586K(36928K) Class: 4784K(5120K)->4784K(5120K)
[2021-11-14T07:34:48.304-0800][gc          ] GC(775) Pause Young (Normal) (G1 Evacuation Pause) 910M->318M(1024M) 16.869ms
[2021-11-14T07:34:48.304-0800][gc,cpu      ] GC(775) User=0.03s Sys=0.01s Real=0.02s
[2021-11-14T07:38:53.375-0800][gc,start    ] GC(776) Pause Young (Normal) (G1 Evacuation Pause)
[2021-11-14T07:38:53.377-0800][gc,task     ] GC(776) Using 8 workers of 8 for evacuation
[2021-11-14T07:38:53.392-0800][gc,phases   ] GC(776)   Pre Evacuate Collection Set: 0.6ms
[2021-11-14T07:38:53.392-0800][gc,phases   ] GC(776)   Merge Heap Roots: 0.3ms
[2021-11-14T07:38:53.392-0800][gc,phases   ] GC(776)   Evacuate Collection Set: 13.2ms
[2021-11-14T07:38:53.392-0800][gc,phases   ] GC(776)   Post Evacuate Collection Set: 0.8ms
[2021-11-14T07:38:53.392-0800][gc,phases   ] GC(776)   Other: 1.8ms
[2021-11-14T07:38:53.392-0800][gc,heap     ] GC(776) Eden regions: 592->0(591)
[2021-11-14T07:38:53.392-0800][gc,heap     ] GC(776) Survivor regions: 4->5(75)
[2021-11-14T07:38:53.392-0800][gc,heap     ] GC(776) Old regions: 185->185
[2021-11-14T07:38:53.392-0800][gc,heap     ] GC(776) Archive regions: 2->2
[2021-11-14T07:38:53.392-0800][gc,heap     ] GC(776) Humongous regions: 129->129
[2021-11-14T07:38:53.392-0800][gc,metaspace] GC(776) Metaspace: 41370K(42048K)->41370K(42048K) NonClass: 36586K(36928K)->36586K(36928K) Class: 4784K(5120K)->4784K(5120K)
[2021-11-14T07:38:53.392-0800][gc          ] GC(776) Pause Young (Normal) (G1 Evacuation Pause) 910M->319M(1024M) 16.941ms
[2021-11-14T07:38:53.392-0800][gc,cpu      ] GC(776) User=0.05s Sys=0.01s Real=0.02s
