[2021-11-04T02:14:37.571-0700][gc] Using G1
[2021-11-04T02:14:37.576-0700][gc,init] Version: 17+35-2724 (release)
[2021-11-04T02:14:37.576-0700][gc,init] CPUs: 8 total, 8 available
[2021-11-04T02:14:37.576-0700][gc,init] Memory: 16384M
[2021-11-04T02:14:37.576-0700][gc,init] Large Page Support: Disabled
[2021-11-04T02:14:37.576-0700][gc,init] NUMA Support: Disabled
[2021-11-04T02:14:37.576-0700][gc,init] Compressed Oops: Enabled (Zero based)
[2021-11-04T02:14:37.576-0700][gc,init] Heap Region Size: 1M
[2021-11-04T02:14:37.576-0700][gc,init] Heap Min Capacity: 1G
[2021-11-04T02:14:37.576-0700][gc,init] Heap Initial Capacity: 1G
[2021-11-04T02:14:37.576-0700][gc,init] Heap Max Capacity: 1G
[2021-11-04T02:14:37.576-0700][gc,init] Pre-touch: Disabled
[2021-11-04T02:14:37.576-0700][gc,init] Parallel Workers: 8
[2021-11-04T02:14:37.576-0700][gc,init] Concurrent Workers: 2
[2021-11-04T02:14:37.576-0700][gc,init] Concurrent Refinement Workers: 8
[2021-11-04T02:14:37.576-0700][gc,init] Periodic GC: Disabled
[2021-11-04T02:14:37.576-0700][gc,metaspace] CDS archive(s) mapped at: [0x0000000800000000-0x0000000800bd0000-0x0000000800bd0000), size 12386304, SharedBaseAddress: 0x0000000800000000, ArchiveRelocationMode: 0.
[2021-11-04T02:14:37.576-0700][gc,metaspace] Compressed class space mapped at: 0x0000000800c00000-0x0000000840c00000, reserved size: 1073741824
[2021-11-04T02:14:37.576-0700][gc,metaspace] Narrow klass base: 0x0000000800000000, Narrow klass shift: 0, Narrow klass range: 0x100000000
[2021-11-04T02:14:39.137-0700][gc,start    ] GC(0) Pause Young (Normal) (G1 Evacuation Pause)
[2021-11-04T02:14:39.138-0700][gc,task     ] GC(0) Using 8 workers of 8 for evacuation
[2021-11-04T02:14:39.148-0700][gc,phases   ] GC(0)   Pre Evacuate Collection Set: 0.1ms
[2021-11-04T02:14:39.149-0700][gc,phases   ] GC(0)   Merge Heap Roots: 0.0ms
[2021-11-04T02:14:39.149-0700][gc,phases   ] GC(0)   Evacuate Collection Set: 9.8ms
[2021-11-04T02:14:39.149-0700][gc,phases   ] GC(0)   Post Evacuate Collection Set: 0.5ms
[2021-11-04T02:14:39.149-0700][gc,phases   ] GC(0)   Other: 0.6ms
[2021-11-04T02:14:39.149-0700][gc,heap     ] GC(0) Eden regions: 51->0(44)
[2021-11-04T02:14:39.149-0700][gc,heap     ] GC(0) Survivor regions: 0->7(7)
[2021-11-04T02:14:39.149-0700][gc,heap     ] GC(0) Old regions: 0->0
[2021-11-04T02:14:39.149-0700][gc,heap     ] GC(0) Archive regions: 2->2
[2021-11-04T02:14:39.149-0700][gc,heap     ] GC(0) Humongous regions: 0->0
[2021-11-04T02:14:39.149-0700][gc,metaspace] GC(0) Metaspace: 18770K(19008K)->18770K(19008K) NonClass: 16504K(16640K)->16504K(16640K) Class: 2266K(2368K)->2266K(2368K)
[2021-11-04T02:14:39.149-0700][gc          ] GC(0) Pause Young (Normal) (G1 Evacuation Pause) 51M->7M(1024M) 11.130ms
[2021-11-04T02:14:39.149-0700][gc,cpu      ] GC(0) User=0.02s Sys=0.01s Real=0.01s
[2021-11-04T02:14:39.393-0700][gc,start    ] GC(1) Pause Young (Concurrent Start) (Metadata GC Threshold)
[2021-11-04T02:14:39.393-0700][gc,task     ] GC(1) Using 8 workers of 8 for evacuation
[2021-11-04T02:14:39.400-0700][gc,phases   ] GC(1)   Pre Evacuate Collection Set: 0.1ms
[2021-11-04T02:14:39.400-0700][gc,phases   ] GC(1)   Merge Heap Roots: 0.0ms
[2021-11-04T02:14:39.400-0700][gc,phases   ] GC(1)   Evacuate Collection Set: 6.6ms
[2021-11-04T02:14:39.400-0700][gc,phases   ] GC(1)   Post Evacuate Collection Set: 0.3ms
[2021-11-04T02:14:39.400-0700][gc,phases   ] GC(1)   Other: 0.2ms
[2021-11-04T02:14:39.400-0700][gc,heap     ] GC(1) Eden regions: 10->0(49)
[2021-11-04T02:14:39.400-0700][gc,heap     ] GC(1) Survivor regions: 7->2(7)
[2021-11-04T02:14:39.400-0700][gc,heap     ] GC(1) Old regions: 0->8
[2021-11-04T02:14:39.400-0700][gc,heap     ] GC(1) Archive regions: 2->2
[2021-11-04T02:14:39.400-0700][gc,heap     ] GC(1) Humongous regions: 0->0
[2021-11-04T02:14:39.401-0700][gc,metaspace] GC(1) Metaspace: 21304K(21504K)->21304K(21504K) NonClass: 18715K(18816K)->18715K(18816K) Class: 2589K(2688K)->2589K(2688K)
[2021-11-04T02:14:39.401-0700][gc          ] GC(1) Pause Young (Concurrent Start) (Metadata GC Threshold) 17M->9M(1024M) 7.275ms
[2021-11-04T02:14:39.401-0700][gc,cpu      ] GC(1) User=0.01s Sys=0.01s Real=0.01s
[2021-11-04T02:14:39.401-0700][gc          ] GC(2) Concurrent Mark Cycle
[2021-11-04T02:14:39.401-0700][gc,marking  ] GC(2) Concurrent Clear Claimed Marks
[2021-11-04T02:14:39.401-0700][gc,marking  ] GC(2) Concurrent Clear Claimed Marks 0.020ms
[2021-11-04T02:14:39.401-0700][gc,marking  ] GC(2) Concurrent Scan Root Regions
[2021-11-04T02:14:39.403-0700][gc,marking  ] GC(2) Concurrent Scan Root Regions 2.158ms
[2021-11-04T02:14:39.403-0700][gc,marking  ] GC(2) Concurrent Mark
[2021-11-04T02:14:39.403-0700][gc,marking  ] GC(2) Concurrent Mark From Roots
[2021-11-04T02:14:39.403-0700][gc,task     ] GC(2) Using 2 workers of 2 for marking
[2021-11-04T02:14:39.405-0700][gc,marking  ] GC(2) Concurrent Mark From Roots 1.977ms
[2021-11-04T02:14:39.405-0700][gc,marking  ] GC(2) Concurrent Preclean
[2021-11-04T02:14:39.405-0700][gc,marking  ] GC(2) Concurrent Preclean 0.030ms
[2021-11-04T02:14:39.405-0700][gc,start    ] GC(2) Pause Remark
[2021-11-04T02:14:39.411-0700][gc          ] GC(2) Pause Remark 9M->9M(1024M) 6.035ms
[2021-11-04T02:14:39.411-0700][gc,cpu      ] GC(2) User=0.01s Sys=0.00s Real=0.01s
[2021-11-04T02:14:39.412-0700][gc,marking  ] GC(2) Concurrent Mark 8.411ms
[2021-11-04T02:14:39.412-0700][gc,marking  ] GC(2) Concurrent Rebuild Remembered Sets
[2021-11-04T02:14:39.413-0700][gc,marking  ] GC(2) Concurrent Rebuild Remembered Sets 1.725ms
[2021-11-04T02:14:39.413-0700][gc,start    ] GC(2) Pause Cleanup
[2021-11-04T02:14:39.413-0700][gc          ] GC(2) Pause Cleanup 9M->9M(1024M) 0.083ms
[2021-11-04T02:14:39.413-0700][gc,cpu      ] GC(2) User=0.00s Sys=0.00s Real=0.00s
[2021-11-04T02:14:39.413-0700][gc,marking  ] GC(2) Concurrent Cleanup for Next Mark
[2021-11-04T02:14:39.417-0700][gc,marking  ] GC(2) Concurrent Cleanup for Next Mark 3.597ms
[2021-11-04T02:14:39.418-0700][gc          ] GC(2) Concurrent Mark Cycle 17.775ms
[2021-11-04T02:14:45.393-0700][gc,heap,exit] Heap
[2021-11-04T02:14:45.393-0700][gc,heap,exit]  garbage-first heap   total 1048576K, used 189667K [0x00000007c0000000, 0x0000000800000000)
[2021-11-04T02:14:45.393-0700][gc,heap,exit]   region size 1024K, 50 young (51200K), 2 survivors (2048K)
[2021-11-04T02:14:45.393-0700][gc,heap,exit]  Metaspace       used 30814K, committed 31104K, reserved 1081344K
[2021-11-04T02:14:45.393-0700][gc,heap,exit]   class space    used 3649K, committed 3776K, reserved 1048576K
