[2021-11-02T14:58:52.097-0700][gc] Using G1
[2021-11-02T14:58:52.121-0700][gc,init] Version: 17+35-2724 (release)
[2021-11-02T14:58:52.134-0700][gc,init] CPUs: 8 total, 8 available
[2021-11-02T14:58:52.134-0700][gc,init] Memory: 16384M
[2021-11-02T14:58:52.134-0700][gc,init] Large Page Support: Disabled
[2021-11-02T14:58:52.134-0700][gc,init] NUMA Support: Disabled
[2021-11-02T14:58:52.134-0700][gc,init] Compressed Oops: Enabled (Zero based)
[2021-11-02T14:58:52.134-0700][gc,init] Heap Region Size: 1M
[2021-11-02T14:58:52.134-0700][gc,init] Heap Min Capacity: 1G
[2021-11-02T14:58:52.134-0700][gc,init] Heap Initial Capacity: 1G
[2021-11-02T14:58:52.134-0700][gc,init] Heap Max Capacity: 1G
[2021-11-02T14:58:52.134-0700][gc,init] Pre-touch: Disabled
[2021-11-02T14:58:52.134-0700][gc,init] Parallel Workers: 8
[2021-11-02T14:58:52.134-0700][gc,init] Concurrent Workers: 2
[2021-11-02T14:58:52.134-0700][gc,init] Concurrent Refinement Workers: 8
[2021-11-02T14:58:52.134-0700][gc,init] Periodic GC: Disabled
[2021-11-02T14:58:52.134-0700][gc,metaspace] CDS archive(s) mapped at: [0x0000000800000000-0x0000000800bd0000-0x0000000800bd0000), size 12386304, SharedBaseAddress: 0x0000000800000000, ArchiveRelocationMode: 0.
[2021-11-02T14:58:52.134-0700][gc,metaspace] Compressed class space mapped at: 0x0000000800c00000-0x0000000840c00000, reserved size: 1073741824
[2021-11-02T14:58:52.134-0700][gc,metaspace] Narrow klass base: 0x0000000800000000, Narrow klass shift: 0, Narrow klass range: 0x100000000
[2021-11-02T14:58:53.671-0700][gc,start    ] GC(0) Pause Young (Normal) (G1 Evacuation Pause)
[2021-11-02T14:58:53.672-0700][gc,task     ] GC(0) Using 8 workers of 8 for evacuation
[2021-11-02T14:58:53.681-0700][gc,phases   ] GC(0)   Pre Evacuate Collection Set: 0.2ms
[2021-11-02T14:58:53.681-0700][gc,phases   ] GC(0)   Merge Heap Roots: 0.1ms
[2021-11-02T14:58:53.681-0700][gc,phases   ] GC(0)   Evacuate Collection Set: 8.2ms
[2021-11-02T14:58:53.681-0700][gc,phases   ] GC(0)   Post Evacuate Collection Set: 0.5ms
[2021-11-02T14:58:53.681-0700][gc,phases   ] GC(0)   Other: 0.6ms
[2021-11-02T14:58:53.681-0700][gc,heap     ] GC(0) Eden regions: 51->0(44)
[2021-11-02T14:58:53.681-0700][gc,heap     ] GC(0) Survivor regions: 0->7(7)
[2021-11-02T14:58:53.681-0700][gc,heap     ] GC(0) Old regions: 0->1
[2021-11-02T14:58:53.681-0700][gc,heap     ] GC(0) Archive regions: 2->2
[2021-11-02T14:58:53.681-0700][gc,heap     ] GC(0) Humongous regions: 0->0
[2021-11-02T14:58:53.681-0700][gc,metaspace] GC(0) Metaspace: 18760K(19008K)->18760K(19008K) NonClass: 16493K(16640K)->16493K(16640K) Class: 2266K(2368K)->2266K(2368K)
[2021-11-02T14:58:53.681-0700][gc          ] GC(0) Pause Young (Normal) (G1 Evacuation Pause) 51M->7M(1024M) 9.589ms
[2021-11-02T14:58:53.681-0700][gc,cpu      ] GC(0) User=0.01s Sys=0.01s Real=0.01s
[2021-11-02T14:58:53.901-0700][gc,start    ] GC(1) Pause Young (Concurrent Start) (Metadata GC Threshold)
[2021-11-02T14:58:53.901-0700][gc,task     ] GC(1) Using 8 workers of 8 for evacuation
[2021-11-02T14:58:53.909-0700][gc,phases   ] GC(1)   Pre Evacuate Collection Set: 0.1ms
[2021-11-02T14:58:53.909-0700][gc,phases   ] GC(1)   Merge Heap Roots: 0.0ms
[2021-11-02T14:58:53.909-0700][gc,phases   ] GC(1)   Evacuate Collection Set: 7.8ms
[2021-11-02T14:58:53.910-0700][gc,phases   ] GC(1)   Post Evacuate Collection Set: 0.4ms
[2021-11-02T14:58:53.910-0700][gc,phases   ] GC(1)   Other: 0.2ms
[2021-11-02T14:58:53.910-0700][gc,heap     ] GC(1) Eden regions: 10->0(50)
[2021-11-02T14:58:53.910-0700][gc,heap     ] GC(1) Survivor regions: 7->1(7)
[2021-11-02T14:58:53.910-0700][gc,heap     ] GC(1) Old regions: 1->7
[2021-11-02T14:58:53.910-0700][gc,heap     ] GC(1) Archive regions: 2->2
[2021-11-02T14:58:53.910-0700][gc,heap     ] GC(1) Humongous regions: 0->0
[2021-11-02T14:58:53.910-0700][gc,metaspace] GC(1) Metaspace: 21303K(21504K)->21303K(21504K) NonClass: 18714K(18816K)->18714K(18816K) Class: 2589K(2688K)->2589K(2688K)
[2021-11-02T14:58:53.910-0700][gc          ] GC(1) Pause Young (Concurrent Start) (Metadata GC Threshold) 17M->8M(1024M) 8.608ms
[2021-11-02T14:58:53.910-0700][gc,cpu      ] GC(1) User=0.02s Sys=0.01s Real=0.01s
[2021-11-02T14:58:53.910-0700][gc          ] GC(2) Concurrent Mark Cycle
[2021-11-02T14:58:53.910-0700][gc,marking  ] GC(2) Concurrent Clear Claimed Marks
[2021-11-02T14:58:53.910-0700][gc,marking  ] GC(2) Concurrent Clear Claimed Marks 0.018ms
[2021-11-02T14:58:53.910-0700][gc,marking  ] GC(2) Concurrent Scan Root Regions
[2021-11-02T14:58:53.915-0700][gc,marking  ] GC(2) Concurrent Scan Root Regions 4.965ms
[2021-11-02T14:58:53.917-0700][gc,marking  ] GC(2) Concurrent Mark
[2021-11-02T14:58:53.917-0700][gc,marking  ] GC(2) Concurrent Mark From Roots
[2021-11-02T14:58:53.917-0700][gc,task     ] GC(2) Using 2 workers of 2 for marking
[2021-11-02T14:58:53.918-0700][gc,marking  ] GC(2) Concurrent Mark From Roots 0.915ms
[2021-11-02T14:58:53.918-0700][gc,marking  ] GC(2) Concurrent Preclean
[2021-11-02T14:58:53.918-0700][gc,marking  ] GC(2) Concurrent Preclean 0.025ms
[2021-11-02T14:58:53.918-0700][gc,start    ] GC(2) Pause Remark
[2021-11-02T14:58:53.926-0700][gc          ] GC(2) Pause Remark 9M->9M(1024M) 7.234ms
[2021-11-02T14:58:53.926-0700][gc,cpu      ] GC(2) User=0.01s Sys=0.01s Real=0.01s
[2021-11-02T14:58:53.926-0700][gc,marking  ] GC(2) Concurrent Mark 8.543ms
[2021-11-02T14:58:53.926-0700][gc,marking  ] GC(2) Concurrent Rebuild Remembered Sets
[2021-11-02T14:58:53.926-0700][gc,marking  ] GC(2) Concurrent Rebuild Remembered Sets 0.008ms
[2021-11-02T14:58:53.926-0700][gc,start    ] GC(2) Pause Cleanup
[2021-11-02T14:58:53.926-0700][gc          ] GC(2) Pause Cleanup 9M->9M(1024M) 0.011ms
[2021-11-02T14:58:53.926-0700][gc,cpu      ] GC(2) User=0.00s Sys=0.00s Real=0.00s
[2021-11-02T14:58:53.926-0700][gc,marking  ] GC(2) Concurrent Cleanup for Next Mark
[2021-11-02T14:58:53.929-0700][gc,marking  ] GC(2) Concurrent Cleanup for Next Mark 3.102ms
[2021-11-02T14:58:53.930-0700][gc          ] GC(2) Concurrent Mark Cycle 19.737ms
[2021-11-02T14:58:54.929-0700][gc,start    ] GC(3) Pause Young (Normal) (G1 Evacuation Pause)
[2021-11-02T14:58:54.929-0700][gc,task     ] GC(3) Using 8 workers of 8 for evacuation
[2021-11-02T14:58:54.934-0700][gc,phases   ] GC(3)   Pre Evacuate Collection Set: 0.2ms
[2021-11-02T14:58:54.934-0700][gc,phases   ] GC(3)   Merge Heap Roots: 0.1ms
[2021-11-02T14:58:54.934-0700][gc,phases   ] GC(3)   Evacuate Collection Set: 3.9ms
[2021-11-02T14:58:54.934-0700][gc,phases   ] GC(3)   Post Evacuate Collection Set: 0.4ms
[2021-11-02T14:58:54.934-0700][gc,phases   ] GC(3)   Other: 0.1ms
[2021-11-02T14:58:54.934-0700][gc,heap     ] GC(3) Eden regions: 50->0(45)
[2021-11-02T14:58:54.934-0700][gc,heap     ] GC(3) Survivor regions: 1->6(7)
[2021-11-02T14:58:54.934-0700][gc,heap     ] GC(3) Old regions: 7->7
[2021-11-02T14:58:54.934-0700][gc,heap     ] GC(3) Archive regions: 2->2
[2021-11-02T14:58:54.934-0700][gc,heap     ] GC(3) Humongous regions: 129->129
[2021-11-02T14:58:54.934-0700][gc,metaspace] GC(3) Metaspace: 33278K(33600K)->33278K(33600K) NonClass: 29515K(29696K)->29515K(29696K) Class: 3762K(3904K)->3762K(3904K)
[2021-11-02T14:58:54.934-0700][gc          ] GC(3) Pause Young (Normal) (G1 Evacuation Pause) 187M->142M(1024M) 4.705ms
[2021-11-02T14:58:54.934-0700][gc,cpu      ] GC(3) User=0.01s Sys=0.00s Real=0.01s
[2021-11-02T14:58:55.165-0700][gc,start    ] GC(4) Pause Young (Concurrent Start) (Metadata GC Threshold)
[2021-11-02T14:58:55.165-0700][gc,task     ] GC(4) Using 8 workers of 8 for evacuation
[2021-11-02T14:58:55.170-0700][gc,phases   ] GC(4)   Pre Evacuate Collection Set: 0.1ms
[2021-11-02T14:58:55.170-0700][gc,phases   ] GC(4)   Merge Heap Roots: 0.1ms
[2021-11-02T14:58:55.170-0700][gc,phases   ] GC(4)   Evacuate Collection Set: 4.7ms
[2021-11-02T14:58:55.170-0700][gc,phases   ] GC(4)   Post Evacuate Collection Set: 0.3ms
[2021-11-02T14:58:55.170-0700][gc,phases   ] GC(4)   Other: 0.2ms
[2021-11-02T14:58:55.170-0700][gc,heap     ] GC(4) Eden regions: 12->0(49)
[2021-11-02T14:58:55.170-0700][gc,heap     ] GC(4) Survivor regions: 6->2(7)
[2021-11-02T14:58:55.170-0700][gc,heap     ] GC(4) Old regions: 7->13
[2021-11-02T14:58:55.170-0700][gc,heap     ] GC(4) Archive regions: 2->2
[2021-11-02T14:58:55.170-0700][gc,heap     ] GC(4) Humongous regions: 129->129
[2021-11-02T14:58:55.170-0700][gc,metaspace] GC(4) Metaspace: 35649K(35968K)->35649K(35968K) NonClass: 31469K(31680K)->31469K(31680K) Class: 4179K(4288K)->4179K(4288K)
[2021-11-02T14:58:55.170-0700][gc          ] GC(4) Pause Young (Concurrent Start) (Metadata GC Threshold) 154M->143M(1024M) 5.470ms
[2021-11-02T14:58:55.170-0700][gc,cpu      ] GC(4) User=0.02s Sys=0.01s Real=0.01s
[2021-11-02T14:58:55.170-0700][gc          ] GC(5) Concurrent Mark Cycle
[2021-11-02T14:58:55.170-0700][gc,marking  ] GC(5) Concurrent Clear Claimed Marks
[2021-11-02T14:58:55.170-0700][gc,marking  ] GC(5) Concurrent Clear Claimed Marks 0.028ms
[2021-11-02T14:58:55.170-0700][gc,marking  ] GC(5) Concurrent Scan Root Regions
[2021-11-02T14:58:55.172-0700][gc,marking  ] GC(5) Concurrent Scan Root Regions 1.865ms
[2021-11-02T14:58:55.172-0700][gc,marking  ] GC(5) Concurrent Mark
[2021-11-02T14:58:55.172-0700][gc,marking  ] GC(5) Concurrent Mark From Roots
[2021-11-02T14:58:55.172-0700][gc,task     ] GC(5) Using 2 workers of 2 for marking
[2021-11-02T14:58:55.175-0700][gc,marking  ] GC(5) Concurrent Mark From Roots 3.387ms
[2021-11-02T14:58:55.175-0700][gc,marking  ] GC(5) Concurrent Preclean
[2021-11-02T14:58:55.175-0700][gc,marking  ] GC(5) Concurrent Preclean 0.047ms
[2021-11-02T14:58:55.176-0700][gc,start    ] GC(5) Pause Remark
[2021-11-02T14:58:55.187-0700][gc          ] GC(5) Pause Remark 143M->143M(1024M) 11.474ms
[2021-11-02T14:58:55.187-0700][gc,cpu      ] GC(5) User=0.02s Sys=0.01s Real=0.01s
[2021-11-02T14:58:55.187-0700][gc,marking  ] GC(5) Concurrent Mark 15.269ms
[2021-11-02T14:58:55.187-0700][gc,marking  ] GC(5) Concurrent Rebuild Remembered Sets
[2021-11-02T14:58:55.190-0700][gc,marking  ] GC(5) Concurrent Rebuild Remembered Sets 3.070ms
[2021-11-02T14:58:55.191-0700][gc,start    ] GC(5) Pause Cleanup
[2021-11-02T14:58:55.191-0700][gc          ] GC(5) Pause Cleanup 143M->143M(1024M) 0.163ms
[2021-11-02T14:58:55.191-0700][gc,cpu      ] GC(5) User=0.00s Sys=0.00s Real=0.00s
[2021-11-02T14:58:55.191-0700][gc,marking  ] GC(5) Concurrent Cleanup for Next Mark
[2021-11-02T14:58:55.194-0700][gc,marking  ] GC(5) Concurrent Cleanup for Next Mark 3.369ms
[2021-11-02T14:58:55.194-0700][gc          ] GC(5) Concurrent Mark Cycle 24.228ms
[2021-11-02T15:00:47.541-0700][gc,start    ] GC(6) Pause Young (Normal) (G1 Evacuation Pause)
[2021-11-02T15:00:47.543-0700][gc,task     ] GC(6) Using 8 workers of 8 for evacuation
[2021-11-02T15:00:47.561-0700][gc,phases   ] GC(6)   Pre Evacuate Collection Set: 0.4ms
[2021-11-02T15:00:47.562-0700][gc,phases   ] GC(6)   Merge Heap Roots: 0.1ms
[2021-11-02T15:00:47.562-0700][gc,phases   ] GC(6)   Evacuate Collection Set: 16.8ms
[2021-11-02T15:00:47.562-0700][gc,phases   ] GC(6)   Post Evacuate Collection Set: 1.3ms
[2021-11-02T15:00:47.562-0700][gc,phases   ] GC(6)   Other: 1.5ms
[2021-11-02T15:00:47.562-0700][gc,heap     ] GC(6) Eden regions: 49->0(48)
[2021-11-02T15:00:47.562-0700][gc,heap     ] GC(6) Survivor regions: 2->3(7)
[2021-11-02T15:00:47.562-0700][gc,heap     ] GC(6) Old regions: 13->13
[2021-11-02T15:00:47.562-0700][gc,heap     ] GC(6) Archive regions: 2->2
[2021-11-02T15:00:47.562-0700][gc,heap     ] GC(6) Humongous regions: 129->129
[2021-11-02T15:00:47.562-0700][gc,metaspace] GC(6) Metaspace: 38639K(39232K)->38639K(39232K) NonClass: 34057K(34368K)->34057K(34368K) Class: 4582K(4864K)->4582K(4864K)
[2021-11-02T15:00:47.562-0700][gc          ] GC(6) Pause Young (Normal) (G1 Evacuation Pause) 192M->145M(1024M) 20.398ms
[2021-11-02T15:00:47.562-0700][gc,cpu      ] GC(6) User=0.03s Sys=0.01s Real=0.02s
[2021-11-02T15:02:37.806-0700][gc,start    ] GC(7) Pause Young (Normal) (G1 Evacuation Pause)
[2021-11-02T15:02:37.807-0700][gc,task     ] GC(7) Using 8 workers of 8 for evacuation
[2021-11-02T15:02:37.822-0700][gc,phases   ] GC(7)   Pre Evacuate Collection Set: 0.3ms
[2021-11-02T15:02:37.822-0700][gc,phases   ] GC(7)   Merge Heap Roots: 0.1ms
[2021-11-02T15:02:37.822-0700][gc,phases   ] GC(7)   Evacuate Collection Set: 13.5ms
[2021-11-02T15:02:37.822-0700][gc,phases   ] GC(7)   Post Evacuate Collection Set: 1.0ms
[2021-11-02T15:02:37.822-0700][gc,phases   ] GC(7)   Other: 0.9ms
[2021-11-02T15:02:37.822-0700][gc,heap     ] GC(7) Eden regions: 48->0(47)
[2021-11-02T15:02:37.822-0700][gc,heap     ] GC(7) Survivor regions: 3->4(7)
[2021-11-02T15:02:37.822-0700][gc,heap     ] GC(7) Old regions: 13->13
[2021-11-02T15:02:37.822-0700][gc,heap     ] GC(7) Archive regions: 2->2
[2021-11-02T15:02:37.822-0700][gc,heap     ] GC(7) Humongous regions: 129->129
[2021-11-02T15:02:37.822-0700][gc,metaspace] GC(7) Metaspace: 38688K(39232K)->38688K(39232K) NonClass: 34105K(34368K)->34105K(34368K) Class: 4583K(4864K)->4583K(4864K)
[2021-11-02T15:02:37.823-0700][gc          ] GC(7) Pause Young (Normal) (G1 Evacuation Pause) 193M->145M(1024M) 16.081ms
[2021-11-02T15:02:37.823-0700][gc,cpu      ] GC(7) User=0.03s Sys=0.01s Real=0.02s
[2021-11-02T15:04:39.311-0700][gc,start    ] GC(8) Pause Young (Normal) (G1 Evacuation Pause)
[2021-11-02T15:04:39.312-0700][gc,task     ] GC(8) Using 8 workers of 8 for evacuation
[2021-11-02T15:04:39.325-0700][gc,phases   ] GC(8)   Pre Evacuate Collection Set: 0.3ms
[2021-11-02T15:04:39.325-0700][gc,phases   ] GC(8)   Merge Heap Roots: 0.1ms
[2021-11-02T15:04:39.325-0700][gc,phases   ] GC(8)   Evacuate Collection Set: 12.0ms
[2021-11-02T15:04:39.325-0700][gc,phases   ] GC(8)   Post Evacuate Collection Set: 0.8ms
[2021-11-02T15:04:39.325-0700][gc,phases   ] GC(8)   Other: 0.8ms
[2021-11-02T15:04:39.325-0700][gc,heap     ] GC(8) Eden regions: 47->0(46)
[2021-11-02T15:04:39.325-0700][gc,heap     ] GC(8) Survivor regions: 4->5(7)
[2021-11-02T15:04:39.325-0700][gc,heap     ] GC(8) Old regions: 13->13
[2021-11-02T15:04:39.325-0700][gc,heap     ] GC(8) Archive regions: 2->2
[2021-11-02T15:04:39.325-0700][gc,heap     ] GC(8) Humongous regions: 129->129
[2021-11-02T15:04:39.325-0700][gc,metaspace] GC(8) Metaspace: 38743K(39360K)->38743K(39360K) NonClass: 34160K(34496K)->34160K(34496K) Class: 4583K(4864K)->4583K(4864K)
[2021-11-02T15:04:39.325-0700][gc          ] GC(8) Pause Young (Normal) (G1 Evacuation Pause) 192M->146M(1024M) 14.100ms
[2021-11-02T15:04:39.325-0700][gc,cpu      ] GC(8) User=0.03s Sys=0.01s Real=0.01s
[2021-11-02T15:06:39.514-0700][gc,start    ] GC(9) Pause Young (Normal) (G1 Evacuation Pause)
[2021-11-02T15:06:39.515-0700][gc,task     ] GC(9) Using 8 workers of 8 for evacuation
[2021-11-02T15:06:39.528-0700][gc,phases   ] GC(9)   Pre Evacuate Collection Set: 0.4ms
[2021-11-02T15:06:39.528-0700][gc,phases   ] GC(9)   Merge Heap Roots: 0.1ms
[2021-11-02T15:06:39.528-0700][gc,phases   ] GC(9)   Evacuate Collection Set: 11.0ms
[2021-11-02T15:06:39.528-0700][gc,phases   ] GC(9)   Post Evacuate Collection Set: 0.8ms
[2021-11-02T15:06:39.528-0700][gc,phases   ] GC(9)   Other: 1.4ms
[2021-11-02T15:06:39.528-0700][gc,heap     ] GC(9) Eden regions: 46->0(85)
[2021-11-02T15:06:39.528-0700][gc,heap     ] GC(9) Survivor regions: 5->3(7)
[2021-11-02T15:06:39.528-0700][gc,heap     ] GC(9) Old regions: 13->13
[2021-11-02T15:06:39.528-0700][gc,heap     ] GC(9) Archive regions: 2->2
[2021-11-02T15:06:39.528-0700][gc,heap     ] GC(9) Humongous regions: 129->129
[2021-11-02T15:06:39.528-0700][gc,metaspace] GC(9) Metaspace: 38826K(39424K)->38826K(39424K) NonClass: 34243K(34560K)->34243K(34560K) Class: 4583K(4864K)->4583K(4864K)
[2021-11-02T15:06:39.528-0700][gc          ] GC(9) Pause Young (Normal) (G1 Evacuation Pause) 192M->145M(1024M) 14.126ms
[2021-11-02T15:06:39.529-0700][gc,cpu      ] GC(9) User=0.02s Sys=0.01s Real=0.01s
[2021-11-02T15:10:22.096-0700][gc,start    ] GC(10) Pause Young (Normal) (G1 Evacuation Pause)
[2021-11-02T15:10:22.097-0700][gc,task     ] GC(10) Using 8 workers of 8 for evacuation
[2021-11-02T15:10:22.120-0700][gc,mmu      ] GC(10) MMU target violated: 21.0ms (20.0ms/21.0ms)
[2021-11-02T15:10:22.120-0700][gc,phases   ] GC(10)   Pre Evacuate Collection Set: 0.4ms
[2021-11-02T15:10:22.120-0700][gc,phases   ] GC(10)   Merge Heap Roots: 0.1ms
[2021-11-02T15:10:22.120-0700][gc,phases   ] GC(10)   Evacuate Collection Set: 21.1ms
[2021-11-02T15:10:22.120-0700][gc,phases   ] GC(10)   Post Evacuate Collection Set: 1.0ms
[2021-11-02T15:10:22.120-0700][gc,phases   ] GC(10)   Other: 1.9ms
[2021-11-02T15:10:22.121-0700][gc,heap     ] GC(10) Eden regions: 85->0(277)
[2021-11-02T15:10:22.121-0700][gc,heap     ] GC(10) Survivor regions: 3->4(11)
[2021-11-02T15:10:22.121-0700][gc,heap     ] GC(10) Old regions: 13->13
[2021-11-02T15:10:22.121-0700][gc,heap     ] GC(10) Archive regions: 2->2
[2021-11-02T15:10:22.121-0700][gc,heap     ] GC(10) Humongous regions: 129->129
[2021-11-02T15:10:22.121-0700][gc,metaspace] GC(10) Metaspace: 39025K(39552K)->39025K(39552K) NonClass: 34418K(34688K)->34418K(34688K) Class: 4606K(4864K)->4606K(4864K)
[2021-11-02T15:10:22.121-0700][gc          ] GC(10) Pause Young (Normal) (G1 Evacuation Pause) 230M->145M(1024M) 24.882ms
[2021-11-02T15:10:22.121-0700][gc,cpu      ] GC(10) User=0.04s Sys=0.02s Real=0.03s
[2021-11-02T15:22:29.693-0700][gc,start    ] GC(11) Pause Young (Normal) (G1 Evacuation Pause)
[2021-11-02T15:22:29.694-0700][gc,task     ] GC(11) Using 8 workers of 8 for evacuation
[2021-11-02T15:22:29.717-0700][gc,mmu      ] GC(11) MMU target violated: 21.0ms (20.0ms/21.0ms)
[2021-11-02T15:22:29.717-0700][gc,phases   ] GC(11)   Pre Evacuate Collection Set: 0.9ms
[2021-11-02T15:22:29.717-0700][gc,phases   ] GC(11)   Merge Heap Roots: 0.1ms
[2021-11-02T15:22:29.717-0700][gc,phases   ] GC(11)   Evacuate Collection Set: 19.9ms
[2021-11-02T15:22:29.717-0700][gc,phases   ] GC(11)   Post Evacuate Collection Set: 1.2ms
[2021-11-02T15:22:29.717-0700][gc,phases   ] GC(11)   Other: 1.7ms
[2021-11-02T15:22:29.717-0700][gc,heap     ] GC(11) Eden regions: 277->0(611)
[2021-11-02T15:22:29.717-0700][gc,heap     ] GC(11) Survivor regions: 4->3(36)
[2021-11-02T15:22:29.717-0700][gc,heap     ] GC(11) Old regions: 13->13
[2021-11-02T15:22:29.717-0700][gc,heap     ] GC(11) Archive regions: 2->2
[2021-11-02T15:22:29.717-0700][gc,heap     ] GC(11) Humongous regions: 129->129
[2021-11-02T15:22:29.717-0700][gc,metaspace] GC(11) Metaspace: 39136K(39680K)->39136K(39680K) NonClass: 34529K(34816K)->34529K(34816K) Class: 4606K(4864K)->4606K(4864K)
[2021-11-02T15:22:29.717-0700][gc          ] GC(11) Pause Young (Normal) (G1 Evacuation Pause) 422M->145M(1024M) 23.968ms
[2021-11-02T15:22:29.717-0700][gc,cpu      ] GC(11) User=0.04s Sys=0.02s Real=0.02s
[2021-11-02T15:49:23.947-0700][gc,start    ] GC(12) Pause Young (Normal) (G1 Evacuation Pause)
[2021-11-02T15:49:23.948-0700][gc,task     ] GC(12) Using 8 workers of 8 for evacuation
[2021-11-02T15:49:23.974-0700][gc,mmu      ] GC(12) MMU target violated: 21.0ms (20.0ms/21.0ms)
[2021-11-02T15:49:23.974-0700][gc,phases   ] GC(12)   Pre Evacuate Collection Set: 0.3ms
[2021-11-02T15:49:23.974-0700][gc,phases   ] GC(12)   Merge Heap Roots: 0.2ms
[2021-11-02T15:49:23.974-0700][gc,phases   ] GC(12)   Evacuate Collection Set: 23.7ms
[2021-11-02T15:49:23.974-0700][gc,phases   ] GC(12)   Post Evacuate Collection Set: 1.6ms
[2021-11-02T15:49:23.974-0700][gc,phases   ] GC(12)   Other: 0.9ms
[2021-11-02T15:49:23.974-0700][gc,heap     ] GC(12) Eden regions: 611->0(495)
[2021-11-02T15:49:23.974-0700][gc,heap     ] GC(12) Survivor regions: 3->5(77)
[2021-11-02T15:49:23.974-0700][gc,heap     ] GC(12) Old regions: 13->13
[2021-11-02T15:49:23.974-0700][gc,heap     ] GC(12) Archive regions: 2->2
[2021-11-02T15:49:23.974-0700][gc,heap     ] GC(12) Humongous regions: 129->129
[2021-11-02T15:49:23.974-0700][gc,metaspace] GC(12) Metaspace: 39230K(39744K)->39230K(39744K) NonClass: 34624K(34880K)->34624K(34880K) Class: 4606K(4864K)->4606K(4864K)
[2021-11-02T15:49:23.974-0700][gc          ] GC(12) Pause Young (Normal) (G1 Evacuation Pause) 756M->147M(1024M) 26.881ms
[2021-11-02T15:49:23.974-0700][gc,cpu      ] GC(12) User=0.05s Sys=0.03s Real=0.03s
[2021-11-02T16:11:03.762-0700][gc,start    ] GC(13) Pause Young (Normal) (G1 Evacuation Pause)
[2021-11-02T16:11:03.763-0700][gc,task     ] GC(13) Using 8 workers of 8 for evacuation
[2021-11-02T16:11:03.788-0700][gc,mmu      ] GC(13) MMU target violated: 21.0ms (20.0ms/21.0ms)
[2021-11-02T16:11:03.788-0700][gc,phases   ] GC(13)   Pre Evacuate Collection Set: 0.8ms
[2021-11-02T16:11:03.788-0700][gc,phases   ] GC(13)   Merge Heap Roots: 0.4ms
[2021-11-02T16:11:03.788-0700][gc,phases   ] GC(13)   Evacuate Collection Set: 21.3ms
[2021-11-02T16:11:03.788-0700][gc,phases   ] GC(13)   Post Evacuate Collection Set: 1.6ms
[2021-11-02T16:11:03.788-0700][gc,phases   ] GC(13)   Other: 1.6ms
[2021-11-02T16:11:03.788-0700][gc,heap     ] GC(13) Eden regions: 495->0(610)
[2021-11-02T16:11:03.788-0700][gc,heap     ] GC(13) Survivor regions: 5->4(63)
[2021-11-02T16:11:03.788-0700][gc,heap     ] GC(13) Old regions: 13->13
[2021-11-02T16:11:03.788-0700][gc,heap     ] GC(13) Archive regions: 2->2
[2021-11-02T16:11:03.788-0700][gc,heap     ] GC(13) Humongous regions: 129->129
[2021-11-02T16:11:03.788-0700][gc,metaspace] GC(13) Metaspace: 39348K(39872K)->39348K(39872K) NonClass: 34738K(35008K)->34738K(35008K) Class: 4610K(4864K)->4610K(4864K)
[2021-11-02T16:11:03.788-0700][gc          ] GC(13) Pause Young (Normal) (G1 Evacuation Pause) 642M->146M(1024M) 25.647ms
[2021-11-02T16:11:03.788-0700][gc,cpu      ] GC(13) User=0.04s Sys=0.03s Real=0.02s
[2021-11-02T16:39:26.475-0700][gc,start    ] GC(14) Pause Young (Normal) (G1 Evacuation Pause)
[2021-11-02T16:39:26.475-0700][gc,task     ] GC(14) Using 8 workers of 8 for evacuation
[2021-11-02T16:39:26.510-0700][gc,mmu      ] GC(14) MMU target violated: 21.0ms (20.0ms/21.0ms)
[2021-11-02T16:39:26.510-0700][gc,phases   ] GC(14)   Pre Evacuate Collection Set: 0.6ms
[2021-11-02T16:39:26.510-0700][gc,phases   ] GC(14)   Merge Heap Roots: 0.4ms
[2021-11-02T16:39:26.510-0700][gc,phases   ] GC(14)   Evacuate Collection Set: 31.4ms
[2021-11-02T16:39:26.510-0700][gc,phases   ] GC(14)   Post Evacuate Collection Set: 2.0ms
[2021-11-02T16:39:26.510-0700][gc,phases   ] GC(14)   Other: 1.2ms
[2021-11-02T16:39:26.510-0700][gc,heap     ] GC(14) Eden regions: 610->0(609)
[2021-11-02T16:39:26.510-0700][gc,heap     ] GC(14) Survivor regions: 4->5(77)
[2021-11-02T16:39:26.510-0700][gc,heap     ] GC(14) Old regions: 13->13
[2021-11-02T16:39:26.510-0700][gc,heap     ] GC(14) Archive regions: 2->2
[2021-11-02T16:39:26.510-0700][gc,heap     ] GC(14) Humongous regions: 129->129
[2021-11-02T16:39:26.510-0700][gc,metaspace] GC(14) Metaspace: 39396K(39936K)->39396K(39936K) NonClass: 34785K(35072K)->34785K(35072K) Class: 4610K(4864K)->4610K(4864K)
[2021-11-02T16:39:26.510-0700][gc          ] GC(14) Pause Young (Normal) (G1 Evacuation Pause) 756M->147M(1024M) 35.495ms
[2021-11-02T16:39:26.510-0700][gc,cpu      ] GC(14) User=0.04s Sys=0.04s Real=0.04s
[2021-11-02T17:16:47.801-0700][gc,start    ] GC(15) Pause Young (Normal) (G1 Evacuation Pause)
[2021-11-02T17:16:47.802-0700][gc,task     ] GC(15) Using 8 workers of 8 for evacuation
[2021-11-02T17:16:47.839-0700][gc,mmu      ] GC(15) MMU target violated: 21.0ms (20.0ms/21.0ms)
[2021-11-02T17:16:47.839-0700][gc,phases   ] GC(15)   Pre Evacuate Collection Set: 0.7ms
[2021-11-02T17:16:47.839-0700][gc,phases   ] GC(15)   Merge Heap Roots: 0.4ms
[2021-11-02T17:16:47.839-0700][gc,phases   ] GC(15)   Evacuate Collection Set: 33.3ms
[2021-11-02T17:16:47.839-0700][gc,phases   ] GC(15)   Post Evacuate Collection Set: 1.8ms
[2021-11-02T17:16:47.839-0700][gc,phases   ] GC(15)   Other: 2.0ms
[2021-11-02T17:16:47.839-0700][gc,heap     ] GC(15) Eden regions: 609->0(610)
[2021-11-02T17:16:47.839-0700][gc,heap     ] GC(15) Survivor regions: 5->4(77)
[2021-11-02T17:16:47.839-0700][gc,heap     ] GC(15) Old regions: 13->13
[2021-11-02T17:16:47.839-0700][gc,heap     ] GC(15) Archive regions: 2->2
[2021-11-02T17:16:47.839-0700][gc,heap     ] GC(15) Humongous regions: 129->129
[2021-11-02T17:16:47.839-0700][gc,metaspace] GC(15) Metaspace: 39463K(40064K)->39463K(40064K) NonClass: 34853K(35200K)->34853K(35200K) Class: 4610K(4864K)->4610K(4864K)
[2021-11-02T17:16:47.839-0700][gc          ] GC(15) Pause Young (Normal) (G1 Evacuation Pause) 756M->146M(1024M) 38.284ms
[2021-11-02T17:16:47.839-0700][gc,cpu      ] GC(15) User=0.06s Sys=0.05s Real=0.03s
[2021-11-02T19:04:06.745-0700][gc,start    ] GC(16) Pause Young (Normal) (G1 Evacuation Pause)
[2021-11-02T19:04:06.746-0700][gc,task     ] GC(16) Using 8 workers of 8 for evacuation
[2021-11-02T19:04:06.780-0700][gc,mmu      ] GC(16) MMU target violated: 21.0ms (20.0ms/21.0ms)
[2021-11-02T19:04:06.781-0700][gc,phases   ] GC(16)   Pre Evacuate Collection Set: 1.0ms
[2021-11-02T19:04:06.781-0700][gc,phases   ] GC(16)   Merge Heap Roots: 0.4ms
[2021-11-02T19:04:06.781-0700][gc,phases   ] GC(16)   Evacuate Collection Set: 30.8ms
[2021-11-02T19:04:06.781-0700][gc,phases   ] GC(16)   Post Evacuate Collection Set: 1.5ms
[2021-11-02T19:04:06.781-0700][gc,phases   ] GC(16)   Other: 2.3ms
[2021-11-02T19:04:06.781-0700][gc,heap     ] GC(16) Eden regions: 610->0(609)
[2021-11-02T19:04:06.781-0700][gc,heap     ] GC(16) Survivor regions: 4->5(77)
[2021-11-02T19:04:06.781-0700][gc,heap     ] GC(16) Old regions: 13->13
[2021-11-02T19:04:06.781-0700][gc,heap     ] GC(16) Archive regions: 2->2
[2021-11-02T19:04:06.781-0700][gc,heap     ] GC(16) Humongous regions: 129->129
[2021-11-02T19:04:06.781-0700][gc,metaspace] GC(16) Metaspace: 39492K(40064K)->39492K(40064K) NonClass: 34881K(35200K)->34881K(35200K) Class: 4611K(4864K)->4611K(4864K)
[2021-11-02T19:04:06.781-0700][gc          ] GC(16) Pause Young (Normal) (G1 Evacuation Pause) 756M->147M(1024M) 35.993ms
[2021-11-02T19:04:06.781-0700][gc,cpu      ] GC(16) User=0.06s Sys=0.04s Real=0.04s
[2021-11-02T19:42:48.169-0700][gc,start    ] GC(17) Pause Young (Normal) (G1 Evacuation Pause)
[2021-11-02T19:42:48.170-0700][gc,task     ] GC(17) Using 8 workers of 8 for evacuation
[2021-11-02T19:42:48.215-0700][gc,mmu      ] GC(17) MMU target violated: 21.0ms (20.0ms/21.0ms)
[2021-11-02T19:42:48.215-0700][gc,phases   ] GC(17)   Pre Evacuate Collection Set: 1.0ms
[2021-11-02T19:42:48.215-0700][gc,phases   ] GC(17)   Merge Heap Roots: 0.2ms
[2021-11-02T19:42:48.215-0700][gc,phases   ] GC(17)   Evacuate Collection Set: 41.0ms
[2021-11-02T19:42:48.215-0700][gc,phases   ] GC(17)   Post Evacuate Collection Set: 2.3ms
[2021-11-02T19:42:48.215-0700][gc,phases   ] GC(17)   Other: 1.9ms
[2021-11-02T19:42:48.215-0700][gc,heap     ] GC(17) Eden regions: 609->0(609)
[2021-11-02T19:42:48.215-0700][gc,heap     ] GC(17) Survivor regions: 5->5(77)
[2021-11-02T19:42:48.215-0700][gc,heap     ] GC(17) Old regions: 13->13
[2021-11-02T19:42:48.215-0700][gc,heap     ] GC(17) Archive regions: 2->2
[2021-11-02T19:42:48.215-0700][gc,heap     ] GC(17) Humongous regions: 129->129
[2021-11-02T19:42:48.215-0700][gc,metaspace] GC(17) Metaspace: 40096K(40704K)->40096K(40704K) NonClass: 35336K(35648K)->35336K(35648K) Class: 4759K(5056K)->4759K(5056K)
[2021-11-02T19:42:48.215-0700][gc          ] GC(17) Pause Young (Normal) (G1 Evacuation Pause) 756M->147M(1024M) 46.348ms
[2021-11-02T19:42:48.215-0700][gc,cpu      ] GC(17) User=0.06s Sys=0.06s Real=0.05s
[2021-11-02T20:10:21.091-0700][gc,start    ] GC(18) Pause Young (Normal) (G1 Evacuation Pause)
[2021-11-02T20:10:21.092-0700][gc,task     ] GC(18) Using 8 workers of 8 for evacuation
[2021-11-02T20:10:21.132-0700][gc,mmu      ] GC(18) MMU target violated: 21.0ms (20.0ms/21.0ms)
[2021-11-02T20:10:21.132-0700][gc,phases   ] GC(18)   Pre Evacuate Collection Set: 0.8ms
[2021-11-02T20:10:21.132-0700][gc,phases   ] GC(18)   Merge Heap Roots: 0.4ms
[2021-11-02T20:10:21.132-0700][gc,phases   ] GC(18)   Evacuate Collection Set: 35.5ms
[2021-11-02T20:10:21.132-0700][gc,phases   ] GC(18)   Post Evacuate Collection Set: 2.7ms
[2021-11-02T20:10:21.132-0700][gc,phases   ] GC(18)   Other: 1.2ms
[2021-11-02T20:10:21.132-0700][gc,heap     ] GC(18) Eden regions: 609->0(609)
[2021-11-02T20:10:21.132-0700][gc,heap     ] GC(18) Survivor regions: 5->5(77)
[2021-11-02T20:10:21.132-0700][gc,heap     ] GC(18) Old regions: 13->13
[2021-11-02T20:10:21.132-0700][gc,heap     ] GC(18) Archive regions: 2->2
[2021-11-02T20:10:21.132-0700][gc,heap     ] GC(18) Humongous regions: 129->129
[2021-11-02T20:10:21.132-0700][gc,metaspace] GC(18) Metaspace: 40116K(40704K)->40116K(40704K) NonClass: 35356K(35648K)->35356K(35648K) Class: 4759K(5056K)->4759K(5056K)
[2021-11-02T20:10:21.132-0700][gc          ] GC(18) Pause Young (Normal) (G1 Evacuation Pause) 756M->147M(1024M) 40.977ms
[2021-11-02T20:10:21.132-0700][gc,cpu      ] GC(18) User=0.06s Sys=0.06s Real=0.04s
[2021-11-02T20:34:47.748-0700][gc,start    ] GC(19) Pause Young (Normal) (G1 Evacuation Pause)
[2021-11-02T20:34:47.749-0700][gc,task     ] GC(19) Using 8 workers of 8 for evacuation
[2021-11-02T20:34:47.796-0700][gc,mmu      ] GC(19) MMU target violated: 21.0ms (20.0ms/21.0ms)
[2021-11-02T20:34:47.796-0700][gc,phases   ] GC(19)   Pre Evacuate Collection Set: 0.8ms
[2021-11-02T20:34:47.796-0700][gc,phases   ] GC(19)   Merge Heap Roots: 0.3ms
[2021-11-02T20:34:47.796-0700][gc,phases   ] GC(19)   Evacuate Collection Set: 38.2ms
[2021-11-02T20:34:47.796-0700][gc,phases   ] GC(19)   Post Evacuate Collection Set: 6.5ms
[2021-11-02T20:34:47.796-0700][gc,phases   ] GC(19)   Other: 2.3ms
[2021-11-02T20:34:47.796-0700][gc,heap     ] GC(19) Eden regions: 609->0(506)
[2021-11-02T20:34:47.796-0700][gc,heap     ] GC(19) Survivor regions: 5->5(77)
[2021-11-02T20:34:47.796-0700][gc,heap     ] GC(19) Old regions: 13->13
[2021-11-02T20:34:47.796-0700][gc,heap     ] GC(19) Archive regions: 2->2
[2021-11-02T20:34:47.796-0700][gc,heap     ] GC(19) Humongous regions: 129->129
[2021-11-02T20:34:47.796-0700][gc,metaspace] GC(19) Metaspace: 40135K(40704K)->40135K(40704K) NonClass: 35375K(35648K)->35375K(35648K) Class: 4759K(5056K)->4759K(5056K)
[2021-11-02T20:34:47.796-0700][gc          ] GC(19) Pause Young (Normal) (G1 Evacuation Pause) 756M->147M(1024M) 48.200ms
[2021-11-02T20:34:47.796-0700][gc,cpu      ] GC(19) User=0.06s Sys=0.07s Real=0.05s
[2021-11-02T20:56:05.709-0700][gc,start    ] GC(20) Pause Young (Normal) (G1 Evacuation Pause)
[2021-11-02T20:56:05.710-0700][gc,task     ] GC(20) Using 8 workers of 8 for evacuation
[2021-11-02T20:56:05.765-0700][gc,mmu      ] GC(20) MMU target violated: 21.0ms (20.0ms/21.0ms)
[2021-11-02T20:56:05.765-0700][gc,phases   ] GC(20)   Pre Evacuate Collection Set: 0.5ms
[2021-11-02T20:56:05.765-0700][gc,phases   ] GC(20)   Merge Heap Roots: 0.3ms
[2021-11-02T20:56:05.765-0700][gc,phases   ] GC(20)   Evacuate Collection Set: 47.7ms
[2021-11-02T20:56:05.765-0700][gc,phases   ] GC(20)   Post Evacuate Collection Set: 5.6ms
[2021-11-02T20:56:05.765-0700][gc,phases   ] GC(20)   Other: 1.3ms
[2021-11-02T20:56:05.765-0700][gc,heap     ] GC(20) Eden regions: 506->0(184)
[2021-11-02T20:56:05.765-0700][gc,heap     ] GC(20) Survivor regions: 5->5(64)
[2021-11-02T20:56:05.765-0700][gc,heap     ] GC(20) Old regions: 13->13
[2021-11-02T20:56:05.765-0700][gc,heap     ] GC(20) Archive regions: 2->2
[2021-11-02T20:56:05.765-0700][gc,heap     ] GC(20) Humongous regions: 129->129
[2021-11-02T20:56:05.765-0700][gc,metaspace] GC(20) Metaspace: 40273K(40896K)->40273K(40896K) NonClass: 35513K(35840K)->35513K(35840K) Class: 4760K(5056K)->4760K(5056K)
[2021-11-02T20:56:05.765-0700][gc          ] GC(20) Pause Young (Normal) (G1 Evacuation Pause) 653M->147M(1024M) 55.478ms
[2021-11-02T20:56:05.765-0700][gc,cpu      ] GC(20) User=0.06s Sys=0.06s Real=0.06s
[2021-11-02T21:01:05.113-0700][gc,start    ] GC(21) Pause Young (Normal) (G1 Evacuation Pause)
[2021-11-02T21:01:05.114-0700][gc,task     ] GC(21) Using 8 workers of 8 for evacuation
[2021-11-02T21:01:05.154-0700][gc,mmu      ] GC(21) MMU target violated: 21.0ms (20.0ms/21.0ms)
[2021-11-02T21:01:05.154-0700][gc,phases   ] GC(21)   Pre Evacuate Collection Set: 1.5ms
[2021-11-02T21:01:05.154-0700][gc,phases   ] GC(21)   Merge Heap Roots: 0.5ms
[2021-11-02T21:01:05.154-0700][gc,phases   ] GC(21)   Evacuate Collection Set: 35.6ms
[2021-11-02T21:01:05.154-0700][gc,phases   ] GC(21)   Post Evacuate Collection Set: 1.5ms
[2021-11-02T21:01:05.154-0700][gc,phases   ] GC(21)   Other: 2.2ms
[2021-11-02T21:01:05.154-0700][gc,heap     ] GC(21) Eden regions: 184->0(316)
[2021-11-02T21:01:05.154-0700][gc,heap     ] GC(21) Survivor regions: 5->5(24)
[2021-11-02T21:01:05.154-0700][gc,heap     ] GC(21) Old regions: 13->14
[2021-11-02T21:01:05.154-0700][gc,heap     ] GC(21) Archive regions: 2->2
[2021-11-02T21:01:05.154-0700][gc,heap     ] GC(21) Humongous regions: 129->129
[2021-11-02T21:01:05.154-0700][gc,metaspace] GC(21) Metaspace: 40285K(40896K)->40285K(40896K) NonClass: 35524K(35840K)->35524K(35840K) Class: 4760K(5056K)->4760K(5056K)
[2021-11-02T21:01:05.154-0700][gc          ] GC(21) Pause Young (Normal) (G1 Evacuation Pause) 331M->147M(1024M) 41.377ms
[2021-11-02T21:01:05.154-0700][gc,cpu      ] GC(21) User=0.06s Sys=0.06s Real=0.04s
[2021-11-02T21:11:06.635-0700][gc,start    ] GC(22) Pause Young (Normal) (G1 Evacuation Pause)
[2021-11-02T21:11:06.636-0700][gc,task     ] GC(22) Using 8 workers of 8 for evacuation
[2021-11-02T21:11:06.671-0700][gc,mmu      ] GC(22) MMU target violated: 21.0ms (20.0ms/21.0ms)
[2021-11-02T21:11:06.671-0700][gc,phases   ] GC(22)   Pre Evacuate Collection Set: 1.7ms
[2021-11-02T21:11:06.671-0700][gc,phases   ] GC(22)   Merge Heap Roots: 0.4ms
[2021-11-02T21:11:06.671-0700][gc,phases   ] GC(22)   Evacuate Collection Set: 30.1ms
[2021-11-02T21:11:06.671-0700][gc,phases   ] GC(22)   Post Evacuate Collection Set: 2.1ms
[2021-11-02T21:11:06.671-0700][gc,phases   ] GC(22)   Other: 2.2ms
[2021-11-02T21:11:06.671-0700][gc,heap     ] GC(22) Eden regions: 316->0(384)
[2021-11-02T21:11:06.671-0700][gc,heap     ] GC(22) Survivor regions: 5->5(41)
[2021-11-02T21:11:06.671-0700][gc,heap     ] GC(22) Old regions: 14->14
[2021-11-02T21:11:06.671-0700][gc,heap     ] GC(22) Archive regions: 2->2
[2021-11-02T21:11:06.671-0700][gc,heap     ] GC(22) Humongous regions: 129->129
[2021-11-02T21:11:06.671-0700][gc,metaspace] GC(22) Metaspace: 40288K(40896K)->40288K(40896K) NonClass: 35527K(35840K)->35527K(35840K) Class: 4760K(5056K)->4760K(5056K)
[2021-11-02T21:11:06.671-0700][gc          ] GC(22) Pause Young (Normal) (G1 Evacuation Pause) 463M->148M(1024M) 36.564ms
[2021-11-02T21:11:06.671-0700][gc,cpu      ] GC(22) User=0.05s Sys=0.05s Real=0.04s
[2021-11-02T21:23:58.513-0700][gc,start    ] GC(23) Pause Young (Normal) (G1 Evacuation Pause)
[2021-11-02T21:23:58.514-0700][gc,task     ] GC(23) Using 8 workers of 8 for evacuation
[2021-11-02T21:23:58.551-0700][gc,mmu      ] GC(23) MMU target violated: 21.0ms (20.0ms/21.0ms)
[2021-11-02T21:23:58.551-0700][gc,phases   ] GC(23)   Pre Evacuate Collection Set: 0.5ms
[2021-11-02T21:23:58.551-0700][gc,phases   ] GC(23)   Merge Heap Roots: 0.2ms
[2021-11-02T21:23:58.551-0700][gc,phases   ] GC(23)   Evacuate Collection Set: 34.4ms
[2021-11-02T21:23:58.551-0700][gc,phases   ] GC(23)   Post Evacuate Collection Set: 1.7ms
[2021-11-02T21:23:58.551-0700][gc,phases   ] GC(23)   Other: 1.4ms
[2021-11-02T21:23:58.551-0700][gc,heap     ] GC(23) Eden regions: 384->0(422)
[2021-11-02T21:23:58.551-0700][gc,heap     ] GC(23) Survivor regions: 5->4(49)
[2021-11-02T21:23:58.551-0700][gc,heap     ] GC(23) Old regions: 14->14
[2021-11-02T21:23:58.551-0700][gc,heap     ] GC(23) Archive regions: 2->2
[2021-11-02T21:23:58.551-0700][gc,heap     ] GC(23) Humongous regions: 129->129
[2021-11-02T21:23:58.551-0700][gc,metaspace] GC(23) Metaspace: 40288K(40896K)->40288K(40896K) NonClass: 35528K(35840K)->35528K(35840K) Class: 4760K(5056K)->4760K(5056K)
[2021-11-02T21:23:58.551-0700][gc          ] GC(23) Pause Young (Normal) (G1 Evacuation Pause) 532M->147M(1024M) 38.502ms
[2021-11-02T21:23:58.551-0700][gc,cpu      ] GC(23) User=0.03s Sys=0.05s Real=0.04s
[2021-11-02T21:43:41.411-0700][gc,start    ] GC(24) Pause Young (Normal) (G1 Evacuation Pause)
[2021-11-02T21:43:41.412-0700][gc,task     ] GC(24) Using 8 workers of 8 for evacuation
[2021-11-02T21:43:41.478-0700][gc,mmu      ] GC(24) MMU target violated: 21.0ms (20.0ms/21.0ms)
[2021-11-02T21:43:41.478-0700][gc,phases   ] GC(24)   Pre Evacuate Collection Set: 1.2ms
[2021-11-02T21:43:41.478-0700][gc,phases   ] GC(24)   Merge Heap Roots: 0.4ms
[2021-11-02T21:43:41.478-0700][gc,phases   ] GC(24)   Evacuate Collection Set: 55.5ms
[2021-11-02T21:43:41.478-0700][gc,phases   ] GC(24)   Post Evacuate Collection Set: 7.8ms
[2021-11-02T21:43:41.478-0700][gc,phases   ] GC(24)   Other: 1.6ms
[2021-11-02T21:43:41.478-0700][gc,heap     ] GC(24) Eden regions: 422->0(97)
[2021-11-02T21:43:41.478-0700][gc,heap     ] GC(24) Survivor regions: 4->4(54)
[2021-11-02T21:43:41.478-0700][gc,heap     ] GC(24) Old regions: 14->14
[2021-11-02T21:43:41.478-0700][gc,heap     ] GC(24) Archive regions: 2->2
[2021-11-02T21:43:41.478-0700][gc,heap     ] GC(24) Humongous regions: 129->129
[2021-11-02T21:43:41.478-0700][gc,metaspace] GC(24) Metaspace: 40294K(40896K)->40294K(40896K) NonClass: 35534K(35840K)->35534K(35840K) Class: 4760K(5056K)->4760K(5056K)
[2021-11-02T21:43:41.478-0700][gc          ] GC(24) Pause Young (Normal) (G1 Evacuation Pause) 569M->146M(1024M) 66.518ms
[2021-11-02T21:43:41.478-0700][gc,cpu      ] GC(24) User=0.05s Sys=0.06s Real=0.06s
[2021-11-02T21:46:55.338-0700][gc,start    ] GC(25) Pause Young (Normal) (G1 Evacuation Pause)
[2021-11-02T21:46:55.339-0700][gc,task     ] GC(25) Using 8 workers of 8 for evacuation
[2021-11-02T21:46:55.362-0700][gc,mmu      ] GC(25) MMU target violated: 21.0ms (20.0ms/21.0ms)
[2021-11-02T21:46:55.362-0700][gc,phases   ] GC(25)   Pre Evacuate Collection Set: 1.2ms
[2021-11-02T21:46:55.362-0700][gc,phases   ] GC(25)   Merge Heap Roots: 0.4ms
[2021-11-02T21:46:55.362-0700][gc,phases   ] GC(25)   Evacuate Collection Set: 19.5ms
[2021-11-02T21:46:55.362-0700][gc,phases   ] GC(25)   Post Evacuate Collection Set: 1.6ms
[2021-11-02T21:46:55.362-0700][gc,phases   ] GC(25)   Other: 2.0ms
[2021-11-02T21:46:55.362-0700][gc,heap     ] GC(25) Eden regions: 97->0(181)
[2021-11-02T21:46:55.362-0700][gc,heap     ] GC(25) Survivor regions: 4->4(13)
[2021-11-02T21:46:55.362-0700][gc,heap     ] GC(25) Old regions: 14->14
[2021-11-02T21:46:55.362-0700][gc,heap     ] GC(25) Archive regions: 2->2
[2021-11-02T21:46:55.362-0700][gc,heap     ] GC(25) Humongous regions: 129->129
[2021-11-02T21:46:55.362-0700][gc,metaspace] GC(25) Metaspace: 40296K(40896K)->40296K(40896K) NonClass: 35535K(35840K)->35535K(35840K) Class: 4760K(5056K)->4760K(5056K)
[2021-11-02T21:46:55.363-0700][gc          ] GC(25) Pause Young (Normal) (G1 Evacuation Pause) 243M->147M(1024M) 24.778ms
[2021-11-02T21:46:55.363-0700][gc,cpu      ] GC(25) User=0.04s Sys=0.03s Real=0.03s
[2021-11-02T21:52:57.378-0700][gc,start    ] GC(26) Pause Young (Normal) (G1 Evacuation Pause)
[2021-11-02T21:52:57.379-0700][gc,task     ] GC(26) Using 8 workers of 8 for evacuation
[2021-11-02T21:52:57.416-0700][gc,mmu      ] GC(26) MMU target violated: 21.0ms (20.0ms/21.0ms)
[2021-11-02T21:52:57.416-0700][gc,phases   ] GC(26)   Pre Evacuate Collection Set: 1.6ms
[2021-11-02T21:52:57.416-0700][gc,phases   ] GC(26)   Merge Heap Roots: 0.4ms
[2021-11-02T21:52:57.416-0700][gc,phases   ] GC(26)   Evacuate Collection Set: 32.1ms
[2021-11-02T21:52:57.416-0700][gc,phases   ] GC(26)   Post Evacuate Collection Set: 2.8ms
[2021-11-02T21:52:57.416-0700][gc,phases   ] GC(26)   Other: 2.0ms
[2021-11-02T21:52:57.416-0700][gc,heap     ] GC(26) Eden regions: 181->0(127)
[2021-11-02T21:52:57.416-0700][gc,heap     ] GC(26) Survivor regions: 4->4(24)
[2021-11-02T21:52:57.416-0700][gc,heap     ] GC(26) Old regions: 14->14
[2021-11-02T21:52:57.416-0700][gc,heap     ] GC(26) Archive regions: 2->2
[2021-11-02T21:52:57.416-0700][gc,heap     ] GC(26) Humongous regions: 129->129
[2021-11-02T21:52:57.416-0700][gc,metaspace] GC(26) Metaspace: 40298K(40896K)->40298K(40896K) NonClass: 35537K(35840K)->35537K(35840K) Class: 4760K(5056K)->4760K(5056K)
[2021-11-02T21:52:57.416-0700][gc          ] GC(26) Pause Young (Normal) (G1 Evacuation Pause) 328M->147M(1024M) 38.932ms
[2021-11-02T21:52:57.416-0700][gc,cpu      ] GC(26) User=0.03s Sys=0.04s Real=0.04s
[2021-11-02T21:57:12.013-0700][gc,start    ] GC(27) Pause Young (Normal) (G1 Evacuation Pause)
[2021-11-02T21:57:12.015-0700][gc,task     ] GC(27) Using 8 workers of 8 for evacuation
[2021-11-02T21:57:12.041-0700][gc,mmu      ] GC(27) MMU target violated: 21.0ms (20.0ms/21.0ms)
[2021-11-02T21:57:12.041-0700][gc,phases   ] GC(27)   Pre Evacuate Collection Set: 1.7ms
[2021-11-02T21:57:12.041-0700][gc,phases   ] GC(27)   Merge Heap Roots: 0.4ms
[2021-11-02T21:57:12.041-0700][gc,phases   ] GC(27)   Evacuate Collection Set: 21.0ms
[2021-11-02T21:57:12.041-0700][gc,phases   ] GC(27)   Post Evacuate Collection Set: 2.3ms
[2021-11-02T21:57:12.041-0700][gc,phases   ] GC(27)   Other: 2.2ms
[2021-11-02T21:57:12.041-0700][gc,heap     ] GC(27) Eden regions: 127->0(107)
[2021-11-02T21:57:12.041-0700][gc,heap     ] GC(27) Survivor regions: 4->5(17)
[2021-11-02T21:57:12.041-0700][gc,heap     ] GC(27) Old regions: 14->14
[2021-11-02T21:57:12.041-0700][gc,heap     ] GC(27) Archive regions: 2->2
[2021-11-02T21:57:12.041-0700][gc,heap     ] GC(27) Humongous regions: 129->129
[2021-11-02T21:57:12.041-0700][gc,metaspace] GC(27) Metaspace: 40301K(40896K)->40301K(40896K) NonClass: 35541K(35840K)->35541K(35840K) Class: 4760K(5056K)->4760K(5056K)
[2021-11-02T21:57:12.041-0700][gc          ] GC(27) Pause Young (Normal) (G1 Evacuation Pause) 274M->148M(1024M) 27.663ms
[2021-11-02T21:57:12.041-0700][gc,cpu      ] GC(27) User=0.03s Sys=0.04s Real=0.03s
[2021-11-02T22:00:45.686-0700][gc,start    ] GC(28) Pause Young (Normal) (G1 Evacuation Pause)
[2021-11-02T22:00:45.687-0700][gc,task     ] GC(28) Using 8 workers of 8 for evacuation
[2021-11-02T22:00:45.723-0700][gc,mmu      ] GC(28) MMU target violated: 21.0ms (20.0ms/21.0ms)
[2021-11-02T22:00:45.727-0700][gc,phases   ] GC(28)   Pre Evacuate Collection Set: 0.9ms
[2021-11-02T22:00:45.727-0700][gc,phases   ] GC(28)   Merge Heap Roots: 0.3ms
[2021-11-02T22:00:45.727-0700][gc,phases   ] GC(28)   Evacuate Collection Set: 26.4ms
[2021-11-02T22:00:45.727-0700][gc,phases   ] GC(28)   Post Evacuate Collection Set: 8.1ms
[2021-11-02T22:00:45.727-0700][gc,phases   ] GC(28)   Other: 5.5ms
[2021-11-02T22:00:45.727-0700][gc,heap     ] GC(28) Eden regions: 107->0(108)
[2021-11-02T22:00:45.727-0700][gc,heap     ] GC(28) Survivor regions: 5->4(14)
[2021-11-02T22:00:45.727-0700][gc,heap     ] GC(28) Old regions: 14->15
[2021-11-02T22:00:45.727-0700][gc,heap     ] GC(28) Archive regions: 2->2
[2021-11-02T22:00:45.727-0700][gc,heap     ] GC(28) Humongous regions: 129->129
[2021-11-02T22:00:45.727-0700][gc,metaspace] GC(28) Metaspace: 40301K(40896K)->40301K(40896K) NonClass: 35541K(35840K)->35541K(35840K) Class: 4760K(5056K)->4760K(5056K)
[2021-11-02T22:00:45.727-0700][gc          ] GC(28) Pause Young (Normal) (G1 Evacuation Pause) 255M->147M(1024M) 41.643ms
[2021-11-02T22:00:45.728-0700][gc,cpu      ] GC(28) User=0.03s Sys=0.03s Real=0.04s
[2021-11-02T22:04:20.991-0700][gc,start    ] GC(29) Pause Young (Normal) (G1 Evacuation Pause)
[2021-11-02T22:04:20.992-0700][gc,task     ] GC(29) Using 8 workers of 8 for evacuation
[2021-11-02T22:04:21.022-0700][gc,mmu      ] GC(29) MMU target violated: 21.0ms (20.0ms/21.0ms)
[2021-11-02T22:04:21.022-0700][gc,phases   ] GC(29)   Pre Evacuate Collection Set: 1.6ms
[2021-11-02T22:04:21.022-0700][gc,phases   ] GC(29)   Merge Heap Roots: 0.4ms
[2021-11-02T22:04:21.022-0700][gc,phases   ] GC(29)   Evacuate Collection Set: 25.7ms
[2021-11-02T22:04:21.022-0700][gc,phases   ] GC(29)   Post Evacuate Collection Set: 2.0ms
[2021-11-02T22:04:21.022-0700][gc,phases   ] GC(29)   Other: 2.1ms
[2021-11-02T22:04:21.022-0700][gc,heap     ] GC(29) Eden regions: 108->0(136)
[2021-11-02T22:04:21.022-0700][gc,heap     ] GC(29) Survivor regions: 4->4(14)
[2021-11-02T22:04:21.022-0700][gc,heap     ] GC(29) Old regions: 15->15
[2021-11-02T22:04:21.022-0700][gc,heap     ] GC(29) Archive regions: 2->2
[2021-11-02T22:04:21.022-0700][gc,heap     ] GC(29) Humongous regions: 129->129
[2021-11-02T22:04:21.022-0700][gc,metaspace] GC(29) Metaspace: 40303K(40896K)->40303K(40896K) NonClass: 35542K(35840K)->35542K(35840K) Class: 4760K(5056K)->4760K(5056K)
[2021-11-02T22:04:21.022-0700][gc          ] GC(29) Pause Young (Normal) (G1 Evacuation Pause) 255M->147M(1024M) 31.944ms
[2021-11-02T22:04:21.023-0700][gc,cpu      ] GC(29) User=0.04s Sys=0.04s Real=0.03s
[2021-11-02T22:08:52.961-0700][gc,start    ] GC(30) Pause Young (Normal) (G1 Evacuation Pause)
[2021-11-02T22:08:52.963-0700][gc,task     ] GC(30) Using 8 workers of 8 for evacuation
[2021-11-02T22:08:52.986-0700][gc,mmu      ] GC(30) MMU target violated: 21.0ms (20.0ms/21.0ms)
[2021-11-02T22:08:52.986-0700][gc,phases   ] GC(30)   Pre Evacuate Collection Set: 1.7ms
[2021-11-02T22:08:52.986-0700][gc,phases   ] GC(30)   Merge Heap Roots: 0.5ms
[2021-11-02T22:08:52.986-0700][gc,phases   ] GC(30)   Evacuate Collection Set: 18.8ms
[2021-11-02T22:08:52.986-0700][gc,phases   ] GC(30)   Post Evacuate Collection Set: 1.5ms
[2021-11-02T22:08:52.986-0700][gc,phases   ] GC(30)   Other: 2.3ms
[2021-11-02T22:08:52.986-0700][gc,heap     ] GC(30) Eden regions: 136->0(208)
[2021-11-02T22:08:52.986-0700][gc,heap     ] GC(30) Survivor regions: 4->4(18)
[2021-11-02T22:08:52.986-0700][gc,heap     ] GC(30) Old regions: 15->15
[2021-11-02T22:08:52.986-0700][gc,heap     ] GC(30) Archive regions: 2->2
[2021-11-02T22:08:52.986-0700][gc,heap     ] GC(30) Humongous regions: 129->129
[2021-11-02T22:08:52.986-0700][gc,metaspace] GC(30) Metaspace: 40308K(40896K)->40308K(40896K) NonClass: 35547K(35840K)->35547K(35840K) Class: 4760K(5056K)->4760K(5056K)
[2021-11-02T22:08:52.986-0700][gc          ] GC(30) Pause Young (Normal) (G1 Evacuation Pause) 283M->148M(1024M) 24.839ms
[2021-11-02T22:08:52.986-0700][gc,cpu      ] GC(30) User=0.03s Sys=0.03s Real=0.02s
[2021-11-02T22:15:49.427-0700][gc,start    ] GC(31) Pause Young (Normal) (G1 Evacuation Pause)
[2021-11-02T22:15:49.428-0700][gc,task     ] GC(31) Using 8 workers of 8 for evacuation
[2021-11-02T22:15:49.453-0700][gc,mmu      ] GC(31) MMU target violated: 21.0ms (20.0ms/21.0ms)
[2021-11-02T22:15:49.453-0700][gc,phases   ] GC(31)   Pre Evacuate Collection Set: 0.8ms
[2021-11-02T22:15:49.453-0700][gc,phases   ] GC(31)   Merge Heap Roots: 0.2ms
[2021-11-02T22:15:49.454-0700][gc,phases   ] GC(31)   Evacuate Collection Set: 19.5ms
[2021-11-02T22:15:49.454-0700][gc,phases   ] GC(31)   Post Evacuate Collection Set: 4.8ms
[2021-11-02T22:15:49.454-0700][gc,phases   ] GC(31)   Other: 1.1ms
[2021-11-02T22:15:49.454-0700][gc,heap     ] GC(31) Eden regions: 208->0(268)
[2021-11-02T22:15:49.454-0700][gc,heap     ] GC(31) Survivor regions: 4->4(27)
[2021-11-02T22:15:49.454-0700][gc,heap     ] GC(31) Old regions: 15->15
[2021-11-02T22:15:49.454-0700][gc,heap     ] GC(31) Archive regions: 2->2
[2021-11-02T22:15:49.454-0700][gc,heap     ] GC(31) Humongous regions: 129->129
[2021-11-02T22:15:49.454-0700][gc,metaspace] GC(31) Metaspace: 40308K(40896K)->40308K(40896K) NonClass: 35547K(35840K)->35547K(35840K) Class: 4760K(5056K)->4760K(5056K)
[2021-11-02T22:15:49.454-0700][gc          ] GC(31) Pause Young (Normal) (G1 Evacuation Pause) 356M->147M(1024M) 26.538ms
[2021-11-02T22:15:49.454-0700][gc,cpu      ] GC(31) User=0.04s Sys=0.04s Real=0.03s
[2021-11-02T22:24:49.543-0700][gc,start    ] GC(32) Pause Young (Normal) (G1 Evacuation Pause)
[2021-11-02T22:24:49.543-0700][gc,task     ] GC(32) Using 8 workers of 8 for evacuation
[2021-11-02T22:24:49.574-0700][gc,mmu      ] GC(32) MMU target violated: 21.0ms (20.0ms/21.0ms)
[2021-11-02T22:24:49.574-0700][gc,phases   ] GC(32)   Pre Evacuate Collection Set: 1.1ms
[2021-11-02T22:24:49.574-0700][gc,phases   ] GC(32)   Merge Heap Roots: 0.6ms
[2021-11-02T22:24:49.574-0700][gc,phases   ] GC(32)   Evacuate Collection Set: 27.5ms
[2021-11-02T22:24:49.574-0700][gc,phases   ] GC(32)   Post Evacuate Collection Set: 1.2ms
[2021-11-02T22:24:49.574-0700][gc,phases   ] GC(32)   Other: 1.2ms
[2021-11-02T22:24:49.574-0700][gc,heap     ] GC(32) Eden regions: 268->0(321)
[2021-11-02T22:24:49.574-0700][gc,heap     ] GC(32) Survivor regions: 4->3(34)
[2021-11-02T22:24:49.574-0700][gc,heap     ] GC(32) Old regions: 15->15
[2021-11-02T22:24:49.574-0700][gc,heap     ] GC(32) Archive regions: 2->2
[2021-11-02T22:24:49.574-0700][gc,heap     ] GC(32) Humongous regions: 129->129
[2021-11-02T22:24:49.574-0700][gc,metaspace] GC(32) Metaspace: 40313K(40896K)->40313K(40896K) NonClass: 35552K(35840K)->35552K(35840K) Class: 4760K(5056K)->4760K(5056K)
[2021-11-02T22:24:49.574-0700][gc          ] GC(32) Pause Young (Normal) (G1 Evacuation Pause) 415M->147M(1024M) 31.605ms
[2021-11-02T22:24:49.574-0700][gc,cpu      ] GC(32) User=0.03s Sys=0.04s Real=0.03s
[2021-11-02T22:35:29.870-0700][gc,start    ] GC(33) Pause Young (Normal) (G1 Evacuation Pause)
[2021-11-02T22:35:29.871-0700][gc,task     ] GC(33) Using 8 workers of 8 for evacuation
[2021-11-02T22:35:29.904-0700][gc,mmu      ] GC(33) MMU target violated: 21.0ms (20.0ms/21.0ms)
[2021-11-02T22:35:29.904-0700][gc,phases   ] GC(33)   Pre Evacuate Collection Set: 1.5ms
[2021-11-02T22:35:29.904-0700][gc,phases   ] GC(33)   Merge Heap Roots: 0.4ms
[2021-11-02T22:35:29.904-0700][gc,phases   ] GC(33)   Evacuate Collection Set: 28.2ms
[2021-11-02T22:35:29.904-0700][gc,phases   ] GC(33)   Post Evacuate Collection Set: 2.1ms
[2021-11-02T22:35:29.904-0700][gc,phases   ] GC(33)   Other: 2.5ms
[2021-11-02T22:35:29.904-0700][gc,heap     ] GC(33) Eden regions: 321->0(219)
[2021-11-02T22:35:29.904-0700][gc,heap     ] GC(33) Survivor regions: 3->4(41)
[2021-11-02T22:35:29.904-0700][gc,heap     ] GC(33) Old regions: 15->15
[2021-11-02T22:35:29.904-0700][gc,heap     ] GC(33) Archive regions: 2->2
[2021-11-02T22:35:29.904-0700][gc,heap     ] GC(33) Humongous regions: 129->129
[2021-11-02T22:35:29.904-0700][gc,metaspace] GC(33) Metaspace: 40329K(40896K)->40329K(40896K) NonClass: 35569K(35840K)->35569K(35840K) Class: 4760K(5056K)->4760K(5056K)
[2021-11-02T22:35:29.904-0700][gc          ] GC(33) Pause Young (Normal) (G1 Evacuation Pause) 468M->147M(1024M) 34.722ms
[2021-11-02T22:35:29.904-0700][gc,cpu      ] GC(33) User=0.03s Sys=0.05s Real=0.03s
[2021-11-02T22:42:47.408-0700][gc,start    ] GC(34) Pause Young (Normal) (G1 Evacuation Pause)
[2021-11-02T22:42:47.409-0700][gc,task     ] GC(34) Using 8 workers of 8 for evacuation
[2021-11-02T22:42:47.431-0700][gc,mmu      ] GC(34) MMU target violated: 21.0ms (20.0ms/21.0ms)
[2021-11-02T22:42:47.431-0700][gc,phases   ] GC(34)   Pre Evacuate Collection Set: 4.3ms
[2021-11-02T22:42:47.431-0700][gc,phases   ] GC(34)   Merge Heap Roots: 0.9ms
[2021-11-02T22:42:47.431-0700][gc,phases   ] GC(34)   Evacuate Collection Set: 14.5ms
[2021-11-02T22:42:47.431-0700][gc,phases   ] GC(34)   Post Evacuate Collection Set: 1.7ms
[2021-11-02T22:42:47.431-0700][gc,phases   ] GC(34)   Other: 2.3ms
[2021-11-02T22:42:47.431-0700][gc,heap     ] GC(34) Eden regions: 219->0(281)
[2021-11-02T22:42:47.431-0700][gc,heap     ] GC(34) Survivor regions: 4->4(28)
[2021-11-02T22:42:47.431-0700][gc,heap     ] GC(34) Old regions: 15->15
[2021-11-02T22:42:47.431-0700][gc,heap     ] GC(34) Archive regions: 2->2
[2021-11-02T22:42:47.431-0700][gc,heap     ] GC(34) Humongous regions: 129->129
[2021-11-02T22:42:47.431-0700][gc,metaspace] GC(34) Metaspace: 40332K(40896K)->40332K(40896K) NonClass: 35571K(35840K)->35571K(35840K) Class: 4760K(5056K)->4760K(5056K)
[2021-11-02T22:42:47.431-0700][gc          ] GC(34) Pause Young (Normal) (G1 Evacuation Pause) 366M->147M(1024M) 23.775ms
[2021-11-02T22:42:47.432-0700][gc,cpu      ] GC(34) User=0.03s Sys=0.03s Real=0.03s
[2021-11-02T23:14:36.673-0700][gc,start    ] GC(35) Pause Young (Normal) (G1 Evacuation Pause)
[2021-11-02T23:14:36.675-0700][gc,task     ] GC(35) Using 8 workers of 8 for evacuation
[2021-11-02T23:14:36.704-0700][gc,mmu      ] GC(35) MMU target violated: 21.0ms (20.0ms/21.0ms)
[2021-11-02T23:14:36.704-0700][gc,phases   ] GC(35)   Pre Evacuate Collection Set: 1.4ms
[2021-11-02T23:14:36.704-0700][gc,phases   ] GC(35)   Merge Heap Roots: 0.2ms
[2021-11-02T23:14:36.704-0700][gc,phases   ] GC(35)   Evacuate Collection Set: 23.6ms
[2021-11-02T23:14:36.704-0700][gc,phases   ] GC(35)   Post Evacuate Collection Set: 2.1ms
[2021-11-02T23:14:36.704-0700][gc,phases   ] GC(35)   Other: 3.4ms
[2021-11-02T23:14:36.704-0700][gc,heap     ] GC(35) Eden regions: 281->0(317)
[2021-11-02T23:14:36.704-0700][gc,heap     ] GC(35) Survivor regions: 4->4(36)
[2021-11-02T23:14:36.704-0700][gc,heap     ] GC(35) Old regions: 15->15
[2021-11-02T23:14:36.704-0700][gc,heap     ] GC(35) Archive regions: 2->2
[2021-11-02T23:14:36.704-0700][gc,heap     ] GC(35) Humongous regions: 129->129
[2021-11-02T23:14:36.704-0700][gc,metaspace] GC(35) Metaspace: 40363K(40960K)->40363K(40960K) NonClass: 35602K(35904K)->35602K(35904K) Class: 4761K(5056K)->4761K(5056K)
[2021-11-02T23:14:36.704-0700][gc          ] GC(35) Pause Young (Normal) (G1 Evacuation Pause) 428M->148M(1024M) 30.794ms
[2021-11-02T23:14:36.704-0700][gc,cpu      ] GC(35) User=0.03s Sys=0.04s Real=0.03s
[2021-11-02T23:23:18.586-0700][gc,start    ] GC(36) Pause Young (Normal) (G1 Evacuation Pause)
[2021-11-02T23:23:18.586-0700][gc,task     ] GC(36) Using 8 workers of 8 for evacuation
[2021-11-02T23:23:18.631-0700][gc,mmu      ] GC(36) MMU target violated: 21.0ms (20.0ms/21.0ms)
[2021-11-02T23:23:18.631-0700][gc,phases   ] GC(36)   Pre Evacuate Collection Set: 0.8ms
[2021-11-02T23:23:18.631-0700][gc,phases   ] GC(36)   Merge Heap Roots: 0.2ms
[2021-11-02T23:23:18.632-0700][gc,phases   ] GC(36)   Evacuate Collection Set: 37.3ms
[2021-11-02T23:23:18.632-0700][gc,phases   ] GC(36)   Post Evacuate Collection Set: 6.5ms
[2021-11-02T23:23:18.632-0700][gc,phases   ] GC(36)   Other: 1.0ms
[2021-11-02T23:23:18.632-0700][gc,heap     ] GC(36) Eden regions: 317->0(47)
[2021-11-02T23:23:18.632-0700][gc,heap     ] GC(36) Survivor regions: 4->4(41)
[2021-11-02T23:23:18.632-0700][gc,heap     ] GC(36) Old regions: 15->15
[2021-11-02T23:23:18.632-0700][gc,heap     ] GC(36) Archive regions: 2->2
[2021-11-02T23:23:18.632-0700][gc,heap     ] GC(36) Humongous regions: 129->129
[2021-11-02T23:23:18.632-0700][gc,metaspace] GC(36) Metaspace: 40399K(40960K)->40399K(40960K) NonClass: 35638K(35904K)->35638K(35904K) Class: 4761K(5056K)->4761K(5056K)
[2021-11-02T23:23:18.632-0700][gc          ] GC(36) Pause Young (Normal) (G1 Evacuation Pause) 465M->147M(1024M) 46.376ms
[2021-11-02T23:23:18.632-0700][gc,cpu      ] GC(36) User=0.03s Sys=0.04s Real=0.05s
[2021-11-02T23:25:26.897-0700][gc,start    ] GC(37) Pause Young (Normal) (G1 Evacuation Pause)
[2021-11-02T23:25:26.899-0700][gc,task     ] GC(37) Using 8 workers of 8 for evacuation
[2021-11-02T23:25:26.921-0700][gc,mmu      ] GC(37) MMU target violated: 21.0ms (20.0ms/21.0ms)
[2021-11-02T23:25:26.921-0700][gc,phases   ] GC(37)   Pre Evacuate Collection Set: 1.0ms
[2021-11-02T23:25:26.921-0700][gc,phases   ] GC(37)   Merge Heap Roots: 0.3ms
[2021-11-02T23:25:26.921-0700][gc,phases   ] GC(37)   Evacuate Collection Set: 18.6ms
[2021-11-02T23:25:26.921-0700][gc,phases   ] GC(37)   Post Evacuate Collection Set: 2.0ms
[2021-11-02T23:25:26.921-0700][gc,phases   ] GC(37)   Other: 1.8ms
[2021-11-02T23:25:26.921-0700][gc,heap     ] GC(37) Eden regions: 47->0(47)
[2021-11-02T23:25:26.921-0700][gc,heap     ] GC(37) Survivor regions: 4->4(7)
[2021-11-02T23:25:26.921-0700][gc,heap     ] GC(37) Old regions: 15->15
[2021-11-02T23:25:26.921-0700][gc,heap     ] GC(37) Archive regions: 2->2
[2021-11-02T23:25:26.921-0700][gc,heap     ] GC(37) Humongous regions: 129->129
[2021-11-02T23:25:26.921-0700][gc,metaspace] GC(37) Metaspace: 40431K(41024K)->40431K(41024K) NonClass: 35667K(35968K)->35667K(35968K) Class: 4763K(5056K)->4763K(5056K)
[2021-11-02T23:25:26.921-0700][gc          ] GC(37) Pause Young (Normal) (G1 Evacuation Pause) 194M->148M(1024M) 23.968ms
[2021-11-02T23:25:26.922-0700][gc,cpu      ] GC(37) User=0.03s Sys=0.03s Real=0.03s
[2021-11-02T23:26:30.398-0700][gc,start    ] GC(38) Pause Young (Normal) (G1 Evacuation Pause)
[2021-11-02T23:26:30.399-0700][gc,task     ] GC(38) Using 8 workers of 8 for evacuation
[2021-11-02T23:26:30.448-0700][gc,mmu      ] GC(38) MMU target violated: 21.0ms (20.0ms/21.0ms)
[2021-11-02T23:26:30.448-0700][gc,phases   ] GC(38)   Pre Evacuate Collection Set: 0.9ms
[2021-11-02T23:26:30.448-0700][gc,phases   ] GC(38)   Merge Heap Roots: 0.2ms
[2021-11-02T23:26:30.448-0700][gc,phases   ] GC(38)   Evacuate Collection Set: 22.5ms
[2021-11-02T23:26:30.448-0700][gc,phases   ] GC(38)   Post Evacuate Collection Set: 24.7ms
[2021-11-02T23:26:30.448-0700][gc,phases   ] GC(38)   Other: 1.8ms
[2021-11-02T23:26:30.448-0700][gc,heap     ] GC(38) Eden regions: 47->0(48)
[2021-11-02T23:26:30.448-0700][gc,heap     ] GC(38) Survivor regions: 4->3(7)
[2021-11-02T23:26:30.448-0700][gc,heap     ] GC(38) Old regions: 15->16
[2021-11-02T23:26:30.448-0700][gc,heap     ] GC(38) Archive regions: 2->2
[2021-11-02T23:26:30.448-0700][gc,heap     ] GC(38) Humongous regions: 129->129
[2021-11-02T23:26:30.448-0700][gc,metaspace] GC(38) Metaspace: 40437K(41088K)->40437K(41088K) NonClass: 35673K(36032K)->35673K(36032K) Class: 4763K(5056K)->4763K(5056K)
[2021-11-02T23:26:30.449-0700][gc          ] GC(38) Pause Young (Normal) (G1 Evacuation Pause) 195M->147M(1024M) 50.330ms
[2021-11-02T23:26:30.449-0700][gc,cpu      ] GC(38) User=0.03s Sys=0.04s Real=0.05s
[2021-11-02T23:27:32.056-0700][gc,start    ] GC(39) Pause Young (Normal) (G1 Evacuation Pause)
[2021-11-02T23:27:32.056-0700][gc,task     ] GC(39) Using 8 workers of 8 for evacuation
[2021-11-02T23:27:32.093-0700][gc,mmu      ] GC(39) MMU target violated: 20.3ms (20.0ms/21.0ms)
[2021-11-02T23:27:32.093-0700][gc,phases   ] GC(39)   Pre Evacuate Collection Set: 0.8ms
[2021-11-02T23:27:32.093-0700][gc,phases   ] GC(39)   Merge Heap Roots: 0.2ms
[2021-11-02T23:27:32.093-0700][gc,phases   ] GC(39)   Evacuate Collection Set: 18.0ms
[2021-11-02T23:27:32.093-0700][gc,phases   ] GC(39)   Post Evacuate Collection Set: 1.4ms
[2021-11-02T23:27:32.093-0700][gc,phases   ] GC(39)   Other: 17.1ms
[2021-11-02T23:27:32.094-0700][gc,heap     ] GC(39) Eden regions: 48->0(48)
[2021-11-02T23:27:32.094-0700][gc,heap     ] GC(39) Survivor regions: 3->3(7)
[2021-11-02T23:27:32.094-0700][gc,heap     ] GC(39) Old regions: 16->16
[2021-11-02T23:27:32.094-0700][gc,heap     ] GC(39) Archive regions: 2->2
[2021-11-02T23:27:32.094-0700][gc,heap     ] GC(39) Humongous regions: 129->129
[2021-11-02T23:27:32.094-0700][gc,metaspace] GC(39) Metaspace: 40437K(41088K)->40437K(41088K) NonClass: 35673K(36032K)->35673K(36032K) Class: 4763K(5056K)->4763K(5056K)
[2021-11-02T23:27:32.094-0700][gc          ] GC(39) Pause Young (Normal) (G1 Evacuation Pause) 195M->148M(1024M) 37.715ms
[2021-11-02T23:27:32.094-0700][gc,cpu      ] GC(39) User=0.02s Sys=0.03s Real=0.04s
[2021-11-02T23:28:37.155-0700][gc,start    ] GC(40) Pause Young (Normal) (G1 Evacuation Pause)
[2021-11-02T23:28:37.156-0700][gc,task     ] GC(40) Using 8 workers of 8 for evacuation
[2021-11-02T23:28:37.178-0700][gc,mmu      ] GC(40) MMU target violated: 21.0ms (20.0ms/21.0ms)
[2021-11-02T23:28:37.178-0700][gc,phases   ] GC(40)   Pre Evacuate Collection Set: 5.1ms
[2021-11-02T23:28:37.178-0700][gc,phases   ] GC(40)   Merge Heap Roots: 0.5ms
[2021-11-02T23:28:37.178-0700][gc,phases   ] GC(40)   Evacuate Collection Set: 15.1ms
[2021-11-02T23:28:37.178-0700][gc,phases   ] GC(40)   Post Evacuate Collection Set: 1.0ms
[2021-11-02T23:28:37.178-0700][gc,phases   ] GC(40)   Other: 1.5ms
[2021-11-02T23:28:37.178-0700][gc,heap     ] GC(40) Eden regions: 48->0(47)
[2021-11-02T23:28:37.178-0700][gc,heap     ] GC(40) Survivor regions: 3->4(7)
[2021-11-02T23:28:37.178-0700][gc,heap     ] GC(40) Old regions: 16->16
[2021-11-02T23:28:37.178-0700][gc,heap     ] GC(40) Archive regions: 2->2
[2021-11-02T23:28:37.178-0700][gc,heap     ] GC(40) Humongous regions: 129->129
[2021-11-02T23:28:37.178-0700][gc,metaspace] GC(40) Metaspace: 40448K(41088K)->40448K(41088K) NonClass: 35684K(36032K)->35684K(36032K) Class: 4763K(5056K)->4763K(5056K)
[2021-11-02T23:28:37.178-0700][gc          ] GC(40) Pause Young (Normal) (G1 Evacuation Pause) 196M->148M(1024M) 23.217ms
[2021-11-02T23:28:37.178-0700][gc,cpu      ] GC(40) User=0.02s Sys=0.02s Real=0.02s
[2021-11-02T23:29:41.577-0700][gc,start    ] GC(41) Pause Young (Normal) (G1 Evacuation Pause)
[2021-11-02T23:29:41.578-0700][gc,task     ] GC(41) Using 8 workers of 8 for evacuation
[2021-11-02T23:29:41.592-0700][gc,phases   ] GC(41)   Pre Evacuate Collection Set: 0.9ms
[2021-11-02T23:29:41.592-0700][gc,phases   ] GC(41)   Merge Heap Roots: 0.3ms
[2021-11-02T23:29:41.592-0700][gc,phases   ] GC(41)   Evacuate Collection Set: 11.0ms
[2021-11-02T23:29:41.592-0700][gc,phases   ] GC(41)   Post Evacuate Collection Set: 1.4ms
[2021-11-02T23:29:41.592-0700][gc,phases   ] GC(41)   Other: 1.5ms
[2021-11-02T23:29:41.592-0700][gc,heap     ] GC(41) Eden regions: 47->0(47)
[2021-11-02T23:29:41.592-0700][gc,heap     ] GC(41) Survivor regions: 4->4(7)
[2021-11-02T23:29:41.592-0700][gc,heap     ] GC(41) Old regions: 16->16
[2021-11-02T23:29:41.592-0700][gc,heap     ] GC(41) Archive regions: 2->2
[2021-11-02T23:29:41.592-0700][gc,heap     ] GC(41) Humongous regions: 129->129
[2021-11-02T23:29:41.592-0700][gc,metaspace] GC(41) Metaspace: 40448K(41088K)->40448K(41088K) NonClass: 35684K(36032K)->35684K(36032K) Class: 4763K(5056K)->4763K(5056K)
[2021-11-02T23:29:41.592-0700][gc          ] GC(41) Pause Young (Normal) (G1 Evacuation Pause) 195M->148M(1024M) 15.315ms
[2021-11-02T23:29:41.592-0700][gc,cpu      ] GC(41) User=0.02s Sys=0.01s Real=0.02s
[2021-11-02T23:30:45.736-0700][gc,start    ] GC(42) Pause Young (Normal) (G1 Evacuation Pause)
[2021-11-02T23:30:45.737-0700][gc,task     ] GC(42) Using 8 workers of 8 for evacuation
[2021-11-02T23:30:45.775-0700][gc,mmu      ] GC(42) MMU target violated: 21.0ms (20.0ms/21.0ms)
[2021-11-02T23:30:45.775-0700][gc,phases   ] GC(42)   Pre Evacuate Collection Set: 6.7ms
[2021-11-02T23:30:45.775-0700][gc,phases   ] GC(42)   Merge Heap Roots: 0.7ms
[2021-11-02T23:30:45.775-0700][gc,phases   ] GC(42)   Evacuate Collection Set: 28.4ms
[2021-11-02T23:30:45.775-0700][gc,phases   ] GC(42)   Post Evacuate Collection Set: 1.3ms
[2021-11-02T23:30:45.775-0700][gc,phases   ] GC(42)   Other: 2.0ms
[2021-11-02T23:30:45.775-0700][gc,heap     ] GC(42) Eden regions: 47->0(48)
[2021-11-02T23:30:45.775-0700][gc,heap     ] GC(42) Survivor regions: 4->3(7)
[2021-11-02T23:30:45.775-0700][gc,heap     ] GC(42) Old regions: 16->16
[2021-11-02T23:30:45.775-0700][gc,heap     ] GC(42) Archive regions: 2->2
[2021-11-02T23:30:45.775-0700][gc,heap     ] GC(42) Humongous regions: 129->129
[2021-11-02T23:30:45.775-0700][gc,metaspace] GC(42) Metaspace: 40449K(41088K)->40449K(41088K) NonClass: 35685K(36032K)->35685K(36032K) Class: 4763K(5056K)->4763K(5056K)
[2021-11-02T23:30:45.775-0700][gc          ] GC(42) Pause Young (Normal) (G1 Evacuation Pause) 195M->148M(1024M) 39.183ms
[2021-11-02T23:30:45.775-0700][gc,cpu      ] GC(42) User=0.02s Sys=0.03s Real=0.04s
[2021-11-02T23:31:51.503-0700][gc,start    ] GC(43) Pause Young (Normal) (G1 Evacuation Pause)
[2021-11-02T23:31:51.510-0700][gc,task     ] GC(43) Using 8 workers of 8 for evacuation
[2021-11-02T23:31:51.525-0700][gc,phases   ] GC(43)   Pre Evacuate Collection Set: 0.9ms
[2021-11-02T23:31:51.525-0700][gc,phases   ] GC(43)   Merge Heap Roots: 2.1ms
[2021-11-02T23:31:51.525-0700][gc,phases   ] GC(43)   Evacuate Collection Set: 10.4ms
[2021-11-02T23:31:51.525-0700][gc,phases   ] GC(43)   Post Evacuate Collection Set: 0.9ms
[2021-11-02T23:31:51.525-0700][gc,phases   ] GC(43)   Other: 7.2ms
[2021-11-02T23:31:51.525-0700][gc,heap     ] GC(43) Eden regions: 48->0(47)
[2021-11-02T23:31:51.525-0700][gc,heap     ] GC(43) Survivor regions: 3->4(7)
[2021-11-02T23:31:51.525-0700][gc,heap     ] GC(43) Old regions: 16->16
[2021-11-02T23:31:51.525-0700][gc,heap     ] GC(43) Archive regions: 2->2
[2021-11-02T23:31:51.525-0700][gc,heap     ] GC(43) Humongous regions: 129->129
[2021-11-02T23:31:51.525-0700][gc,metaspace] GC(43) Metaspace: 40449K(41088K)->40449K(41088K) NonClass: 35685K(36032K)->35685K(36032K) Class: 4763K(5056K)->4763K(5056K)
[2021-11-02T23:31:51.525-0700][gc          ] GC(43) Pause Young (Normal) (G1 Evacuation Pause) 196M->149M(1024M) 21.729ms
[2021-11-02T23:31:51.525-0700][gc,cpu      ] GC(43) User=0.02s Sys=0.01s Real=0.02s
[2021-11-02T23:32:54.802-0700][gc,start    ] GC(44) Pause Young (Normal) (G1 Evacuation Pause)
[2021-11-02T23:32:54.803-0700][gc,task     ] GC(44) Using 8 workers of 8 for evacuation
[2021-11-02T23:32:54.820-0700][gc,phases   ] GC(44)   Pre Evacuate Collection Set: 0.8ms
[2021-11-02T23:32:54.820-0700][gc,phases   ] GC(44)   Merge Heap Roots: 0.1ms
[2021-11-02T23:32:54.820-0700][gc,phases   ] GC(44)   Evacuate Collection Set: 12.8ms
[2021-11-02T23:32:54.820-0700][gc,phases   ] GC(44)   Post Evacuate Collection Set: 3.3ms
[2021-11-02T23:32:54.820-0700][gc,phases   ] GC(44)   Other: 0.6ms
[2021-11-02T23:32:54.820-0700][gc,heap     ] GC(44) Eden regions: 47->0(125)
[2021-11-02T23:32:54.820-0700][gc,heap     ] GC(44) Survivor regions: 4->4(7)
[2021-11-02T23:32:54.820-0700][gc,heap     ] GC(44) Old regions: 16->16
[2021-11-02T23:32:54.820-0700][gc,heap     ] GC(44) Archive regions: 2->2
[2021-11-02T23:32:54.820-0700][gc,heap     ] GC(44) Humongous regions: 129->129
[2021-11-02T23:32:54.820-0700][gc,metaspace] GC(44) Metaspace: 40453K(41088K)->40453K(41088K) NonClass: 35689K(36032K)->35689K(36032K) Class: 4763K(5056K)->4763K(5056K)
[2021-11-02T23:32:54.820-0700][gc          ] GC(44) Pause Young (Normal) (G1 Evacuation Pause) 196M->148M(1024M) 18.100ms
[2021-11-02T23:32:54.820-0700][gc,cpu      ] GC(44) User=0.03s Sys=0.02s Real=0.02s
[2021-11-02T23:35:41.452-0700][gc,start    ] GC(45) Pause Young (Normal) (G1 Evacuation Pause)
[2021-11-02T23:35:41.453-0700][gc,task     ] GC(45) Using 8 workers of 8 for evacuation
[2021-11-02T23:35:41.475-0700][gc,mmu      ] GC(45) MMU target violated: 21.0ms (20.0ms/21.0ms)
[2021-11-02T23:35:41.476-0700][gc,phases   ] GC(45)   Pre Evacuate Collection Set: 1.5ms
[2021-11-02T23:35:41.476-0700][gc,phases   ] GC(45)   Merge Heap Roots: 0.4ms
[2021-11-02T23:35:41.476-0700][gc,phases   ] GC(45)   Evacuate Collection Set: 19.0ms
[2021-11-02T23:35:41.476-0700][gc,phases   ] GC(45)   Post Evacuate Collection Set: 1.3ms
[2021-11-02T23:35:41.476-0700][gc,phases   ] GC(45)   Other: 2.0ms
[2021-11-02T23:35:41.476-0700][gc,heap     ] GC(45) Eden regions: 121->0(151)
[2021-11-02T23:35:41.476-0700][gc,heap     ] GC(45) Survivor regions: 4->4(16)
[2021-11-02T23:35:41.476-0700][gc,heap     ] GC(45) Old regions: 16->16
[2021-11-02T23:35:41.476-0700][gc,heap     ] GC(45) Archive regions: 2->2
[2021-11-02T23:35:41.476-0700][gc,heap     ] GC(45) Humongous regions: 129->129
[2021-11-02T23:35:41.476-0700][gc,metaspace] GC(45) Metaspace: 40453K(41088K)->40453K(41088K) NonClass: 35689K(36032K)->35689K(36032K) Class: 4763K(5056K)->4763K(5056K)
[2021-11-02T23:35:41.476-0700][gc          ] GC(45) Pause Young (Normal) (G1 Evacuation Pause) 269M->149M(1024M) 24.234ms
[2021-11-02T23:35:41.476-0700][gc,cpu      ] GC(45) User=0.03s Sys=0.03s Real=0.02s
[2021-11-02T23:39:09.328-0700][gc,start    ] GC(46) Pause Young (Normal) (G1 Evacuation Pause)
[2021-11-02T23:39:09.329-0700][gc,task     ] GC(46) Using 8 workers of 8 for evacuation
[2021-11-02T23:39:09.374-0700][gc,mmu      ] GC(46) MMU target violated: 21.0ms (20.0ms/21.0ms)
[2021-11-02T23:39:09.374-0700][gc,phases   ] GC(46)   Pre Evacuate Collection Set: 0.9ms
[2021-11-02T23:39:09.374-0700][gc,phases   ] GC(46)   Merge Heap Roots: 0.2ms
[2021-11-02T23:39:09.374-0700][gc,phases   ] GC(46)   Evacuate Collection Set: 42.5ms
[2021-11-02T23:39:09.374-0700][gc,phases   ] GC(46)   Post Evacuate Collection Set: 1.4ms
[2021-11-02T23:39:09.374-0700][gc,phases   ] GC(46)   Other: 1.2ms
[2021-11-02T23:39:09.374-0700][gc,heap     ] GC(46) Eden regions: 151->0(47)
[2021-11-02T23:39:09.374-0700][gc,heap     ] GC(46) Survivor regions: 4->4(20)
[2021-11-02T23:39:09.374-0700][gc,heap     ] GC(46) Old regions: 16->16
[2021-11-02T23:39:09.374-0700][gc,heap     ] GC(46) Archive regions: 2->2
[2021-11-02T23:39:09.374-0700][gc,heap     ] GC(46) Humongous regions: 129->129
[2021-11-02T23:39:09.374-0700][gc,metaspace] GC(46) Metaspace: 40462K(41088K)->40462K(41088K) NonClass: 35698K(36032K)->35698K(36032K) Class: 4763K(5056K)->4763K(5056K)
[2021-11-02T23:39:09.374-0700][gc          ] GC(46) Pause Young (Normal) (G1 Evacuation Pause) 300M->149M(1024M) 46.326ms
[2021-11-02T23:39:09.374-0700][gc,cpu      ] GC(46) User=0.04s Sys=0.06s Real=0.05s
[2021-11-02T23:40:13.149-0700][gc,start    ] GC(47) Pause Young (Normal) (G1 Evacuation Pause)
[2021-11-02T23:40:13.150-0700][gc,task     ] GC(47) Using 8 workers of 8 for evacuation
[2021-11-02T23:40:13.166-0700][gc,phases   ] GC(47)   Pre Evacuate Collection Set: 0.7ms
[2021-11-02T23:40:13.166-0700][gc,phases   ] GC(47)   Merge Heap Roots: 0.2ms
[2021-11-02T23:40:13.166-0700][gc,phases   ] GC(47)   Evacuate Collection Set: 14.3ms
[2021-11-02T23:40:13.166-0700][gc,phases   ] GC(47)   Post Evacuate Collection Set: 0.5ms
[2021-11-02T23:40:13.166-0700][gc,phases   ] GC(47)   Other: 1.4ms
[2021-11-02T23:40:13.166-0700][gc,heap     ] GC(47) Eden regions: 47->0(79)
[2021-11-02T23:40:13.166-0700][gc,heap     ] GC(47) Survivor regions: 4->4(7)
[2021-11-02T23:40:13.166-0700][gc,heap     ] GC(47) Old regions: 16->16
[2021-11-02T23:40:13.166-0700][gc,heap     ] GC(47) Archive regions: 2->2
[2021-11-02T23:40:13.166-0700][gc,heap     ] GC(47) Humongous regions: 129->129
[2021-11-02T23:40:13.166-0700][gc,metaspace] GC(47) Metaspace: 40477K(41088K)->40477K(41088K) NonClass: 35713K(36032K)->35713K(36032K) Class: 4763K(5056K)->4763K(5056K)
[2021-11-02T23:40:13.166-0700][gc          ] GC(47) Pause Young (Normal) (G1 Evacuation Pause) 196M->149M(1024M) 17.372ms
[2021-11-02T23:40:13.166-0700][gc,cpu      ] GC(47) User=0.03s Sys=0.01s Real=0.02s
[2021-11-02T23:41:59.318-0700][gc,start    ] GC(48) Pause Young (Normal) (G1 Evacuation Pause)
[2021-11-02T23:41:59.319-0700][gc,task     ] GC(48) Using 8 workers of 8 for evacuation
[2021-11-02T23:41:59.346-0700][gc,mmu      ] GC(48) MMU target violated: 21.0ms (20.0ms/21.0ms)
[2021-11-02T23:41:59.346-0700][gc,phases   ] GC(48)   Pre Evacuate Collection Set: 0.6ms
[2021-11-02T23:41:59.346-0700][gc,phases   ] GC(48)   Merge Heap Roots: 0.2ms
[2021-11-02T23:41:59.346-0700][gc,phases   ] GC(48)   Evacuate Collection Set: 25.8ms
[2021-11-02T23:41:59.346-0700][gc,phases   ] GC(48)   Post Evacuate Collection Set: 0.9ms
[2021-11-02T23:41:59.346-0700][gc,phases   ] GC(48)   Other: 0.9ms
[2021-11-02T23:41:59.346-0700][gc,heap     ] GC(48) Eden regions: 78->0(76)
[2021-11-02T23:41:59.346-0700][gc,heap     ] GC(48) Survivor regions: 4->4(11)
[2021-11-02T23:41:59.346-0700][gc,heap     ] GC(48) Old regions: 16->16
[2021-11-02T23:41:59.346-0700][gc,heap     ] GC(48) Archive regions: 2->2
[2021-11-02T23:41:59.346-0700][gc,heap     ] GC(48) Humongous regions: 129->129
[2021-11-02T23:41:59.346-0700][gc,metaspace] GC(48) Metaspace: 40482K(41088K)->40482K(41088K) NonClass: 35719K(36032K)->35719K(36032K) Class: 4763K(5056K)->4763K(5056K)
[2021-11-02T23:41:59.347-0700][gc          ] GC(48) Pause Young (Normal) (G1 Evacuation Pause) 227M->149M(1024M) 28.514ms
[2021-11-02T23:41:59.347-0700][gc,cpu      ] GC(48) User=0.03s Sys=0.03s Real=0.03s
[2021-11-02T23:43:38.948-0700][gc,start    ] GC(49) Pause Young (Normal) (G1 Evacuation Pause)
[2021-11-02T23:43:38.949-0700][gc,task     ] GC(49) Using 8 workers of 8 for evacuation
[2021-11-02T23:43:38.965-0700][gc,phases   ] GC(49)   Pre Evacuate Collection Set: 1.1ms
[2021-11-02T23:43:38.965-0700][gc,phases   ] GC(49)   Merge Heap Roots: 0.1ms
[2021-11-02T23:43:38.965-0700][gc,phases   ] GC(49)   Evacuate Collection Set: 13.0ms
[2021-11-02T23:43:38.965-0700][gc,phases   ] GC(49)   Post Evacuate Collection Set: 1.8ms
[2021-11-02T23:43:38.965-0700][gc,phases   ] GC(49)   Other: 0.9ms
[2021-11-02T23:43:38.965-0700][gc,heap     ] GC(49) Eden regions: 73->0(172)
[2021-11-02T23:43:38.965-0700][gc,heap     ] GC(49) Survivor regions: 4->4(10)
[2021-11-02T23:43:38.965-0700][gc,heap     ] GC(49) Old regions: 16->16
[2021-11-02T23:43:38.965-0700][gc,heap     ] GC(49) Archive regions: 2->2
[2021-11-02T23:43:38.965-0700][gc,heap     ] GC(49) Humongous regions: 129->129
[2021-11-02T23:43:38.965-0700][gc,metaspace] GC(49) Metaspace: 40484K(41088K)->40484K(41088K) NonClass: 35720K(36032K)->35720K(36032K) Class: 4763K(5056K)->4763K(5056K)
[2021-11-02T23:43:38.966-0700][gc          ] GC(49) Pause Young (Normal) (G1 Evacuation Pause) 222M->149M(1024M) 17.190ms
[2021-11-02T23:43:38.966-0700][gc,cpu      ] GC(49) User=0.02s Sys=0.03s Real=0.02s
[2021-11-03T13:35:55.289-0700][gc,start    ] GC(50) Pause Young (Normal) (G1 Evacuation Pause)
[2021-11-03T13:35:55.291-0700][gc,task     ] GC(50) Using 8 workers of 8 for evacuation
[2021-11-03T13:35:55.523-0700][gc,mmu      ] GC(50) MMU target violated: 21.0ms (20.0ms/21.0ms)
[2021-11-03T13:35:55.523-0700][gc,phases   ] GC(50)   Pre Evacuate Collection Set: 5.9ms
[2021-11-03T13:35:55.523-0700][gc,phases   ] GC(50)   Merge Heap Roots: 0.7ms
[2021-11-03T13:35:55.523-0700][gc,phases   ] GC(50)   Evacuate Collection Set: 219.6ms
[2021-11-03T13:35:55.523-0700][gc,phases   ] GC(50)   Post Evacuate Collection Set: 4.1ms
[2021-11-03T13:35:55.523-0700][gc,phases   ] GC(50)   Other: 3.6ms
[2021-11-03T13:35:55.523-0700][gc,heap     ] GC(50) Eden regions: 172->0(47)
[2021-11-03T13:35:55.523-0700][gc,heap     ] GC(50) Survivor regions: 4->4(22)
[2021-11-03T13:35:55.523-0700][gc,heap     ] GC(50) Old regions: 16->16
[2021-11-03T13:35:55.523-0700][gc,heap     ] GC(50) Archive regions: 2->2
[2021-11-03T13:35:55.523-0700][gc,heap     ] GC(50) Humongous regions: 129->129
[2021-11-03T13:35:55.523-0700][gc,metaspace] GC(50) Metaspace: 40527K(41152K)->40527K(41152K) NonClass: 35763K(36096K)->35763K(36096K) Class: 4763K(5056K)->4763K(5056K)
[2021-11-03T13:35:55.523-0700][gc          ] GC(50) Pause Young (Normal) (G1 Evacuation Pause) 321M->149M(1024M) 233.329ms
[2021-11-03T13:35:55.523-0700][gc,cpu      ] GC(50) User=0.18s Sys=0.09s Real=0.24s
[2021-11-03T13:36:58.077-0700][gc,start    ] GC(51) Pause Young (Normal) (G1 Evacuation Pause)
[2021-11-03T13:36:58.078-0700][gc,task     ] GC(51) Using 8 workers of 8 for evacuation
[2021-11-03T13:36:58.102-0700][gc,mmu      ] GC(51) MMU target violated: 21.0ms (20.0ms/21.0ms)
[2021-11-03T13:36:58.102-0700][gc,phases   ] GC(51)   Pre Evacuate Collection Set: 1.5ms
[2021-11-03T13:36:58.102-0700][gc,phases   ] GC(51)   Merge Heap Roots: 0.3ms
[2021-11-03T13:36:58.102-0700][gc,phases   ] GC(51)   Evacuate Collection Set: 20.1ms
[2021-11-03T13:36:58.102-0700][gc,phases   ] GC(51)   Post Evacuate Collection Set: 1.6ms
[2021-11-03T13:36:58.102-0700][gc,phases   ] GC(51)   Other: 1.2ms
[2021-11-03T13:36:58.102-0700][gc,heap     ] GC(51) Eden regions: 47->0(47)
[2021-11-03T13:36:58.102-0700][gc,heap     ] GC(51) Survivor regions: 4->4(7)
[2021-11-03T13:36:58.102-0700][gc,heap     ] GC(51) Old regions: 16->16
[2021-11-03T13:36:58.102-0700][gc,heap     ] GC(51) Archive regions: 2->2
[2021-11-03T13:36:58.102-0700][gc,heap     ] GC(51) Humongous regions: 129->129
[2021-11-03T13:36:58.102-0700][gc,metaspace] GC(51) Metaspace: 40528K(41152K)->40528K(41152K) NonClass: 35764K(36096K)->35764K(36096K) Class: 4764K(5056K)->4764K(5056K)
[2021-11-03T13:36:58.102-0700][gc          ] GC(51) Pause Young (Normal) (G1 Evacuation Pause) 196M->148M(1024M) 24.962ms
[2021-11-03T13:36:58.102-0700][gc,cpu      ] GC(51) User=0.03s Sys=0.04s Real=0.03s
[2021-11-03T13:38:01.856-0700][gc,start    ] GC(52) Pause Young (Normal) (G1 Evacuation Pause)
[2021-11-03T13:38:01.857-0700][gc,task     ] GC(52) Using 8 workers of 8 for evacuation
[2021-11-03T13:38:01.883-0700][gc,mmu      ] GC(52) MMU target violated: 21.0ms (20.0ms/21.0ms)
[2021-11-03T13:38:01.883-0700][gc,phases   ] GC(52)   Pre Evacuate Collection Set: 1.4ms
[2021-11-03T13:38:01.883-0700][gc,phases   ] GC(52)   Merge Heap Roots: 0.3ms
[2021-11-03T13:38:01.883-0700][gc,phases   ] GC(52)   Evacuate Collection Set: 22.1ms
[2021-11-03T13:38:01.883-0700][gc,phases   ] GC(52)   Post Evacuate Collection Set: 2.5ms
[2021-11-03T13:38:01.883-0700][gc,phases   ] GC(52)   Other: 1.2ms
[2021-11-03T13:38:01.883-0700][gc,heap     ] GC(52) Eden regions: 47->0(63)
[2021-11-03T13:38:01.883-0700][gc,heap     ] GC(52) Survivor regions: 4->3(7)
[2021-11-03T13:38:01.883-0700][gc,heap     ] GC(52) Old regions: 16->16
[2021-11-03T13:38:01.883-0700][gc,heap     ] GC(52) Archive regions: 2->2
[2021-11-03T13:38:01.883-0700][gc,heap     ] GC(52) Humongous regions: 129->129
[2021-11-03T13:38:01.883-0700][gc,metaspace] GC(52) Metaspace: 40533K(41152K)->40533K(41152K) NonClass: 35769K(36096K)->35769K(36096K) Class: 4764K(5056K)->4764K(5056K)
[2021-11-03T13:38:01.883-0700][gc          ] GC(52) Pause Young (Normal) (G1 Evacuation Pause) 195M->148M(1024M) 27.553ms
[2021-11-03T13:38:01.883-0700][gc,cpu      ] GC(52) User=0.03s Sys=0.04s Real=0.03s
[2021-11-03T13:39:27.344-0700][gc,start    ] GC(53) Pause Young (Normal) (G1 Evacuation Pause)
[2021-11-03T13:39:27.346-0700][gc,task     ] GC(53) Using 8 workers of 8 for evacuation
[2021-11-03T13:39:27.374-0700][gc,mmu      ] GC(53) MMU target violated: 21.0ms (20.0ms/21.0ms)
[2021-11-03T13:39:27.375-0700][gc,phases   ] GC(53)   Pre Evacuate Collection Set: 1.5ms
[2021-11-03T13:39:27.375-0700][gc,phases   ] GC(53)   Merge Heap Roots: 0.3ms
[2021-11-03T13:39:27.375-0700][gc,phases   ] GC(53)   Evacuate Collection Set: 25.1ms
[2021-11-03T13:39:27.375-0700][gc,phases   ] GC(53)   Post Evacuate Collection Set: 1.4ms
[2021-11-03T13:39:27.375-0700][gc,phases   ] GC(53)   Other: 2.2ms
[2021-11-03T13:39:27.375-0700][gc,heap     ] GC(53) Eden regions: 63->0(47)
[2021-11-03T13:39:27.375-0700][gc,heap     ] GC(53) Survivor regions: 3->4(9)
[2021-11-03T13:39:27.375-0700][gc,heap     ] GC(53) Old regions: 16->16
[2021-11-03T13:39:27.375-0700][gc,heap     ] GC(53) Archive regions: 2->2
[2021-11-03T13:39:27.375-0700][gc,heap     ] GC(53) Humongous regions: 129->129
[2021-11-03T13:39:27.375-0700][gc,metaspace] GC(53) Metaspace: 40539K(41152K)->40539K(41152K) NonClass: 35775K(36096K)->35775K(36096K) Class: 4764K(5056K)->4764K(5056K)
[2021-11-03T13:39:27.375-0700][gc          ] GC(53) Pause Young (Normal) (G1 Evacuation Pause) 211M->149M(1024M) 30.627ms
[2021-11-03T13:39:27.375-0700][gc,cpu      ] GC(53) User=0.03s Sys=0.04s Real=0.03s
[2021-11-03T13:40:31.471-0700][gc,start    ] GC(54) Pause Young (Normal) (G1 Evacuation Pause)
[2021-11-03T13:40:31.472-0700][gc,task     ] GC(54) Using 8 workers of 8 for evacuation
[2021-11-03T13:40:31.489-0700][gc,phases   ] GC(54)   Pre Evacuate Collection Set: 0.7ms
[2021-11-03T13:40:31.489-0700][gc,phases   ] GC(54)   Merge Heap Roots: 0.2ms
[2021-11-03T13:40:31.489-0700][gc,phases   ] GC(54)   Evacuate Collection Set: 15.4ms
[2021-11-03T13:40:31.489-0700][gc,phases   ] GC(54)   Post Evacuate Collection Set: 1.0ms
[2021-11-03T13:40:31.489-0700][gc,phases   ] GC(54)   Other: 0.8ms
[2021-11-03T13:40:31.489-0700][gc,heap     ] GC(54) Eden regions: 47->0(94)
[2021-11-03T13:40:31.489-0700][gc,heap     ] GC(54) Survivor regions: 4->4(7)
[2021-11-03T13:40:31.489-0700][gc,heap     ] GC(54) Old regions: 16->17
[2021-11-03T13:40:31.489-0700][gc,heap     ] GC(54) Archive regions: 2->2
[2021-11-03T13:40:31.489-0700][gc,heap     ] GC(54) Humongous regions: 129->129
[2021-11-03T13:40:31.489-0700][gc,metaspace] GC(54) Metaspace: 40542K(41152K)->40542K(41152K) NonClass: 35777K(36096K)->35777K(36096K) Class: 4764K(5056K)->4764K(5056K)
[2021-11-03T13:40:31.489-0700][gc          ] GC(54) Pause Young (Normal) (G1 Evacuation Pause) 196M->149M(1024M) 18.262ms
[2021-11-03T13:40:31.489-0700][gc,cpu      ] GC(54) User=0.02s Sys=0.02s Real=0.01s
[2021-11-03T13:42:40.376-0700][gc,start    ] GC(55) Pause Young (Normal) (G1 Evacuation Pause)
[2021-11-03T13:42:40.377-0700][gc,task     ] GC(55) Using 8 workers of 8 for evacuation
[2021-11-03T13:42:40.402-0700][gc,mmu      ] GC(55) MMU target violated: 21.0ms (20.0ms/21.0ms)
[2021-11-03T13:42:40.402-0700][gc,phases   ] GC(55)   Pre Evacuate Collection Set: 0.8ms
[2021-11-03T13:42:40.402-0700][gc,phases   ] GC(55)   Merge Heap Roots: 0.2ms
[2021-11-03T13:42:40.402-0700][gc,phases   ] GC(55)   Evacuate Collection Set: 21.8ms
[2021-11-03T13:42:40.402-0700][gc,phases   ] GC(55)   Post Evacuate Collection Set: 1.6ms
[2021-11-03T13:42:40.402-0700][gc,phases   ] GC(55)   Other: 1.0ms
[2021-11-03T13:42:40.402-0700][gc,heap     ] GC(55) Eden regions: 94->0(58)
[2021-11-03T13:42:40.402-0700][gc,heap     ] GC(55) Survivor regions: 4->4(13)
[2021-11-03T13:42:40.402-0700][gc,heap     ] GC(55) Old regions: 17->17
[2021-11-03T13:42:40.402-0700][gc,heap     ] GC(55) Archive regions: 2->2
[2021-11-03T13:42:40.402-0700][gc,heap     ] GC(55) Humongous regions: 129->129
[2021-11-03T13:42:40.402-0700][gc,metaspace] GC(55) Metaspace: 40568K(41152K)->40568K(41152K) NonClass: 35803K(36096K)->35803K(36096K) Class: 4764K(5056K)->4764K(5056K)
[2021-11-03T13:42:40.402-0700][gc          ] GC(55) Pause Young (Normal) (G1 Evacuation Pause) 243M->149M(1024M) 25.608ms
[2021-11-03T13:42:40.402-0700][gc,cpu      ] GC(55) User=0.02s Sys=0.04s Real=0.03s
[2021-11-03T13:43:59.179-0700][gc,start    ] GC(56) Pause Young (Normal) (G1 Evacuation Pause)
[2021-11-03T13:43:59.179-0700][gc,task     ] GC(56) Using 8 workers of 8 for evacuation
[2021-11-03T13:43:59.202-0700][gc,mmu      ] GC(56) MMU target violated: 21.0ms (20.0ms/21.0ms)
[2021-11-03T13:43:59.202-0700][gc,phases   ] GC(56)   Pre Evacuate Collection Set: 1.9ms
[2021-11-03T13:43:59.202-0700][gc,phases   ] GC(56)   Merge Heap Roots: 0.3ms
[2021-11-03T13:43:59.202-0700][gc,phases   ] GC(56)   Evacuate Collection Set: 19.8ms
[2021-11-03T13:43:59.202-0700][gc,phases   ] GC(56)   Post Evacuate Collection Set: 0.9ms
[2021-11-03T13:43:59.203-0700][gc,phases   ] GC(56)   Other: 1.0ms
[2021-11-03T13:43:59.203-0700][gc,heap     ] GC(56) Eden regions: 58->0(191)
[2021-11-03T13:43:59.203-0700][gc,heap     ] GC(56) Survivor regions: 4->3(8)
[2021-11-03T13:43:59.203-0700][gc,heap     ] GC(56) Old regions: 17->17
[2021-11-03T13:43:59.203-0700][gc,heap     ] GC(56) Archive regions: 2->2
[2021-11-03T13:43:59.203-0700][gc,heap     ] GC(56) Humongous regions: 129->129
[2021-11-03T13:43:59.203-0700][gc,metaspace] GC(56) Metaspace: 40568K(41152K)->40568K(41152K) NonClass: 35803K(36096K)->35803K(36096K) Class: 4764K(5056K)->4764K(5056K)
[2021-11-03T13:43:59.203-0700][gc          ] GC(56) Pause Young (Normal) (G1 Evacuation Pause) 207M->149M(1024M) 24.001ms
[2021-11-03T13:43:59.203-0700][gc,cpu      ] GC(56) User=0.02s Sys=0.03s Real=0.03s
[2021-11-03T13:48:21.711-0700][gc,start    ] GC(57) Pause Young (Normal) (G1 Evacuation Pause)
[2021-11-03T13:48:21.712-0700][gc,task     ] GC(57) Using 8 workers of 8 for evacuation
[2021-11-03T13:48:21.739-0700][gc,mmu      ] GC(57) MMU target violated: 21.0ms (20.0ms/21.0ms)
[2021-11-03T13:48:21.739-0700][gc,phases   ] GC(57)   Pre Evacuate Collection Set: 1.4ms
[2021-11-03T13:48:21.739-0700][gc,phases   ] GC(57)   Merge Heap Roots: 0.5ms
[2021-11-03T13:48:21.739-0700][gc,phases   ] GC(57)   Evacuate Collection Set: 23.2ms
[2021-11-03T13:48:21.739-0700][gc,phases   ] GC(57)   Post Evacuate Collection Set: 1.9ms
[2021-11-03T13:48:21.739-0700][gc,phases   ] GC(57)   Other: 1.6ms
[2021-11-03T13:48:21.739-0700][gc,heap     ] GC(57) Eden regions: 191->0(118)
[2021-11-03T13:48:21.739-0700][gc,heap     ] GC(57) Survivor regions: 3->4(25)
[2021-11-03T13:48:21.739-0700][gc,heap     ] GC(57) Old regions: 17->17
[2021-11-03T13:48:21.739-0700][gc,heap     ] GC(57) Archive regions: 2->2
[2021-11-03T13:48:21.739-0700][gc,heap     ] GC(57) Humongous regions: 129->129
[2021-11-03T13:48:21.739-0700][gc,metaspace] GC(57) Metaspace: 40570K(41152K)->40570K(41152K) NonClass: 35805K(36096K)->35805K(36096K) Class: 4764K(5056K)->4764K(5056K)
[2021-11-03T13:48:21.739-0700][gc          ] GC(57) Pause Young (Normal) (G1 Evacuation Pause) 340M->149M(1024M) 28.845ms
[2021-11-03T13:48:21.740-0700][gc,cpu      ] GC(57) User=0.03s Sys=0.05s Real=0.03s
[2021-11-03T13:51:03.704-0700][gc,start    ] GC(58) Pause Young (Normal) (G1 Evacuation Pause)
[2021-11-03T13:51:03.704-0700][gc,task     ] GC(58) Using 8 workers of 8 for evacuation
[2021-11-03T13:51:03.729-0700][gc,mmu      ] GC(58) MMU target violated: 21.0ms (20.0ms/21.0ms)
[2021-11-03T13:51:03.735-0700][gc,phases   ] GC(58)   Pre Evacuate Collection Set: 0.7ms
[2021-11-03T13:51:03.735-0700][gc,phases   ] GC(58)   Merge Heap Roots: 0.2ms
[2021-11-03T13:51:03.735-0700][gc,phases   ] GC(58)   Evacuate Collection Set: 22.2ms
[2021-11-03T13:51:03.735-0700][gc,phases   ] GC(58)   Post Evacuate Collection Set: 1.3ms
[2021-11-03T13:51:03.736-0700][gc,phases   ] GC(58)   Other: 6.9ms
[2021-11-03T13:51:03.736-0700][gc,heap     ] GC(58) Eden regions: 118->0(184)
[2021-11-03T13:51:03.736-0700][gc,heap     ] GC(58) Survivor regions: 4->4(16)
[2021-11-03T13:51:03.736-0700][gc,heap     ] GC(58) Old regions: 17->17
[2021-11-03T13:51:03.736-0700][gc,heap     ] GC(58) Archive regions: 2->2
[2021-11-03T13:51:03.736-0700][gc,heap     ] GC(58) Humongous regions: 129->129
[2021-11-03T13:51:03.736-0700][gc,metaspace] GC(58) Metaspace: 40570K(41152K)->40570K(41152K) NonClass: 35805K(36096K)->35805K(36096K) Class: 4764K(5056K)->4764K(5056K)
[2021-11-03T13:51:03.736-0700][gc          ] GC(58) Pause Young (Normal) (G1 Evacuation Pause) 267M->149M(1024M) 31.654ms
[2021-11-03T13:51:03.736-0700][gc,cpu      ] GC(58) User=0.04s Sys=0.02s Real=0.03s
[2021-11-03T13:55:16.245-0700][gc,start    ] GC(59) Pause Young (Normal) (G1 Evacuation Pause)
[2021-11-03T13:55:16.245-0700][gc,task     ] GC(59) Using 8 workers of 8 for evacuation
[2021-11-03T13:55:16.267-0700][gc,mmu      ] GC(59) MMU target violated: 21.0ms (20.0ms/21.0ms)
[2021-11-03T13:55:16.267-0700][gc,phases   ] GC(59)   Pre Evacuate Collection Set: 0.8ms
[2021-11-03T13:55:16.267-0700][gc,phases   ] GC(59)   Merge Heap Roots: 0.2ms
[2021-11-03T13:55:16.267-0700][gc,phases   ] GC(59)   Evacuate Collection Set: 14.7ms
[2021-11-03T13:55:16.267-0700][gc,phases   ] GC(59)   Post Evacuate Collection Set: 5.7ms
[2021-11-03T13:55:16.267-0700][gc,phases   ] GC(59)   Other: 0.8ms
[2021-11-03T13:55:16.267-0700][gc,heap     ] GC(59) Eden regions: 184->0(154)
[2021-11-03T13:55:16.267-0700][gc,heap     ] GC(59) Survivor regions: 4->4(24)
[2021-11-03T13:55:16.267-0700][gc,heap     ] GC(59) Old regions: 17->17
[2021-11-03T13:55:16.267-0700][gc,heap     ] GC(59) Archive regions: 2->2
[2021-11-03T13:55:16.267-0700][gc,heap     ] GC(59) Humongous regions: 129->129
[2021-11-03T13:55:16.267-0700][gc,metaspace] GC(59) Metaspace: 40570K(41152K)->40570K(41152K) NonClass: 35805K(36096K)->35805K(36096K) Class: 4764K(5056K)->4764K(5056K)
[2021-11-03T13:55:16.267-0700][gc          ] GC(59) Pause Young (Normal) (G1 Evacuation Pause) 333M->149M(1024M) 22.508ms
[2021-11-03T13:55:16.267-0700][gc,cpu      ] GC(59) User=0.03s Sys=0.02s Real=0.02s
[2021-11-03T14:15:47.809-0700][gc,start    ] GC(60) Pause Young (Normal) (G1 Evacuation Pause)
[2021-11-03T14:15:47.810-0700][gc,task     ] GC(60) Using 8 workers of 8 for evacuation
[2021-11-03T14:15:47.836-0700][gc,mmu      ] GC(60) MMU target violated: 21.0ms (20.0ms/21.0ms)
[2021-11-03T14:15:47.836-0700][gc,phases   ] GC(60)   Pre Evacuate Collection Set: 1.5ms
[2021-11-03T14:15:47.836-0700][gc,phases   ] GC(60)   Merge Heap Roots: 0.8ms
[2021-11-03T14:15:47.836-0700][gc,phases   ] GC(60)   Evacuate Collection Set: 19.3ms
[2021-11-03T14:15:47.836-0700][gc,phases   ] GC(60)   Post Evacuate Collection Set: 2.8ms
[2021-11-03T14:15:47.837-0700][gc,phases   ] GC(60)   Other: 3.9ms
[2021-11-03T14:15:47.837-0700][gc,heap     ] GC(60) Eden regions: 154->0(249)
[2021-11-03T14:15:47.837-0700][gc,heap     ] GC(60) Survivor regions: 4->3(20)
[2021-11-03T14:15:47.837-0700][gc,heap     ] GC(60) Old regions: 17->17
[2021-11-03T14:15:47.837-0700][gc,heap     ] GC(60) Archive regions: 2->2
[2021-11-03T14:15:47.837-0700][gc,heap     ] GC(60) Humongous regions: 129->129
[2021-11-03T14:15:47.837-0700][gc,metaspace] GC(60) Metaspace: 40748K(41280K)->40748K(41280K) NonClass: 35956K(36224K)->35956K(36224K) Class: 4792K(5056K)->4792K(5056K)
[2021-11-03T14:15:47.837-0700][gc          ] GC(60) Pause Young (Normal) (G1 Evacuation Pause) 303M->148M(1024M) 28.316ms
[2021-11-03T14:15:47.837-0700][gc,cpu      ] GC(60) User=0.03s Sys=0.05s Real=0.03s
[2021-11-03T14:33:29.903-0700][gc,start    ] GC(61) Pause Young (Normal) (G1 Evacuation Pause)
[2021-11-03T14:33:29.904-0700][gc,task     ] GC(61) Using 8 workers of 8 for evacuation
[2021-11-03T14:33:29.950-0700][gc,mmu      ] GC(61) MMU target violated: 21.0ms (20.0ms/21.0ms)
[2021-11-03T14:33:29.951-0700][gc,phases   ] GC(61)   Pre Evacuate Collection Set: 1.5ms
[2021-11-03T14:33:29.951-0700][gc,phases   ] GC(61)   Merge Heap Roots: 0.3ms
[2021-11-03T14:33:29.951-0700][gc,phases   ] GC(61)   Evacuate Collection Set: 30.0ms
[2021-11-03T14:33:29.951-0700][gc,phases   ] GC(61)   Post Evacuate Collection Set: 13.0ms
[2021-11-03T14:33:29.951-0700][gc,phases   ] GC(61)   Other: 2.8ms
[2021-11-03T14:33:29.951-0700][gc,heap     ] GC(61) Eden regions: 249->0(47)
[2021-11-03T14:33:29.951-0700][gc,heap     ] GC(61) Survivor regions: 3->4(32)
[2021-11-03T14:33:29.951-0700][gc,heap     ] GC(61) Old regions: 17->17
[2021-11-03T14:33:29.951-0700][gc,heap     ] GC(61) Archive regions: 2->2
[2021-11-03T14:33:29.951-0700][gc,heap     ] GC(61) Humongous regions: 129->129
[2021-11-03T14:33:29.951-0700][gc,metaspace] GC(61) Metaspace: 40748K(41280K)->40748K(41280K) NonClass: 35956K(36224K)->35956K(36224K) Class: 4792K(5056K)->4792K(5056K)
[2021-11-03T14:33:29.951-0700][gc          ] GC(61) Pause Young (Normal) (G1 Evacuation Pause) 397M->149M(1024M) 47.782ms
[2021-11-03T14:33:29.951-0700][gc,cpu      ] GC(61) User=0.03s Sys=0.07s Real=0.05s
[2021-11-03T14:38:34.711-0700][gc,start    ] GC(62) Pause Young (Normal) (G1 Evacuation Pause)
[2021-11-03T14:38:34.712-0700][gc,task     ] GC(62) Using 8 workers of 8 for evacuation
[2021-11-03T14:38:34.758-0700][gc,mmu      ] GC(62) MMU target violated: 21.0ms (20.0ms/21.0ms)
[2021-11-03T14:38:34.758-0700][gc,phases   ] GC(62)   Pre Evacuate Collection Set: 1.1ms
[2021-11-03T14:38:34.758-0700][gc,phases   ] GC(62)   Merge Heap Roots: 0.4ms
[2021-11-03T14:38:34.758-0700][gc,phases   ] GC(62)   Evacuate Collection Set: 39.2ms
[2021-11-03T14:38:34.758-0700][gc,phases   ] GC(62)   Post Evacuate Collection Set: 5.0ms
[2021-11-03T14:38:34.758-0700][gc,phases   ] GC(62)   Other: 1.9ms
[2021-11-03T14:38:34.758-0700][gc,heap     ] GC(62) Eden regions: 47->0(48)
[2021-11-03T14:38:34.758-0700][gc,heap     ] GC(62) Survivor regions: 4->3(7)
[2021-11-03T14:38:34.758-0700][gc,heap     ] GC(62) Old regions: 17->17
[2021-11-03T14:38:34.758-0700][gc,heap     ] GC(62) Archive regions: 2->2
[2021-11-03T14:38:34.758-0700][gc,heap     ] GC(62) Humongous regions: 129->129
[2021-11-03T14:38:34.758-0700][gc,metaspace] GC(62) Metaspace: 40749K(41280K)->40749K(41280K) NonClass: 35957K(36224K)->35957K(36224K) Class: 4792K(5056K)->4792K(5056K)
[2021-11-03T14:38:34.758-0700][gc          ] GC(62) Pause Young (Normal) (G1 Evacuation Pause) 196M->149M(1024M) 46.860ms
[2021-11-03T14:38:34.758-0700][gc,cpu      ] GC(62) User=0.02s Sys=0.03s Real=0.04s
[2021-11-03T14:41:52.389-0700][gc,start    ] GC(63) Pause Young (Normal) (G1 Evacuation Pause)
[2021-11-03T14:41:52.390-0700][gc,task     ] GC(63) Using 8 workers of 8 for evacuation
[2021-11-03T14:41:52.421-0700][gc,mmu      ] GC(63) MMU target violated: 21.0ms (20.0ms/21.0ms)
[2021-11-03T14:41:52.421-0700][gc,phases   ] GC(63)   Pre Evacuate Collection Set: 1.6ms
[2021-11-03T14:41:52.421-0700][gc,phases   ] GC(63)   Merge Heap Roots: 0.2ms
[2021-11-03T14:41:52.421-0700][gc,phases   ] GC(63)   Evacuate Collection Set: 22.8ms
[2021-11-03T14:41:52.421-0700][gc,phases   ] GC(63)   Post Evacuate Collection Set: 5.6ms
[2021-11-03T14:41:52.421-0700][gc,phases   ] GC(63)   Other: 2.4ms
[2021-11-03T14:41:52.421-0700][gc,heap     ] GC(63) Eden regions: 48->0(47)
[2021-11-03T14:41:52.421-0700][gc,heap     ] GC(63) Survivor regions: 3->4(7)
[2021-11-03T14:41:52.421-0700][gc,heap     ] GC(63) Old regions: 17->17
[2021-11-03T14:41:52.421-0700][gc,heap     ] GC(63) Archive regions: 2->2
[2021-11-03T14:41:52.421-0700][gc,heap     ] GC(63) Humongous regions: 129->129
[2021-11-03T14:41:52.421-0700][gc,metaspace] GC(63) Metaspace: 40750K(41280K)->40750K(41280K) NonClass: 35958K(36224K)->35958K(36224K) Class: 4792K(5056K)->4792K(5056K)
[2021-11-03T14:41:52.421-0700][gc          ] GC(63) Pause Young (Normal) (G1 Evacuation Pause) 197M->149M(1024M) 32.647ms
[2021-11-03T14:41:52.421-0700][gc,cpu      ] GC(63) User=0.05s Sys=0.04s Real=0.04s
[2021-11-03T14:42:55.952-0700][gc,start    ] GC(64) Pause Young (Normal) (G1 Evacuation Pause)
[2021-11-03T14:42:55.954-0700][gc,task     ] GC(64) Using 8 workers of 8 for evacuation
[2021-11-03T14:42:55.969-0700][gc,phases   ] GC(64)   Pre Evacuate Collection Set: 0.5ms
[2021-11-03T14:42:55.969-0700][gc,phases   ] GC(64)   Merge Heap Roots: 0.2ms
[2021-11-03T14:42:55.969-0700][gc,phases   ] GC(64)   Evacuate Collection Set: 13.8ms
[2021-11-03T14:42:55.969-0700][gc,phases   ] GC(64)   Post Evacuate Collection Set: 0.8ms
[2021-11-03T14:42:55.969-0700][gc,phases   ] GC(64)   Other: 1.6ms
[2021-11-03T14:42:55.969-0700][gc,heap     ] GC(64) Eden regions: 47->0(136)
[2021-11-03T14:42:55.970-0700][gc,heap     ] GC(64) Survivor regions: 4->3(7)
[2021-11-03T14:42:55.970-0700][gc,heap     ] GC(64) Old regions: 17->17
[2021-11-03T14:42:55.970-0700][gc,heap     ] GC(64) Archive regions: 2->2
[2021-11-03T14:42:55.970-0700][gc,heap     ] GC(64) Humongous regions: 129->129
[2021-11-03T14:42:55.970-0700][gc,metaspace] GC(64) Metaspace: 40750K(41280K)->40750K(41280K) NonClass: 35958K(36224K)->35958K(36224K) Class: 4792K(5056K)->4792K(5056K)
[2021-11-03T14:42:55.970-0700][gc          ] GC(64) Pause Young (Normal) (G1 Evacuation Pause) 196M->149M(1024M) 17.317ms
[2021-11-03T14:42:55.970-0700][gc,cpu      ] GC(64) User=0.04s Sys=0.02s Real=0.02s
[2021-11-03T14:46:01.931-0700][gc,start    ] GC(65) Pause Young (Normal) (G1 Evacuation Pause)
[2021-11-03T14:46:01.931-0700][gc,task     ] GC(65) Using 8 workers of 8 for evacuation
[2021-11-03T14:46:01.986-0700][gc,mmu      ] GC(65) MMU target violated: 21.0ms (20.0ms/21.0ms)
[2021-11-03T14:46:01.986-0700][gc,phases   ] GC(65)   Pre Evacuate Collection Set: 1.7ms
[2021-11-03T14:46:01.986-0700][gc,phases   ] GC(65)   Merge Heap Roots: 0.3ms
[2021-11-03T14:46:01.986-0700][gc,phases   ] GC(65)   Evacuate Collection Set: 32.2ms
[2021-11-03T14:46:01.986-0700][gc,phases   ] GC(65)   Post Evacuate Collection Set: 2.3ms
[2021-11-03T14:46:01.986-0700][gc,phases   ] GC(65)   Other: 18.8ms
[2021-11-03T14:46:01.986-0700][gc,heap     ] GC(65) Eden regions: 136->0(120)
[2021-11-03T14:46:01.986-0700][gc,heap     ] GC(65) Survivor regions: 3->4(18)
[2021-11-03T14:46:01.986-0700][gc,heap     ] GC(65) Old regions: 17->17
[2021-11-03T14:46:01.986-0700][gc,heap     ] GC(65) Archive regions: 2->2
[2021-11-03T14:46:01.986-0700][gc,heap     ] GC(65) Humongous regions: 129->129
[2021-11-03T14:46:01.986-0700][gc,metaspace] GC(65) Metaspace: 40751K(41280K)->40751K(41280K) NonClass: 35958K(36224K)->35958K(36224K) Class: 4792K(5056K)->4792K(5056K)
[2021-11-03T14:46:01.986-0700][gc          ] GC(65) Pause Young (Normal) (G1 Evacuation Pause) 285M->150M(1024M) 55.300ms
[2021-11-03T14:46:01.986-0700][gc,cpu      ] GC(65) User=0.03s Sys=0.05s Real=0.05s
[2021-11-03T14:48:46.452-0700][gc,start    ] GC(66) Pause Young (Normal) (G1 Evacuation Pause)
[2021-11-03T14:48:46.453-0700][gc,task     ] GC(66) Using 8 workers of 8 for evacuation
[2021-11-03T14:48:46.466-0700][gc,phases   ] GC(66)   Pre Evacuate Collection Set: 0.6ms
[2021-11-03T14:48:46.466-0700][gc,phases   ] GC(66)   Merge Heap Roots: 0.1ms
[2021-11-03T14:48:46.466-0700][gc,phases   ] GC(66)   Evacuate Collection Set: 10.4ms
[2021-11-03T14:48:46.466-0700][gc,phases   ] GC(66)   Post Evacuate Collection Set: 1.5ms
[2021-11-03T14:48:46.466-0700][gc,phases   ] GC(66)   Other: 1.7ms
[2021-11-03T14:48:46.466-0700][gc,heap     ] GC(66) Eden regions: 120->0(224)
[2021-11-03T14:48:46.466-0700][gc,heap     ] GC(66) Survivor regions: 4->4(16)
[2021-11-03T14:48:46.466-0700][gc,heap     ] GC(66) Old regions: 17->17
[2021-11-03T14:48:46.466-0700][gc,heap     ] GC(66) Archive regions: 2->2
[2021-11-03T14:48:46.466-0700][gc,heap     ] GC(66) Humongous regions: 129->129
[2021-11-03T14:48:46.466-0700][gc,metaspace] GC(66) Metaspace: 40751K(41280K)->40751K(41280K) NonClass: 35959K(36224K)->35959K(36224K) Class: 4792K(5056K)->4792K(5056K)
[2021-11-03T14:48:46.466-0700][gc          ] GC(66) Pause Young (Normal) (G1 Evacuation Pause) 270M->149M(1024M) 14.693ms
[2021-11-03T14:48:46.467-0700][gc,cpu      ] GC(66) User=0.02s Sys=0.02s Real=0.01s
[2021-11-03T14:54:08.378-0700][gc,start    ] GC(67) Pause Young (Normal) (G1 Evacuation Pause)
[2021-11-03T14:54:08.379-0700][gc,task     ] GC(67) Using 8 workers of 8 for evacuation
[2021-11-03T14:54:08.395-0700][gc,phases   ] GC(67)   Pre Evacuate Collection Set: 1.1ms
[2021-11-03T14:54:08.395-0700][gc,phases   ] GC(67)   Merge Heap Roots: 0.3ms
[2021-11-03T14:54:08.395-0700][gc,phases   ] GC(67)   Evacuate Collection Set: 13.0ms
[2021-11-03T14:54:08.395-0700][gc,phases   ] GC(67)   Post Evacuate Collection Set: 1.6ms
[2021-11-03T14:54:08.396-0700][gc,phases   ] GC(67)   Other: 0.9ms
[2021-11-03T14:54:08.396-0700][gc,heap     ] GC(67) Eden regions: 224->0(368)
[2021-11-03T14:54:08.396-0700][gc,heap     ] GC(67) Survivor regions: 4->3(29)
[2021-11-03T14:54:08.396-0700][gc,heap     ] GC(67) Old regions: 17->17
[2021-11-03T14:54:08.396-0700][gc,heap     ] GC(67) Archive regions: 2->2
[2021-11-03T14:54:08.396-0700][gc,heap     ] GC(67) Humongous regions: 129->129
[2021-11-03T14:54:08.396-0700][gc,metaspace] GC(67) Metaspace: 40753K(41280K)->40753K(41280K) NonClass: 35960K(36224K)->35960K(36224K) Class: 4792K(5056K)->4792K(5056K)
[2021-11-03T14:54:08.396-0700][gc          ] GC(67) Pause Young (Normal) (G1 Evacuation Pause) 373M->149M(1024M) 17.266ms
[2021-11-03T14:54:08.396-0700][gc,cpu      ] GC(67) User=0.02s Sys=0.02s Real=0.02s
[2021-11-03T15:02:36.591-0700][gc,start    ] GC(68) Pause Young (Normal) (G1 Evacuation Pause)
[2021-11-03T15:02:36.593-0700][gc,task     ] GC(68) Using 8 workers of 8 for evacuation
[2021-11-03T15:02:36.614-0700][gc,mmu      ] GC(68) MMU target violated: 20.4ms (20.0ms/21.0ms)
[2021-11-03T15:02:36.614-0700][gc,phases   ] GC(68)   Pre Evacuate Collection Set: 0.9ms
[2021-11-03T15:02:36.614-0700][gc,phases   ] GC(68)   Merge Heap Roots: 0.3ms
[2021-11-03T15:02:36.614-0700][gc,phases   ] GC(68)   Evacuate Collection Set: 17.3ms
[2021-11-03T15:02:36.614-0700][gc,phases   ] GC(68)   Post Evacuate Collection Set: 2.1ms
[2021-11-03T15:02:36.614-0700][gc,phases   ] GC(68)   Other: 2.7ms
[2021-11-03T15:02:36.614-0700][gc,heap     ] GC(68) Eden regions: 368->0(323)
[2021-11-03T15:02:36.614-0700][gc,heap     ] GC(68) Survivor regions: 3->3(47)
[2021-11-03T15:02:36.614-0700][gc,heap     ] GC(68) Old regions: 17->17
[2021-11-03T15:02:36.614-0700][gc,heap     ] GC(68) Archive regions: 2->2
[2021-11-03T15:02:36.614-0700][gc,heap     ] GC(68) Humongous regions: 129->129
[2021-11-03T15:02:36.614-0700][gc,metaspace] GC(68) Metaspace: 40753K(41280K)->40753K(41280K) NonClass: 35961K(36224K)->35961K(36224K) Class: 4792K(5056K)->4792K(5056K)
[2021-11-03T15:02:36.614-0700][gc          ] GC(68) Pause Young (Normal) (G1 Evacuation Pause) 517M->149M(1024M) 23.436ms
[2021-11-03T15:02:36.614-0700][gc,cpu      ] GC(68) User=0.02s Sys=0.04s Real=0.02s
[2021-11-03T15:10:00.980-0700][gc,start    ] GC(69) Pause Young (Normal) (G1 Evacuation Pause)
[2021-11-03T15:10:00.981-0700][gc,task     ] GC(69) Using 8 workers of 8 for evacuation
[2021-11-03T15:10:01.004-0700][gc,mmu      ] GC(69) MMU target violated: 21.0ms (20.0ms/21.0ms)
[2021-11-03T15:10:01.004-0700][gc,phases   ] GC(69)   Pre Evacuate Collection Set: 0.7ms
[2021-11-03T15:10:01.004-0700][gc,phases   ] GC(69)   Merge Heap Roots: 0.2ms
[2021-11-03T15:10:01.004-0700][gc,phases   ] GC(69)   Evacuate Collection Set: 19.8ms
[2021-11-03T15:10:01.004-0700][gc,phases   ] GC(69)   Post Evacuate Collection Set: 1.7ms
[2021-11-03T15:10:01.004-0700][gc,phases   ] GC(69)   Other: 2.0ms
[2021-11-03T15:10:01.004-0700][gc,heap     ] GC(69) Eden regions: 323->0(315)
[2021-11-03T15:10:01.004-0700][gc,heap     ] GC(69) Survivor regions: 3->4(41)
[2021-11-03T15:10:01.004-0700][gc,heap     ] GC(69) Old regions: 17->17
[2021-11-03T15:10:01.004-0700][gc,heap     ] GC(69) Archive regions: 2->2
[2021-11-03T15:10:01.005-0700][gc,heap     ] GC(69) Humongous regions: 129->129
[2021-11-03T15:10:01.005-0700][gc,metaspace] GC(69) Metaspace: 40754K(41280K)->40754K(41280K) NonClass: 35961K(36224K)->35961K(36224K) Class: 4792K(5056K)->4792K(5056K)
[2021-11-03T15:10:01.005-0700][gc          ] GC(69) Pause Young (Normal) (G1 Evacuation Pause) 472M->150M(1024M) 24.523ms
[2021-11-03T15:10:01.005-0700][gc,cpu      ] GC(69) User=0.03s Sys=0.04s Real=0.02s
[2021-11-03T15:17:17.016-0700][gc,start    ] GC(70) Pause Young (Normal) (G1 Evacuation Pause)
[2021-11-03T15:17:17.018-0700][gc,task     ] GC(70) Using 8 workers of 8 for evacuation
[2021-11-03T15:17:17.040-0700][gc,mmu      ] GC(70) MMU target violated: 21.0ms (20.0ms/21.0ms)
[2021-11-03T15:17:17.041-0700][gc,phases   ] GC(70)   Pre Evacuate Collection Set: 2.0ms
[2021-11-03T15:17:17.041-0700][gc,phases   ] GC(70)   Merge Heap Roots: 0.3ms
[2021-11-03T15:17:17.041-0700][gc,phases   ] GC(70)   Evacuate Collection Set: 16.9ms
[2021-11-03T15:17:17.041-0700][gc,phases   ] GC(70)   Post Evacuate Collection Set: 2.5ms
[2021-11-03T15:17:17.041-0700][gc,phases   ] GC(70)   Other: 3.1ms
[2021-11-03T15:17:17.041-0700][gc,heap     ] GC(70) Eden regions: 315->0(421)
[2021-11-03T15:17:17.041-0700][gc,heap     ] GC(70) Survivor regions: 4->4(40)
[2021-11-03T15:17:17.041-0700][gc,heap     ] GC(70) Old regions: 17->17
[2021-11-03T15:17:17.041-0700][gc,heap     ] GC(70) Archive regions: 2->2
[2021-11-03T15:17:17.041-0700][gc,heap     ] GC(70) Humongous regions: 129->129
[2021-11-03T15:17:17.041-0700][gc,metaspace] GC(70) Metaspace: 40760K(41280K)->40760K(41280K) NonClass: 35967K(36224K)->35967K(36224K) Class: 4792K(5056K)->4792K(5056K)
[2021-11-03T15:17:17.041-0700][gc          ] GC(70) Pause Young (Normal) (G1 Evacuation Pause) 465M->150M(1024M) 24.931ms
[2021-11-03T15:17:17.041-0700][gc,cpu      ] GC(70) User=0.03s Sys=0.03s Real=0.03s
[2021-11-03T15:26:57.244-0700][gc,start    ] GC(71) Pause Young (Normal) (G1 Evacuation Pause)
[2021-11-03T15:26:57.246-0700][gc,task     ] GC(71) Using 8 workers of 8 for evacuation
[2021-11-03T15:26:57.277-0700][gc,mmu      ] GC(71) MMU target violated: 21.0ms (20.0ms/21.0ms)
[2021-11-03T15:26:57.277-0700][gc,phases   ] GC(71)   Pre Evacuate Collection Set: 2.1ms
[2021-11-03T15:26:57.277-0700][gc,phases   ] GC(71)   Merge Heap Roots: 0.6ms
[2021-11-03T15:26:57.277-0700][gc,phases   ] GC(71)   Evacuate Collection Set: 21.9ms
[2021-11-03T15:26:57.277-0700][gc,phases   ] GC(71)   Post Evacuate Collection Set: 6.0ms
[2021-11-03T15:26:57.277-0700][gc,phases   ] GC(71)   Other: 2.9ms
[2021-11-03T15:26:57.277-0700][gc,heap     ] GC(71) Eden regions: 421->0(293)
[2021-11-03T15:26:57.277-0700][gc,heap     ] GC(71) Survivor regions: 4->3(54)
[2021-11-03T15:26:57.277-0700][gc,heap     ] GC(71) Old regions: 17->17
[2021-11-03T15:26:57.277-0700][gc,heap     ] GC(71) Archive regions: 2->2
[2021-11-03T15:26:57.277-0700][gc,heap     ] GC(71) Humongous regions: 129->129
[2021-11-03T15:26:57.277-0700][gc,metaspace] GC(71) Metaspace: 40762K(41280K)->40762K(41280K) NonClass: 35970K(36224K)->35970K(36224K) Class: 4792K(5056K)->4792K(5056K)
[2021-11-03T15:26:57.277-0700][gc          ] GC(71) Pause Young (Normal) (G1 Evacuation Pause) 571M->149M(1024M) 33.498ms
[2021-11-03T15:26:57.277-0700][gc,cpu      ] GC(71) User=0.02s Sys=0.06s Real=0.03s
[2021-11-03T15:33:40.665-0700][gc,start    ] GC(72) Pause Young (Normal) (G1 Evacuation Pause)
[2021-11-03T15:33:40.666-0700][gc,task     ] GC(72) Using 8 workers of 8 for evacuation
[2021-11-03T15:33:40.694-0700][gc,mmu      ] GC(72) MMU target violated: 21.0ms (20.0ms/21.0ms)
[2021-11-03T15:33:40.694-0700][gc,phases   ] GC(72)   Pre Evacuate Collection Set: 1.4ms
[2021-11-03T15:33:40.694-0700][gc,phases   ] GC(72)   Merge Heap Roots: 0.5ms
[2021-11-03T15:33:40.695-0700][gc,phases   ] GC(72)   Evacuate Collection Set: 23.9ms
[2021-11-03T15:33:40.695-0700][gc,phases   ] GC(72)   Post Evacuate Collection Set: 2.7ms
[2021-11-03T15:33:40.695-0700][gc,phases   ] GC(72)   Other: 3.5ms
[2021-11-03T15:33:40.695-0700][gc,heap     ] GC(72) Eden regions: 293->0(274)
[2021-11-03T15:33:40.695-0700][gc,heap     ] GC(72) Survivor regions: 3->4(37)
[2021-11-03T15:33:40.695-0700][gc,heap     ] GC(72) Old regions: 17->17
[2021-11-03T15:33:40.695-0700][gc,heap     ] GC(72) Archive regions: 2->2
[2021-11-03T15:33:40.695-0700][gc,heap     ] GC(72) Humongous regions: 129->129
[2021-11-03T15:33:40.695-0700][gc,metaspace] GC(72) Metaspace: 40762K(41280K)->40762K(41280K) NonClass: 35970K(36224K)->35970K(36224K) Class: 4792K(5056K)->4792K(5056K)
[2021-11-03T15:33:40.695-0700][gc          ] GC(72) Pause Young (Normal) (G1 Evacuation Pause) 442M->149M(1024M) 30.149ms
[2021-11-03T15:33:40.695-0700][gc,cpu      ] GC(72) User=0.03s Sys=0.07s Real=0.03s
[2021-11-03T15:39:53.103-0700][gc,start    ] GC(73) Pause Young (Normal) (G1 Evacuation Pause)
[2021-11-03T15:39:53.105-0700][gc,task     ] GC(73) Using 8 workers of 8 for evacuation
[2021-11-03T15:39:53.131-0700][gc,mmu      ] GC(73) MMU target violated: 21.0ms (20.0ms/21.0ms)
[2021-11-03T15:39:53.131-0700][gc,phases   ] GC(73)   Pre Evacuate Collection Set: 0.8ms
[2021-11-03T15:39:53.131-0700][gc,phases   ] GC(73)   Merge Heap Roots: 0.2ms
[2021-11-03T15:39:53.131-0700][gc,phases   ] GC(73)   Evacuate Collection Set: 22.4ms
[2021-11-03T15:39:53.131-0700][gc,phases   ] GC(73)   Post Evacuate Collection Set: 2.9ms
[2021-11-03T15:39:53.131-0700][gc,phases   ] GC(73)   Other: 1.9ms
[2021-11-03T15:39:53.132-0700][gc,heap     ] GC(73) Eden regions: 274->0(421)
[2021-11-03T15:39:53.132-0700][gc,heap     ] GC(73) Survivor regions: 4->3(35)
[2021-11-03T15:39:53.132-0700][gc,heap     ] GC(73) Old regions: 17->17
[2021-11-03T15:39:53.132-0700][gc,heap     ] GC(73) Archive regions: 2->2
[2021-11-03T15:39:53.132-0700][gc,heap     ] GC(73) Humongous regions: 129->129
[2021-11-03T15:39:53.132-0700][gc,metaspace] GC(73) Metaspace: 40762K(41280K)->40762K(41280K) NonClass: 35970K(36224K)->35970K(36224K) Class: 4792K(5056K)->4792K(5056K)
[2021-11-03T15:39:53.132-0700][gc          ] GC(73) Pause Young (Normal) (G1 Evacuation Pause) 423M->149M(1024M) 28.256ms
[2021-11-03T15:39:53.132-0700][gc,cpu      ] GC(73) User=0.02s Sys=0.03s Real=0.03s
[2021-11-03T20:30:04.641-0700][gc,start    ] GC(74) Pause Young (Normal) (G1 Evacuation Pause)
[2021-11-03T20:30:04.643-0700][gc,task     ] GC(74) Using 8 workers of 8 for evacuation
[2021-11-03T20:30:04.743-0700][gc,mmu      ] GC(74) MMU target violated: 21.0ms (20.0ms/21.0ms)
[2021-11-03T20:30:04.743-0700][gc,phases   ] GC(74)   Pre Evacuate Collection Set: 2.6ms
[2021-11-03T20:30:04.743-0700][gc,phases   ] GC(74)   Merge Heap Roots: 0.6ms
[2021-11-03T20:30:04.743-0700][gc,phases   ] GC(74)   Evacuate Collection Set: 89.4ms
[2021-11-03T20:30:04.743-0700][gc,phases   ] GC(74)   Post Evacuate Collection Set: 6.9ms
[2021-11-03T20:30:04.743-0700][gc,phases   ] GC(74)   Other: 2.5ms
[2021-11-03T20:30:04.743-0700][gc,heap     ] GC(74) Eden regions: 421->0(48)
[2021-11-03T20:30:04.743-0700][gc,heap     ] GC(74) Survivor regions: 3->3(53)
[2021-11-03T20:30:04.743-0700][gc,heap     ] GC(74) Old regions: 17->17
[2021-11-03T20:30:04.743-0700][gc,heap     ] GC(74) Archive regions: 2->2
[2021-11-03T20:30:04.743-0700][gc,heap     ] GC(74) Humongous regions: 129->129
[2021-11-03T20:30:04.743-0700][gc,metaspace] GC(74) Metaspace: 40763K(41280K)->40763K(41280K) NonClass: 35970K(36224K)->35970K(36224K) Class: 4792K(5056K)->4792K(5056K)
[2021-11-03T20:30:04.743-0700][gc          ] GC(74) Pause Young (Normal) (G1 Evacuation Pause) 570M->149M(1024M) 101.875ms
[2021-11-03T20:30:04.743-0700][gc,cpu      ] GC(74) User=0.04s Sys=0.12s Real=0.10s
[2021-11-03T20:31:09.863-0700][gc,start    ] GC(75) Pause Young (Normal) (G1 Evacuation Pause)
[2021-11-03T20:31:09.864-0700][gc,task     ] GC(75) Using 8 workers of 8 for evacuation
[2021-11-03T20:31:09.892-0700][gc,mmu      ] GC(75) MMU target violated: 21.0ms (20.0ms/21.0ms)
[2021-11-03T20:31:09.892-0700][gc,phases   ] GC(75)   Pre Evacuate Collection Set: 1.2ms
[2021-11-03T20:31:09.892-0700][gc,phases   ] GC(75)   Merge Heap Roots: 0.3ms
[2021-11-03T20:31:09.892-0700][gc,phases   ] GC(75)   Evacuate Collection Set: 24.5ms
[2021-11-03T20:31:09.892-0700][gc,phases   ] GC(75)   Post Evacuate Collection Set: 1.3ms
[2021-11-03T20:31:09.892-0700][gc,phases   ] GC(75)   Other: 2.0ms
[2021-11-03T20:31:09.892-0700][gc,heap     ] GC(75) Eden regions: 48->0(47)
[2021-11-03T20:31:09.892-0700][gc,heap     ] GC(75) Survivor regions: 3->4(7)
[2021-11-03T20:31:09.892-0700][gc,heap     ] GC(75) Old regions: 17->17
[2021-11-03T20:31:09.892-0700][gc,heap     ] GC(75) Archive regions: 2->2
[2021-11-03T20:31:09.892-0700][gc,heap     ] GC(75) Humongous regions: 129->129
[2021-11-03T20:31:09.892-0700][gc,metaspace] GC(75) Metaspace: 40763K(41280K)->40763K(41280K) NonClass: 35970K(36224K)->35970K(36224K) Class: 4792K(5056K)->4792K(5056K)
[2021-11-03T20:31:09.892-0700][gc          ] GC(75) Pause Young (Normal) (G1 Evacuation Pause) 197M->150M(1024M) 29.325ms
[2021-11-03T20:31:09.892-0700][gc,cpu      ] GC(75) User=0.02s Sys=0.04s Real=0.03s
[2021-11-03T20:32:13.746-0700][gc,start    ] GC(76) Pause Young (Normal) (G1 Evacuation Pause)
[2021-11-03T20:32:13.748-0700][gc,task     ] GC(76) Using 8 workers of 8 for evacuation
[2021-11-03T20:32:13.769-0700][gc,mmu      ] GC(76) MMU target violated: 20.3ms (20.0ms/21.0ms)
[2021-11-03T20:32:13.769-0700][gc,phases   ] GC(76)   Pre Evacuate Collection Set: 1.5ms
[2021-11-03T20:32:13.769-0700][gc,phases   ] GC(76)   Merge Heap Roots: 0.3ms
[2021-11-03T20:32:13.769-0700][gc,phases   ] GC(76)   Evacuate Collection Set: 16.6ms
[2021-11-03T20:32:13.769-0700][gc,phases   ] GC(76)   Post Evacuate Collection Set: 2.2ms
[2021-11-03T20:32:13.769-0700][gc,phases   ] GC(76)   Other: 2.7ms
[2021-11-03T20:32:13.769-0700][gc,heap     ] GC(76) Eden regions: 47->0(47)
[2021-11-03T20:32:13.769-0700][gc,heap     ] GC(76) Survivor regions: 4->4(7)
[2021-11-03T20:32:13.769-0700][gc,heap     ] GC(76) Old regions: 17->17
[2021-11-03T20:32:13.769-0700][gc,heap     ] GC(76) Archive regions: 2->2
[2021-11-03T20:32:13.769-0700][gc,heap     ] GC(76) Humongous regions: 129->129
[2021-11-03T20:32:13.769-0700][gc,metaspace] GC(76) Metaspace: 40763K(41280K)->40763K(41280K) NonClass: 35970K(36224K)->35970K(36224K) Class: 4792K(5056K)->4792K(5056K)
[2021-11-03T20:32:13.770-0700][gc          ] GC(76) Pause Young (Normal) (G1 Evacuation Pause) 197M->149M(1024M) 23.990ms
[2021-11-03T20:32:13.770-0700][gc,cpu      ] GC(76) User=0.02s Sys=0.03s Real=0.03s
[2021-11-03T20:33:17.887-0700][gc,start    ] GC(77) Pause Young (Normal) (G1 Evacuation Pause)
[2021-11-03T20:33:17.888-0700][gc,task     ] GC(77) Using 8 workers of 8 for evacuation
[2021-11-03T20:33:17.928-0700][gc,mmu      ] GC(77) MMU target violated: 21.0ms (20.0ms/21.0ms)
[2021-11-03T20:33:17.928-0700][gc,phases   ] GC(77)   Pre Evacuate Collection Set: 1.1ms
[2021-11-03T20:33:17.928-0700][gc,phases   ] GC(77)   Merge Heap Roots: 0.4ms
[2021-11-03T20:33:17.928-0700][gc,phases   ] GC(77)   Evacuate Collection Set: 36.1ms
[2021-11-03T20:33:17.928-0700][gc,phases   ] GC(77)   Post Evacuate Collection Set: 1.5ms
[2021-11-03T20:33:17.928-0700][gc,phases   ] GC(77)   Other: 1.8ms
[2021-11-03T20:33:17.928-0700][gc,heap     ] GC(77) Eden regions: 47->0(48)
[2021-11-03T20:33:17.928-0700][gc,heap     ] GC(77) Survivor regions: 4->3(7)
[2021-11-03T20:33:17.928-0700][gc,heap     ] GC(77) Old regions: 17->17
[2021-11-03T20:33:17.928-0700][gc,heap     ] GC(77) Archive regions: 2->2
[2021-11-03T20:33:17.928-0700][gc,heap     ] GC(77) Humongous regions: 129->129
[2021-11-03T20:33:17.928-0700][gc,metaspace] GC(77) Metaspace: 40763K(41280K)->40763K(41280K) NonClass: 35970K(36224K)->35970K(36224K) Class: 4792K(5056K)->4792K(5056K)
[2021-11-03T20:33:17.928-0700][gc          ] GC(77) Pause Young (Normal) (G1 Evacuation Pause) 196M->149M(1024M) 41.038ms
[2021-11-03T20:33:17.928-0700][gc,cpu      ] GC(77) User=0.03s Sys=0.03s Real=0.04s
[2021-11-03T20:34:23.422-0700][gc,start    ] GC(78) Pause Young (Normal) (G1 Evacuation Pause)
[2021-11-03T20:34:23.424-0700][gc,task     ] GC(78) Using 8 workers of 8 for evacuation
[2021-11-03T20:34:23.457-0700][gc,mmu      ] GC(78) MMU target violated: 21.0ms (20.0ms/21.0ms)
[2021-11-03T20:34:23.458-0700][gc,phases   ] GC(78)   Pre Evacuate Collection Set: 1.7ms
[2021-11-03T20:34:23.458-0700][gc,phases   ] GC(78)   Merge Heap Roots: 0.3ms
[2021-11-03T20:34:23.458-0700][gc,phases   ] GC(78)   Evacuate Collection Set: 25.5ms
[2021-11-03T20:34:23.458-0700][gc,phases   ] GC(78)   Post Evacuate Collection Set: 5.8ms
[2021-11-03T20:34:23.458-0700][gc,phases   ] GC(78)   Other: 2.4ms
[2021-11-03T20:34:23.458-0700][gc,heap     ] GC(78) Eden regions: 48->0(47)
[2021-11-03T20:34:23.458-0700][gc,heap     ] GC(78) Survivor regions: 3->4(7)
[2021-11-03T20:34:23.458-0700][gc,heap     ] GC(78) Old regions: 17->17
[2021-11-03T20:34:23.458-0700][gc,heap     ] GC(78) Archive regions: 2->2
[2021-11-03T20:34:23.458-0700][gc,heap     ] GC(78) Humongous regions: 129->129
[2021-11-03T20:34:23.458-0700][gc,metaspace] GC(78) Metaspace: 40763K(41280K)->40763K(41280K) NonClass: 35970K(36224K)->35970K(36224K) Class: 4792K(5056K)->4792K(5056K)
[2021-11-03T20:34:23.458-0700][gc          ] GC(78) Pause Young (Normal) (G1 Evacuation Pause) 197M->150M(1024M) 35.788ms
[2021-11-03T20:34:23.458-0700][gc,cpu      ] GC(78) User=0.03s Sys=0.04s Real=0.03s
[2021-11-03T20:35:28.007-0700][gc,start    ] GC(79) Pause Young (Normal) (G1 Evacuation Pause)
[2021-11-03T20:35:28.009-0700][gc,task     ] GC(79) Using 8 workers of 8 for evacuation
[2021-11-03T20:35:28.041-0700][gc,mmu      ] GC(79) MMU target violated: 21.0ms (20.0ms/21.0ms)
[2021-11-03T20:35:28.041-0700][gc,phases   ] GC(79)   Pre Evacuate Collection Set: 1.7ms
[2021-11-03T20:35:28.041-0700][gc,phases   ] GC(79)   Merge Heap Roots: 0.2ms
[2021-11-03T20:35:28.041-0700][gc,phases   ] GC(79)   Evacuate Collection Set: 27.9ms
[2021-11-03T20:35:28.041-0700][gc,phases   ] GC(79)   Post Evacuate Collection Set: 1.9ms
[2021-11-03T20:35:28.041-0700][gc,phases   ] GC(79)   Other: 2.5ms
[2021-11-03T20:35:28.041-0700][gc,heap     ] GC(79) Eden regions: 47->0(47)
[2021-11-03T20:35:28.041-0700][gc,heap     ] GC(79) Survivor regions: 4->4(7)
[2021-11-03T20:35:28.041-0700][gc,heap     ] GC(79) Old regions: 17->17
[2021-11-03T20:35:28.041-0700][gc,heap     ] GC(79) Archive regions: 2->2
[2021-11-03T20:35:28.041-0700][gc,heap     ] GC(79) Humongous regions: 129->129
[2021-11-03T20:35:28.041-0700][gc,metaspace] GC(79) Metaspace: 40763K(41280K)->40763K(41280K) NonClass: 35970K(36224K)->35970K(36224K) Class: 4792K(5056K)->4792K(5056K)
[2021-11-03T20:35:28.041-0700][gc          ] GC(79) Pause Young (Normal) (G1 Evacuation Pause) 197M->150M(1024M) 34.308ms
[2021-11-03T20:35:28.041-0700][gc,cpu      ] GC(79) User=0.03s Sys=0.03s Real=0.04s
[2021-11-03T20:36:32.222-0700][gc,start    ] GC(80) Pause Young (Normal) (G1 Evacuation Pause)
[2021-11-03T20:36:32.223-0700][gc,task     ] GC(80) Using 8 workers of 8 for evacuation
[2021-11-03T20:36:32.240-0700][gc,phases   ] GC(80)   Pre Evacuate Collection Set: 0.8ms
[2021-11-03T20:36:32.241-0700][gc,phases   ] GC(80)   Merge Heap Roots: 0.2ms
[2021-11-03T20:36:32.241-0700][gc,phases   ] GC(80)   Evacuate Collection Set: 14.2ms
[2021-11-03T20:36:32.241-0700][gc,phases   ] GC(80)   Post Evacuate Collection Set: 1.9ms
[2021-11-03T20:36:32.241-0700][gc,phases   ] GC(80)   Other: 1.3ms
[2021-11-03T20:36:32.241-0700][gc,heap     ] GC(80) Eden regions: 47->0(118)
[2021-11-03T20:36:32.241-0700][gc,heap     ] GC(80) Survivor regions: 4->3(7)
[2021-11-03T20:36:32.241-0700][gc,heap     ] GC(80) Old regions: 17->17
[2021-11-03T20:36:32.241-0700][gc,heap     ] GC(80) Archive regions: 2->2
[2021-11-03T20:36:32.241-0700][gc,heap     ] GC(80) Humongous regions: 129->129
[2021-11-03T20:36:32.241-0700][gc,metaspace] GC(80) Metaspace: 40763K(41280K)->40763K(41280K) NonClass: 35970K(36224K)->35970K(36224K) Class: 4792K(5056K)->4792K(5056K)
[2021-11-03T20:36:32.241-0700][gc          ] GC(80) Pause Young (Normal) (G1 Evacuation Pause) 197M->149M(1024M) 18.782ms
[2021-11-03T20:36:32.241-0700][gc,cpu      ] GC(80) User=0.02s Sys=0.03s Real=0.02s
[2021-11-03T20:39:22.760-0700][gc,start    ] GC(81) Pause Young (Normal) (G1 Evacuation Pause)
[2021-11-03T20:39:22.760-0700][gc,task     ] GC(81) Using 8 workers of 8 for evacuation
[2021-11-03T20:39:22.799-0700][gc,mmu      ] GC(81) MMU target violated: 21.0ms (20.0ms/21.0ms)
[2021-11-03T20:39:22.799-0700][gc,phases   ] GC(81)   Pre Evacuate Collection Set: 1.1ms
[2021-11-03T20:39:22.799-0700][gc,phases   ] GC(81)   Merge Heap Roots: 0.1ms
[2021-11-03T20:39:22.799-0700][gc,phases   ] GC(81)   Evacuate Collection Set: 36.2ms
[2021-11-03T20:39:22.799-0700][gc,phases   ] GC(81)   Post Evacuate Collection Set: 1.2ms
[2021-11-03T20:39:22.799-0700][gc,phases   ] GC(81)   Other: 1.3ms
[2021-11-03T20:39:22.799-0700][gc,heap     ] GC(81) Eden regions: 118->0(47)
[2021-11-03T20:39:22.799-0700][gc,heap     ] GC(81) Survivor regions: 3->4(16)
[2021-11-03T20:39:22.799-0700][gc,heap     ] GC(81) Old regions: 17->17
[2021-11-03T20:39:22.799-0700][gc,heap     ] GC(81) Archive regions: 2->2
[2021-11-03T20:39:22.799-0700][gc,heap     ] GC(81) Humongous regions: 129->129
[2021-11-03T20:39:22.799-0700][gc,metaspace] GC(81) Metaspace: 40763K(41280K)->40763K(41280K) NonClass: 35970K(36224K)->35970K(36224K) Class: 4792K(5056K)->4792K(5056K)
[2021-11-03T20:39:22.799-0700][gc          ] GC(81) Pause Young (Normal) (G1 Evacuation Pause) 267M->150M(1024M) 39.913ms
[2021-11-03T20:39:22.799-0700][gc,cpu      ] GC(81) User=0.02s Sys=0.05s Real=0.03s
[2021-11-03T20:40:26.932-0700][gc,start    ] GC(82) Pause Young (Normal) (G1 Evacuation Pause)
[2021-11-03T20:40:26.933-0700][gc,task     ] GC(82) Using 8 workers of 8 for evacuation
[2021-11-03T20:40:26.950-0700][gc,phases   ] GC(82)   Pre Evacuate Collection Set: 1.0ms
[2021-11-03T20:40:26.950-0700][gc,phases   ] GC(82)   Merge Heap Roots: 0.2ms
[2021-11-03T20:40:26.950-0700][gc,phases   ] GC(82)   Evacuate Collection Set: 13.3ms
[2021-11-03T20:40:26.950-0700][gc,phases   ] GC(82)   Post Evacuate Collection Set: 1.6ms
[2021-11-03T20:40:26.950-0700][gc,phases   ] GC(82)   Other: 1.7ms
[2021-11-03T20:40:26.950-0700][gc,heap     ] GC(82) Eden regions: 47->0(84)
[2021-11-03T20:40:26.950-0700][gc,heap     ] GC(82) Survivor regions: 4->3(7)
[2021-11-03T20:40:26.950-0700][gc,heap     ] GC(82) Old regions: 17->17
[2021-11-03T20:40:26.950-0700][gc,heap     ] GC(82) Archive regions: 2->2
[2021-11-03T20:40:26.950-0700][gc,heap     ] GC(82) Humongous regions: 129->129
[2021-11-03T20:40:26.950-0700][gc,metaspace] GC(82) Metaspace: 40763K(41280K)->40763K(41280K) NonClass: 35971K(36224K)->35971K(36224K) Class: 4792K(5056K)->4792K(5056K)
[2021-11-03T20:40:26.950-0700][gc          ] GC(82) Pause Young (Normal) (G1 Evacuation Pause) 197M->149M(1024M) 18.114ms
[2021-11-03T20:40:26.950-0700][gc,cpu      ] GC(82) User=0.02s Sys=0.02s Real=0.02s
[2021-11-03T20:42:22.395-0700][gc,start    ] GC(83) Pause Young (Normal) (G1 Evacuation Pause)
[2021-11-03T20:42:22.395-0700][gc,task     ] GC(83) Using 8 workers of 8 for evacuation
[2021-11-03T20:42:22.427-0700][gc,mmu      ] GC(83) MMU target violated: 21.0ms (20.0ms/21.0ms)
[2021-11-03T20:42:22.427-0700][gc,phases   ] GC(83)   Pre Evacuate Collection Set: 0.8ms
[2021-11-03T20:42:22.427-0700][gc,phases   ] GC(83)   Merge Heap Roots: 2.8ms
[2021-11-03T20:42:22.427-0700][gc,phases   ] GC(83)   Evacuate Collection Set: 26.4ms
[2021-11-03T20:42:22.427-0700][gc,phases   ] GC(83)   Post Evacuate Collection Set: 1.6ms
[2021-11-03T20:42:22.427-0700][gc,phases   ] GC(83)   Other: 1.3ms
[2021-11-03T20:42:22.427-0700][gc,heap     ] GC(83) Eden regions: 84->0(47)
[2021-11-03T20:42:22.427-0700][gc,heap     ] GC(83) Survivor regions: 3->4(11)
[2021-11-03T20:42:22.427-0700][gc,heap     ] GC(83) Old regions: 17->17
[2021-11-03T20:42:22.427-0700][gc,heap     ] GC(83) Archive regions: 2->2
[2021-11-03T20:42:22.427-0700][gc,heap     ] GC(83) Humongous regions: 129->129
[2021-11-03T20:42:22.427-0700][gc,metaspace] GC(83) Metaspace: 40763K(41280K)->40763K(41280K) NonClass: 35971K(36224K)->35971K(36224K) Class: 4792K(5056K)->4792K(5056K)
[2021-11-03T20:42:22.428-0700][gc          ] GC(83) Pause Young (Normal) (G1 Evacuation Pause) 233M->150M(1024M) 33.017ms
[2021-11-03T20:42:22.428-0700][gc,cpu      ] GC(83) User=0.02s Sys=0.03s Real=0.03s
[2021-11-03T20:43:26.665-0700][gc,start    ] GC(84) Pause Young (Normal) (G1 Evacuation Pause)
[2021-11-03T20:43:26.666-0700][gc,task     ] GC(84) Using 8 workers of 8 for evacuation
[2021-11-03T20:43:26.691-0700][gc,mmu      ] GC(84) MMU target violated: 21.0ms (20.0ms/21.0ms)
[2021-11-03T20:43:26.694-0700][gc,phases   ] GC(84)   Pre Evacuate Collection Set: 1.5ms
[2021-11-03T20:43:26.694-0700][gc,phases   ] GC(84)   Merge Heap Roots: 0.4ms
[2021-11-03T20:43:26.694-0700][gc,phases   ] GC(84)   Evacuate Collection Set: 21.1ms
[2021-11-03T20:43:26.694-0700][gc,phases   ] GC(84)   Post Evacuate Collection Set: 1.5ms
[2021-11-03T20:43:26.694-0700][gc,phases   ] GC(84)   Other: 4.7ms
[2021-11-03T20:43:26.695-0700][gc,heap     ] GC(84) Eden regions: 47->0(108)
[2021-11-03T20:43:26.695-0700][gc,heap     ] GC(84) Survivor regions: 4->4(7)
[2021-11-03T20:43:26.695-0700][gc,heap     ] GC(84) Old regions: 17->17
[2021-11-03T20:43:26.695-0700][gc,heap     ] GC(84) Archive regions: 2->2
[2021-11-03T20:43:26.695-0700][gc,heap     ] GC(84) Humongous regions: 129->129
[2021-11-03T20:43:26.695-0700][gc,metaspace] GC(84) Metaspace: 40763K(41280K)->40763K(41280K) NonClass: 35971K(36224K)->35971K(36224K) Class: 4792K(5056K)->4792K(5056K)
[2021-11-03T20:43:26.695-0700][gc          ] GC(84) Pause Young (Normal) (G1 Evacuation Pause) 197M->150M(1024M) 29.725ms
[2021-11-03T20:43:26.695-0700][gc,cpu      ] GC(84) User=0.02s Sys=0.03s Real=0.03s
[2021-11-03T20:45:54.619-0700][gc,start    ] GC(85) Pause Young (Normal) (G1 Evacuation Pause)
[2021-11-03T20:45:54.621-0700][gc,task     ] GC(85) Using 8 workers of 8 for evacuation
[2021-11-03T20:45:54.640-0700][gc,phases   ] GC(85)   Pre Evacuate Collection Set: 4.0ms
[2021-11-03T20:45:54.640-0700][gc,phases   ] GC(85)   Merge Heap Roots: 0.3ms
[2021-11-03T20:45:54.640-0700][gc,phases   ] GC(85)   Evacuate Collection Set: 12.6ms
[2021-11-03T20:45:54.640-0700][gc,phases   ] GC(85)   Post Evacuate Collection Set: 1.9ms
[2021-11-03T20:45:54.640-0700][gc,phases   ] GC(85)   Other: 2.1ms
[2021-11-03T20:45:54.640-0700][gc,heap     ] GC(85) Eden regions: 108->0(124)
[2021-11-03T20:45:54.640-0700][gc,heap     ] GC(85) Survivor regions: 4->4(14)
[2021-11-03T20:45:54.640-0700][gc,heap     ] GC(85) Old regions: 17->18
[2021-11-03T20:45:54.640-0700][gc,heap     ] GC(85) Archive regions: 2->2
[2021-11-03T20:45:54.640-0700][gc,heap     ] GC(85) Humongous regions: 129->129
[2021-11-03T20:45:54.640-0700][gc,metaspace] GC(85) Metaspace: 40763K(41280K)->40763K(41280K) NonClass: 35971K(36224K)->35971K(36224K) Class: 4792K(5056K)->4792K(5056K)
[2021-11-03T20:45:54.640-0700][gc          ] GC(85) Pause Young (Normal) (G1 Evacuation Pause) 258M->150M(1024M) 21.207ms
[2021-11-03T20:45:54.640-0700][gc,cpu      ] GC(85) User=0.02s Sys=0.02s Real=0.03s
[2021-11-03T20:48:44.992-0700][gc,start    ] GC(86) Pause Young (Normal) (G1 Evacuation Pause)
[2021-11-03T20:48:44.993-0700][gc,task     ] GC(86) Using 8 workers of 8 for evacuation
[2021-11-03T20:48:45.020-0700][gc,mmu      ] GC(86) MMU target violated: 21.0ms (20.0ms/21.0ms)
[2021-11-03T20:48:45.020-0700][gc,phases   ] GC(86)   Pre Evacuate Collection Set: 0.9ms
[2021-11-03T20:48:45.020-0700][gc,phases   ] GC(86)   Merge Heap Roots: 0.2ms
[2021-11-03T20:48:45.020-0700][gc,phases   ] GC(86)   Evacuate Collection Set: 23.0ms
[2021-11-03T20:48:45.020-0700][gc,phases   ] GC(86)   Post Evacuate Collection Set: 2.1ms
[2021-11-03T20:48:45.020-0700][gc,phases   ] GC(86)   Other: 1.3ms
[2021-11-03T20:48:45.020-0700][gc,heap     ] GC(86) Eden regions: 124->0(96)
[2021-11-03T20:48:45.020-0700][gc,heap     ] GC(86) Survivor regions: 4->4(16)
[2021-11-03T20:48:45.020-0700][gc,heap     ] GC(86) Old regions: 18->18
[2021-11-03T20:48:45.020-0700][gc,heap     ] GC(86) Archive regions: 2->2
[2021-11-03T20:48:45.020-0700][gc,heap     ] GC(86) Humongous regions: 129->129
[2021-11-03T20:48:45.020-0700][gc,metaspace] GC(86) Metaspace: 40763K(41280K)->40763K(41280K) NonClass: 35971K(36224K)->35971K(36224K) Class: 4792K(5056K)->4792K(5056K)
[2021-11-03T20:48:45.020-0700][gc          ] GC(86) Pause Young (Normal) (G1 Evacuation Pause) 274M->150M(1024M) 27.708ms
[2021-11-03T20:48:45.020-0700][gc,cpu      ] GC(86) User=0.02s Sys=0.05s Real=0.03s
[2021-11-03T20:50:56.131-0700][gc,start    ] GC(87) Pause Young (Normal) (G1 Evacuation Pause)
[2021-11-03T20:50:56.133-0700][gc,task     ] GC(87) Using 8 workers of 8 for evacuation
[2021-11-03T20:50:56.146-0700][gc,phases   ] GC(87)   Pre Evacuate Collection Set: 1.5ms
[2021-11-03T20:50:56.146-0700][gc,phases   ] GC(87)   Merge Heap Roots: 0.4ms
[2021-11-03T20:50:56.146-0700][gc,phases   ] GC(87)   Evacuate Collection Set: 9.0ms
[2021-11-03T20:50:56.146-0700][gc,phases   ] GC(87)   Post Evacuate Collection Set: 1.3ms
[2021-11-03T20:50:56.146-0700][gc,phases   ] GC(87)   Other: 2.5ms
[2021-11-03T20:50:56.146-0700][gc,heap     ] GC(87) Eden regions: 96->0(283)
[2021-11-03T20:50:56.146-0700][gc,heap     ] GC(87) Survivor regions: 4->3(13)
[2021-11-03T20:50:56.146-0700][gc,heap     ] GC(87) Old regions: 18->18
[2021-11-03T20:50:56.146-0700][gc,heap     ] GC(87) Archive regions: 2->2
[2021-11-03T20:50:56.146-0700][gc,heap     ] GC(87) Humongous regions: 129->129
[2021-11-03T20:50:56.146-0700][gc,metaspace] GC(87) Metaspace: 40763K(41280K)->40763K(41280K) NonClass: 35971K(36224K)->35971K(36224K) Class: 4792K(5056K)->4792K(5056K)
[2021-11-03T20:50:56.146-0700][gc          ] GC(87) Pause Young (Normal) (G1 Evacuation Pause) 246M->149M(1024M) 15.036ms
[2021-11-03T20:50:56.146-0700][gc,cpu      ] GC(87) User=0.02s Sys=0.02s Real=0.01s
[2021-11-03T21:09:32.312-0700][gc,start    ] GC(88) Pause Young (Normal) (G1 Evacuation Pause)
[2021-11-03T21:09:32.314-0700][gc,task     ] GC(88) Using 8 workers of 8 for evacuation
[2021-11-03T21:09:32.366-0700][gc,mmu      ] GC(88) MMU target violated: 21.0ms (20.0ms/21.0ms)
[2021-11-03T21:09:32.366-0700][gc,phases   ] GC(88)   Pre Evacuate Collection Set: 10.7ms
[2021-11-03T21:09:32.366-0700][gc,phases   ] GC(88)   Merge Heap Roots: 0.6ms
[2021-11-03T21:09:32.366-0700][gc,phases   ] GC(88)   Evacuate Collection Set: 32.1ms
[2021-11-03T21:09:32.366-0700][gc,phases   ] GC(88)   Post Evacuate Collection Set: 7.8ms
[2021-11-03T21:09:32.366-0700][gc,phases   ] GC(88)   Other: 2.7ms
[2021-11-03T21:09:32.366-0700][gc,heap     ] GC(88) Eden regions: 283->0(48)
[2021-11-03T21:09:32.366-0700][gc,heap     ] GC(88) Survivor regions: 3->3(36)
[2021-11-03T21:09:32.366-0700][gc,heap     ] GC(88) Old regions: 18->18
[2021-11-03T21:09:32.366-0700][gc,heap     ] GC(88) Archive regions: 2->2
[2021-11-03T21:09:32.366-0700][gc,heap     ] GC(88) Humongous regions: 129->129
[2021-11-03T21:09:32.366-0700][gc,metaspace] GC(88) Metaspace: 40765K(41280K)->40765K(41280K) NonClass: 35972K(36224K)->35972K(36224K) Class: 4792K(5056K)->4792K(5056K)
[2021-11-03T21:09:32.366-0700][gc          ] GC(88) Pause Young (Normal) (G1 Evacuation Pause) 432M->149M(1024M) 54.035ms
[2021-11-03T21:09:32.366-0700][gc,cpu      ] GC(88) User=0.03s Sys=0.06s Real=0.05s
[2021-11-03T21:10:38.137-0700][gc,start    ] GC(89) Pause Young (Normal) (G1 Evacuation Pause)
[2021-11-03T21:10:38.137-0700][gc,task     ] GC(89) Using 8 workers of 8 for evacuation
[2021-11-03T21:10:38.155-0700][gc,phases   ] GC(89)   Pre Evacuate Collection Set: 1.2ms
[2021-11-03T21:10:38.155-0700][gc,phases   ] GC(89)   Merge Heap Roots: 0.3ms
[2021-11-03T21:10:38.155-0700][gc,phases   ] GC(89)   Evacuate Collection Set: 14.1ms
[2021-11-03T21:10:38.155-0700][gc,phases   ] GC(89)   Post Evacuate Collection Set: 1.6ms
[2021-11-03T21:10:38.155-0700][gc,phases   ] GC(89)   Other: 0.6ms
[2021-11-03T21:10:38.155-0700][gc,heap     ] GC(89) Eden regions: 48->0(47)
[2021-11-03T21:10:38.155-0700][gc,heap     ] GC(89) Survivor regions: 3->4(7)
[2021-11-03T21:10:38.155-0700][gc,heap     ] GC(89) Old regions: 18->18
[2021-11-03T21:10:38.155-0700][gc,heap     ] GC(89) Archive regions: 2->2
[2021-11-03T21:10:38.155-0700][gc,heap     ] GC(89) Humongous regions: 129->129
[2021-11-03T21:10:38.155-0700][gc,metaspace] GC(89) Metaspace: 40765K(41280K)->40765K(41280K) NonClass: 35972K(36224K)->35972K(36224K) Class: 4792K(5056K)->4792K(5056K)
[2021-11-03T21:10:38.155-0700][gc          ] GC(89) Pause Young (Normal) (G1 Evacuation Pause) 197M->150M(1024M) 18.094ms
[2021-11-03T21:10:38.155-0700][gc,cpu      ] GC(89) User=0.02s Sys=0.02s Real=0.02s
[2021-11-03T21:11:42.528-0700][gc,start    ] GC(90) Pause Young (Normal) (G1 Evacuation Pause)
[2021-11-03T21:11:42.529-0700][gc,task     ] GC(90) Using 8 workers of 8 for evacuation
[2021-11-03T21:11:42.566-0700][gc,mmu      ] GC(90) MMU target violated: 21.0ms (20.0ms/21.0ms)
[2021-11-03T21:11:42.566-0700][gc,phases   ] GC(90)   Pre Evacuate Collection Set: 3.1ms
[2021-11-03T21:11:42.566-0700][gc,phases   ] GC(90)   Merge Heap Roots: 1.0ms
[2021-11-03T21:11:42.566-0700][gc,phases   ] GC(90)   Evacuate Collection Set: 27.9ms
[2021-11-03T21:11:42.566-0700][gc,phases   ] GC(90)   Post Evacuate Collection Set: 4.9ms
[2021-11-03T21:11:42.566-0700][gc,phases   ] GC(90)   Other: 1.6ms
[2021-11-03T21:11:42.566-0700][gc,heap     ] GC(90) Eden regions: 47->0(47)
[2021-11-03T21:11:42.566-0700][gc,heap     ] GC(90) Survivor regions: 4->4(7)
[2021-11-03T21:11:42.566-0700][gc,heap     ] GC(90) Old regions: 18->18
[2021-11-03T21:11:42.566-0700][gc,heap     ] GC(90) Archive regions: 2->2
[2021-11-03T21:11:42.566-0700][gc,heap     ] GC(90) Humongous regions: 129->129
[2021-11-03T21:11:42.566-0700][gc,metaspace] GC(90) Metaspace: 40765K(41280K)->40765K(41280K) NonClass: 35972K(36224K)->35972K(36224K) Class: 4792K(5056K)->4792K(5056K)
[2021-11-03T21:11:42.566-0700][gc          ] GC(90) Pause Young (Normal) (G1 Evacuation Pause) 197M->150M(1024M) 38.419ms
[2021-11-03T21:11:42.566-0700][gc,cpu      ] GC(90) User=0.03s Sys=0.02s Real=0.04s
[2021-11-03T21:12:46.757-0700][gc,start    ] GC(91) Pause Young (Normal) (G1 Evacuation Pause)
[2021-11-03T21:12:46.759-0700][gc,task     ] GC(91) Using 8 workers of 8 for evacuation
[2021-11-03T21:12:46.779-0700][gc,phases   ] GC(91)   Pre Evacuate Collection Set: 1.6ms
[2021-11-03T21:12:46.779-0700][gc,phases   ] GC(91)   Merge Heap Roots: 0.3ms
[2021-11-03T21:12:46.779-0700][gc,phases   ] GC(91)   Evacuate Collection Set: 15.7ms
[2021-11-03T21:12:46.779-0700][gc,phases   ] GC(91)   Post Evacuate Collection Set: 1.6ms
[2021-11-03T21:12:46.779-0700][gc,phases   ] GC(91)   Other: 2.6ms
[2021-11-03T21:12:46.779-0700][gc,heap     ] GC(91) Eden regions: 47->0(97)
[2021-11-03T21:12:46.779-0700][gc,heap     ] GC(91) Survivor regions: 4->3(7)
[2021-11-03T21:12:46.779-0700][gc,heap     ] GC(91) Old regions: 18->18
[2021-11-03T21:12:46.779-0700][gc,heap     ] GC(91) Archive regions: 2->2
[2021-11-03T21:12:46.779-0700][gc,heap     ] GC(91) Humongous regions: 129->129
[2021-11-03T21:12:46.779-0700][gc,metaspace] GC(91) Metaspace: 40765K(41280K)->40765K(41280K) NonClass: 35972K(36224K)->35972K(36224K) Class: 4792K(5056K)->4792K(5056K)
[2021-11-03T21:12:46.779-0700][gc          ] GC(91) Pause Young (Normal) (G1 Evacuation Pause) 197M->149M(1024M) 22.204ms
[2021-11-03T21:12:46.779-0700][gc,cpu      ] GC(91) User=0.01s Sys=0.02s Real=0.02s
[2021-11-03T21:14:55.182-0700][gc,start    ] GC(92) Pause Young (Normal) (G1 Evacuation Pause)
[2021-11-03T21:14:55.185-0700][gc,task     ] GC(92) Using 8 workers of 8 for evacuation
[2021-11-03T21:14:55.202-0700][gc,phases   ] GC(92)   Pre Evacuate Collection Set: 1.2ms
[2021-11-03T21:14:55.202-0700][gc,phases   ] GC(92)   Merge Heap Roots: 0.2ms
[2021-11-03T21:14:55.202-0700][gc,phases   ] GC(92)   Evacuate Collection Set: 14.2ms
[2021-11-03T21:14:55.202-0700][gc,phases   ] GC(92)   Post Evacuate Collection Set: 1.6ms
[2021-11-03T21:14:55.202-0700][gc,phases   ] GC(92)   Other: 2.7ms
[2021-11-03T21:14:55.202-0700][gc,heap     ] GC(92) Eden regions: 97->0(156)
[2021-11-03T21:14:55.202-0700][gc,heap     ] GC(92) Survivor regions: 3->3(13)
[2021-11-03T21:14:55.202-0700][gc,heap     ] GC(92) Old regions: 18->18
[2021-11-03T21:14:55.202-0700][gc,heap     ] GC(92) Archive regions: 2->2
[2021-11-03T21:14:55.202-0700][gc,heap     ] GC(92) Humongous regions: 129->129
[2021-11-03T21:14:55.202-0700][gc,metaspace] GC(92) Metaspace: 40765K(41280K)->40765K(41280K) NonClass: 35972K(36224K)->35972K(36224K) Class: 4792K(5056K)->4792K(5056K)
[2021-11-03T21:14:55.202-0700][gc          ] GC(92) Pause Young (Normal) (G1 Evacuation Pause) 246M->150M(1024M) 20.044ms
[2021-11-03T21:14:55.203-0700][gc,cpu      ] GC(92) User=0.02s Sys=0.03s Real=0.02s
[2021-11-03T21:18:30.264-0700][gc,start    ] GC(93) Pause Young (Normal) (G1 Evacuation Pause)
[2021-11-03T21:18:30.266-0700][gc,task     ] GC(93) Using 8 workers of 8 for evacuation
[2021-11-03T21:18:30.282-0700][gc,phases   ] GC(93)   Pre Evacuate Collection Set: 1.1ms
[2021-11-03T21:18:30.282-0700][gc,phases   ] GC(93)   Merge Heap Roots: 0.2ms
[2021-11-03T21:18:30.282-0700][gc,phases   ] GC(93)   Evacuate Collection Set: 13.1ms
[2021-11-03T21:18:30.282-0700][gc,phases   ] GC(93)   Post Evacuate Collection Set: 1.3ms
[2021-11-03T21:18:30.282-0700][gc,phases   ] GC(93)   Other: 2.7ms
[2021-11-03T21:18:30.282-0700][gc,heap     ] GC(93) Eden regions: 156->0(249)
[2021-11-03T21:18:30.282-0700][gc,heap     ] GC(93) Survivor regions: 3->4(20)
[2021-11-03T21:18:30.282-0700][gc,heap     ] GC(93) Old regions: 18->18
[2021-11-03T21:18:30.282-0700][gc,heap     ] GC(93) Archive regions: 2->2
[2021-11-03T21:18:30.282-0700][gc,heap     ] GC(93) Humongous regions: 129->129
[2021-11-03T21:18:30.282-0700][gc,metaspace] GC(93) Metaspace: 40766K(41280K)->40766K(41280K) NonClass: 35974K(36224K)->35974K(36224K) Class: 4792K(5056K)->4792K(5056K)
[2021-11-03T21:18:30.282-0700][gc          ] GC(93) Pause Young (Normal) (G1 Evacuation Pause) 306M->151M(1024M) 18.678ms
[2021-11-03T21:18:30.282-0700][gc,cpu      ] GC(93) User=0.02s Sys=0.03s Real=0.02s
[2021-11-03T21:24:12.999-0700][gc,start    ] GC(94) Pause Young (Normal) (G1 Evacuation Pause)
[2021-11-03T21:24:13.001-0700][gc,task     ] GC(94) Using 8 workers of 8 for evacuation
[2021-11-03T21:24:13.034-0700][gc,mmu      ] GC(94) MMU target violated: 21.0ms (20.0ms/21.0ms)
[2021-11-03T21:24:13.035-0700][gc,phases   ] GC(94)   Pre Evacuate Collection Set: 0.9ms
[2021-11-03T21:24:13.035-0700][gc,phases   ] GC(94)   Merge Heap Roots: 0.2ms
[2021-11-03T21:24:13.035-0700][gc,phases   ] GC(94)   Evacuate Collection Set: 29.1ms
[2021-11-03T21:24:13.035-0700][gc,phases   ] GC(94)   Post Evacuate Collection Set: 2.8ms
[2021-11-03T21:24:13.035-0700][gc,phases   ] GC(94)   Other: 2.6ms
[2021-11-03T21:24:13.035-0700][gc,heap     ] GC(94) Eden regions: 249->0(241)
[2021-11-03T21:24:13.035-0700][gc,heap     ] GC(94) Survivor regions: 4->3(32)
[2021-11-03T21:24:13.035-0700][gc,heap     ] GC(94) Old regions: 18->18
[2021-11-03T21:24:13.035-0700][gc,heap     ] GC(94) Archive regions: 2->2
[2021-11-03T21:24:13.035-0700][gc,heap     ] GC(94) Humongous regions: 129->129
[2021-11-03T21:24:13.035-0700][gc,metaspace] GC(94) Metaspace: 40766K(41280K)->40766K(41280K) NonClass: 35974K(36224K)->35974K(36224K) Class: 4792K(5056K)->4792K(5056K)
[2021-11-03T21:24:13.035-0700][gc          ] GC(94) Pause Young (Normal) (G1 Evacuation Pause) 400M->150M(1024M) 35.769ms
[2021-11-03T21:24:13.035-0700][gc,cpu      ] GC(94) User=0.02s Sys=0.04s Real=0.04s
[2021-11-03T21:30:33.016-0700][gc,start    ] GC(95) Pause Young (Normal) (G1 Evacuation Pause)
[2021-11-03T21:30:33.018-0700][gc,task     ] GC(95) Using 8 workers of 8 for evacuation
[2021-11-03T21:30:33.039-0700][gc,mmu      ] GC(95) MMU target violated: 20.8ms (20.0ms/21.0ms)
[2021-11-03T21:30:33.039-0700][gc,phases   ] GC(95)   Pre Evacuate Collection Set: 0.7ms
[2021-11-03T21:30:33.039-0700][gc,phases   ] GC(95)   Merge Heap Roots: 0.2ms
[2021-11-03T21:30:33.039-0700][gc,phases   ] GC(95)   Evacuate Collection Set: 18.1ms
[2021-11-03T21:30:33.039-0700][gc,phases   ] GC(95)   Post Evacuate Collection Set: 1.9ms
[2021-11-03T21:30:33.040-0700][gc,phases   ] GC(95)   Other: 2.4ms
[2021-11-03T21:30:33.040-0700][gc,heap     ] GC(95) Eden regions: 241->0(193)
[2021-11-03T21:30:33.040-0700][gc,heap     ] GC(95) Survivor regions: 3->4(31)
[2021-11-03T21:30:33.040-0700][gc,heap     ] GC(95) Old regions: 18->18
[2021-11-03T21:30:33.040-0700][gc,heap     ] GC(95) Archive regions: 2->2
[2021-11-03T21:30:33.040-0700][gc,heap     ] GC(95) Humongous regions: 129->129
[2021-11-03T21:30:33.040-0700][gc,metaspace] GC(95) Metaspace: 40766K(41280K)->40766K(41280K) NonClass: 35974K(36224K)->35974K(36224K) Class: 4792K(5056K)->4792K(5056K)
[2021-11-03T21:30:33.040-0700][gc          ] GC(95) Pause Young (Normal) (G1 Evacuation Pause) 391M->150M(1024M) 23.491ms
[2021-11-03T21:30:33.040-0700][gc,cpu      ] GC(95) User=0.02s Sys=0.02s Real=0.03s
[2021-11-03T21:46:06.523-0700][gc,start    ] GC(96) Pause Young (Normal) (G1 Evacuation Pause)
[2021-11-03T21:46:06.524-0700][gc,task     ] GC(96) Using 8 workers of 8 for evacuation
[2021-11-03T21:46:06.564-0700][gc,mmu      ] GC(96) MMU target violated: 21.0ms (20.0ms/21.0ms)
[2021-11-03T21:46:06.564-0700][gc,phases   ] GC(96)   Pre Evacuate Collection Set: 6.1ms
[2021-11-03T21:46:06.564-0700][gc,phases   ] GC(96)   Merge Heap Roots: 1.3ms
[2021-11-03T21:46:06.564-0700][gc,phases   ] GC(96)   Evacuate Collection Set: 29.8ms
[2021-11-03T21:46:06.564-0700][gc,phases   ] GC(96)   Post Evacuate Collection Set: 2.0ms
[2021-11-03T21:46:06.564-0700][gc,phases   ] GC(96)   Other: 2.0ms
[2021-11-03T21:46:06.564-0700][gc,heap     ] GC(96) Eden regions: 193->0(125)
[2021-11-03T21:46:06.564-0700][gc,heap     ] GC(96) Survivor regions: 4->4(25)
[2021-11-03T21:46:06.564-0700][gc,heap     ] GC(96) Old regions: 18->18
[2021-11-03T21:46:06.564-0700][gc,heap     ] GC(96) Archive regions: 2->2
[2021-11-03T21:46:06.564-0700][gc,heap     ] GC(96) Humongous regions: 129->129
[2021-11-03T21:46:06.564-0700][gc,metaspace] GC(96) Metaspace: 40812K(41344K)->40812K(41344K) NonClass: 36019K(36288K)->36019K(36288K) Class: 4793K(5056K)->4793K(5056K)
[2021-11-03T21:46:06.564-0700][gc          ] GC(96) Pause Young (Normal) (G1 Evacuation Pause) 343M->151M(1024M) 41.168ms
[2021-11-03T21:46:06.564-0700][gc,cpu      ] GC(96) User=0.03s Sys=0.08s Real=0.04s
[2021-11-03T21:48:57.250-0700][gc,start    ] GC(97) Pause Young (Normal) (G1 Evacuation Pause)
[2021-11-03T21:48:57.268-0700][gc,task     ] GC(97) Using 8 workers of 8 for evacuation
[2021-11-03T21:48:57.324-0700][gc,mmu      ] GC(97) MMU target violated: 21.0ms (20.0ms/21.0ms)
[2021-11-03T21:48:57.324-0700][gc,phases   ] GC(97)   Pre Evacuate Collection Set: 1.9ms
[2021-11-03T21:48:57.324-0700][gc,phases   ] GC(97)   Merge Heap Roots: 0.2ms
[2021-11-03T21:48:57.324-0700][gc,phases   ] GC(97)   Evacuate Collection Set: 46.6ms
[2021-11-03T21:48:57.324-0700][gc,phases   ] GC(97)   Post Evacuate Collection Set: 7.3ms
[2021-11-03T21:48:57.324-0700][gc,phases   ] GC(97)   Other: 18.5ms
[2021-11-03T21:48:57.324-0700][gc,heap     ] GC(97) Eden regions: 125->0(47)
[2021-11-03T21:48:57.324-0700][gc,heap     ] GC(97) Survivor regions: 4->4(17)
[2021-11-03T21:48:57.324-0700][gc,heap     ] GC(97) Old regions: 18->18
[2021-11-03T21:48:57.324-0700][gc,heap     ] GC(97) Archive regions: 2->2
[2021-11-03T21:48:57.324-0700][gc,heap     ] GC(97) Humongous regions: 129->129
[2021-11-03T21:48:57.324-0700][gc,metaspace] GC(97) Metaspace: 40812K(41344K)->40812K(41344K) NonClass: 36019K(36288K)->36019K(36288K) Class: 4793K(5056K)->4793K(5056K)
[2021-11-03T21:48:57.325-0700][gc          ] GC(97) Pause Young (Normal) (G1 Evacuation Pause) 276M->151M(1024M) 74.640ms
[2021-11-03T21:48:57.325-0700][gc,cpu      ] GC(97) User=0.03s Sys=0.06s Real=0.07s
[2021-11-03T21:50:01.514-0700][gc,start    ] GC(98) Pause Young (Normal) (G1 Evacuation Pause)
[2021-11-03T21:50:01.530-0700][gc,task     ] GC(98) Using 8 workers of 8 for evacuation
[2021-11-03T21:50:01.553-0700][gc,mmu      ] GC(98) MMU target violated: 21.0ms (20.0ms/21.0ms)
[2021-11-03T21:50:01.553-0700][gc,phases   ] GC(98)   Pre Evacuate Collection Set: 1.5ms
[2021-11-03T21:50:01.553-0700][gc,phases   ] GC(98)   Merge Heap Roots: 0.1ms
[2021-11-03T21:50:01.553-0700][gc,phases   ] GC(98)   Evacuate Collection Set: 19.2ms
[2021-11-03T21:50:01.553-0700][gc,phases   ] GC(98)   Post Evacuate Collection Set: 1.6ms
[2021-11-03T21:50:01.553-0700][gc,phases   ] GC(98)   Other: 16.1ms
[2021-11-03T21:50:01.553-0700][gc,heap     ] GC(98) Eden regions: 47->0(159)
[2021-11-03T21:50:01.553-0700][gc,heap     ] GC(98) Survivor regions: 4->3(7)
[2021-11-03T21:50:01.553-0700][gc,heap     ] GC(98) Old regions: 18->18
[2021-11-03T21:50:01.553-0700][gc,heap     ] GC(98) Archive regions: 2->2
[2021-11-03T21:50:01.553-0700][gc,heap     ] GC(98) Humongous regions: 129->129
[2021-11-03T21:50:01.553-0700][gc,metaspace] GC(98) Metaspace: 40812K(41344K)->40812K(41344K) NonClass: 36019K(36288K)->36019K(36288K) Class: 4793K(5056K)->4793K(5056K)
[2021-11-03T21:50:01.553-0700][gc          ] GC(98) Pause Young (Normal) (G1 Evacuation Pause) 198M->150M(1024M) 38.845ms
[2021-11-03T21:50:01.553-0700][gc,cpu      ] GC(98) User=0.03s Sys=0.02s Real=0.04s
[2021-11-03T21:53:39.778-0700][gc,start    ] GC(99) Pause Young (Normal) (G1 Evacuation Pause)
[2021-11-03T21:53:39.778-0700][gc,task     ] GC(99) Using 8 workers of 8 for evacuation
[2021-11-03T21:53:39.799-0700][gc,mmu      ] GC(99) MMU target violated: 20.4ms (20.0ms/21.0ms)
[2021-11-03T21:53:39.799-0700][gc,phases   ] GC(99)   Pre Evacuate Collection Set: 0.9ms
[2021-11-03T21:53:39.799-0700][gc,phases   ] GC(99)   Merge Heap Roots: 0.1ms
[2021-11-03T21:53:39.799-0700][gc,phases   ] GC(99)   Evacuate Collection Set: 17.7ms
[2021-11-03T21:53:39.799-0700][gc,phases   ] GC(99)   Post Evacuate Collection Set: 1.8ms
[2021-11-03T21:53:39.799-0700][gc,phases   ] GC(99)   Other: 1.1ms
[2021-11-03T21:53:39.799-0700][gc,heap     ] GC(99) Eden regions: 159->0(95)
[2021-11-03T21:53:39.799-0700][gc,heap     ] GC(99) Survivor regions: 3->4(21)
[2021-11-03T21:53:39.799-0700][gc,heap     ] GC(99) Old regions: 18->18
[2021-11-03T21:53:39.799-0700][gc,heap     ] GC(99) Archive regions: 2->2
[2021-11-03T21:53:39.799-0700][gc,heap     ] GC(99) Humongous regions: 129->129
[2021-11-03T21:53:39.799-0700][gc,metaspace] GC(99) Metaspace: 40812K(41344K)->40812K(41344K) NonClass: 36019K(36288K)->36019K(36288K) Class: 4793K(5056K)->4793K(5056K)
[2021-11-03T21:53:39.799-0700][gc          ] GC(99) Pause Young (Normal) (G1 Evacuation Pause) 309M->151M(1024M) 21.749ms
[2021-11-03T21:53:39.799-0700][gc,cpu      ] GC(99) User=0.03s Sys=0.03s Real=0.02s
[2021-11-03T21:56:15.504-0700][gc,start    ] GC(100) Pause Young (Normal) (G1 Evacuation Pause)
[2021-11-03T21:56:15.505-0700][gc,task     ] GC(100) Using 8 workers of 8 for evacuation
[2021-11-03T21:56:15.530-0700][gc,mmu      ] GC(100) MMU target violated: 21.0ms (20.0ms/21.0ms)
[2021-11-03T21:56:15.530-0700][gc,phases   ] GC(100)   Pre Evacuate Collection Set: 4.1ms
[2021-11-03T21:56:15.531-0700][gc,phases   ] GC(100)   Merge Heap Roots: 0.3ms
[2021-11-03T21:56:15.531-0700][gc,phases   ] GC(100)   Evacuate Collection Set: 19.2ms
[2021-11-03T21:56:15.531-0700][gc,phases   ] GC(100)   Post Evacuate Collection Set: 1.4ms
[2021-11-03T21:56:15.531-0700][gc,phases   ] GC(100)   Other: 1.0ms
[2021-11-03T21:56:15.531-0700][gc,heap     ] GC(100) Eden regions: 95->0(224)
[2021-11-03T21:56:15.531-0700][gc,heap     ] GC(100) Survivor regions: 4->4(13)
[2021-11-03T21:56:15.531-0700][gc,heap     ] GC(100) Old regions: 18->18
[2021-11-03T21:56:15.531-0700][gc,heap     ] GC(100) Archive regions: 2->2
[2021-11-03T21:56:15.531-0700][gc,heap     ] GC(100) Humongous regions: 129->129
[2021-11-03T21:56:15.531-0700][gc,metaspace] GC(100) Metaspace: 40814K(41344K)->40814K(41344K) NonClass: 36021K(36288K)->36021K(36288K) Class: 4793K(5056K)->4793K(5056K)
[2021-11-03T21:56:15.531-0700][gc          ] GC(100) Pause Young (Normal) (G1 Evacuation Pause) 246M->150M(1024M) 26.263ms
[2021-11-03T21:56:15.531-0700][gc,cpu      ] GC(100) User=0.02s Sys=0.03s Real=0.03s
[2021-11-03T22:00:42.821-0700][gc,start    ] GC(101) Pause Young (Normal) (G1 Evacuation Pause)
[2021-11-03T22:00:42.823-0700][gc,task     ] GC(101) Using 8 workers of 8 for evacuation
[2021-11-03T22:00:42.845-0700][gc,mmu      ] GC(101) MMU target violated: 21.0ms (20.0ms/21.0ms)
[2021-11-03T22:00:42.845-0700][gc,phases   ] GC(101)   Pre Evacuate Collection Set: 0.8ms
[2021-11-03T22:00:42.845-0700][gc,phases   ] GC(101)   Merge Heap Roots: 0.1ms
[2021-11-03T22:00:42.845-0700][gc,phases   ] GC(101)   Evacuate Collection Set: 20.3ms
[2021-11-03T22:00:42.845-0700][gc,phases   ] GC(101)   Post Evacuate Collection Set: 1.1ms
[2021-11-03T22:00:42.845-0700][gc,phases   ] GC(101)   Other: 1.9ms
[2021-11-03T22:00:42.845-0700][gc,heap     ] GC(101) Eden regions: 224->0(153)
[2021-11-03T22:00:42.845-0700][gc,heap     ] GC(101) Survivor regions: 4->5(29)
[2021-11-03T22:00:42.845-0700][gc,heap     ] GC(101) Old regions: 18->18
[2021-11-03T22:00:42.845-0700][gc,heap     ] GC(101) Archive regions: 2->2
[2021-11-03T22:00:42.845-0700][gc,heap     ] GC(101) Humongous regions: 129->129
[2021-11-03T22:00:42.845-0700][gc,metaspace] GC(101) Metaspace: 40814K(41344K)->40814K(41344K) NonClass: 36021K(36288K)->36021K(36288K) Class: 4793K(5056K)->4793K(5056K)
[2021-11-03T22:00:42.845-0700][gc          ] GC(101) Pause Young (Normal) (G1 Evacuation Pause) 374M->151M(1024M) 24.147ms
[2021-11-03T22:00:42.845-0700][gc,cpu      ] GC(101) User=0.03s Sys=0.03s Real=0.02s
[2021-11-03T22:03:44.361-0700][gc,start    ] GC(102) Pause Young (Normal) (G1 Evacuation Pause)
[2021-11-03T22:03:44.363-0700][gc,task     ] GC(102) Using 8 workers of 8 for evacuation
[2021-11-03T22:03:44.381-0700][gc,phases   ] GC(102)   Pre Evacuate Collection Set: 1.4ms
[2021-11-03T22:03:44.381-0700][gc,phases   ] GC(102)   Merge Heap Roots: 0.2ms
[2021-11-03T22:03:44.381-0700][gc,phases   ] GC(102)   Evacuate Collection Set: 14.7ms
[2021-11-03T22:03:44.381-0700][gc,phases   ] GC(102)   Post Evacuate Collection Set: 1.7ms
[2021-11-03T22:03:44.381-0700][gc,phases   ] GC(102)   Other: 2.0ms
[2021-11-03T22:03:44.381-0700][gc,heap     ] GC(102) Eden regions: 153->0(431)
[2021-11-03T22:03:44.381-0700][gc,heap     ] GC(102) Survivor regions: 5->4(20)
[2021-11-03T22:03:44.381-0700][gc,heap     ] GC(102) Old regions: 18->18
[2021-11-03T22:03:44.381-0700][gc,heap     ] GC(102) Archive regions: 2->2
[2021-11-03T22:03:44.381-0700][gc,heap     ] GC(102) Humongous regions: 129->129
[2021-11-03T22:03:44.381-0700][gc,metaspace] GC(102) Metaspace: 40814K(41344K)->40814K(41344K) NonClass: 36021K(36288K)->36021K(36288K) Class: 4793K(5056K)->4793K(5056K)
[2021-11-03T22:03:44.381-0700][gc          ] GC(102) Pause Young (Normal) (G1 Evacuation Pause) 304M->150M(1024M) 20.277ms
[2021-11-03T22:03:44.381-0700][gc,cpu      ] GC(102) User=0.03s Sys=0.03s Real=0.02s
[2021-11-03T22:12:39.945-0700][gc,start    ] GC(103) Pause Young (Normal) (G1 Evacuation Pause)
[2021-11-03T22:12:39.947-0700][gc,task     ] GC(103) Using 8 workers of 8 for evacuation
[2021-11-03T22:12:39.981-0700][gc,mmu      ] GC(103) MMU target violated: 21.0ms (20.0ms/21.0ms)
[2021-11-03T22:12:39.981-0700][gc,phases   ] GC(103)   Pre Evacuate Collection Set: 0.8ms
[2021-11-03T22:12:39.981-0700][gc,phases   ] GC(103)   Merge Heap Roots: 0.3ms
[2021-11-03T22:12:39.981-0700][gc,phases   ] GC(103)   Evacuate Collection Set: 30.3ms
[2021-11-03T22:12:39.982-0700][gc,phases   ] GC(103)   Post Evacuate Collection Set: 3.1ms
[2021-11-03T22:12:39.982-0700][gc,phases   ] GC(103)   Other: 1.7ms
[2021-11-03T22:12:39.982-0700][gc,heap     ] GC(103) Eden regions: 431->0(107)
[2021-11-03T22:12:39.982-0700][gc,heap     ] GC(103) Survivor regions: 4->4(55)
[2021-11-03T22:12:39.982-0700][gc,heap     ] GC(103) Old regions: 18->18
[2021-11-03T22:12:39.982-0700][gc,heap     ] GC(103) Archive regions: 2->2
[2021-11-03T22:12:39.982-0700][gc,heap     ] GC(103) Humongous regions: 129->129
[2021-11-03T22:12:39.982-0700][gc,metaspace] GC(103) Metaspace: 40815K(41344K)->40815K(41344K) NonClass: 36022K(36288K)->36022K(36288K) Class: 4793K(5056K)->4793K(5056K)
[2021-11-03T22:12:39.982-0700][gc          ] GC(103) Pause Young (Normal) (G1 Evacuation Pause) 581M->151M(1024M) 36.396ms
[2021-11-03T22:12:39.982-0700][gc,cpu      ] GC(103) User=0.03s Sys=0.04s Real=0.04s
[2021-11-03T22:14:56.945-0700][gc,start    ] GC(104) Pause Young (Normal) (G1 Evacuation Pause)
[2021-11-03T22:14:56.945-0700][gc,task     ] GC(104) Using 8 workers of 8 for evacuation
[2021-11-03T22:14:56.973-0700][gc,mmu      ] GC(104) MMU target violated: 21.0ms (20.0ms/21.0ms)
[2021-11-03T22:14:56.973-0700][gc,phases   ] GC(104)   Pre Evacuate Collection Set: 0.7ms
[2021-11-03T22:14:56.973-0700][gc,phases   ] GC(104)   Merge Heap Roots: 0.1ms
[2021-11-03T22:14:56.973-0700][gc,phases   ] GC(104)   Evacuate Collection Set: 25.6ms
[2021-11-03T22:14:56.973-0700][gc,phases   ] GC(104)   Post Evacuate Collection Set: 1.2ms
[2021-11-03T22:14:56.974-0700][gc,phases   ] GC(104)   Other: 1.0ms
[2021-11-03T22:14:56.974-0700][gc,heap     ] GC(104) Eden regions: 107->0(59)
[2021-11-03T22:14:56.974-0700][gc,heap     ] GC(104) Survivor regions: 4->5(14)
[2021-11-03T22:14:56.974-0700][gc,heap     ] GC(104) Old regions: 18->18
[2021-11-03T22:14:56.974-0700][gc,heap     ] GC(104) Archive regions: 2->2
[2021-11-03T22:14:56.974-0700][gc,heap     ] GC(104) Humongous regions: 129->129
[2021-11-03T22:14:56.974-0700][gc,metaspace] GC(104) Metaspace: 40815K(41344K)->40815K(41344K) NonClass: 36022K(36288K)->36022K(36288K) Class: 4793K(5056K)->4793K(5056K)
[2021-11-03T22:14:56.974-0700][gc          ] GC(104) Pause Young (Normal) (G1 Evacuation Pause) 258M->151M(1024M) 28.861ms
[2021-11-03T22:14:56.974-0700][gc,cpu      ] GC(104) User=0.03s Sys=0.02s Real=0.03s
[2021-11-03T22:16:06.111-0700][gc,start    ] GC(105) Pause Young (Normal) (G1 Evacuation Pause)
[2021-11-03T22:16:06.113-0700][gc,task     ] GC(105) Using 8 workers of 8 for evacuation
[2021-11-03T22:16:06.126-0700][gc,phases   ] GC(105)   Pre Evacuate Collection Set: 0.8ms
[2021-11-03T22:16:06.126-0700][gc,phases   ] GC(105)   Merge Heap Roots: 0.2ms
[2021-11-03T22:16:06.126-0700][gc,phases   ] GC(105)   Evacuate Collection Set: 10.2ms
[2021-11-03T22:16:06.126-0700][gc,phases   ] GC(105)   Post Evacuate Collection Set: 1.5ms
[2021-11-03T22:16:06.126-0700][gc,phases   ] GC(105)   Other: 2.0ms
[2021-11-03T22:16:06.126-0700][gc,heap     ] GC(105) Eden regions: 59->0(317)
[2021-11-03T22:16:06.126-0700][gc,heap     ] GC(105) Survivor regions: 5->4(8)
[2021-11-03T22:16:06.126-0700][gc,heap     ] GC(105) Old regions: 18->18
[2021-11-03T22:16:06.126-0700][gc,heap     ] GC(105) Archive regions: 2->2
[2021-11-03T22:16:06.126-0700][gc,heap     ] GC(105) Humongous regions: 129->129
[2021-11-03T22:16:06.126-0700][gc,metaspace] GC(105) Metaspace: 40815K(41344K)->40815K(41344K) NonClass: 36022K(36288K)->36022K(36288K) Class: 4793K(5056K)->4793K(5056K)
[2021-11-03T22:16:06.126-0700][gc          ] GC(105) Pause Young (Normal) (G1 Evacuation Pause) 210M->151M(1024M) 15.098ms
[2021-11-03T22:16:06.126-0700][gc,cpu      ] GC(105) User=0.02s Sys=0.02s Real=0.01s
[2021-11-03T22:22:23.283-0700][gc,start    ] GC(106) Pause Young (Normal) (G1 Evacuation Pause)
[2021-11-03T22:22:23.284-0700][gc,task     ] GC(106) Using 8 workers of 8 for evacuation
[2021-11-03T22:22:23.321-0700][gc,mmu      ] GC(106) MMU target violated: 21.0ms (20.0ms/21.0ms)
[2021-11-03T22:22:23.321-0700][gc,phases   ] GC(106)   Pre Evacuate Collection Set: 1.5ms
[2021-11-03T22:22:23.321-0700][gc,phases   ] GC(106)   Merge Heap Roots: 0.6ms
[2021-11-03T22:22:23.321-0700][gc,phases   ] GC(106)   Evacuate Collection Set: 26.3ms
[2021-11-03T22:22:23.321-0700][gc,phases   ] GC(106)   Post Evacuate Collection Set: 6.9ms
[2021-11-03T22:22:23.321-0700][gc,phases   ] GC(106)   Other: 2.7ms
[2021-11-03T22:22:23.321-0700][gc,heap     ] GC(106) Eden regions: 317->0(164)
[2021-11-03T22:22:23.321-0700][gc,heap     ] GC(106) Survivor regions: 4->4(41)
[2021-11-03T22:22:23.321-0700][gc,heap     ] GC(106) Old regions: 18->18
[2021-11-03T22:22:23.321-0700][gc,heap     ] GC(106) Archive regions: 2->2
[2021-11-03T22:22:23.321-0700][gc,heap     ] GC(106) Humongous regions: 129->129
[2021-11-03T22:22:23.321-0700][gc,metaspace] GC(106) Metaspace: 40815K(41344K)->40815K(41344K) NonClass: 36022K(36288K)->36022K(36288K) Class: 4793K(5056K)->4793K(5056K)
[2021-11-03T22:22:23.322-0700][gc          ] GC(106) Pause Young (Normal) (G1 Evacuation Pause) 468M->151M(1024M) 38.743ms
[2021-11-03T22:22:23.322-0700][gc,cpu      ] GC(106) User=0.03s Sys=0.05s Real=0.04s
[2021-11-03T22:25:37.420-0700][gc,start    ] GC(107) Pause Young (Normal) (G1 Evacuation Pause)
[2021-11-03T22:25:37.422-0700][gc,task     ] GC(107) Using 8 workers of 8 for evacuation
[2021-11-03T22:25:37.437-0700][gc,phases   ] GC(107)   Pre Evacuate Collection Set: 1.0ms
[2021-11-03T22:25:37.438-0700][gc,phases   ] GC(107)   Merge Heap Roots: 0.2ms
[2021-11-03T22:25:37.438-0700][gc,phases   ] GC(107)   Evacuate Collection Set: 12.5ms
[2021-11-03T22:25:37.438-0700][gc,phases   ] GC(107)   Post Evacuate Collection Set: 1.9ms
[2021-11-03T22:25:37.438-0700][gc,phases   ] GC(107)   Other: 1.6ms
[2021-11-03T22:25:37.438-0700][gc,heap     ] GC(107) Eden regions: 164->0(295)
[2021-11-03T22:25:37.438-0700][gc,heap     ] GC(107) Survivor regions: 4->4(21)
[2021-11-03T22:25:37.438-0700][gc,heap     ] GC(107) Old regions: 18->18
[2021-11-03T22:25:37.438-0700][gc,heap     ] GC(107) Archive regions: 2->2
[2021-11-03T22:25:37.438-0700][gc,heap     ] GC(107) Humongous regions: 129->129
[2021-11-03T22:25:37.438-0700][gc,metaspace] GC(107) Metaspace: 40833K(41344K)->40833K(41344K) NonClass: 36040K(36288K)->36040K(36288K) Class: 4793K(5056K)->4793K(5056K)
[2021-11-03T22:25:37.438-0700][gc          ] GC(107) Pause Young (Normal) (G1 Evacuation Pause) 315M->151M(1024M) 17.556ms
[2021-11-03T22:25:37.438-0700][gc,cpu      ] GC(107) User=0.02s Sys=0.02s Real=0.01s
[2021-11-03T22:31:28.488-0700][gc,start    ] GC(108) Pause Young (Normal) (G1 Evacuation Pause)
[2021-11-03T22:31:28.489-0700][gc,task     ] GC(108) Using 8 workers of 8 for evacuation
[2021-11-03T22:31:28.526-0700][gc,mmu      ] GC(108) MMU target violated: 21.0ms (20.0ms/21.0ms)
[2021-11-03T22:31:28.526-0700][gc,phases   ] GC(108)   Pre Evacuate Collection Set: 1.3ms
[2021-11-03T22:31:28.526-0700][gc,phases   ] GC(108)   Merge Heap Roots: 0.4ms
[2021-11-03T22:31:28.526-0700][gc,phases   ] GC(108)   Evacuate Collection Set: 30.7ms
[2021-11-03T22:31:28.526-0700][gc,phases   ] GC(108)   Post Evacuate Collection Set: 3.7ms
[2021-11-03T22:31:28.526-0700][gc,phases   ] GC(108)   Other: 2.1ms
[2021-11-03T22:31:28.526-0700][gc,heap     ] GC(108) Eden regions: 295->0(259)
[2021-11-03T22:31:28.526-0700][gc,heap     ] GC(108) Survivor regions: 4->4(38)
[2021-11-03T22:31:28.526-0700][gc,heap     ] GC(108) Old regions: 18->18
[2021-11-03T22:31:28.526-0700][gc,heap     ] GC(108) Archive regions: 2->2
[2021-11-03T22:31:28.526-0700][gc,heap     ] GC(108) Humongous regions: 129->129
[2021-11-03T22:31:28.526-0700][gc,metaspace] GC(108) Metaspace: 40833K(41344K)->40833K(41344K) NonClass: 36040K(36288K)->36040K(36288K) Class: 4793K(5056K)->4793K(5056K)
[2021-11-03T22:31:28.526-0700][gc          ] GC(108) Pause Young (Normal) (G1 Evacuation Pause) 446M->151M(1024M) 38.311ms
[2021-11-03T22:31:28.526-0700][gc,cpu      ] GC(108) User=0.04s Sys=0.04s Real=0.04s
[2021-11-03T22:36:36.191-0700][gc,start    ] GC(109) Pause Young (Normal) (G1 Evacuation Pause)
[2021-11-03T22:36:36.192-0700][gc,task     ] GC(109) Using 8 workers of 8 for evacuation
[2021-11-03T22:36:36.216-0700][gc,mmu      ] GC(109) MMU target violated: 21.0ms (20.0ms/21.0ms)
[2021-11-03T22:36:36.216-0700][gc,phases   ] GC(109)   Pre Evacuate Collection Set: 1.6ms
[2021-11-03T22:36:36.216-0700][gc,phases   ] GC(109)   Merge Heap Roots: 0.3ms
[2021-11-03T22:36:36.216-0700][gc,phases   ] GC(109)   Evacuate Collection Set: 17.9ms
[2021-11-03T22:36:36.216-0700][gc,phases   ] GC(109)   Post Evacuate Collection Set: 3.0ms
[2021-11-03T22:36:36.216-0700][gc,phases   ] GC(109)   Other: 2.1ms
[2021-11-03T22:36:36.216-0700][gc,heap     ] GC(109) Eden regions: 259->0(222)
[2021-11-03T22:36:36.216-0700][gc,heap     ] GC(109) Survivor regions: 4->5(33)
[2021-11-03T22:36:36.216-0700][gc,heap     ] GC(109) Old regions: 18->18
[2021-11-03T22:36:36.216-0700][gc,heap     ] GC(109) Archive regions: 2->2
[2021-11-03T22:36:36.216-0700][gc,heap     ] GC(109) Humongous regions: 129->129
[2021-11-03T22:36:36.216-0700][gc,metaspace] GC(109) Metaspace: 40833K(41344K)->40833K(41344K) NonClass: 36040K(36288K)->36040K(36288K) Class: 4793K(5056K)->4793K(5056K)
[2021-11-03T22:36:36.216-0700][gc          ] GC(109) Pause Young (Normal) (G1 Evacuation Pause) 410M->152M(1024M) 24.967ms
[2021-11-03T22:36:36.216-0700][gc,cpu      ] GC(109) User=0.03s Sys=0.04s Real=0.02s
[2021-11-03T22:40:59.380-0700][gc,start    ] GC(110) Pause Young (Normal) (G1 Evacuation Pause)
[2021-11-03T22:40:59.382-0700][gc,task     ] GC(110) Using 8 workers of 8 for evacuation
[2021-11-03T22:40:59.410-0700][gc,mmu      ] GC(110) MMU target violated: 21.0ms (20.0ms/21.0ms)
[2021-11-03T22:40:59.411-0700][gc,phases   ] GC(110)   Pre Evacuate Collection Set: 1.2ms
[2021-11-03T22:40:59.411-0700][gc,phases   ] GC(110)   Merge Heap Roots: 0.4ms
[2021-11-03T22:40:59.411-0700][gc,phases   ] GC(110)   Evacuate Collection Set: 25.6ms
[2021-11-03T22:40:59.411-0700][gc,phases   ] GC(110)   Post Evacuate Collection Set: 1.2ms
[2021-11-03T22:40:59.411-0700][gc,phases   ] GC(110)   Other: 2.0ms
[2021-11-03T22:40:59.411-0700][gc,heap     ] GC(110) Eden regions: 222->0(199)
[2021-11-03T22:40:59.411-0700][gc,heap     ] GC(110) Survivor regions: 5->4(29)
[2021-11-03T22:40:59.411-0700][gc,heap     ] GC(110) Old regions: 18->19
[2021-11-03T22:40:59.411-0700][gc,heap     ] GC(110) Archive regions: 2->2
[2021-11-03T22:40:59.411-0700][gc,heap     ] GC(110) Humongous regions: 129->129
[2021-11-03T22:40:59.411-0700][gc,metaspace] GC(110) Metaspace: 40833K(41344K)->40833K(41344K) NonClass: 36040K(36288K)->36040K(36288K) Class: 4793K(5056K)->4793K(5056K)
[2021-11-03T22:40:59.411-0700][gc          ] GC(110) Pause Young (Normal) (G1 Evacuation Pause) 374M->151M(1024M) 30.329ms
[2021-11-03T22:40:59.411-0700][gc,cpu      ] GC(110) User=0.02s Sys=0.04s Real=0.03s
[2021-11-03T22:44:55.486-0700][gc,start    ] GC(111) Pause Young (Normal) (G1 Evacuation Pause)
[2021-11-03T22:44:55.489-0700][gc,task     ] GC(111) Using 8 workers of 8 for evacuation
[2021-11-03T22:44:55.515-0700][gc,mmu      ] GC(111) MMU target violated: 21.0ms (20.0ms/21.0ms)
[2021-11-03T22:44:55.515-0700][gc,phases   ] GC(111)   Pre Evacuate Collection Set: 1.3ms
[2021-11-03T22:44:55.515-0700][gc,phases   ] GC(111)   Merge Heap Roots: 0.4ms
[2021-11-03T22:44:55.515-0700][gc,phases   ] GC(111)   Evacuate Collection Set: 22.9ms
[2021-11-03T22:44:55.515-0700][gc,phases   ] GC(111)   Post Evacuate Collection Set: 1.7ms
[2021-11-03T22:44:55.516-0700][gc,phases   ] GC(111)   Other: 3.1ms
[2021-11-03T22:44:55.516-0700][gc,heap     ] GC(111) Eden regions: 199->0(196)
[2021-11-03T22:44:55.516-0700][gc,heap     ] GC(111) Survivor regions: 4->4(26)
[2021-11-03T22:44:55.516-0700][gc,heap     ] GC(111) Old regions: 19->19
[2021-11-03T22:44:55.516-0700][gc,heap     ] GC(111) Archive regions: 2->2
[2021-11-03T22:44:55.516-0700][gc,heap     ] GC(111) Humongous regions: 129->129
[2021-11-03T22:44:55.516-0700][gc,metaspace] GC(111) Metaspace: 40833K(41344K)->40833K(41344K) NonClass: 36040K(36288K)->36040K(36288K) Class: 4793K(5056K)->4793K(5056K)
[2021-11-03T22:44:55.516-0700][gc          ] GC(111) Pause Young (Normal) (G1 Evacuation Pause) 350M->151M(1024M) 29.339ms
[2021-11-03T22:44:55.516-0700][gc,cpu      ] GC(111) User=0.03s Sys=0.03s Real=0.03s
[2021-11-03T22:48:48.115-0700][gc,start    ] GC(112) Pause Young (Normal) (G1 Evacuation Pause)
[2021-11-03T22:48:48.118-0700][gc,task     ] GC(112) Using 8 workers of 8 for evacuation
[2021-11-03T22:48:48.141-0700][gc,mmu      ] GC(112) MMU target violated: 21.0ms (20.0ms/21.0ms)
[2021-11-03T22:48:48.142-0700][gc,phases   ] GC(112)   Pre Evacuate Collection Set: 1.5ms
[2021-11-03T22:48:48.142-0700][gc,phases   ] GC(112)   Merge Heap Roots: 0.4ms
[2021-11-03T22:48:48.142-0700][gc,phases   ] GC(112)   Evacuate Collection Set: 19.4ms
[2021-11-03T22:48:48.142-0700][gc,phases   ] GC(112)   Post Evacuate Collection Set: 2.1ms
[2021-11-03T22:48:48.142-0700][gc,phases   ] GC(112)   Other: 3.3ms
[2021-11-03T22:48:48.142-0700][gc,heap     ] GC(112) Eden regions: 196->0(271)
[2021-11-03T22:48:48.142-0700][gc,heap     ] GC(112) Survivor regions: 4->3(25)
[2021-11-03T22:48:48.142-0700][gc,heap     ] GC(112) Old regions: 19->19
[2021-11-03T22:48:48.142-0700][gc,heap     ] GC(112) Archive regions: 2->2
[2021-11-03T22:48:48.142-0700][gc,heap     ] GC(112) Humongous regions: 129->129
[2021-11-03T22:48:48.142-0700][gc,metaspace] GC(112) Metaspace: 40833K(41344K)->40833K(41344K) NonClass: 36040K(36288K)->36040K(36288K) Class: 4793K(5056K)->4793K(5056K)
[2021-11-03T22:48:48.142-0700][gc          ] GC(112) Pause Young (Normal) (G1 Evacuation Pause) 347M->150M(1024M) 26.794ms
[2021-11-03T22:48:48.142-0700][gc,cpu      ] GC(112) User=0.02s Sys=0.03s Real=0.03s
[2021-11-03T22:54:11.964-0700][gc,start    ] GC(113) Pause Young (Normal) (G1 Evacuation Pause)
[2021-11-03T22:54:11.966-0700][gc,task     ] GC(113) Using 8 workers of 8 for evacuation
[2021-11-03T22:54:11.989-0700][gc,mmu      ] GC(113) MMU target violated: 21.0ms (20.0ms/21.0ms)
[2021-11-03T22:54:11.989-0700][gc,phases   ] GC(113)   Pre Evacuate Collection Set: 1.4ms
[2021-11-03T22:54:11.989-0700][gc,phases   ] GC(113)   Merge Heap Roots: 0.4ms
[2021-11-03T22:54:11.989-0700][gc,phases   ] GC(113)   Evacuate Collection Set: 15.2ms
[2021-11-03T22:54:11.989-0700][gc,phases   ] GC(113)   Post Evacuate Collection Set: 4.8ms
[2021-11-03T22:54:11.989-0700][gc,phases   ] GC(113)   Other: 3.8ms
[2021-11-03T22:54:11.989-0700][gc,heap     ] GC(113) Eden regions: 271->0(155)
[2021-11-03T22:54:11.989-0700][gc,heap     ] GC(113) Survivor regions: 3->4(35)
[2021-11-03T22:54:11.989-0700][gc,heap     ] GC(113) Old regions: 19->19
[2021-11-03T22:54:11.989-0700][gc,heap     ] GC(113) Archive regions: 2->2
[2021-11-03T22:54:11.989-0700][gc,heap     ] GC(113) Humongous regions: 129->129
[2021-11-03T22:54:11.989-0700][gc,metaspace] GC(113) Metaspace: 40833K(41344K)->40833K(41344K) NonClass: 36040K(36288K)->36040K(36288K) Class: 4793K(5056K)->4793K(5056K)
[2021-11-03T22:54:11.989-0700][gc          ] GC(113) Pause Young (Normal) (G1 Evacuation Pause) 421M->151M(1024M) 25.725ms
[2021-11-03T22:54:11.989-0700][gc,cpu      ] GC(113) User=0.03s Sys=0.04s Real=0.02s
[2021-11-03T22:57:17.867-0700][gc,start    ] GC(114) Pause Young (Normal) (G1 Evacuation Pause)
[2021-11-03T22:57:17.868-0700][gc,task     ] GC(114) Using 8 workers of 8 for evacuation
[2021-11-03T22:57:17.891-0700][gc,mmu      ] GC(114) MMU target violated: 21.0ms (20.0ms/21.0ms)
[2021-11-03T22:57:17.891-0700][gc,phases   ] GC(114)   Pre Evacuate Collection Set: 1.5ms
[2021-11-03T22:57:17.891-0700][gc,phases   ] GC(114)   Merge Heap Roots: 0.4ms
[2021-11-03T22:57:17.891-0700][gc,phases   ] GC(114)   Evacuate Collection Set: 19.3ms
[2021-11-03T22:57:17.891-0700][gc,phases   ] GC(114)   Post Evacuate Collection Set: 1.5ms
[2021-11-03T22:57:17.891-0700][gc,phases   ] GC(114)   Other: 1.9ms
[2021-11-03T22:57:17.891-0700][gc,heap     ] GC(114) Eden regions: 155->0(551)
[2021-11-03T22:57:17.892-0700][gc,heap     ] GC(114) Survivor regions: 4->3(20)
[2021-11-03T22:57:17.892-0700][gc,heap     ] GC(114) Old regions: 19->19
[2021-11-03T22:57:17.892-0700][gc,heap     ] GC(114) Archive regions: 2->2
[2021-11-03T22:57:17.892-0700][gc,heap     ] GC(114) Humongous regions: 129->129
[2021-11-03T22:57:17.892-0700][gc,metaspace] GC(114) Metaspace: 40833K(41344K)->40833K(41344K) NonClass: 36040K(36288K)->36040K(36288K) Class: 4793K(5056K)->4793K(5056K)
[2021-11-03T22:57:17.892-0700][gc          ] GC(114) Pause Young (Normal) (G1 Evacuation Pause) 306M->150M(1024M) 24.773ms
[2021-11-03T22:57:17.892-0700][gc,cpu      ] GC(114) User=0.03s Sys=0.04s Real=0.03s
[2021-11-03T23:08:17.372-0700][gc,start    ] GC(115) Pause Young (Normal) (G1 Evacuation Pause)
[2021-11-03T23:08:17.372-0700][gc,task     ] GC(115) Using 8 workers of 8 for evacuation
[2021-11-03T23:08:17.403-0700][gc,mmu      ] GC(115) MMU target violated: 21.0ms (20.0ms/21.0ms)
[2021-11-03T23:08:17.403-0700][gc,phases   ] GC(115)   Pre Evacuate Collection Set: 0.9ms
[2021-11-03T23:08:17.403-0700][gc,phases   ] GC(115)   Merge Heap Roots: 0.3ms
[2021-11-03T23:08:17.403-0700][gc,phases   ] GC(115)   Evacuate Collection Set: 25.3ms
[2021-11-03T23:08:17.403-0700][gc,phases   ] GC(115)   Post Evacuate Collection Set: 3.6ms
[2021-11-03T23:08:17.403-0700][gc,phases   ] GC(115)   Other: 1.8ms
[2021-11-03T23:08:17.403-0700][gc,heap     ] GC(115) Eden regions: 551->0(244)
[2021-11-03T23:08:17.403-0700][gc,heap     ] GC(115) Survivor regions: 3->3(70)
[2021-11-03T23:08:17.403-0700][gc,heap     ] GC(115) Old regions: 19->19
[2021-11-03T23:08:17.403-0700][gc,heap     ] GC(115) Archive regions: 2->2
[2021-11-03T23:08:17.403-0700][gc,heap     ] GC(115) Humongous regions: 129->129
[2021-11-03T23:08:17.404-0700][gc,metaspace] GC(115) Metaspace: 40833K(41344K)->40833K(41344K) NonClass: 36040K(36288K)->36040K(36288K) Class: 4793K(5056K)->4793K(5056K)
[2021-11-03T23:08:17.404-0700][gc          ] GC(115) Pause Young (Normal) (G1 Evacuation Pause) 701M->150M(1024M) 32.054ms
[2021-11-03T23:08:17.404-0700][gc,cpu      ] GC(115) User=0.03s Sys=0.07s Real=0.03s
[2021-11-03T23:13:07.118-0700][gc,start    ] GC(116) Pause Young (Normal) (G1 Evacuation Pause)
[2021-11-03T23:13:07.119-0700][gc,task     ] GC(116) Using 8 workers of 8 for evacuation
[2021-11-03T23:13:07.147-0700][gc,mmu      ] GC(116) MMU target violated: 21.0ms (20.0ms/21.0ms)
[2021-11-03T23:13:07.147-0700][gc,phases   ] GC(116)   Pre Evacuate Collection Set: 1.0ms
[2021-11-03T23:13:07.147-0700][gc,phases   ] GC(116)   Merge Heap Roots: 0.4ms
[2021-11-03T23:13:07.147-0700][gc,phases   ] GC(116)   Evacuate Collection Set: 24.1ms
[2021-11-03T23:13:07.147-0700][gc,phases   ] GC(116)   Post Evacuate Collection Set: 1.9ms
[2021-11-03T23:13:07.148-0700][gc,phases   ] GC(116)   Other: 1.6ms
[2021-11-03T23:13:07.148-0700][gc,heap     ] GC(116) Eden regions: 244->0(158)
[2021-11-03T23:13:07.148-0700][gc,heap     ] GC(116) Survivor regions: 3->4(31)
[2021-11-03T23:13:07.148-0700][gc,heap     ] GC(116) Old regions: 19->19
[2021-11-03T23:13:07.148-0700][gc,heap     ] GC(116) Archive regions: 2->2
[2021-11-03T23:13:07.148-0700][gc,heap     ] GC(116) Humongous regions: 129->129
[2021-11-03T23:13:07.148-0700][gc,metaspace] GC(116) Metaspace: 40833K(41344K)->40833K(41344K) NonClass: 36040K(36288K)->36040K(36288K) Class: 4793K(5056K)->4793K(5056K)
[2021-11-03T23:13:07.148-0700][gc          ] GC(116) Pause Young (Normal) (G1 Evacuation Pause) 394M->151M(1024M) 29.253ms
[2021-11-03T23:13:07.148-0700][gc,cpu      ] GC(116) User=0.03s Sys=0.03s Real=0.03s
[2021-11-03T23:16:10.808-0700][gc,start    ] GC(117) Pause Young (Normal) (G1 Evacuation Pause)
[2021-11-03T23:16:10.810-0700][gc,task     ] GC(117) Using 8 workers of 8 for evacuation
[2021-11-03T23:16:10.826-0700][gc,phases   ] GC(117)   Pre Evacuate Collection Set: 1.3ms
[2021-11-03T23:16:10.826-0700][gc,phases   ] GC(117)   Merge Heap Roots: 0.5ms
[2021-11-03T23:16:10.826-0700][gc,phases   ] GC(117)   Evacuate Collection Set: 11.8ms
[2021-11-03T23:16:10.826-0700][gc,phases   ] GC(117)   Post Evacuate Collection Set: 1.7ms
[2021-11-03T23:16:10.826-0700][gc,phases   ] GC(117)   Other: 2.5ms
[2021-11-03T23:16:10.826-0700][gc,heap     ] GC(117) Eden regions: 158->0(564)
[2021-11-03T23:16:10.826-0700][gc,heap     ] GC(117) Survivor regions: 4->3(21)
[2021-11-03T23:16:10.826-0700][gc,heap     ] GC(117) Old regions: 19->19
[2021-11-03T23:16:10.826-0700][gc,heap     ] GC(117) Archive regions: 2->2
[2021-11-03T23:16:10.826-0700][gc,heap     ] GC(117) Humongous regions: 129->129
[2021-11-03T23:16:10.826-0700][gc,metaspace] GC(117) Metaspace: 40833K(41344K)->40833K(41344K) NonClass: 36040K(36288K)->36040K(36288K) Class: 4793K(5056K)->4793K(5056K)
[2021-11-03T23:16:10.826-0700][gc          ] GC(117) Pause Young (Normal) (G1 Evacuation Pause) 309M->150M(1024M) 18.036ms
[2021-11-03T23:16:10.826-0700][gc,cpu      ] GC(117) User=0.02s Sys=0.03s Real=0.02s
[2021-11-03T23:27:22.336-0700][gc,start    ] GC(118) Pause Young (Normal) (G1 Evacuation Pause)
[2021-11-03T23:27:22.338-0700][gc,task     ] GC(118) Using 8 workers of 8 for evacuation
[2021-11-03T23:27:22.399-0700][gc,mmu      ] GC(118) MMU target violated: 21.0ms (20.0ms/21.0ms)
[2021-11-03T23:27:22.399-0700][gc,phases   ] GC(118)   Pre Evacuate Collection Set: 1.0ms
[2021-11-03T23:27:22.399-0700][gc,phases   ] GC(118)   Merge Heap Roots: 0.3ms
[2021-11-03T23:27:22.399-0700][gc,phases   ] GC(118)   Evacuate Collection Set: 56.7ms
[2021-11-03T23:27:22.399-0700][gc,phases   ] GC(118)   Post Evacuate Collection Set: 3.0ms
[2021-11-03T23:27:22.399-0700][gc,phases   ] GC(118)   Other: 2.3ms
[2021-11-03T23:27:22.399-0700][gc,heap     ] GC(118) Eden regions: 564->0(48)
[2021-11-03T23:27:22.399-0700][gc,heap     ] GC(118) Survivor regions: 3->3(71)
[2021-11-03T23:27:22.399-0700][gc,heap     ] GC(118) Old regions: 19->19
[2021-11-03T23:27:22.399-0700][gc,heap     ] GC(118) Archive regions: 2->2
[2021-11-03T23:27:22.399-0700][gc,heap     ] GC(118) Humongous regions: 129->129
[2021-11-03T23:27:22.399-0700][gc,metaspace] GC(118) Metaspace: 40833K(41344K)->40833K(41344K) NonClass: 36040K(36288K)->36040K(36288K) Class: 4793K(5056K)->4793K(5056K)
[2021-11-03T23:27:22.399-0700][gc          ] GC(118) Pause Young (Normal) (G1 Evacuation Pause) 714M->150M(1024M) 63.307ms
[2021-11-03T23:27:22.399-0700][gc,cpu      ] GC(118) User=0.03s Sys=0.13s Real=0.06s
[2021-11-03T23:28:19.036-0700][gc,start    ] GC(119) Pause Young (Normal) (G1 Evacuation Pause)
[2021-11-03T23:28:19.037-0700][gc,task     ] GC(119) Using 8 workers of 8 for evacuation
[2021-11-03T23:28:19.052-0700][gc,phases   ] GC(119)   Pre Evacuate Collection Set: 1.2ms
[2021-11-03T23:28:19.052-0700][gc,phases   ] GC(119)   Merge Heap Roots: 0.3ms
[2021-11-03T23:28:19.052-0700][gc,phases   ] GC(119)   Evacuate Collection Set: 11.0ms
[2021-11-03T23:28:19.052-0700][gc,phases   ] GC(119)   Post Evacuate Collection Set: 1.6ms
[2021-11-03T23:28:19.052-0700][gc,phases   ] GC(119)   Other: 1.5ms
[2021-11-03T23:28:19.052-0700][gc,heap     ] GC(119) Eden regions: 48->0(48)
[2021-11-03T23:28:19.052-0700][gc,heap     ] GC(119) Survivor regions: 3->3(7)
[2021-11-03T23:28:19.052-0700][gc,heap     ] GC(119) Old regions: 19->19
[2021-11-03T23:28:19.052-0700][gc,heap     ] GC(119) Archive regions: 2->2
[2021-11-03T23:28:19.052-0700][gc,heap     ] GC(119) Humongous regions: 129->129
[2021-11-03T23:28:19.052-0700][gc,metaspace] GC(119) Metaspace: 40833K(41344K)->40833K(41344K) NonClass: 36040K(36288K)->36040K(36288K) Class: 4793K(5056K)->4793K(5056K)
[2021-11-03T23:28:19.052-0700][gc          ] GC(119) Pause Young (Normal) (G1 Evacuation Pause) 198M->151M(1024M) 15.790ms
[2021-11-03T23:28:19.052-0700][gc,cpu      ] GC(119) User=0.01s Sys=0.02s Real=0.02s
[2021-11-03T23:29:15.767-0700][gc,start    ] GC(120) Pause Young (Normal) (G1 Evacuation Pause)
[2021-11-03T23:29:15.767-0700][gc,task     ] GC(120) Using 8 workers of 8 for evacuation
[2021-11-03T23:29:15.784-0700][gc,phases   ] GC(120)   Pre Evacuate Collection Set: 2.1ms
[2021-11-03T23:29:15.784-0700][gc,phases   ] GC(120)   Merge Heap Roots: 0.1ms
[2021-11-03T23:29:15.784-0700][gc,phases   ] GC(120)   Evacuate Collection Set: 13.1ms
[2021-11-03T23:29:15.784-0700][gc,phases   ] GC(120)   Post Evacuate Collection Set: 0.8ms
[2021-11-03T23:29:15.784-0700][gc,phases   ] GC(120)   Other: 0.6ms
[2021-11-03T23:29:15.784-0700][gc,heap     ] GC(120) Eden regions: 48->0(47)
[2021-11-03T23:29:15.784-0700][gc,heap     ] GC(120) Survivor regions: 3->4(7)
[2021-11-03T23:29:15.784-0700][gc,heap     ] GC(120) Old regions: 19->19
[2021-11-03T23:29:15.784-0700][gc,heap     ] GC(120) Archive regions: 2->2
[2021-11-03T23:29:15.784-0700][gc,heap     ] GC(120) Humongous regions: 129->129
[2021-11-03T23:29:15.784-0700][gc,metaspace] GC(120) Metaspace: 40833K(41344K)->40833K(41344K) NonClass: 36040K(36288K)->36040K(36288K) Class: 4793K(5056K)->4793K(5056K)
[2021-11-03T23:29:15.784-0700][gc          ] GC(120) Pause Young (Normal) (G1 Evacuation Pause) 199M->151M(1024M) 16.948ms
[2021-11-03T23:29:15.784-0700][gc,cpu      ] GC(120) User=0.03s Sys=0.01s Real=0.02s
[2021-11-03T23:30:11.146-0700][gc,start    ] GC(121) Pause Young (Normal) (G1 Evacuation Pause)
[2021-11-03T23:30:11.148-0700][gc,task     ] GC(121) Using 8 workers of 8 for evacuation
[2021-11-03T23:30:11.160-0700][gc,phases   ] GC(121)   Pre Evacuate Collection Set: 0.4ms
[2021-11-03T23:30:11.160-0700][gc,phases   ] GC(121)   Merge Heap Roots: 0.1ms
[2021-11-03T23:30:11.160-0700][gc,phases   ] GC(121)   Evacuate Collection Set: 10.3ms
[2021-11-03T23:30:11.160-0700][gc,phases   ] GC(121)   Post Evacuate Collection Set: 0.5ms
[2021-11-03T23:30:11.160-0700][gc,phases   ] GC(121)   Other: 2.5ms
[2021-11-03T23:30:11.160-0700][gc,heap     ] GC(121) Eden regions: 47->0(47)
[2021-11-03T23:30:11.160-0700][gc,heap     ] GC(121) Survivor regions: 4->4(7)
[2021-11-03T23:30:11.160-0700][gc,heap     ] GC(121) Old regions: 19->19
[2021-11-03T23:30:11.160-0700][gc,heap     ] GC(121) Archive regions: 2->2
[2021-11-03T23:30:11.160-0700][gc,heap     ] GC(121) Humongous regions: 129->129
[2021-11-03T23:30:11.160-0700][gc,metaspace] GC(121) Metaspace: 40833K(41344K)->40833K(41344K) NonClass: 36040K(36288K)->36040K(36288K) Class: 4793K(5056K)->4793K(5056K)
[2021-11-03T23:30:11.160-0700][gc          ] GC(121) Pause Young (Normal) (G1 Evacuation Pause) 198M->151M(1024M) 14.009ms
[2021-11-03T23:30:11.161-0700][gc,cpu      ] GC(121) User=0.03s Sys=0.01s Real=0.02s
[2021-11-03T23:31:06.584-0700][gc,start    ] GC(122) Pause Young (Normal) (G1 Evacuation Pause)
[2021-11-03T23:31:06.585-0700][gc,task     ] GC(122) Using 8 workers of 8 for evacuation
[2021-11-03T23:31:06.607-0700][gc,mmu      ] GC(122) MMU target violated: 21.0ms (20.0ms/21.0ms)
[2021-11-03T23:31:06.607-0700][gc,phases   ] GC(122)   Pre Evacuate Collection Set: 1.2ms
[2021-11-03T23:31:06.607-0700][gc,phases   ] GC(122)   Merge Heap Roots: 0.2ms
[2021-11-03T23:31:06.607-0700][gc,phases   ] GC(122)   Evacuate Collection Set: 19.2ms
[2021-11-03T23:31:06.607-0700][gc,phases   ] GC(122)   Post Evacuate Collection Set: 1.3ms
[2021-11-03T23:31:06.607-0700][gc,phases   ] GC(122)   Other: 1.4ms
[2021-11-03T23:31:06.607-0700][gc,heap     ] GC(122) Eden regions: 47->0(81)
[2021-11-03T23:31:06.607-0700][gc,heap     ] GC(122) Survivor regions: 4->3(7)
[2021-11-03T23:31:06.607-0700][gc,heap     ] GC(122) Old regions: 19->19
[2021-11-03T23:31:06.607-0700][gc,heap     ] GC(122) Archive regions: 2->2
[2021-11-03T23:31:06.607-0700][gc,heap     ] GC(122) Humongous regions: 129->129
[2021-11-03T23:31:06.608-0700][gc,metaspace] GC(122) Metaspace: 40833K(41344K)->40833K(41344K) NonClass: 36040K(36288K)->36040K(36288K) Class: 4793K(5056K)->4793K(5056K)
[2021-11-03T23:31:06.608-0700][gc          ] GC(122) Pause Young (Normal) (G1 Evacuation Pause) 198M->151M(1024M) 23.466ms
[2021-11-03T23:31:06.608-0700][gc,cpu      ] GC(122) User=0.02s Sys=0.03s Real=0.02s
[2021-11-03T23:32:42.682-0700][gc,start    ] GC(123) Pause Young (Normal) (G1 Evacuation Pause)
[2021-11-03T23:32:42.683-0700][gc,task     ] GC(123) Using 8 workers of 8 for evacuation
[2021-11-03T23:32:42.694-0700][gc,phases   ] GC(123)   Pre Evacuate Collection Set: 0.4ms
[2021-11-03T23:32:42.694-0700][gc,phases   ] GC(123)   Merge Heap Roots: 0.1ms
[2021-11-03T23:32:42.694-0700][gc,phases   ] GC(123)   Evacuate Collection Set: 9.8ms
[2021-11-03T23:32:42.694-0700][gc,phases   ] GC(123)   Post Evacuate Collection Set: 0.6ms
[2021-11-03T23:32:42.694-0700][gc,phases   ] GC(123)   Other: 1.3ms
[2021-11-03T23:32:42.694-0700][gc,heap     ] GC(123) Eden regions: 81->0(80)
[2021-11-03T23:32:42.694-0700][gc,heap     ] GC(123) Survivor regions: 3->4(11)
[2021-11-03T23:32:42.694-0700][gc,heap     ] GC(123) Old regions: 19->19
[2021-11-03T23:32:42.694-0700][gc,heap     ] GC(123) Archive regions: 2->2
[2021-11-03T23:32:42.694-0700][gc,heap     ] GC(123) Humongous regions: 129->129
[2021-11-03T23:32:42.694-0700][gc,metaspace] GC(123) Metaspace: 40833K(41344K)->40833K(41344K) NonClass: 36040K(36288K)->36040K(36288K) Class: 4793K(5056K)->4793K(5056K)
[2021-11-03T23:32:42.694-0700][gc          ] GC(123) Pause Young (Normal) (G1 Evacuation Pause) 232M->151M(1024M) 12.691ms
[2021-11-03T23:32:42.694-0700][gc,cpu      ] GC(123) User=0.02s Sys=0.01s Real=0.01s
[2021-11-03T23:34:16.364-0700][gc,start    ] GC(124) Pause Young (Normal) (G1 Evacuation Pause)
[2021-11-03T23:34:16.365-0700][gc,task     ] GC(124) Using 8 workers of 8 for evacuation
[2021-11-03T23:34:16.378-0700][gc,phases   ] GC(124)   Pre Evacuate Collection Set: 0.7ms
[2021-11-03T23:34:16.378-0700][gc,phases   ] GC(124)   Merge Heap Roots: 0.1ms
[2021-11-03T23:34:16.378-0700][gc,phases   ] GC(124)   Evacuate Collection Set: 9.2ms
[2021-11-03T23:34:16.378-0700][gc,phases   ] GC(124)   Post Evacuate Collection Set: 1.7ms
[2021-11-03T23:34:16.378-0700][gc,phases   ] GC(124)   Other: 2.3ms
[2021-11-03T23:34:16.378-0700][gc,heap     ] GC(124) Eden regions: 80->0(249)
[2021-11-03T23:34:16.378-0700][gc,heap     ] GC(124) Survivor regions: 4->3(11)
[2021-11-03T23:34:16.378-0700][gc,heap     ] GC(124) Old regions: 19->19
[2021-11-03T23:34:16.378-0700][gc,heap     ] GC(124) Archive regions: 2->2
[2021-11-03T23:34:16.378-0700][gc,heap     ] GC(124) Humongous regions: 129->129
[2021-11-03T23:34:16.378-0700][gc,metaspace] GC(124) Metaspace: 40833K(41344K)->40833K(41344K) NonClass: 36040K(36288K)->36040K(36288K) Class: 4793K(5056K)->4793K(5056K)
[2021-11-03T23:34:16.378-0700][gc          ] GC(124) Pause Young (Normal) (G1 Evacuation Pause) 231M->150M(1024M) 14.379ms
[2021-11-03T23:34:16.378-0700][gc,cpu      ] GC(124) User=0.02s Sys=0.00s Real=0.01s
[2021-11-03T23:39:11.487-0700][gc,start    ] GC(125) Pause Young (Normal) (G1 Evacuation Pause)
[2021-11-03T23:39:11.488-0700][gc,task     ] GC(125) Using 8 workers of 8 for evacuation
[2021-11-03T23:39:11.514-0700][gc,mmu      ] GC(125) MMU target violated: 21.0ms (20.0ms/21.0ms)
[2021-11-03T23:39:11.515-0700][gc,phases   ] GC(125)   Pre Evacuate Collection Set: 0.5ms
[2021-11-03T23:39:11.515-0700][gc,phases   ] GC(125)   Merge Heap Roots: 0.2ms
[2021-11-03T23:39:11.515-0700][gc,phases   ] GC(125)   Evacuate Collection Set: 24.0ms
[2021-11-03T23:39:11.515-0700][gc,phases   ] GC(125)   Post Evacuate Collection Set: 1.7ms
[2021-11-03T23:39:11.515-0700][gc,phases   ] GC(125)   Other: 1.2ms
[2021-11-03T23:39:11.515-0700][gc,heap     ] GC(125) Eden regions: 249->0(88)
[2021-11-03T23:39:11.515-0700][gc,heap     ] GC(125) Survivor regions: 3->4(32)
[2021-11-03T23:39:11.515-0700][gc,heap     ] GC(125) Old regions: 19->19
[2021-11-03T23:39:11.515-0700][gc,heap     ] GC(125) Archive regions: 2->2
[2021-11-03T23:39:11.515-0700][gc,heap     ] GC(125) Humongous regions: 129->129
[2021-11-03T23:39:11.515-0700][gc,metaspace] GC(125) Metaspace: 40833K(41344K)->40833K(41344K) NonClass: 36040K(36288K)->36040K(36288K) Class: 4793K(5056K)->4793K(5056K)
[2021-11-03T23:39:11.515-0700][gc          ] GC(125) Pause Young (Normal) (G1 Evacuation Pause) 399M->152M(1024M) 27.665ms
[2021-11-03T23:39:11.515-0700][gc,cpu      ] GC(125) User=0.02s Sys=0.04s Real=0.03s
[2021-11-03T23:40:55.295-0700][gc,start    ] GC(126) Pause Young (Normal) (G1 Evacuation Pause)
[2021-11-03T23:40:55.298-0700][gc,task     ] GC(126) Using 8 workers of 8 for evacuation
[2021-11-03T23:40:55.315-0700][gc,phases   ] GC(126)   Pre Evacuate Collection Set: 1.5ms
[2021-11-03T23:40:55.316-0700][gc,phases   ] GC(126)   Merge Heap Roots: 0.3ms
[2021-11-03T23:40:55.316-0700][gc,phases   ] GC(126)   Evacuate Collection Set: 14.0ms
[2021-11-03T23:40:55.316-0700][gc,phases   ] GC(126)   Post Evacuate Collection Set: 1.4ms
[2021-11-03T23:40:55.316-0700][gc,phases   ] GC(126)   Other: 2.9ms
[2021-11-03T23:40:55.316-0700][gc,heap     ] GC(126) Eden regions: 88->0(166)
[2021-11-03T23:40:55.316-0700][gc,heap     ] GC(126) Survivor regions: 4->4(12)
[2021-11-03T23:40:55.316-0700][gc,heap     ] GC(126) Old regions: 19->19
[2021-11-03T23:40:55.316-0700][gc,heap     ] GC(126) Archive regions: 2->2
[2021-11-03T23:40:55.316-0700][gc,heap     ] GC(126) Humongous regions: 129->129
[2021-11-03T23:40:55.316-0700][gc,metaspace] GC(126) Metaspace: 40833K(41344K)->40833K(41344K) NonClass: 36040K(36288K)->36040K(36288K) Class: 4793K(5056K)->4793K(5056K)
[2021-11-03T23:40:55.316-0700][gc          ] GC(126) Pause Young (Normal) (G1 Evacuation Pause) 240M->152M(1024M) 20.374ms
[2021-11-03T23:40:55.316-0700][gc,cpu      ] GC(126) User=0.02s Sys=0.03s Real=0.02s
[2021-11-03T23:44:11.406-0700][gc,start    ] GC(127) Pause Young (Normal) (G1 Evacuation Pause)
[2021-11-03T23:44:11.407-0700][gc,task     ] GC(127) Using 8 workers of 8 for evacuation
[2021-11-03T23:44:11.429-0700][gc,mmu      ] GC(127) MMU target violated: 20.7ms (20.0ms/21.0ms)
[2021-11-03T23:44:11.429-0700][gc,phases   ] GC(127)   Pre Evacuate Collection Set: 0.9ms
[2021-11-03T23:44:11.429-0700][gc,phases   ] GC(127)   Merge Heap Roots: 0.2ms
[2021-11-03T23:44:11.429-0700][gc,phases   ] GC(127)   Evacuate Collection Set: 18.3ms
[2021-11-03T23:44:11.429-0700][gc,phases   ] GC(127)   Post Evacuate Collection Set: 1.5ms
[2021-11-03T23:44:11.429-0700][gc,phases   ] GC(127)   Other: 1.6ms
[2021-11-03T23:44:11.429-0700][gc,heap     ] GC(127) Eden regions: 166->0(308)
[2021-11-03T23:44:11.429-0700][gc,heap     ] GC(127) Survivor regions: 4->3(22)
[2021-11-03T23:44:11.429-0700][gc,heap     ] GC(127) Old regions: 19->19
[2021-11-03T23:44:11.429-0700][gc,heap     ] GC(127) Archive regions: 2->2
[2021-11-03T23:44:11.429-0700][gc,heap     ] GC(127) Humongous regions: 129->129
[2021-11-03T23:44:11.429-0700][gc,metaspace] GC(127) Metaspace: 40833K(41344K)->40833K(41344K) NonClass: 36040K(36288K)->36040K(36288K) Class: 4793K(5056K)->4793K(5056K)
[2021-11-03T23:44:11.429-0700][gc          ] GC(127) Pause Young (Normal) (G1 Evacuation Pause) 318M->150M(1024M) 22.624ms
[2021-11-03T23:44:11.429-0700][gc,cpu      ] GC(127) User=0.02s Sys=0.02s Real=0.02s
[2021-11-03T23:50:18.006-0700][gc,start    ] GC(128) Pause Young (Normal) (G1 Evacuation Pause)
[2021-11-03T23:50:18.008-0700][gc,task     ] GC(128) Using 8 workers of 8 for evacuation
[2021-11-03T23:50:18.043-0700][gc,mmu      ] GC(128) MMU target violated: 21.0ms (20.0ms/21.0ms)
[2021-11-03T23:50:18.043-0700][gc,phases   ] GC(128)   Pre Evacuate Collection Set: 1.6ms
[2021-11-03T23:50:18.043-0700][gc,phases   ] GC(128)   Merge Heap Roots: 0.6ms
[2021-11-03T23:50:18.043-0700][gc,phases   ] GC(128)   Evacuate Collection Set: 28.9ms
[2021-11-03T23:50:18.043-0700][gc,phases   ] GC(128)   Post Evacuate Collection Set: 3.0ms
[2021-11-03T23:50:18.043-0700][gc,phases   ] GC(128)   Other: 2.7ms
[2021-11-03T23:50:18.043-0700][gc,heap     ] GC(128) Eden regions: 308->0(108)
[2021-11-03T23:50:18.043-0700][gc,heap     ] GC(128) Survivor regions: 3->4(39)
[2021-11-03T23:50:18.043-0700][gc,heap     ] GC(128) Old regions: 19->19
[2021-11-03T23:50:18.043-0700][gc,heap     ] GC(128) Archive regions: 2->2
[2021-11-03T23:50:18.043-0700][gc,heap     ] GC(128) Humongous regions: 129->129
[2021-11-03T23:50:18.043-0700][gc,metaspace] GC(128) Metaspace: 40834K(41408K)->40834K(41408K) NonClass: 36041K(36352K)->36041K(36352K) Class: 4793K(5056K)->4793K(5056K)
[2021-11-03T23:50:18.043-0700][gc          ] GC(128) Pause Young (Normal) (G1 Evacuation Pause) 458M->151M(1024M) 36.871ms
[2021-11-03T23:50:18.043-0700][gc,cpu      ] GC(128) User=0.03s Sys=0.06s Real=0.04s
[2021-11-04T00:02:09.887-0700][gc,start    ] GC(129) Pause Young (Normal) (G1 Evacuation Pause)
[2021-11-04T00:02:09.888-0700][gc,task     ] GC(129) Using 8 workers of 8 for evacuation
[2021-11-04T00:02:09.930-0700][gc,mmu      ] GC(129) MMU target violated: 21.0ms (20.0ms/21.0ms)
[2021-11-04T00:02:09.930-0700][gc,phases   ] GC(129)   Pre Evacuate Collection Set: 2.5ms
[2021-11-04T00:02:09.930-0700][gc,phases   ] GC(129)   Merge Heap Roots: 0.5ms
[2021-11-04T00:02:09.930-0700][gc,phases   ] GC(129)   Evacuate Collection Set: 34.6ms
[2021-11-04T00:02:09.930-0700][gc,phases   ] GC(129)   Post Evacuate Collection Set: 3.5ms
[2021-11-04T00:02:09.930-0700][gc,phases   ] GC(129)   Other: 2.2ms
[2021-11-04T00:02:09.930-0700][gc,heap     ] GC(129) Eden regions: 108->0(47)
[2021-11-04T00:02:09.930-0700][gc,heap     ] GC(129) Survivor regions: 4->4(14)
[2021-11-04T00:02:09.930-0700][gc,heap     ] GC(129) Old regions: 19->19
[2021-11-04T00:02:09.930-0700][gc,heap     ] GC(129) Archive regions: 2->2
[2021-11-04T00:02:09.930-0700][gc,heap     ] GC(129) Humongous regions: 129->129
[2021-11-04T00:02:09.930-0700][gc,metaspace] GC(129) Metaspace: 40834K(41408K)->40834K(41408K) NonClass: 36041K(36352K)->36041K(36352K) Class: 4793K(5056K)->4793K(5056K)
[2021-11-04T00:02:09.930-0700][gc          ] GC(129) Pause Young (Normal) (G1 Evacuation Pause) 259M->152M(1024M) 43.287ms
[2021-11-04T00:02:09.930-0700][gc,cpu      ] GC(129) User=0.03s Sys=0.06s Real=0.05s
[2021-11-04T01:34:14.550-0700][gc,start    ] GC(130) Pause Young (Normal) (G1 Evacuation Pause)
[2021-11-04T01:34:14.552-0700][gc,task     ] GC(130) Using 8 workers of 8 for evacuation
[2021-11-04T01:34:14.617-0700][gc,mmu      ] GC(130) MMU target violated: 21.0ms (20.0ms/21.0ms)
[2021-11-04T01:34:14.617-0700][gc,phases   ] GC(130)   Pre Evacuate Collection Set: 3.7ms
[2021-11-04T01:34:14.617-0700][gc,phases   ] GC(130)   Merge Heap Roots: 1.8ms
[2021-11-04T01:34:14.617-0700][gc,phases   ] GC(130)   Evacuate Collection Set: 47.6ms
[2021-11-04T01:34:14.617-0700][gc,phases   ] GC(130)   Post Evacuate Collection Set: 10.9ms
[2021-11-04T01:34:14.617-0700][gc,phases   ] GC(130)   Other: 2.9ms
[2021-11-04T01:34:14.617-0700][gc,heap     ] GC(130) Eden regions: 47->0(48)
[2021-11-04T01:34:14.617-0700][gc,heap     ] GC(130) Survivor regions: 4->3(7)
[2021-11-04T01:34:14.617-0700][gc,heap     ] GC(130) Old regions: 19->19
[2021-11-04T01:34:14.617-0700][gc,heap     ] GC(130) Archive regions: 2->2
[2021-11-04T01:34:14.617-0700][gc,heap     ] GC(130) Humongous regions: 129->129
[2021-11-04T01:34:14.617-0700][gc,metaspace] GC(130) Metaspace: 40834K(41408K)->40834K(41408K) NonClass: 36041K(36352K)->36041K(36352K) Class: 4793K(5056K)->4793K(5056K)
[2021-11-04T01:34:14.617-0700][gc          ] GC(130) Pause Young (Normal) (G1 Evacuation Pause) 199M->150M(1024M) 66.986ms
[2021-11-04T01:34:14.617-0700][gc,cpu      ] GC(130) User=0.02s Sys=0.05s Real=0.06s
[2021-11-04T01:35:11.736-0700][gc,start    ] GC(131) Pause Young (Normal) (G1 Evacuation Pause)
[2021-11-04T01:35:11.737-0700][gc,task     ] GC(131) Using 8 workers of 8 for evacuation
[2021-11-04T01:35:11.771-0700][gc,mmu      ] GC(131) MMU target violated: 21.0ms (20.0ms/21.0ms)
[2021-11-04T01:35:11.771-0700][gc,phases   ] GC(131)   Pre Evacuate Collection Set: 3.5ms
[2021-11-04T01:35:11.771-0700][gc,phases   ] GC(131)   Merge Heap Roots: 0.5ms
[2021-11-04T01:35:11.771-0700][gc,phases   ] GC(131)   Evacuate Collection Set: 27.8ms
[2021-11-04T01:35:11.771-0700][gc,phases   ] GC(131)   Post Evacuate Collection Set: 1.7ms
[2021-11-04T01:35:11.771-0700][gc,phases   ] GC(131)   Other: 2.1ms
[2021-11-04T01:35:11.771-0700][gc,heap     ] GC(131) Eden regions: 48->0(47)
[2021-11-04T01:35:11.771-0700][gc,heap     ] GC(131) Survivor regions: 3->4(7)
[2021-11-04T01:35:11.772-0700][gc,heap     ] GC(131) Old regions: 19->19
[2021-11-04T01:35:11.772-0700][gc,heap     ] GC(131) Archive regions: 2->2
[2021-11-04T01:35:11.772-0700][gc,heap     ] GC(131) Humongous regions: 129->129
[2021-11-04T01:35:11.772-0700][gc,metaspace] GC(131) Metaspace: 40834K(41408K)->40834K(41408K) NonClass: 36041K(36352K)->36041K(36352K) Class: 4793K(5056K)->4793K(5056K)
[2021-11-04T01:35:11.772-0700][gc          ] GC(131) Pause Young (Normal) (G1 Evacuation Pause) 198M->152M(1024M) 35.797ms
[2021-11-04T01:35:11.772-0700][gc,cpu      ] GC(131) User=0.02s Sys=0.05s Real=0.04s
[2021-11-04T01:36:06.604-0700][gc,start    ] GC(132) Pause Young (Normal) (G1 Evacuation Pause)
[2021-11-04T01:36:06.605-0700][gc,task     ] GC(132) Using 8 workers of 8 for evacuation
[2021-11-04T01:36:06.634-0700][gc,mmu      ] GC(132) MMU target violated: 21.0ms (20.0ms/21.0ms)
[2021-11-04T01:36:06.634-0700][gc,phases   ] GC(132)   Pre Evacuate Collection Set: 1.7ms
[2021-11-04T01:36:06.634-0700][gc,phases   ] GC(132)   Merge Heap Roots: 0.6ms
[2021-11-04T01:36:06.634-0700][gc,phases   ] GC(132)   Evacuate Collection Set: 22.9ms
[2021-11-04T01:36:06.634-0700][gc,phases   ] GC(132)   Post Evacuate Collection Set: 3.1ms
[2021-11-04T01:36:06.634-0700][gc,phases   ] GC(132)   Other: 2.5ms
[2021-11-04T01:36:06.634-0700][gc,heap     ] GC(132) Eden regions: 47->0(47)
[2021-11-04T01:36:06.634-0700][gc,heap     ] GC(132) Survivor regions: 4->4(7)
[2021-11-04T01:36:06.634-0700][gc,heap     ] GC(132) Old regions: 19->19
[2021-11-04T01:36:06.634-0700][gc,heap     ] GC(132) Archive regions: 2->2
[2021-11-04T01:36:06.634-0700][gc,heap     ] GC(132) Humongous regions: 129->129
[2021-11-04T01:36:06.634-0700][gc,metaspace] GC(132) Metaspace: 40834K(41408K)->40834K(41408K) NonClass: 36041K(36352K)->36041K(36352K) Class: 4793K(5056K)->4793K(5056K)
[2021-11-04T01:36:06.634-0700][gc          ] GC(132) Pause Young (Normal) (G1 Evacuation Pause) 199M->151M(1024M) 30.568ms
[2021-11-04T01:36:06.634-0700][gc,cpu      ] GC(132) User=0.03s Sys=0.04s Real=0.03s
[2021-11-04T01:37:02.692-0700][gc,start    ] GC(133) Pause Young (Normal) (G1 Evacuation Pause)
[2021-11-04T01:37:02.693-0700][gc,task     ] GC(133) Using 8 workers of 8 for evacuation
[2021-11-04T01:37:02.713-0700][gc,phases   ] GC(133)   Pre Evacuate Collection Set: 2.0ms
[2021-11-04T01:37:02.713-0700][gc,phases   ] GC(133)   Merge Heap Roots: 0.3ms
[2021-11-04T01:37:02.713-0700][gc,phases   ] GC(133)   Evacuate Collection Set: 15.6ms
[2021-11-04T01:37:02.713-0700][gc,phases   ] GC(133)   Post Evacuate Collection Set: 1.3ms
[2021-11-04T01:37:02.713-0700][gc,phases   ] GC(133)   Other: 1.6ms
[2021-11-04T01:37:02.713-0700][gc,heap     ] GC(133) Eden regions: 47->0(46)
[2021-11-04T01:37:02.713-0700][gc,heap     ] GC(133) Survivor regions: 4->5(7)
[2021-11-04T01:37:02.713-0700][gc,heap     ] GC(133) Old regions: 19->19
[2021-11-04T01:37:02.713-0700][gc,heap     ] GC(133) Archive regions: 2->2
[2021-11-04T01:37:02.713-0700][gc,heap     ] GC(133) Humongous regions: 129->129
[2021-11-04T01:37:02.713-0700][gc,metaspace] GC(133) Metaspace: 40834K(41408K)->40834K(41408K) NonClass: 36041K(36352K)->36041K(36352K) Class: 4793K(5056K)->4793K(5056K)
[2021-11-04T01:37:02.713-0700][gc          ] GC(133) Pause Young (Normal) (G1 Evacuation Pause) 198M->152M(1024M) 21.137ms
[2021-11-04T01:37:02.713-0700][gc,cpu      ] GC(133) User=0.02s Sys=0.03s Real=0.02s
[2021-11-04T01:37:56.854-0700][gc,start    ] GC(134) Pause Young (Normal) (G1 Evacuation Pause)
[2021-11-04T01:37:56.855-0700][gc,task     ] GC(134) Using 8 workers of 8 for evacuation
[2021-11-04T01:37:56.889-0700][gc,mmu      ] GC(134) MMU target violated: 21.0ms (20.0ms/21.0ms)
[2021-11-04T01:37:56.889-0700][gc,phases   ] GC(134)   Pre Evacuate Collection Set: 2.5ms
[2021-11-04T01:37:56.889-0700][gc,phases   ] GC(134)   Merge Heap Roots: 0.2ms
[2021-11-04T01:37:56.889-0700][gc,phases   ] GC(134)   Evacuate Collection Set: 27.9ms
[2021-11-04T01:37:56.889-0700][gc,phases   ] GC(134)   Post Evacuate Collection Set: 2.7ms
[2021-11-04T01:37:56.889-0700][gc,phases   ] GC(134)   Other: 2.1ms
[2021-11-04T01:37:56.889-0700][gc,heap     ] GC(134) Eden regions: 46->0(47)
[2021-11-04T01:37:56.889-0700][gc,heap     ] GC(134) Survivor regions: 5->4(7)
[2021-11-04T01:37:56.889-0700][gc,heap     ] GC(134) Old regions: 19->20
[2021-11-04T01:37:56.889-0700][gc,heap     ] GC(134) Archive regions: 2->2
[2021-11-04T01:37:56.889-0700][gc,heap     ] GC(134) Humongous regions: 129->129
[2021-11-04T01:37:56.889-0700][gc,metaspace] GC(134) Metaspace: 40834K(41408K)->40834K(41408K) NonClass: 36041K(36352K)->36041K(36352K) Class: 4793K(5056K)->4793K(5056K)
[2021-11-04T01:37:56.889-0700][gc          ] GC(134) Pause Young (Normal) (G1 Evacuation Pause) 198M->152M(1024M) 35.516ms
[2021-11-04T01:37:56.889-0700][gc,cpu      ] GC(134) User=0.03s Sys=0.04s Real=0.03s
[2021-11-04T01:38:51.778-0700][gc,start    ] GC(135) Pause Young (Normal) (G1 Evacuation Pause)
[2021-11-04T01:38:51.780-0700][gc,task     ] GC(135) Using 8 workers of 8 for evacuation
[2021-11-04T01:38:51.799-0700][gc,phases   ] GC(135)   Pre Evacuate Collection Set: 1.3ms
[2021-11-04T01:38:51.799-0700][gc,phases   ] GC(135)   Merge Heap Roots: 0.2ms
[2021-11-04T01:38:51.799-0700][gc,phases   ] GC(135)   Evacuate Collection Set: 16.2ms
[2021-11-04T01:38:51.799-0700][gc,phases   ] GC(135)   Post Evacuate Collection Set: 1.3ms
[2021-11-04T01:38:51.799-0700][gc,phases   ] GC(135)   Other: 2.4ms
[2021-11-04T01:38:51.799-0700][gc,heap     ] GC(135) Eden regions: 47->0(132)
[2021-11-04T01:38:51.799-0700][gc,heap     ] GC(135) Survivor regions: 4->3(7)
[2021-11-04T01:38:51.799-0700][gc,heap     ] GC(135) Old regions: 20->20
[2021-11-04T01:38:51.799-0700][gc,heap     ] GC(135) Archive regions: 2->2
[2021-11-04T01:38:51.799-0700][gc,heap     ] GC(135) Humongous regions: 129->129
[2021-11-04T01:38:51.799-0700][gc,metaspace] GC(135) Metaspace: 40834K(41408K)->40834K(41408K) NonClass: 36041K(36352K)->36041K(36352K) Class: 4793K(5056K)->4793K(5056K)
[2021-11-04T01:38:51.799-0700][gc          ] GC(135) Pause Young (Normal) (G1 Evacuation Pause) 199M->151M(1024M) 21.666ms
[2021-11-04T01:38:51.799-0700][gc,cpu      ] GC(135) User=0.03s Sys=0.02s Real=0.02s
[2021-11-04T01:41:27.461-0700][gc,start    ] GC(136) Pause Young (Normal) (G1 Evacuation Pause)
[2021-11-04T01:41:27.463-0700][gc,task     ] GC(136) Using 8 workers of 8 for evacuation
[2021-11-04T01:41:27.487-0700][gc,mmu      ] GC(136) MMU target violated: 21.0ms (20.0ms/21.0ms)
[2021-11-04T01:41:27.487-0700][gc,phases   ] GC(136)   Pre Evacuate Collection Set: 0.9ms
[2021-11-04T01:41:27.487-0700][gc,phases   ] GC(136)   Merge Heap Roots: 0.2ms
[2021-11-04T01:41:27.487-0700][gc,phases   ] GC(136)   Evacuate Collection Set: 20.5ms
[2021-11-04T01:41:27.487-0700][gc,phases   ] GC(136)   Post Evacuate Collection Set: 1.4ms
[2021-11-04T01:41:27.487-0700][gc,phases   ] GC(136)   Other: 2.6ms
[2021-11-04T01:41:27.487-0700][gc,heap     ] GC(136) Eden regions: 132->0(129)
[2021-11-04T01:41:27.487-0700][gc,heap     ] GC(136) Survivor regions: 3->4(17)
[2021-11-04T01:41:27.487-0700][gc,heap     ] GC(136) Old regions: 20->20
[2021-11-04T01:41:27.487-0700][gc,heap     ] GC(136) Archive regions: 2->2
[2021-11-04T01:41:27.487-0700][gc,heap     ] GC(136) Humongous regions: 129->129
[2021-11-04T01:41:27.487-0700][gc,metaspace] GC(136) Metaspace: 40834K(41408K)->40834K(41408K) NonClass: 36041K(36352K)->36041K(36352K) Class: 4793K(5056K)->4793K(5056K)
[2021-11-04T01:41:27.487-0700][gc          ] GC(136) Pause Young (Normal) (G1 Evacuation Pause) 283M->152M(1024M) 25.810ms
[2021-11-04T01:41:27.487-0700][gc,cpu      ] GC(136) User=0.03s Sys=0.03s Real=0.02s
[2021-11-04T01:43:59.104-0700][gc,start    ] GC(137) Pause Young (Normal) (G1 Evacuation Pause)
[2021-11-04T01:43:59.106-0700][gc,task     ] GC(137) Using 8 workers of 8 for evacuation
[2021-11-04T01:43:59.129-0700][gc,mmu      ] GC(137) MMU target violated: 21.0ms (20.0ms/21.0ms)
[2021-11-04T01:43:59.129-0700][gc,phases   ] GC(137)   Pre Evacuate Collection Set: 1.5ms
[2021-11-04T01:43:59.129-0700][gc,phases   ] GC(137)   Merge Heap Roots: 0.2ms
[2021-11-04T01:43:59.129-0700][gc,phases   ] GC(137)   Evacuate Collection Set: 19.6ms
[2021-11-04T01:43:59.129-0700][gc,phases   ] GC(137)   Post Evacuate Collection Set: 1.2ms
[2021-11-04T01:43:59.129-0700][gc,phases   ] GC(137)   Other: 2.2ms
[2021-11-04T01:43:59.129-0700][gc,heap     ] GC(137) Eden regions: 129->0(272)
[2021-11-04T01:43:59.129-0700][gc,heap     ] GC(137) Survivor regions: 4->3(17)
[2021-11-04T01:43:59.129-0700][gc,heap     ] GC(137) Old regions: 20->20
[2021-11-04T01:43:59.129-0700][gc,heap     ] GC(137) Archive regions: 2->2
[2021-11-04T01:43:59.129-0700][gc,heap     ] GC(137) Humongous regions: 129->129
[2021-11-04T01:43:59.129-0700][gc,metaspace] GC(137) Metaspace: 40834K(41408K)->40834K(41408K) NonClass: 36041K(36352K)->36041K(36352K) Class: 4793K(5056K)->4793K(5056K)
[2021-11-04T01:43:59.129-0700][gc          ] GC(137) Pause Young (Normal) (G1 Evacuation Pause) 281M->151M(1024M) 24.850ms
[2021-11-04T01:43:59.129-0700][gc,cpu      ] GC(137) User=0.02s Sys=0.03s Real=0.02s
[2021-11-04T01:49:36.186-0700][gc,start    ] GC(138) Pause Young (Normal) (G1 Evacuation Pause)
[2021-11-04T01:49:36.189-0700][gc,task     ] GC(138) Using 8 workers of 8 for evacuation
[2021-11-04T01:49:36.213-0700][gc,mmu      ] GC(138) MMU target violated: 21.0ms (20.0ms/21.0ms)
[2021-11-04T01:49:36.213-0700][gc,phases   ] GC(138)   Pre Evacuate Collection Set: 1.0ms
[2021-11-04T01:49:36.213-0700][gc,phases   ] GC(138)   Merge Heap Roots: 0.3ms
[2021-11-04T01:49:36.213-0700][gc,phases   ] GC(138)   Evacuate Collection Set: 21.1ms
[2021-11-04T01:49:36.213-0700][gc,phases   ] GC(138)   Post Evacuate Collection Set: 1.2ms
[2021-11-04T01:49:36.213-0700][gc,phases   ] GC(138)   Other: 2.6ms
[2021-11-04T01:49:36.213-0700][gc,heap     ] GC(138) Eden regions: 272->0(254)
[2021-11-04T01:49:36.213-0700][gc,heap     ] GC(138) Survivor regions: 3->5(35)
[2021-11-04T01:49:36.213-0700][gc,heap     ] GC(138) Old regions: 20->20
[2021-11-04T01:49:36.213-0700][gc,heap     ] GC(138) Archive regions: 2->2
[2021-11-04T01:49:36.213-0700][gc,heap     ] GC(138) Humongous regions: 129->129
[2021-11-04T01:49:36.213-0700][gc,metaspace] GC(138) Metaspace: 40834K(41408K)->40834K(41408K) NonClass: 36041K(36352K)->36041K(36352K) Class: 4793K(5056K)->4793K(5056K)
[2021-11-04T01:49:36.213-0700][gc          ] GC(138) Pause Young (Normal) (G1 Evacuation Pause) 423M->153M(1024M) 26.271ms
[2021-11-04T01:49:36.213-0700][gc,cpu      ] GC(138) User=0.02s Sys=0.02s Real=0.03s
[2021-11-04T01:56:10.237-0700][gc,start    ] GC(139) Pause Young (Normal) (G1 Evacuation Pause)
[2021-11-04T01:56:10.238-0700][gc,task     ] GC(139) Using 8 workers of 8 for evacuation
[2021-11-04T01:56:10.287-0700][gc,mmu      ] GC(139) MMU target violated: 21.0ms (20.0ms/21.0ms)
[2021-11-04T01:56:10.287-0700][gc,phases   ] GC(139)   Pre Evacuate Collection Set: 1.4ms
[2021-11-04T01:56:10.287-0700][gc,phases   ] GC(139)   Merge Heap Roots: 0.3ms
[2021-11-04T01:56:10.287-0700][gc,phases   ] GC(139)   Evacuate Collection Set: 39.2ms
[2021-11-04T01:56:10.287-0700][gc,phases   ] GC(139)   Post Evacuate Collection Set: 8.0ms
[2021-11-04T01:56:10.287-0700][gc,phases   ] GC(139)   Other: 1.9ms
[2021-11-04T01:56:10.287-0700][gc,heap     ] GC(139) Eden regions: 254->0(96)
[2021-11-04T01:56:10.287-0700][gc,heap     ] GC(139) Survivor regions: 5->5(33)
[2021-11-04T01:56:10.287-0700][gc,heap     ] GC(139) Old regions: 20->20
[2021-11-04T01:56:10.287-0700][gc,heap     ] GC(139) Archive regions: 2->2
[2021-11-04T01:56:10.287-0700][gc,heap     ] GC(139) Humongous regions: 129->129
[2021-11-04T01:56:10.287-0700][gc,metaspace] GC(139) Metaspace: 40834K(41408K)->40834K(41408K) NonClass: 36041K(36352K)->36041K(36352K) Class: 4793K(5056K)->4793K(5056K)
[2021-11-04T01:56:10.287-0700][gc          ] GC(139) Pause Young (Normal) (G1 Evacuation Pause) 407M->153M(1024M) 50.849ms
[2021-11-04T01:56:10.287-0700][gc,cpu      ] GC(139) User=0.03s Sys=0.04s Real=0.05s
[2021-11-04T01:58:04.484-0700][gc,start    ] GC(140) Pause Young (Normal) (G1 Evacuation Pause)
[2021-11-04T01:58:04.486-0700][gc,task     ] GC(140) Using 8 workers of 8 for evacuation
[2021-11-04T01:58:04.503-0700][gc,phases   ] GC(140)   Pre Evacuate Collection Set: 0.9ms
[2021-11-04T01:58:04.503-0700][gc,phases   ] GC(140)   Merge Heap Roots: 0.2ms
[2021-11-04T01:58:04.503-0700][gc,phases   ] GC(140)   Evacuate Collection Set: 14.5ms
[2021-11-04T01:58:04.503-0700][gc,phases   ] GC(140)   Post Evacuate Collection Set: 1.5ms
[2021-11-04T01:58:04.503-0700][gc,phases   ] GC(140)   Other: 1.5ms
[2021-11-04T01:58:04.503-0700][gc,heap     ] GC(140) Eden regions: 96->0(224)
[2021-11-04T01:58:04.503-0700][gc,heap     ] GC(140) Survivor regions: 5->4(13)
[2021-11-04T01:58:04.503-0700][gc,heap     ] GC(140) Old regions: 20->20
[2021-11-04T01:58:04.503-0700][gc,heap     ] GC(140) Archive regions: 2->2
[2021-11-04T01:58:04.503-0700][gc,heap     ] GC(140) Humongous regions: 129->129
[2021-11-04T01:58:04.503-0700][gc,metaspace] GC(140) Metaspace: 40834K(41408K)->40834K(41408K) NonClass: 36041K(36352K)->36041K(36352K) Class: 4793K(5056K)->4793K(5056K)
[2021-11-04T01:58:04.503-0700][gc          ] GC(140) Pause Young (Normal) (G1 Evacuation Pause) 249M->153M(1024M) 18.910ms
[2021-11-04T01:58:04.503-0700][gc,cpu      ] GC(140) User=0.02s Sys=0.02s Real=0.02s
[2021-11-04T02:11:48.619-0700][gc,start    ] GC(141) Pause Young (Normal) (G1 Evacuation Pause)
[2021-11-04T02:11:48.621-0700][gc,task     ] GC(141) Using 8 workers of 8 for evacuation
[2021-11-04T02:11:48.654-0700][gc,mmu      ] GC(141) MMU target violated: 21.0ms (20.0ms/21.0ms)
[2021-11-04T02:11:48.654-0700][gc,phases   ] GC(141)   Pre Evacuate Collection Set: 1.4ms
[2021-11-04T02:11:48.654-0700][gc,phases   ] GC(141)   Merge Heap Roots: 0.4ms
[2021-11-04T02:11:48.654-0700][gc,phases   ] GC(141)   Evacuate Collection Set: 24.6ms
[2021-11-04T02:11:48.654-0700][gc,phases   ] GC(141)   Post Evacuate Collection Set: 6.5ms
[2021-11-04T02:11:48.654-0700][gc,phases   ] GC(141)   Other: 2.7ms
[2021-11-04T02:11:48.654-0700][gc,heap     ] GC(141) Eden regions: 224->0(51)
[2021-11-04T02:11:48.654-0700][gc,heap     ] GC(141) Survivor regions: 4->6(29)
[2021-11-04T02:11:48.654-0700][gc,heap     ] GC(141) Old regions: 20->20
[2021-11-04T02:11:48.655-0700][gc,heap     ] GC(141) Archive regions: 2->2
[2021-11-04T02:11:48.655-0700][gc,heap     ] GC(141) Humongous regions: 129->129
[2021-11-04T02:11:48.655-0700][gc,metaspace] GC(141) Metaspace: 40836K(41408K)->40836K(41408K) NonClass: 36043K(36352K)->36043K(36352K) Class: 4793K(5056K)->4793K(5056K)
[2021-11-04T02:11:48.656-0700][gc          ] GC(141) Pause Young (Normal) (G1 Evacuation Pause) 377M->154M(1024M) 35.712ms
[2021-11-04T02:11:48.656-0700][gc,cpu      ] GC(141) User=0.04s Sys=0.05s Real=0.04s
[2021-11-04T02:12:41.516-0700][gc,start    ] GC(142) Pause Young (Normal) (G1 Evacuation Pause)
[2021-11-04T02:12:41.518-0700][gc,task     ] GC(142) Using 8 workers of 8 for evacuation
[2021-11-04T02:12:41.539-0700][gc,mmu      ] GC(142) MMU target violated: 21.0ms (20.0ms/21.0ms)
[2021-11-04T02:12:41.539-0700][gc,phases   ] GC(142)   Pre Evacuate Collection Set: 1.2ms
[2021-11-04T02:12:41.539-0700][gc,phases   ] GC(142)   Merge Heap Roots: 0.3ms
[2021-11-04T02:12:41.539-0700][gc,phases   ] GC(142)   Evacuate Collection Set: 17.9ms
[2021-11-04T02:12:41.539-0700][gc,phases   ] GC(142)   Post Evacuate Collection Set: 1.8ms
[2021-11-04T02:12:41.539-0700][gc,phases   ] GC(142)   Other: 2.2ms
[2021-11-04T02:12:41.539-0700][gc,heap     ] GC(142) Eden regions: 51->0(114)
[2021-11-04T02:12:41.539-0700][gc,heap     ] GC(142) Survivor regions: 6->5(8)
[2021-11-04T02:12:41.539-0700][gc,heap     ] GC(142) Old regions: 20->20
[2021-11-04T02:12:41.539-0700][gc,heap     ] GC(142) Archive regions: 2->2
[2021-11-04T02:12:41.539-0700][gc,heap     ] GC(142) Humongous regions: 129->129
[2021-11-04T02:12:41.539-0700][gc,metaspace] GC(142) Metaspace: 40836K(41408K)->40836K(41408K) NonClass: 36043K(36352K)->36043K(36352K) Class: 4793K(5056K)->4793K(5056K)
[2021-11-04T02:12:41.539-0700][gc          ] GC(142) Pause Young (Normal) (G1 Evacuation Pause) 205M->154M(1024M) 23.420ms
[2021-11-04T02:12:41.539-0700][gc,cpu      ] GC(142) User=0.03s Sys=0.03s Real=0.02s
[2021-11-04T02:14:30.207-0700][gc,heap,exit] Heap
[2021-11-04T02:14:30.208-0700][gc,heap,exit]  garbage-first heap   total 1048576K, used 209875K [0x00000007c0000000, 0x0000000800000000)
[2021-11-04T02:14:30.208-0700][gc,heap,exit]   region size 1024K, 56 young (57344K), 5 survivors (5120K)
[2021-11-04T02:14:30.208-0700][gc,heap,exit]  Metaspace       used 41385K, committed 41920K, reserved 1089536K
[2021-11-04T02:14:30.208-0700][gc,heap,exit]   class space    used 4930K, committed 5184K, reserved 1048576K
