[2021-11-05T10:26:48.066-0700][gc] Using G1
[2021-11-05T10:26:48.071-0700][gc,init] Version: 17+35-2724 (release)
[2021-11-05T10:26:48.071-0700][gc,init] CPUs: 8 total, 8 available
[2021-11-05T10:26:48.071-0700][gc,init] Memory: 16384M
[2021-11-05T10:26:48.071-0700][gc,init] Large Page Support: Disabled
[2021-11-05T10:26:48.071-0700][gc,init] NUMA Support: Disabled
[2021-11-05T10:26:48.071-0700][gc,init] Compressed Oops: Enabled (Zero based)
[2021-11-05T10:26:48.071-0700][gc,init] Heap Region Size: 1M
[2021-11-05T10:26:48.071-0700][gc,init] Heap Min Capacity: 1G
[2021-11-05T10:26:48.071-0700][gc,init] Heap Initial Capacity: 1G
[2021-11-05T10:26:48.071-0700][gc,init] Heap Max Capacity: 1G
[2021-11-05T10:26:48.071-0700][gc,init] Pre-touch: Disabled
[2021-11-05T10:26:48.071-0700][gc,init] Parallel Workers: 8
[2021-11-05T10:26:48.071-0700][gc,init] Concurrent Workers: 2
[2021-11-05T10:26:48.071-0700][gc,init] Concurrent Refinement Workers: 8
[2021-11-05T10:26:48.071-0700][gc,init] Periodic GC: Disabled
[2021-11-05T10:26:48.071-0700][gc,metaspace] CDS archive(s) mapped at: [0x0000000800000000-0x0000000800bd0000-0x0000000800bd0000), size 12386304, SharedBaseAddress: 0x0000000800000000, ArchiveRelocationMode: 0.
[2021-11-05T10:26:48.071-0700][gc,metaspace] Compressed class space mapped at: 0x0000000800c00000-0x0000000840c00000, reserved size: 1073741824
[2021-11-05T10:26:48.071-0700][gc,metaspace] Narrow klass base: 0x0000000800000000, Narrow klass shift: 0, Narrow klass range: 0x100000000
[2021-11-05T10:26:49.678-0700][gc,start    ] GC(0) Pause Young (Normal) (G1 Evacuation Pause)
[2021-11-05T10:26:49.678-0700][gc,task     ] GC(0) Using 8 workers of 8 for evacuation
[2021-11-05T10:26:49.687-0700][gc,phases   ] GC(0)   Pre Evacuate Collection Set: 0.1ms
[2021-11-05T10:26:49.688-0700][gc,phases   ] GC(0)   Merge Heap Roots: 0.2ms
[2021-11-05T10:26:49.688-0700][gc,phases   ] GC(0)   Evacuate Collection Set: 8.6ms
[2021-11-05T10:26:49.688-0700][gc,phases   ] GC(0)   Post Evacuate Collection Set: 0.3ms
[2021-11-05T10:26:49.688-0700][gc,phases   ] GC(0)   Other: 0.7ms
[2021-11-05T10:26:49.688-0700][gc,heap     ] GC(0) Eden regions: 51->0(44)
[2021-11-05T10:26:49.688-0700][gc,heap     ] GC(0) Survivor regions: 0->7(7)
[2021-11-05T10:26:49.688-0700][gc,heap     ] GC(0) Old regions: 0->1
[2021-11-05T10:26:49.688-0700][gc,heap     ] GC(0) Archive regions: 2->2
[2021-11-05T10:26:49.688-0700][gc,heap     ] GC(0) Humongous regions: 0->0
[2021-11-05T10:26:49.688-0700][gc,metaspace] GC(0) Metaspace: 18755K(19008K)->18755K(19008K) NonClass: 16489K(16640K)->16489K(16640K) Class: 2266K(2368K)->2266K(2368K)
[2021-11-05T10:26:49.688-0700][gc          ] GC(0) Pause Young (Normal) (G1 Evacuation Pause) 51M->7M(1024M) 9.995ms
[2021-11-05T10:26:49.688-0700][gc,cpu      ] GC(0) User=0.02s Sys=0.01s Real=0.01s
[2021-11-05T10:26:49.920-0700][gc,start    ] GC(1) Pause Young (Concurrent Start) (Metadata GC Threshold)
[2021-11-05T10:26:49.920-0700][gc,task     ] GC(1) Using 8 workers of 8 for evacuation
[2021-11-05T10:26:49.927-0700][gc,phases   ] GC(1)   Pre Evacuate Collection Set: 0.1ms
[2021-11-05T10:26:49.927-0700][gc,phases   ] GC(1)   Merge Heap Roots: 0.0ms
[2021-11-05T10:26:49.927-0700][gc,phases   ] GC(1)   Evacuate Collection Set: 6.6ms
[2021-11-05T10:26:49.927-0700][gc,phases   ] GC(1)   Post Evacuate Collection Set: 0.3ms
[2021-11-05T10:26:49.927-0700][gc,phases   ] GC(1)   Other: 0.2ms
[2021-11-05T10:26:49.927-0700][gc,heap     ] GC(1) Eden regions: 10->0(50)
[2021-11-05T10:26:49.927-0700][gc,heap     ] GC(1) Survivor regions: 7->1(7)
[2021-11-05T10:26:49.927-0700][gc,heap     ] GC(1) Old regions: 1->7
[2021-11-05T10:26:49.927-0700][gc,heap     ] GC(1) Archive regions: 2->2
[2021-11-05T10:26:49.927-0700][gc,heap     ] GC(1) Humongous regions: 0->0
[2021-11-05T10:26:49.927-0700][gc,metaspace] GC(1) Metaspace: 21294K(21504K)->21294K(21504K) NonClass: 18702K(18816K)->18702K(18816K) Class: 2592K(2688K)->2592K(2688K)
[2021-11-05T10:26:49.927-0700][gc          ] GC(1) Pause Young (Concurrent Start) (Metadata GC Threshold) 17M->8M(1024M) 7.262ms
[2021-11-05T10:26:49.927-0700][gc,cpu      ] GC(1) User=0.01s Sys=0.01s Real=0.00s
[2021-11-05T10:26:49.927-0700][gc          ] GC(2) Concurrent Mark Cycle
[2021-11-05T10:26:49.927-0700][gc,marking  ] GC(2) Concurrent Clear Claimed Marks
[2021-11-05T10:26:49.927-0700][gc,marking  ] GC(2) Concurrent Clear Claimed Marks 0.022ms
[2021-11-05T10:26:49.927-0700][gc,marking  ] GC(2) Concurrent Scan Root Regions
[2021-11-05T10:26:49.930-0700][gc,marking  ] GC(2) Concurrent Scan Root Regions 2.902ms
[2021-11-05T10:26:49.930-0700][gc,marking  ] GC(2) Concurrent Mark
[2021-11-05T10:26:49.930-0700][gc,marking  ] GC(2) Concurrent Mark From Roots
[2021-11-05T10:26:49.930-0700][gc,task     ] GC(2) Using 2 workers of 2 for marking
[2021-11-05T10:26:49.933-0700][gc,marking  ] GC(2) Concurrent Mark From Roots 2.477ms
[2021-11-05T10:26:49.933-0700][gc,marking  ] GC(2) Concurrent Preclean
[2021-11-05T10:26:49.933-0700][gc,marking  ] GC(2) Concurrent Preclean 0.030ms
[2021-11-05T10:26:49.933-0700][gc,start    ] GC(2) Pause Remark
[2021-11-05T10:26:49.939-0700][gc          ] GC(2) Pause Remark 9M->9M(1024M) 5.933ms
[2021-11-05T10:26:49.939-0700][gc,cpu      ] GC(2) User=0.00s Sys=0.01s Real=0.00s
[2021-11-05T10:26:49.939-0700][gc,marking  ] GC(2) Concurrent Mark 8.841ms
[2021-11-05T10:26:49.939-0700][gc,marking  ] GC(2) Concurrent Rebuild Remembered Sets
[2021-11-05T10:26:49.939-0700][gc,marking  ] GC(2) Concurrent Rebuild Remembered Sets 0.006ms
[2021-11-05T10:26:49.939-0700][gc,start    ] GC(2) Pause Cleanup
[2021-11-05T10:26:49.939-0700][gc          ] GC(2) Pause Cleanup 9M->9M(1024M) 0.013ms
[2021-11-05T10:26:49.939-0700][gc,cpu      ] GC(2) User=0.00s Sys=0.00s Real=0.00s
[2021-11-05T10:26:49.939-0700][gc,marking  ] GC(2) Concurrent Cleanup for Next Mark
[2021-11-05T10:26:49.943-0700][gc,marking  ] GC(2) Concurrent Cleanup for Next Mark 3.932ms
[2021-11-05T10:26:49.943-0700][gc          ] GC(2) Concurrent Mark Cycle 16.256ms
[2021-11-05T10:26:51.271-0700][gc,start    ] GC(3) Pause Young (Normal) (GCLocker Initiated GC)
[2021-11-05T10:26:51.271-0700][gc,task     ] GC(3) Using 8 workers of 8 for evacuation
[2021-11-05T10:26:51.274-0700][gc,phases   ] GC(3)   Pre Evacuate Collection Set: 0.2ms
[2021-11-05T10:26:51.274-0700][gc,phases   ] GC(3)   Merge Heap Roots: 0.0ms
[2021-11-05T10:26:51.274-0700][gc,phases   ] GC(3)   Evacuate Collection Set: 3.0ms
[2021-11-05T10:26:51.274-0700][gc,phases   ] GC(3)   Post Evacuate Collection Set: 0.2ms
[2021-11-05T10:26:51.274-0700][gc,phases   ] GC(3)   Other: 0.1ms
[2021-11-05T10:26:51.274-0700][gc,heap     ] GC(3) Eden regions: 50->0(45)
[2021-11-05T10:26:51.274-0700][gc,heap     ] GC(3) Survivor regions: 1->6(7)
[2021-11-05T10:26:51.274-0700][gc,heap     ] GC(3) Old regions: 7->7
[2021-11-05T10:26:51.274-0700][gc,heap     ] GC(3) Archive regions: 2->2
[2021-11-05T10:26:51.274-0700][gc,heap     ] GC(3) Humongous regions: 129->129
[2021-11-05T10:26:51.274-0700][gc,metaspace] GC(3) Metaspace: 32818K(33088K)->32818K(33088K) NonClass: 29080K(29248K)->29080K(29248K) Class: 3737K(3840K)->3737K(3840K)
[2021-11-05T10:26:51.275-0700][gc          ] GC(3) Pause Young (Normal) (GCLocker Initiated GC) 187M->142M(1024M) 3.685ms
[2021-11-05T10:26:51.275-0700][gc,cpu      ] GC(3) User=0.02s Sys=0.00s Real=0.00s
[2021-11-05T10:26:51.491-0700][gc,start    ] GC(4) Pause Young (Concurrent Start) (Metadata GC Threshold)
[2021-11-05T10:26:51.491-0700][gc,task     ] GC(4) Using 8 workers of 8 for evacuation
[2021-11-05T10:26:51.495-0700][gc,phases   ] GC(4)   Pre Evacuate Collection Set: 0.1ms
[2021-11-05T10:26:51.495-0700][gc,phases   ] GC(4)   Merge Heap Roots: 0.0ms
[2021-11-05T10:26:51.495-0700][gc,phases   ] GC(4)   Evacuate Collection Set: 3.3ms
[2021-11-05T10:26:51.495-0700][gc,phases   ] GC(4)   Post Evacuate Collection Set: 0.3ms
[2021-11-05T10:26:51.495-0700][gc,phases   ] GC(4)   Other: 0.2ms
[2021-11-05T10:26:51.495-0700][gc,heap     ] GC(4) Eden regions: 14->0(49)
[2021-11-05T10:26:51.495-0700][gc,heap     ] GC(4) Survivor regions: 6->2(7)
[2021-11-05T10:26:51.495-0700][gc,heap     ] GC(4) Old regions: 7->13
[2021-11-05T10:26:51.495-0700][gc,heap     ] GC(4) Archive regions: 2->2
[2021-11-05T10:26:51.495-0700][gc,heap     ] GC(4) Humongous regions: 129->129
[2021-11-05T10:26:51.495-0700][gc,metaspace] GC(4) Metaspace: 35643K(35968K)->35643K(35968K) NonClass: 31484K(31680K)->31484K(31680K) Class: 4158K(4288K)->4158K(4288K)
[2021-11-05T10:26:51.495-0700][gc          ] GC(4) Pause Young (Concurrent Start) (Metadata GC Threshold) 155M->143M(1024M) 4.013ms
[2021-11-05T10:26:51.495-0700][gc,cpu      ] GC(4) User=0.01s Sys=0.01s Real=0.00s
[2021-11-05T10:26:51.495-0700][gc          ] GC(5) Concurrent Mark Cycle
[2021-11-05T10:26:51.495-0700][gc,marking  ] GC(5) Concurrent Clear Claimed Marks
[2021-11-05T10:26:51.495-0700][gc,marking  ] GC(5) Concurrent Clear Claimed Marks 0.029ms
[2021-11-05T10:26:51.495-0700][gc,marking  ] GC(5) Concurrent Scan Root Regions
[2021-11-05T10:26:51.498-0700][gc,marking  ] GC(5) Concurrent Scan Root Regions 2.067ms
[2021-11-05T10:26:51.498-0700][gc,marking  ] GC(5) Concurrent Mark
[2021-11-05T10:26:51.498-0700][gc,marking  ] GC(5) Concurrent Mark From Roots
[2021-11-05T10:26:51.498-0700][gc,task     ] GC(5) Using 2 workers of 2 for marking
[2021-11-05T10:26:51.502-0700][gc,marking  ] GC(5) Concurrent Mark From Roots 4.051ms
[2021-11-05T10:26:51.502-0700][gc,marking  ] GC(5) Concurrent Preclean
[2021-11-05T10:26:51.502-0700][gc,marking  ] GC(5) Concurrent Preclean 0.089ms
[2021-11-05T10:26:51.502-0700][gc,start    ] GC(5) Pause Remark
[2021-11-05T10:26:51.514-0700][gc          ] GC(5) Pause Remark 143M->143M(1024M) 12.138ms
[2021-11-05T10:26:51.514-0700][gc,cpu      ] GC(5) User=0.01s Sys=0.01s Real=0.01s
[2021-11-05T10:26:51.514-0700][gc,marking  ] GC(5) Concurrent Mark 16.709ms
[2021-11-05T10:26:51.514-0700][gc,marking  ] GC(5) Concurrent Rebuild Remembered Sets
[2021-11-05T10:26:51.518-0700][gc,marking  ] GC(5) Concurrent Rebuild Remembered Sets 3.451ms
[2021-11-05T10:26:51.518-0700][gc,start    ] GC(5) Pause Cleanup
[2021-11-05T10:26:51.518-0700][gc          ] GC(5) Pause Cleanup 143M->143M(1024M) 0.134ms
[2021-11-05T10:26:51.518-0700][gc,cpu      ] GC(5) User=0.00s Sys=0.00s Real=0.00s
[2021-11-05T10:26:51.518-0700][gc,marking  ] GC(5) Concurrent Cleanup for Next Mark
[2021-11-05T10:26:51.522-0700][gc,marking  ] GC(5) Concurrent Cleanup for Next Mark 3.773ms
[2021-11-05T10:26:51.522-0700][gc          ] GC(5) Concurrent Mark Cycle 26.667ms
[2021-11-05T10:28:01.201-0700][gc,start    ] GC(6) Pause Young (Normal) (G1 Evacuation Pause)
[2021-11-05T10:28:01.202-0700][gc,task     ] GC(6) Using 8 workers of 8 for evacuation
[2021-11-05T10:28:01.240-0700][gc,mmu      ] GC(6) MMU target violated: 21.0ms (20.0ms/21.0ms)
[2021-11-05T10:28:01.240-0700][gc,phases   ] GC(6)   Pre Evacuate Collection Set: 0.7ms
[2021-11-05T10:28:01.240-0700][gc,phases   ] GC(6)   Merge Heap Roots: 0.1ms
[2021-11-05T10:28:01.240-0700][gc,phases   ] GC(6)   Evacuate Collection Set: 36.0ms
[2021-11-05T10:28:01.240-0700][gc,phases   ] GC(6)   Post Evacuate Collection Set: 1.3ms
[2021-11-05T10:28:01.240-0700][gc,phases   ] GC(6)   Other: 0.8ms
[2021-11-05T10:28:01.240-0700][gc,heap     ] GC(6) Eden regions: 49->0(47)
[2021-11-05T10:28:01.240-0700][gc,heap     ] GC(6) Survivor regions: 2->4(7)
[2021-11-05T10:28:01.240-0700][gc,heap     ] GC(6) Old regions: 13->13
[2021-11-05T10:28:01.240-0700][gc,heap     ] GC(6) Archive regions: 2->2
[2021-11-05T10:28:01.240-0700][gc,heap     ] GC(6) Humongous regions: 129->129
[2021-11-05T10:28:01.240-0700][gc,metaspace] GC(6) Metaspace: 38710K(39232K)->38710K(39232K) NonClass: 34147K(34432K)->34147K(34432K) Class: 4563K(4800K)->4563K(4800K)
[2021-11-05T10:28:01.240-0700][gc          ] GC(6) Pause Young (Normal) (G1 Evacuation Pause) 192M->145M(1024M) 39.068ms
[2021-11-05T10:28:01.240-0700][gc,cpu      ] GC(6) User=0.03s Sys=0.04s Real=0.04s
[2021-11-05T10:28:44.162-0700][gc,start    ] GC(7) Pause Young (Normal) (G1 Evacuation Pause)
[2021-11-05T10:28:44.166-0700][gc,task     ] GC(7) Using 8 workers of 8 for evacuation
[2021-11-05T10:28:44.184-0700][gc,phases   ] GC(7)   Pre Evacuate Collection Set: 0.7ms
[2021-11-05T10:28:44.184-0700][gc,phases   ] GC(7)   Merge Heap Roots: 0.1ms
[2021-11-05T10:28:44.184-0700][gc,phases   ] GC(7)   Evacuate Collection Set: 16.3ms
[2021-11-05T10:28:44.184-0700][gc,phases   ] GC(7)   Post Evacuate Collection Set: 0.6ms
[2021-11-05T10:28:44.184-0700][gc,phases   ] GC(7)   Other: 4.0ms
[2021-11-05T10:28:44.184-0700][gc,heap     ] GC(7) Eden regions: 47->0(47)
[2021-11-05T10:28:44.184-0700][gc,heap     ] GC(7) Survivor regions: 4->4(7)
[2021-11-05T10:28:44.184-0700][gc,heap     ] GC(7) Old regions: 13->13
[2021-11-05T10:28:44.184-0700][gc,heap     ] GC(7) Archive regions: 2->2
[2021-11-05T10:28:44.184-0700][gc,heap     ] GC(7) Humongous regions: 129->129
[2021-11-05T10:28:44.184-0700][gc,metaspace] GC(7) Metaspace: 38744K(39296K)->38744K(39296K) NonClass: 34180K(34496K)->34180K(34496K) Class: 4563K(4800K)->4563K(4800K)
[2021-11-05T10:28:44.184-0700][gc          ] GC(7) Pause Young (Normal) (G1 Evacuation Pause) 192M->145M(1024M) 21.784ms
[2021-11-05T10:28:44.184-0700][gc,cpu      ] GC(7) User=0.04s Sys=0.02s Real=0.02s
[2021-11-05T10:29:30.847-0700][gc,start    ] GC(8) Pause Young (Normal) (G1 Evacuation Pause)
[2021-11-05T10:29:30.847-0700][gc,task     ] GC(8) Using 8 workers of 8 for evacuation
[2021-11-05T10:29:30.873-0700][gc,mmu      ] GC(8) MMU target violated: 21.0ms (20.0ms/21.0ms)
[2021-11-05T10:29:30.874-0700][gc,phases   ] GC(8)   Pre Evacuate Collection Set: 1.0ms
[2021-11-05T10:29:30.874-0700][gc,phases   ] GC(8)   Merge Heap Roots: 0.2ms
[2021-11-05T10:29:30.874-0700][gc,phases   ] GC(8)   Evacuate Collection Set: 23.9ms
[2021-11-05T10:29:30.874-0700][gc,phases   ] GC(8)   Post Evacuate Collection Set: 0.8ms
[2021-11-05T10:29:30.874-0700][gc,phases   ] GC(8)   Other: 0.9ms
[2021-11-05T10:29:30.874-0700][gc,heap     ] GC(8) Eden regions: 47->0(46)
[2021-11-05T10:29:30.874-0700][gc,heap     ] GC(8) Survivor regions: 4->5(7)
[2021-11-05T10:29:30.874-0700][gc,heap     ] GC(8) Old regions: 13->13
[2021-11-05T10:29:30.874-0700][gc,heap     ] GC(8) Archive regions: 2->2
[2021-11-05T10:29:30.874-0700][gc,heap     ] GC(8) Humongous regions: 129->129
[2021-11-05T10:29:30.874-0700][gc,metaspace] GC(8) Metaspace: 38839K(39360K)->38839K(39360K) NonClass: 34276K(34560K)->34276K(34560K) Class: 4563K(4800K)->4563K(4800K)
[2021-11-05T10:29:30.874-0700][gc          ] GC(8) Pause Young (Normal) (G1 Evacuation Pause) 192M->146M(1024M) 26.925ms
[2021-11-05T10:29:30.874-0700][gc,cpu      ] GC(8) User=0.04s Sys=0.02s Real=0.03s
[2021-11-05T10:30:18.862-0700][gc,start    ] GC(9) Pause Young (Normal) (G1 Evacuation Pause)
[2021-11-05T10:30:18.863-0700][gc,task     ] GC(9) Using 8 workers of 8 for evacuation
[2021-11-05T10:30:18.884-0700][gc,mmu      ] GC(9) MMU target violated: 20.6ms (20.0ms/21.0ms)
[2021-11-05T10:30:18.885-0700][gc,phases   ] GC(9)   Pre Evacuate Collection Set: 1.0ms
[2021-11-05T10:30:18.885-0700][gc,phases   ] GC(9)   Merge Heap Roots: 0.2ms
[2021-11-05T10:30:18.885-0700][gc,phases   ] GC(9)   Evacuate Collection Set: 18.2ms
[2021-11-05T10:30:18.885-0700][gc,phases   ] GC(9)   Post Evacuate Collection Set: 1.3ms
[2021-11-05T10:30:18.885-0700][gc,phases   ] GC(9)   Other: 1.7ms
[2021-11-05T10:30:18.885-0700][gc,heap     ] GC(9) Eden regions: 46->0(56)
[2021-11-05T10:30:18.885-0700][gc,heap     ] GC(9) Survivor regions: 5->3(7)
[2021-11-05T10:30:18.885-0700][gc,heap     ] GC(9) Old regions: 13->14
[2021-11-05T10:30:18.885-0700][gc,heap     ] GC(9) Archive regions: 2->2
[2021-11-05T10:30:18.885-0700][gc,heap     ] GC(9) Humongous regions: 129->129
[2021-11-05T10:30:18.885-0700][gc,metaspace] GC(9) Metaspace: 38899K(39424K)->38899K(39424K) NonClass: 34336K(34624K)->34336K(34624K) Class: 4563K(4800K)->4563K(4800K)
[2021-11-05T10:30:18.885-0700][gc          ] GC(9) Pause Young (Normal) (G1 Evacuation Pause) 192M->146M(1024M) 22.499ms
[2021-11-05T10:30:18.885-0700][gc,cpu      ] GC(9) User=0.04s Sys=0.03s Real=0.02s
[2021-11-05T10:31:17.712-0700][gc,start    ] GC(10) Pause Young (Normal) (G1 Evacuation Pause)
[2021-11-05T10:31:17.717-0700][gc,task     ] GC(10) Using 8 workers of 8 for evacuation
[2021-11-05T10:31:17.757-0700][gc,mmu      ] GC(10) MMU target violated: 21.0ms (20.0ms/21.0ms)
[2021-11-05T10:31:17.771-0700][gc,phases   ] GC(10)   Pre Evacuate Collection Set: 1.0ms
[2021-11-05T10:31:17.771-0700][gc,phases   ] GC(10)   Merge Heap Roots: 0.1ms
[2021-11-05T10:31:17.771-0700][gc,phases   ] GC(10)   Evacuate Collection Set: 21.0ms
[2021-11-05T10:31:17.771-0700][gc,phases   ] GC(10)   Post Evacuate Collection Set: 1.1ms
[2021-11-05T10:31:17.771-0700][gc,phases   ] GC(10)   Other: 36.1ms
[2021-11-05T10:31:17.771-0700][gc,heap     ] GC(10) Eden regions: 56->0(85)
[2021-11-05T10:31:17.771-0700][gc,heap     ] GC(10) Survivor regions: 3->3(8)
[2021-11-05T10:31:17.771-0700][gc,heap     ] GC(10) Old regions: 14->14
[2021-11-05T10:31:17.771-0700][gc,heap     ] GC(10) Archive regions: 2->2
[2021-11-05T10:31:17.771-0700][gc,heap     ] GC(10) Humongous regions: 129->129
[2021-11-05T10:31:17.771-0700][gc,metaspace] GC(10) Metaspace: 38936K(39488K)->38936K(39488K) NonClass: 34372K(34688K)->34372K(34688K) Class: 4563K(4800K)->4563K(4800K)
[2021-11-05T10:31:17.805-0700][gc          ] GC(10) Pause Young (Normal) (G1 Evacuation Pause) 202M->146M(1024M) 93.124ms
[2021-11-05T10:31:17.805-0700][gc,cpu      ] GC(10) User=0.02s Sys=0.02s Real=0.09s
[2021-11-05T10:32:47.901-0700][gc,start    ] GC(11) Pause Young (Normal) (G1 Evacuation Pause)
[2021-11-05T10:32:47.903-0700][gc,task     ] GC(11) Using 8 workers of 8 for evacuation
[2021-11-05T10:32:47.926-0700][gc,mmu      ] GC(11) MMU target violated: 21.0ms (20.0ms/21.0ms)
[2021-11-05T10:32:47.927-0700][gc,phases   ] GC(11)   Pre Evacuate Collection Set: 1.4ms
[2021-11-05T10:32:47.927-0700][gc,phases   ] GC(11)   Merge Heap Roots: 0.2ms
[2021-11-05T10:32:47.927-0700][gc,phases   ] GC(11)   Evacuate Collection Set: 20.8ms
[2021-11-05T10:32:47.927-0700][gc,phases   ] GC(11)   Post Evacuate Collection Set: 1.2ms
[2021-11-05T10:32:47.927-0700][gc,phases   ] GC(11)   Other: 2.0ms
[2021-11-05T10:32:47.927-0700][gc,heap     ] GC(11) Eden regions: 85->0(44)
[2021-11-05T10:32:47.927-0700][gc,heap     ] GC(11) Survivor regions: 3->7(11)
[2021-11-05T10:32:47.927-0700][gc,heap     ] GC(11) Old regions: 14->14
[2021-11-05T10:32:47.927-0700][gc,heap     ] GC(11) Archive regions: 2->2
[2021-11-05T10:32:47.927-0700][gc,heap     ] GC(11) Humongous regions: 129->129
[2021-11-05T10:32:47.927-0700][gc,metaspace] GC(11) Metaspace: 38954K(39488K)->38954K(39488K) NonClass: 34391K(34688K)->34391K(34688K) Class: 4563K(4800K)->4563K(4800K)
[2021-11-05T10:32:47.927-0700][gc          ] GC(11) Pause Young (Normal) (G1 Evacuation Pause) 231M->150M(1024M) 25.736ms
[2021-11-05T10:32:47.927-0700][gc,cpu      ] GC(11) User=0.03s Sys=0.03s Real=0.02s
[2021-11-05T10:33:33.991-0700][gc,start    ] GC(12) Pause Young (Normal) (G1 Evacuation Pause)
[2021-11-05T10:33:33.992-0700][gc,task     ] GC(12) Using 8 workers of 8 for evacuation
[2021-11-05T10:33:34.024-0700][gc,mmu      ] GC(12) MMU target violated: 21.0ms (20.0ms/21.0ms)
[2021-11-05T10:33:34.024-0700][gc,phases   ] GC(12)   Pre Evacuate Collection Set: 1.4ms
[2021-11-05T10:33:34.024-0700][gc,phases   ] GC(12)   Merge Heap Roots: 0.4ms
[2021-11-05T10:33:34.024-0700][gc,phases   ] GC(12)   Evacuate Collection Set: 28.3ms
[2021-11-05T10:33:34.024-0700][gc,phases   ] GC(12)   Post Evacuate Collection Set: 1.5ms
[2021-11-05T10:33:34.024-0700][gc,phases   ] GC(12)   Other: 1.5ms
[2021-11-05T10:33:34.024-0700][gc,heap     ] GC(12) Eden regions: 44->0(105)
[2021-11-05T10:33:34.024-0700][gc,heap     ] GC(12) Survivor regions: 7->3(7)
[2021-11-05T10:33:34.024-0700][gc,heap     ] GC(12) Old regions: 14->19
[2021-11-05T10:33:34.024-0700][gc,heap     ] GC(12) Archive regions: 2->2
[2021-11-05T10:33:34.024-0700][gc,heap     ] GC(12) Humongous regions: 129->129
[2021-11-05T10:33:34.024-0700][gc,metaspace] GC(12) Metaspace: 38966K(39488K)->38966K(39488K) NonClass: 34402K(34688K)->34402K(34688K) Class: 4563K(4800K)->4563K(4800K)
[2021-11-05T10:33:34.024-0700][gc          ] GC(12) Pause Young (Normal) (G1 Evacuation Pause) 194M->150M(1024M) 33.197ms
[2021-11-05T10:33:34.024-0700][gc,cpu      ] GC(12) User=0.05s Sys=0.04s Real=0.03s
[2021-11-05T10:35:14.255-0700][gc,start    ] GC(13) Pause Young (Normal) (G1 Evacuation Pause)
[2021-11-05T10:35:14.256-0700][gc,task     ] GC(13) Using 8 workers of 8 for evacuation
[2021-11-05T10:35:14.275-0700][gc,phases   ] GC(13)   Pre Evacuate Collection Set: 1.3ms
[2021-11-05T10:35:14.275-0700][gc,phases   ] GC(13)   Merge Heap Roots: 0.4ms
[2021-11-05T10:35:14.275-0700][gc,phases   ] GC(13)   Evacuate Collection Set: 15.8ms
[2021-11-05T10:35:14.275-0700][gc,phases   ] GC(13)   Post Evacuate Collection Set: 1.1ms
[2021-11-05T10:35:14.275-0700][gc,phases   ] GC(13)   Other: 1.4ms
[2021-11-05T10:35:14.275-0700][gc,heap     ] GC(13) Eden regions: 96->0(87)
[2021-11-05T10:35:14.275-0700][gc,heap     ] GC(13) Survivor regions: 3->4(13)
[2021-11-05T10:35:14.275-0700][gc,heap     ] GC(13) Old regions: 19->19
[2021-11-05T10:35:14.275-0700][gc,heap     ] GC(13) Archive regions: 2->2
[2021-11-05T10:35:14.275-0700][gc,heap     ] GC(13) Humongous regions: 129->129
[2021-11-05T10:35:14.275-0700][gc,metaspace] GC(13) Metaspace: 38981K(39488K)->38981K(39488K) NonClass: 34417K(34688K)->34417K(34688K) Class: 4563K(4800K)->4563K(4800K)
[2021-11-05T10:35:14.275-0700][gc          ] GC(13) Pause Young (Normal) (G1 Evacuation Pause) 246M->152M(1024M) 20.276ms
[2021-11-05T10:35:14.275-0700][gc,cpu      ] GC(13) User=0.04s Sys=0.03s Real=0.02s
[2021-11-05T10:36:42.399-0700][gc,start    ] GC(14) Pause Young (Normal) (G1 Evacuation Pause)
[2021-11-05T10:36:42.400-0700][gc,task     ] GC(14) Using 8 workers of 8 for evacuation
[2021-11-05T10:36:42.431-0700][gc,mmu      ] GC(14) MMU target violated: 21.0ms (20.0ms/21.0ms)
[2021-11-05T10:36:42.431-0700][gc,phases   ] GC(14)   Pre Evacuate Collection Set: 0.8ms
[2021-11-05T10:36:42.431-0700][gc,phases   ] GC(14)   Merge Heap Roots: 0.2ms
[2021-11-05T10:36:42.431-0700][gc,phases   ] GC(14)   Evacuate Collection Set: 28.1ms
[2021-11-05T10:36:42.431-0700][gc,phases   ] GC(14)   Post Evacuate Collection Set: 1.8ms
[2021-11-05T10:36:42.431-0700][gc,phases   ] GC(14)   Other: 1.3ms
[2021-11-05T10:36:42.431-0700][gc,heap     ] GC(14) Eden regions: 84->0(44)
[2021-11-05T10:36:42.432-0700][gc,heap     ] GC(14) Survivor regions: 4->7(11)
[2021-11-05T10:36:42.432-0700][gc,heap     ] GC(14) Old regions: 19->19
[2021-11-05T10:36:42.432-0700][gc,heap     ] GC(14) Archive regions: 2->2
[2021-11-05T10:36:42.432-0700][gc,heap     ] GC(14) Humongous regions: 129->129
[2021-11-05T10:36:42.432-0700][gc,metaspace] GC(14) Metaspace: 38992K(39488K)->38992K(39488K) NonClass: 34428K(34688K)->34428K(34688K) Class: 4563K(4800K)->4563K(4800K)
[2021-11-05T10:36:42.432-0700][gc          ] GC(14) Pause Young (Normal) (G1 Evacuation Pause) 236M->155M(1024M) 32.141ms
[2021-11-05T10:36:42.432-0700][gc,cpu      ] GC(14) User=0.03s Sys=0.06s Real=0.04s
[2021-11-05T10:37:27.859-0700][gc,start    ] GC(15) Pause Young (Normal) (G1 Evacuation Pause)
[2021-11-05T10:37:27.860-0700][gc,task     ] GC(15) Using 8 workers of 8 for evacuation
[2021-11-05T10:37:27.895-0700][gc,mmu      ] GC(15) MMU target violated: 21.0ms (20.0ms/21.0ms)
[2021-11-05T10:37:27.895-0700][gc,phases   ] GC(15)   Pre Evacuate Collection Set: 1.8ms
[2021-11-05T10:37:27.895-0700][gc,phases   ] GC(15)   Merge Heap Roots: 0.3ms
[2021-11-05T10:37:27.895-0700][gc,phases   ] GC(15)   Evacuate Collection Set: 30.9ms
[2021-11-05T10:37:27.895-0700][gc,phases   ] GC(15)   Post Evacuate Collection Set: 1.3ms
[2021-11-05T10:37:27.895-0700][gc,phases   ] GC(15)   Other: 2.1ms
[2021-11-05T10:37:27.895-0700][gc,heap     ] GC(15) Eden regions: 44->0(46)
[2021-11-05T10:37:27.895-0700][gc,heap     ] GC(15) Survivor regions: 7->5(7)
[2021-11-05T10:37:27.895-0700][gc,heap     ] GC(15) Old regions: 19->22
[2021-11-05T10:37:27.895-0700][gc,heap     ] GC(15) Archive regions: 2->2
[2021-11-05T10:37:27.895-0700][gc,heap     ] GC(15) Humongous regions: 129->129
[2021-11-05T10:37:27.895-0700][gc,metaspace] GC(15) Metaspace: 39044K(39552K)->39044K(39552K) NonClass: 34471K(34752K)->34471K(34752K) Class: 4573K(4800K)->4573K(4800K)
[2021-11-05T10:37:27.895-0700][gc          ] GC(15) Pause Young (Normal) (G1 Evacuation Pause) 199M->156M(1024M) 36.454ms
[2021-11-05T10:37:27.896-0700][gc,cpu      ] GC(15) User=0.05s Sys=0.05s Real=0.04s
[2021-11-05T10:38:16.282-0700][gc,start    ] GC(16) Pause Young (Normal) (G1 Evacuation Pause)
[2021-11-05T10:38:16.284-0700][gc,task     ] GC(16) Using 8 workers of 8 for evacuation
[2021-11-05T10:38:16.306-0700][gc,mmu      ] GC(16) MMU target violated: 21.0ms (20.0ms/21.0ms)
[2021-11-05T10:38:16.307-0700][gc,phases   ] GC(16)   Pre Evacuate Collection Set: 1.8ms
[2021-11-05T10:38:16.307-0700][gc,phases   ] GC(16)   Merge Heap Roots: 0.3ms
[2021-11-05T10:38:16.307-0700][gc,phases   ] GC(16)   Evacuate Collection Set: 19.0ms
[2021-11-05T10:38:16.307-0700][gc,phases   ] GC(16)   Post Evacuate Collection Set: 1.5ms
[2021-11-05T10:38:16.307-0700][gc,phases   ] GC(16)   Other: 2.3ms
[2021-11-05T10:38:16.307-0700][gc,heap     ] GC(16) Eden regions: 46->0(46)
[2021-11-05T10:38:16.307-0700][gc,heap     ] GC(16) Survivor regions: 5->5(7)
[2021-11-05T10:38:16.307-0700][gc,heap     ] GC(16) Old regions: 22->25
[2021-11-05T10:38:16.307-0700][gc,heap     ] GC(16) Archive regions: 2->2
[2021-11-05T10:38:16.307-0700][gc,heap     ] GC(16) Humongous regions: 129->129
[2021-11-05T10:38:16.307-0700][gc,metaspace] GC(16) Metaspace: 39049K(39552K)->39049K(39552K) NonClass: 34476K(34752K)->34476K(34752K) Class: 4573K(4800K)->4573K(4800K)
[2021-11-05T10:38:16.307-0700][gc          ] GC(16) Pause Young (Normal) (G1 Evacuation Pause) 202M->158M(1024M) 25.066ms
[2021-11-05T10:38:16.307-0700][gc,cpu      ] GC(16) User=0.05s Sys=0.03s Real=0.02s
[2021-11-05T10:39:04.570-0700][gc,start    ] GC(17) Pause Young (Normal) (G1 Evacuation Pause)
[2021-11-05T10:39:04.571-0700][gc,task     ] GC(17) Using 8 workers of 8 for evacuation
[2021-11-05T10:39:04.586-0700][gc,phases   ] GC(17)   Pre Evacuate Collection Set: 0.4ms
[2021-11-05T10:39:04.586-0700][gc,phases   ] GC(17)   Merge Heap Roots: 0.2ms
[2021-11-05T10:39:04.586-0700][gc,phases   ] GC(17)   Evacuate Collection Set: 12.9ms
[2021-11-05T10:39:04.586-0700][gc,phases   ] GC(17)   Post Evacuate Collection Set: 0.5ms
[2021-11-05T10:39:04.586-0700][gc,phases   ] GC(17)   Other: 1.8ms
[2021-11-05T10:39:04.586-0700][gc,heap     ] GC(17) Eden regions: 46->0(114)
[2021-11-05T10:39:04.586-0700][gc,heap     ] GC(17) Survivor regions: 5->4(7)
[2021-11-05T10:39:04.586-0700][gc,heap     ] GC(17) Old regions: 25->26
[2021-11-05T10:39:04.586-0700][gc,heap     ] GC(17) Archive regions: 2->2
[2021-11-05T10:39:04.586-0700][gc,heap     ] GC(17) Humongous regions: 129->129
[2021-11-05T10:39:04.586-0700][gc,metaspace] GC(17) Metaspace: 39058K(39552K)->39058K(39552K) NonClass: 34485K(34752K)->34485K(34752K) Class: 4573K(4800K)->4573K(4800K)
[2021-11-05T10:39:04.586-0700][gc          ] GC(17) Pause Young (Normal) (G1 Evacuation Pause) 204M->159M(1024M) 16.034ms
[2021-11-05T10:39:04.586-0700][gc,cpu      ] GC(17) User=0.04s Sys=0.01s Real=0.01s
[2021-11-05T10:40:46.285-0700][gc,start    ] GC(18) Pause Young (Normal) (G1 Evacuation Pause)
[2021-11-05T10:40:46.287-0700][gc,task     ] GC(18) Using 8 workers of 8 for evacuation
[2021-11-05T10:40:46.311-0700][gc,mmu      ] GC(18) MMU target violated: 21.0ms (20.0ms/21.0ms)
[2021-11-05T10:40:46.311-0700][gc,phases   ] GC(18)   Pre Evacuate Collection Set: 1.6ms
[2021-11-05T10:40:46.311-0700][gc,phases   ] GC(18)   Merge Heap Roots: 0.3ms
[2021-11-05T10:40:46.311-0700][gc,phases   ] GC(18)   Evacuate Collection Set: 20.5ms
[2021-11-05T10:40:46.311-0700][gc,phases   ] GC(18)   Post Evacuate Collection Set: 1.1ms
[2021-11-05T10:40:46.311-0700][gc,phases   ] GC(18)   Other: 2.4ms
[2021-11-05T10:40:46.311-0700][gc,heap     ] GC(18) Eden regions: 96->0(56)
[2021-11-05T10:40:46.311-0700][gc,heap     ] GC(18) Survivor regions: 4->6(13)
[2021-11-05T10:40:46.311-0700][gc,heap     ] GC(18) Old regions: 26->26
[2021-11-05T10:40:46.311-0700][gc,heap     ] GC(18) Archive regions: 2->2
[2021-11-05T10:40:46.311-0700][gc,heap     ] GC(18) Humongous regions: 129->129
[2021-11-05T10:40:46.311-0700][gc,metaspace] GC(18) Metaspace: 39067K(39552K)->39067K(39552K) NonClass: 34494K(34752K)->34494K(34752K) Class: 4573K(4800K)->4573K(4800K)
[2021-11-05T10:40:46.311-0700][gc          ] GC(18) Pause Young (Normal) (G1 Evacuation Pause) 255M->161M(1024M) 25.954ms
[2021-11-05T10:40:46.311-0700][gc,cpu      ] GC(18) User=0.04s Sys=0.04s Real=0.03s
[2021-11-05T10:41:44.923-0700][gc,start    ] GC(19) Pause Young (Normal) (G1 Evacuation Pause)
[2021-11-05T10:41:44.924-0700][gc,task     ] GC(19) Using 8 workers of 8 for evacuation
[2021-11-05T10:41:44.955-0700][gc,mmu      ] GC(19) MMU target violated: 21.0ms (20.0ms/21.0ms)
[2021-11-05T10:41:44.955-0700][gc,phases   ] GC(19)   Pre Evacuate Collection Set: 1.0ms
[2021-11-05T10:41:44.955-0700][gc,phases   ] GC(19)   Merge Heap Roots: 0.3ms
[2021-11-05T10:41:44.955-0700][gc,phases   ] GC(19)   Evacuate Collection Set: 29.1ms
[2021-11-05T10:41:44.955-0700][gc,phases   ] GC(19)   Post Evacuate Collection Set: 0.6ms
[2021-11-05T10:41:44.955-0700][gc,phases   ] GC(19)   Other: 1.0ms
[2021-11-05T10:41:44.955-0700][gc,heap     ] GC(19) Eden regions: 56->0(52)
[2021-11-05T10:41:44.955-0700][gc,heap     ] GC(19) Survivor regions: 6->6(8)
[2021-11-05T10:41:44.955-0700][gc,heap     ] GC(19) Old regions: 26->28
[2021-11-05T10:41:44.955-0700][gc,heap     ] GC(19) Archive regions: 2->2
[2021-11-05T10:41:44.955-0700][gc,heap     ] GC(19) Humongous regions: 129->129
[2021-11-05T10:41:44.955-0700][gc,metaspace] GC(19) Metaspace: 39073K(39552K)->39073K(39552K) NonClass: 34500K(34752K)->34500K(34752K) Class: 4573K(4800K)->4573K(4800K)
[2021-11-05T10:41:44.955-0700][gc          ] GC(19) Pause Young (Normal) (G1 Evacuation Pause) 217M->163M(1024M) 32.061ms
[2021-11-05T10:41:44.955-0700][gc,cpu      ] GC(19) User=0.05s Sys=0.02s Real=0.03s
[2021-11-05T10:42:31.951-0700][gc,start    ] GC(20) Pause Young (Normal) (G1 Evacuation Pause)
[2021-11-05T10:42:31.953-0700][gc,task     ] GC(20) Using 8 workers of 8 for evacuation
[2021-11-05T10:42:31.975-0700][gc,mmu      ] GC(20) MMU target violated: 21.0ms (20.0ms/21.0ms)
[2021-11-05T10:42:31.975-0700][gc,phases   ] GC(20)   Pre Evacuate Collection Set: 0.9ms
[2021-11-05T10:42:31.975-0700][gc,phases   ] GC(20)   Merge Heap Roots: 0.2ms
[2021-11-05T10:42:31.975-0700][gc,phases   ] GC(20)   Evacuate Collection Set: 20.4ms
[2021-11-05T10:42:31.975-0700][gc,phases   ] GC(20)   Post Evacuate Collection Set: 0.9ms
[2021-11-05T10:42:31.975-0700][gc,phases   ] GC(20)   Other: 2.6ms
[2021-11-05T10:42:31.975-0700][gc,heap     ] GC(20) Eden regions: 45->0(123)
[2021-11-05T10:42:31.976-0700][gc,heap     ] GC(20) Survivor regions: 6->4(7)
[2021-11-05T10:42:31.976-0700][gc,heap     ] GC(20) Old regions: 28->31
[2021-11-05T10:42:31.976-0700][gc,heap     ] GC(20) Archive regions: 2->2
[2021-11-05T10:42:31.976-0700][gc,heap     ] GC(20) Humongous regions: 129->129
[2021-11-05T10:42:31.976-0700][gc,metaspace] GC(20) Metaspace: 39083K(39552K)->39083K(39552K) NonClass: 34510K(34752K)->34510K(34752K) Class: 4573K(4800K)->4573K(4800K)
[2021-11-05T10:42:31.976-0700][gc          ] GC(20) Pause Young (Normal) (G1 Evacuation Pause) 208M->164M(1024M) 25.078ms
[2021-11-05T10:42:31.976-0700][gc,cpu      ] GC(20) User=0.05s Sys=0.02s Real=0.02s
[2021-11-05T10:44:42.440-0700][gc,start    ] GC(21) Pause Young (Normal) (G1 Evacuation Pause)
[2021-11-05T10:44:42.442-0700][gc,task     ] GC(21) Using 8 workers of 8 for evacuation
[2021-11-05T10:44:42.466-0700][gc,mmu      ] GC(21) MMU target violated: 21.0ms (20.0ms/21.0ms)
[2021-11-05T10:44:42.466-0700][gc,phases   ] GC(21)   Pre Evacuate Collection Set: 1.5ms
[2021-11-05T10:44:42.466-0700][gc,phases   ] GC(21)   Merge Heap Roots: 0.3ms
[2021-11-05T10:44:42.466-0700][gc,phases   ] GC(21)   Evacuate Collection Set: 20.3ms
[2021-11-05T10:44:42.466-0700][gc,phases   ] GC(21)   Post Evacuate Collection Set: 1.6ms
[2021-11-05T10:44:42.466-0700][gc,phases   ] GC(21)   Other: 2.4ms
[2021-11-05T10:44:42.466-0700][gc,heap     ] GC(21) Eden regions: 123->0(44)
[2021-11-05T10:44:42.466-0700][gc,heap     ] GC(21) Survivor regions: 4->7(16)
[2021-11-05T10:44:42.466-0700][gc,heap     ] GC(21) Old regions: 31->31
[2021-11-05T10:44:42.466-0700][gc,heap     ] GC(21) Archive regions: 2->2
[2021-11-05T10:44:42.466-0700][gc,heap     ] GC(21) Humongous regions: 129->129
[2021-11-05T10:44:42.466-0700][gc,metaspace] GC(21) Metaspace: 39173K(39680K)->39173K(39680K) NonClass: 34599K(34880K)->34599K(34880K) Class: 4573K(4800K)->4573K(4800K)
[2021-11-05T10:44:42.466-0700][gc          ] GC(21) Pause Young (Normal) (G1 Evacuation Pause) 287M->166M(1024M) 26.174ms
[2021-11-05T10:44:42.466-0700][gc,cpu      ] GC(21) User=0.05s Sys=0.03s Real=0.02s
[2021-11-05T10:45:31.158-0700][gc,start    ] GC(22) Pause Young (Normal) (G1 Evacuation Pause)
[2021-11-05T10:45:31.159-0700][gc,task     ] GC(22) Using 8 workers of 8 for evacuation
[2021-11-05T10:45:31.186-0700][gc,mmu      ] GC(22) MMU target violated: 21.0ms (20.0ms/21.0ms)
[2021-11-05T10:45:31.186-0700][gc,phases   ] GC(22)   Pre Evacuate Collection Set: 1.2ms
[2021-11-05T10:45:31.186-0700][gc,phases   ] GC(22)   Merge Heap Roots: 0.3ms
[2021-11-05T10:45:31.187-0700][gc,phases   ] GC(22)   Evacuate Collection Set: 24.2ms
[2021-11-05T10:45:31.187-0700][gc,phases   ] GC(22)   Post Evacuate Collection Set: 1.1ms
[2021-11-05T10:45:31.187-0700][gc,phases   ] GC(22)   Other: 1.7ms
[2021-11-05T10:45:31.187-0700][gc,heap     ] GC(22) Eden regions: 44->0(115)
[2021-11-05T10:45:31.187-0700][gc,heap     ] GC(22) Survivor regions: 7->4(7)
[2021-11-05T10:45:31.187-0700][gc,heap     ] GC(22) Old regions: 31->37
[2021-11-05T10:45:31.187-0700][gc,heap     ] GC(22) Archive regions: 2->2
[2021-11-05T10:45:31.187-0700][gc,heap     ] GC(22) Humongous regions: 129->129
[2021-11-05T10:45:31.187-0700][gc,metaspace] GC(22) Metaspace: 39179K(39680K)->39179K(39680K) NonClass: 34605K(34880K)->34605K(34880K) Class: 4573K(4800K)->4573K(4800K)
[2021-11-05T10:45:31.187-0700][gc          ] GC(22) Pause Young (Normal) (G1 Evacuation Pause) 210M->169M(1024M) 28.641ms
[2021-11-05T10:45:31.187-0700][gc,cpu      ] GC(22) User=0.06s Sys=0.03s Real=0.03s
[2021-11-05T10:47:36.449-0700][gc,start    ] GC(23) Pause Young (Normal) (G1 Evacuation Pause)
[2021-11-05T10:47:36.450-0700][gc,task     ] GC(23) Using 8 workers of 8 for evacuation
[2021-11-05T10:47:36.477-0700][gc,mmu      ] GC(23) MMU target violated: 21.0ms (20.0ms/21.0ms)
[2021-11-05T10:47:36.477-0700][gc,phases   ] GC(23)   Pre Evacuate Collection Set: 1.3ms
[2021-11-05T10:47:36.477-0700][gc,phases   ] GC(23)   Merge Heap Roots: 0.3ms
[2021-11-05T10:47:36.477-0700][gc,phases   ] GC(23)   Evacuate Collection Set: 22.9ms
[2021-11-05T10:47:36.477-0700][gc,phases   ] GC(23)   Post Evacuate Collection Set: 1.5ms
[2021-11-05T10:47:36.477-0700][gc,phases   ] GC(23)   Other: 1.9ms
[2021-11-05T10:47:36.477-0700][gc,heap     ] GC(23) Eden regions: 111->0(47)
[2021-11-05T10:47:36.477-0700][gc,heap     ] GC(23) Survivor regions: 4->6(15)
[2021-11-05T10:47:36.477-0700][gc,heap     ] GC(23) Old regions: 37->37
[2021-11-05T10:47:36.477-0700][gc,heap     ] GC(23) Archive regions: 2->2
[2021-11-05T10:47:36.477-0700][gc,heap     ] GC(23) Humongous regions: 129->129
[2021-11-05T10:47:36.477-0700][gc,metaspace] GC(23) Metaspace: 39181K(39680K)->39181K(39680K) NonClass: 34607K(34880K)->34607K(34880K) Class: 4573K(4800K)->4573K(4800K)
[2021-11-05T10:47:36.477-0700][gc          ] GC(23) Pause Young (Normal) (G1 Evacuation Pause) 280M->171M(1024M) 28.032ms
[2021-11-05T10:47:36.477-0700][gc,cpu      ] GC(23) User=0.04s Sys=0.04s Real=0.03s
[2021-11-05T10:48:25.686-0700][gc,start    ] GC(24) Pause Young (Normal) (G1 Evacuation Pause)
[2021-11-05T10:48:25.687-0700][gc,task     ] GC(24) Using 8 workers of 8 for evacuation
[2021-11-05T10:48:25.715-0700][gc,mmu      ] GC(24) MMU target violated: 21.0ms (20.0ms/21.0ms)
[2021-11-05T10:48:25.715-0700][gc,phases   ] GC(24)   Pre Evacuate Collection Set: 1.0ms
[2021-11-05T10:48:25.715-0700][gc,phases   ] GC(24)   Merge Heap Roots: 0.5ms
[2021-11-05T10:48:25.715-0700][gc,phases   ] GC(24)   Evacuate Collection Set: 24.8ms
[2021-11-05T10:48:25.715-0700][gc,phases   ] GC(24)   Post Evacuate Collection Set: 1.2ms
[2021-11-05T10:48:25.715-0700][gc,phases   ] GC(24)   Other: 1.4ms
[2021-11-05T10:48:25.715-0700][gc,heap     ] GC(24) Eden regions: 47->0(120)
[2021-11-05T10:48:25.715-0700][gc,heap     ] GC(24) Survivor regions: 6->3(7)
[2021-11-05T10:48:25.715-0700][gc,heap     ] GC(24) Old regions: 37->41
[2021-11-05T10:48:25.715-0700][gc,heap     ] GC(24) Archive regions: 2->2
[2021-11-05T10:48:25.715-0700][gc,heap     ] GC(24) Humongous regions: 129->129
[2021-11-05T10:48:25.715-0700][gc,metaspace] GC(24) Metaspace: 39187K(39680K)->39187K(39680K) NonClass: 34614K(34880K)->34614K(34880K) Class: 4573K(4800K)->4573K(4800K)
[2021-11-05T10:48:25.715-0700][gc          ] GC(24) Pause Young (Normal) (G1 Evacuation Pause) 218M->172M(1024M) 29.028ms
[2021-11-05T10:48:25.715-0700][gc,cpu      ] GC(24) User=0.04s Sys=0.02s Real=0.03s
[2021-11-05T10:50:29.556-0700][gc,start    ] GC(25) Pause Young (Normal) (G1 Evacuation Pause)
[2021-11-05T10:50:29.558-0700][gc,task     ] GC(25) Using 8 workers of 8 for evacuation
[2021-11-05T10:50:29.584-0700][gc,mmu      ] GC(25) MMU target violated: 21.0ms (20.0ms/21.0ms)
[2021-11-05T10:50:29.584-0700][gc,phases   ] GC(25)   Pre Evacuate Collection Set: 1.8ms
[2021-11-05T10:50:29.584-0700][gc,phases   ] GC(25)   Merge Heap Roots: 0.4ms
[2021-11-05T10:50:29.584-0700][gc,phases   ] GC(25)   Evacuate Collection Set: 22.1ms
[2021-11-05T10:50:29.584-0700][gc,phases   ] GC(25)   Post Evacuate Collection Set: 1.7ms
[2021-11-05T10:50:29.584-0700][gc,phases   ] GC(25)   Other: 2.4ms
[2021-11-05T10:50:29.584-0700][gc,heap     ] GC(25) Eden regions: 111->0(47)
[2021-11-05T10:50:29.584-0700][gc,heap     ] GC(25) Survivor regions: 3->6(15)
[2021-11-05T10:50:29.584-0700][gc,heap     ] GC(25) Old regions: 41->41
[2021-11-05T10:50:29.584-0700][gc,heap     ] GC(25) Archive regions: 2->2
[2021-11-05T10:50:29.585-0700][gc,heap     ] GC(25) Humongous regions: 129->129
[2021-11-05T10:50:29.585-0700][gc,metaspace] GC(25) Metaspace: 39191K(39680K)->39191K(39680K) NonClass: 34617K(34880K)->34617K(34880K) Class: 4573K(4800K)->4573K(4800K)
[2021-11-05T10:50:29.585-0700][gc          ] GC(25) Pause Young (Normal) (G1 Evacuation Pause) 283M->175M(1024M) 28.554ms
[2021-11-05T10:50:29.585-0700][gc,cpu      ] GC(25) User=0.04s Sys=0.04s Real=0.03s
[2021-11-05T10:51:25.853-0700][gc,start    ] GC(26) Pause Young (Normal) (G1 Evacuation Pause)
[2021-11-05T10:51:25.853-0700][gc,task     ] GC(26) Using 8 workers of 8 for evacuation
[2021-11-05T10:51:25.877-0700][gc,mmu      ] GC(26) MMU target violated: 21.0ms (20.0ms/21.0ms)
[2021-11-05T10:51:25.877-0700][gc,phases   ] GC(26)   Pre Evacuate Collection Set: 1.3ms
[2021-11-05T10:51:25.877-0700][gc,phases   ] GC(26)   Merge Heap Roots: 0.3ms
[2021-11-05T10:51:25.877-0700][gc,phases   ] GC(26)   Evacuate Collection Set: 19.2ms
[2021-11-05T10:51:25.877-0700][gc,phases   ] GC(26)   Post Evacuate Collection Set: 2.3ms
[2021-11-05T10:51:25.877-0700][gc,phases   ] GC(26)   Other: 1.3ms
[2021-11-05T10:51:25.877-0700][gc,heap     ] GC(26) Eden regions: 47->0(138)
[2021-11-05T10:51:25.877-0700][gc,heap     ] GC(26) Survivor regions: 6->3(7)
[2021-11-05T10:51:25.877-0700][gc,heap     ] GC(26) Old regions: 41->45
[2021-11-05T10:51:25.877-0700][gc,heap     ] GC(26) Archive regions: 2->2
[2021-11-05T10:51:25.877-0700][gc,heap     ] GC(26) Humongous regions: 129->129
[2021-11-05T10:51:25.877-0700][gc,metaspace] GC(26) Metaspace: 39192K(39680K)->39192K(39680K) NonClass: 34618K(34880K)->34618K(34880K) Class: 4573K(4800K)->4573K(4800K)
[2021-11-05T10:51:25.877-0700][gc          ] GC(26) Pause Young (Normal) (G1 Evacuation Pause) 222M->176M(1024M) 24.430ms
[2021-11-05T10:51:25.877-0700][gc,cpu      ] GC(26) User=0.04s Sys=0.04s Real=0.02s
[2021-11-05T10:54:11.515-0700][gc,start    ] GC(27) Pause Young (Normal) (G1 Evacuation Pause)
[2021-11-05T10:54:11.516-0700][gc,task     ] GC(27) Using 8 workers of 8 for evacuation
[2021-11-05T10:54:11.543-0700][gc,mmu      ] GC(27) MMU target violated: 21.0ms (20.0ms/21.0ms)
[2021-11-05T10:54:11.543-0700][gc,phases   ] GC(27)   Pre Evacuate Collection Set: 1.2ms
[2021-11-05T10:54:11.543-0700][gc,phases   ] GC(27)   Merge Heap Roots: 0.3ms
[2021-11-05T10:54:11.543-0700][gc,phases   ] GC(27)   Evacuate Collection Set: 23.0ms
[2021-11-05T10:54:11.543-0700][gc,phases   ] GC(27)   Post Evacuate Collection Set: 1.7ms
[2021-11-05T10:54:11.543-0700][gc,phases   ] GC(27)   Other: 2.2ms
[2021-11-05T10:54:11.543-0700][gc,heap     ] GC(27) Eden regions: 138->0(44)
[2021-11-05T10:54:11.543-0700][gc,heap     ] GC(27) Survivor regions: 3->7(18)
[2021-11-05T10:54:11.543-0700][gc,heap     ] GC(27) Old regions: 45->45
[2021-11-05T10:54:11.543-0700][gc,heap     ] GC(27) Archive regions: 2->2
[2021-11-05T10:54:11.543-0700][gc,heap     ] GC(27) Humongous regions: 129->129
[2021-11-05T10:54:11.543-0700][gc,metaspace] GC(27) Metaspace: 39216K(39680K)->39216K(39680K) NonClass: 34642K(34880K)->34642K(34880K) Class: 4573K(4800K)->4573K(4800K)
[2021-11-05T10:54:11.543-0700][gc          ] GC(27) Pause Young (Normal) (G1 Evacuation Pause) 314M->180M(1024M) 28.492ms
[2021-11-05T10:54:11.543-0700][gc,cpu      ] GC(27) User=0.05s Sys=0.05s Real=0.03s
[2021-11-05T10:55:04.249-0700][gc,start    ] GC(28) Pause Young (Normal) (G1 Evacuation Pause)
[2021-11-05T10:55:04.250-0700][gc,task     ] GC(28) Using 8 workers of 8 for evacuation
[2021-11-05T10:55:04.276-0700][gc,mmu      ] GC(28) MMU target violated: 21.0ms (20.0ms/21.0ms)
[2021-11-05T10:55:04.276-0700][gc,phases   ] GC(28)   Pre Evacuate Collection Set: 1.6ms
[2021-11-05T10:55:04.276-0700][gc,phases   ] GC(28)   Merge Heap Roots: 0.3ms
[2021-11-05T10:55:04.276-0700][gc,phases   ] GC(28)   Evacuate Collection Set: 21.1ms
[2021-11-05T10:55:04.276-0700][gc,phases   ] GC(28)   Post Evacuate Collection Set: 2.3ms
[2021-11-05T10:55:04.277-0700][gc,phases   ] GC(28)   Other: 2.0ms
[2021-11-05T10:55:04.277-0700][gc,heap     ] GC(28) Eden regions: 44->0(149)
[2021-11-05T10:55:04.277-0700][gc,heap     ] GC(28) Survivor regions: 7->2(7)
[2021-11-05T10:55:04.277-0700][gc,heap     ] GC(28) Old regions: 45->50
[2021-11-05T10:55:04.277-0700][gc,heap     ] GC(28) Archive regions: 2->2
[2021-11-05T10:55:04.277-0700][gc,heap     ] GC(28) Humongous regions: 129->129
[2021-11-05T10:55:04.277-0700][gc,metaspace] GC(28) Metaspace: 39216K(39680K)->39216K(39680K) NonClass: 34642K(34880K)->34642K(34880K) Class: 4573K(4800K)->4573K(4800K)
[2021-11-05T10:55:04.277-0700][gc          ] GC(28) Pause Young (Normal) (G1 Evacuation Pause) 224M->181M(1024M) 27.614ms
[2021-11-05T10:55:04.277-0700][gc,cpu      ] GC(28) User=0.05s Sys=0.03s Real=0.03s
[2021-11-05T10:58:03.431-0700][gc,start    ] GC(29) Pause Young (Normal) (G1 Evacuation Pause)
[2021-11-05T10:58:03.433-0700][gc,task     ] GC(29) Using 8 workers of 8 for evacuation
[2021-11-05T10:58:03.472-0700][gc,mmu      ] GC(29) MMU target violated: 21.0ms (20.0ms/21.0ms)
[2021-11-05T10:58:03.473-0700][gc,phases   ] GC(29)   Pre Evacuate Collection Set: 1.5ms
[2021-11-05T10:58:03.473-0700][gc,phases   ] GC(29)   Merge Heap Roots: 0.3ms
[2021-11-05T10:58:03.473-0700][gc,phases   ] GC(29)   Evacuate Collection Set: 36.2ms
[2021-11-05T10:58:03.473-0700][gc,phases   ] GC(29)   Post Evacuate Collection Set: 1.3ms
[2021-11-05T10:58:03.473-0700][gc,phases   ] GC(29)   Other: 2.6ms
[2021-11-05T10:58:03.473-0700][gc,heap     ] GC(29) Eden regions: 149->0(45)
[2021-11-05T10:58:03.473-0700][gc,heap     ] GC(29) Survivor regions: 2->6(19)
[2021-11-05T10:58:03.473-0700][gc,heap     ] GC(29) Old regions: 50->50
[2021-11-05T10:58:03.473-0700][gc,heap     ] GC(29) Archive regions: 2->2
[2021-11-05T10:58:03.473-0700][gc,heap     ] GC(29) Humongous regions: 129->129
[2021-11-05T10:58:03.473-0700][gc,metaspace] GC(29) Metaspace: 39224K(39680K)->39224K(39680K) NonClass: 34650K(34880K)->34650K(34880K) Class: 4573K(4800K)->4573K(4800K)
[2021-11-05T10:58:03.473-0700][gc          ] GC(29) Pause Young (Normal) (G1 Evacuation Pause) 330M->185M(1024M) 42.035ms
[2021-11-05T10:58:03.474-0700][gc,cpu      ] GC(29) User=0.04s Sys=0.05s Real=0.04s
[2021-11-05T10:58:57.052-0700][gc,start    ] GC(30) Pause Young (Normal) (G1 Evacuation Pause)
[2021-11-05T10:58:57.053-0700][gc,task     ] GC(30) Using 8 workers of 8 for evacuation
[2021-11-05T10:58:57.085-0700][gc,mmu      ] GC(30) MMU target violated: 21.0ms (20.0ms/21.0ms)
[2021-11-05T10:58:57.085-0700][gc,phases   ] GC(30)   Pre Evacuate Collection Set: 1.7ms
[2021-11-05T10:58:57.085-0700][gc,phases   ] GC(30)   Merge Heap Roots: 0.4ms
[2021-11-05T10:58:57.085-0700][gc,phases   ] GC(30)   Evacuate Collection Set: 23.2ms
[2021-11-05T10:58:57.085-0700][gc,phases   ] GC(30)   Post Evacuate Collection Set: 5.8ms
[2021-11-05T10:58:57.085-0700][gc,phases   ] GC(30)   Other: 2.0ms
[2021-11-05T10:58:57.085-0700][gc,heap     ] GC(30) Eden regions: 45->0(97)
[2021-11-05T10:58:57.085-0700][gc,heap     ] GC(30) Survivor regions: 6->3(7)
[2021-11-05T10:58:57.085-0700][gc,heap     ] GC(30) Old regions: 50->55
[2021-11-05T10:58:57.085-0700][gc,heap     ] GC(30) Archive regions: 2->2
[2021-11-05T10:58:57.085-0700][gc,heap     ] GC(30) Humongous regions: 129->129
[2021-11-05T10:58:57.085-0700][gc,metaspace] GC(30) Metaspace: 39229K(39680K)->39229K(39680K) NonClass: 34656K(34880K)->34656K(34880K) Class: 4573K(4800K)->4573K(4800K)
[2021-11-05T10:58:57.085-0700][gc          ] GC(30) Pause Young (Normal) (G1 Evacuation Pause) 230M->187M(1024M) 33.138ms
[2021-11-05T10:58:57.085-0700][gc,cpu      ] GC(30) User=0.06s Sys=0.05s Real=0.03s
[2021-11-05T11:00:34.637-0700][gc,start    ] GC(31) Pause Young (Normal) (G1 Evacuation Pause)
[2021-11-05T11:00:34.639-0700][gc,task     ] GC(31) Using 8 workers of 8 for evacuation
[2021-11-05T11:00:34.666-0700][gc,mmu      ] GC(31) MMU target violated: 21.0ms (20.0ms/21.0ms)
[2021-11-05T11:00:34.666-0700][gc,phases   ] GC(31)   Pre Evacuate Collection Set: 0.6ms
[2021-11-05T11:00:34.666-0700][gc,phases   ] GC(31)   Merge Heap Roots: 0.2ms
[2021-11-05T11:00:34.666-0700][gc,phases   ] GC(31)   Evacuate Collection Set: 25.0ms
[2021-11-05T11:00:34.666-0700][gc,phases   ] GC(31)   Post Evacuate Collection Set: 0.7ms
[2021-11-05T11:00:34.666-0700][gc,phases   ] GC(31)   Other: 2.1ms
[2021-11-05T11:00:34.666-0700][gc,heap     ] GC(31) Eden regions: 82->0(46)
[2021-11-05T11:00:34.666-0700][gc,heap     ] GC(31) Survivor regions: 3->5(11)
[2021-11-05T11:00:34.666-0700][gc,heap     ] GC(31) Old regions: 55->55
[2021-11-05T11:00:34.666-0700][gc,heap     ] GC(31) Archive regions: 2->2
[2021-11-05T11:00:34.666-0700][gc,heap     ] GC(31) Humongous regions: 129->129
[2021-11-05T11:00:34.666-0700][gc,metaspace] GC(31) Metaspace: 39230K(39680K)->39230K(39680K) NonClass: 34656K(34880K)->34656K(34880K) Class: 4573K(4800K)->4573K(4800K)
[2021-11-05T11:00:34.666-0700][gc          ] GC(31) Pause Young (Normal) (G1 Evacuation Pause) 269M->189M(1024M) 28.703ms
[2021-11-05T11:00:34.666-0700][gc,cpu      ] GC(31) User=0.03s Sys=0.02s Real=0.03s
[2021-11-05T11:01:29.295-0700][gc,start    ] GC(32) Pause Young (Normal) (G1 Evacuation Pause)
[2021-11-05T11:01:29.296-0700][gc,task     ] GC(32) Using 8 workers of 8 for evacuation
[2021-11-05T11:01:29.316-0700][gc,phases   ] GC(32)   Pre Evacuate Collection Set: 0.7ms
[2021-11-05T11:01:29.316-0700][gc,phases   ] GC(32)   Merge Heap Roots: 0.2ms
[2021-11-05T11:01:29.316-0700][gc,phases   ] GC(32)   Evacuate Collection Set: 17.4ms
[2021-11-05T11:01:29.316-0700][gc,phases   ] GC(32)   Post Evacuate Collection Set: 1.6ms
[2021-11-05T11:01:29.316-0700][gc,phases   ] GC(32)   Other: 1.3ms
[2021-11-05T11:01:29.316-0700][gc,heap     ] GC(32) Eden regions: 46->0(45)
[2021-11-05T11:01:29.316-0700][gc,heap     ] GC(32) Survivor regions: 5->6(7)
[2021-11-05T11:01:29.316-0700][gc,heap     ] GC(32) Old regions: 55->57
[2021-11-05T11:01:29.316-0700][gc,heap     ] GC(32) Archive regions: 2->2
[2021-11-05T11:01:29.316-0700][gc,heap     ] GC(32) Humongous regions: 129->129
[2021-11-05T11:01:29.316-0700][gc,metaspace] GC(32) Metaspace: 39232K(39680K)->39232K(39680K) NonClass: 34658K(34880K)->34658K(34880K) Class: 4573K(4800K)->4573K(4800K)
[2021-11-05T11:01:29.316-0700][gc          ] GC(32) Pause Young (Normal) (G1 Evacuation Pause) 235M->191M(1024M) 21.388ms
[2021-11-05T11:01:29.316-0700][gc,cpu      ] GC(32) User=0.03s Sys=0.02s Real=0.02s
[2021-11-05T11:02:22.589-0700][gc,start    ] GC(33) Pause Young (Normal) (G1 Evacuation Pause)
[2021-11-05T11:02:22.590-0700][gc,task     ] GC(33) Using 8 workers of 8 for evacuation
[2021-11-05T11:02:22.615-0700][gc,mmu      ] GC(33) MMU target violated: 21.0ms (20.0ms/21.0ms)
[2021-11-05T11:02:22.615-0700][gc,phases   ] GC(33)   Pre Evacuate Collection Set: 0.7ms
[2021-11-05T11:02:22.615-0700][gc,phases   ] GC(33)   Merge Heap Roots: 0.2ms
[2021-11-05T11:02:22.615-0700][gc,phases   ] GC(33)   Evacuate Collection Set: 22.9ms
[2021-11-05T11:02:22.615-0700][gc,phases   ] GC(33)   Post Evacuate Collection Set: 1.6ms
[2021-11-05T11:02:22.615-0700][gc,phases   ] GC(33)   Other: 1.3ms
[2021-11-05T11:02:22.615-0700][gc,heap     ] GC(33) Eden regions: 45->0(85)
[2021-11-05T11:02:22.615-0700][gc,heap     ] GC(33) Survivor regions: 6->4(7)
[2021-11-05T11:02:22.615-0700][gc,heap     ] GC(33) Old regions: 57->59
[2021-11-05T11:02:22.615-0700][gc,heap     ] GC(33) Archive regions: 2->2
[2021-11-05T11:02:22.615-0700][gc,heap     ] GC(33) Humongous regions: 129->129
[2021-11-05T11:02:22.615-0700][gc,metaspace] GC(33) Metaspace: 39246K(39808K)->39246K(39808K) NonClass: 34673K(35008K)->34673K(35008K) Class: 4573K(4800K)->4573K(4800K)
[2021-11-05T11:02:22.616-0700][gc          ] GC(33) Pause Young (Normal) (G1 Evacuation Pause) 236M->192M(1024M) 26.958ms
[2021-11-05T11:02:22.616-0700][gc,cpu      ] GC(33) User=0.05s Sys=0.02s Real=0.03s
[2021-11-05T11:03:51.264-0700][gc,start    ] GC(34) Pause Young (Normal) (G1 Evacuation Pause)
[2021-11-05T11:03:51.265-0700][gc,task     ] GC(34) Using 8 workers of 8 for evacuation
[2021-11-05T11:03:51.291-0700][gc,mmu      ] GC(34) MMU target violated: 21.0ms (20.0ms/21.0ms)
[2021-11-05T11:03:51.291-0700][gc,phases   ] GC(34)   Pre Evacuate Collection Set: 0.8ms
[2021-11-05T11:03:51.291-0700][gc,phases   ] GC(34)   Merge Heap Roots: 0.2ms
[2021-11-05T11:03:51.291-0700][gc,phases   ] GC(34)   Evacuate Collection Set: 22.1ms
[2021-11-05T11:03:51.291-0700][gc,phases   ] GC(34)   Post Evacuate Collection Set: 2.9ms
[2021-11-05T11:03:51.291-0700][gc,phases   ] GC(34)   Other: 1.1ms
[2021-11-05T11:03:51.291-0700][gc,heap     ] GC(34) Eden regions: 74->0(45)
[2021-11-05T11:03:51.291-0700][gc,heap     ] GC(34) Survivor regions: 4->6(10)
[2021-11-05T11:03:51.291-0700][gc,heap     ] GC(34) Old regions: 59->59
[2021-11-05T11:03:51.291-0700][gc,heap     ] GC(34) Archive regions: 2->2
[2021-11-05T11:03:51.291-0700][gc,heap     ] GC(34) Humongous regions: 129->129
[2021-11-05T11:03:51.291-0700][gc,metaspace] GC(34) Metaspace: 39250K(39808K)->39250K(39808K) NonClass: 34677K(35008K)->34677K(35008K) Class: 4573K(4800K)->4573K(4800K)
[2021-11-05T11:03:51.291-0700][gc          ] GC(34) Pause Young (Normal) (G1 Evacuation Pause) 266M->194M(1024M) 27.353ms
[2021-11-05T11:03:51.291-0700][gc,cpu      ] GC(34) User=0.04s Sys=0.03s Real=0.03s
[2021-11-05T11:04:45.012-0700][gc,start    ] GC(35) Pause Young (Normal) (G1 Evacuation Pause)
[2021-11-05T11:04:45.015-0700][gc,task     ] GC(35) Using 8 workers of 8 for evacuation
[2021-11-05T11:04:45.053-0700][gc,mmu      ] GC(35) MMU target violated: 21.0ms (20.0ms/21.0ms)
[2021-11-05T11:04:45.053-0700][gc,phases   ] GC(35)   Pre Evacuate Collection Set: 1.8ms
[2021-11-05T11:04:45.053-0700][gc,phases   ] GC(35)   Merge Heap Roots: 0.3ms
[2021-11-05T11:04:45.053-0700][gc,phases   ] GC(35)   Evacuate Collection Set: 34.5ms
[2021-11-05T11:04:45.053-0700][gc,phases   ] GC(35)   Post Evacuate Collection Set: 1.3ms
[2021-11-05T11:04:45.053-0700][gc,phases   ] GC(35)   Other: 2.9ms
[2021-11-05T11:04:45.053-0700][gc,heap     ] GC(35) Eden regions: 45->0(87)
[2021-11-05T11:04:45.053-0700][gc,heap     ] GC(35) Survivor regions: 6->4(7)
[2021-11-05T11:04:45.053-0700][gc,heap     ] GC(35) Old regions: 59->62
[2021-11-05T11:04:45.053-0700][gc,heap     ] GC(35) Archive regions: 2->2
[2021-11-05T11:04:45.053-0700][gc,heap     ] GC(35) Humongous regions: 129->129
[2021-11-05T11:04:45.053-0700][gc,metaspace] GC(35) Metaspace: 39251K(39808K)->39251K(39808K) NonClass: 34678K(35008K)->34678K(35008K) Class: 4573K(4800K)->4573K(4800K)
[2021-11-05T11:04:45.053-0700][gc          ] GC(35) Pause Young (Normal) (G1 Evacuation Pause) 239M->195M(1024M) 40.837ms
[2021-11-05T11:04:45.053-0700][gc,cpu      ] GC(35) User=0.05s Sys=0.04s Real=0.04s
[2021-11-05T11:06:07.668-0700][gc,start    ] GC(36) Pause Young (Normal) (G1 Evacuation Pause)
[2021-11-05T11:06:07.669-0700][gc,task     ] GC(36) Using 8 workers of 8 for evacuation
[2021-11-05T11:06:07.704-0700][gc,mmu      ] GC(36) MMU target violated: 21.0ms (20.0ms/21.0ms)
[2021-11-05T11:06:07.705-0700][gc,phases   ] GC(36)   Pre Evacuate Collection Set: 1.5ms
[2021-11-05T11:06:07.705-0700][gc,phases   ] GC(36)   Merge Heap Roots: 0.4ms
[2021-11-05T11:06:07.705-0700][gc,phases   ] GC(36)   Evacuate Collection Set: 31.5ms
[2021-11-05T11:06:07.705-0700][gc,phases   ] GC(36)   Post Evacuate Collection Set: 1.6ms
[2021-11-05T11:06:07.705-0700][gc,phases   ] GC(36)   Other: 1.6ms
[2021-11-05T11:06:07.705-0700][gc,heap     ] GC(36) Eden regions: 69->0(44)
[2021-11-05T11:06:07.705-0700][gc,heap     ] GC(36) Survivor regions: 4->7(10)
[2021-11-05T11:06:07.705-0700][gc,heap     ] GC(36) Old regions: 62->62
[2021-11-05T11:06:07.705-0700][gc,heap     ] GC(36) Archive regions: 2->2
[2021-11-05T11:06:07.705-0700][gc,heap     ] GC(36) Humongous regions: 129->129
[2021-11-05T11:06:07.705-0700][gc,metaspace] GC(36) Metaspace: 39274K(39808K)->39274K(39808K) NonClass: 34701K(35008K)->34701K(35008K) Class: 4573K(4800K)->4573K(4800K)
[2021-11-05T11:06:07.705-0700][gc          ] GC(36) Pause Young (Normal) (G1 Evacuation Pause) 264M->197M(1024M) 36.793ms
[2021-11-05T11:06:07.705-0700][gc,cpu      ] GC(36) User=0.05s Sys=0.04s Real=0.04s
[2021-11-05T11:07:00.165-0700][gc,start    ] GC(37) Pause Young (Normal) (G1 Evacuation Pause)
[2021-11-05T11:07:00.181-0700][gc,task     ] GC(37) Using 8 workers of 8 for evacuation
[2021-11-05T11:07:00.206-0700][gc,mmu      ] GC(37) MMU target violated: 21.0ms (20.0ms/21.0ms)
[2021-11-05T11:07:00.206-0700][gc,phases   ] GC(37)   Pre Evacuate Collection Set: 0.7ms
[2021-11-05T11:07:00.206-0700][gc,phases   ] GC(37)   Merge Heap Roots: 0.2ms
[2021-11-05T11:07:00.206-0700][gc,phases   ] GC(37)   Evacuate Collection Set: 22.3ms
[2021-11-05T11:07:00.206-0700][gc,phases   ] GC(37)   Post Evacuate Collection Set: 0.9ms
[2021-11-05T11:07:00.206-0700][gc,phases   ] GC(37)   Other: 16.7ms
[2021-11-05T11:07:00.206-0700][gc,heap     ] GC(37) Eden regions: 44->0(78)
[2021-11-05T11:07:00.206-0700][gc,heap     ] GC(37) Survivor regions: 7->4(7)
[2021-11-05T11:07:00.206-0700][gc,heap     ] GC(37) Old regions: 62->65
[2021-11-05T11:07:00.206-0700][gc,heap     ] GC(37) Archive regions: 2->2
[2021-11-05T11:07:00.206-0700][gc,heap     ] GC(37) Humongous regions: 129->129
[2021-11-05T11:07:00.206-0700][gc,metaspace] GC(37) Metaspace: 39276K(39808K)->39276K(39808K) NonClass: 34702K(35008K)->34702K(35008K) Class: 4573K(4800K)->4573K(4800K)
[2021-11-05T11:07:00.206-0700][gc          ] GC(37) Pause Young (Normal) (G1 Evacuation Pause) 241M->198M(1024M) 41.058ms
[2021-11-05T11:07:00.206-0700][gc,cpu      ] GC(37) User=0.04s Sys=0.02s Real=0.04s
[2021-11-05T11:08:33.279-0700][gc,start    ] GC(38) Pause Young (Normal) (G1 Evacuation Pause)
[2021-11-05T11:08:33.281-0700][gc,task     ] GC(38) Using 8 workers of 8 for evacuation
[2021-11-05T11:08:33.311-0700][gc,mmu      ] GC(38) MMU target violated: 21.0ms (20.0ms/21.0ms)
[2021-11-05T11:08:33.312-0700][gc,phases   ] GC(38)   Pre Evacuate Collection Set: 1.3ms
[2021-11-05T11:08:33.312-0700][gc,phases   ] GC(38)   Merge Heap Roots: 0.3ms
[2021-11-05T11:08:33.312-0700][gc,phases   ] GC(38)   Evacuate Collection Set: 27.0ms
[2021-11-05T11:08:33.312-0700][gc,phases   ] GC(38)   Post Evacuate Collection Set: 1.4ms
[2021-11-05T11:08:33.312-0700][gc,phases   ] GC(38)   Other: 2.7ms
[2021-11-05T11:08:33.312-0700][gc,heap     ] GC(38) Eden regions: 78->0(44)
[2021-11-05T11:08:33.312-0700][gc,heap     ] GC(38) Survivor regions: 4->7(11)
[2021-11-05T11:08:33.312-0700][gc,heap     ] GC(38) Old regions: 65->65
[2021-11-05T11:08:33.312-0700][gc,heap     ] GC(38) Archive regions: 2->2
[2021-11-05T11:08:33.312-0700][gc,heap     ] GC(38) Humongous regions: 129->129
[2021-11-05T11:08:33.312-0700][gc,metaspace] GC(38) Metaspace: 39282K(39808K)->39282K(39808K) NonClass: 34709K(35008K)->34709K(35008K) Class: 4573K(4800K)->4573K(4800K)
[2021-11-05T11:08:33.312-0700][gc          ] GC(38) Pause Young (Normal) (G1 Evacuation Pause) 276M->200M(1024M) 32.729ms
[2021-11-05T11:08:33.312-0700][gc,cpu      ] GC(38) User=0.05s Sys=0.04s Real=0.04s
[2021-11-05T11:09:25.667-0700][gc,start    ] GC(39) Pause Young (Normal) (G1 Evacuation Pause)
[2021-11-05T11:09:25.669-0700][gc,task     ] GC(39) Using 8 workers of 8 for evacuation
[2021-11-05T11:09:25.705-0700][gc,mmu      ] GC(39) MMU target violated: 21.0ms (20.0ms/21.0ms)
[2021-11-05T11:09:25.705-0700][gc,phases   ] GC(39)   Pre Evacuate Collection Set: 1.5ms
[2021-11-05T11:09:25.705-0700][gc,phases   ] GC(39)   Merge Heap Roots: 0.4ms
[2021-11-05T11:09:25.705-0700][gc,phases   ] GC(39)   Evacuate Collection Set: 32.2ms
[2021-11-05T11:09:25.705-0700][gc,phases   ] GC(39)   Post Evacuate Collection Set: 1.9ms
[2021-11-05T11:09:25.705-0700][gc,phases   ] GC(39)   Other: 2.6ms
[2021-11-05T11:09:25.705-0700][gc,heap     ] GC(39) Eden regions: 44->0(45)
[2021-11-05T11:09:25.705-0700][gc,heap     ] GC(39) Survivor regions: 7->6(7)
[2021-11-05T11:09:25.706-0700][gc,heap     ] GC(39) Old regions: 65->68
[2021-11-05T11:09:25.706-0700][gc,heap     ] GC(39) Archive regions: 2->2
[2021-11-05T11:09:25.706-0700][gc,heap     ] GC(39) Humongous regions: 129->129
[2021-11-05T11:09:25.706-0700][gc,metaspace] GC(39) Metaspace: 39287K(39808K)->39287K(39808K) NonClass: 34714K(35008K)->34714K(35008K) Class: 4573K(4800K)->4573K(4800K)
[2021-11-05T11:09:25.706-0700][gc          ] GC(39) Pause Young (Normal) (G1 Evacuation Pause) 244M->203M(1024M) 38.573ms
[2021-11-05T11:09:25.706-0700][gc,cpu      ] GC(39) User=0.05s Sys=0.05s Real=0.04s
[2021-11-05T11:10:19.302-0700][gc,start    ] GC(40) Pause Young (Normal) (G1 Evacuation Pause)
[2021-11-05T11:10:19.303-0700][gc,task     ] GC(40) Using 8 workers of 8 for evacuation
[2021-11-05T11:10:19.329-0700][gc,mmu      ] GC(40) MMU target violated: 21.0ms (20.0ms/21.0ms)
[2021-11-05T11:10:19.329-0700][gc,phases   ] GC(40)   Pre Evacuate Collection Set: 0.8ms
[2021-11-05T11:10:19.329-0700][gc,phases   ] GC(40)   Merge Heap Roots: 0.2ms
[2021-11-05T11:10:19.329-0700][gc,phases   ] GC(40)   Evacuate Collection Set: 20.6ms
[2021-11-05T11:10:19.329-0700][gc,phases   ] GC(40)   Post Evacuate Collection Set: 4.2ms
[2021-11-05T11:10:19.329-0700][gc,phases   ] GC(40)   Other: 1.8ms
[2021-11-05T11:10:19.329-0700][gc,heap     ] GC(40) Eden regions: 45->0(78)
[2021-11-05T11:10:19.329-0700][gc,heap     ] GC(40) Survivor regions: 6->4(7)
[2021-11-05T11:10:19.329-0700][gc,heap     ] GC(40) Old regions: 68->71
[2021-11-05T11:10:19.329-0700][gc,heap     ] GC(40) Archive regions: 2->2
[2021-11-05T11:10:19.329-0700][gc,heap     ] GC(40) Humongous regions: 129->129
[2021-11-05T11:10:19.329-0700][gc,metaspace] GC(40) Metaspace: 39292K(39808K)->39292K(39808K) NonClass: 34718K(35008K)->34718K(35008K) Class: 4573K(4800K)->4573K(4800K)
[2021-11-05T11:10:19.329-0700][gc          ] GC(40) Pause Young (Normal) (G1 Evacuation Pause) 248M->204M(1024M) 27.526ms
[2021-11-05T11:10:19.329-0700][gc,cpu      ] GC(40) User=0.04s Sys=0.03s Real=0.02s
[2021-11-05T11:11:30.611-0700][gc,start    ] GC(41) Pause Young (Normal) (G1 Evacuation Pause)
[2021-11-05T11:11:30.611-0700][gc,task     ] GC(41) Using 8 workers of 8 for evacuation
[2021-11-05T11:11:30.634-0700][gc,mmu      ] GC(41) MMU target violated: 21.0ms (20.0ms/21.0ms)
[2021-11-05T11:11:30.635-0700][gc,phases   ] GC(41)   Pre Evacuate Collection Set: 1.5ms
[2021-11-05T11:11:30.635-0700][gc,phases   ] GC(41)   Merge Heap Roots: 0.3ms
[2021-11-05T11:11:30.635-0700][gc,phases   ] GC(41)   Evacuate Collection Set: 19.3ms
[2021-11-05T11:11:30.635-0700][gc,phases   ] GC(41)   Post Evacuate Collection Set: 1.5ms
[2021-11-05T11:11:30.635-0700][gc,phases   ] GC(41)   Other: 1.6ms
[2021-11-05T11:11:30.635-0700][gc,heap     ] GC(41) Eden regions: 60->0(76)
[2021-11-05T11:11:30.635-0700][gc,heap     ] GC(41) Survivor regions: 4->5(8)
[2021-11-05T11:11:30.635-0700][gc,heap     ] GC(41) Old regions: 71->71
[2021-11-05T11:11:30.635-0700][gc,heap     ] GC(41) Archive regions: 2->2
[2021-11-05T11:11:30.635-0700][gc,heap     ] GC(41) Humongous regions: 129->129
[2021-11-05T11:11:30.635-0700][gc,metaspace] GC(41) Metaspace: 39302K(39808K)->39302K(39808K) NonClass: 34728K(35008K)->34728K(35008K) Class: 4573K(4800K)->4573K(4800K)
[2021-11-05T11:11:30.635-0700][gc          ] GC(41) Pause Young (Normal) (G1 Evacuation Pause) 264M->205M(1024M) 24.303ms
[2021-11-05T11:11:30.635-0700][gc,cpu      ] GC(41) User=0.04s Sys=0.03s Real=0.02s
[2021-11-05T11:13:01.235-0700][gc,start    ] GC(42) Pause Young (Normal) (G1 Evacuation Pause)
[2021-11-05T11:13:01.236-0700][gc,task     ] GC(42) Using 8 workers of 8 for evacuation
[2021-11-05T11:13:01.272-0700][gc,mmu      ] GC(42) MMU target violated: 21.0ms (20.0ms/21.0ms)
[2021-11-05T11:13:01.272-0700][gc,phases   ] GC(42)   Pre Evacuate Collection Set: 1.3ms
[2021-11-05T11:13:01.272-0700][gc,phases   ] GC(42)   Merge Heap Roots: 0.3ms
[2021-11-05T11:13:01.272-0700][gc,phases   ] GC(42)   Evacuate Collection Set: 32.6ms
[2021-11-05T11:13:01.272-0700][gc,phases   ] GC(42)   Post Evacuate Collection Set: 0.9ms
[2021-11-05T11:13:01.272-0700][gc,phases   ] GC(42)   Other: 1.6ms
[2021-11-05T11:13:01.272-0700][gc,heap     ] GC(42) Eden regions: 76->0(56)
[2021-11-05T11:13:01.272-0700][gc,heap     ] GC(42) Survivor regions: 5->8(11)
[2021-11-05T11:13:01.272-0700][gc,heap     ] GC(42) Old regions: 71->71
[2021-11-05T11:13:01.272-0700][gc,heap     ] GC(42) Archive regions: 2->2
[2021-11-05T11:13:01.272-0700][gc,heap     ] GC(42) Humongous regions: 129->129
[2021-11-05T11:13:01.272-0700][gc,metaspace] GC(42) Metaspace: 39309K(39808K)->39309K(39808K) NonClass: 34735K(35008K)->34735K(35008K) Class: 4573K(4800K)->4573K(4800K)
[2021-11-05T11:13:01.272-0700][gc          ] GC(42) Pause Young (Normal) (G1 Evacuation Pause) 281M->207M(1024M) 36.620ms
[2021-11-05T11:13:01.272-0700][gc,cpu      ] GC(42) User=0.04s Sys=0.04s Real=0.04s
[2021-11-05T11:14:07.785-0700][gc,start    ] GC(43) Pause Young (Normal) (G1 Evacuation Pause)
[2021-11-05T11:14:07.787-0700][gc,task     ] GC(43) Using 8 workers of 8 for evacuation
[2021-11-05T11:14:07.816-0700][gc,mmu      ] GC(43) MMU target violated: 21.0ms (20.0ms/21.0ms)
[2021-11-05T11:14:07.816-0700][gc,phases   ] GC(43)   Pre Evacuate Collection Set: 1.7ms
[2021-11-05T11:14:07.816-0700][gc,phases   ] GC(43)   Merge Heap Roots: 0.3ms
[2021-11-05T11:14:07.816-0700][gc,phases   ] GC(43)   Evacuate Collection Set: 24.5ms
[2021-11-05T11:14:07.816-0700][gc,phases   ] GC(43)   Post Evacuate Collection Set: 2.1ms
[2021-11-05T11:14:07.816-0700][gc,phases   ] GC(43)   Other: 2.7ms
[2021-11-05T11:14:07.816-0700][gc,heap     ] GC(43) Eden regions: 56->0(74)
[2021-11-05T11:14:07.816-0700][gc,heap     ] GC(43) Survivor regions: 8->6(8)
[2021-11-05T11:14:07.816-0700][gc,heap     ] GC(43) Old regions: 71->75
[2021-11-05T11:14:07.816-0700][gc,heap     ] GC(43) Archive regions: 2->2
[2021-11-05T11:14:07.816-0700][gc,heap     ] GC(43) Humongous regions: 129->129
[2021-11-05T11:14:07.816-0700][gc,metaspace] GC(43) Metaspace: 39311K(39808K)->39311K(39808K) NonClass: 34737K(35008K)->34737K(35008K) Class: 4573K(4800K)->4573K(4800K)
[2021-11-05T11:14:07.817-0700][gc          ] GC(43) Pause Young (Normal) (G1 Evacuation Pause) 263M->209M(1024M) 31.411ms
[2021-11-05T11:14:07.817-0700][gc,cpu      ] GC(43) User=0.06s Sys=0.05s Real=0.03s
[2021-11-05T11:15:37.087-0700][gc,start    ] GC(44) Pause Young (Normal) (G1 Evacuation Pause)
[2021-11-05T11:15:37.088-0700][gc,task     ] GC(44) Using 8 workers of 8 for evacuation
[2021-11-05T11:15:37.114-0700][gc,mmu      ] GC(44) MMU target violated: 21.0ms (20.0ms/21.0ms)
[2021-11-05T11:15:37.114-0700][gc,phases   ] GC(44)   Pre Evacuate Collection Set: 1.1ms
[2021-11-05T11:15:37.114-0700][gc,phases   ] GC(44)   Merge Heap Roots: 0.3ms
[2021-11-05T11:15:37.114-0700][gc,phases   ] GC(44)   Evacuate Collection Set: 22.7ms
[2021-11-05T11:15:37.114-0700][gc,phases   ] GC(44)   Post Evacuate Collection Set: 1.6ms
[2021-11-05T11:15:37.114-0700][gc,phases   ] GC(44)   Other: 2.2ms
[2021-11-05T11:15:37.114-0700][gc,heap     ] GC(44) Eden regions: 74->0(43)
[2021-11-05T11:15:37.114-0700][gc,heap     ] GC(44) Survivor regions: 6->8(10)
[2021-11-05T11:15:37.114-0700][gc,heap     ] GC(44) Old regions: 75->75
[2021-11-05T11:15:37.114-0700][gc,heap     ] GC(44) Archive regions: 2->2
[2021-11-05T11:15:37.115-0700][gc,heap     ] GC(44) Humongous regions: 129->129
[2021-11-05T11:15:37.115-0700][gc,metaspace] GC(44) Metaspace: 39316K(39808K)->39316K(39808K) NonClass: 34742K(35008K)->34742K(35008K) Class: 4573K(4800K)->4573K(4800K)
[2021-11-05T11:15:37.115-0700][gc          ] GC(44) Pause Young (Normal) (G1 Evacuation Pause) 283M->211M(1024M) 28.011ms
[2021-11-05T11:15:37.115-0700][gc,cpu      ] GC(44) User=0.05s Sys=0.04s Real=0.03s
[2021-11-05T11:16:29.140-0700][gc,start    ] GC(45) Pause Young (Normal) (G1 Evacuation Pause)
[2021-11-05T11:16:29.141-0700][gc,task     ] GC(45) Using 8 workers of 8 for evacuation
[2021-11-05T11:16:29.168-0700][gc,mmu      ] GC(45) MMU target violated: 21.0ms (20.0ms/21.0ms)
[2021-11-05T11:16:29.168-0700][gc,phases   ] GC(45)   Pre Evacuate Collection Set: 1.6ms
[2021-11-05T11:16:29.168-0700][gc,phases   ] GC(45)   Merge Heap Roots: 0.4ms
[2021-11-05T11:16:29.168-0700][gc,phases   ] GC(45)   Evacuate Collection Set: 21.8ms
[2021-11-05T11:16:29.168-0700][gc,phases   ] GC(45)   Post Evacuate Collection Set: 2.1ms
[2021-11-05T11:16:29.168-0700][gc,phases   ] GC(45)   Other: 1.9ms
[2021-11-05T11:16:29.168-0700][gc,heap     ] GC(45) Eden regions: 43->0(97)
[2021-11-05T11:16:29.168-0700][gc,heap     ] GC(45) Survivor regions: 8->5(7)
[2021-11-05T11:16:29.168-0700][gc,heap     ] GC(45) Old regions: 75->79
[2021-11-05T11:16:29.168-0700][gc,heap     ] GC(45) Archive regions: 2->2
[2021-11-05T11:16:29.168-0700][gc,heap     ] GC(45) Humongous regions: 129->129
[2021-11-05T11:16:29.168-0700][gc,metaspace] GC(45) Metaspace: 39316K(39808K)->39316K(39808K) NonClass: 34743K(35008K)->34743K(35008K) Class: 4573K(4800K)->4573K(4800K)
[2021-11-05T11:16:29.168-0700][gc          ] GC(45) Pause Young (Normal) (G1 Evacuation Pause) 254M->212M(1024M) 27.942ms
[2021-11-05T11:16:29.168-0700][gc,cpu      ] GC(45) User=0.05s Sys=0.05s Real=0.02s
[2021-11-05T11:18:26.918-0700][gc,start    ] GC(46) Pause Young (Normal) (G1 Evacuation Pause)
[2021-11-05T11:18:26.919-0700][gc,task     ] GC(46) Using 8 workers of 8 for evacuation
[2021-11-05T11:18:26.953-0700][gc,mmu      ] GC(46) MMU target violated: 21.0ms (20.0ms/21.0ms)
[2021-11-05T11:18:26.953-0700][gc,phases   ] GC(46)   Pre Evacuate Collection Set: 1.7ms
[2021-11-05T11:18:26.953-0700][gc,phases   ] GC(46)   Merge Heap Roots: 0.3ms
[2021-11-05T11:18:26.953-0700][gc,phases   ] GC(46)   Evacuate Collection Set: 25.8ms
[2021-11-05T11:18:26.953-0700][gc,phases   ] GC(46)   Post Evacuate Collection Set: 4.7ms
[2021-11-05T11:18:26.953-0700][gc,phases   ] GC(46)   Other: 2.8ms
[2021-11-05T11:18:26.953-0700][gc,heap     ] GC(46) Eden regions: 97->0(43)
[2021-11-05T11:18:26.953-0700][gc,heap     ] GC(46) Survivor regions: 5->8(13)
[2021-11-05T11:18:26.953-0700][gc,heap     ] GC(46) Old regions: 79->79
[2021-11-05T11:18:26.953-0700][gc,heap     ] GC(46) Archive regions: 2->2
[2021-11-05T11:18:26.953-0700][gc,heap     ] GC(46) Humongous regions: 129->129
[2021-11-05T11:18:26.953-0700][gc,metaspace] GC(46) Metaspace: 39329K(39808K)->39329K(39808K) NonClass: 34756K(35008K)->34756K(35008K) Class: 4573K(4800K)->4573K(4800K)
[2021-11-05T11:18:26.953-0700][gc          ] GC(46) Pause Young (Normal) (G1 Evacuation Pause) 309M->216M(1024M) 35.263ms
[2021-11-05T11:18:26.954-0700][gc,cpu      ] GC(46) User=0.06s Sys=0.06s Real=0.04s
[2021-11-05T11:19:19.012-0700][gc,start    ] GC(47) Pause Young (Normal) (G1 Evacuation Pause)
[2021-11-05T11:19:19.013-0700][gc,task     ] GC(47) Using 8 workers of 8 for evacuation
[2021-11-05T11:19:19.034-0700][gc,mmu      ] GC(47) MMU target violated: 20.9ms (20.0ms/21.0ms)
[2021-11-05T11:19:19.034-0700][gc,phases   ] GC(47)   Pre Evacuate Collection Set: 0.6ms
[2021-11-05T11:19:19.034-0700][gc,phases   ] GC(47)   Merge Heap Roots: 0.3ms
[2021-11-05T11:19:19.034-0700][gc,phases   ] GC(47)   Evacuate Collection Set: 18.7ms
[2021-11-05T11:19:19.034-0700][gc,phases   ] GC(47)   Post Evacuate Collection Set: 1.4ms
[2021-11-05T11:19:19.034-0700][gc,phases   ] GC(47)   Other: 1.7ms
[2021-11-05T11:19:19.034-0700][gc,heap     ] GC(47) Eden regions: 43->0(146)
[2021-11-05T11:19:19.034-0700][gc,heap     ] GC(47) Survivor regions: 8->3(7)
[2021-11-05T11:19:19.034-0700][gc,heap     ] GC(47) Old regions: 79->85
[2021-11-05T11:19:19.034-0700][gc,heap     ] GC(47) Archive regions: 2->2
[2021-11-05T11:19:19.034-0700][gc,heap     ] GC(47) Humongous regions: 129->129
[2021-11-05T11:19:19.034-0700][gc,metaspace] GC(47) Metaspace: 39334K(39808K)->39334K(39808K) NonClass: 34761K(35008K)->34761K(35008K) Class: 4573K(4800K)->4573K(4800K)
[2021-11-05T11:19:19.034-0700][gc          ] GC(47) Pause Young (Normal) (G1 Evacuation Pause) 259M->216M(1024M) 22.788ms
[2021-11-05T11:19:19.034-0700][gc,cpu      ] GC(47) User=0.06s Sys=0.01s Real=0.02s
[2021-11-05T11:22:16.936-0700][gc,start    ] GC(48) Pause Young (Normal) (G1 Evacuation Pause)
[2021-11-05T11:22:16.938-0700][gc,task     ] GC(48) Using 8 workers of 8 for evacuation
[2021-11-05T11:22:16.975-0700][gc,mmu      ] GC(48) MMU target violated: 21.0ms (20.0ms/21.0ms)
[2021-11-05T11:22:16.975-0700][gc,phases   ] GC(48)   Pre Evacuate Collection Set: 1.8ms
[2021-11-05T11:22:16.975-0700][gc,phases   ] GC(48)   Merge Heap Roots: 0.3ms
[2021-11-05T11:22:16.975-0700][gc,phases   ] GC(48)   Evacuate Collection Set: 32.9ms
[2021-11-05T11:22:16.975-0700][gc,phases   ] GC(48)   Post Evacuate Collection Set: 1.6ms
[2021-11-05T11:22:16.975-0700][gc,phases   ] GC(48)   Other: 2.6ms
[2021-11-05T11:22:16.975-0700][gc,heap     ] GC(48) Eden regions: 146->0(45)
[2021-11-05T11:22:16.975-0700][gc,heap     ] GC(48) Survivor regions: 3->6(19)
[2021-11-05T11:22:16.975-0700][gc,heap     ] GC(48) Old regions: 85->85
[2021-11-05T11:22:16.975-0700][gc,heap     ] GC(48) Archive regions: 2->2
[2021-11-05T11:22:16.975-0700][gc,heap     ] GC(48) Humongous regions: 129->129
[2021-11-05T11:22:16.975-0700][gc,metaspace] GC(48) Metaspace: 39348K(39872K)->39348K(39872K) NonClass: 34775K(35072K)->34775K(35072K) Class: 4573K(4800K)->4573K(4800K)
[2021-11-05T11:22:16.975-0700][gc          ] GC(48) Pause Young (Normal) (G1 Evacuation Pause) 362M->220M(1024M) 39.231ms
[2021-11-05T11:22:16.975-0700][gc,cpu      ] GC(48) User=0.06s Sys=0.04s Real=0.04s
[2021-11-05T11:23:11.509-0700][gc,start    ] GC(49) Pause Young (Normal) (G1 Evacuation Pause)
[2021-11-05T11:23:11.525-0700][gc,task     ] GC(49) Using 8 workers of 8 for evacuation
[2021-11-05T11:23:11.548-0700][gc,mmu      ] GC(49) MMU target violated: 21.0ms (20.0ms/21.0ms)
[2021-11-05T11:23:11.548-0700][gc,phases   ] GC(49)   Pre Evacuate Collection Set: 0.5ms
[2021-11-05T11:23:11.548-0700][gc,phases   ] GC(49)   Merge Heap Roots: 0.1ms
[2021-11-05T11:23:11.548-0700][gc,phases   ] GC(49)   Evacuate Collection Set: 20.0ms
[2021-11-05T11:23:11.548-0700][gc,phases   ] GC(49)   Post Evacuate Collection Set: 1.2ms
[2021-11-05T11:23:11.548-0700][gc,phases   ] GC(49)   Other: 16.9ms
[2021-11-05T11:23:11.548-0700][gc,heap     ] GC(49) Eden regions: 45->0(126)
[2021-11-05T11:23:11.548-0700][gc,heap     ] GC(49) Survivor regions: 6->3(7)
[2021-11-05T11:23:11.548-0700][gc,heap     ] GC(49) Old regions: 85->90
[2021-11-05T11:23:11.548-0700][gc,heap     ] GC(49) Archive regions: 2->2
[2021-11-05T11:23:11.548-0700][gc,heap     ] GC(49) Humongous regions: 129->129
[2021-11-05T11:23:11.548-0700][gc,metaspace] GC(49) Metaspace: 39348K(39872K)->39348K(39872K) NonClass: 34775K(35072K)->34775K(35072K) Class: 4573K(4800K)->4573K(4800K)
[2021-11-05T11:23:11.548-0700][gc          ] GC(49) Pause Young (Normal) (G1 Evacuation Pause) 265M->222M(1024M) 38.927ms
[2021-11-05T11:23:11.548-0700][gc,cpu      ] GC(49) User=0.06s Sys=0.02s Real=0.04s
[2021-11-05T11:25:45.066-0700][gc,start    ] GC(50) Pause Young (Normal) (G1 Evacuation Pause)
[2021-11-05T11:25:45.067-0700][gc,task     ] GC(50) Using 8 workers of 8 for evacuation
[2021-11-05T11:25:45.099-0700][gc,mmu      ] GC(50) MMU target violated: 21.0ms (20.0ms/21.0ms)
[2021-11-05T11:25:45.099-0700][gc,phases   ] GC(50)   Pre Evacuate Collection Set: 1.4ms
[2021-11-05T11:25:45.099-0700][gc,phases   ] GC(50)   Merge Heap Roots: 0.2ms
[2021-11-05T11:25:45.099-0700][gc,phases   ] GC(50)   Evacuate Collection Set: 26.2ms
[2021-11-05T11:25:45.099-0700][gc,phases   ] GC(50)   Post Evacuate Collection Set: 3.3ms
[2021-11-05T11:25:45.099-0700][gc,phases   ] GC(50)   Other: 1.9ms
[2021-11-05T11:25:45.099-0700][gc,heap     ] GC(50) Eden regions: 126->0(44)
[2021-11-05T11:25:45.099-0700][gc,heap     ] GC(50) Survivor regions: 3->7(17)
[2021-11-05T11:25:45.099-0700][gc,heap     ] GC(50) Old regions: 90->90
[2021-11-05T11:25:45.099-0700][gc,heap     ] GC(50) Archive regions: 2->2
[2021-11-05T11:25:45.099-0700][gc,heap     ] GC(50) Humongous regions: 129->129
[2021-11-05T11:25:45.099-0700][gc,metaspace] GC(50) Metaspace: 39355K(39872K)->39355K(39872K) NonClass: 34781K(35072K)->34781K(35072K) Class: 4573K(4800K)->4573K(4800K)
[2021-11-05T11:25:45.099-0700][gc          ] GC(50) Pause Young (Normal) (G1 Evacuation Pause) 348M->226M(1024M) 33.124ms
[2021-11-05T11:25:45.099-0700][gc,cpu      ] GC(50) User=0.06s Sys=0.03s Real=0.03s
[2021-11-05T11:26:38.367-0700][gc,start    ] GC(51) Pause Young (Normal) (G1 Evacuation Pause)
[2021-11-05T11:26:38.368-0700][gc,task     ] GC(51) Using 8 workers of 8 for evacuation
[2021-11-05T11:26:38.391-0700][gc,mmu      ] GC(51) MMU target violated: 21.0ms (20.0ms/21.0ms)
[2021-11-05T11:26:38.391-0700][gc,phases   ] GC(51)   Pre Evacuate Collection Set: 0.3ms
[2021-11-05T11:26:38.391-0700][gc,phases   ] GC(51)   Merge Heap Roots: 0.1ms
[2021-11-05T11:26:38.391-0700][gc,phases   ] GC(51)   Evacuate Collection Set: 22.0ms
[2021-11-05T11:26:38.391-0700][gc,phases   ] GC(51)   Post Evacuate Collection Set: 1.1ms
[2021-11-05T11:26:38.391-0700][gc,phases   ] GC(51)   Other: 0.9ms
[2021-11-05T11:26:38.391-0700][gc,heap     ] GC(51) Eden regions: 44->0(137)
[2021-11-05T11:26:38.392-0700][gc,heap     ] GC(51) Survivor regions: 7->3(7)
[2021-11-05T11:26:38.392-0700][gc,heap     ] GC(51) Old regions: 90->95
[2021-11-05T11:26:38.392-0700][gc,heap     ] GC(51) Archive regions: 2->2
[2021-11-05T11:26:38.392-0700][gc,heap     ] GC(51) Humongous regions: 129->129
[2021-11-05T11:26:38.392-0700][gc,metaspace] GC(51) Metaspace: 39358K(39872K)->39358K(39872K) NonClass: 34785K(35072K)->34785K(35072K) Class: 4573K(4800K)->4573K(4800K)
[2021-11-05T11:26:38.392-0700][gc          ] GC(51) Pause Young (Normal) (G1 Evacuation Pause) 270M->226M(1024M) 24.540ms
[2021-11-05T11:26:38.392-0700][gc,cpu      ] GC(51) User=0.05s Sys=0.02s Real=0.03s
[2021-11-05T11:29:13.257-0700][gc,start    ] GC(52) Pause Young (Normal) (G1 Evacuation Pause)
[2021-11-05T11:29:13.258-0700][gc,task     ] GC(52) Using 8 workers of 8 for evacuation
[2021-11-05T11:29:13.285-0700][gc,mmu      ] GC(52) MMU target violated: 21.0ms (20.0ms/21.0ms)
[2021-11-05T11:29:13.285-0700][gc,phases   ] GC(52)   Pre Evacuate Collection Set: 1.4ms
[2021-11-05T11:29:13.285-0700][gc,phases   ] GC(52)   Merge Heap Roots: 0.4ms
[2021-11-05T11:29:13.285-0700][gc,phases   ] GC(52)   Evacuate Collection Set: 22.8ms
[2021-11-05T11:29:13.285-0700][gc,phases   ] GC(52)   Post Evacuate Collection Set: 1.2ms
[2021-11-05T11:29:13.285-0700][gc,phases   ] GC(52)   Other: 1.8ms
[2021-11-05T11:29:13.285-0700][gc,heap     ] GC(52) Eden regions: 130->0(81)
[2021-11-05T11:29:13.285-0700][gc,heap     ] GC(52) Survivor regions: 3->5(17)
[2021-11-05T11:29:13.285-0700][gc,heap     ] GC(52) Old regions: 95->95
[2021-11-05T11:29:13.285-0700][gc,heap     ] GC(52) Archive regions: 2->2
[2021-11-05T11:29:13.285-0700][gc,heap     ] GC(52) Humongous regions: 129->129
[2021-11-05T11:29:13.285-0700][gc,metaspace] GC(52) Metaspace: 39406K(39872K)->39406K(39872K) NonClass: 34827K(35072K)->34827K(35072K) Class: 4578K(4800K)->4578K(4800K)
[2021-11-05T11:29:13.285-0700][gc          ] GC(52) Pause Young (Normal) (G1 Evacuation Pause) 356M->229M(1024M) 27.672ms
[2021-11-05T11:29:13.285-0700][gc,cpu      ] GC(52) User=0.04s Sys=0.04s Real=0.03s
[2021-11-05T11:30:39.616-0700][gc,start    ] GC(53) Pause Young (Normal) (G1 Evacuation Pause)
[2021-11-05T11:30:39.617-0700][gc,task     ] GC(53) Using 8 workers of 8 for evacuation
[2021-11-05T11:30:39.641-0700][gc,mmu      ] GC(53) MMU target violated: 21.0ms (20.0ms/21.0ms)
[2021-11-05T11:30:39.641-0700][gc,phases   ] GC(53)   Pre Evacuate Collection Set: 1.8ms
[2021-11-05T11:30:39.641-0700][gc,phases   ] GC(53)   Merge Heap Roots: 0.4ms
[2021-11-05T11:30:39.641-0700][gc,phases   ] GC(53)   Evacuate Collection Set: 19.8ms
[2021-11-05T11:30:39.641-0700][gc,phases   ] GC(53)   Post Evacuate Collection Set: 0.9ms
[2021-11-05T11:30:39.641-0700][gc,phases   ] GC(53)   Other: 2.5ms
[2021-11-05T11:30:39.641-0700][gc,heap     ] GC(53) Eden regions: 71->0(103)
[2021-11-05T11:30:39.641-0700][gc,heap     ] GC(53) Survivor regions: 5->5(10)
[2021-11-05T11:30:39.641-0700][gc,heap     ] GC(53) Old regions: 95->95
[2021-11-05T11:30:39.641-0700][gc,heap     ] GC(53) Archive regions: 2->2
[2021-11-05T11:30:39.641-0700][gc,heap     ] GC(53) Humongous regions: 129->129
[2021-11-05T11:30:39.641-0700][gc,metaspace] GC(53) Metaspace: 39418K(39872K)->39418K(39872K) NonClass: 34840K(35072K)->34840K(35072K) Class: 4578K(4800K)->4578K(4800K)
[2021-11-05T11:30:39.641-0700][gc          ] GC(53) Pause Young (Normal) (G1 Evacuation Pause) 300M->229M(1024M) 25.589ms
[2021-11-05T11:30:39.641-0700][gc,cpu      ] GC(53) User=0.04s Sys=0.04s Real=0.03s
[2021-11-05T11:32:27.811-0700][gc,start    ] GC(54) Pause Young (Normal) (G1 Evacuation Pause)
[2021-11-05T11:32:27.813-0700][gc,task     ] GC(54) Using 8 workers of 8 for evacuation
[2021-11-05T11:32:27.838-0700][gc,mmu      ] GC(54) MMU target violated: 21.0ms (20.0ms/21.0ms)
[2021-11-05T11:32:27.839-0700][gc,phases   ] GC(54)   Pre Evacuate Collection Set: 1.7ms
[2021-11-05T11:32:27.839-0700][gc,phases   ] GC(54)   Merge Heap Roots: 0.4ms
[2021-11-05T11:32:27.839-0700][gc,phases   ] GC(54)   Evacuate Collection Set: 22.1ms
[2021-11-05T11:32:27.839-0700][gc,phases   ] GC(54)   Post Evacuate Collection Set: 1.1ms
[2021-11-05T11:32:27.839-0700][gc,phases   ] GC(54)   Other: 2.3ms
[2021-11-05T11:32:27.839-0700][gc,heap     ] GC(54) Eden regions: 89->0(115)
[2021-11-05T11:32:27.839-0700][gc,heap     ] GC(54) Survivor regions: 5->5(12)
[2021-11-05T11:32:27.839-0700][gc,heap     ] GC(54) Old regions: 95->95
[2021-11-05T11:32:27.839-0700][gc,heap     ] GC(54) Archive regions: 2->2
[2021-11-05T11:32:27.839-0700][gc,heap     ] GC(54) Humongous regions: 129->129
[2021-11-05T11:32:27.839-0700][gc,metaspace] GC(54) Metaspace: 39421K(39872K)->39421K(39872K) NonClass: 34843K(35072K)->34843K(35072K) Class: 4578K(4800K)->4578K(4800K)
[2021-11-05T11:32:27.839-0700][gc          ] GC(54) Pause Young (Normal) (G1 Evacuation Pause) 318M->229M(1024M) 27.652ms
[2021-11-05T11:32:27.839-0700][gc,cpu      ] GC(54) User=0.04s Sys=0.05s Real=0.02s
[2021-11-05T11:34:47.802-0700][gc,start    ] GC(55) Pause Young (Normal) (G1 Evacuation Pause)
[2021-11-05T11:34:47.804-0700][gc,task     ] GC(55) Using 8 workers of 8 for evacuation
[2021-11-05T11:34:47.829-0700][gc,mmu      ] GC(55) MMU target violated: 21.0ms (20.0ms/21.0ms)
[2021-11-05T11:34:47.829-0700][gc,phases   ] GC(55)   Pre Evacuate Collection Set: 1.6ms
[2021-11-05T11:34:47.829-0700][gc,phases   ] GC(55)   Merge Heap Roots: 0.5ms
[2021-11-05T11:34:47.829-0700][gc,phases   ] GC(55)   Evacuate Collection Set: 21.2ms
[2021-11-05T11:34:47.829-0700][gc,phases   ] GC(55)   Post Evacuate Collection Set: 1.4ms
[2021-11-05T11:34:47.829-0700][gc,phases   ] GC(55)   Other: 3.3ms
[2021-11-05T11:34:47.830-0700][gc,heap     ] GC(55) Eden regions: 115->0(96)
[2021-11-05T11:34:47.830-0700][gc,heap     ] GC(55) Survivor regions: 5->6(15)
[2021-11-05T11:34:47.830-0700][gc,heap     ] GC(55) Old regions: 95->95
[2021-11-05T11:34:47.830-0700][gc,heap     ] GC(55) Archive regions: 2->2
[2021-11-05T11:34:47.830-0700][gc,heap     ] GC(55) Humongous regions: 129->129
[2021-11-05T11:34:47.830-0700][gc,metaspace] GC(55) Metaspace: 39421K(39872K)->39421K(39872K) NonClass: 34843K(35072K)->34843K(35072K) Class: 4578K(4800K)->4578K(4800K)
[2021-11-05T11:34:47.830-0700][gc          ] GC(55) Pause Young (Normal) (G1 Evacuation Pause) 344M->229M(1024M) 27.977ms
[2021-11-05T11:34:47.830-0700][gc,cpu      ] GC(55) User=0.04s Sys=0.06s Real=0.03s
[2021-11-05T11:36:44.362-0700][gc,start    ] GC(56) Pause Young (Normal) (G1 Evacuation Pause)
[2021-11-05T11:36:44.364-0700][gc,task     ] GC(56) Using 8 workers of 8 for evacuation
[2021-11-05T11:36:44.390-0700][gc,mmu      ] GC(56) MMU target violated: 21.0ms (20.0ms/21.0ms)
[2021-11-05T11:36:44.390-0700][gc,phases   ] GC(56)   Pre Evacuate Collection Set: 1.6ms
[2021-11-05T11:36:44.390-0700][gc,phases   ] GC(56)   Merge Heap Roots: 0.5ms
[2021-11-05T11:36:44.390-0700][gc,phases   ] GC(56)   Evacuate Collection Set: 21.9ms
[2021-11-05T11:36:44.390-0700][gc,phases   ] GC(56)   Post Evacuate Collection Set: 1.5ms
[2021-11-05T11:36:44.390-0700][gc,phases   ] GC(56)   Other: 2.7ms
[2021-11-05T11:36:44.390-0700][gc,heap     ] GC(56) Eden regions: 96->0(121)
[2021-11-05T11:36:44.390-0700][gc,heap     ] GC(56) Survivor regions: 6->5(13)
[2021-11-05T11:36:44.390-0700][gc,heap     ] GC(56) Old regions: 95->95
[2021-11-05T11:36:44.390-0700][gc,heap     ] GC(56) Archive regions: 2->2
[2021-11-05T11:36:44.390-0700][gc,heap     ] GC(56) Humongous regions: 129->129
[2021-11-05T11:36:44.390-0700][gc,metaspace] GC(56) Metaspace: 39421K(39872K)->39421K(39872K) NonClass: 34843K(35072K)->34843K(35072K) Class: 4578K(4800K)->4578K(4800K)
[2021-11-05T11:36:44.390-0700][gc          ] GC(56) Pause Young (Normal) (G1 Evacuation Pause) 325M->229M(1024M) 28.252ms
[2021-11-05T11:36:44.390-0700][gc,cpu      ] GC(56) User=0.04s Sys=0.04s Real=0.03s
[2021-11-05T11:39:11.766-0700][gc,start    ] GC(57) Pause Young (Normal) (G1 Evacuation Pause)
[2021-11-05T11:39:11.767-0700][gc,task     ] GC(57) Using 8 workers of 8 for evacuation
[2021-11-05T11:39:11.797-0700][gc,mmu      ] GC(57) MMU target violated: 21.0ms (20.0ms/21.0ms)
[2021-11-05T11:39:11.797-0700][gc,phases   ] GC(57)   Pre Evacuate Collection Set: 1.8ms
[2021-11-05T11:39:11.797-0700][gc,phases   ] GC(57)   Merge Heap Roots: 0.4ms
[2021-11-05T11:39:11.797-0700][gc,phases   ] GC(57)   Evacuate Collection Set: 25.1ms
[2021-11-05T11:39:11.797-0700][gc,phases   ] GC(57)   Post Evacuate Collection Set: 1.7ms
[2021-11-05T11:39:11.797-0700][gc,phases   ] GC(57)   Other: 2.2ms
[2021-11-05T11:39:11.797-0700][gc,heap     ] GC(57) Eden regions: 121->0(141)
[2021-11-05T11:39:11.797-0700][gc,heap     ] GC(57) Survivor regions: 5->5(16)
[2021-11-05T11:39:11.797-0700][gc,heap     ] GC(57) Old regions: 95->95
[2021-11-05T11:39:11.797-0700][gc,heap     ] GC(57) Archive regions: 2->2
[2021-11-05T11:39:11.797-0700][gc,heap     ] GC(57) Humongous regions: 129->129
[2021-11-05T11:39:11.797-0700][gc,metaspace] GC(57) Metaspace: 39422K(39872K)->39422K(39872K) NonClass: 34844K(35072K)->34844K(35072K) Class: 4578K(4800K)->4578K(4800K)
[2021-11-05T11:39:11.797-0700][gc          ] GC(57) Pause Young (Normal) (G1 Evacuation Pause) 350M->229M(1024M) 31.304ms
[2021-11-05T11:39:11.797-0700][gc,cpu      ] GC(57) User=0.04s Sys=0.04s Real=0.03s
[2021-11-05T11:42:02.670-0700][gc,start    ] GC(58) Pause Young (Normal) (G1 Evacuation Pause)
[2021-11-05T11:42:02.672-0700][gc,task     ] GC(58) Using 8 workers of 8 for evacuation
[2021-11-05T11:42:02.698-0700][gc,mmu      ] GC(58) MMU target violated: 21.0ms (20.0ms/21.0ms)
[2021-11-05T11:42:02.698-0700][gc,phases   ] GC(58)   Pre Evacuate Collection Set: 1.7ms
[2021-11-05T11:42:02.698-0700][gc,phases   ] GC(58)   Merge Heap Roots: 0.6ms
[2021-11-05T11:42:02.698-0700][gc,phases   ] GC(58)   Evacuate Collection Set: 21.6ms
[2021-11-05T11:42:02.698-0700][gc,phases   ] GC(58)   Post Evacuate Collection Set: 1.6ms
[2021-11-05T11:42:02.698-0700][gc,phases   ] GC(58)   Other: 2.8ms
[2021-11-05T11:42:02.698-0700][gc,heap     ] GC(58) Eden regions: 141->0(153)
[2021-11-05T11:42:02.698-0700][gc,heap     ] GC(58) Survivor regions: 5->5(19)
[2021-11-05T11:42:02.698-0700][gc,heap     ] GC(58) Old regions: 95->95
[2021-11-05T11:42:02.698-0700][gc,heap     ] GC(58) Archive regions: 2->2
[2021-11-05T11:42:02.698-0700][gc,heap     ] GC(58) Humongous regions: 129->129
[2021-11-05T11:42:02.698-0700][gc,metaspace] GC(58) Metaspace: 39424K(39872K)->39424K(39872K) NonClass: 34846K(35072K)->34846K(35072K) Class: 4578K(4800K)->4578K(4800K)
[2021-11-05T11:42:02.698-0700][gc          ] GC(58) Pause Young (Normal) (G1 Evacuation Pause) 370M->229M(1024M) 28.359ms
[2021-11-05T11:42:02.699-0700][gc,cpu      ] GC(58) User=0.04s Sys=0.05s Real=0.02s
[2021-11-05T11:45:07.261-0700][gc,start    ] GC(59) Pause Young (Normal) (G1 Evacuation Pause)
[2021-11-05T11:45:07.262-0700][gc,task     ] GC(59) Using 8 workers of 8 for evacuation
[2021-11-05T11:45:07.284-0700][gc,mmu      ] GC(59) MMU target violated: 21.0ms (20.0ms/21.0ms)
[2021-11-05T11:45:07.284-0700][gc,phases   ] GC(59)   Pre Evacuate Collection Set: 0.8ms
[2021-11-05T11:45:07.284-0700][gc,phases   ] GC(59)   Merge Heap Roots: 0.2ms
[2021-11-05T11:45:07.284-0700][gc,phases   ] GC(59)   Evacuate Collection Set: 20.0ms
[2021-11-05T11:45:07.284-0700][gc,phases   ] GC(59)   Post Evacuate Collection Set: 0.9ms
[2021-11-05T11:45:07.284-0700][gc,phases   ] GC(59)   Other: 1.1ms
[2021-11-05T11:45:07.284-0700][gc,heap     ] GC(59) Eden regions: 153->0(150)
[2021-11-05T11:45:07.284-0700][gc,heap     ] GC(59) Survivor regions: 5->6(20)
[2021-11-05T11:45:07.284-0700][gc,heap     ] GC(59) Old regions: 95->95
[2021-11-05T11:45:07.284-0700][gc,heap     ] GC(59) Archive regions: 2->2
[2021-11-05T11:45:07.284-0700][gc,heap     ] GC(59) Humongous regions: 129->129
[2021-11-05T11:45:07.284-0700][gc,metaspace] GC(59) Metaspace: 39429K(39872K)->39429K(39872K) NonClass: 34851K(35072K)->34851K(35072K) Class: 4578K(4800K)->4578K(4800K)
[2021-11-05T11:45:07.284-0700][gc          ] GC(59) Pause Young (Normal) (G1 Evacuation Pause) 382M->229M(1024M) 23.086ms
[2021-11-05T11:45:07.284-0700][gc,cpu      ] GC(59) User=0.03s Sys=0.02s Real=0.02s
[2021-11-05T11:48:07.798-0700][gc,start    ] GC(60) Pause Young (Normal) (G1 Evacuation Pause)
[2021-11-05T11:48:07.800-0700][gc,task     ] GC(60) Using 8 workers of 8 for evacuation
[2021-11-05T11:48:07.823-0700][gc,mmu      ] GC(60) MMU target violated: 21.0ms (20.0ms/21.0ms)
[2021-11-05T11:48:07.823-0700][gc,phases   ] GC(60)   Pre Evacuate Collection Set: 1.5ms
[2021-11-05T11:48:07.823-0700][gc,phases   ] GC(60)   Merge Heap Roots: 0.5ms
[2021-11-05T11:48:07.823-0700][gc,phases   ] GC(60)   Evacuate Collection Set: 19.5ms
[2021-11-05T11:48:07.823-0700][gc,phases   ] GC(60)   Post Evacuate Collection Set: 1.5ms
[2021-11-05T11:48:07.823-0700][gc,phases   ] GC(60)   Other: 2.5ms
[2021-11-05T11:48:07.823-0700][gc,heap     ] GC(60) Eden regions: 150->0(195)
[2021-11-05T11:48:07.823-0700][gc,heap     ] GC(60) Survivor regions: 6->6(20)
[2021-11-05T11:48:07.823-0700][gc,heap     ] GC(60) Old regions: 95->95
[2021-11-05T11:48:07.823-0700][gc,heap     ] GC(60) Archive regions: 2->2
[2021-11-05T11:48:07.823-0700][gc,heap     ] GC(60) Humongous regions: 129->129
[2021-11-05T11:48:07.824-0700][gc,metaspace] GC(60) Metaspace: 39432K(39872K)->39432K(39872K) NonClass: 34854K(35072K)->34854K(35072K) Class: 4578K(4800K)->4578K(4800K)
[2021-11-05T11:48:07.824-0700][gc          ] GC(60) Pause Young (Normal) (G1 Evacuation Pause) 379M->230M(1024M) 25.486ms
[2021-11-05T11:48:07.824-0700][gc,cpu      ] GC(60) User=0.04s Sys=0.04s Real=0.03s
[2021-11-05T11:52:02.370-0700][gc,start    ] GC(61) Pause Young (Normal) (G1 Evacuation Pause)
[2021-11-05T11:52:02.372-0700][gc,task     ] GC(61) Using 8 workers of 8 for evacuation
[2021-11-05T11:52:02.396-0700][gc,mmu      ] GC(61) MMU target violated: 21.0ms (20.0ms/21.0ms)
[2021-11-05T11:52:02.396-0700][gc,phases   ] GC(61)   Pre Evacuate Collection Set: 1.4ms
[2021-11-05T11:52:02.396-0700][gc,phases   ] GC(61)   Merge Heap Roots: 0.5ms
[2021-11-05T11:52:02.396-0700][gc,phases   ] GC(61)   Evacuate Collection Set: 19.8ms
[2021-11-05T11:52:02.396-0700][gc,phases   ] GC(61)   Post Evacuate Collection Set: 1.8ms
[2021-11-05T11:52:02.396-0700][gc,phases   ] GC(61)   Other: 2.6ms
[2021-11-05T11:52:02.396-0700][gc,heap     ] GC(61) Eden regions: 195->0(412)
[2021-11-05T11:52:02.396-0700][gc,heap     ] GC(61) Survivor regions: 6->5(26)
[2021-11-05T11:52:02.396-0700][gc,heap     ] GC(61) Old regions: 95->95
[2021-11-05T11:52:02.396-0700][gc,heap     ] GC(61) Archive regions: 2->2
[2021-11-05T11:52:02.396-0700][gc,heap     ] GC(61) Humongous regions: 129->129
[2021-11-05T11:52:02.396-0700][gc,metaspace] GC(61) Metaspace: 39435K(39936K)->39435K(39936K) NonClass: 34857K(35136K)->34857K(35136K) Class: 4578K(4800K)->4578K(4800K)
[2021-11-05T11:52:02.396-0700][gc          ] GC(61) Pause Young (Normal) (G1 Evacuation Pause) 425M->229M(1024M) 26.117ms
[2021-11-05T11:52:02.396-0700][gc,cpu      ] GC(61) User=0.04s Sys=0.05s Real=0.02s
[2021-11-05T12:00:26.570-0700][gc,start    ] GC(62) Pause Young (Normal) (G1 Evacuation Pause)
[2021-11-05T12:00:26.571-0700][gc,task     ] GC(62) Using 8 workers of 8 for evacuation
[2021-11-05T12:00:26.608-0700][gc,mmu      ] GC(62) MMU target violated: 21.0ms (20.0ms/21.0ms)
[2021-11-05T12:00:26.608-0700][gc,phases   ] GC(62)   Pre Evacuate Collection Set: 0.8ms
[2021-11-05T12:00:26.608-0700][gc,phases   ] GC(62)   Merge Heap Roots: 0.8ms
[2021-11-05T12:00:26.608-0700][gc,phases   ] GC(62)   Evacuate Collection Set: 32.6ms
[2021-11-05T12:00:26.608-0700][gc,phases   ] GC(62)   Post Evacuate Collection Set: 1.5ms
[2021-11-05T12:00:26.608-0700][gc,phases   ] GC(62)   Other: 2.7ms
[2021-11-05T12:00:26.608-0700][gc,heap     ] GC(62) Eden regions: 412->0(114)
[2021-11-05T12:00:26.608-0700][gc,heap     ] GC(62) Survivor regions: 5->6(53)
[2021-11-05T12:00:26.608-0700][gc,heap     ] GC(62) Old regions: 95->95
[2021-11-05T12:00:26.608-0700][gc,heap     ] GC(62) Archive regions: 2->2
[2021-11-05T12:00:26.608-0700][gc,heap     ] GC(62) Humongous regions: 129->129
[2021-11-05T12:00:26.608-0700][gc,metaspace] GC(62) Metaspace: 39443K(40000K)->39443K(40000K) NonClass: 34865K(35200K)->34865K(35200K) Class: 4578K(4800K)->4578K(4800K)
[2021-11-05T12:00:26.608-0700][gc          ] GC(62) Pause Young (Normal) (G1 Evacuation Pause) 641M->230M(1024M) 38.441ms
[2021-11-05T12:00:26.608-0700][gc,cpu      ] GC(62) User=0.04s Sys=0.05s Real=0.03s
[2021-11-05T12:02:45.613-0700][gc,start    ] GC(63) Pause Young (Normal) (G1 Evacuation Pause)
[2021-11-05T12:02:45.615-0700][gc,task     ] GC(63) Using 8 workers of 8 for evacuation
[2021-11-05T12:02:45.643-0700][gc,mmu      ] GC(63) MMU target violated: 21.0ms (20.0ms/21.0ms)
[2021-11-05T12:02:45.643-0700][gc,phases   ] GC(63)   Pre Evacuate Collection Set: 1.4ms
[2021-11-05T12:02:45.643-0700][gc,phases   ] GC(63)   Merge Heap Roots: 0.4ms
[2021-11-05T12:02:45.643-0700][gc,phases   ] GC(63)   Evacuate Collection Set: 24.8ms
[2021-11-05T12:02:45.643-0700][gc,phases   ] GC(63)   Post Evacuate Collection Set: 1.4ms
[2021-11-05T12:02:45.643-0700][gc,phases   ] GC(63)   Other: 2.7ms
[2021-11-05T12:02:45.643-0700][gc,heap     ] GC(63) Eden regions: 114->0(139)
[2021-11-05T12:02:45.644-0700][gc,heap     ] GC(63) Survivor regions: 6->6(15)
[2021-11-05T12:02:45.644-0700][gc,heap     ] GC(63) Old regions: 95->95
[2021-11-05T12:02:45.644-0700][gc,heap     ] GC(63) Archive regions: 2->2
[2021-11-05T12:02:45.644-0700][gc,heap     ] GC(63) Humongous regions: 129->129
[2021-11-05T12:02:45.644-0700][gc,metaspace] GC(63) Metaspace: 39452K(40000K)->39452K(40000K) NonClass: 34874K(35200K)->34874K(35200K) Class: 4578K(4800K)->4578K(4800K)
[2021-11-05T12:02:45.644-0700][gc          ] GC(63) Pause Young (Normal) (G1 Evacuation Pause) 344M->230M(1024M) 30.703ms
[2021-11-05T12:02:45.644-0700][gc,cpu      ] GC(63) User=0.05s Sys=0.05s Real=0.03s
[2021-11-05T12:05:35.283-0700][gc,start    ] GC(64) Pause Young (Normal) (G1 Evacuation Pause)
[2021-11-05T12:05:35.285-0700][gc,task     ] GC(64) Using 8 workers of 8 for evacuation
[2021-11-05T12:05:35.319-0700][gc,mmu      ] GC(64) MMU target violated: 21.0ms (20.0ms/21.0ms)
[2021-11-05T12:05:35.319-0700][gc,phases   ] GC(64)   Pre Evacuate Collection Set: 1.3ms
[2021-11-05T12:05:35.319-0700][gc,phases   ] GC(64)   Merge Heap Roots: 0.3ms
[2021-11-05T12:05:35.319-0700][gc,phases   ] GC(64)   Evacuate Collection Set: 30.6ms
[2021-11-05T12:05:35.319-0700][gc,phases   ] GC(64)   Post Evacuate Collection Set: 1.3ms
[2021-11-05T12:05:35.319-0700][gc,phases   ] GC(64)   Other: 2.6ms
[2021-11-05T12:05:35.319-0700][gc,heap     ] GC(64) Eden regions: 139->0(250)
[2021-11-05T12:05:35.320-0700][gc,heap     ] GC(64) Survivor regions: 6->5(19)
[2021-11-05T12:05:35.320-0700][gc,heap     ] GC(64) Old regions: 95->95
[2021-11-05T12:05:35.320-0700][gc,heap     ] GC(64) Archive regions: 2->2
[2021-11-05T12:05:35.320-0700][gc,heap     ] GC(64) Humongous regions: 129->129
[2021-11-05T12:05:35.320-0700][gc,metaspace] GC(64) Metaspace: 39453K(40000K)->39453K(40000K) NonClass: 34875K(35200K)->34875K(35200K) Class: 4578K(4800K)->4578K(4800K)
[2021-11-05T12:05:35.320-0700][gc          ] GC(64) Pause Young (Normal) (G1 Evacuation Pause) 369M->229M(1024M) 36.212ms
[2021-11-05T12:05:35.320-0700][gc,cpu      ] GC(64) User=0.03s Sys=0.05s Real=0.04s
[2021-11-05T12:09:57.284-0700][gc,start    ] GC(65) Pause Young (Normal) (G1 Evacuation Pause)
[2021-11-05T12:09:57.286-0700][gc,task     ] GC(65) Using 8 workers of 8 for evacuation
[2021-11-05T12:09:57.333-0700][gc,mmu      ] GC(65) MMU target violated: 21.0ms (20.0ms/21.0ms)
[2021-11-05T12:09:57.333-0700][gc,phases   ] GC(65)   Pre Evacuate Collection Set: 1.2ms
[2021-11-05T12:09:57.333-0700][gc,phases   ] GC(65)   Merge Heap Roots: 0.3ms
[2021-11-05T12:09:57.333-0700][gc,phases   ] GC(65)   Evacuate Collection Set: 42.5ms
[2021-11-05T12:09:57.333-0700][gc,phases   ] GC(65)   Post Evacuate Collection Set: 2.1ms
[2021-11-05T12:09:57.333-0700][gc,phases   ] GC(65)   Other: 2.5ms
[2021-11-05T12:09:57.333-0700][gc,heap     ] GC(65) Eden regions: 214->0(160)
[2021-11-05T12:09:57.333-0700][gc,heap     ] GC(65) Survivor regions: 5->5(28)
[2021-11-05T12:09:57.333-0700][gc,heap     ] GC(65) Old regions: 95->95
[2021-11-05T12:09:57.333-0700][gc,heap     ] GC(65) Archive regions: 2->2
[2021-11-05T12:09:57.333-0700][gc,heap     ] GC(65) Humongous regions: 129->129
[2021-11-05T12:09:57.333-0700][gc,metaspace] GC(65) Metaspace: 39454K(40000K)->39454K(40000K) NonClass: 34875K(35200K)->34875K(35200K) Class: 4578K(4800K)->4578K(4800K)
[2021-11-05T12:09:57.333-0700][gc          ] GC(65) Pause Young (Normal) (G1 Evacuation Pause) 443M->229M(1024M) 48.825ms
[2021-11-05T12:09:57.333-0700][gc,cpu      ] GC(65) User=0.04s Sys=0.05s Real=0.05s
[2021-11-05T12:12:09.533-0700][gc,start    ] GC(66) Pause Young (Normal) (G1 Evacuation Pause)
[2021-11-05T12:12:09.534-0700][gc,task     ] GC(66) Using 8 workers of 8 for evacuation
[2021-11-05T12:12:09.555-0700][gc,phases   ] GC(66)   Pre Evacuate Collection Set: 1.5ms
[2021-11-05T12:12:09.555-0700][gc,phases   ] GC(66)   Merge Heap Roots: 0.3ms
[2021-11-05T12:12:09.555-0700][gc,phases   ] GC(66)   Evacuate Collection Set: 16.8ms
[2021-11-05T12:12:09.555-0700][gc,phases   ] GC(66)   Post Evacuate Collection Set: 1.3ms
[2021-11-05T12:12:09.555-0700][gc,phases   ] GC(66)   Other: 1.8ms
[2021-11-05T12:12:09.555-0700][gc,heap     ] GC(66) Eden regions: 109->0(382)
[2021-11-05T12:12:09.555-0700][gc,heap     ] GC(66) Survivor regions: 5->4(15)
[2021-11-05T12:12:09.555-0700][gc,heap     ] GC(66) Old regions: 95->96
[2021-11-05T12:12:09.555-0700][gc,heap     ] GC(66) Archive regions: 2->2
[2021-11-05T12:12:09.555-0700][gc,heap     ] GC(66) Humongous regions: 129->129
[2021-11-05T12:12:09.555-0700][gc,metaspace] GC(66) Metaspace: 39454K(40000K)->39454K(40000K) NonClass: 34875K(35200K)->34875K(35200K) Class: 4578K(4800K)->4578K(4800K)
[2021-11-05T12:12:09.555-0700][gc          ] GC(66) Pause Young (Normal) (G1 Evacuation Pause) 338M->229M(1024M) 21.751ms
[2021-11-05T12:12:09.555-0700][gc,cpu      ] GC(66) User=0.03s Sys=0.03s Real=0.02s
[2021-11-05T12:16:04.325-0700][gc,start    ] GC(67) Pause Young (Normal) (G1 Evacuation Pause)
[2021-11-05T12:16:04.325-0700][gc,task     ] GC(67) Using 8 workers of 8 for evacuation
[2021-11-05T12:16:04.363-0700][gc,mmu      ] GC(67) MMU target violated: 21.0ms (20.0ms/21.0ms)
[2021-11-05T12:16:04.364-0700][gc,phases   ] GC(67)   Pre Evacuate Collection Set: 1.5ms
[2021-11-05T12:16:04.364-0700][gc,phases   ] GC(67)   Merge Heap Roots: 0.5ms
[2021-11-05T12:16:04.364-0700][gc,phases   ] GC(67)   Evacuate Collection Set: 33.1ms
[2021-11-05T12:16:04.364-0700][gc,phases   ] GC(67)   Post Evacuate Collection Set: 1.6ms
[2021-11-05T12:16:04.364-0700][gc,phases   ] GC(67)   Other: 2.5ms
[2021-11-05T12:16:04.364-0700][gc,heap     ] GC(67) Eden regions: 193->0(118)
[2021-11-05T12:16:04.364-0700][gc,heap     ] GC(67) Survivor regions: 4->4(25)
[2021-11-05T12:16:04.364-0700][gc,heap     ] GC(67) Old regions: 96->97
[2021-11-05T12:16:04.364-0700][gc,heap     ] GC(67) Archive regions: 2->2
[2021-11-05T12:16:04.364-0700][gc,heap     ] GC(67) Humongous regions: 129->129
[2021-11-05T12:16:04.364-0700][gc,metaspace] GC(67) Metaspace: 39455K(40000K)->39455K(40000K) NonClass: 34876K(35200K)->34876K(35200K) Class: 4578K(4800K)->4578K(4800K)
[2021-11-05T12:16:04.364-0700][gc          ] GC(67) Pause Young (Normal) (G1 Evacuation Pause) 422M->230M(1024M) 39.262ms
[2021-11-05T12:16:04.364-0700][gc,cpu      ] GC(67) User=0.03s Sys=0.05s Real=0.04s
[2021-11-05T12:18:27.575-0700][gc,start    ] GC(68) Pause Young (Normal) (G1 Evacuation Pause)
[2021-11-05T12:18:27.576-0700][gc,task     ] GC(68) Using 8 workers of 8 for evacuation
[2021-11-05T12:18:27.628-0700][gc,mmu      ] GC(68) MMU target violated: 21.0ms (20.0ms/21.0ms)
[2021-11-05T12:18:27.629-0700][gc,phases   ] GC(68)   Pre Evacuate Collection Set: 1.7ms
[2021-11-05T12:18:27.629-0700][gc,phases   ] GC(68)   Merge Heap Roots: 0.3ms
[2021-11-05T12:18:27.629-0700][gc,phases   ] GC(68)   Evacuate Collection Set: 29.7ms
[2021-11-05T12:18:27.629-0700][gc,phases   ] GC(68)   Post Evacuate Collection Set: 2.7ms
[2021-11-05T12:18:27.629-0700][gc,phases   ] GC(68)   Other: 19.6ms
[2021-11-05T12:18:27.629-0700][gc,heap     ] GC(68) Eden regions: 118->0(304)
[2021-11-05T12:18:27.629-0700][gc,heap     ] GC(68) Survivor regions: 4->3(16)
[2021-11-05T12:18:27.629-0700][gc,heap     ] GC(68) Old regions: 97->98
[2021-11-05T12:18:27.629-0700][gc,heap     ] GC(68) Archive regions: 2->2
[2021-11-05T12:18:27.629-0700][gc,heap     ] GC(68) Humongous regions: 129->129
[2021-11-05T12:18:27.629-0700][gc,metaspace] GC(68) Metaspace: 39459K(40000K)->39459K(40000K) NonClass: 34881K(35200K)->34881K(35200K) Class: 4578K(4800K)->4578K(4800K)
[2021-11-05T12:18:27.629-0700][gc          ] GC(68) Pause Young (Normal) (G1 Evacuation Pause) 348M->229M(1024M) 54.219ms
[2021-11-05T12:18:27.629-0700][gc,cpu      ] GC(68) User=0.03s Sys=0.03s Real=0.05s
[2021-11-05T12:24:40.202-0700][gc,start    ] GC(69) Pause Young (Normal) (G1 Evacuation Pause)
[2021-11-05T12:24:40.204-0700][gc,task     ] GC(69) Using 8 workers of 8 for evacuation
[2021-11-05T12:24:40.236-0700][gc,mmu      ] GC(69) MMU target violated: 21.0ms (20.0ms/21.0ms)
[2021-11-05T12:24:40.236-0700][gc,phases   ] GC(69)   Pre Evacuate Collection Set: 1.6ms
[2021-11-05T12:24:40.236-0700][gc,phases   ] GC(69)   Merge Heap Roots: 0.3ms
[2021-11-05T12:24:40.236-0700][gc,phases   ] GC(69)   Evacuate Collection Set: 27.4ms
[2021-11-05T12:24:40.236-0700][gc,phases   ] GC(69)   Post Evacuate Collection Set: 2.4ms
[2021-11-05T12:24:40.236-0700][gc,phases   ] GC(69)   Other: 2.7ms
[2021-11-05T12:24:40.236-0700][gc,heap     ] GC(69) Eden regions: 304->0(291)
[2021-11-05T12:24:40.236-0700][gc,heap     ] GC(69) Survivor regions: 3->3(39)
[2021-11-05T12:24:40.236-0700][gc,heap     ] GC(69) Old regions: 98->98
[2021-11-05T12:24:40.236-0700][gc,heap     ] GC(69) Archive regions: 2->2
[2021-11-05T12:24:40.236-0700][gc,heap     ] GC(69) Humongous regions: 129->129
[2021-11-05T12:24:40.236-0700][gc,metaspace] GC(69) Metaspace: 39462K(40000K)->39462K(40000K) NonClass: 34883K(35200K)->34883K(35200K) Class: 4578K(4800K)->4578K(4800K)
[2021-11-05T12:24:40.237-0700][gc          ] GC(69) Pause Young (Normal) (G1 Evacuation Pause) 533M->230M(1024M) 34.453ms
[2021-11-05T12:24:40.237-0700][gc,cpu      ] GC(69) User=0.03s Sys=0.04s Real=0.03s
[2021-11-05T12:30:28.870-0700][gc,start    ] GC(70) Pause Young (Normal) (G1 Evacuation Pause)
[2021-11-05T12:30:28.872-0700][gc,task     ] GC(70) Using 8 workers of 8 for evacuation
[2021-11-05T12:30:28.900-0700][gc,mmu      ] GC(70) MMU target violated: 21.0ms (20.0ms/21.0ms)
[2021-11-05T12:30:28.900-0700][gc,phases   ] GC(70)   Pre Evacuate Collection Set: 2.8ms
[2021-11-05T12:30:28.900-0700][gc,phases   ] GC(70)   Merge Heap Roots: 0.4ms
[2021-11-05T12:30:28.900-0700][gc,phases   ] GC(70)   Evacuate Collection Set: 22.5ms
[2021-11-05T12:30:28.900-0700][gc,phases   ] GC(70)   Post Evacuate Collection Set: 1.8ms
[2021-11-05T12:30:28.900-0700][gc,phases   ] GC(70)   Other: 3.5ms
[2021-11-05T12:30:28.900-0700][gc,heap     ] GC(70) Eden regions: 291->0(166)
[2021-11-05T12:30:28.900-0700][gc,heap     ] GC(70) Survivor regions: 3->4(37)
[2021-11-05T12:30:28.900-0700][gc,heap     ] GC(70) Old regions: 98->98
[2021-11-05T12:30:28.901-0700][gc,heap     ] GC(70) Archive regions: 2->2
[2021-11-05T12:30:28.901-0700][gc,heap     ] GC(70) Humongous regions: 129->129
[2021-11-05T12:30:28.901-0700][gc,metaspace] GC(70) Metaspace: 39464K(40000K)->39464K(40000K) NonClass: 34886K(35200K)->34886K(35200K) Class: 4578K(4800K)->4578K(4800K)
[2021-11-05T12:30:28.901-0700][gc          ] GC(70) Pause Young (Normal) (G1 Evacuation Pause) 521M->230M(1024M) 30.641ms
[2021-11-05T12:30:28.901-0700][gc,cpu      ] GC(70) User=0.02s Sys=0.02s Real=0.03s
[2021-11-05T12:33:47.678-0700][gc,start    ] GC(71) Pause Young (Normal) (G1 Evacuation Pause)
[2021-11-05T12:33:47.680-0700][gc,task     ] GC(71) Using 8 workers of 8 for evacuation
[2021-11-05T12:33:47.697-0700][gc,phases   ] GC(71)   Pre Evacuate Collection Set: 1.0ms
[2021-11-05T12:33:47.697-0700][gc,phases   ] GC(71)   Merge Heap Roots: 0.2ms
[2021-11-05T12:33:47.697-0700][gc,phases   ] GC(71)   Evacuate Collection Set: 13.9ms
[2021-11-05T12:33:47.697-0700][gc,phases   ] GC(71)   Post Evacuate Collection Set: 1.7ms
[2021-11-05T12:33:47.698-0700][gc,phases   ] GC(71)   Other: 2.2ms
[2021-11-05T12:33:47.698-0700][gc,heap     ] GC(71) Eden regions: 166->0(395)
[2021-11-05T12:33:47.698-0700][gc,heap     ] GC(71) Survivor regions: 4->3(22)
[2021-11-05T12:33:47.698-0700][gc,heap     ] GC(71) Old regions: 98->98
[2021-11-05T12:33:47.698-0700][gc,heap     ] GC(71) Archive regions: 2->2
[2021-11-05T12:33:47.698-0700][gc,heap     ] GC(71) Humongous regions: 129->129
[2021-11-05T12:33:47.698-0700][gc,metaspace] GC(71) Metaspace: 39478K(40000K)->39478K(40000K) NonClass: 34899K(35200K)->34899K(35200K) Class: 4578K(4800K)->4578K(4800K)
[2021-11-05T12:33:47.698-0700][gc          ] GC(71) Pause Young (Normal) (G1 Evacuation Pause) 396M->229M(1024M) 19.827ms
[2021-11-05T12:33:47.698-0700][gc,cpu      ] GC(71) User=0.03s Sys=0.03s Real=0.02s
[2021-11-05T12:41:45.937-0700][gc,start    ] GC(72) Pause Young (Normal) (G1 Evacuation Pause)
[2021-11-05T12:41:45.939-0700][gc,task     ] GC(72) Using 8 workers of 8 for evacuation
[2021-11-05T12:41:45.971-0700][gc,mmu      ] GC(72) MMU target violated: 21.0ms (20.0ms/21.0ms)
[2021-11-05T12:41:45.971-0700][gc,phases   ] GC(72)   Pre Evacuate Collection Set: 1.2ms
[2021-11-05T12:41:45.971-0700][gc,phases   ] GC(72)   Merge Heap Roots: 0.3ms
[2021-11-05T12:41:45.971-0700][gc,phases   ] GC(72)   Evacuate Collection Set: 27.5ms
[2021-11-05T12:41:45.971-0700][gc,phases   ] GC(72)   Post Evacuate Collection Set: 2.7ms
[2021-11-05T12:41:45.971-0700][gc,phases   ] GC(72)   Other: 2.3ms
[2021-11-05T12:41:45.971-0700][gc,heap     ] GC(72) Eden regions: 395->0(423)
[2021-11-05T12:41:45.971-0700][gc,heap     ] GC(72) Survivor regions: 3->3(50)
[2021-11-05T12:41:45.971-0700][gc,heap     ] GC(72) Old regions: 98->98
[2021-11-05T12:41:45.971-0700][gc,heap     ] GC(72) Archive regions: 2->2
[2021-11-05T12:41:45.971-0700][gc,heap     ] GC(72) Humongous regions: 129->129
[2021-11-05T12:41:45.971-0700][gc,metaspace] GC(72) Metaspace: 39534K(40064K)->39534K(40064K) NonClass: 34956K(35264K)->34956K(35264K) Class: 4578K(4800K)->4578K(4800K)
[2021-11-05T12:41:45.971-0700][gc          ] GC(72) Pause Young (Normal) (G1 Evacuation Pause) 624M->229M(1024M) 34.156ms
[2021-11-05T12:41:45.971-0700][gc,cpu      ] GC(72) User=0.03s Sys=0.05s Real=0.04s
[2021-11-05T12:50:23.295-0700][gc,start    ] GC(73) Pause Young (Normal) (G1 Evacuation Pause)
[2021-11-05T12:50:23.297-0700][gc,task     ] GC(73) Using 8 workers of 8 for evacuation
[2021-11-05T12:50:23.361-0700][gc,mmu      ] GC(73) MMU target violated: 21.0ms (20.0ms/21.0ms)
[2021-11-05T12:50:23.361-0700][gc,phases   ] GC(73)   Pre Evacuate Collection Set: 1.4ms
[2021-11-05T12:50:23.361-0700][gc,phases   ] GC(73)   Merge Heap Roots: 2.1ms
[2021-11-05T12:50:23.361-0700][gc,phases   ] GC(73)   Evacuate Collection Set: 56.5ms
[2021-11-05T12:50:23.361-0700][gc,phases   ] GC(73)   Post Evacuate Collection Set: 3.4ms
[2021-11-05T12:50:23.361-0700][gc,phases   ] GC(73)   Other: 2.3ms
[2021-11-05T12:50:23.361-0700][gc,heap     ] GC(73) Eden regions: 423->0(48)
[2021-11-05T12:50:23.361-0700][gc,heap     ] GC(73) Survivor regions: 3->3(54)
[2021-11-05T12:50:23.361-0700][gc,heap     ] GC(73) Old regions: 98->98
[2021-11-05T12:50:23.361-0700][gc,heap     ] GC(73) Archive regions: 2->2
[2021-11-05T12:50:23.361-0700][gc,heap     ] GC(73) Humongous regions: 129->129
[2021-11-05T12:50:23.361-0700][gc,metaspace] GC(73) Metaspace: 39537K(40064K)->39537K(40064K) NonClass: 34959K(35264K)->34959K(35264K) Class: 4578K(4800K)->4578K(4800K)
[2021-11-05T12:50:23.361-0700][gc          ] GC(73) Pause Young (Normal) (G1 Evacuation Pause) 652M->229M(1024M) 65.767ms
[2021-11-05T12:50:23.361-0700][gc,cpu      ] GC(73) User=0.03s Sys=0.08s Real=0.07s
[2021-11-05T12:51:21.550-0700][gc,start    ] GC(74) Pause Young (Normal) (G1 Evacuation Pause)
[2021-11-05T12:51:21.552-0700][gc,task     ] GC(74) Using 8 workers of 8 for evacuation
[2021-11-05T12:51:21.572-0700][gc,phases   ] GC(74)   Pre Evacuate Collection Set: 1.4ms
[2021-11-05T12:51:21.572-0700][gc,phases   ] GC(74)   Merge Heap Roots: 0.4ms
[2021-11-05T12:51:21.572-0700][gc,phases   ] GC(74)   Evacuate Collection Set: 16.3ms
[2021-11-05T12:51:21.572-0700][gc,phases   ] GC(74)   Post Evacuate Collection Set: 1.3ms
[2021-11-05T12:51:21.572-0700][gc,phases   ] GC(74)   Other: 2.6ms
[2021-11-05T12:51:21.573-0700][gc,heap     ] GC(74) Eden regions: 48->0(63)
[2021-11-05T12:51:21.573-0700][gc,heap     ] GC(74) Survivor regions: 3->3(7)
[2021-11-05T12:51:21.573-0700][gc,heap     ] GC(74) Old regions: 98->98
[2021-11-05T12:51:21.573-0700][gc,heap     ] GC(74) Archive regions: 2->2
[2021-11-05T12:51:21.573-0700][gc,heap     ] GC(74) Humongous regions: 129->129
[2021-11-05T12:51:21.573-0700][gc,metaspace] GC(74) Metaspace: 39537K(40064K)->39537K(40064K) NonClass: 34959K(35264K)->34959K(35264K) Class: 4578K(4800K)->4578K(4800K)
[2021-11-05T12:51:21.573-0700][gc          ] GC(74) Pause Young (Normal) (G1 Evacuation Pause) 277M->229M(1024M) 22.169ms
[2021-11-05T12:51:21.573-0700][gc,cpu      ] GC(74) User=0.03s Sys=0.03s Real=0.02s
[2021-11-05T12:52:37.621-0700][gc,start    ] GC(75) Pause Young (Normal) (G1 Evacuation Pause)
[2021-11-05T12:52:37.623-0700][gc,task     ] GC(75) Using 8 workers of 8 for evacuation
[2021-11-05T12:52:37.644-0700][gc,mmu      ] GC(75) MMU target violated: 20.9ms (20.0ms/21.0ms)
[2021-11-05T12:52:37.644-0700][gc,phases   ] GC(75)   Pre Evacuate Collection Set: 1.8ms
[2021-11-05T12:52:37.644-0700][gc,phases   ] GC(75)   Merge Heap Roots: 0.6ms
[2021-11-05T12:52:37.645-0700][gc,phases   ] GC(75)   Evacuate Collection Set: 16.7ms
[2021-11-05T12:52:37.645-0700][gc,phases   ] GC(75)   Post Evacuate Collection Set: 1.9ms
[2021-11-05T12:52:37.645-0700][gc,phases   ] GC(75)   Other: 2.7ms
[2021-11-05T12:52:37.645-0700][gc,heap     ] GC(75) Eden regions: 63->0(114)
[2021-11-05T12:52:37.645-0700][gc,heap     ] GC(75) Survivor regions: 3->3(9)
[2021-11-05T12:52:37.645-0700][gc,heap     ] GC(75) Old regions: 98->98
[2021-11-05T12:52:37.645-0700][gc,heap     ] GC(75) Archive regions: 2->2
[2021-11-05T12:52:37.645-0700][gc,heap     ] GC(75) Humongous regions: 129->129
[2021-11-05T12:52:37.645-0700][gc,metaspace] GC(75) Metaspace: 39540K(40064K)->39540K(40064K) NonClass: 34962K(35264K)->34962K(35264K) Class: 4578K(4800K)->4578K(4800K)
[2021-11-05T12:52:37.645-0700][gc          ] GC(75) Pause Young (Normal) (G1 Evacuation Pause) 292M->229M(1024M) 23.822ms
[2021-11-05T12:52:37.645-0700][gc,cpu      ] GC(75) User=0.02s Sys=0.03s Real=0.02s
[2021-11-05T12:54:56.037-0700][gc,start    ] GC(76) Pause Young (Normal) (G1 Evacuation Pause)
[2021-11-05T12:54:56.040-0700][gc,task     ] GC(76) Using 8 workers of 8 for evacuation
[2021-11-05T12:54:56.060-0700][gc,mmu      ] GC(76) MMU target violated: 20.1ms (20.0ms/21.0ms)
[2021-11-05T12:54:56.060-0700][gc,phases   ] GC(76)   Pre Evacuate Collection Set: 1.7ms
[2021-11-05T12:54:56.060-0700][gc,phases   ] GC(76)   Merge Heap Roots: 0.6ms
[2021-11-05T12:54:56.061-0700][gc,phases   ] GC(76)   Evacuate Collection Set: 16.5ms
[2021-11-05T12:54:56.061-0700][gc,phases   ] GC(76)   Post Evacuate Collection Set: 1.5ms
[2021-11-05T12:54:56.061-0700][gc,phases   ] GC(76)   Other: 3.0ms
[2021-11-05T12:54:56.061-0700][gc,heap     ] GC(76) Eden regions: 114->0(184)
[2021-11-05T12:54:56.061-0700][gc,heap     ] GC(76) Survivor regions: 3->3(15)
[2021-11-05T12:54:56.061-0700][gc,heap     ] GC(76) Old regions: 98->98
[2021-11-05T12:54:56.061-0700][gc,heap     ] GC(76) Archive regions: 2->2
[2021-11-05T12:54:56.061-0700][gc,heap     ] GC(76) Humongous regions: 129->129
[2021-11-05T12:54:56.061-0700][gc,metaspace] GC(76) Metaspace: 39541K(40064K)->39541K(40064K) NonClass: 34962K(35264K)->34962K(35264K) Class: 4578K(4800K)->4578K(4800K)
[2021-11-05T12:54:56.061-0700][gc          ] GC(76) Pause Young (Normal) (G1 Evacuation Pause) 343M->229M(1024M) 23.567ms
[2021-11-05T12:54:56.061-0700][gc,cpu      ] GC(76) User=0.02s Sys=0.04s Real=0.03s
[2021-11-05T12:58:40.107-0700][gc,start    ] GC(77) Pause Young (Normal) (G1 Evacuation Pause)
[2021-11-05T12:58:40.108-0700][gc,task     ] GC(77) Using 8 workers of 8 for evacuation
[2021-11-05T12:58:40.143-0700][gc,mmu      ] GC(77) MMU target violated: 21.0ms (20.0ms/21.0ms)
[2021-11-05T12:58:40.143-0700][gc,phases   ] GC(77)   Pre Evacuate Collection Set: 0.7ms
[2021-11-05T12:58:40.143-0700][gc,phases   ] GC(77)   Merge Heap Roots: 0.2ms
[2021-11-05T12:58:40.143-0700][gc,phases   ] GC(77)   Evacuate Collection Set: 32.3ms
[2021-11-05T12:58:40.143-0700][gc,phases   ] GC(77)   Post Evacuate Collection Set: 1.2ms
[2021-11-05T12:58:40.143-0700][gc,phases   ] GC(77)   Other: 1.5ms
[2021-11-05T12:58:40.143-0700][gc,heap     ] GC(77) Eden regions: 184->0(127)
[2021-11-05T12:58:40.143-0700][gc,heap     ] GC(77) Survivor regions: 3->3(24)
[2021-11-05T12:58:40.143-0700][gc,heap     ] GC(77) Old regions: 98->98
[2021-11-05T12:58:40.143-0700][gc,heap     ] GC(77) Archive regions: 2->2
[2021-11-05T12:58:40.143-0700][gc,heap     ] GC(77) Humongous regions: 129->129
[2021-11-05T12:58:40.143-0700][gc,metaspace] GC(77) Metaspace: 39551K(40064K)->39551K(40064K) NonClass: 34973K(35264K)->34973K(35264K) Class: 4578K(4800K)->4578K(4800K)
[2021-11-05T12:58:40.143-0700][gc          ] GC(77) Pause Young (Normal) (G1 Evacuation Pause) 413M->229M(1024M) 36.061ms
[2021-11-05T12:58:40.143-0700][gc,cpu      ] GC(77) User=0.02s Sys=0.05s Real=0.04s
[2021-11-05T13:01:14.687-0700][gc,start    ] GC(78) Pause Young (Normal) (G1 Evacuation Pause)
[2021-11-05T13:01:14.688-0700][gc,task     ] GC(78) Using 8 workers of 8 for evacuation
[2021-11-05T13:01:14.706-0700][gc,phases   ] GC(78)   Pre Evacuate Collection Set: 1.4ms
[2021-11-05T13:01:14.706-0700][gc,phases   ] GC(78)   Merge Heap Roots: 0.4ms
[2021-11-05T13:01:14.706-0700][gc,phases   ] GC(78)   Evacuate Collection Set: 13.7ms
[2021-11-05T13:01:14.706-0700][gc,phases   ] GC(78)   Post Evacuate Collection Set: 1.9ms
[2021-11-05T13:01:14.706-0700][gc,phases   ] GC(78)   Other: 0.9ms
[2021-11-05T13:01:14.706-0700][gc,heap     ] GC(78) Eden regions: 127->0(206)
[2021-11-05T13:01:14.706-0700][gc,heap     ] GC(78) Survivor regions: 3->3(17)
[2021-11-05T13:01:14.706-0700][gc,heap     ] GC(78) Old regions: 98->98
[2021-11-05T13:01:14.706-0700][gc,heap     ] GC(78) Archive regions: 2->2
[2021-11-05T13:01:14.706-0700][gc,heap     ] GC(78) Humongous regions: 129->129
[2021-11-05T13:01:14.706-0700][gc,metaspace] GC(78) Metaspace: 39551K(40064K)->39551K(40064K) NonClass: 34973K(35264K)->34973K(35264K) Class: 4578K(4800K)->4578K(4800K)
[2021-11-05T13:01:14.706-0700][gc          ] GC(78) Pause Young (Normal) (G1 Evacuation Pause) 356M->229M(1024M) 18.561ms
[2021-11-05T13:01:14.706-0700][gc,cpu      ] GC(78) User=0.02s Sys=0.03s Real=0.02s
[2021-11-05T13:07:09.798-0700][gc,start    ] GC(79) Pause Young (Normal) (G1 Evacuation Pause)
[2021-11-05T13:07:09.800-0700][gc,task     ] GC(79) Using 8 workers of 8 for evacuation
[2021-11-05T13:07:09.815-0700][gc,phases   ] GC(79)   Pre Evacuate Collection Set: 1.0ms
[2021-11-05T13:07:09.815-0700][gc,phases   ] GC(79)   Merge Heap Roots: 0.2ms
[2021-11-05T13:07:09.816-0700][gc,phases   ] GC(79)   Evacuate Collection Set: 12.2ms
[2021-11-05T13:07:09.816-0700][gc,phases   ] GC(79)   Post Evacuate Collection Set: 1.6ms
[2021-11-05T13:07:09.816-0700][gc,phases   ] GC(79)   Other: 2.0ms
[2021-11-05T13:07:09.816-0700][gc,heap     ] GC(79) Eden regions: 206->0(204)
[2021-11-05T13:07:09.816-0700][gc,heap     ] GC(79) Survivor regions: 3->4(27)
[2021-11-05T13:07:09.816-0700][gc,heap     ] GC(79) Old regions: 98->98
[2021-11-05T13:07:09.816-0700][gc,heap     ] GC(79) Archive regions: 2->2
[2021-11-05T13:07:09.816-0700][gc,heap     ] GC(79) Humongous regions: 129->129
[2021-11-05T13:07:09.816-0700][gc,metaspace] GC(79) Metaspace: 39612K(40192K)->39612K(40192K) NonClass: 35022K(35328K)->35022K(35328K) Class: 4589K(4864K)->4589K(4864K)
[2021-11-05T13:07:09.816-0700][gc          ] GC(79) Pause Young (Normal) (G1 Evacuation Pause) 435M->230M(1024M) 17.338ms
[2021-11-05T13:07:09.816-0700][gc,cpu      ] GC(79) User=0.02s Sys=0.01s Real=0.02s
[2021-11-05T13:13:05.836-0700][gc,start    ] GC(80) Pause Young (Normal) (G1 Evacuation Pause)
[2021-11-05T13:13:05.838-0700][gc,task     ] GC(80) Using 8 workers of 8 for evacuation
[2021-11-05T13:13:05.854-0700][gc,phases   ] GC(80)   Pre Evacuate Collection Set: 1.8ms
[2021-11-05T13:13:05.854-0700][gc,phases   ] GC(80)   Merge Heap Roots: 0.5ms
[2021-11-05T13:13:05.854-0700][gc,phases   ] GC(80)   Evacuate Collection Set: 12.3ms
[2021-11-05T13:13:05.854-0700][gc,phases   ] GC(80)   Post Evacuate Collection Set: 1.2ms
[2021-11-05T13:13:05.854-0700][gc,phases   ] GC(80)   Other: 2.2ms
[2021-11-05T13:13:05.854-0700][gc,heap     ] GC(80) Eden regions: 204->0(259)
[2021-11-05T13:13:05.854-0700][gc,heap     ] GC(80) Survivor regions: 4->3(26)
[2021-11-05T13:13:05.854-0700][gc,heap     ] GC(80) Old regions: 98->98
[2021-11-05T13:13:05.854-0700][gc,heap     ] GC(80) Archive regions: 2->2
[2021-11-05T13:13:05.854-0700][gc,heap     ] GC(80) Humongous regions: 129->129
[2021-11-05T13:13:05.854-0700][gc,metaspace] GC(80) Metaspace: 39674K(40192K)->39674K(40192K) NonClass: 35078K(35328K)->35078K(35328K) Class: 4596K(4864K)->4596K(4864K)
[2021-11-05T13:13:05.854-0700][gc          ] GC(80) Pause Young (Normal) (G1 Evacuation Pause) 434M->230M(1024M) 18.203ms
[2021-11-05T13:13:05.855-0700][gc,cpu      ] GC(80) User=0.03s Sys=0.02s Real=0.02s
[2021-11-05T13:17:41.500-0700][gc,start    ] GC(81) Pause Young (Normal) (G1 Evacuation Pause)
[2021-11-05T13:17:41.502-0700][gc,task     ] GC(81) Using 8 workers of 8 for evacuation
[2021-11-05T13:17:41.515-0700][gc,phases   ] GC(81)   Pre Evacuate Collection Set: 0.4ms
[2021-11-05T13:17:41.515-0700][gc,phases   ] GC(81)   Merge Heap Roots: 0.2ms
[2021-11-05T13:17:41.515-0700][gc,phases   ] GC(81)   Evacuate Collection Set: 11.3ms
[2021-11-05T13:17:41.515-0700][gc,phases   ] GC(81)   Post Evacuate Collection Set: 0.8ms
[2021-11-05T13:17:41.515-0700][gc,phases   ] GC(81)   Other: 2.2ms
[2021-11-05T13:17:41.515-0700][gc,heap     ] GC(81) Eden regions: 259->0(338)
[2021-11-05T13:17:41.515-0700][gc,heap     ] GC(81) Survivor regions: 3->3(33)
[2021-11-05T13:17:41.515-0700][gc,heap     ] GC(81) Old regions: 98->98
[2021-11-05T13:17:41.515-0700][gc,heap     ] GC(81) Archive regions: 2->2
[2021-11-05T13:17:41.515-0700][gc,heap     ] GC(81) Humongous regions: 129->129
[2021-11-05T13:17:41.515-0700][gc,metaspace] GC(81) Metaspace: 39681K(40192K)->39681K(40192K) NonClass: 35085K(35328K)->35085K(35328K) Class: 4596K(4864K)->4596K(4864K)
[2021-11-05T13:17:41.515-0700][gc          ] GC(81) Pause Young (Normal) (G1 Evacuation Pause) 489M->230M(1024M) 15.257ms
[2021-11-05T13:17:41.515-0700][gc,cpu      ] GC(81) User=0.03s Sys=0.01s Real=0.01s
[2021-11-05T13:23:40.159-0700][gc,start    ] GC(82) Pause Young (Normal) (G1 Evacuation Pause)
[2021-11-05T13:23:40.160-0700][gc,task     ] GC(82) Using 8 workers of 8 for evacuation
[2021-11-05T13:23:40.184-0700][gc,mmu      ] GC(82) MMU target violated: 21.0ms (20.0ms/21.0ms)
[2021-11-05T13:23:40.184-0700][gc,phases   ] GC(82)   Pre Evacuate Collection Set: 1.3ms
[2021-11-05T13:23:40.184-0700][gc,phases   ] GC(82)   Merge Heap Roots: 0.2ms
[2021-11-05T13:23:40.184-0700][gc,phases   ] GC(82)   Evacuate Collection Set: 20.2ms
[2021-11-05T13:23:40.184-0700][gc,phases   ] GC(82)   Post Evacuate Collection Set: 2.3ms
[2021-11-05T13:23:40.185-0700][gc,phases   ] GC(82)   Other: 2.1ms
[2021-11-05T13:23:40.185-0700][gc,heap     ] GC(82) Eden regions: 338->0(303)
[2021-11-05T13:23:40.185-0700][gc,heap     ] GC(82) Survivor regions: 3->4(43)
[2021-11-05T13:23:40.185-0700][gc,heap     ] GC(82) Old regions: 98->98
[2021-11-05T13:23:40.185-0700][gc,heap     ] GC(82) Archive regions: 2->2
[2021-11-05T13:23:40.185-0700][gc,heap     ] GC(82) Humongous regions: 129->129
[2021-11-05T13:23:40.185-0700][gc,metaspace] GC(82) Metaspace: 39682K(40192K)->39682K(40192K) NonClass: 35086K(35328K)->35086K(35328K) Class: 4596K(4864K)->4596K(4864K)
[2021-11-05T13:23:40.185-0700][gc          ] GC(82) Pause Young (Normal) (G1 Evacuation Pause) 568M->230M(1024M) 26.166ms
[2021-11-05T13:23:40.185-0700][gc,cpu      ] GC(82) User=0.03s Sys=0.04s Real=0.03s
[2021-11-05T13:28:57.410-0700][gc,start    ] GC(83) Pause Young (Normal) (G1 Evacuation Pause)
[2021-11-05T13:28:57.411-0700][gc,task     ] GC(83) Using 8 workers of 8 for evacuation
[2021-11-05T13:28:57.431-0700][gc,phases   ] GC(83)   Pre Evacuate Collection Set: 1.0ms
[2021-11-05T13:28:57.431-0700][gc,phases   ] GC(83)   Merge Heap Roots: 0.3ms
[2021-11-05T13:28:57.431-0700][gc,phases   ] GC(83)   Evacuate Collection Set: 15.2ms
[2021-11-05T13:28:57.431-0700][gc,phases   ] GC(83)   Post Evacuate Collection Set: 2.3ms
[2021-11-05T13:28:57.431-0700][gc,phases   ] GC(83)   Other: 2.1ms
[2021-11-05T13:28:57.431-0700][gc,heap     ] GC(83) Eden regions: 303->0(435)
[2021-11-05T13:28:57.431-0700][gc,heap     ] GC(83) Survivor regions: 4->3(39)
[2021-11-05T13:28:57.431-0700][gc,heap     ] GC(83) Old regions: 98->98
[2021-11-05T13:28:57.431-0700][gc,heap     ] GC(83) Archive regions: 2->2
[2021-11-05T13:28:57.431-0700][gc,heap     ] GC(83) Humongous regions: 129->129
[2021-11-05T13:28:57.431-0700][gc,metaspace] GC(83) Metaspace: 39686K(40192K)->39686K(40192K) NonClass: 35090K(35328K)->35090K(35328K) Class: 4596K(4864K)->4596K(4864K)
[2021-11-05T13:28:57.431-0700][gc          ] GC(83) Pause Young (Normal) (G1 Evacuation Pause) 533M->230M(1024M) 21.184ms
[2021-11-05T13:28:57.431-0700][gc,cpu      ] GC(83) User=0.03s Sys=0.03s Real=0.02s
[2021-11-05T13:36:39.393-0700][gc,start    ] GC(84) Pause Young (Normal) (G1 Evacuation Pause)
[2021-11-05T13:36:39.394-0700][gc,task     ] GC(84) Using 8 workers of 8 for evacuation
[2021-11-05T13:36:39.430-0700][gc,mmu      ] GC(84) MMU target violated: 21.0ms (20.0ms/21.0ms)
[2021-11-05T13:36:39.430-0700][gc,phases   ] GC(84)   Pre Evacuate Collection Set: 0.7ms
[2021-11-05T13:36:39.430-0700][gc,phases   ] GC(84)   Merge Heap Roots: 0.3ms
[2021-11-05T13:36:39.430-0700][gc,phases   ] GC(84)   Evacuate Collection Set: 25.5ms
[2021-11-05T13:36:39.430-0700][gc,phases   ] GC(84)   Post Evacuate Collection Set: 8.9ms
[2021-11-05T13:36:39.430-0700][gc,phases   ] GC(84)   Other: 1.6ms
[2021-11-05T13:36:39.430-0700][gc,heap     ] GC(84) Eden regions: 435->0(116)
[2021-11-05T13:36:39.430-0700][gc,heap     ] GC(84) Survivor regions: 3->4(55)
[2021-11-05T13:36:39.430-0700][gc,heap     ] GC(84) Old regions: 98->98
[2021-11-05T13:36:39.430-0700][gc,heap     ] GC(84) Archive regions: 2->2
[2021-11-05T13:36:39.430-0700][gc,heap     ] GC(84) Humongous regions: 129->129
[2021-11-05T13:36:39.430-0700][gc,metaspace] GC(84) Metaspace: 39703K(40256K)->39703K(40256K) NonClass: 35107K(35392K)->35107K(35392K) Class: 4596K(4864K)->4596K(4864K)
[2021-11-05T13:36:39.430-0700][gc          ] GC(84) Pause Young (Normal) (G1 Evacuation Pause) 665M->230M(1024M) 37.174ms
[2021-11-05T13:36:39.430-0700][gc,cpu      ] GC(84) User=0.04s Sys=0.04s Real=0.04s
[2021-11-05T13:38:41.266-0700][gc,start    ] GC(85) Pause Young (Normal) (G1 Evacuation Pause)
[2021-11-05T13:38:41.266-0700][gc,task     ] GC(85) Using 8 workers of 8 for evacuation
[2021-11-05T13:38:41.315-0700][gc,mmu      ] GC(85) MMU target violated: 21.0ms (20.0ms/21.0ms)
[2021-11-05T13:38:41.315-0700][gc,phases   ] GC(85)   Pre Evacuate Collection Set: 1.3ms
[2021-11-05T13:38:41.315-0700][gc,phases   ] GC(85)   Merge Heap Roots: 0.2ms
[2021-11-05T13:38:41.315-0700][gc,phases   ] GC(85)   Evacuate Collection Set: 25.1ms
[2021-11-05T13:38:41.316-0700][gc,phases   ] GC(85)   Post Evacuate Collection Set: 3.8ms
[2021-11-05T13:38:41.316-0700][gc,phases   ] GC(85)   Other: 19.4ms
[2021-11-05T13:38:41.316-0700][gc,heap     ] GC(85) Eden regions: 116->0(177)
[2021-11-05T13:38:41.316-0700][gc,heap     ] GC(85) Survivor regions: 4->3(15)
[2021-11-05T13:38:41.316-0700][gc,heap     ] GC(85) Old regions: 98->98
[2021-11-05T13:38:41.316-0700][gc,heap     ] GC(85) Archive regions: 2->2
[2021-11-05T13:38:41.316-0700][gc,heap     ] GC(85) Humongous regions: 129->129
[2021-11-05T13:38:41.316-0700][gc,metaspace] GC(85) Metaspace: 39708K(40256K)->39708K(40256K) NonClass: 35112K(35392K)->35112K(35392K) Class: 4596K(4864K)->4596K(4864K)
[2021-11-05T13:38:41.316-0700][gc          ] GC(85) Pause Young (Normal) (G1 Evacuation Pause) 346M->229M(1024M) 49.956ms
[2021-11-05T13:38:41.316-0700][gc,cpu      ] GC(85) User=0.03s Sys=0.03s Real=0.05s
[2021-11-05T13:41:48.663-0700][gc,start    ] GC(86) Pause Young (Normal) (G1 Evacuation Pause)
[2021-11-05T13:41:48.665-0700][gc,task     ] GC(86) Using 8 workers of 8 for evacuation
[2021-11-05T13:41:48.684-0700][gc,phases   ] GC(86)   Pre Evacuate Collection Set: 1.8ms
[2021-11-05T13:41:48.684-0700][gc,phases   ] GC(86)   Merge Heap Roots: 0.3ms
[2021-11-05T13:41:48.684-0700][gc,phases   ] GC(86)   Evacuate Collection Set: 15.0ms
[2021-11-05T13:41:48.684-0700][gc,phases   ] GC(86)   Post Evacuate Collection Set: 1.6ms
[2021-11-05T13:41:48.684-0700][gc,phases   ] GC(86)   Other: 2.1ms
[2021-11-05T13:41:48.684-0700][gc,heap     ] GC(86) Eden regions: 177->0(280)
[2021-11-05T13:41:48.684-0700][gc,heap     ] GC(86) Survivor regions: 3->3(23)
[2021-11-05T13:41:48.684-0700][gc,heap     ] GC(86) Old regions: 98->98
[2021-11-05T13:41:48.684-0700][gc,heap     ] GC(86) Archive regions: 2->2
[2021-11-05T13:41:48.684-0700][gc,heap     ] GC(86) Humongous regions: 129->129
[2021-11-05T13:41:48.684-0700][gc,metaspace] GC(86) Metaspace: 39712K(40256K)->39712K(40256K) NonClass: 35116K(35392K)->35116K(35392K) Class: 4596K(4864K)->4596K(4864K)
[2021-11-05T13:41:48.684-0700][gc          ] GC(86) Pause Young (Normal) (G1 Evacuation Pause) 406M->230M(1024M) 21.002ms
[2021-11-05T13:41:48.684-0700][gc,cpu      ] GC(86) User=0.02s Sys=0.03s Real=0.02s
[2021-11-05T13:46:43.914-0700][gc,start    ] GC(87) Pause Young (Normal) (G1 Evacuation Pause)
[2021-11-05T13:46:43.916-0700][gc,task     ] GC(87) Using 8 workers of 8 for evacuation
[2021-11-05T13:46:43.935-0700][gc,phases   ] GC(87)   Pre Evacuate Collection Set: 1.3ms
[2021-11-05T13:46:43.935-0700][gc,phases   ] GC(87)   Merge Heap Roots: 0.3ms
[2021-11-05T13:46:43.935-0700][gc,phases   ] GC(87)   Evacuate Collection Set: 15.0ms
[2021-11-05T13:46:43.935-0700][gc,phases   ] GC(87)   Post Evacuate Collection Set: 1.9ms
[2021-11-05T13:46:43.935-0700][gc,phases   ] GC(87)   Other: 2.2ms
[2021-11-05T13:46:43.935-0700][gc,heap     ] GC(87) Eden regions: 280->0(470)
[2021-11-05T13:46:43.935-0700][gc,heap     ] GC(87) Survivor regions: 3->3(36)
[2021-11-05T13:46:43.935-0700][gc,heap     ] GC(87) Old regions: 98->98
[2021-11-05T13:46:43.935-0700][gc,heap     ] GC(87) Archive regions: 2->2
[2021-11-05T13:46:43.935-0700][gc,heap     ] GC(87) Humongous regions: 129->129
[2021-11-05T13:46:43.935-0700][gc,metaspace] GC(87) Metaspace: 39719K(40256K)->39719K(40256K) NonClass: 35123K(35392K)->35123K(35392K) Class: 4596K(4864K)->4596K(4864K)
[2021-11-05T13:46:43.935-0700][gc          ] GC(87) Pause Young (Normal) (G1 Evacuation Pause) 510M->229M(1024M) 20.951ms
[2021-11-05T13:46:43.935-0700][gc,cpu      ] GC(87) User=0.02s Sys=0.03s Real=0.02s
[2021-11-05T13:55:04.009-0700][gc,start    ] GC(88) Pause Young (Normal) (G1 Evacuation Pause)
[2021-11-05T13:55:04.011-0700][gc,task     ] GC(88) Using 8 workers of 8 for evacuation
[2021-11-05T13:55:04.033-0700][gc,mmu      ] GC(88) MMU target violated: 21.0ms (20.0ms/21.0ms)
[2021-11-05T13:55:04.033-0700][gc,phases   ] GC(88)   Pre Evacuate Collection Set: 1.1ms
[2021-11-05T13:55:04.033-0700][gc,phases   ] GC(88)   Merge Heap Roots: 0.3ms
[2021-11-05T13:55:04.033-0700][gc,phases   ] GC(88)   Evacuate Collection Set: 18.0ms
[2021-11-05T13:55:04.033-0700][gc,phases   ] GC(88)   Post Evacuate Collection Set: 1.9ms
[2021-11-05T13:55:04.033-0700][gc,phases   ] GC(88)   Other: 2.3ms
[2021-11-05T13:55:04.033-0700][gc,heap     ] GC(88) Eden regions: 470->0(524)
[2021-11-05T13:55:04.033-0700][gc,heap     ] GC(88) Survivor regions: 3->3(60)
[2021-11-05T13:55:04.033-0700][gc,heap     ] GC(88) Old regions: 98->98
[2021-11-05T13:55:04.033-0700][gc,heap     ] GC(88) Archive regions: 2->2
[2021-11-05T13:55:04.033-0700][gc,heap     ] GC(88) Humongous regions: 129->129
[2021-11-05T13:55:04.033-0700][gc,metaspace] GC(88) Metaspace: 39754K(40320K)->39754K(40320K) NonClass: 35157K(35456K)->35157K(35456K) Class: 4596K(4864K)->4596K(4864K)
[2021-11-05T13:55:04.033-0700][gc          ] GC(88) Pause Young (Normal) (G1 Evacuation Pause) 699M->230M(1024M) 23.639ms
[2021-11-05T13:55:04.033-0700][gc,cpu      ] GC(88) User=0.02s Sys=0.03s Real=0.03s
[2021-11-05T14:04:21.718-0700][gc,start    ] GC(89) Pause Young (Normal) (G1 Evacuation Pause)
[2021-11-05T14:04:21.720-0700][gc,task     ] GC(89) Using 8 workers of 8 for evacuation
[2021-11-05T14:04:21.748-0700][gc,mmu      ] GC(89) MMU target violated: 21.0ms (20.0ms/21.0ms)
[2021-11-05T14:04:21.748-0700][gc,phases   ] GC(89)   Pre Evacuate Collection Set: 1.2ms
[2021-11-05T14:04:21.748-0700][gc,phases   ] GC(89)   Merge Heap Roots: 0.4ms
[2021-11-05T14:04:21.748-0700][gc,phases   ] GC(89)   Evacuate Collection Set: 23.5ms
[2021-11-05T14:04:21.748-0700][gc,phases   ] GC(89)   Post Evacuate Collection Set: 2.1ms
[2021-11-05T14:04:21.748-0700][gc,phases   ] GC(89)   Other: 3.1ms
[2021-11-05T14:04:21.748-0700][gc,heap     ] GC(89) Eden regions: 524->0(586)
[2021-11-05T14:04:21.748-0700][gc,heap     ] GC(89) Survivor regions: 3->4(66)
[2021-11-05T14:04:21.748-0700][gc,heap     ] GC(89) Old regions: 98->98
[2021-11-05T14:04:21.748-0700][gc,heap     ] GC(89) Archive regions: 2->2
[2021-11-05T14:04:21.748-0700][gc,heap     ] GC(89) Humongous regions: 129->129
[2021-11-05T14:04:21.748-0700][gc,metaspace] GC(89) Metaspace: 39807K(40384K)->39807K(40384K) NonClass: 35210K(35520K)->35210K(35520K) Class: 4596K(4864K)->4596K(4864K)
[2021-11-05T14:04:21.748-0700][gc          ] GC(89) Pause Young (Normal) (G1 Evacuation Pause) 754M->230M(1024M) 30.320ms
[2021-11-05T14:04:21.748-0700][gc,cpu      ] GC(89) User=0.03s Sys=0.05s Real=0.03s
[2021-11-05T14:14:49.339-0700][gc,start    ] GC(90) Pause Young (Normal) (G1 Evacuation Pause)
[2021-11-05T14:14:49.340-0700][gc,task     ] GC(90) Using 8 workers of 8 for evacuation
[2021-11-05T14:14:49.364-0700][gc,mmu      ] GC(90) MMU target violated: 21.0ms (20.0ms/21.0ms)
[2021-11-05T14:14:49.364-0700][gc,phases   ] GC(90)   Pre Evacuate Collection Set: 1.1ms
[2021-11-05T14:14:49.364-0700][gc,phases   ] GC(90)   Merge Heap Roots: 0.4ms
[2021-11-05T14:14:49.364-0700][gc,phases   ] GC(90)   Evacuate Collection Set: 18.6ms
[2021-11-05T14:14:49.364-0700][gc,phases   ] GC(90)   Post Evacuate Collection Set: 3.6ms
[2021-11-05T14:14:49.365-0700][gc,phases   ] GC(90)   Other: 2.4ms
[2021-11-05T14:14:49.365-0700][gc,heap     ] GC(90) Eden regions: 586->0(610)
[2021-11-05T14:14:49.365-0700][gc,heap     ] GC(90) Survivor regions: 4->4(74)
[2021-11-05T14:14:49.365-0700][gc,heap     ] GC(90) Old regions: 98->98
[2021-11-05T14:14:49.365-0700][gc,heap     ] GC(90) Archive regions: 2->2
[2021-11-05T14:14:49.365-0700][gc,heap     ] GC(90) Humongous regions: 129->129
[2021-11-05T14:14:49.365-0700][gc,metaspace] GC(90) Metaspace: 39808K(40384K)->39808K(40384K) NonClass: 35212K(35520K)->35212K(35520K) Class: 4596K(4864K)->4596K(4864K)
[2021-11-05T14:14:49.365-0700][gc          ] GC(90) Pause Young (Normal) (G1 Evacuation Pause) 816M->230M(1024M) 26.156ms
[2021-11-05T14:14:49.365-0700][gc,cpu      ] GC(90) User=0.04s Sys=0.05s Real=0.03s
[2021-11-05T14:25:36.035-0700][gc,start    ] GC(91) Pause Young (Normal) (G1 Evacuation Pause)
[2021-11-05T14:25:36.037-0700][gc,task     ] GC(91) Using 8 workers of 8 for evacuation
[2021-11-05T14:25:36.064-0700][gc,mmu      ] GC(91) MMU target violated: 21.0ms (20.0ms/21.0ms)
[2021-11-05T14:25:36.064-0700][gc,phases   ] GC(91)   Pre Evacuate Collection Set: 0.9ms
[2021-11-05T14:25:36.064-0700][gc,phases   ] GC(91)   Merge Heap Roots: 0.4ms
[2021-11-05T14:25:36.064-0700][gc,phases   ] GC(91)   Evacuate Collection Set: 22.3ms
[2021-11-05T14:25:36.064-0700][gc,phases   ] GC(91)   Post Evacuate Collection Set: 2.9ms
[2021-11-05T14:25:36.064-0700][gc,phases   ] GC(91)   Other: 2.7ms
[2021-11-05T14:25:36.064-0700][gc,heap     ] GC(91) Eden regions: 610->0(611)
[2021-11-05T14:25:36.064-0700][gc,heap     ] GC(91) Survivor regions: 4->3(77)
[2021-11-05T14:25:36.064-0700][gc,heap     ] GC(91) Old regions: 98->98
[2021-11-05T14:25:36.064-0700][gc,heap     ] GC(91) Archive regions: 2->2
[2021-11-05T14:25:36.064-0700][gc,heap     ] GC(91) Humongous regions: 129->129
[2021-11-05T14:25:36.064-0700][gc,metaspace] GC(91) Metaspace: 39812K(40384K)->39812K(40384K) NonClass: 35216K(35520K)->35216K(35520K) Class: 4596K(4864K)->4596K(4864K)
[2021-11-05T14:25:36.064-0700][gc          ] GC(91) Pause Young (Normal) (G1 Evacuation Pause) 840M->229M(1024M) 29.215ms
[2021-11-05T14:25:36.064-0700][gc,cpu      ] GC(91) User=0.03s Sys=0.05s Real=0.03s
[2021-11-05T14:36:19.245-0700][gc,start    ] GC(92) Pause Young (Normal) (G1 Evacuation Pause)
[2021-11-05T14:36:19.247-0700][gc,task     ] GC(92) Using 8 workers of 8 for evacuation
[2021-11-05T14:36:19.265-0700][gc,phases   ] GC(92)   Pre Evacuate Collection Set: 0.6ms
[2021-11-05T14:36:19.265-0700][gc,phases   ] GC(92)   Merge Heap Roots: 0.3ms
[2021-11-05T14:36:19.265-0700][gc,phases   ] GC(92)   Evacuate Collection Set: 14.5ms
[2021-11-05T14:36:19.265-0700][gc,phases   ] GC(92)   Post Evacuate Collection Set: 1.8ms
[2021-11-05T14:36:19.265-0700][gc,phases   ] GC(92)   Other: 2.3ms
[2021-11-05T14:36:19.265-0700][gc,heap     ] GC(92) Eden regions: 611->0(610)
[2021-11-05T14:36:19.265-0700][gc,heap     ] GC(92) Survivor regions: 3->4(77)
[2021-11-05T14:36:19.265-0700][gc,heap     ] GC(92) Old regions: 98->98
[2021-11-05T14:36:19.265-0700][gc,heap     ] GC(92) Archive regions: 2->2
[2021-11-05T14:36:19.265-0700][gc,heap     ] GC(92) Humongous regions: 129->129
[2021-11-05T14:36:19.265-0700][gc,metaspace] GC(92) Metaspace: 39813K(40384K)->39813K(40384K) NonClass: 35216K(35520K)->35216K(35520K) Class: 4596K(4864K)->4596K(4864K)
[2021-11-05T14:36:19.265-0700][gc          ] GC(92) Pause Young (Normal) (G1 Evacuation Pause) 840M->230M(1024M) 19.739ms
[2021-11-05T14:36:19.265-0700][gc,cpu      ] GC(92) User=0.03s Sys=0.03s Real=0.02s
[2021-11-05T14:47:05.939-0700][gc,start    ] GC(93) Pause Young (Normal) (G1 Evacuation Pause)
[2021-11-05T14:47:05.941-0700][gc,task     ] GC(93) Using 8 workers of 8 for evacuation
[2021-11-05T14:47:05.962-0700][gc,mmu      ] GC(93) MMU target violated: 20.8ms (20.0ms/21.0ms)
[2021-11-05T14:47:05.963-0700][gc,phases   ] GC(93)   Pre Evacuate Collection Set: 1.3ms
[2021-11-05T14:47:05.963-0700][gc,phases   ] GC(93)   Merge Heap Roots: 0.4ms
[2021-11-05T14:47:05.963-0700][gc,phases   ] GC(93)   Evacuate Collection Set: 17.7ms
[2021-11-05T14:47:05.963-0700][gc,phases   ] GC(93)   Post Evacuate Collection Set: 1.7ms
[2021-11-05T14:47:05.963-0700][gc,phases   ] GC(93)   Other: 2.8ms
[2021-11-05T14:47:05.963-0700][gc,heap     ] GC(93) Eden regions: 610->0(611)
[2021-11-05T14:47:05.963-0700][gc,heap     ] GC(93) Survivor regions: 4->3(77)
[2021-11-05T14:47:05.963-0700][gc,heap     ] GC(93) Old regions: 98->98
[2021-11-05T14:47:05.963-0700][gc,heap     ] GC(93) Archive regions: 2->2
[2021-11-05T14:47:05.963-0700][gc,heap     ] GC(93) Humongous regions: 129->129
[2021-11-05T14:47:05.963-0700][gc,metaspace] GC(93) Metaspace: 39829K(40384K)->39829K(40384K) NonClass: 35233K(35520K)->35233K(35520K) Class: 4596K(4864K)->4596K(4864K)
[2021-11-05T14:47:05.963-0700][gc          ] GC(93) Pause Young (Normal) (G1 Evacuation Pause) 840M->230M(1024M) 23.801ms
[2021-11-05T14:47:05.963-0700][gc,cpu      ] GC(93) User=0.03s Sys=0.04s Real=0.03s
[2021-11-05T15:35:25.359-0700][gc,start    ] GC(94) Pause Young (Normal) (G1 Evacuation Pause)
[2021-11-05T15:35:25.361-0700][gc,task     ] GC(94) Using 8 workers of 8 for evacuation
[2021-11-05T15:35:25.414-0700][gc,mmu      ] GC(94) MMU target violated: 21.0ms (20.0ms/21.0ms)
[2021-11-05T15:35:25.414-0700][gc,phases   ] GC(94)   Pre Evacuate Collection Set: 0.8ms
[2021-11-05T15:35:25.414-0700][gc,phases   ] GC(94)   Merge Heap Roots: 0.4ms
[2021-11-05T15:35:25.414-0700][gc,phases   ] GC(94)   Evacuate Collection Set: 45.4ms
[2021-11-05T15:35:25.414-0700][gc,phases   ] GC(94)   Post Evacuate Collection Set: 5.9ms
[2021-11-05T15:35:25.414-0700][gc,phases   ] GC(94)   Other: 1.9ms
[2021-11-05T15:35:25.414-0700][gc,heap     ] GC(94) Eden regions: 611->0(72)
[2021-11-05T15:35:25.414-0700][gc,heap     ] GC(94) Survivor regions: 3->4(77)
[2021-11-05T15:35:25.414-0700][gc,heap     ] GC(94) Old regions: 98->98
[2021-11-05T15:35:25.414-0700][gc,heap     ] GC(94) Archive regions: 2->2
[2021-11-05T15:35:25.414-0700][gc,heap     ] GC(94) Humongous regions: 129->129
[2021-11-05T15:35:25.414-0700][gc,metaspace] GC(94) Metaspace: 39835K(40384K)->39835K(40384K) NonClass: 35239K(35520K)->35239K(35520K) Class: 4596K(4864K)->4596K(4864K)
[2021-11-05T15:35:25.414-0700][gc          ] GC(94) Pause Young (Normal) (G1 Evacuation Pause) 841M->231M(1024M) 54.645ms
[2021-11-05T15:35:25.414-0700][gc,cpu      ] GC(94) User=0.04s Sys=0.07s Real=0.06s
[2021-11-05T15:36:40.441-0700][gc,start    ] GC(95) Pause Young (Normal) (G1 Evacuation Pause)
[2021-11-05T15:36:40.459-0700][gc,task     ] GC(95) Using 8 workers of 8 for evacuation
[2021-11-05T15:36:40.482-0700][gc,mmu      ] GC(95) MMU target violated: 21.0ms (20.0ms/21.0ms)
[2021-11-05T15:36:40.482-0700][gc,phases   ] GC(95)   Pre Evacuate Collection Set: 1.3ms
[2021-11-05T15:36:40.482-0700][gc,phases   ] GC(95)   Merge Heap Roots: 0.3ms
[2021-11-05T15:36:40.482-0700][gc,phases   ] GC(95)   Evacuate Collection Set: 19.4ms
[2021-11-05T15:36:40.482-0700][gc,phases   ] GC(95)   Post Evacuate Collection Set: 1.3ms
[2021-11-05T15:36:40.483-0700][gc,phases   ] GC(95)   Other: 19.1ms
[2021-11-05T15:36:40.483-0700][gc,heap     ] GC(95) Eden regions: 72->0(110)
[2021-11-05T15:36:40.483-0700][gc,heap     ] GC(95) Survivor regions: 4->4(10)
[2021-11-05T15:36:40.483-0700][gc,heap     ] GC(95) Old regions: 98->98
[2021-11-05T15:36:40.483-0700][gc,heap     ] GC(95) Archive regions: 2->2
[2021-11-05T15:36:40.483-0700][gc,heap     ] GC(95) Humongous regions: 129->129
[2021-11-05T15:36:40.483-0700][gc,metaspace] GC(95) Metaspace: 39837K(40384K)->39837K(40384K) NonClass: 35241K(35520K)->35241K(35520K) Class: 4596K(4864K)->4596K(4864K)
[2021-11-05T15:36:40.483-0700][gc          ] GC(95) Pause Young (Normal) (G1 Evacuation Pause) 303M->231M(1024M) 41.620ms
[2021-11-05T15:36:40.483-0700][gc,cpu      ] GC(95) User=0.03s Sys=0.03s Real=0.04s
[2021-11-05T15:38:44.858-0700][gc,start    ] GC(96) Pause Young (Normal) (G1 Evacuation Pause)
[2021-11-05T15:38:44.859-0700][gc,task     ] GC(96) Using 8 workers of 8 for evacuation
[2021-11-05T15:38:44.891-0700][gc,mmu      ] GC(96) MMU target violated: 21.0ms (20.0ms/21.0ms)
[2021-11-05T15:38:44.892-0700][gc,phases   ] GC(96)   Pre Evacuate Collection Set: 1.3ms
[2021-11-05T15:38:44.892-0700][gc,phases   ] GC(96)   Merge Heap Roots: 0.5ms
[2021-11-05T15:38:44.892-0700][gc,phases   ] GC(96)   Evacuate Collection Set: 28.7ms
[2021-11-05T15:38:44.892-0700][gc,phases   ] GC(96)   Post Evacuate Collection Set: 1.7ms
[2021-11-05T15:38:44.892-0700][gc,phases   ] GC(96)   Other: 1.4ms
[2021-11-05T15:38:44.892-0700][gc,heap     ] GC(96) Eden regions: 110->0(129)
[2021-11-05T15:38:44.892-0700][gc,heap     ] GC(96) Survivor regions: 4->4(15)
[2021-11-05T15:38:44.892-0700][gc,heap     ] GC(96) Old regions: 98->98
[2021-11-05T15:38:44.892-0700][gc,heap     ] GC(96) Archive regions: 2->2
[2021-11-05T15:38:44.892-0700][gc,heap     ] GC(96) Humongous regions: 129->129
[2021-11-05T15:38:44.892-0700][gc,metaspace] GC(96) Metaspace: 39837K(40384K)->39837K(40384K) NonClass: 35241K(35520K)->35241K(35520K) Class: 4596K(4864K)->4596K(4864K)
[2021-11-05T15:38:44.892-0700][gc          ] GC(96) Pause Young (Normal) (G1 Evacuation Pause) 341M->230M(1024M) 33.767ms
[2021-11-05T15:38:44.892-0700][gc,cpu      ] GC(96) User=0.02s Sys=0.03s Real=0.04s
[2021-11-05T15:41:19.239-0700][gc,start    ] GC(97) Pause Young (Normal) (G1 Evacuation Pause)
[2021-11-05T15:41:19.240-0700][gc,task     ] GC(97) Using 8 workers of 8 for evacuation
[2021-11-05T15:41:19.257-0700][gc,phases   ] GC(97)   Pre Evacuate Collection Set: 0.6ms
[2021-11-05T15:41:19.257-0700][gc,phases   ] GC(97)   Merge Heap Roots: 0.4ms
[2021-11-05T15:41:19.257-0700][gc,phases   ] GC(97)   Evacuate Collection Set: 13.3ms
[2021-11-05T15:41:19.257-0700][gc,phases   ] GC(97)   Post Evacuate Collection Set: 1.5ms
[2021-11-05T15:41:19.257-0700][gc,phases   ] GC(97)   Other: 1.5ms
[2021-11-05T15:41:19.257-0700][gc,heap     ] GC(97) Eden regions: 129->0(149)
[2021-11-05T15:41:19.257-0700][gc,heap     ] GC(97) Survivor regions: 4->5(17)
[2021-11-05T15:41:19.257-0700][gc,heap     ] GC(97) Old regions: 98->98
[2021-11-05T15:41:19.257-0700][gc,heap     ] GC(97) Archive regions: 2->2
[2021-11-05T15:41:19.257-0700][gc,heap     ] GC(97) Humongous regions: 129->129
[2021-11-05T15:41:19.257-0700][gc,metaspace] GC(97) Metaspace: 39837K(40384K)->39837K(40384K) NonClass: 35241K(35520K)->35241K(35520K) Class: 4596K(4864K)->4596K(4864K)
[2021-11-05T15:41:19.257-0700][gc          ] GC(97) Pause Young (Normal) (G1 Evacuation Pause) 359M->231M(1024M) 17.561ms
[2021-11-05T15:41:19.257-0700][gc,cpu      ] GC(97) User=0.02s Sys=0.02s Real=0.02s
[2021-11-05T15:44:10.841-0700][gc,start    ] GC(98) Pause Young (Normal) (G1 Evacuation Pause)
[2021-11-05T15:44:10.842-0700][gc,task     ] GC(98) Using 8 workers of 8 for evacuation
[2021-11-05T15:44:10.857-0700][gc,phases   ] GC(98)   Pre Evacuate Collection Set: 0.9ms
[2021-11-05T15:44:10.857-0700][gc,phases   ] GC(98)   Merge Heap Roots: 0.2ms
[2021-11-05T15:44:10.857-0700][gc,phases   ] GC(98)   Evacuate Collection Set: 12.1ms
[2021-11-05T15:44:10.857-0700][gc,phases   ] GC(98)   Post Evacuate Collection Set: 1.8ms
[2021-11-05T15:44:10.857-0700][gc,phases   ] GC(98)   Other: 1.5ms
[2021-11-05T15:44:10.857-0700][gc,heap     ] GC(98) Eden regions: 149->0(362)
[2021-11-05T15:44:10.857-0700][gc,heap     ] GC(98) Survivor regions: 5->4(20)
[2021-11-05T15:44:10.857-0700][gc,heap     ] GC(98) Old regions: 98->98
[2021-11-05T15:44:10.857-0700][gc,heap     ] GC(98) Archive regions: 2->2
[2021-11-05T15:44:10.857-0700][gc,heap     ] GC(98) Humongous regions: 129->129
[2021-11-05T15:44:10.857-0700][gc,metaspace] GC(98) Metaspace: 39840K(40384K)->39840K(40384K) NonClass: 35243K(35520K)->35243K(35520K) Class: 4596K(4864K)->4596K(4864K)
[2021-11-05T15:44:10.857-0700][gc          ] GC(98) Pause Young (Normal) (G1 Evacuation Pause) 380M->230M(1024M) 16.708ms
[2021-11-05T15:44:10.857-0700][gc,cpu      ] GC(98) User=0.02s Sys=0.02s Real=0.01s
[2021-11-05T15:50:35.476-0700][gc,start    ] GC(99) Pause Young (Normal) (G1 Evacuation Pause)
[2021-11-05T15:50:35.477-0700][gc,task     ] GC(99) Using 8 workers of 8 for evacuation
[2021-11-05T15:50:35.513-0700][gc,mmu      ] GC(99) MMU target violated: 21.0ms (20.0ms/21.0ms)
[2021-11-05T15:50:35.513-0700][gc,phases   ] GC(99)   Pre Evacuate Collection Set: 0.7ms
[2021-11-05T15:50:35.513-0700][gc,phases   ] GC(99)   Merge Heap Roots: 0.3ms
[2021-11-05T15:50:35.513-0700][gc,phases   ] GC(99)   Evacuate Collection Set: 32.5ms
[2021-11-05T15:50:35.513-0700][gc,phases   ] GC(99)   Post Evacuate Collection Set: 1.7ms
[2021-11-05T15:50:35.513-0700][gc,phases   ] GC(99)   Other: 1.5ms
[2021-11-05T15:50:35.513-0700][gc,heap     ] GC(99) Eden regions: 362->0(244)
[2021-11-05T15:50:35.513-0700][gc,heap     ] GC(99) Survivor regions: 4->3(46)
[2021-11-05T15:50:35.513-0700][gc,heap     ] GC(99) Old regions: 98->98
[2021-11-05T15:50:35.513-0700][gc,heap     ] GC(99) Archive regions: 2->2
[2021-11-05T15:50:35.513-0700][gc,heap     ] GC(99) Humongous regions: 129->129
[2021-11-05T15:50:35.513-0700][gc,metaspace] GC(99) Metaspace: 39843K(40384K)->39843K(40384K) NonClass: 35247K(35520K)->35247K(35520K) Class: 4596K(4864K)->4596K(4864K)
[2021-11-05T15:50:35.513-0700][gc          ] GC(99) Pause Young (Normal) (G1 Evacuation Pause) 592M->230M(1024M) 36.774ms
[2021-11-05T15:50:35.513-0700][gc,cpu      ] GC(99) User=0.02s Sys=0.03s Real=0.04s
[2021-11-05T15:54:53.677-0700][gc,start    ] GC(100) Pause Young (Normal) (G1 Evacuation Pause)
[2021-11-05T15:54:53.677-0700][gc,task     ] GC(100) Using 8 workers of 8 for evacuation
[2021-11-05T15:54:53.698-0700][gc,mmu      ] GC(100) MMU target violated: 20.1ms (20.0ms/21.0ms)
[2021-11-05T15:54:53.698-0700][gc,phases   ] GC(100)   Pre Evacuate Collection Set: 0.8ms
[2021-11-05T15:54:53.698-0700][gc,phases   ] GC(100)   Merge Heap Roots: 0.2ms
[2021-11-05T15:54:53.698-0700][gc,phases   ] GC(100)   Evacuate Collection Set: 17.8ms
[2021-11-05T15:54:53.698-0700][gc,phases   ] GC(100)   Post Evacuate Collection Set: 1.4ms
[2021-11-05T15:54:53.698-0700][gc,phases   ] GC(100)   Other: 1.0ms
[2021-11-05T15:54:53.698-0700][gc,heap     ] GC(100) Eden regions: 244->0(396)
[2021-11-05T15:54:53.698-0700][gc,heap     ] GC(100) Survivor regions: 3->3(31)
[2021-11-05T15:54:53.698-0700][gc,heap     ] GC(100) Old regions: 98->98
[2021-11-05T15:54:53.698-0700][gc,heap     ] GC(100) Archive regions: 2->2
[2021-11-05T15:54:53.698-0700][gc,heap     ] GC(100) Humongous regions: 129->129
[2021-11-05T15:54:53.698-0700][gc,metaspace] GC(100) Metaspace: 39843K(40384K)->39843K(40384K) NonClass: 35247K(35520K)->35247K(35520K) Class: 4596K(4864K)->4596K(4864K)
[2021-11-05T15:54:53.698-0700][gc          ] GC(100) Pause Young (Normal) (G1 Evacuation Pause) 474M->230M(1024M) 21.342ms
[2021-11-05T15:54:53.698-0700][gc,cpu      ] GC(100) User=0.02s Sys=0.02s Real=0.02s
[2021-11-05T16:01:52.376-0700][gc,start    ] GC(101) Pause Young (Normal) (G1 Evacuation Pause)
[2021-11-05T16:01:52.378-0700][gc,task     ] GC(101) Using 8 workers of 8 for evacuation
[2021-11-05T16:01:52.401-0700][gc,mmu      ] GC(101) MMU target violated: 21.0ms (20.0ms/21.0ms)
[2021-11-05T16:01:52.401-0700][gc,phases   ] GC(101)   Pre Evacuate Collection Set: 1.4ms
[2021-11-05T16:01:52.401-0700][gc,phases   ] GC(101)   Merge Heap Roots: 0.5ms
[2021-11-05T16:01:52.401-0700][gc,phases   ] GC(101)   Evacuate Collection Set: 17.5ms
[2021-11-05T16:01:52.401-0700][gc,phases   ] GC(101)   Post Evacuate Collection Set: 2.7ms
[2021-11-05T16:01:52.401-0700][gc,phases   ] GC(101)   Other: 2.5ms
[2021-11-05T16:01:52.401-0700][gc,heap     ] GC(101) Eden regions: 396->0(611)
[2021-11-05T16:01:52.401-0700][gc,heap     ] GC(101) Survivor regions: 3->3(50)
[2021-11-05T16:01:52.401-0700][gc,heap     ] GC(101) Old regions: 98->98
[2021-11-05T16:01:52.401-0700][gc,heap     ] GC(101) Archive regions: 2->2
[2021-11-05T16:01:52.401-0700][gc,heap     ] GC(101) Humongous regions: 129->129
[2021-11-05T16:01:52.401-0700][gc,metaspace] GC(101) Metaspace: 39856K(40384K)->39856K(40384K) NonClass: 35259K(35520K)->35259K(35520K) Class: 4596K(4864K)->4596K(4864K)
[2021-11-05T16:01:52.401-0700][gc          ] GC(101) Pause Young (Normal) (G1 Evacuation Pause) 626M->230M(1024M) 24.685ms
[2021-11-05T16:01:52.401-0700][gc,cpu      ] GC(101) User=0.03s Sys=0.04s Real=0.03s
[2021-11-05T16:12:40.743-0700][gc,start    ] GC(102) Pause Young (Normal) (G1 Evacuation Pause)
[2021-11-05T16:12:40.744-0700][gc,task     ] GC(102) Using 8 workers of 8 for evacuation
[2021-11-05T16:12:40.780-0700][gc,mmu      ] GC(102) MMU target violated: 21.0ms (20.0ms/21.0ms)
[2021-11-05T16:12:40.780-0700][gc,phases   ] GC(102)   Pre Evacuate Collection Set: 1.2ms
[2021-11-05T16:12:40.780-0700][gc,phases   ] GC(102)   Merge Heap Roots: 0.6ms
[2021-11-05T16:12:40.780-0700][gc,phases   ] GC(102)   Evacuate Collection Set: 30.2ms
[2021-11-05T16:12:40.780-0700][gc,phases   ] GC(102)   Post Evacuate Collection Set: 2.7ms
[2021-11-05T16:12:40.780-0700][gc,phases   ] GC(102)   Other: 2.7ms
[2021-11-05T16:12:40.780-0700][gc,heap     ] GC(102) Eden regions: 611->0(392)
[2021-11-05T16:12:40.780-0700][gc,heap     ] GC(102) Survivor regions: 3->4(77)
[2021-11-05T16:12:40.780-0700][gc,heap     ] GC(102) Old regions: 98->98
[2021-11-05T16:12:40.780-0700][gc,heap     ] GC(102) Archive regions: 2->2
[2021-11-05T16:12:40.780-0700][gc,heap     ] GC(102) Humongous regions: 129->129
[2021-11-05T16:12:40.780-0700][gc,metaspace] GC(102) Metaspace: 39860K(40384K)->39860K(40384K) NonClass: 35263K(35520K)->35263K(35520K) Class: 4596K(4864K)->4596K(4864K)
[2021-11-05T16:12:40.780-0700][gc          ] GC(102) Pause Young (Normal) (G1 Evacuation Pause) 841M->231M(1024M) 37.452ms
[2021-11-05T16:12:40.780-0700][gc,cpu      ] GC(102) User=0.04s Sys=0.05s Real=0.04s
[2021-11-05T16:19:36.090-0700][gc,start    ] GC(103) Pause Young (Normal) (G1 Evacuation Pause)
[2021-11-05T16:19:36.092-0700][gc,task     ] GC(103) Using 8 workers of 8 for evacuation
[2021-11-05T16:19:36.114-0700][gc,mmu      ] GC(103) MMU target violated: 20.7ms (20.0ms/21.0ms)
[2021-11-05T16:19:36.114-0700][gc,phases   ] GC(103)   Pre Evacuate Collection Set: 1.3ms
[2021-11-05T16:19:36.114-0700][gc,phases   ] GC(103)   Merge Heap Roots: 0.4ms
[2021-11-05T16:19:36.114-0700][gc,phases   ] GC(103)   Evacuate Collection Set: 17.2ms
[2021-11-05T16:19:36.114-0700][gc,phases   ] GC(103)   Post Evacuate Collection Set: 1.8ms
[2021-11-05T16:19:36.114-0700][gc,phases   ] GC(103)   Other: 2.9ms
[2021-11-05T16:19:36.114-0700][gc,heap     ] GC(103) Eden regions: 392->0(610)
[2021-11-05T16:19:36.114-0700][gc,heap     ] GC(103) Survivor regions: 4->4(50)
[2021-11-05T16:19:36.114-0700][gc,heap     ] GC(103) Old regions: 98->98
[2021-11-05T16:19:36.114-0700][gc,heap     ] GC(103) Archive regions: 2->2
[2021-11-05T16:19:36.114-0700][gc,heap     ] GC(103) Humongous regions: 129->129
[2021-11-05T16:19:36.114-0700][gc,metaspace] GC(103) Metaspace: 39860K(40384K)->39860K(40384K) NonClass: 35264K(35520K)->35264K(35520K) Class: 4596K(4864K)->4596K(4864K)
[2021-11-05T16:19:36.114-0700][gc          ] GC(103) Pause Young (Normal) (G1 Evacuation Pause) 623M->231M(1024M) 23.631ms
[2021-11-05T16:19:36.114-0700][gc,cpu      ] GC(103) User=0.03s Sys=0.03s Real=0.02s
[2021-11-05T16:30:27.207-0700][gc,start    ] GC(104) Pause Young (Normal) (G1 Evacuation Pause)
[2021-11-05T16:30:27.209-0700][gc,task     ] GC(104) Using 8 workers of 8 for evacuation
[2021-11-05T16:30:27.237-0700][gc,mmu      ] GC(104) MMU target violated: 21.0ms (20.0ms/21.0ms)
[2021-11-05T16:30:27.237-0700][gc,phases   ] GC(104)   Pre Evacuate Collection Set: 1.1ms
[2021-11-05T16:30:27.237-0700][gc,phases   ] GC(104)   Merge Heap Roots: 0.6ms
[2021-11-05T16:30:27.237-0700][gc,phases   ] GC(104)   Evacuate Collection Set: 20.7ms
[2021-11-05T16:30:27.237-0700][gc,phases   ] GC(104)   Post Evacuate Collection Set: 4.9ms
[2021-11-05T16:30:27.237-0700][gc,phases   ] GC(104)   Other: 2.8ms
[2021-11-05T16:30:27.237-0700][gc,heap     ] GC(104) Eden regions: 610->0(611)
[2021-11-05T16:30:27.237-0700][gc,heap     ] GC(104) Survivor regions: 4->3(77)
[2021-11-05T16:30:27.237-0700][gc,heap     ] GC(104) Old regions: 98->98
[2021-11-05T16:30:27.237-0700][gc,heap     ] GC(104) Archive regions: 2->2
[2021-11-05T16:30:27.237-0700][gc,heap     ] GC(104) Humongous regions: 129->129
[2021-11-05T16:30:27.237-0700][gc,metaspace] GC(104) Metaspace: 39860K(40384K)->39860K(40384K) NonClass: 35264K(35520K)->35264K(35520K) Class: 4596K(4864K)->4596K(4864K)
[2021-11-05T16:30:27.238-0700][gc          ] GC(104) Pause Young (Normal) (G1 Evacuation Pause) 841M->230M(1024M) 30.084ms
[2021-11-05T16:30:27.238-0700][gc,cpu      ] GC(104) User=0.04s Sys=0.05s Real=0.03s
[2021-11-05T18:37:30.722-0700][gc,start    ] GC(105) Pause Young (Normal) (G1 Evacuation Pause)
[2021-11-05T18:37:30.724-0700][gc,task     ] GC(105) Using 8 workers of 8 for evacuation
[2021-11-05T18:37:30.747-0700][gc,mmu      ] GC(105) MMU target violated: 21.0ms (20.0ms/21.0ms)
[2021-11-05T18:37:30.747-0700][gc,phases   ] GC(105)   Pre Evacuate Collection Set: 1.0ms
[2021-11-05T18:37:30.747-0700][gc,phases   ] GC(105)   Merge Heap Roots: 0.9ms
[2021-11-05T18:37:30.747-0700][gc,phases   ] GC(105)   Evacuate Collection Set: 18.4ms
[2021-11-05T18:37:30.747-0700][gc,phases   ] GC(105)   Post Evacuate Collection Set: 2.7ms
[2021-11-05T18:37:30.747-0700][gc,phases   ] GC(105)   Other: 2.6ms
[2021-11-05T18:37:30.747-0700][gc,heap     ] GC(105) Eden regions: 611->0(610)
[2021-11-05T18:37:30.748-0700][gc,heap     ] GC(105) Survivor regions: 3->4(77)
[2021-11-05T18:37:30.748-0700][gc,heap     ] GC(105) Old regions: 98->98
[2021-11-05T18:37:30.748-0700][gc,heap     ] GC(105) Archive regions: 2->2
[2021-11-05T18:37:30.748-0700][gc,heap     ] GC(105) Humongous regions: 129->129
[2021-11-05T18:37:30.748-0700][gc,metaspace] GC(105) Metaspace: 39887K(40448K)->39887K(40448K) NonClass: 35291K(35584K)->35291K(35584K) Class: 4596K(4864K)->4596K(4864K)
[2021-11-05T18:37:30.748-0700][gc          ] GC(105) Pause Young (Normal) (G1 Evacuation Pause) 841M->230M(1024M) 25.800ms
[2021-11-05T18:37:30.748-0700][gc,cpu      ] GC(105) User=0.03s Sys=0.05s Real=0.02s
[2021-11-05T18:49:00.526-0700][gc,start    ] GC(106) Pause Young (Normal) (G1 Evacuation Pause)
[2021-11-05T18:49:00.527-0700][gc,task     ] GC(106) Using 8 workers of 8 for evacuation
[2021-11-05T18:49:00.547-0700][gc,phases   ] GC(106)   Pre Evacuate Collection Set: 0.5ms
[2021-11-05T18:49:00.547-0700][gc,phases   ] GC(106)   Merge Heap Roots: 0.4ms
[2021-11-05T18:49:00.547-0700][gc,phases   ] GC(106)   Evacuate Collection Set: 16.5ms
[2021-11-05T18:49:00.547-0700][gc,phases   ] GC(106)   Post Evacuate Collection Set: 2.2ms
[2021-11-05T18:49:00.548-0700][gc,phases   ] GC(106)   Other: 1.8ms
[2021-11-05T18:49:00.548-0700][gc,heap     ] GC(106) Eden regions: 610->0(611)
[2021-11-05T18:49:00.548-0700][gc,heap     ] GC(106) Survivor regions: 4->3(77)
[2021-11-05T18:49:00.548-0700][gc,heap     ] GC(106) Old regions: 98->98
[2021-11-05T18:49:00.548-0700][gc,heap     ] GC(106) Archive regions: 2->2
[2021-11-05T18:49:00.548-0700][gc,heap     ] GC(106) Humongous regions: 129->129
[2021-11-05T18:49:00.548-0700][gc,metaspace] GC(106) Metaspace: 39887K(40448K)->39887K(40448K) NonClass: 35291K(35584K)->35291K(35584K) Class: 4596K(4864K)->4596K(4864K)
[2021-11-05T18:49:00.548-0700][gc          ] GC(106) Pause Young (Normal) (G1 Evacuation Pause) 840M->230M(1024M) 21.712ms
[2021-11-05T18:49:00.548-0700][gc,cpu      ] GC(106) User=0.02s Sys=0.04s Real=0.02s
[2021-11-05T19:00:18.538-0700][gc,start    ] GC(107) Pause Young (Normal) (G1 Evacuation Pause)
[2021-11-05T19:00:18.538-0700][gc,task     ] GC(107) Using 8 workers of 8 for evacuation
[2021-11-05T19:00:18.572-0700][gc,mmu      ] GC(107) MMU target violated: 21.0ms (20.0ms/21.0ms)
[2021-11-05T19:00:18.572-0700][gc,phases   ] GC(107)   Pre Evacuate Collection Set: 0.5ms
[2021-11-05T19:00:18.572-0700][gc,phases   ] GC(107)   Merge Heap Roots: 0.5ms
[2021-11-05T19:00:18.572-0700][gc,phases   ] GC(107)   Evacuate Collection Set: 29.5ms
[2021-11-05T19:00:18.572-0700][gc,phases   ] GC(107)   Post Evacuate Collection Set: 2.7ms
[2021-11-05T19:00:18.572-0700][gc,phases   ] GC(107)   Other: 1.1ms
[2021-11-05T19:00:18.572-0700][gc,heap     ] GC(107) Eden regions: 611->0(553)
[2021-11-05T19:00:18.572-0700][gc,heap     ] GC(107) Survivor regions: 3->4(77)
[2021-11-05T19:00:18.572-0700][gc,heap     ] GC(107) Old regions: 98->98
[2021-11-05T19:00:18.572-0700][gc,heap     ] GC(107) Archive regions: 2->2
[2021-11-05T19:00:18.572-0700][gc,heap     ] GC(107) Humongous regions: 129->129
[2021-11-05T19:00:18.572-0700][gc,metaspace] GC(107) Metaspace: 39887K(40448K)->39887K(40448K) NonClass: 35291K(35584K)->35291K(35584K) Class: 4596K(4864K)->4596K(4864K)
[2021-11-05T19:00:18.572-0700][gc          ] GC(107) Pause Young (Normal) (G1 Evacuation Pause) 841M->231M(1024M) 34.494ms
[2021-11-05T19:00:18.572-0700][gc,cpu      ] GC(107) User=0.03s Sys=0.04s Real=0.04s
[2021-11-05T19:11:26.398-0700][gc,start    ] GC(108) Pause Young (Normal) (G1 Evacuation Pause)
[2021-11-05T19:11:26.400-0700][gc,task     ] GC(108) Using 8 workers of 8 for evacuation
[2021-11-05T19:11:26.446-0700][gc,mmu      ] GC(108) MMU target violated: 21.0ms (20.0ms/21.0ms)
[2021-11-05T19:11:26.446-0700][gc,phases   ] GC(108)   Pre Evacuate Collection Set: 0.9ms
[2021-11-05T19:11:26.446-0700][gc,phases   ] GC(108)   Merge Heap Roots: 0.4ms
[2021-11-05T19:11:26.446-0700][gc,phases   ] GC(108)   Evacuate Collection Set: 38.3ms
[2021-11-05T19:11:26.446-0700][gc,phases   ] GC(108)   Post Evacuate Collection Set: 5.4ms
[2021-11-05T19:11:26.446-0700][gc,phases   ] GC(108)   Other: 2.6ms
[2021-11-05T19:11:26.446-0700][gc,heap     ] GC(108) Eden regions: 553->0(165)
[2021-11-05T19:11:26.446-0700][gc,heap     ] GC(108) Survivor regions: 4->4(70)
[2021-11-05T19:11:26.446-0700][gc,heap     ] GC(108) Old regions: 98->98
[2021-11-05T19:11:26.446-0700][gc,heap     ] GC(108) Archive regions: 2->2
[2021-11-05T19:11:26.446-0700][gc,heap     ] GC(108) Humongous regions: 129->129
[2021-11-05T19:11:26.446-0700][gc,metaspace] GC(108) Metaspace: 39887K(40448K)->39887K(40448K) NonClass: 35291K(35584K)->35291K(35584K) Class: 4596K(4864K)->4596K(4864K)
[2021-11-05T19:11:26.446-0700][gc          ] GC(108) Pause Young (Normal) (G1 Evacuation Pause) 784M->230M(1024M) 47.817ms
[2021-11-05T19:11:26.446-0700][gc,cpu      ] GC(108) User=0.03s Sys=0.05s Real=0.05s
[2021-11-05T19:14:44.144-0700][gc,start    ] GC(109) Pause Young (Normal) (G1 Evacuation Pause)
[2021-11-05T19:14:44.162-0700][gc,task     ] GC(109) Using 8 workers of 8 for evacuation
[2021-11-05T19:14:44.191-0700][gc,mmu      ] GC(109) MMU target violated: 21.0ms (20.0ms/21.0ms)
[2021-11-05T19:14:44.192-0700][gc,phases   ] GC(109)   Pre Evacuate Collection Set: 0.9ms
[2021-11-05T19:14:44.192-0700][gc,phases   ] GC(109)   Merge Heap Roots: 0.2ms
[2021-11-05T19:14:44.192-0700][gc,phases   ] GC(109)   Evacuate Collection Set: 26.1ms
[2021-11-05T19:14:44.192-0700][gc,phases   ] GC(109)   Post Evacuate Collection Set: 1.8ms
[2021-11-05T19:14:44.192-0700][gc,phases   ] GC(109)   Other: 18.7ms
[2021-11-05T19:14:44.192-0700][gc,heap     ] GC(109) Eden regions: 165->0(87)
[2021-11-05T19:14:44.192-0700][gc,heap     ] GC(109) Survivor regions: 4->4(22)
[2021-11-05T19:14:44.192-0700][gc,heap     ] GC(109) Old regions: 98->98
[2021-11-05T19:14:44.192-0700][gc,heap     ] GC(109) Archive regions: 2->2
[2021-11-05T19:14:44.192-0700][gc,heap     ] GC(109) Humongous regions: 129->129
[2021-11-05T19:14:44.192-0700][gc,metaspace] GC(109) Metaspace: 39887K(40448K)->39887K(40448K) NonClass: 35291K(35584K)->35291K(35584K) Class: 4596K(4864K)->4596K(4864K)
[2021-11-05T19:14:44.192-0700][gc          ] GC(109) Pause Young (Normal) (G1 Evacuation Pause) 395M->231M(1024M) 47.887ms
[2021-11-05T19:14:44.192-0700][gc,cpu      ] GC(109) User=0.02s Sys=0.02s Real=0.05s
[2021-11-05T19:16:28.608-0700][gc,start    ] GC(110) Pause Young (Normal) (G1 Evacuation Pause)
[2021-11-05T19:16:28.609-0700][gc,task     ] GC(110) Using 8 workers of 8 for evacuation
[2021-11-05T19:16:28.626-0700][gc,phases   ] GC(110)   Pre Evacuate Collection Set: 0.6ms
[2021-11-05T19:16:28.626-0700][gc,phases   ] GC(110)   Merge Heap Roots: 0.2ms
[2021-11-05T19:16:28.626-0700][gc,phases   ] GC(110)   Evacuate Collection Set: 15.0ms
[2021-11-05T19:16:28.626-0700][gc,phases   ] GC(110)   Post Evacuate Collection Set: 1.1ms
[2021-11-05T19:16:28.626-0700][gc,phases   ] GC(110)   Other: 0.8ms
[2021-11-05T19:16:28.626-0700][gc,heap     ] GC(110) Eden regions: 87->0(152)
[2021-11-05T19:16:28.626-0700][gc,heap     ] GC(110) Survivor regions: 4->4(12)
[2021-11-05T19:16:28.626-0700][gc,heap     ] GC(110) Old regions: 98->98
[2021-11-05T19:16:28.626-0700][gc,heap     ] GC(110) Archive regions: 2->2
[2021-11-05T19:16:28.626-0700][gc,heap     ] GC(110) Humongous regions: 129->129
[2021-11-05T19:16:28.626-0700][gc,metaspace] GC(110) Metaspace: 39887K(40448K)->39887K(40448K) NonClass: 35291K(35584K)->35291K(35584K) Class: 4596K(4864K)->4596K(4864K)
[2021-11-05T19:16:28.626-0700][gc          ] GC(110) Pause Young (Normal) (G1 Evacuation Pause) 318M->231M(1024M) 17.958ms
[2021-11-05T19:16:28.626-0700][gc,cpu      ] GC(110) User=0.02s Sys=0.01s Real=0.02s
[2021-11-06T10:04:20.815-0700][gc,start    ] GC(111) Pause Young (Normal) (G1 Evacuation Pause)
[2021-11-06T10:04:20.817-0700][gc,task     ] GC(111) Using 8 workers of 8 for evacuation
[2021-11-06T10:04:20.870-0700][gc,mmu      ] GC(111) MMU target violated: 21.0ms (20.0ms/21.0ms)
[2021-11-06T10:04:20.870-0700][gc,phases   ] GC(111)   Pre Evacuate Collection Set: 1.3ms
[2021-11-06T10:04:20.870-0700][gc,phases   ] GC(111)   Merge Heap Roots: 0.4ms
[2021-11-06T10:04:20.870-0700][gc,phases   ] GC(111)   Evacuate Collection Set: 47.6ms
[2021-11-06T10:04:20.870-0700][gc,phases   ] GC(111)   Post Evacuate Collection Set: 3.3ms
[2021-11-06T10:04:20.870-0700][gc,phases   ] GC(111)   Other: 2.8ms
[2021-11-06T10:04:20.870-0700][gc,heap     ] GC(111) Eden regions: 152->0(47)
[2021-11-06T10:04:20.870-0700][gc,heap     ] GC(111) Survivor regions: 4->4(20)
[2021-11-06T10:04:20.870-0700][gc,heap     ] GC(111) Old regions: 98->98
[2021-11-06T10:04:20.870-0700][gc,heap     ] GC(111) Archive regions: 2->2
[2021-11-06T10:04:20.870-0700][gc,heap     ] GC(111) Humongous regions: 129->129
[2021-11-06T10:04:20.870-0700][gc,metaspace] GC(111) Metaspace: 39894K(40448K)->39894K(40448K) NonClass: 35297K(35584K)->35297K(35584K) Class: 4596K(4864K)->4596K(4864K)
[2021-11-06T10:04:20.871-0700][gc          ] GC(111) Pause Young (Normal) (G1 Evacuation Pause) 383M->231M(1024M) 55.279ms
[2021-11-06T10:04:20.871-0700][gc,cpu      ] GC(111) User=0.03s Sys=0.14s Real=0.06s
[2021-11-06T11:05:08.944-0700][gc,start    ] GC(112) Pause Young (Normal) (G1 Evacuation Pause)
[2021-11-06T11:05:08.945-0700][gc,task     ] GC(112) Using 8 workers of 8 for evacuation
[2021-11-06T11:05:08.976-0700][gc,mmu      ] GC(112) MMU target violated: 21.0ms (20.0ms/21.0ms)
[2021-11-06T11:05:08.976-0700][gc,phases   ] GC(112)   Pre Evacuate Collection Set: 0.8ms
[2021-11-06T11:05:08.976-0700][gc,phases   ] GC(112)   Merge Heap Roots: 0.2ms
[2021-11-06T11:05:08.976-0700][gc,phases   ] GC(112)   Evacuate Collection Set: 28.2ms
[2021-11-06T11:05:08.976-0700][gc,phases   ] GC(112)   Post Evacuate Collection Set: 1.4ms
[2021-11-06T11:05:08.976-0700][gc,phases   ] GC(112)   Other: 1.6ms
[2021-11-06T11:05:08.976-0700][gc,heap     ] GC(112) Eden regions: 47->0(47)
[2021-11-06T11:05:08.976-0700][gc,heap     ] GC(112) Survivor regions: 4->4(7)
[2021-11-06T11:05:08.976-0700][gc,heap     ] GC(112) Old regions: 98->98
[2021-11-06T11:05:08.976-0700][gc,heap     ] GC(112) Archive regions: 2->2
[2021-11-06T11:05:08.976-0700][gc,heap     ] GC(112) Humongous regions: 129->129
[2021-11-06T11:05:08.976-0700][gc,metaspace] GC(112) Metaspace: 39943K(40512K)->39943K(40512K) NonClass: 35346K(35648K)->35346K(35648K) Class: 4596K(4864K)->4596K(4864K)
[2021-11-06T11:05:08.976-0700][gc          ] GC(112) Pause Young (Normal) (G1 Evacuation Pause) 278M->231M(1024M) 32.214ms
[2021-11-06T11:05:08.976-0700][gc,cpu      ] GC(112) User=0.02s Sys=0.03s Real=0.03s
[2021-11-06T12:08:08.527-0700][gc,start    ] GC(113) Pause Young (Normal) (G1 Evacuation Pause)
[2021-11-06T12:08:08.528-0700][gc,task     ] GC(113) Using 8 workers of 8 for evacuation
[2021-11-06T12:08:08.564-0700][gc,mmu      ] GC(113) MMU target violated: 21.0ms (20.0ms/21.0ms)
[2021-11-06T12:08:08.564-0700][gc,phases   ] GC(113)   Pre Evacuate Collection Set: 1.9ms
[2021-11-06T12:08:08.564-0700][gc,phases   ] GC(113)   Merge Heap Roots: 0.4ms
[2021-11-06T12:08:08.564-0700][gc,phases   ] GC(113)   Evacuate Collection Set: 28.3ms
[2021-11-06T12:08:08.564-0700][gc,phases   ] GC(113)   Post Evacuate Collection Set: 4.8ms
[2021-11-06T12:08:08.564-0700][gc,phases   ] GC(113)   Other: 2.3ms
[2021-11-06T12:08:08.564-0700][gc,heap     ] GC(113) Eden regions: 47->0(47)
[2021-11-06T12:08:08.564-0700][gc,heap     ] GC(113) Survivor regions: 4->4(7)
[2021-11-06T12:08:08.564-0700][gc,heap     ] GC(113) Old regions: 98->98
[2021-11-06T12:08:08.564-0700][gc,heap     ] GC(113) Archive regions: 2->2
[2021-11-06T12:08:08.564-0700][gc,heap     ] GC(113) Humongous regions: 129->129
[2021-11-06T12:08:08.564-0700][gc,metaspace] GC(113) Metaspace: 39954K(40512K)->39954K(40512K) NonClass: 35358K(35648K)->35358K(35648K) Class: 4596K(4864K)->4596K(4864K)
[2021-11-06T12:08:08.565-0700][gc          ] GC(113) Pause Young (Normal) (G1 Evacuation Pause) 278M->231M(1024M) 37.638ms
[2021-11-06T12:08:08.565-0700][gc,cpu      ] GC(113) User=0.04s Sys=0.05s Real=0.04s
[2021-11-06T13:11:25.075-0700][gc,start    ] GC(114) Pause Young (Normal) (G1 Evacuation Pause)
[2021-11-06T13:11:25.076-0700][gc,task     ] GC(114) Using 8 workers of 8 for evacuation
[2021-11-06T13:11:25.106-0700][gc,mmu      ] GC(114) MMU target violated: 21.0ms (20.0ms/21.0ms)
[2021-11-06T13:11:25.107-0700][gc,phases   ] GC(114)   Pre Evacuate Collection Set: 1.8ms
[2021-11-06T13:11:25.107-0700][gc,phases   ] GC(114)   Merge Heap Roots: 0.5ms
[2021-11-06T13:11:25.107-0700][gc,phases   ] GC(114)   Evacuate Collection Set: 24.0ms
[2021-11-06T13:11:25.107-0700][gc,phases   ] GC(114)   Post Evacuate Collection Set: 3.9ms
[2021-11-06T13:11:25.107-0700][gc,phases   ] GC(114)   Other: 1.7ms
[2021-11-06T13:11:25.107-0700][gc,heap     ] GC(114) Eden regions: 47->0(47)
[2021-11-06T13:11:25.107-0700][gc,heap     ] GC(114) Survivor regions: 4->4(7)
[2021-11-06T13:11:25.107-0700][gc,heap     ] GC(114) Old regions: 98->98
[2021-11-06T13:11:25.107-0700][gc,heap     ] GC(114) Archive regions: 2->2
[2021-11-06T13:11:25.107-0700][gc,heap     ] GC(114) Humongous regions: 129->129
[2021-11-06T13:11:25.107-0700][gc,metaspace] GC(114) Metaspace: 39971K(40512K)->39971K(40512K) NonClass: 35374K(35648K)->35374K(35648K) Class: 4596K(4864K)->4596K(4864K)
[2021-11-06T13:11:25.107-0700][gc          ] GC(114) Pause Young (Normal) (G1 Evacuation Pause) 278M->231M(1024M) 31.939ms
[2021-11-06T13:11:25.107-0700][gc,cpu      ] GC(114) User=0.03s Sys=0.05s Real=0.03s
[2021-11-06T15:05:41.373-0700][gc,start    ] GC(115) Pause Young (Normal) (G1 Evacuation Pause)
[2021-11-06T15:05:41.374-0700][gc,task     ] GC(115) Using 8 workers of 8 for evacuation
[2021-11-06T15:05:41.411-0700][gc,mmu      ] GC(115) MMU target violated: 21.0ms (20.0ms/21.0ms)
[2021-11-06T15:05:41.411-0700][gc,phases   ] GC(115)   Pre Evacuate Collection Set: 0.9ms
[2021-11-06T15:05:41.411-0700][gc,phases   ] GC(115)   Merge Heap Roots: 0.2ms
[2021-11-06T15:05:41.411-0700][gc,phases   ] GC(115)   Evacuate Collection Set: 32.7ms
[2021-11-06T15:05:41.411-0700][gc,phases   ] GC(115)   Post Evacuate Collection Set: 2.8ms
[2021-11-06T15:05:41.412-0700][gc,phases   ] GC(115)   Other: 2.2ms
[2021-11-06T15:05:41.412-0700][gc,heap     ] GC(115) Eden regions: 47->0(47)
[2021-11-06T15:05:41.412-0700][gc,heap     ] GC(115) Survivor regions: 4->4(7)
[2021-11-06T15:05:41.412-0700][gc,heap     ] GC(115) Old regions: 98->98
[2021-11-06T15:05:41.412-0700][gc,heap     ] GC(115) Archive regions: 2->2
[2021-11-06T15:05:41.412-0700][gc,heap     ] GC(115) Humongous regions: 129->129
[2021-11-06T15:05:41.412-0700][gc,metaspace] GC(115) Metaspace: 39972K(40576K)->39972K(40576K) NonClass: 35376K(35712K)->35376K(35712K) Class: 4596K(4864K)->4596K(4864K)
[2021-11-06T15:05:41.412-0700][gc          ] GC(115) Pause Young (Normal) (G1 Evacuation Pause) 278M->231M(1024M) 38.986ms
[2021-11-06T15:05:41.412-0700][gc,cpu      ] GC(115) User=0.04s Sys=0.04s Real=0.04s
[2021-11-06T16:08:25.054-0700][gc,start    ] GC(116) Pause Young (Normal) (G1 Evacuation Pause)
[2021-11-06T16:08:25.056-0700][gc,task     ] GC(116) Using 8 workers of 8 for evacuation
[2021-11-06T16:08:25.104-0700][gc,mmu      ] GC(116) MMU target violated: 21.0ms (20.0ms/21.0ms)
[2021-11-06T16:08:25.104-0700][gc,phases   ] GC(116)   Pre Evacuate Collection Set: 1.3ms
[2021-11-06T16:08:25.104-0700][gc,phases   ] GC(116)   Merge Heap Roots: 0.4ms
[2021-11-06T16:08:25.104-0700][gc,phases   ] GC(116)   Evacuate Collection Set: 36.0ms
[2021-11-06T16:08:25.104-0700][gc,phases   ] GC(116)   Post Evacuate Collection Set: 10.1ms
[2021-11-06T16:08:25.104-0700][gc,phases   ] GC(116)   Other: 2.4ms
[2021-11-06T16:08:25.104-0700][gc,heap     ] GC(116) Eden regions: 47->0(47)
[2021-11-06T16:08:25.104-0700][gc,heap     ] GC(116) Survivor regions: 4->4(7)
[2021-11-06T16:08:25.104-0700][gc,heap     ] GC(116) Old regions: 98->98
[2021-11-06T16:08:25.104-0700][gc,heap     ] GC(116) Archive regions: 2->2
[2021-11-06T16:08:25.104-0700][gc,heap     ] GC(116) Humongous regions: 129->129
[2021-11-06T16:08:25.104-0700][gc,metaspace] GC(116) Metaspace: 39974K(40576K)->39974K(40576K) NonClass: 35377K(35712K)->35377K(35712K) Class: 4596K(4864K)->4596K(4864K)
[2021-11-06T16:08:25.104-0700][gc          ] GC(116) Pause Young (Normal) (G1 Evacuation Pause) 278M->231M(1024M) 50.229ms
[2021-11-06T16:08:25.105-0700][gc,cpu      ] GC(116) User=0.04s Sys=0.05s Real=0.05s
[2021-11-06T17:10:25.445-0700][gc,start    ] GC(117) Pause Young (Normal) (G1 Evacuation Pause)
[2021-11-06T17:10:25.445-0700][gc,task     ] GC(117) Using 8 workers of 8 for evacuation
[2021-11-06T17:10:25.470-0700][gc,mmu      ] GC(117) MMU target violated: 21.0ms (20.0ms/21.0ms)
[2021-11-06T17:10:25.470-0700][gc,phases   ] GC(117)   Pre Evacuate Collection Set: 0.5ms
[2021-11-06T17:10:25.470-0700][gc,phases   ] GC(117)   Merge Heap Roots: 0.1ms
[2021-11-06T17:10:25.470-0700][gc,phases   ] GC(117)   Evacuate Collection Set: 23.2ms
[2021-11-06T17:10:25.470-0700][gc,phases   ] GC(117)   Post Evacuate Collection Set: 0.8ms
[2021-11-06T17:10:25.470-0700][gc,phases   ] GC(117)   Other: 0.9ms
[2021-11-06T17:10:25.470-0700][gc,heap     ] GC(117) Eden regions: 47->0(51)
[2021-11-06T17:10:25.470-0700][gc,heap     ] GC(117) Survivor regions: 4->4(7)
[2021-11-06T17:10:25.470-0700][gc,heap     ] GC(117) Old regions: 98->98
[2021-11-06T17:10:25.470-0700][gc,heap     ] GC(117) Archive regions: 2->2
[2021-11-06T17:10:25.470-0700][gc,heap     ] GC(117) Humongous regions: 129->129
[2021-11-06T17:10:25.470-0700][gc,metaspace] GC(117) Metaspace: 39974K(40576K)->39974K(40576K) NonClass: 35377K(35712K)->35377K(35712K) Class: 4596K(4864K)->4596K(4864K)
[2021-11-06T17:10:25.470-0700][gc          ] GC(117) Pause Young (Normal) (G1 Evacuation Pause) 278M->231M(1024M) 25.659ms
[2021-11-06T17:10:25.470-0700][gc,cpu      ] GC(117) User=0.01s Sys=0.03s Real=0.03s
[2021-11-06T17:11:20.900-0700][gc,start    ] GC(118) Pause Young (Normal) (G1 Evacuation Pause)
[2021-11-06T17:11:20.902-0700][gc,task     ] GC(118) Using 8 workers of 8 for evacuation
[2021-11-06T17:11:20.933-0700][gc,mmu      ] GC(118) MMU target violated: 21.0ms (20.0ms/21.0ms)
[2021-11-06T17:11:20.933-0700][gc,phases   ] GC(118)   Pre Evacuate Collection Set: 2.0ms
[2021-11-06T17:11:20.933-0700][gc,phases   ] GC(118)   Merge Heap Roots: 0.4ms
[2021-11-06T17:11:20.933-0700][gc,phases   ] GC(118)   Evacuate Collection Set: 26.6ms
[2021-11-06T17:11:20.933-0700][gc,phases   ] GC(118)   Post Evacuate Collection Set: 1.9ms
[2021-11-06T17:11:20.933-0700][gc,phases   ] GC(118)   Other: 2.4ms
[2021-11-06T17:11:20.933-0700][gc,heap     ] GC(118) Eden regions: 51->0(96)
[2021-11-06T17:11:20.933-0700][gc,heap     ] GC(118) Survivor regions: 4->3(7)
[2021-11-06T17:11:20.933-0700][gc,heap     ] GC(118) Old regions: 98->98
[2021-11-06T17:11:20.933-0700][gc,heap     ] GC(118) Archive regions: 2->2
[2021-11-06T17:11:20.933-0700][gc,heap     ] GC(118) Humongous regions: 129->129
[2021-11-06T17:11:20.933-0700][gc,metaspace] GC(118) Metaspace: 39975K(40576K)->39975K(40576K) NonClass: 35379K(35712K)->35379K(35712K) Class: 4596K(4864K)->4596K(4864K)
[2021-11-06T17:11:20.933-0700][gc          ] GC(118) Pause Young (Normal) (G1 Evacuation Pause) 282M->230M(1024M) 33.508ms
[2021-11-06T17:11:20.933-0700][gc,cpu      ] GC(118) User=0.02s Sys=0.04s Real=0.03s
[2021-11-06T17:13:14.731-0700][gc,start    ] GC(119) Pause Young (Normal) (G1 Evacuation Pause)
[2021-11-06T17:13:14.732-0700][gc,task     ] GC(119) Using 8 workers of 8 for evacuation
[2021-11-06T17:13:14.770-0700][gc,mmu      ] GC(119) MMU target violated: 21.0ms (20.0ms/21.0ms)
[2021-11-06T17:13:14.770-0700][gc,phases   ] GC(119)   Pre Evacuate Collection Set: 0.8ms
[2021-11-06T17:13:14.770-0700][gc,phases   ] GC(119)   Merge Heap Roots: 0.2ms
[2021-11-06T17:13:14.770-0700][gc,phases   ] GC(119)   Evacuate Collection Set: 31.4ms
[2021-11-06T17:13:14.770-0700][gc,phases   ] GC(119)   Post Evacuate Collection Set: 5.4ms
[2021-11-06T17:13:14.770-0700][gc,phases   ] GC(119)   Other: 1.1ms
[2021-11-06T17:13:14.770-0700][gc,heap     ] GC(119) Eden regions: 96->0(47)
[2021-11-06T17:13:14.770-0700][gc,heap     ] GC(119) Survivor regions: 3->4(13)
[2021-11-06T17:13:14.770-0700][gc,heap     ] GC(119) Old regions: 98->98
[2021-11-06T17:13:14.770-0700][gc,heap     ] GC(119) Archive regions: 2->2
[2021-11-06T17:13:14.770-0700][gc,heap     ] GC(119) Humongous regions: 129->129
[2021-11-06T17:13:14.770-0700][gc,metaspace] GC(119) Metaspace: 39975K(40576K)->39975K(40576K) NonClass: 35379K(35712K)->35379K(35712K) Class: 4596K(4864K)->4596K(4864K)
[2021-11-06T17:13:14.770-0700][gc          ] GC(119) Pause Young (Normal) (G1 Evacuation Pause) 326M->231M(1024M) 38.916ms
[2021-11-06T17:13:14.770-0700][gc,cpu      ] GC(119) User=0.02s Sys=0.04s Real=0.04s
[2021-11-06T17:14:10.405-0700][gc,start    ] GC(120) Pause Young (Normal) (G1 Evacuation Pause)
[2021-11-06T17:14:10.408-0700][gc,task     ] GC(120) Using 8 workers of 8 for evacuation
[2021-11-06T17:14:10.422-0700][gc,phases   ] GC(120)   Pre Evacuate Collection Set: 1.2ms
[2021-11-06T17:14:10.422-0700][gc,phases   ] GC(120)   Merge Heap Roots: 0.3ms
[2021-11-06T17:14:10.422-0700][gc,phases   ] GC(120)   Evacuate Collection Set: 10.4ms
[2021-11-06T17:14:10.422-0700][gc,phases   ] GC(120)   Post Evacuate Collection Set: 1.7ms
[2021-11-06T17:14:10.422-0700][gc,phases   ] GC(120)   Other: 2.8ms
[2021-11-06T17:14:10.422-0700][gc,heap     ] GC(120) Eden regions: 47->0(87)
[2021-11-06T17:14:10.422-0700][gc,heap     ] GC(120) Survivor regions: 4->4(7)
[2021-11-06T17:14:10.422-0700][gc,heap     ] GC(120) Old regions: 98->98
[2021-11-06T17:14:10.422-0700][gc,heap     ] GC(120) Archive regions: 2->2
[2021-11-06T17:14:10.422-0700][gc,heap     ] GC(120) Humongous regions: 129->129
[2021-11-06T17:14:10.422-0700][gc,metaspace] GC(120) Metaspace: 39975K(40576K)->39975K(40576K) NonClass: 35379K(35712K)->35379K(35712K) Class: 4596K(4864K)->4596K(4864K)
[2021-11-06T17:14:10.422-0700][gc          ] GC(120) Pause Young (Normal) (G1 Evacuation Pause) 278M->230M(1024M) 16.686ms
[2021-11-06T17:14:10.422-0700][gc,cpu      ] GC(120) User=0.02s Sys=0.02s Real=0.02s
[2021-11-06T17:15:54.501-0700][gc,start    ] GC(121) Pause Young (Normal) (G1 Evacuation Pause)
[2021-11-06T17:15:54.519-0700][gc,task     ] GC(121) Using 8 workers of 8 for evacuation
[2021-11-06T17:15:54.543-0700][gc,mmu      ] GC(121) MMU target violated: 21.0ms (20.0ms/21.0ms)
[2021-11-06T17:15:54.543-0700][gc,phases   ] GC(121)   Pre Evacuate Collection Set: 1.6ms
[2021-11-06T17:15:54.543-0700][gc,phases   ] GC(121)   Merge Heap Roots: 0.4ms
[2021-11-06T17:15:54.543-0700][gc,phases   ] GC(121)   Evacuate Collection Set: 19.6ms
[2021-11-06T17:15:54.543-0700][gc,phases   ] GC(121)   Post Evacuate Collection Set: 1.9ms
[2021-11-06T17:15:54.543-0700][gc,phases   ] GC(121)   Other: 18.4ms
[2021-11-06T17:15:54.543-0700][gc,heap     ] GC(121) Eden regions: 87->0(153)
[2021-11-06T17:15:54.543-0700][gc,heap     ] GC(121) Survivor regions: 4->4(12)
[2021-11-06T17:15:54.543-0700][gc,heap     ] GC(121) Old regions: 98->98
[2021-11-06T17:15:54.543-0700][gc,heap     ] GC(121) Archive regions: 2->2
[2021-11-06T17:15:54.543-0700][gc,heap     ] GC(121) Humongous regions: 129->129
[2021-11-06T17:15:54.543-0700][gc,metaspace] GC(121) Metaspace: 39975K(40576K)->39975K(40576K) NonClass: 35379K(35712K)->35379K(35712K) Class: 4596K(4864K)->4596K(4864K)
[2021-11-06T17:15:54.543-0700][gc          ] GC(121) Pause Young (Normal) (G1 Evacuation Pause) 317M->231M(1024M) 42.016ms
[2021-11-06T17:15:54.544-0700][gc,cpu      ] GC(121) User=0.03s Sys=0.03s Real=0.04s
[2021-11-06T17:18:45.909-0700][gc,start    ] GC(122) Pause Young (Normal) (G1 Evacuation Pause)
[2021-11-06T17:18:45.910-0700][gc,task     ] GC(122) Using 8 workers of 8 for evacuation
[2021-11-06T17:18:45.958-0700][gc,mmu      ] GC(122) MMU target violated: 21.0ms (20.0ms/21.0ms)
[2021-11-06T17:18:45.958-0700][gc,phases   ] GC(122)   Pre Evacuate Collection Set: 1.0ms
[2021-11-06T17:18:45.958-0700][gc,phases   ] GC(122)   Merge Heap Roots: 0.4ms
[2021-11-06T17:18:45.958-0700][gc,phases   ] GC(122)   Evacuate Collection Set: 44.7ms
[2021-11-06T17:18:45.958-0700][gc,phases   ] GC(122)   Post Evacuate Collection Set: 1.6ms
[2021-11-06T17:18:45.958-0700][gc,phases   ] GC(122)   Other: 1.2ms
[2021-11-06T17:18:45.958-0700][gc,heap     ] GC(122) Eden regions: 153->0(197)
[2021-11-06T17:18:45.958-0700][gc,heap     ] GC(122) Survivor regions: 4->4(20)
[2021-11-06T17:18:45.958-0700][gc,heap     ] GC(122) Old regions: 98->98
[2021-11-06T17:18:45.958-0700][gc,heap     ] GC(122) Archive regions: 2->2
[2021-11-06T17:18:45.958-0700][gc,heap     ] GC(122) Humongous regions: 129->129
[2021-11-06T17:18:45.958-0700][gc,metaspace] GC(122) Metaspace: 39979K(40576K)->39979K(40576K) NonClass: 35383K(35712K)->35383K(35712K) Class: 4596K(4864K)->4596K(4864K)
[2021-11-06T17:18:45.958-0700][gc          ] GC(122) Pause Young (Normal) (G1 Evacuation Pause) 384M->231M(1024M) 48.953ms
[2021-11-06T17:18:45.958-0700][gc,cpu      ] GC(122) User=0.04s Sys=0.05s Real=0.05s
[2021-11-06T17:22:13.923-0700][gc,start    ] GC(123) Pause Young (Normal) (G1 Evacuation Pause)
[2021-11-06T17:22:13.924-0700][gc,task     ] GC(123) Using 8 workers of 8 for evacuation
[2021-11-06T17:22:13.947-0700][gc,mmu      ] GC(123) MMU target violated: 21.0ms (20.0ms/21.0ms)
[2021-11-06T17:22:13.947-0700][gc,phases   ] GC(123)   Pre Evacuate Collection Set: 1.6ms
[2021-11-06T17:22:13.947-0700][gc,phases   ] GC(123)   Merge Heap Roots: 0.4ms
[2021-11-06T17:22:13.947-0700][gc,phases   ] GC(123)   Evacuate Collection Set: 18.7ms
[2021-11-06T17:22:13.947-0700][gc,phases   ] GC(123)   Post Evacuate Collection Set: 2.2ms
[2021-11-06T17:22:13.947-0700][gc,phases   ] GC(123)   Other: 2.1ms
[2021-11-06T17:22:13.947-0700][gc,heap     ] GC(123) Eden regions: 197->0(183)
[2021-11-06T17:22:13.947-0700][gc,heap     ] GC(123) Survivor regions: 4->4(26)
[2021-11-06T17:22:13.948-0700][gc,heap     ] GC(123) Old regions: 98->98
[2021-11-06T17:22:13.948-0700][gc,heap     ] GC(123) Archive regions: 2->2
[2021-11-06T17:22:13.948-0700][gc,heap     ] GC(123) Humongous regions: 129->129
[2021-11-06T17:22:13.948-0700][gc,metaspace] GC(123) Metaspace: 39979K(40576K)->39979K(40576K) NonClass: 35383K(35712K)->35383K(35712K) Class: 4596K(4864K)->4596K(4864K)
[2021-11-06T17:22:13.948-0700][gc          ] GC(123) Pause Young (Normal) (G1 Evacuation Pause) 428M->231M(1024M) 25.151ms
[2021-11-06T17:22:13.948-0700][gc,cpu      ] GC(123) User=0.03s Sys=0.04s Real=0.02s
[2021-11-06T17:25:28.077-0700][gc,start    ] GC(124) Pause Young (Normal) (G1 Evacuation Pause)
[2021-11-06T17:25:28.079-0700][gc,task     ] GC(124) Using 8 workers of 8 for evacuation
[2021-11-06T17:25:28.115-0700][gc,mmu      ] GC(124) MMU target violated: 21.0ms (20.0ms/21.0ms)
[2021-11-06T17:25:28.115-0700][gc,phases   ] GC(124)   Pre Evacuate Collection Set: 1.2ms
[2021-11-06T17:25:28.115-0700][gc,phases   ] GC(124)   Merge Heap Roots: 0.3ms
[2021-11-06T17:25:28.115-0700][gc,phases   ] GC(124)   Evacuate Collection Set: 32.5ms
[2021-11-06T17:25:28.116-0700][gc,phases   ] GC(124)   Post Evacuate Collection Set: 2.0ms
[2021-11-06T17:25:28.116-0700][gc,phases   ] GC(124)   Other: 2.7ms
[2021-11-06T17:25:28.116-0700][gc,heap     ] GC(124) Eden regions: 183->0(230)
[2021-11-06T17:25:28.116-0700][gc,heap     ] GC(124) Survivor regions: 4->4(24)
[2021-11-06T17:25:28.116-0700][gc,heap     ] GC(124) Old regions: 98->98
[2021-11-06T17:25:28.116-0700][gc,heap     ] GC(124) Archive regions: 2->2
[2021-11-06T17:25:28.116-0700][gc,heap     ] GC(124) Humongous regions: 129->129
[2021-11-06T17:25:28.116-0700][gc,metaspace] GC(124) Metaspace: 39985K(40576K)->39985K(40576K) NonClass: 35389K(35712K)->35389K(35712K) Class: 4596K(4864K)->4596K(4864K)
[2021-11-06T17:25:28.116-0700][gc          ] GC(124) Pause Young (Normal) (G1 Evacuation Pause) 414M->231M(1024M) 38.879ms
[2021-11-06T17:25:28.116-0700][gc,cpu      ] GC(124) User=0.03s Sys=0.04s Real=0.04s
[2021-11-06T17:29:38.116-0700][gc,start    ] GC(125) Pause Young (Normal) (G1 Evacuation Pause)
[2021-11-06T17:29:38.116-0700][gc,task     ] GC(125) Using 8 workers of 8 for evacuation
[2021-11-06T17:29:38.140-0700][gc,mmu      ] GC(125) MMU target violated: 21.0ms (20.0ms/21.0ms)
[2021-11-06T17:29:38.141-0700][gc,phases   ] GC(125)   Pre Evacuate Collection Set: 1.0ms
[2021-11-06T17:29:38.141-0700][gc,phases   ] GC(125)   Merge Heap Roots: 0.3ms
[2021-11-06T17:29:38.141-0700][gc,phases   ] GC(125)   Evacuate Collection Set: 20.4ms
[2021-11-06T17:29:38.141-0700][gc,phases   ] GC(125)   Post Evacuate Collection Set: 2.1ms
[2021-11-06T17:29:38.141-0700][gc,phases   ] GC(125)   Other: 1.0ms
[2021-11-06T17:29:38.141-0700][gc,heap     ] GC(125) Eden regions: 230->0(295)
[2021-11-06T17:29:38.141-0700][gc,heap     ] GC(125) Survivor regions: 4->3(30)
[2021-11-06T17:29:38.141-0700][gc,heap     ] GC(125) Old regions: 98->98
[2021-11-06T17:29:38.141-0700][gc,heap     ] GC(125) Archive regions: 2->2
[2021-11-06T17:29:38.141-0700][gc,heap     ] GC(125) Humongous regions: 129->129
[2021-11-06T17:29:38.141-0700][gc,metaspace] GC(125) Metaspace: 39985K(40576K)->39985K(40576K) NonClass: 35389K(35712K)->35389K(35712K) Class: 4596K(4864K)->4596K(4864K)
[2021-11-06T17:29:38.141-0700][gc          ] GC(125) Pause Young (Normal) (G1 Evacuation Pause) 461M->230M(1024M) 25.161ms
[2021-11-06T17:29:38.141-0700][gc,cpu      ] GC(125) User=0.02s Sys=0.04s Real=0.03s
[2021-11-06T17:35:37.049-0700][gc,start    ] GC(126) Pause Young (Normal) (G1 Evacuation Pause)
[2021-11-06T17:35:37.051-0700][gc,task     ] GC(126) Using 8 workers of 8 for evacuation
[2021-11-06T17:35:37.090-0700][gc,mmu      ] GC(126) MMU target violated: 21.0ms (20.0ms/21.0ms)
[2021-11-06T17:35:37.090-0700][gc,phases   ] GC(126)   Pre Evacuate Collection Set: 1.2ms
[2021-11-06T17:35:37.090-0700][gc,phases   ] GC(126)   Merge Heap Roots: 0.4ms
[2021-11-06T17:35:37.090-0700][gc,phases   ] GC(126)   Evacuate Collection Set: 34.6ms
[2021-11-06T17:35:37.090-0700][gc,phases   ] GC(126)   Post Evacuate Collection Set: 1.9ms
[2021-11-06T17:35:37.090-0700][gc,phases   ] GC(126)   Other: 2.7ms
[2021-11-06T17:35:37.090-0700][gc,heap     ] GC(126) Eden regions: 295->0(121)
[2021-11-06T17:35:37.090-0700][gc,heap     ] GC(126) Survivor regions: 3->4(38)
[2021-11-06T17:35:37.090-0700][gc,heap     ] GC(126) Old regions: 98->99
[2021-11-06T17:35:37.090-0700][gc,heap     ] GC(126) Archive regions: 2->2
[2021-11-06T17:35:37.090-0700][gc,heap     ] GC(126) Humongous regions: 129->129
[2021-11-06T17:35:37.090-0700][gc,metaspace] GC(126) Metaspace: 40011K(40576K)->40011K(40576K) NonClass: 35414K(35712K)->35414K(35712K) Class: 4596K(4864K)->4596K(4864K)
[2021-11-06T17:35:37.090-0700][gc          ] GC(126) Pause Young (Normal) (G1 Evacuation Pause) 525M->231M(1024M) 40.930ms
[2021-11-06T17:35:37.090-0700][gc,cpu      ] GC(126) User=0.03s Sys=0.05s Real=0.05s
[2021-11-06T17:38:02.708-0700][gc,start    ] GC(127) Pause Young (Normal) (G1 Evacuation Pause)
[2021-11-06T17:38:02.710-0700][gc,task     ] GC(127) Using 8 workers of 8 for evacuation
[2021-11-06T17:38:02.731-0700][gc,mmu      ] GC(127) MMU target violated: 20.9ms (20.0ms/21.0ms)
[2021-11-06T17:38:02.732-0700][gc,phases   ] GC(127)   Pre Evacuate Collection Set: 2.4ms
[2021-11-06T17:38:02.732-0700][gc,phases   ] GC(127)   Merge Heap Roots: 0.6ms
[2021-11-06T17:38:02.732-0700][gc,phases   ] GC(127)   Evacuate Collection Set: 16.7ms
[2021-11-06T17:38:02.732-0700][gc,phases   ] GC(127)   Post Evacuate Collection Set: 1.7ms
[2021-11-06T17:38:02.732-0700][gc,phases   ] GC(127)   Other: 2.1ms
[2021-11-06T17:38:02.732-0700][gc,heap     ] GC(127) Eden regions: 121->0(231)
[2021-11-06T17:38:02.732-0700][gc,heap     ] GC(127) Survivor regions: 4->4(16)
[2021-11-06T17:38:02.732-0700][gc,heap     ] GC(127) Old regions: 99->99
[2021-11-06T17:38:02.732-0700][gc,heap     ] GC(127) Archive regions: 2->2
[2021-11-06T17:38:02.732-0700][gc,heap     ] GC(127) Humongous regions: 129->129
[2021-11-06T17:38:02.732-0700][gc,metaspace] GC(127) Metaspace: 40015K(40576K)->40015K(40576K) NonClass: 35418K(35712K)->35418K(35712K) Class: 4596K(4864K)->4596K(4864K)
[2021-11-06T17:38:02.732-0700][gc          ] GC(127) Pause Young (Normal) (G1 Evacuation Pause) 352M->231M(1024M) 23.448ms
[2021-11-06T17:38:02.732-0700][gc,cpu      ] GC(127) User=0.02s Sys=0.03s Real=0.03s
[2021-11-06T17:42:41.462-0700][gc,start    ] GC(128) Pause Young (Normal) (G1 Evacuation Pause)
[2021-11-06T17:42:41.463-0700][gc,task     ] GC(128) Using 8 workers of 8 for evacuation
[2021-11-06T17:42:41.499-0700][gc,mmu      ] GC(128) MMU target violated: 21.0ms (20.0ms/21.0ms)
[2021-11-06T17:42:41.499-0700][gc,phases   ] GC(128)   Pre Evacuate Collection Set: 0.9ms
[2021-11-06T17:42:41.499-0700][gc,phases   ] GC(128)   Merge Heap Roots: 0.4ms
[2021-11-06T17:42:41.499-0700][gc,phases   ] GC(128)   Evacuate Collection Set: 25.3ms
[2021-11-06T17:42:41.499-0700][gc,phases   ] GC(128)   Post Evacuate Collection Set: 8.9ms
[2021-11-06T17:42:41.499-0700][gc,phases   ] GC(128)   Other: 1.3ms
[2021-11-06T17:42:41.499-0700][gc,heap     ] GC(128) Eden regions: 231->0(70)
[2021-11-06T17:42:41.499-0700][gc,heap     ] GC(128) Survivor regions: 4->3(30)
[2021-11-06T17:42:41.499-0700][gc,heap     ] GC(128) Old regions: 99->99
[2021-11-06T17:42:41.499-0700][gc,heap     ] GC(128) Archive regions: 2->2
[2021-11-06T17:42:41.499-0700][gc,heap     ] GC(128) Humongous regions: 129->129
[2021-11-06T17:42:41.499-0700][gc,metaspace] GC(128) Metaspace: 40017K(40576K)->40017K(40576K) NonClass: 35420K(35712K)->35420K(35712K) Class: 4596K(4864K)->4596K(4864K)
[2021-11-06T17:42:41.499-0700][gc          ] GC(128) Pause Young (Normal) (G1 Evacuation Pause) 462M->230M(1024M) 37.055ms
[2021-11-06T17:42:41.499-0700][gc,cpu      ] GC(128) User=0.02s Sys=0.04s Real=0.03s
[2021-11-06T17:44:05.699-0700][gc,start    ] GC(129) Pause Young (Normal) (G1 Evacuation Pause)
[2021-11-06T17:44:05.699-0700][gc,task     ] GC(129) Using 8 workers of 8 for evacuation
[2021-11-06T17:44:05.722-0700][gc,mmu      ] GC(129) MMU target violated: 21.0ms (20.0ms/21.0ms)
[2021-11-06T17:44:05.723-0700][gc,phases   ] GC(129)   Pre Evacuate Collection Set: 1.4ms
[2021-11-06T17:44:05.723-0700][gc,phases   ] GC(129)   Merge Heap Roots: 0.4ms
[2021-11-06T17:44:05.723-0700][gc,phases   ] GC(129)   Evacuate Collection Set: 19.9ms
[2021-11-06T17:44:05.723-0700][gc,phases   ] GC(129)   Post Evacuate Collection Set: 1.2ms
[2021-11-06T17:44:05.723-0700][gc,phases   ] GC(129)   Other: 1.3ms
[2021-11-06T17:44:05.723-0700][gc,heap     ] GC(129) Eden regions: 70->0(89)
[2021-11-06T17:44:05.723-0700][gc,heap     ] GC(129) Survivor regions: 3->4(10)
[2021-11-06T17:44:05.723-0700][gc,heap     ] GC(129) Old regions: 99->99
[2021-11-06T17:44:05.723-0700][gc,heap     ] GC(129) Archive regions: 2->2
[2021-11-06T17:44:05.723-0700][gc,heap     ] GC(129) Humongous regions: 129->129
[2021-11-06T17:44:05.723-0700][gc,metaspace] GC(129) Metaspace: 40017K(40576K)->40017K(40576K) NonClass: 35420K(35712K)->35420K(35712K) Class: 4596K(4864K)->4596K(4864K)
[2021-11-06T17:44:05.723-0700][gc          ] GC(129) Pause Young (Normal) (G1 Evacuation Pause) 300M->231M(1024M) 24.299ms
[2021-11-06T17:44:05.723-0700][gc,cpu      ] GC(129) User=0.02s Sys=0.02s Real=0.03s
[2021-11-06T17:45:51.827-0700][gc,start    ] GC(130) Pause Young (Normal) (G1 Evacuation Pause)
[2021-11-06T17:45:51.828-0700][gc,task     ] GC(130) Using 8 workers of 8 for evacuation
[2021-11-06T17:45:51.846-0700][gc,phases   ] GC(130)   Pre Evacuate Collection Set: 0.6ms
[2021-11-06T17:45:51.846-0700][gc,phases   ] GC(130)   Merge Heap Roots: 0.2ms
[2021-11-06T17:45:51.846-0700][gc,phases   ] GC(130)   Evacuate Collection Set: 16.2ms
[2021-11-06T17:45:51.846-0700][gc,phases   ] GC(130)   Post Evacuate Collection Set: 1.3ms
[2021-11-06T17:45:51.846-0700][gc,phases   ] GC(130)   Other: 0.7ms
[2021-11-06T17:45:51.846-0700][gc,heap     ] GC(130) Eden regions: 89->0(163)
[2021-11-06T17:45:51.846-0700][gc,heap     ] GC(130) Survivor regions: 4->4(12)
[2021-11-06T17:45:51.846-0700][gc,heap     ] GC(130) Old regions: 99->99
[2021-11-06T17:45:51.846-0700][gc,heap     ] GC(130) Archive regions: 2->2
[2021-11-06T17:45:51.846-0700][gc,heap     ] GC(130) Humongous regions: 129->129
[2021-11-06T17:45:51.846-0700][gc,metaspace] GC(130) Metaspace: 40017K(40576K)->40017K(40576K) NonClass: 35420K(35712K)->35420K(35712K) Class: 4596K(4864K)->4596K(4864K)
[2021-11-06T17:45:51.846-0700][gc          ] GC(130) Pause Young (Normal) (G1 Evacuation Pause) 320M->232M(1024M) 19.195ms
[2021-11-06T17:45:51.846-0700][gc,cpu      ] GC(130) User=0.02s Sys=0.01s Real=0.02s
[2021-11-06T17:49:08.060-0700][gc,start    ] GC(131) Pause Young (Normal) (G1 Evacuation Pause)
[2021-11-06T17:49:08.063-0700][gc,task     ] GC(131) Using 8 workers of 8 for evacuation
[2021-11-06T17:49:08.084-0700][gc,mmu      ] GC(131) MMU target violated: 20.4ms (20.0ms/21.0ms)
[2021-11-06T17:49:08.084-0700][gc,phases   ] GC(131)   Pre Evacuate Collection Set: 1.2ms
[2021-11-06T17:49:08.084-0700][gc,phases   ] GC(131)   Merge Heap Roots: 0.3ms
[2021-11-06T17:49:08.084-0700][gc,phases   ] GC(131)   Evacuate Collection Set: 17.3ms
[2021-11-06T17:49:08.084-0700][gc,phases   ] GC(131)   Post Evacuate Collection Set: 1.6ms
[2021-11-06T17:49:08.084-0700][gc,phases   ] GC(131)   Other: 3.1ms
[2021-11-06T17:49:08.084-0700][gc,heap     ] GC(131) Eden regions: 163->0(291)
[2021-11-06T17:49:08.084-0700][gc,heap     ] GC(131) Survivor regions: 4->3(21)
[2021-11-06T17:49:08.084-0700][gc,heap     ] GC(131) Old regions: 99->99
[2021-11-06T17:49:08.084-0700][gc,heap     ] GC(131) Archive regions: 2->2
[2021-11-06T17:49:08.084-0700][gc,heap     ] GC(131) Humongous regions: 129->129
[2021-11-06T17:49:08.084-0700][gc,metaspace] GC(131) Metaspace: 40018K(40576K)->40018K(40576K) NonClass: 35421K(35712K)->35421K(35712K) Class: 4596K(4864K)->4596K(4864K)
[2021-11-06T17:49:08.084-0700][gc          ] GC(131) Pause Young (Normal) (G1 Evacuation Pause) 395M->230M(1024M) 23.730ms
[2021-11-06T17:49:08.084-0700][gc,cpu      ] GC(131) User=0.02s Sys=0.03s Real=0.02s
[2021-11-06T17:54:58.467-0700][gc,start    ] GC(132) Pause Young (Normal) (G1 Evacuation Pause)
[2021-11-06T17:54:58.468-0700][gc,task     ] GC(132) Using 8 workers of 8 for evacuation
[2021-11-06T17:54:58.508-0700][gc,mmu      ] GC(132) MMU target violated: 21.0ms (20.0ms/21.0ms)
[2021-11-06T17:54:58.508-0700][gc,phases   ] GC(132)   Pre Evacuate Collection Set: 0.6ms
[2021-11-06T17:54:58.508-0700][gc,phases   ] GC(132)   Merge Heap Roots: 0.2ms
[2021-11-06T17:54:58.508-0700][gc,phases   ] GC(132)   Evacuate Collection Set: 36.5ms
[2021-11-06T17:54:58.508-0700][gc,phases   ] GC(132)   Post Evacuate Collection Set: 1.2ms
[2021-11-06T17:54:58.508-0700][gc,phases   ] GC(132)   Other: 2.7ms
[2021-11-06T17:54:58.508-0700][gc,heap     ] GC(132) Eden regions: 291->0(107)
[2021-11-06T17:54:58.508-0700][gc,heap     ] GC(132) Survivor regions: 3->4(37)
[2021-11-06T17:54:58.508-0700][gc,heap     ] GC(132) Old regions: 99->99
[2021-11-06T17:54:58.508-0700][gc,heap     ] GC(132) Archive regions: 2->2
[2021-11-06T17:54:58.508-0700][gc,heap     ] GC(132) Humongous regions: 129->129
[2021-11-06T17:54:58.508-0700][gc,metaspace] GC(132) Metaspace: 40019K(40576K)->40019K(40576K) NonClass: 35423K(35712K)->35423K(35712K) Class: 4596K(4864K)->4596K(4864K)
[2021-11-06T17:54:58.508-0700][gc          ] GC(132) Pause Young (Normal) (G1 Evacuation Pause) 521M->231M(1024M) 41.179ms
[2021-11-06T17:54:58.508-0700][gc,cpu      ] GC(132) User=0.02s Sys=0.04s Real=0.04s
[2021-11-06T18:12:35.550-0700][gc,start    ] GC(133) Pause Young (Normal) (G1 Evacuation Pause)
[2021-11-06T18:12:35.550-0700][gc,task     ] GC(133) Using 8 workers of 8 for evacuation
[2021-11-06T18:12:35.580-0700][gc,mmu      ] GC(133) MMU target violated: 21.0ms (20.0ms/21.0ms)
[2021-11-06T18:12:35.580-0700][gc,phases   ] GC(133)   Pre Evacuate Collection Set: 1.6ms
[2021-11-06T18:12:35.580-0700][gc,phases   ] GC(133)   Merge Heap Roots: 0.2ms
[2021-11-06T18:12:35.580-0700][gc,phases   ] GC(133)   Evacuate Collection Set: 24.5ms
[2021-11-06T18:12:35.580-0700][gc,phases   ] GC(133)   Post Evacuate Collection Set: 1.6ms
[2021-11-06T18:12:35.580-0700][gc,phases   ] GC(133)   Other: 2.2ms
[2021-11-06T18:12:35.580-0700][gc,heap     ] GC(133) Eden regions: 107->0(150)
[2021-11-06T18:12:35.580-0700][gc,heap     ] GC(133) Survivor regions: 4->4(14)
[2021-11-06T18:12:35.580-0700][gc,heap     ] GC(133) Old regions: 99->99
[2021-11-06T18:12:35.580-0700][gc,heap     ] GC(133) Archive regions: 2->2
[2021-11-06T18:12:35.580-0700][gc,heap     ] GC(133) Humongous regions: 129->129
[2021-11-06T18:12:35.580-0700][gc,metaspace] GC(133) Metaspace: 40019K(40576K)->40019K(40576K) NonClass: 35423K(35712K)->35423K(35712K) Class: 4596K(4864K)->4596K(4864K)
[2021-11-06T18:12:35.580-0700][gc          ] GC(133) Pause Young (Normal) (G1 Evacuation Pause) 338M->231M(1024M) 30.130ms
[2021-11-06T18:12:35.580-0700][gc,cpu      ] GC(133) User=0.02s Sys=0.03s Real=0.03s
[2021-11-06T22:26:58.714-0700][gc,start    ] GC(134) Pause Young (Normal) (G1 Evacuation Pause)
[2021-11-06T22:26:58.717-0700][gc,task     ] GC(134) Using 8 workers of 8 for evacuation
[2021-11-06T22:26:58.802-0700][gc,mmu      ] GC(134) MMU target violated: 21.0ms (20.0ms/21.0ms)
[2021-11-06T22:26:58.802-0700][gc,phases   ] GC(134)   Pre Evacuate Collection Set: 2.3ms
[2021-11-06T22:26:58.802-0700][gc,phases   ] GC(134)   Merge Heap Roots: 1.3ms
[2021-11-06T22:26:58.802-0700][gc,phases   ] GC(134)   Evacuate Collection Set: 79.0ms
[2021-11-06T22:26:58.802-0700][gc,phases   ] GC(134)   Post Evacuate Collection Set: 2.4ms
[2021-11-06T22:26:58.802-0700][gc,phases   ] GC(134)   Other: 4.9ms
[2021-11-06T22:26:58.802-0700][gc,heap     ] GC(134) Eden regions: 150->0(47)
[2021-11-06T22:26:58.802-0700][gc,heap     ] GC(134) Survivor regions: 4->4(20)
[2021-11-06T22:26:58.802-0700][gc,heap     ] GC(134) Old regions: 99->99
[2021-11-06T22:26:58.802-0700][gc,heap     ] GC(134) Archive regions: 2->2
[2021-11-06T22:26:58.802-0700][gc,heap     ] GC(134) Humongous regions: 129->129
[2021-11-06T22:26:58.802-0700][gc,metaspace] GC(134) Metaspace: 40039K(40576K)->40039K(40576K) NonClass: 35442K(35712K)->35442K(35712K) Class: 4596K(4864K)->4596K(4864K)
[2021-11-06T22:26:58.802-0700][gc          ] GC(134) Pause Young (Normal) (G1 Evacuation Pause) 381M->231M(1024M) 88.135ms
[2021-11-06T22:26:58.802-0700][gc,cpu      ] GC(134) User=0.06s Sys=0.11s Real=0.09s
[2021-11-07T05:55:43.451-0800][gc,start    ] GC(135) Pause Young (Normal) (G1 Evacuation Pause)
[2021-11-07T05:55:43.454-0800][gc,task     ] GC(135) Using 8 workers of 8 for evacuation
[2021-11-07T05:55:43.478-0800][gc,mmu      ] GC(135) MMU target violated: 21.0ms (20.0ms/21.0ms)
[2021-11-07T05:55:43.478-0800][gc,phases   ] GC(135)   Pre Evacuate Collection Set: 1.7ms
[2021-11-07T05:55:43.478-0800][gc,phases   ] GC(135)   Merge Heap Roots: 0.4ms
[2021-11-07T05:55:43.478-0800][gc,phases   ] GC(135)   Evacuate Collection Set: 19.2ms
[2021-11-07T05:55:43.478-0800][gc,phases   ] GC(135)   Post Evacuate Collection Set: 2.7ms
[2021-11-07T05:55:43.478-0800][gc,phases   ] GC(135)   Other: 3.1ms
[2021-11-07T05:55:43.478-0800][gc,heap     ] GC(135) Eden regions: 47->0(47)
[2021-11-07T05:55:43.478-0800][gc,heap     ] GC(135) Survivor regions: 4->4(7)
[2021-11-07T05:55:43.478-0800][gc,heap     ] GC(135) Old regions: 99->99
[2021-11-07T05:55:43.478-0800][gc,heap     ] GC(135) Archive regions: 2->2
[2021-11-07T05:55:43.478-0800][gc,heap     ] GC(135) Humongous regions: 129->129
[2021-11-07T05:55:43.478-0800][gc,metaspace] GC(135) Metaspace: 40046K(40576K)->40046K(40576K) NonClass: 35449K(35712K)->35449K(35712K) Class: 4596K(4864K)->4596K(4864K)
[2021-11-07T05:55:43.479-0800][gc          ] GC(135) Pause Young (Normal) (G1 Evacuation Pause) 278M->231M(1024M) 27.213ms
[2021-11-07T05:55:43.479-0800][gc,cpu      ] GC(135) User=0.04s Sys=0.03s Real=0.02s
[2021-11-07T05:56:37.069-0800][gc,start    ] GC(136) Pause Young (Normal) (G1 Evacuation Pause)
[2021-11-07T05:56:37.070-0800][gc,task     ] GC(136) Using 8 workers of 8 for evacuation
[2021-11-07T05:56:37.078-0800][gc,phases   ] GC(136)   Pre Evacuate Collection Set: 0.2ms
[2021-11-07T05:56:37.078-0800][gc,phases   ] GC(136)   Merge Heap Roots: 0.1ms
[2021-11-07T05:56:37.078-0800][gc,phases   ] GC(136)   Evacuate Collection Set: 6.6ms
[2021-11-07T05:56:37.078-0800][gc,phases   ] GC(136)   Post Evacuate Collection Set: 0.6ms
[2021-11-07T05:56:37.078-0800][gc,phases   ] GC(136)   Other: 1.1ms
[2021-11-07T05:56:37.078-0800][gc,heap     ] GC(136) Eden regions: 47->0(47)
[2021-11-07T05:56:37.078-0800][gc,heap     ] GC(136) Survivor regions: 4->4(7)
[2021-11-07T05:56:37.078-0800][gc,heap     ] GC(136) Old regions: 99->99
[2021-11-07T05:56:37.078-0800][gc,heap     ] GC(136) Archive regions: 2->2
[2021-11-07T05:56:37.078-0800][gc,heap     ] GC(136) Humongous regions: 129->129
[2021-11-07T05:56:37.078-0800][gc,metaspace] GC(136) Metaspace: 40046K(40576K)->40046K(40576K) NonClass: 35449K(35712K)->35449K(35712K) Class: 4596K(4864K)->4596K(4864K)
[2021-11-07T05:56:37.078-0800][gc          ] GC(136) Pause Young (Normal) (G1 Evacuation Pause) 278M->232M(1024M) 8.892ms
[2021-11-07T05:56:37.078-0800][gc,cpu      ] GC(136) User=0.02s Sys=0.00s Real=0.01s
[2021-11-07T05:57:32.441-0800][gc,start    ] GC(137) Pause Young (Normal) (G1 Evacuation Pause)
[2021-11-07T05:57:32.442-0800][gc,task     ] GC(137) Using 8 workers of 8 for evacuation
[2021-11-07T05:57:32.454-0800][gc,phases   ] GC(137)   Pre Evacuate Collection Set: 0.3ms
[2021-11-07T05:57:32.454-0800][gc,phases   ] GC(137)   Merge Heap Roots: 0.1ms
[2021-11-07T05:57:32.454-0800][gc,phases   ] GC(137)   Evacuate Collection Set: 10.1ms
[2021-11-07T05:57:32.454-0800][gc,phases   ] GC(137)   Post Evacuate Collection Set: 0.6ms
[2021-11-07T05:57:32.454-0800][gc,phases   ] GC(137)   Other: 2.1ms
[2021-11-07T05:57:32.454-0800][gc,heap     ] GC(137) Eden regions: 47->0(126)
[2021-11-07T05:57:32.454-0800][gc,heap     ] GC(137) Survivor regions: 4->4(7)
[2021-11-07T05:57:32.454-0800][gc,heap     ] GC(137) Old regions: 99->99
[2021-11-07T05:57:32.454-0800][gc,heap     ] GC(137) Archive regions: 2->2
[2021-11-07T05:57:32.454-0800][gc,heap     ] GC(137) Humongous regions: 129->129
[2021-11-07T05:57:32.454-0800][gc,metaspace] GC(137) Metaspace: 40046K(40576K)->40046K(40576K) NonClass: 35449K(35712K)->35449K(35712K) Class: 4596K(4864K)->4596K(4864K)
[2021-11-07T05:57:32.455-0800][gc          ] GC(137) Pause Young (Normal) (G1 Evacuation Pause) 279M->231M(1024M) 13.577ms
[2021-11-07T05:57:32.455-0800][gc,cpu      ] GC(137) User=0.03s Sys=0.01s Real=0.01s
[2021-11-07T05:59:52.777-0800][gc,start    ] GC(138) Pause Young (Normal) (G1 Evacuation Pause)
[2021-11-07T05:59:52.778-0800][gc,task     ] GC(138) Using 8 workers of 8 for evacuation
[2021-11-07T05:59:52.785-0800][gc,phases   ] GC(138)   Pre Evacuate Collection Set: 0.3ms
[2021-11-07T05:59:52.785-0800][gc,phases   ] GC(138)   Merge Heap Roots: 0.1ms
[2021-11-07T05:59:52.785-0800][gc,phases   ] GC(138)   Evacuate Collection Set: 6.3ms
[2021-11-07T05:59:52.785-0800][gc,phases   ] GC(138)   Post Evacuate Collection Set: 0.5ms
[2021-11-07T05:59:52.785-0800][gc,phases   ] GC(138)   Other: 1.2ms
[2021-11-07T05:59:52.785-0800][gc,heap     ] GC(138) Eden regions: 126->0(191)
[2021-11-07T05:59:52.785-0800][gc,heap     ] GC(138) Survivor regions: 4->4(17)
[2021-11-07T05:59:52.785-0800][gc,heap     ] GC(138) Old regions: 99->99
[2021-11-07T05:59:52.786-0800][gc,heap     ] GC(138) Archive regions: 2->2
[2021-11-07T05:59:52.786-0800][gc,heap     ] GC(138) Humongous regions: 129->129
[2021-11-07T05:59:52.786-0800][gc,metaspace] GC(138) Metaspace: 40047K(40576K)->40047K(40576K) NonClass: 35450K(35712K)->35450K(35712K) Class: 4596K(4864K)->4596K(4864K)
[2021-11-07T05:59:52.786-0800][gc          ] GC(138) Pause Young (Normal) (G1 Evacuation Pause) 357M->232M(1024M) 8.682ms
[2021-11-07T05:59:52.786-0800][gc,cpu      ] GC(138) User=0.02s Sys=0.01s Real=0.01s
[2021-11-07T06:03:14.947-0800][gc,start    ] GC(139) Pause Young (Normal) (G1 Evacuation Pause)
[2021-11-07T06:03:14.949-0800][gc,task     ] GC(139) Using 8 workers of 8 for evacuation
[2021-11-07T06:03:14.963-0800][gc,phases   ] GC(139)   Pre Evacuate Collection Set: 0.5ms
[2021-11-07T06:03:14.963-0800][gc,phases   ] GC(139)   Merge Heap Roots: 0.1ms
[2021-11-07T06:03:14.963-0800][gc,phases   ] GC(139)   Evacuate Collection Set: 12.4ms
[2021-11-07T06:03:14.963-0800][gc,phases   ] GC(139)   Post Evacuate Collection Set: 0.6ms
[2021-11-07T06:03:14.963-0800][gc,phases   ] GC(139)   Other: 2.6ms
[2021-11-07T06:03:14.963-0800][gc,heap     ] GC(139) Eden regions: 191->0(210)
[2021-11-07T06:03:14.963-0800][gc,heap     ] GC(139) Survivor regions: 4->5(25)
[2021-11-07T06:03:14.963-0800][gc,heap     ] GC(139) Old regions: 99->99
[2021-11-07T06:03:14.963-0800][gc,heap     ] GC(139) Archive regions: 2->2
[2021-11-07T06:03:14.963-0800][gc,heap     ] GC(139) Humongous regions: 129->129
[2021-11-07T06:03:14.963-0800][gc,metaspace] GC(139) Metaspace: 40055K(40640K)->40055K(40640K) NonClass: 35458K(35776K)->35458K(35776K) Class: 4596K(4864K)->4596K(4864K)
[2021-11-07T06:03:14.963-0800][gc          ] GC(139) Pause Young (Normal) (G1 Evacuation Pause) 423M->232M(1024M) 16.547ms
[2021-11-07T06:03:14.963-0800][gc,cpu      ] GC(139) User=0.03s Sys=0.01s Real=0.02s
[2021-11-07T06:07:21.102-0800][gc,start    ] GC(140) Pause Young (Normal) (G1 Evacuation Pause)
[2021-11-07T06:07:21.103-0800][gc,task     ] GC(140) Using 8 workers of 8 for evacuation
[2021-11-07T06:07:21.122-0800][gc,phases   ] GC(140)   Pre Evacuate Collection Set: 0.5ms
[2021-11-07T06:07:21.123-0800][gc,phases   ] GC(140)   Merge Heap Roots: 0.1ms
[2021-11-07T06:07:21.123-0800][gc,phases   ] GC(140)   Evacuate Collection Set: 17.1ms
[2021-11-07T06:07:21.123-0800][gc,phases   ] GC(140)   Post Evacuate Collection Set: 0.9ms
[2021-11-07T06:07:21.123-0800][gc,phases   ] GC(140)   Other: 2.3ms
[2021-11-07T06:07:21.123-0800][gc,heap     ] GC(140) Eden regions: 210->0(240)
[2021-11-07T06:07:21.123-0800][gc,heap     ] GC(140) Survivor regions: 5->5(27)
[2021-11-07T06:07:21.123-0800][gc,heap     ] GC(140) Old regions: 99->99
[2021-11-07T06:07:21.123-0800][gc,heap     ] GC(140) Archive regions: 2->2
[2021-11-07T06:07:21.123-0800][gc,heap     ] GC(140) Humongous regions: 129->129
[2021-11-07T06:07:21.123-0800][gc,metaspace] GC(140) Metaspace: 40055K(40640K)->40055K(40640K) NonClass: 35458K(35776K)->35458K(35776K) Class: 4596K(4864K)->4596K(4864K)
[2021-11-07T06:07:21.123-0800][gc          ] GC(140) Pause Young (Normal) (G1 Evacuation Pause) 442M->232M(1024M) 21.133ms
[2021-11-07T06:07:21.123-0800][gc,cpu      ] GC(140) User=0.03s Sys=0.02s Real=0.02s
[2021-11-07T06:12:09.046-0800][gc,start    ] GC(141) Pause Young (Normal) (G1 Evacuation Pause)
[2021-11-07T06:12:09.048-0800][gc,task     ] GC(141) Using 8 workers of 8 for evacuation
[2021-11-07T06:12:09.059-0800][gc,phases   ] GC(141)   Pre Evacuate Collection Set: 0.4ms
[2021-11-07T06:12:09.060-0800][gc,phases   ] GC(141)   Merge Heap Roots: 0.2ms
[2021-11-07T06:12:09.060-0800][gc,phases   ] GC(141)   Evacuate Collection Set: 10.0ms
[2021-11-07T06:12:09.060-0800][gc,phases   ] GC(141)   Post Evacuate Collection Set: 0.9ms
[2021-11-07T06:12:09.060-0800][gc,phases   ] GC(141)   Other: 1.7ms
[2021-11-07T06:12:09.060-0800][gc,heap     ] GC(141) Eden regions: 240->0(435)
[2021-11-07T06:12:09.060-0800][gc,heap     ] GC(141) Survivor regions: 5->4(31)
[2021-11-07T06:12:09.060-0800][gc,heap     ] GC(141) Old regions: 99->99
[2021-11-07T06:12:09.060-0800][gc,heap     ] GC(141) Archive regions: 2->2
[2021-11-07T06:12:09.060-0800][gc,heap     ] GC(141) Humongous regions: 129->129
[2021-11-07T06:12:09.060-0800][gc,metaspace] GC(141) Metaspace: 40056K(40640K)->40056K(40640K) NonClass: 35459K(35776K)->35459K(35776K) Class: 4596K(4864K)->4596K(4864K)
[2021-11-07T06:12:09.060-0800][gc          ] GC(141) Pause Young (Normal) (G1 Evacuation Pause) 472M->231M(1024M) 13.536ms
[2021-11-07T06:12:09.060-0800][gc,cpu      ] GC(141) User=0.02s Sys=0.01s Real=0.02s
[2021-11-07T06:22:44.071-0800][gc,start    ] GC(142) Pause Young (Normal) (G1 Evacuation Pause)
[2021-11-07T06:22:44.071-0800][gc,task     ] GC(142) Using 8 workers of 8 for evacuation
[2021-11-07T06:22:44.087-0800][gc,phases   ] GC(142)   Pre Evacuate Collection Set: 0.4ms
[2021-11-07T06:22:44.088-0800][gc,phases   ] GC(142)   Merge Heap Roots: 0.5ms
[2021-11-07T06:22:44.088-0800][gc,phases   ] GC(142)   Evacuate Collection Set: 12.5ms
[2021-11-07T06:22:44.088-0800][gc,phases   ] GC(142)   Post Evacuate Collection Set: 1.7ms
[2021-11-07T06:22:44.088-0800][gc,phases   ] GC(142)   Other: 1.7ms
[2021-11-07T06:22:44.088-0800][gc,heap     ] GC(142) Eden regions: 435->0(441)
[2021-11-07T06:22:44.088-0800][gc,heap     ] GC(142) Survivor regions: 4->5(55)
[2021-11-07T06:22:44.088-0800][gc,heap     ] GC(142) Old regions: 99->99
[2021-11-07T06:22:44.088-0800][gc,heap     ] GC(142) Archive regions: 2->2
[2021-11-07T06:22:44.088-0800][gc,heap     ] GC(142) Humongous regions: 129->129
[2021-11-07T06:22:44.088-0800][gc,metaspace] GC(142) Metaspace: 40222K(40704K)->40222K(40704K) NonClass: 35596K(35840K)->35596K(35840K) Class: 4625K(4864K)->4625K(4864K)
[2021-11-07T06:22:44.088-0800][gc          ] GC(142) Pause Young (Normal) (G1 Evacuation Pause) 666M->232M(1024M) 17.302ms
[2021-11-07T06:22:44.088-0800][gc,cpu      ] GC(142) User=0.03s Sys=0.02s Real=0.01s
[2021-11-07T06:31:15.340-0800][gc,start    ] GC(143) Pause Young (Normal) (G1 Evacuation Pause)
[2021-11-07T06:31:15.342-0800][gc,task     ] GC(143) Using 8 workers of 8 for evacuation
[2021-11-07T06:31:15.355-0800][gc,phases   ] GC(143)   Pre Evacuate Collection Set: 0.4ms
[2021-11-07T06:31:15.355-0800][gc,phases   ] GC(143)   Merge Heap Roots: 0.2ms
[2021-11-07T06:31:15.355-0800][gc,phases   ] GC(143)   Evacuate Collection Set: 11.8ms
[2021-11-07T06:31:15.355-0800][gc,phases   ] GC(143)   Post Evacuate Collection Set: 0.7ms
[2021-11-07T06:31:15.355-0800][gc,phases   ] GC(143)   Other: 1.8ms
[2021-11-07T06:31:15.355-0800][gc,heap     ] GC(143) Eden regions: 433->0(610)
[2021-11-07T06:31:15.355-0800][gc,heap     ] GC(143) Survivor regions: 5->4(55)
[2021-11-07T06:31:15.355-0800][gc,heap     ] GC(143) Old regions: 99->99
[2021-11-07T06:31:15.355-0800][gc,heap     ] GC(143) Archive regions: 2->2
[2021-11-07T06:31:15.355-0800][gc,heap     ] GC(143) Humongous regions: 129->129
[2021-11-07T06:31:15.355-0800][gc,metaspace] GC(143) Metaspace: 40226K(40704K)->40226K(40704K) NonClass: 35600K(35840K)->35600K(35840K) Class: 4625K(4864K)->4625K(4864K)
[2021-11-07T06:31:15.355-0800][gc          ] GC(143) Pause Young (Normal) (G1 Evacuation Pause) 665M->232M(1024M) 15.121ms
[2021-11-07T06:31:15.356-0800][gc,cpu      ] GC(143) User=0.04s Sys=0.00s Real=0.01s
[2021-11-07T06:43:18.193-0800][gc,start    ] GC(144) Pause Young (Normal) (G1 Evacuation Pause)
[2021-11-07T06:43:18.194-0800][gc,task     ] GC(144) Using 8 workers of 8 for evacuation
[2021-11-07T06:43:18.214-0800][gc,phases   ] GC(144)   Pre Evacuate Collection Set: 0.8ms
[2021-11-07T06:43:18.214-0800][gc,phases   ] GC(144)   Merge Heap Roots: 0.5ms
[2021-11-07T06:43:18.214-0800][gc,phases   ] GC(144)   Evacuate Collection Set: 16.1ms
[2021-11-07T06:43:18.214-0800][gc,phases   ] GC(144)   Post Evacuate Collection Set: 1.5ms
[2021-11-07T06:43:18.214-0800][gc,phases   ] GC(144)   Other: 2.2ms
[2021-11-07T06:43:18.214-0800][gc,heap     ] GC(144) Eden regions: 610->0(609)
[2021-11-07T06:43:18.214-0800][gc,heap     ] GC(144) Survivor regions: 4->5(77)
[2021-11-07T06:43:18.214-0800][gc,heap     ] GC(144) Old regions: 99->99
[2021-11-07T06:43:18.214-0800][gc,heap     ] GC(144) Archive regions: 2->2
[2021-11-07T06:43:18.214-0800][gc,heap     ] GC(144) Humongous regions: 129->129
[2021-11-07T06:43:18.214-0800][gc,metaspace] GC(144) Metaspace: 40243K(40704K)->40243K(40704K) NonClass: 35617K(35840K)->35617K(35840K) Class: 4625K(4864K)->4625K(4864K)
[2021-11-07T06:43:18.214-0800][gc          ] GC(144) Pause Young (Normal) (G1 Evacuation Pause) 842M->233M(1024M) 21.388ms
[2021-11-07T06:43:18.214-0800][gc,cpu      ] GC(144) User=0.04s Sys=0.03s Real=0.02s
[2021-11-07T06:54:27.533-0800][gc,start    ] GC(145) Pause Young (Normal) (G1 Evacuation Pause)
[2021-11-07T06:54:27.534-0800][gc,task     ] GC(145) Using 8 workers of 8 for evacuation
[2021-11-07T06:54:27.554-0800][gc,phases   ] GC(145)   Pre Evacuate Collection Set: 1.1ms
[2021-11-07T06:54:27.554-0800][gc,phases   ] GC(145)   Merge Heap Roots: 0.4ms
[2021-11-07T06:54:27.554-0800][gc,phases   ] GC(145)   Evacuate Collection Set: 15.6ms
[2021-11-07T06:54:27.554-0800][gc,phases   ] GC(145)   Post Evacuate Collection Set: 1.8ms
[2021-11-07T06:54:27.554-0800][gc,phases   ] GC(145)   Other: 2.4ms
[2021-11-07T06:54:27.554-0800][gc,heap     ] GC(145) Eden regions: 609->0(611)
[2021-11-07T06:54:27.554-0800][gc,heap     ] GC(145) Survivor regions: 5->3(77)
[2021-11-07T06:54:27.554-0800][gc,heap     ] GC(145) Old regions: 99->99
[2021-11-07T06:54:27.554-0800][gc,heap     ] GC(145) Archive regions: 2->2
[2021-11-07T06:54:27.554-0800][gc,heap     ] GC(145) Humongous regions: 129->129
[2021-11-07T06:54:27.554-0800][gc,metaspace] GC(145) Metaspace: 40264K(40768K)->40264K(40768K) NonClass: 35639K(35904K)->35639K(35904K) Class: 4625K(4864K)->4625K(4864K)
[2021-11-07T06:54:27.554-0800][gc          ] GC(145) Pause Young (Normal) (G1 Evacuation Pause) 842M->231M(1024M) 21.575ms
[2021-11-07T06:54:27.554-0800][gc,cpu      ] GC(145) User=0.04s Sys=0.03s Real=0.02s
[2021-11-07T09:32:20.698-0800][gc,start    ] GC(146) Pause Young (Normal) (G1 Evacuation Pause)
[2021-11-07T09:32:20.699-0800][gc,task     ] GC(146) Using 8 workers of 8 for evacuation
[2021-11-07T09:32:20.748-0800][gc,mmu      ] GC(146) MMU target violated: 21.0ms (20.0ms/21.0ms)
[2021-11-07T09:32:20.748-0800][gc,phases   ] GC(146)   Pre Evacuate Collection Set: 1.2ms
[2021-11-07T09:32:20.748-0800][gc,phases   ] GC(146)   Merge Heap Roots: 0.6ms
[2021-11-07T09:32:20.748-0800][gc,phases   ] GC(146)   Evacuate Collection Set: 37.3ms
[2021-11-07T09:32:20.748-0800][gc,phases   ] GC(146)   Post Evacuate Collection Set: 8.7ms
[2021-11-07T09:32:20.748-0800][gc,phases   ] GC(146)   Other: 2.5ms
[2021-11-07T09:32:20.748-0800][gc,heap     ] GC(146) Eden regions: 611->0(47)
[2021-11-07T09:32:20.748-0800][gc,heap     ] GC(146) Survivor regions: 3->4(77)
[2021-11-07T09:32:20.748-0800][gc,heap     ] GC(146) Old regions: 99->99
[2021-11-07T09:32:20.748-0800][gc,heap     ] GC(146) Archive regions: 2->2
[2021-11-07T09:32:20.748-0800][gc,heap     ] GC(146) Humongous regions: 129->129
[2021-11-07T09:32:20.748-0800][gc,metaspace] GC(146) Metaspace: 40280K(40832K)->40280K(40832K) NonClass: 35655K(35968K)->35655K(35968K) Class: 4625K(4864K)->4625K(4864K)
[2021-11-07T09:32:20.748-0800][gc          ] GC(146) Pause Young (Normal) (G1 Evacuation Pause) 842M->231M(1024M) 50.433ms
[2021-11-07T09:32:20.748-0800][gc,cpu      ] GC(146) User=0.03s Sys=0.07s Real=0.05s
[2021-11-07T09:33:09.208-0800][gc,start    ] GC(147) Pause Young (Normal) (G1 Evacuation Pause)
[2021-11-07T09:33:09.209-0800][gc,task     ] GC(147) Using 8 workers of 8 for evacuation
[2021-11-07T09:33:09.222-0800][gc,phases   ] GC(147)   Pre Evacuate Collection Set: 0.4ms
[2021-11-07T09:33:09.222-0800][gc,phases   ] GC(147)   Merge Heap Roots: 0.1ms
[2021-11-07T09:33:09.222-0800][gc,phases   ] GC(147)   Evacuate Collection Set: 11.3ms
[2021-11-07T09:33:09.222-0800][gc,phases   ] GC(147)   Post Evacuate Collection Set: 1.0ms
[2021-11-07T09:33:09.222-0800][gc,phases   ] GC(147)   Other: 1.7ms
[2021-11-07T09:33:09.222-0800][gc,heap     ] GC(147) Eden regions: 47->0(63)
[2021-11-07T09:33:09.222-0800][gc,heap     ] GC(147) Survivor regions: 4->3(7)
[2021-11-07T09:33:09.222-0800][gc,heap     ] GC(147) Old regions: 99->99
[2021-11-07T09:33:09.223-0800][gc,heap     ] GC(147) Archive regions: 2->2
[2021-11-07T09:33:09.223-0800][gc,heap     ] GC(147) Humongous regions: 129->129
[2021-11-07T09:33:09.223-0800][gc,metaspace] GC(147) Metaspace: 40280K(40832K)->40280K(40832K) NonClass: 35655K(35968K)->35655K(35968K) Class: 4625K(4864K)->4625K(4864K)
[2021-11-07T09:33:09.223-0800][gc          ] GC(147) Pause Young (Normal) (G1 Evacuation Pause) 278M->231M(1024M) 15.044ms
[2021-11-07T09:33:09.223-0800][gc,cpu      ] GC(147) User=0.03s Sys=0.01s Real=0.02s
[2021-11-07T09:34:14.594-0800][gc,start    ] GC(148) Pause Young (Normal) (G1 Evacuation Pause)
[2021-11-07T09:34:14.595-0800][gc,task     ] GC(148) Using 8 workers of 8 for evacuation
[2021-11-07T09:34:14.606-0800][gc,phases   ] GC(148)   Pre Evacuate Collection Set: 0.4ms
[2021-11-07T09:34:14.606-0800][gc,phases   ] GC(148)   Merge Heap Roots: 0.1ms
[2021-11-07T09:34:14.606-0800][gc,phases   ] GC(148)   Evacuate Collection Set: 9.3ms
[2021-11-07T09:34:14.606-0800][gc,phases   ] GC(148)   Post Evacuate Collection Set: 0.6ms
[2021-11-07T09:34:14.606-0800][gc,phases   ] GC(148)   Other: 1.5ms
[2021-11-07T09:34:14.606-0800][gc,heap     ] GC(148) Eden regions: 63->0(122)
[2021-11-07T09:34:14.606-0800][gc,heap     ] GC(148) Survivor regions: 3->3(9)
[2021-11-07T09:34:14.606-0800][gc,heap     ] GC(148) Old regions: 99->99
[2021-11-07T09:34:14.606-0800][gc,heap     ] GC(148) Archive regions: 2->2
[2021-11-07T09:34:14.606-0800][gc,heap     ] GC(148) Humongous regions: 129->129
[2021-11-07T09:34:14.606-0800][gc,metaspace] GC(148) Metaspace: 40280K(40832K)->40280K(40832K) NonClass: 35655K(35968K)->35655K(35968K) Class: 4625K(4864K)->4625K(4864K)
[2021-11-07T09:34:14.606-0800][gc          ] GC(148) Pause Young (Normal) (G1 Evacuation Pause) 294M->231M(1024M) 12.298ms
[2021-11-07T09:34:14.606-0800][gc,cpu      ] GC(148) User=0.02s Sys=0.01s Real=0.01s
[2021-11-07T13:33:04.620-0800][gc,start    ] GC(149) Pause Young (Normal) (G1 Evacuation Pause)
[2021-11-07T13:33:04.622-0800][gc,task     ] GC(149) Using 8 workers of 8 for evacuation
[2021-11-07T13:33:04.668-0800][gc,mmu      ] GC(149) MMU target violated: 21.0ms (20.0ms/21.0ms)
[2021-11-07T13:33:04.669-0800][gc,phases   ] GC(149)   Pre Evacuate Collection Set: 1.6ms
[2021-11-07T13:33:04.669-0800][gc,phases   ] GC(149)   Merge Heap Roots: 0.3ms
[2021-11-07T13:33:04.669-0800][gc,phases   ] GC(149)   Evacuate Collection Set: 42.1ms
[2021-11-07T13:33:04.669-0800][gc,phases   ] GC(149)   Post Evacuate Collection Set: 1.6ms
[2021-11-07T13:33:04.669-0800][gc,phases   ] GC(149)   Other: 2.9ms
[2021-11-07T13:33:04.669-0800][gc,heap     ] GC(149) Eden regions: 122->0(48)
[2021-11-07T13:33:04.669-0800][gc,heap     ] GC(149) Survivor regions: 3->3(16)
[2021-11-07T13:33:04.669-0800][gc,heap     ] GC(149) Old regions: 99->99
[2021-11-07T13:33:04.669-0800][gc,heap     ] GC(149) Archive regions: 2->2
[2021-11-07T13:33:04.669-0800][gc,heap     ] GC(149) Humongous regions: 129->129
[2021-11-07T13:33:04.669-0800][gc,metaspace] GC(149) Metaspace: 40317K(40832K)->40317K(40832K) NonClass: 35692K(35968K)->35692K(35968K) Class: 4625K(4864K)->4625K(4864K)
[2021-11-07T13:33:04.669-0800][gc          ] GC(149) Pause Young (Normal) (G1 Evacuation Pause) 353M->231M(1024M) 48.498ms
[2021-11-07T13:33:04.669-0800][gc,cpu      ] GC(149) User=0.04s Sys=0.10s Real=0.04s
[2021-11-07T13:42:43.587-0800][gc,start    ] GC(150) Pause Young (Normal) (G1 Evacuation Pause)
[2021-11-07T13:42:43.588-0800][gc,task     ] GC(150) Using 8 workers of 8 for evacuation
[2021-11-07T13:42:43.603-0800][gc,phases   ] GC(150)   Pre Evacuate Collection Set: 1.0ms
[2021-11-07T13:42:43.603-0800][gc,phases   ] GC(150)   Merge Heap Roots: 0.2ms
[2021-11-07T13:42:43.603-0800][gc,phases   ] GC(150)   Evacuate Collection Set: 11.9ms
[2021-11-07T13:42:43.603-0800][gc,phases   ] GC(150)   Post Evacuate Collection Set: 1.7ms
[2021-11-07T13:42:43.603-0800][gc,phases   ] GC(150)   Other: 1.9ms
[2021-11-07T13:42:43.603-0800][gc,heap     ] GC(150) Eden regions: 48->0(64)
[2021-11-07T13:42:43.603-0800][gc,heap     ] GC(150) Survivor regions: 3->3(7)
[2021-11-07T13:42:43.603-0800][gc,heap     ] GC(150) Old regions: 99->100
[2021-11-07T13:42:43.603-0800][gc,heap     ] GC(150) Archive regions: 2->2
[2021-11-07T13:42:43.604-0800][gc,heap     ] GC(150) Humongous regions: 129->129
[2021-11-07T13:42:43.604-0800][gc,metaspace] GC(150) Metaspace: 40319K(40832K)->40319K(40832K) NonClass: 35694K(35968K)->35694K(35968K) Class: 4625K(4864K)->4625K(4864K)
[2021-11-07T13:42:43.604-0800][gc          ] GC(150) Pause Young (Normal) (G1 Evacuation Pause) 279M->231M(1024M) 17.006ms
[2021-11-07T13:42:43.604-0800][gc,cpu      ] GC(150) User=0.02s Sys=0.02s Real=0.02s
[2021-11-07T13:43:54.328-0800][gc,start    ] GC(151) Pause Young (Normal) (G1 Evacuation Pause)
[2021-11-07T13:43:54.329-0800][gc,task     ] GC(151) Using 8 workers of 8 for evacuation
[2021-11-07T13:43:54.342-0800][gc,phases   ] GC(151)   Pre Evacuate Collection Set: 0.4ms
[2021-11-07T13:43:54.343-0800][gc,phases   ] GC(151)   Merge Heap Roots: 0.2ms
[2021-11-07T13:43:54.343-0800][gc,phases   ] GC(151)   Evacuate Collection Set: 11.0ms
[2021-11-07T13:43:54.343-0800][gc,phases   ] GC(151)   Post Evacuate Collection Set: 0.9ms
[2021-11-07T13:43:54.343-0800][gc,phases   ] GC(151)   Other: 1.6ms
[2021-11-07T13:43:54.343-0800][gc,heap     ] GC(151) Eden regions: 64->0(94)
[2021-11-07T13:43:54.343-0800][gc,heap     ] GC(151) Survivor regions: 3->3(9)
[2021-11-07T13:43:54.343-0800][gc,heap     ] GC(151) Old regions: 100->100
[2021-11-07T13:43:54.343-0800][gc,heap     ] GC(151) Archive regions: 2->2
[2021-11-07T13:43:54.343-0800][gc,heap     ] GC(151) Humongous regions: 129->129
[2021-11-07T13:43:54.343-0800][gc,metaspace] GC(151) Metaspace: 40321K(40832K)->40321K(40832K) NonClass: 35696K(35968K)->35696K(35968K) Class: 4625K(4864K)->4625K(4864K)
[2021-11-07T13:43:54.343-0800][gc          ] GC(151) Pause Young (Normal) (G1 Evacuation Pause) 295M->231M(1024M) 14.729ms
[2021-11-07T13:43:54.343-0800][gc,cpu      ] GC(151) User=0.03s Sys=0.01s Real=0.02s
[2021-11-07T13:45:32.496-0800][gc,start    ] GC(152) Pause Young (Normal) (G1 Evacuation Pause)
[2021-11-07T13:45:32.497-0800][gc,task     ] GC(152) Using 8 workers of 8 for evacuation
[2021-11-07T13:45:32.507-0800][gc,phases   ] GC(152)   Pre Evacuate Collection Set: 0.5ms
[2021-11-07T13:45:32.507-0800][gc,phases   ] GC(152)   Merge Heap Roots: 0.2ms
[2021-11-07T13:45:32.507-0800][gc,phases   ] GC(152)   Evacuate Collection Set: 8.0ms
[2021-11-07T13:45:32.507-0800][gc,phases   ] GC(152)   Post Evacuate Collection Set: 0.6ms
[2021-11-07T13:45:32.507-0800][gc,phases   ] GC(152)   Other: 1.7ms
[2021-11-07T13:45:32.507-0800][gc,heap     ] GC(152) Eden regions: 94->0(123)
[2021-11-07T13:45:32.507-0800][gc,heap     ] GC(152) Survivor regions: 3->4(13)
[2021-11-07T13:45:32.507-0800][gc,heap     ] GC(152) Old regions: 100->100
[2021-11-07T13:45:32.507-0800][gc,heap     ] GC(152) Archive regions: 2->2
[2021-11-07T13:45:32.507-0800][gc,heap     ] GC(152) Humongous regions: 129->129
[2021-11-07T13:45:32.507-0800][gc,metaspace] GC(152) Metaspace: 40321K(40832K)->40321K(40832K) NonClass: 35696K(35968K)->35696K(35968K) Class: 4625K(4864K)->4625K(4864K)
[2021-11-07T13:45:32.507-0800][gc          ] GC(152) Pause Young (Normal) (G1 Evacuation Pause) 325M->232M(1024M) 11.231ms
[2021-11-07T13:45:32.507-0800][gc,cpu      ] GC(152) User=0.03s Sys=0.01s Real=0.01s
[2021-11-07T13:47:41.702-0800][gc,start    ] GC(153) Pause Young (Normal) (G1 Evacuation Pause)
[2021-11-07T13:47:41.703-0800][gc,task     ] GC(153) Using 8 workers of 8 for evacuation
[2021-11-07T13:47:41.712-0800][gc,phases   ] GC(153)   Pre Evacuate Collection Set: 0.3ms
[2021-11-07T13:47:41.722-0800][gc,phases   ] GC(153)   Merge Heap Roots: 0.1ms
[2021-11-07T13:47:41.722-0800][gc,phases   ] GC(153)   Evacuate Collection Set: 7.0ms
[2021-11-07T13:47:41.722-0800][gc,phases   ] GC(153)   Post Evacuate Collection Set: 0.8ms
[2021-11-07T13:47:41.722-0800][gc,phases   ] GC(153)   Other: 0.9ms
[2021-11-07T13:47:41.722-0800][gc,heap     ] GC(153) Eden regions: 123->0(223)
[2021-11-07T13:47:41.722-0800][gc,heap     ] GC(153) Survivor regions: 4->4(16)
[2021-11-07T13:47:41.722-0800][gc,heap     ] GC(153) Old regions: 100->100
[2021-11-07T13:47:41.722-0800][gc,heap     ] GC(153) Archive regions: 2->2
[2021-11-07T13:47:41.722-0800][gc,heap     ] GC(153) Humongous regions: 129->129
[2021-11-07T13:47:41.722-0800][gc,metaspace] GC(153) Metaspace: 40321K(40832K)->40321K(40832K) NonClass: 35696K(35968K)->35696K(35968K) Class: 4625K(4864K)->4625K(4864K)
[2021-11-07T13:47:41.722-0800][gc          ] GC(153) Pause Young (Normal) (G1 Evacuation Pause) 355M->232M(1024M) 19.512ms
[2021-11-07T13:47:41.722-0800][gc,cpu      ] GC(153) User=0.02s Sys=0.00s Real=0.02s
[2021-11-07T13:51:36.896-0800][gc,start    ] GC(154) Pause Young (Normal) (G1 Evacuation Pause)
[2021-11-07T13:51:36.898-0800][gc,task     ] GC(154) Using 8 workers of 8 for evacuation
[2021-11-07T13:51:36.912-0800][gc,phases   ] GC(154)   Pre Evacuate Collection Set: 0.7ms
[2021-11-07T13:51:36.912-0800][gc,phases   ] GC(154)   Merge Heap Roots: 0.3ms
[2021-11-07T13:51:36.912-0800][gc,phases   ] GC(154)   Evacuate Collection Set: 11.7ms
[2021-11-07T13:51:36.912-0800][gc,phases   ] GC(154)   Post Evacuate Collection Set: 1.1ms
[2021-11-07T13:51:36.912-0800][gc,phases   ] GC(154)   Other: 2.1ms
[2021-11-07T13:51:36.912-0800][gc,heap     ] GC(154) Eden regions: 223->0(337)
[2021-11-07T13:51:36.912-0800][gc,heap     ] GC(154) Survivor regions: 4->4(29)
[2021-11-07T13:51:36.912-0800][gc,heap     ] GC(154) Old regions: 100->100
[2021-11-07T13:51:36.912-0800][gc,heap     ] GC(154) Archive regions: 2->2
[2021-11-07T13:51:36.912-0800][gc,heap     ] GC(154) Humongous regions: 129->129
[2021-11-07T13:51:36.912-0800][gc,metaspace] GC(154) Metaspace: 40321K(40832K)->40321K(40832K) NonClass: 35696K(35968K)->35696K(35968K) Class: 4625K(4864K)->4625K(4864K)
[2021-11-07T13:51:36.912-0800][gc          ] GC(154) Pause Young (Normal) (G1 Evacuation Pause) 455M->232M(1024M) 16.215ms
[2021-11-07T13:51:36.912-0800][gc,cpu      ] GC(154) User=0.02s Sys=0.01s Real=0.02s
[2021-11-07T13:57:33.041-0800][gc,start    ] GC(155) Pause Young (Normal) (G1 Evacuation Pause)
[2021-11-07T13:57:33.055-0800][gc,task     ] GC(155) Using 8 workers of 8 for evacuation
[2021-11-07T13:57:33.078-0800][gc,mmu      ] GC(155) MMU target violated: 21.0ms (20.0ms/21.0ms)
[2021-11-07T13:57:33.095-0800][gc,phases   ] GC(155)   Pre Evacuate Collection Set: 0.6ms
[2021-11-07T13:57:33.095-0800][gc,phases   ] GC(155)   Merge Heap Roots: 0.2ms
[2021-11-07T13:57:33.096-0800][gc,phases   ] GC(155)   Evacuate Collection Set: 19.1ms
[2021-11-07T13:57:33.096-0800][gc,phases   ] GC(155)   Post Evacuate Collection Set: 2.2ms
[2021-11-07T13:57:33.096-0800][gc,phases   ] GC(155)   Other: 31.8ms
[2021-11-07T13:57:33.096-0800][gc,heap     ] GC(155) Eden regions: 337->0(301)
[2021-11-07T13:57:33.096-0800][gc,heap     ] GC(155) Survivor regions: 4->4(43)
[2021-11-07T13:57:33.096-0800][gc,heap     ] GC(155) Old regions: 100->100
[2021-11-07T13:57:33.096-0800][gc,heap     ] GC(155) Archive regions: 2->2
[2021-11-07T13:57:33.096-0800][gc,heap     ] GC(155) Humongous regions: 129->129
[2021-11-07T13:57:33.096-0800][gc,metaspace] GC(155) Metaspace: 40324K(40832K)->40324K(40832K) NonClass: 35699K(35968K)->35699K(35968K) Class: 4625K(4864K)->4625K(4864K)
[2021-11-07T13:57:33.096-0800][gc          ] GC(155) Pause Young (Normal) (G1 Evacuation Pause) 569M->232M(1024M) 54.447ms
[2021-11-07T13:57:33.096-0800][gc,cpu      ] GC(155) User=0.02s Sys=0.03s Real=0.05s
[2021-11-07T14:02:49.535-0800][gc,start    ] GC(156) Pause Young (Normal) (G1 Evacuation Pause)
[2021-11-07T14:02:49.535-0800][gc,task     ] GC(156) Using 8 workers of 8 for evacuation
[2021-11-07T14:02:49.554-0800][gc,phases   ] GC(156)   Pre Evacuate Collection Set: 1.0ms
[2021-11-07T14:02:49.554-0800][gc,phases   ] GC(156)   Merge Heap Roots: 0.4ms
[2021-11-07T14:02:49.554-0800][gc,phases   ] GC(156)   Evacuate Collection Set: 15.3ms
[2021-11-07T14:02:49.554-0800][gc,phases   ] GC(156)   Post Evacuate Collection Set: 1.4ms
[2021-11-07T14:02:49.554-0800][gc,phases   ] GC(156)   Other: 1.4ms
[2021-11-07T14:02:49.554-0800][gc,heap     ] GC(156) Eden regions: 301->0(460)
[2021-11-07T14:02:49.554-0800][gc,heap     ] GC(156) Survivor regions: 4->3(39)
[2021-11-07T14:02:49.554-0800][gc,heap     ] GC(156) Old regions: 100->100
[2021-11-07T14:02:49.554-0800][gc,heap     ] GC(156) Archive regions: 2->2
[2021-11-07T14:02:49.554-0800][gc,heap     ] GC(156) Humongous regions: 129->129
[2021-11-07T14:02:49.554-0800][gc,metaspace] GC(156) Metaspace: 40329K(40832K)->40329K(40832K) NonClass: 35703K(35968K)->35703K(35968K) Class: 4625K(4864K)->4625K(4864K)
[2021-11-07T14:02:49.554-0800][gc          ] GC(156) Pause Young (Normal) (G1 Evacuation Pause) 533M->232M(1024M) 19.627ms
[2021-11-07T14:02:49.554-0800][gc,cpu      ] GC(156) User=0.02s Sys=0.03s Real=0.02s
[2021-11-07T14:10:53.727-0800][gc,start    ] GC(157) Pause Young (Normal) (G1 Evacuation Pause)
[2021-11-07T14:10:53.744-0800][gc,task     ] GC(157) Using 8 workers of 8 for evacuation
[2021-11-07T14:10:53.767-0800][gc,mmu      ] GC(157) MMU target violated: 21.0ms (20.0ms/21.0ms)
[2021-11-07T14:10:53.768-0800][gc,phases   ] GC(157)   Pre Evacuate Collection Set: 1.0ms
[2021-11-07T14:10:53.768-0800][gc,phases   ] GC(157)   Merge Heap Roots: 0.5ms
[2021-11-07T14:10:53.768-0800][gc,phases   ] GC(157)   Evacuate Collection Set: 19.8ms
[2021-11-07T14:10:53.768-0800][gc,phases   ] GC(157)   Post Evacuate Collection Set: 1.5ms
[2021-11-07T14:10:53.768-0800][gc,phases   ] GC(157)   Other: 17.8ms
[2021-11-07T14:10:53.768-0800][gc,heap     ] GC(157) Eden regions: 460->0(540)
[2021-11-07T14:10:53.768-0800][gc,heap     ] GC(157) Survivor regions: 3->3(58)
[2021-11-07T14:10:53.768-0800][gc,heap     ] GC(157) Old regions: 100->100
[2021-11-07T14:10:53.768-0800][gc,heap     ] GC(157) Archive regions: 2->2
[2021-11-07T14:10:53.768-0800][gc,heap     ] GC(157) Humongous regions: 129->129
[2021-11-07T14:10:53.768-0800][gc,metaspace] GC(157) Metaspace: 40330K(40832K)->40330K(40832K) NonClass: 35705K(35968K)->35705K(35968K) Class: 4625K(4864K)->4625K(4864K)
[2021-11-07T14:10:53.768-0800][gc          ] GC(157) Pause Young (Normal) (G1 Evacuation Pause) 692M->232M(1024M) 40.995ms
[2021-11-07T14:10:53.768-0800][gc,cpu      ] GC(157) User=0.04s Sys=0.04s Real=0.04s
[2021-11-07T14:20:30.939-0800][gc,start    ] GC(158) Pause Young (Normal) (G1 Evacuation Pause)
[2021-11-07T14:20:30.940-0800][gc,task     ] GC(158) Using 8 workers of 8 for evacuation
[2021-11-07T14:20:30.955-0800][gc,phases   ] GC(158)   Pre Evacuate Collection Set: 0.5ms
[2021-11-07T14:20:30.955-0800][gc,phases   ] GC(158)   Merge Heap Roots: 0.3ms
[2021-11-07T14:20:30.955-0800][gc,phases   ] GC(158)   Evacuate Collection Set: 12.4ms
[2021-11-07T14:20:30.955-0800][gc,phases   ] GC(158)   Post Evacuate Collection Set: 1.3ms
[2021-11-07T14:20:30.955-0800][gc,phases   ] GC(158)   Other: 2.2ms
[2021-11-07T14:20:30.955-0800][gc,heap     ] GC(158) Eden regions: 540->0(611)
[2021-11-07T14:20:30.955-0800][gc,heap     ] GC(158) Survivor regions: 3->3(68)
[2021-11-07T14:20:30.955-0800][gc,heap     ] GC(158) Old regions: 100->100
[2021-11-07T14:20:30.955-0800][gc,heap     ] GC(158) Archive regions: 2->2
[2021-11-07T14:20:30.955-0800][gc,heap     ] GC(158) Humongous regions: 129->129
[2021-11-07T14:20:30.956-0800][gc,metaspace] GC(158) Metaspace: 40330K(40832K)->40330K(40832K) NonClass: 35705K(35968K)->35705K(35968K) Class: 4625K(4864K)->4625K(4864K)
[2021-11-07T14:20:30.956-0800][gc          ] GC(158) Pause Young (Normal) (G1 Evacuation Pause) 772M->232M(1024M) 17.021ms
[2021-11-07T14:20:30.956-0800][gc,cpu      ] GC(158) User=0.03s Sys=0.01s Real=0.02s
[2021-11-07T14:31:17.481-0800][gc,start    ] GC(159) Pause Young (Normal) (G1 Evacuation Pause)
[2021-11-07T14:31:17.482-0800][gc,task     ] GC(159) Using 8 workers of 8 for evacuation
[2021-11-07T14:31:17.513-0800][gc,mmu      ] GC(159) MMU target violated: 21.0ms (20.0ms/21.0ms)
[2021-11-07T14:31:17.513-0800][gc,phases   ] GC(159)   Pre Evacuate Collection Set: 2.1ms
[2021-11-07T14:31:17.513-0800][gc,phases   ] GC(159)   Merge Heap Roots: 0.5ms
[2021-11-07T14:31:17.513-0800][gc,phases   ] GC(159)   Evacuate Collection Set: 22.5ms
[2021-11-07T14:31:17.513-0800][gc,phases   ] GC(159)   Post Evacuate Collection Set: 5.4ms
[2021-11-07T14:31:17.513-0800][gc,phases   ] GC(159)   Other: 1.7ms
[2021-11-07T14:31:17.513-0800][gc,heap     ] GC(159) Eden regions: 611->0(426)
[2021-11-07T14:31:17.513-0800][gc,heap     ] GC(159) Survivor regions: 3->4(77)
[2021-11-07T14:31:17.513-0800][gc,heap     ] GC(159) Old regions: 100->100
[2021-11-07T14:31:17.513-0800][gc,heap     ] GC(159) Archive regions: 2->2
[2021-11-07T14:31:17.513-0800][gc,heap     ] GC(159) Humongous regions: 129->129
[2021-11-07T14:31:17.513-0800][gc,metaspace] GC(159) Metaspace: 40339K(40832K)->40339K(40832K) NonClass: 35714K(35968K)->35714K(35968K) Class: 4625K(4864K)->4625K(4864K)
[2021-11-07T14:31:17.513-0800][gc          ] GC(159) Pause Young (Normal) (G1 Evacuation Pause) 843M->232M(1024M) 32.302ms
[2021-11-07T14:31:17.513-0800][gc,cpu      ] GC(159) User=0.03s Sys=0.04s Real=0.03s
[2021-11-07T14:38:46.580-0800][gc,start    ] GC(160) Pause Young (Normal) (G1 Evacuation Pause)
[2021-11-07T14:38:46.582-0800][gc,task     ] GC(160) Using 8 workers of 8 for evacuation
[2021-11-07T14:38:46.602-0800][gc,phases   ] GC(160)   Pre Evacuate Collection Set: 0.9ms
[2021-11-07T14:38:46.602-0800][gc,phases   ] GC(160)   Merge Heap Roots: 0.4ms
[2021-11-07T14:38:46.602-0800][gc,phases   ] GC(160)   Evacuate Collection Set: 15.9ms
[2021-11-07T14:38:46.602-0800][gc,phases   ] GC(160)   Post Evacuate Collection Set: 1.9ms
[2021-11-07T14:38:46.602-0800][gc,phases   ] GC(160)   Other: 2.4ms
[2021-11-07T14:38:46.602-0800][gc,heap     ] GC(160) Eden regions: 426->0(611)
[2021-11-07T14:38:46.602-0800][gc,heap     ] GC(160) Survivor regions: 4->3(54)
[2021-11-07T14:38:46.602-0800][gc,heap     ] GC(160) Old regions: 100->100
[2021-11-07T14:38:46.602-0800][gc,heap     ] GC(160) Archive regions: 2->2
[2021-11-07T14:38:46.602-0800][gc,heap     ] GC(160) Humongous regions: 129->129
[2021-11-07T14:38:46.602-0800][gc,metaspace] GC(160) Metaspace: 40340K(40832K)->40340K(40832K) NonClass: 35714K(35968K)->35714K(35968K) Class: 4625K(4864K)->4625K(4864K)
[2021-11-07T14:38:46.602-0800][gc          ] GC(160) Pause Young (Normal) (G1 Evacuation Pause) 658M->232M(1024M) 21.711ms
[2021-11-07T14:38:46.602-0800][gc,cpu      ] GC(160) User=0.02s Sys=0.03s Real=0.02s
[2021-11-07T14:49:28.799-0800][gc,start    ] GC(161) Pause Young (Normal) (G1 Evacuation Pause)
[2021-11-07T14:49:28.801-0800][gc,task     ] GC(161) Using 8 workers of 8 for evacuation
[2021-11-07T14:49:28.841-0800][gc,mmu      ] GC(161) MMU target violated: 21.0ms (20.0ms/21.0ms)
[2021-11-07T14:49:28.841-0800][gc,phases   ] GC(161)   Pre Evacuate Collection Set: 1.2ms
[2021-11-07T14:49:28.841-0800][gc,phases   ] GC(161)   Merge Heap Roots: 0.6ms
[2021-11-07T14:49:28.842-0800][gc,phases   ] GC(161)   Evacuate Collection Set: 26.9ms
[2021-11-07T14:49:28.842-0800][gc,phases   ] GC(161)   Post Evacuate Collection Set: 10.6ms
[2021-11-07T14:49:28.842-0800][gc,phases   ] GC(161)   Other: 3.5ms
[2021-11-07T14:49:28.842-0800][gc,heap     ] GC(161) Eden regions: 611->0(136)
[2021-11-07T14:49:28.842-0800][gc,heap     ] GC(161) Survivor regions: 3->3(77)
[2021-11-07T14:49:28.842-0800][gc,heap     ] GC(161) Old regions: 100->100
[2021-11-07T14:49:28.842-0800][gc,heap     ] GC(161) Archive regions: 2->2
[2021-11-07T14:49:28.842-0800][gc,heap     ] GC(161) Humongous regions: 129->129
[2021-11-07T14:49:28.842-0800][gc,metaspace] GC(161) Metaspace: 40341K(40832K)->40341K(40832K) NonClass: 35715K(35968K)->35715K(35968K) Class: 4625K(4864K)->4625K(4864K)
[2021-11-07T14:49:28.842-0800][gc          ] GC(161) Pause Young (Normal) (G1 Evacuation Pause) 843M->232M(1024M) 42.957ms
[2021-11-07T14:49:28.842-0800][gc,cpu      ] GC(161) User=0.03s Sys=0.04s Real=0.05s
[2021-11-07T14:51:50.704-0800][gc,start    ] GC(162) Pause Young (Normal) (G1 Evacuation Pause)
[2021-11-07T14:51:50.706-0800][gc,task     ] GC(162) Using 8 workers of 8 for evacuation
[2021-11-07T14:51:50.724-0800][gc,phases   ] GC(162)   Pre Evacuate Collection Set: 1.8ms
[2021-11-07T14:51:50.724-0800][gc,phases   ] GC(162)   Merge Heap Roots: 0.5ms
[2021-11-07T14:51:50.724-0800][gc,phases   ] GC(162)   Evacuate Collection Set: 13.3ms
[2021-11-07T14:51:50.724-0800][gc,phases   ] GC(162)   Post Evacuate Collection Set: 1.7ms
[2021-11-07T14:51:50.724-0800][gc,phases   ] GC(162)   Other: 2.8ms
[2021-11-07T14:51:50.724-0800][gc,heap     ] GC(162) Eden regions: 136->0(250)
[2021-11-07T14:51:50.724-0800][gc,heap     ] GC(162) Survivor regions: 3->3(18)
[2021-11-07T14:51:50.724-0800][gc,heap     ] GC(162) Old regions: 100->100
[2021-11-07T14:51:50.724-0800][gc,heap     ] GC(162) Archive regions: 2->2
[2021-11-07T14:51:50.724-0800][gc,heap     ] GC(162) Humongous regions: 129->129
[2021-11-07T14:51:50.724-0800][gc,metaspace] GC(162) Metaspace: 40341K(40832K)->40341K(40832K) NonClass: 35715K(35968K)->35715K(35968K) Class: 4625K(4864K)->4625K(4864K)
[2021-11-07T14:51:50.725-0800][gc          ] GC(162) Pause Young (Normal) (G1 Evacuation Pause) 368M->232M(1024M) 20.204ms
[2021-11-07T14:51:50.725-0800][gc,cpu      ] GC(162) User=0.02s Sys=0.02s Real=0.02s
[2021-11-07T14:56:14.401-0800][gc,start    ] GC(163) Pause Young (Normal) (G1 Evacuation Pause)
[2021-11-07T14:56:14.402-0800][gc,task     ] GC(163) Using 8 workers of 8 for evacuation
[2021-11-07T14:56:14.421-0800][gc,phases   ] GC(163)   Pre Evacuate Collection Set: 1.0ms
[2021-11-07T14:56:14.421-0800][gc,phases   ] GC(163)   Merge Heap Roots: 0.4ms
[2021-11-07T14:56:14.421-0800][gc,phases   ] GC(163)   Evacuate Collection Set: 15.2ms
[2021-11-07T14:56:14.421-0800][gc,phases   ] GC(163)   Post Evacuate Collection Set: 1.4ms
[2021-11-07T14:56:14.421-0800][gc,phases   ] GC(163)   Other: 2.3ms
[2021-11-07T14:56:14.421-0800][gc,heap     ] GC(163) Eden regions: 250->0(385)
[2021-11-07T14:56:14.421-0800][gc,heap     ] GC(163) Survivor regions: 3->4(32)
[2021-11-07T14:56:14.421-0800][gc,heap     ] GC(163) Old regions: 100->100
[2021-11-07T14:56:14.421-0800][gc,heap     ] GC(163) Archive regions: 2->2
[2021-11-07T14:56:14.421-0800][gc,heap     ] GC(163) Humongous regions: 129->129
[2021-11-07T14:56:14.421-0800][gc,metaspace] GC(163) Metaspace: 40341K(40832K)->40341K(40832K) NonClass: 35715K(35968K)->35715K(35968K) Class: 4625K(4864K)->4625K(4864K)
[2021-11-07T14:56:14.421-0800][gc          ] GC(163) Pause Young (Normal) (G1 Evacuation Pause) 482M->232M(1024M) 20.455ms
[2021-11-07T14:56:14.421-0800][gc,cpu      ] GC(163) User=0.03s Sys=0.02s Real=0.02s
[2021-11-07T15:02:59.871-0800][gc,start    ] GC(164) Pause Young (Normal) (G1 Evacuation Pause)
[2021-11-07T15:02:59.873-0800][gc,task     ] GC(164) Using 8 workers of 8 for evacuation
[2021-11-07T15:02:59.896-0800][gc,mmu      ] GC(164) MMU target violated: 21.0ms (20.0ms/21.0ms)
[2021-11-07T15:02:59.896-0800][gc,phases   ] GC(164)   Pre Evacuate Collection Set: 1.1ms
[2021-11-07T15:02:59.896-0800][gc,phases   ] GC(164)   Merge Heap Roots: 0.4ms
[2021-11-07T15:02:59.896-0800][gc,phases   ] GC(164)   Evacuate Collection Set: 14.7ms
[2021-11-07T15:02:59.896-0800][gc,phases   ] GC(164)   Post Evacuate Collection Set: 6.3ms
[2021-11-07T15:02:59.896-0800][gc,phases   ] GC(164)   Other: 2.4ms
[2021-11-07T15:02:59.896-0800][gc,heap     ] GC(164) Eden regions: 385->0(313)
[2021-11-07T15:02:59.896-0800][gc,heap     ] GC(164) Survivor regions: 4->4(49)
[2021-11-07T15:02:59.896-0800][gc,heap     ] GC(164) Old regions: 100->100
[2021-11-07T15:02:59.896-0800][gc,heap     ] GC(164) Archive regions: 2->2
[2021-11-07T15:02:59.896-0800][gc,heap     ] GC(164) Humongous regions: 129->129
[2021-11-07T15:02:59.896-0800][gc,metaspace] GC(164) Metaspace: 40341K(40832K)->40341K(40832K) NonClass: 35715K(35968K)->35715K(35968K) Class: 4625K(4864K)->4625K(4864K)
[2021-11-07T15:02:59.897-0800][gc          ] GC(164) Pause Young (Normal) (G1 Evacuation Pause) 617M->232M(1024M) 25.218ms
[2021-11-07T15:02:59.897-0800][gc,cpu      ] GC(164) User=0.02s Sys=0.03s Real=0.02s
[2021-11-07T15:08:30.476-0800][gc,start    ] GC(165) Pause Young (Normal) (G1 Evacuation Pause)
[2021-11-07T15:08:30.477-0800][gc,task     ] GC(165) Using 8 workers of 8 for evacuation
[2021-11-07T15:08:30.502-0800][gc,mmu      ] GC(165) MMU target violated: 21.0ms (20.0ms/21.0ms)
[2021-11-07T15:08:30.503-0800][gc,phases   ] GC(165)   Pre Evacuate Collection Set: 1.3ms
[2021-11-07T15:08:30.503-0800][gc,phases   ] GC(165)   Merge Heap Roots: 0.4ms
[2021-11-07T15:08:30.503-0800][gc,phases   ] GC(165)   Evacuate Collection Set: 21.0ms
[2021-11-07T15:08:30.503-0800][gc,phases   ] GC(165)   Post Evacuate Collection Set: 2.0ms
[2021-11-07T15:08:30.503-0800][gc,phases   ] GC(165)   Other: 2.5ms
[2021-11-07T15:08:30.503-0800][gc,heap     ] GC(165) Eden regions: 313->0(343)
[2021-11-07T15:08:30.503-0800][gc,heap     ] GC(165) Survivor regions: 4->4(40)
[2021-11-07T15:08:30.503-0800][gc,heap     ] GC(165) Old regions: 100->100
[2021-11-07T15:08:30.503-0800][gc,heap     ] GC(165) Archive regions: 2->2
[2021-11-07T15:08:30.503-0800][gc,heap     ] GC(165) Humongous regions: 129->129
[2021-11-07T15:08:30.503-0800][gc,metaspace] GC(165) Metaspace: 40341K(40832K)->40341K(40832K) NonClass: 35715K(35968K)->35715K(35968K) Class: 4625K(4864K)->4625K(4864K)
[2021-11-07T15:08:30.504-0800][gc          ] GC(165) Pause Young (Normal) (G1 Evacuation Pause) 545M->233M(1024M) 27.382ms
[2021-11-07T15:08:30.504-0800][gc,cpu      ] GC(165) User=0.03s Sys=0.04s Real=0.03s
[2021-11-07T15:14:31.930-0800][gc,start    ] GC(166) Pause Young (Normal) (G1 Evacuation Pause)
[2021-11-07T15:14:31.931-0800][gc,task     ] GC(166) Using 8 workers of 8 for evacuation
[2021-11-07T15:14:31.947-0800][gc,phases   ] GC(166)   Pre Evacuate Collection Set: 0.5ms
[2021-11-07T15:14:31.947-0800][gc,phases   ] GC(166)   Merge Heap Roots: 0.2ms
[2021-11-07T15:14:31.947-0800][gc,phases   ] GC(166)   Evacuate Collection Set: 13.3ms
[2021-11-07T15:14:31.947-0800][gc,phases   ] GC(166)   Post Evacuate Collection Set: 1.1ms
[2021-11-07T15:14:31.947-0800][gc,phases   ] GC(166)   Other: 2.0ms
[2021-11-07T15:14:31.947-0800][gc,heap     ] GC(166) Eden regions: 343->0(555)
[2021-11-07T15:14:31.947-0800][gc,heap     ] GC(166) Survivor regions: 4->4(44)
[2021-11-07T15:14:31.947-0800][gc,heap     ] GC(166) Old regions: 100->100
[2021-11-07T15:14:31.947-0800][gc,heap     ] GC(166) Archive regions: 2->2
[2021-11-07T15:14:31.947-0800][gc,heap     ] GC(166) Humongous regions: 129->129
[2021-11-07T15:14:31.947-0800][gc,metaspace] GC(166) Metaspace: 40341K(40832K)->40341K(40832K) NonClass: 35715K(35968K)->35715K(35968K) Class: 4625K(4864K)->4625K(4864K)
[2021-11-07T15:14:31.947-0800][gc          ] GC(166) Pause Young (Normal) (G1 Evacuation Pause) 576M->233M(1024M) 17.375ms
[2021-11-07T15:14:31.947-0800][gc,cpu      ] GC(166) User=0.03s Sys=0.02s Real=0.01s
[2021-11-07T15:24:17.772-0800][gc,start    ] GC(167) Pause Young (Normal) (G1 Evacuation Pause)
[2021-11-07T15:24:17.774-0800][gc,task     ] GC(167) Using 8 workers of 8 for evacuation
[2021-11-07T15:24:17.794-0800][gc,phases   ] GC(167)   Pre Evacuate Collection Set: 0.9ms
[2021-11-07T15:24:17.794-0800][gc,phases   ] GC(167)   Merge Heap Roots: 0.6ms
[2021-11-07T15:24:17.794-0800][gc,phases   ] GC(167)   Evacuate Collection Set: 15.6ms
[2021-11-07T15:24:17.794-0800][gc,phases   ] GC(167)   Post Evacuate Collection Set: 2.1ms
[2021-11-07T15:24:17.794-0800][gc,phases   ] GC(167)   Other: 2.7ms
[2021-11-07T15:24:17.794-0800][gc,heap     ] GC(167) Eden regions: 555->0(610)
[2021-11-07T15:24:17.794-0800][gc,heap     ] GC(167) Survivor regions: 4->4(70)
[2021-11-07T15:24:17.794-0800][gc,heap     ] GC(167) Old regions: 100->100
[2021-11-07T15:24:17.794-0800][gc,heap     ] GC(167) Archive regions: 2->2
[2021-11-07T15:24:17.794-0800][gc,heap     ] GC(167) Humongous regions: 129->129
[2021-11-07T15:24:17.794-0800][gc,metaspace] GC(167) Metaspace: 40341K(40832K)->40341K(40832K) NonClass: 35715K(35968K)->35715K(35968K) Class: 4625K(4864K)->4625K(4864K)
[2021-11-07T15:24:17.794-0800][gc          ] GC(167) Pause Young (Normal) (G1 Evacuation Pause) 788M->232M(1024M) 21.948ms
[2021-11-07T15:24:17.794-0800][gc,cpu      ] GC(167) User=0.03s Sys=0.03s Real=0.02s
[2021-11-07T16:37:36.419-0800][gc,start    ] GC(168) Pause Young (Normal) (G1 Evacuation Pause)
[2021-11-07T16:37:36.420-0800][gc,task     ] GC(168) Using 8 workers of 8 for evacuation
[2021-11-07T16:37:36.474-0800][gc,mmu      ] GC(168) MMU target violated: 21.0ms (20.0ms/21.0ms)
[2021-11-07T16:37:36.474-0800][gc,phases   ] GC(168)   Pre Evacuate Collection Set: 0.7ms
[2021-11-07T16:37:36.474-0800][gc,phases   ] GC(168)   Merge Heap Roots: 0.3ms
[2021-11-07T16:37:36.474-0800][gc,phases   ] GC(168)   Evacuate Collection Set: 47.4ms
[2021-11-07T16:37:36.474-0800][gc,phases   ] GC(168)   Post Evacuate Collection Set: 5.0ms
[2021-11-07T16:37:36.474-0800][gc,phases   ] GC(168)   Other: 1.7ms
[2021-11-07T16:37:36.474-0800][gc,heap     ] GC(168) Eden regions: 610->0(47)
[2021-11-07T16:37:36.474-0800][gc,heap     ] GC(168) Survivor regions: 4->4(77)
[2021-11-07T16:37:36.474-0800][gc,heap     ] GC(168) Old regions: 100->100
[2021-11-07T16:37:36.474-0800][gc,heap     ] GC(168) Archive regions: 2->2
[2021-11-07T16:37:36.474-0800][gc,heap     ] GC(168) Humongous regions: 129->129
[2021-11-07T16:37:36.474-0800][gc,metaspace] GC(168) Metaspace: 40341K(40832K)->40341K(40832K) NonClass: 35715K(35968K)->35715K(35968K) Class: 4625K(4864K)->4625K(4864K)
[2021-11-07T16:37:36.474-0800][gc          ] GC(168) Pause Young (Normal) (G1 Evacuation Pause) 842M->233M(1024M) 55.216ms
[2021-11-07T16:37:36.474-0800][gc,cpu      ] GC(168) User=0.04s Sys=0.16s Real=0.06s
[2021-11-07T17:58:31.078-0800][gc,start    ] GC(169) Pause Young (Normal) (G1 Evacuation Pause)
[2021-11-07T17:58:31.080-0800][gc,task     ] GC(169) Using 8 workers of 8 for evacuation
[2021-11-07T17:58:31.108-0800][gc,mmu      ] GC(169) MMU target violated: 21.0ms (20.0ms/21.0ms)
[2021-11-07T17:58:31.108-0800][gc,phases   ] GC(169)   Pre Evacuate Collection Set: 1.1ms
[2021-11-07T17:58:31.108-0800][gc,phases   ] GC(169)   Merge Heap Roots: 0.3ms
[2021-11-07T17:58:31.108-0800][gc,phases   ] GC(169)   Evacuate Collection Set: 21.7ms
[2021-11-07T17:58:31.108-0800][gc,phases   ] GC(169)   Post Evacuate Collection Set: 4.4ms
[2021-11-07T17:58:31.108-0800][gc,phases   ] GC(169)   Other: 2.6ms
[2021-11-07T17:58:31.108-0800][gc,heap     ] GC(169) Eden regions: 47->0(47)
[2021-11-07T17:58:31.108-0800][gc,heap     ] GC(169) Survivor regions: 4->4(7)
[2021-11-07T17:58:31.108-0800][gc,heap     ] GC(169) Old regions: 100->100
[2021-11-07T17:58:31.108-0800][gc,heap     ] GC(169) Archive regions: 2->2
[2021-11-07T17:58:31.108-0800][gc,heap     ] GC(169) Humongous regions: 129->129
[2021-11-07T17:58:31.108-0800][gc,metaspace] GC(169) Metaspace: 40341K(40832K)->40341K(40832K) NonClass: 35715K(35968K)->35715K(35968K) Class: 4625K(4864K)->4625K(4864K)
[2021-11-07T17:58:31.108-0800][gc          ] GC(169) Pause Young (Normal) (G1 Evacuation Pause) 280M->233M(1024M) 30.177ms
[2021-11-07T17:58:31.108-0800][gc,cpu      ] GC(169) User=0.04s Sys=0.03s Real=0.03s
[2021-11-07T17:59:25.432-0800][gc,start    ] GC(170) Pause Young (Normal) (G1 Evacuation Pause)
[2021-11-07T17:59:25.433-0800][gc,task     ] GC(170) Using 8 workers of 8 for evacuation
[2021-11-07T17:59:25.449-0800][gc,phases   ] GC(170)   Pre Evacuate Collection Set: 0.3ms
[2021-11-07T17:59:25.449-0800][gc,phases   ] GC(170)   Merge Heap Roots: 0.1ms
[2021-11-07T17:59:25.449-0800][gc,phases   ] GC(170)   Evacuate Collection Set: 14.7ms
[2021-11-07T17:59:25.449-0800][gc,phases   ] GC(170)   Post Evacuate Collection Set: 0.5ms
[2021-11-07T17:59:25.449-0800][gc,phases   ] GC(170)   Other: 1.3ms
[2021-11-07T17:59:25.449-0800][gc,heap     ] GC(170) Eden regions: 47->0(47)
[2021-11-07T17:59:25.449-0800][gc,heap     ] GC(170) Survivor regions: 4->4(7)
[2021-11-07T17:59:25.449-0800][gc,heap     ] GC(170) Old regions: 100->100
[2021-11-07T17:59:25.449-0800][gc,heap     ] GC(170) Archive regions: 2->2
[2021-11-07T17:59:25.449-0800][gc,heap     ] GC(170) Humongous regions: 129->129
[2021-11-07T17:59:25.449-0800][gc,metaspace] GC(170) Metaspace: 40341K(40832K)->40341K(40832K) NonClass: 35715K(35968K)->35715K(35968K) Class: 4625K(4864K)->4625K(4864K)
[2021-11-07T17:59:25.449-0800][gc          ] GC(170) Pause Young (Normal) (G1 Evacuation Pause) 280M->232M(1024M) 17.249ms
[2021-11-07T17:59:25.449-0800][gc,cpu      ] GC(170) User=0.02s Sys=0.01s Real=0.01s
[2021-11-07T18:00:20.329-0800][gc,start    ] GC(171) Pause Young (Normal) (G1 Evacuation Pause)
[2021-11-07T18:00:20.331-0800][gc,task     ] GC(171) Using 8 workers of 8 for evacuation
[2021-11-07T18:00:20.350-0800][gc,phases   ] GC(171)   Pre Evacuate Collection Set: 1.4ms
[2021-11-07T18:00:20.350-0800][gc,phases   ] GC(171)   Merge Heap Roots: 0.5ms
[2021-11-07T18:00:20.350-0800][gc,phases   ] GC(171)   Evacuate Collection Set: 14.5ms
[2021-11-07T18:00:20.350-0800][gc,phases   ] GC(171)   Post Evacuate Collection Set: 1.7ms
[2021-11-07T18:00:20.350-0800][gc,phases   ] GC(171)   Other: 2.7ms
[2021-11-07T18:00:20.350-0800][gc,heap     ] GC(171) Eden regions: 47->0(79)
[2021-11-07T18:00:20.350-0800][gc,heap     ] GC(171) Survivor regions: 4->3(7)
[2021-11-07T18:00:20.350-0800][gc,heap     ] GC(171) Old regions: 100->100
[2021-11-07T18:00:20.350-0800][gc,heap     ] GC(171) Archive regions: 2->2
[2021-11-07T18:00:20.350-0800][gc,heap     ] GC(171) Humongous regions: 129->129
[2021-11-07T18:00:20.350-0800][gc,metaspace] GC(171) Metaspace: 40341K(40832K)->40341K(40832K) NonClass: 35715K(35968K)->35715K(35968K) Class: 4625K(4864K)->4625K(4864K)
[2021-11-07T18:00:20.350-0800][gc          ] GC(171) Pause Young (Normal) (G1 Evacuation Pause) 279M->232M(1024M) 21.174ms
[2021-11-07T18:00:20.350-0800][gc,cpu      ] GC(171) User=0.02s Sys=0.03s Real=0.03s
[2021-11-07T18:01:42.795-0800][gc,start    ] GC(172) Pause Young (Normal) (G1 Evacuation Pause)
[2021-11-07T18:01:42.797-0800][gc,task     ] GC(172) Using 8 workers of 8 for evacuation
[2021-11-07T18:01:42.816-0800][gc,phases   ] GC(172)   Pre Evacuate Collection Set: 1.4ms
[2021-11-07T18:01:42.816-0800][gc,phases   ] GC(172)   Merge Heap Roots: 0.6ms
[2021-11-07T18:01:42.816-0800][gc,phases   ] GC(172)   Evacuate Collection Set: 14.6ms
[2021-11-07T18:01:42.816-0800][gc,phases   ] GC(172)   Post Evacuate Collection Set: 2.0ms
[2021-11-07T18:01:42.816-0800][gc,phases   ] GC(172)   Other: 2.5ms
[2021-11-07T18:01:42.816-0800][gc,heap     ] GC(172) Eden regions: 79->0(86)
[2021-11-07T18:01:42.816-0800][gc,heap     ] GC(172) Survivor regions: 3->4(11)
[2021-11-07T18:01:42.816-0800][gc,heap     ] GC(172) Old regions: 100->100
[2021-11-07T18:01:42.816-0800][gc,heap     ] GC(172) Archive regions: 2->2
[2021-11-07T18:01:42.816-0800][gc,heap     ] GC(172) Humongous regions: 129->129
[2021-11-07T18:01:42.816-0800][gc,metaspace] GC(172) Metaspace: 40341K(40832K)->40341K(40832K) NonClass: 35715K(35968K)->35715K(35968K) Class: 4625K(4864K)->4625K(4864K)
[2021-11-07T18:01:42.816-0800][gc          ] GC(172) Pause Young (Normal) (G1 Evacuation Pause) 311M->232M(1024M) 21.460ms
[2021-11-07T18:01:42.816-0800][gc,cpu      ] GC(172) User=0.02s Sys=0.03s Real=0.02s
[2021-11-07T18:03:12.457-0800][gc,start    ] GC(173) Pause Young (Normal) (G1 Evacuation Pause)
[2021-11-07T18:03:12.459-0800][gc,task     ] GC(173) Using 8 workers of 8 for evacuation
[2021-11-07T18:03:12.481-0800][gc,mmu      ] GC(173) MMU target violated: 21.0ms (20.0ms/21.0ms)
[2021-11-07T18:03:12.481-0800][gc,phases   ] GC(173)   Pre Evacuate Collection Set: 2.0ms
[2021-11-07T18:03:12.481-0800][gc,phases   ] GC(173)   Merge Heap Roots: 0.5ms
[2021-11-07T18:03:12.481-0800][gc,phases   ] GC(173)   Evacuate Collection Set: 17.9ms
[2021-11-07T18:03:12.481-0800][gc,phases   ] GC(173)   Post Evacuate Collection Set: 1.4ms
[2021-11-07T18:03:12.481-0800][gc,phases   ] GC(173)   Other: 2.5ms
[2021-11-07T18:03:12.481-0800][gc,heap     ] GC(173) Eden regions: 86->0(212)
[2021-11-07T18:03:12.481-0800][gc,heap     ] GC(173) Survivor regions: 4->3(12)
[2021-11-07T18:03:12.481-0800][gc,heap     ] GC(173) Old regions: 100->100
[2021-11-07T18:03:12.481-0800][gc,heap     ] GC(173) Archive regions: 2->2
[2021-11-07T18:03:12.481-0800][gc,heap     ] GC(173) Humongous regions: 129->129
[2021-11-07T18:03:12.481-0800][gc,metaspace] GC(173) Metaspace: 40342K(40832K)->40342K(40832K) NonClass: 35716K(35968K)->35716K(35968K) Class: 4625K(4864K)->4625K(4864K)
[2021-11-07T18:03:12.481-0800][gc          ] GC(173) Pause Young (Normal) (G1 Evacuation Pause) 318M->232M(1024M) 24.364ms
[2021-11-07T18:03:12.481-0800][gc,cpu      ] GC(173) User=0.03s Sys=0.03s Real=0.03s
[2021-11-07T18:06:54.989-0800][gc,start    ] GC(174) Pause Young (Normal) (G1 Evacuation Pause)
[2021-11-07T18:06:54.991-0800][gc,task     ] GC(174) Using 8 workers of 8 for evacuation
[2021-11-07T18:06:55.014-0800][gc,mmu      ] GC(174) MMU target violated: 21.0ms (20.0ms/21.0ms)
[2021-11-07T18:06:55.014-0800][gc,phases   ] GC(174)   Pre Evacuate Collection Set: 1.3ms
[2021-11-07T18:06:55.015-0800][gc,phases   ] GC(174)   Merge Heap Roots: 0.3ms
[2021-11-07T18:06:55.015-0800][gc,phases   ] GC(174)   Evacuate Collection Set: 19.7ms
[2021-11-07T18:06:55.015-0800][gc,phases   ] GC(174)   Post Evacuate Collection Set: 1.7ms
[2021-11-07T18:06:55.015-0800][gc,phases   ] GC(174)   Other: 3.1ms
[2021-11-07T18:06:55.015-0800][gc,heap     ] GC(174) Eden regions: 212->0(242)
[2021-11-07T18:06:55.015-0800][gc,heap     ] GC(174) Survivor regions: 3->3(27)
[2021-11-07T18:06:55.015-0800][gc,heap     ] GC(174) Old regions: 100->100
[2021-11-07T18:06:55.015-0800][gc,heap     ] GC(174) Archive regions: 2->2
[2021-11-07T18:06:55.015-0800][gc,heap     ] GC(174) Humongous regions: 129->129
[2021-11-07T18:06:55.015-0800][gc,metaspace] GC(174) Metaspace: 40345K(40832K)->40345K(40832K) NonClass: 35719K(35968K)->35719K(35968K) Class: 4625K(4864K)->4625K(4864K)
[2021-11-07T18:06:55.015-0800][gc          ] GC(174) Pause Young (Normal) (G1 Evacuation Pause) 444M->232M(1024M) 26.185ms
[2021-11-07T18:06:55.015-0800][gc,cpu      ] GC(174) User=0.03s Sys=0.04s Real=0.03s
[2021-11-07T18:11:09.964-0800][gc,start    ] GC(175) Pause Young (Normal) (G1 Evacuation Pause)
[2021-11-07T18:11:09.966-0800][gc,task     ] GC(175) Using 8 workers of 8 for evacuation
[2021-11-07T18:11:09.985-0800][gc,phases   ] GC(175)   Pre Evacuate Collection Set: 0.8ms
[2021-11-07T18:11:09.985-0800][gc,phases   ] GC(175)   Merge Heap Roots: 0.3ms
[2021-11-07T18:11:09.985-0800][gc,phases   ] GC(175)   Evacuate Collection Set: 15.7ms
[2021-11-07T18:11:09.986-0800][gc,phases   ] GC(175)   Post Evacuate Collection Set: 2.0ms
[2021-11-07T18:11:09.986-0800][gc,phases   ] GC(175)   Other: 2.5ms
[2021-11-07T18:11:09.986-0800][gc,heap     ] GC(175) Eden regions: 242->0(234)
[2021-11-07T18:11:09.986-0800][gc,heap     ] GC(175) Survivor regions: 3->4(31)
[2021-11-07T18:11:09.986-0800][gc,heap     ] GC(175) Old regions: 100->100
[2021-11-07T18:11:09.986-0800][gc,heap     ] GC(175) Archive regions: 2->2
[2021-11-07T18:11:09.986-0800][gc,heap     ] GC(175) Humongous regions: 129->129
[2021-11-07T18:11:09.986-0800][gc,metaspace] GC(175) Metaspace: 40345K(40832K)->40345K(40832K) NonClass: 35719K(35968K)->35719K(35968K) Class: 4625K(4864K)->4625K(4864K)
[2021-11-07T18:11:09.986-0800][gc          ] GC(175) Pause Young (Normal) (G1 Evacuation Pause) 474M->233M(1024M) 21.712ms
[2021-11-07T18:11:09.986-0800][gc,cpu      ] GC(175) User=0.02s Sys=0.02s Real=0.02s
[2021-11-07T18:15:16.304-0800][gc,start    ] GC(176) Pause Young (Normal) (G1 Evacuation Pause)
[2021-11-07T18:15:16.306-0800][gc,task     ] GC(176) Using 8 workers of 8 for evacuation
[2021-11-07T18:15:16.336-0800][gc,mmu      ] GC(176) MMU target violated: 21.0ms (20.0ms/21.0ms)
[2021-11-07T18:15:16.336-0800][gc,phases   ] GC(176)   Pre Evacuate Collection Set: 1.5ms
[2021-11-07T18:15:16.336-0800][gc,phases   ] GC(176)   Merge Heap Roots: 0.5ms
[2021-11-07T18:15:16.336-0800][gc,phases   ] GC(176)   Evacuate Collection Set: 24.9ms
[2021-11-07T18:15:16.336-0800][gc,phases   ] GC(176)   Post Evacuate Collection Set: 2.6ms
[2021-11-07T18:15:16.336-0800][gc,phases   ] GC(176)   Other: 2.7ms
[2021-11-07T18:15:16.337-0800][gc,heap     ] GC(176) Eden regions: 234->0(297)
[2021-11-07T18:15:16.337-0800][gc,heap     ] GC(176) Survivor regions: 4->4(30)
[2021-11-07T18:15:16.337-0800][gc,heap     ] GC(176) Old regions: 100->100
[2021-11-07T18:15:16.337-0800][gc,heap     ] GC(176) Archive regions: 2->2
[2021-11-07T18:15:16.337-0800][gc,heap     ] GC(176) Humongous regions: 129->129
[2021-11-07T18:15:16.337-0800][gc,metaspace] GC(176) Metaspace: 40345K(40832K)->40345K(40832K) NonClass: 35719K(35968K)->35719K(35968K) Class: 4625K(4864K)->4625K(4864K)
[2021-11-07T18:15:16.337-0800][gc          ] GC(176) Pause Young (Normal) (G1 Evacuation Pause) 467M->233M(1024M) 32.238ms
[2021-11-07T18:15:16.337-0800][gc,cpu      ] GC(176) User=0.02s Sys=0.04s Real=0.03s
[2021-11-07T18:20:29.755-0800][gc,start    ] GC(177) Pause Young (Normal) (G1 Evacuation Pause)
[2021-11-07T18:20:29.755-0800][gc,task     ] GC(177) Using 8 workers of 8 for evacuation
[2021-11-07T18:20:29.785-0800][gc,mmu      ] GC(177) MMU target violated: 21.0ms (20.0ms/21.0ms)
[2021-11-07T18:20:29.785-0800][gc,phases   ] GC(177)   Pre Evacuate Collection Set: 1.0ms
[2021-11-07T18:20:29.785-0800][gc,phases   ] GC(177)   Merge Heap Roots: 0.4ms
[2021-11-07T18:20:29.785-0800][gc,phases   ] GC(177)   Evacuate Collection Set: 26.1ms
[2021-11-07T18:20:29.785-0800][gc,phases   ] GC(177)   Post Evacuate Collection Set: 1.9ms
[2021-11-07T18:20:29.785-0800][gc,phases   ] GC(177)   Other: 1.3ms
[2021-11-07T18:20:29.785-0800][gc,heap     ] GC(177) Eden regions: 297->0(443)
[2021-11-07T18:20:29.785-0800][gc,heap     ] GC(177) Survivor regions: 4->4(38)
[2021-11-07T18:20:29.785-0800][gc,heap     ] GC(177) Old regions: 100->100
[2021-11-07T18:20:29.785-0800][gc,heap     ] GC(177) Archive regions: 2->2
[2021-11-07T18:20:29.786-0800][gc,heap     ] GC(177) Humongous regions: 129->129
[2021-11-07T18:20:29.786-0800][gc,metaspace] GC(177) Metaspace: 40345K(40832K)->40345K(40832K) NonClass: 35719K(35968K)->35719K(35968K) Class: 4625K(4864K)->4625K(4864K)
[2021-11-07T18:20:29.786-0800][gc          ] GC(177) Pause Young (Normal) (G1 Evacuation Pause) 530M->233M(1024M) 30.770ms
[2021-11-07T18:20:29.786-0800][gc,cpu      ] GC(177) User=0.03s Sys=0.03s Real=0.03s
[2021-11-07T18:28:17.827-0800][gc,start    ] GC(178) Pause Young (Normal) (G1 Evacuation Pause)
[2021-11-07T18:28:17.828-0800][gc,task     ] GC(178) Using 8 workers of 8 for evacuation
[2021-11-07T18:28:17.855-0800][gc,mmu      ] GC(178) MMU target violated: 21.0ms (20.0ms/21.0ms)
[2021-11-07T18:28:17.856-0800][gc,phases   ] GC(178)   Pre Evacuate Collection Set: 1.3ms
[2021-11-07T18:28:17.856-0800][gc,phases   ] GC(178)   Merge Heap Roots: 0.5ms
[2021-11-07T18:28:17.856-0800][gc,phases   ] GC(178)   Evacuate Collection Set: 20.1ms
[2021-11-07T18:28:17.856-0800][gc,phases   ] GC(178)   Post Evacuate Collection Set: 4.8ms
[2021-11-07T18:28:17.856-0800][gc,phases   ] GC(178)   Other: 2.0ms
[2021-11-07T18:28:17.856-0800][gc,heap     ] GC(178) Eden regions: 443->0(358)
[2021-11-07T18:28:17.856-0800][gc,heap     ] GC(178) Survivor regions: 4->4(56)
[2021-11-07T18:28:17.856-0800][gc,heap     ] GC(178) Old regions: 100->100
[2021-11-07T18:28:17.856-0800][gc,heap     ] GC(178) Archive regions: 2->2
[2021-11-07T18:28:17.856-0800][gc,heap     ] GC(178) Humongous regions: 129->129
[2021-11-07T18:28:17.856-0800][gc,metaspace] GC(178) Metaspace: 40347K(40896K)->40347K(40896K) NonClass: 35721K(36032K)->35721K(36032K) Class: 4625K(4864K)->4625K(4864K)
[2021-11-07T18:28:17.856-0800][gc          ] GC(178) Pause Young (Normal) (G1 Evacuation Pause) 676M->233M(1024M) 28.715ms
[2021-11-07T18:28:17.856-0800][gc,cpu      ] GC(178) User=0.03s Sys=0.05s Real=0.03s
[2021-11-07T18:34:35.359-0800][gc,start    ] GC(179) Pause Young (Normal) (G1 Evacuation Pause)
[2021-11-07T18:34:35.360-0800][gc,task     ] GC(179) Using 8 workers of 8 for evacuation
[2021-11-07T18:34:35.394-0800][gc,mmu      ] GC(179) MMU target violated: 21.0ms (20.0ms/21.0ms)
[2021-11-07T18:34:35.395-0800][gc,phases   ] GC(179)   Pre Evacuate Collection Set: 1.4ms
[2021-11-07T18:34:35.395-0800][gc,phases   ] GC(179)   Merge Heap Roots: 0.4ms
[2021-11-07T18:34:35.395-0800][gc,phases   ] GC(179)   Evacuate Collection Set: 24.7ms
[2021-11-07T18:34:35.395-0800][gc,phases   ] GC(179)   Post Evacuate Collection Set: 7.1ms
[2021-11-07T18:34:35.395-0800][gc,phases   ] GC(179)   Other: 2.2ms
[2021-11-07T18:34:35.395-0800][gc,heap     ] GC(179) Eden regions: 358->0(197)
[2021-11-07T18:34:35.395-0800][gc,heap     ] GC(179) Survivor regions: 4->4(46)
[2021-11-07T18:34:35.395-0800][gc,heap     ] GC(179) Old regions: 100->100
[2021-11-07T18:34:35.395-0800][gc,heap     ] GC(179) Archive regions: 2->2
[2021-11-07T18:34:35.395-0800][gc,heap     ] GC(179) Humongous regions: 129->129
[2021-11-07T18:34:35.395-0800][gc,metaspace] GC(179) Metaspace: 40347K(40896K)->40347K(40896K) NonClass: 35722K(36032K)->35722K(36032K) Class: 4625K(4864K)->4625K(4864K)
[2021-11-07T18:34:35.395-0800][gc          ] GC(179) Pause Young (Normal) (G1 Evacuation Pause) 591M->233M(1024M) 35.897ms
[2021-11-07T18:34:35.395-0800][gc,cpu      ] GC(179) User=0.03s Sys=0.05s Real=0.04s
[2021-11-07T18:38:02.193-0800][gc,start    ] GC(180) Pause Young (Normal) (G1 Evacuation Pause)
[2021-11-07T18:38:02.194-0800][gc,task     ] GC(180) Using 8 workers of 8 for evacuation
[2021-11-07T18:38:02.213-0800][gc,phases   ] GC(180)   Pre Evacuate Collection Set: 1.2ms
[2021-11-07T18:38:02.213-0800][gc,phases   ] GC(180)   Merge Heap Roots: 0.4ms
[2021-11-07T18:38:02.213-0800][gc,phases   ] GC(180)   Evacuate Collection Set: 15.2ms
[2021-11-07T18:38:02.213-0800][gc,phases   ] GC(180)   Post Evacuate Collection Set: 1.5ms
[2021-11-07T18:38:02.213-0800][gc,phases   ] GC(180)   Other: 2.0ms
[2021-11-07T18:38:02.213-0800][gc,heap     ] GC(180) Eden regions: 197->0(378)
[2021-11-07T18:38:02.213-0800][gc,heap     ] GC(180) Survivor regions: 4->4(26)
[2021-11-07T18:38:02.213-0800][gc,heap     ] GC(180) Old regions: 100->100
[2021-11-07T18:38:02.213-0800][gc,heap     ] GC(180) Archive regions: 2->2
[2021-11-07T18:38:02.213-0800][gc,heap     ] GC(180) Humongous regions: 129->129
[2021-11-07T18:38:02.213-0800][gc,metaspace] GC(180) Metaspace: 40347K(40896K)->40347K(40896K) NonClass: 35722K(36032K)->35722K(36032K) Class: 4625K(4864K)->4625K(4864K)
[2021-11-07T18:38:02.213-0800][gc          ] GC(180) Pause Young (Normal) (G1 Evacuation Pause) 430M->233M(1024M) 20.402ms
[2021-11-07T18:38:02.213-0800][gc,cpu      ] GC(180) User=0.03s Sys=0.03s Real=0.02s
[2021-11-07T18:44:39.868-0800][gc,start    ] GC(181) Pause Young (Normal) (G1 Evacuation Pause)
[2021-11-07T18:44:39.870-0800][gc,task     ] GC(181) Using 8 workers of 8 for evacuation
[2021-11-07T18:44:39.894-0800][gc,mmu      ] GC(181) MMU target violated: 21.0ms (20.0ms/21.0ms)
[2021-11-07T18:44:39.894-0800][gc,phases   ] GC(181)   Pre Evacuate Collection Set: 1.1ms
[2021-11-07T18:44:39.894-0800][gc,phases   ] GC(181)   Merge Heap Roots: 0.4ms
[2021-11-07T18:44:39.894-0800][gc,phases   ] GC(181)   Evacuate Collection Set: 19.7ms
[2021-11-07T18:44:39.894-0800][gc,phases   ] GC(181)   Post Evacuate Collection Set: 2.9ms
[2021-11-07T18:44:39.894-0800][gc,phases   ] GC(181)   Other: 2.7ms
[2021-11-07T18:44:39.895-0800][gc,heap     ] GC(181) Eden regions: 378->0(502)
[2021-11-07T18:44:39.895-0800][gc,heap     ] GC(181) Survivor regions: 4->3(48)
[2021-11-07T18:44:39.895-0800][gc,heap     ] GC(181) Old regions: 100->100
[2021-11-07T18:44:39.895-0800][gc,heap     ] GC(181) Archive regions: 2->2
[2021-11-07T18:44:39.895-0800][gc,heap     ] GC(181) Humongous regions: 129->129
[2021-11-07T18:44:39.895-0800][gc,metaspace] GC(181) Metaspace: 40347K(40896K)->40347K(40896K) NonClass: 35722K(36032K)->35722K(36032K) Class: 4625K(4864K)->4625K(4864K)
[2021-11-07T18:44:39.895-0800][gc          ] GC(181) Pause Young (Normal) (G1 Evacuation Pause) 611M->232M(1024M) 27.006ms
[2021-11-07T18:44:39.895-0800][gc,cpu      ] GC(181) User=0.02s Sys=0.04s Real=0.03s
[2021-11-07T18:53:30.406-0800][gc,start    ] GC(182) Pause Young (Normal) (G1 Evacuation Pause)
[2021-11-07T18:53:30.408-0800][gc,task     ] GC(182) Using 8 workers of 8 for evacuation
[2021-11-07T18:53:30.431-0800][gc,mmu      ] GC(182) MMU target violated: 21.0ms (20.0ms/21.0ms)
[2021-11-07T18:53:30.431-0800][gc,phases   ] GC(182)   Pre Evacuate Collection Set: 1.3ms
[2021-11-07T18:53:30.431-0800][gc,phases   ] GC(182)   Merge Heap Roots: 0.9ms
[2021-11-07T18:53:30.431-0800][gc,phases   ] GC(182)   Evacuate Collection Set: 17.4ms
[2021-11-07T18:53:30.431-0800][gc,phases   ] GC(182)   Post Evacuate Collection Set: 1.7ms
[2021-11-07T18:53:30.431-0800][gc,phases   ] GC(182)   Other: 3.6ms
[2021-11-07T18:53:30.431-0800][gc,heap     ] GC(182) Eden regions: 502->0(552)
[2021-11-07T18:53:30.431-0800][gc,heap     ] GC(182) Survivor regions: 3->4(64)
[2021-11-07T18:53:30.431-0800][gc,heap     ] GC(182) Old regions: 100->100
[2021-11-07T18:53:30.431-0800][gc,heap     ] GC(182) Archive regions: 2->2
[2021-11-07T18:53:30.431-0800][gc,heap     ] GC(182) Humongous regions: 129->129
[2021-11-07T18:53:30.431-0800][gc,metaspace] GC(182) Metaspace: 40347K(40896K)->40347K(40896K) NonClass: 35722K(36032K)->35722K(36032K) Class: 4625K(4864K)->4625K(4864K)
[2021-11-07T18:53:30.431-0800][gc          ] GC(182) Pause Young (Normal) (G1 Evacuation Pause) 734M->233M(1024M) 24.982ms
[2021-11-07T18:53:30.431-0800][gc,cpu      ] GC(182) User=0.03s Sys=0.03s Real=0.03s
[2021-11-07T19:03:16.637-0800][gc,start    ] GC(183) Pause Young (Normal) (G1 Evacuation Pause)
[2021-11-07T19:03:16.640-0800][gc,task     ] GC(183) Using 8 workers of 8 for evacuation
[2021-11-07T19:03:16.672-0800][gc,mmu      ] GC(183) MMU target violated: 21.0ms (20.0ms/21.0ms)
[2021-11-07T19:03:16.672-0800][gc,phases   ] GC(183)   Pre Evacuate Collection Set: 0.5ms
[2021-11-07T19:03:16.672-0800][gc,phases   ] GC(183)   Merge Heap Roots: 0.3ms
[2021-11-07T19:03:16.672-0800][gc,phases   ] GC(183)   Evacuate Collection Set: 28.9ms
[2021-11-07T19:03:16.673-0800][gc,phases   ] GC(183)   Post Evacuate Collection Set: 2.2ms
[2021-11-07T19:03:16.673-0800][gc,phases   ] GC(183)   Other: 3.2ms
[2021-11-07T19:03:16.673-0800][gc,heap     ] GC(183) Eden regions: 552->0(611)
[2021-11-07T19:03:16.673-0800][gc,heap     ] GC(183) Survivor regions: 4->3(70)
[2021-11-07T19:03:16.673-0800][gc,heap     ] GC(183) Old regions: 100->101
[2021-11-07T19:03:16.673-0800][gc,heap     ] GC(183) Archive regions: 2->2
[2021-11-07T19:03:16.691-0800][gc,heap     ] GC(183) Humongous regions: 129->129
[2021-11-07T19:03:16.691-0800][gc,metaspace] GC(183) Metaspace: 40349K(40896K)->40349K(40896K) NonClass: 35724K(36032K)->35724K(36032K) Class: 4625K(4864K)->4625K(4864K)
[2021-11-07T19:03:16.691-0800][gc          ] GC(183) Pause Young (Normal) (G1 Evacuation Pause) 785M->232M(1024M) 53.837ms
[2021-11-07T19:03:16.691-0800][gc,cpu      ] GC(183) User=0.02s Sys=0.03s Real=0.06s
[2021-11-07T19:14:05.462-0800][gc,start    ] GC(184) Pause Young (Normal) (G1 Evacuation Pause)
[2021-11-07T19:14:05.463-0800][gc,task     ] GC(184) Using 8 workers of 8 for evacuation
[2021-11-07T19:14:05.497-0800][gc,mmu      ] GC(184) MMU target violated: 21.0ms (20.0ms/21.0ms)
[2021-11-07T19:14:05.497-0800][gc,phases   ] GC(184)   Pre Evacuate Collection Set: 1.0ms
[2021-11-07T19:14:05.497-0800][gc,phases   ] GC(184)   Merge Heap Roots: 0.4ms
[2021-11-07T19:14:05.497-0800][gc,phases   ] GC(184)   Evacuate Collection Set: 24.5ms
[2021-11-07T19:14:05.497-0800][gc,phases   ] GC(184)   Post Evacuate Collection Set: 7.0ms
[2021-11-07T19:14:05.497-0800][gc,phases   ] GC(184)   Other: 1.8ms
[2021-11-07T19:14:05.497-0800][gc,heap     ] GC(184) Eden regions: 611->0(289)
[2021-11-07T19:14:05.497-0800][gc,heap     ] GC(184) Survivor regions: 3->4(77)
[2021-11-07T19:14:05.497-0800][gc,heap     ] GC(184) Old regions: 101->101
[2021-11-07T19:14:05.497-0800][gc,heap     ] GC(184) Archive regions: 2->2
[2021-11-07T19:14:05.497-0800][gc,heap     ] GC(184) Humongous regions: 129->129
[2021-11-07T19:14:05.497-0800][gc,metaspace] GC(184) Metaspace: 40349K(40896K)->40349K(40896K) NonClass: 35724K(36032K)->35724K(36032K) Class: 4625K(4864K)->4625K(4864K)
[2021-11-07T19:14:05.497-0800][gc          ] GC(184) Pause Young (Normal) (G1 Evacuation Pause) 843M->233M(1024M) 34.728ms
[2021-11-07T19:14:05.497-0800][gc,cpu      ] GC(184) User=0.04s Sys=0.03s Real=0.03s
[2021-11-07T19:19:10.944-0800][gc,start    ] GC(185) Pause Young (Normal) (G1 Evacuation Pause)
[2021-11-07T19:19:10.946-0800][gc,task     ] GC(185) Using 8 workers of 8 for evacuation
[2021-11-07T19:19:10.966-0800][gc,phases   ] GC(185)   Pre Evacuate Collection Set: 1.4ms
[2021-11-07T19:19:10.966-0800][gc,phases   ] GC(185)   Merge Heap Roots: 0.8ms
[2021-11-07T19:19:10.966-0800][gc,phases   ] GC(185)   Evacuate Collection Set: 14.7ms
[2021-11-07T19:19:10.966-0800][gc,phases   ] GC(185)   Post Evacuate Collection Set: 1.6ms
[2021-11-07T19:19:10.966-0800][gc,phases   ] GC(185)   Other: 3.0ms
[2021-11-07T19:19:10.966-0800][gc,heap     ] GC(185) Eden regions: 289->0(611)
[2021-11-07T19:19:10.966-0800][gc,heap     ] GC(185) Survivor regions: 4->3(37)
[2021-11-07T19:19:10.966-0800][gc,heap     ] GC(185) Old regions: 101->101
[2021-11-07T19:19:10.966-0800][gc,heap     ] GC(185) Archive regions: 2->2
[2021-11-07T19:19:10.966-0800][gc,heap     ] GC(185) Humongous regions: 129->129
[2021-11-07T19:19:10.966-0800][gc,metaspace] GC(185) Metaspace: 40349K(40896K)->40349K(40896K) NonClass: 35724K(36032K)->35724K(36032K) Class: 4625K(4864K)->4625K(4864K)
[2021-11-07T19:19:10.966-0800][gc          ] GC(185) Pause Young (Normal) (G1 Evacuation Pause) 522M->232M(1024M) 21.743ms
[2021-11-07T19:19:10.966-0800][gc,cpu      ] GC(185) User=0.02s Sys=0.03s Real=0.02s
[2021-11-07T19:30:00.734-0800][gc,start    ] GC(186) Pause Young (Normal) (G1 Evacuation Pause)
[2021-11-07T19:30:00.736-0800][gc,task     ] GC(186) Using 8 workers of 8 for evacuation
[2021-11-07T19:30:00.763-0800][gc,mmu      ] GC(186) MMU target violated: 21.0ms (20.0ms/21.0ms)
[2021-11-07T19:30:00.763-0800][gc,phases   ] GC(186)   Pre Evacuate Collection Set: 1.3ms
[2021-11-07T19:30:00.763-0800][gc,phases   ] GC(186)   Merge Heap Roots: 0.6ms
[2021-11-07T19:30:00.763-0800][gc,phases   ] GC(186)   Evacuate Collection Set: 20.4ms
[2021-11-07T19:30:00.763-0800][gc,phases   ] GC(186)   Post Evacuate Collection Set: 3.4ms
[2021-11-07T19:30:00.763-0800][gc,phases   ] GC(186)   Other: 2.8ms
[2021-11-07T19:30:00.763-0800][gc,heap     ] GC(186) Eden regions: 611->0(610)
[2021-11-07T19:30:00.763-0800][gc,heap     ] GC(186) Survivor regions: 3->4(77)
[2021-11-07T19:30:00.763-0800][gc,heap     ] GC(186) Old regions: 101->101
[2021-11-07T19:30:00.763-0800][gc,heap     ] GC(186) Archive regions: 2->2
[2021-11-07T19:30:00.763-0800][gc,heap     ] GC(186) Humongous regions: 129->129
[2021-11-07T19:30:00.763-0800][gc,metaspace] GC(186) Metaspace: 40349K(40896K)->40349K(40896K) NonClass: 35724K(36032K)->35724K(36032K) Class: 4625K(4864K)->4625K(4864K)
[2021-11-07T19:30:00.763-0800][gc          ] GC(186) Pause Young (Normal) (G1 Evacuation Pause) 843M->233M(1024M) 28.574ms
[2021-11-07T19:30:00.763-0800][gc,cpu      ] GC(186) User=0.03s Sys=0.05s Real=0.03s
[2021-11-07T19:40:42.935-0800][gc,start    ] GC(187) Pause Young (Normal) (G1 Evacuation Pause)
[2021-11-07T19:40:42.936-0800][gc,task     ] GC(187) Using 8 workers of 8 for evacuation
[2021-11-07T19:40:42.958-0800][gc,mmu      ] GC(187) MMU target violated: 21.0ms (20.0ms/21.0ms)
[2021-11-07T19:40:42.958-0800][gc,phases   ] GC(187)   Pre Evacuate Collection Set: 1.1ms
[2021-11-07T19:40:42.958-0800][gc,phases   ] GC(187)   Merge Heap Roots: 0.8ms
[2021-11-07T19:40:42.958-0800][gc,phases   ] GC(187)   Evacuate Collection Set: 17.0ms
[2021-11-07T19:40:42.958-0800][gc,phases   ] GC(187)   Post Evacuate Collection Set: 2.3ms
[2021-11-07T19:40:42.958-0800][gc,phases   ] GC(187)   Other: 1.9ms
[2021-11-07T19:40:42.958-0800][gc,heap     ] GC(187) Eden regions: 610->0(558)
[2021-11-07T19:40:42.958-0800][gc,heap     ] GC(187) Survivor regions: 4->3(77)
[2021-11-07T19:40:42.958-0800][gc,heap     ] GC(187) Old regions: 101->101
[2021-11-07T19:40:42.958-0800][gc,heap     ] GC(187) Archive regions: 2->2
[2021-11-07T19:40:42.958-0800][gc,heap     ] GC(187) Humongous regions: 129->129
[2021-11-07T19:40:42.958-0800][gc,metaspace] GC(187) Metaspace: 40358K(40896K)->40358K(40896K) NonClass: 35733K(36032K)->35733K(36032K) Class: 4625K(4864K)->4625K(4864K)
[2021-11-07T19:40:42.958-0800][gc          ] GC(187) Pause Young (Normal) (G1 Evacuation Pause) 843M->232M(1024M) 23.101ms
[2021-11-07T19:40:42.958-0800][gc,cpu      ] GC(187) User=0.02s Sys=0.03s Real=0.02s
[2021-11-07T19:50:32.909-0800][gc,start    ] GC(188) Pause Young (Normal) (G1 Evacuation Pause)
[2021-11-07T19:50:32.910-0800][gc,task     ] GC(188) Using 8 workers of 8 for evacuation
[2021-11-07T19:50:32.928-0800][gc,phases   ] GC(188)   Pre Evacuate Collection Set: 0.5ms
[2021-11-07T19:50:32.928-0800][gc,phases   ] GC(188)   Merge Heap Roots: 0.5ms
[2021-11-07T19:50:32.928-0800][gc,phases   ] GC(188)   Evacuate Collection Set: 14.3ms
[2021-11-07T19:50:32.928-0800][gc,phases   ] GC(188)   Post Evacuate Collection Set: 1.7ms
[2021-11-07T19:50:32.928-0800][gc,phases   ] GC(188)   Other: 2.2ms
[2021-11-07T19:50:32.928-0800][gc,heap     ] GC(188) Eden regions: 558->0(611)
[2021-11-07T19:50:32.928-0800][gc,heap     ] GC(188) Survivor regions: 3->3(71)
[2021-11-07T19:50:32.928-0800][gc,heap     ] GC(188) Old regions: 101->101
[2021-11-07T19:50:32.928-0800][gc,heap     ] GC(188) Archive regions: 2->2
[2021-11-07T19:50:32.928-0800][gc,heap     ] GC(188) Humongous regions: 129->129
[2021-11-07T19:50:32.928-0800][gc,metaspace] GC(188) Metaspace: 40359K(40896K)->40359K(40896K) NonClass: 35733K(36032K)->35733K(36032K) Class: 4625K(4864K)->4625K(4864K)
[2021-11-07T19:50:32.928-0800][gc          ] GC(188) Pause Young (Normal) (G1 Evacuation Pause) 790M->232M(1024M) 19.415ms
[2021-11-07T19:50:32.928-0800][gc,cpu      ] GC(188) User=0.02s Sys=0.03s Real=0.02s
[2021-11-07T20:01:13.915-0800][gc,start    ] GC(189) Pause Young (Normal) (G1 Evacuation Pause)
[2021-11-07T20:01:13.916-0800][gc,task     ] GC(189) Using 8 workers of 8 for evacuation
[2021-11-07T20:01:13.935-0800][gc,phases   ] GC(189)   Pre Evacuate Collection Set: 0.8ms
[2021-11-07T20:01:13.935-0800][gc,phases   ] GC(189)   Merge Heap Roots: 0.3ms
[2021-11-07T20:01:13.935-0800][gc,phases   ] GC(189)   Evacuate Collection Set: 14.5ms
[2021-11-07T20:01:13.935-0800][gc,phases   ] GC(189)   Post Evacuate Collection Set: 2.8ms
[2021-11-07T20:01:13.935-0800][gc,phases   ] GC(189)   Other: 1.6ms
[2021-11-07T20:01:13.935-0800][gc,heap     ] GC(189) Eden regions: 611->0(611)
[2021-11-07T20:01:13.935-0800][gc,heap     ] GC(189) Survivor regions: 3->3(77)
[2021-11-07T20:01:13.935-0800][gc,heap     ] GC(189) Old regions: 101->101
[2021-11-07T20:01:13.935-0800][gc,heap     ] GC(189) Archive regions: 2->2
[2021-11-07T20:01:13.935-0800][gc,heap     ] GC(189) Humongous regions: 129->129
[2021-11-07T20:01:13.935-0800][gc,metaspace] GC(189) Metaspace: 40362K(40896K)->40362K(40896K) NonClass: 35736K(36032K)->35736K(36032K) Class: 4625K(4864K)->4625K(4864K)
[2021-11-07T20:01:13.935-0800][gc          ] GC(189) Pause Young (Normal) (G1 Evacuation Pause) 843M->233M(1024M) 20.325ms
[2021-11-07T20:01:13.935-0800][gc,cpu      ] GC(189) User=0.03s Sys=0.03s Real=0.02s
[2021-11-07T20:11:57.838-0800][gc,start    ] GC(190) Pause Young (Normal) (G1 Evacuation Pause)
[2021-11-07T20:11:57.839-0800][gc,task     ] GC(190) Using 8 workers of 8 for evacuation
[2021-11-07T20:11:57.877-0800][gc,mmu      ] GC(190) MMU target violated: 21.0ms (20.0ms/21.0ms)
[2021-11-07T20:11:57.877-0800][gc,phases   ] GC(190)   Pre Evacuate Collection Set: 0.5ms
[2021-11-07T20:11:57.877-0800][gc,phases   ] GC(190)   Merge Heap Roots: 0.2ms
[2021-11-07T20:11:57.877-0800][gc,phases   ] GC(190)   Evacuate Collection Set: 35.2ms
[2021-11-07T20:11:57.877-0800][gc,phases   ] GC(190)   Post Evacuate Collection Set: 1.8ms
[2021-11-07T20:11:57.877-0800][gc,phases   ] GC(190)   Other: 1.1ms
[2021-11-07T20:11:57.877-0800][gc,heap     ] GC(190) Eden regions: 611->0(264)
[2021-11-07T20:11:57.877-0800][gc,heap     ] GC(190) Survivor regions: 3->4(77)
[2021-11-07T20:11:57.877-0800][gc,heap     ] GC(190) Old regions: 101->101
[2021-11-07T20:11:57.877-0800][gc,heap     ] GC(190) Archive regions: 2->2
[2021-11-07T20:11:57.877-0800][gc,heap     ] GC(190) Humongous regions: 129->129
[2021-11-07T20:11:57.877-0800][gc,metaspace] GC(190) Metaspace: 40366K(40896K)->40366K(40896K) NonClass: 35741K(36032K)->35741K(36032K) Class: 4625K(4864K)->4625K(4864K)
[2021-11-07T20:11:57.877-0800][gc          ] GC(190) Pause Young (Normal) (G1 Evacuation Pause) 844M->233M(1024M) 38.904ms
[2021-11-07T20:11:57.877-0800][gc,cpu      ] GC(190) User=0.03s Sys=0.03s Real=0.04s
[2021-11-07T20:16:35.839-0800][gc,start    ] GC(191) Pause Young (Normal) (G1 Evacuation Pause)
[2021-11-07T20:16:35.841-0800][gc,task     ] GC(191) Using 8 workers of 8 for evacuation
[2021-11-07T20:16:35.859-0800][gc,phases   ] GC(191)   Pre Evacuate Collection Set: 1.2ms
[2021-11-07T20:16:35.860-0800][gc,phases   ] GC(191)   Merge Heap Roots: 0.5ms
[2021-11-07T20:16:35.860-0800][gc,phases   ] GC(191)   Evacuate Collection Set: 14.3ms
[2021-11-07T20:16:35.860-0800][gc,phases   ] GC(191)   Post Evacuate Collection Set: 1.9ms
[2021-11-07T20:16:35.860-0800][gc,phases   ] GC(191)   Other: 2.5ms
[2021-11-07T20:16:35.860-0800][gc,heap     ] GC(191) Eden regions: 264->0(611)
[2021-11-07T20:16:35.860-0800][gc,heap     ] GC(191) Survivor regions: 4->3(34)
[2021-11-07T20:16:35.860-0800][gc,heap     ] GC(191) Old regions: 101->101
[2021-11-07T20:16:35.860-0800][gc,heap     ] GC(191) Archive regions: 2->2
[2021-11-07T20:16:35.860-0800][gc,heap     ] GC(191) Humongous regions: 129->129
[2021-11-07T20:16:35.860-0800][gc,metaspace] GC(191) Metaspace: 40366K(40896K)->40366K(40896K) NonClass: 35741K(36032K)->35741K(36032K) Class: 4625K(4864K)->4625K(4864K)
[2021-11-07T20:16:35.860-0800][gc          ] GC(191) Pause Young (Normal) (G1 Evacuation Pause) 497M->232M(1024M) 20.431ms
[2021-11-07T20:16:35.860-0800][gc,cpu      ] GC(191) User=0.03s Sys=0.03s Real=0.03s
[2021-11-07T20:27:19.599-0800][gc,start    ] GC(192) Pause Young (Normal) (G1 Evacuation Pause)
[2021-11-07T20:27:19.601-0800][gc,task     ] GC(192) Using 8 workers of 8 for evacuation
[2021-11-07T20:27:19.622-0800][gc,phases   ] GC(192)   Pre Evacuate Collection Set: 1.0ms
[2021-11-07T20:27:19.622-0800][gc,phases   ] GC(192)   Merge Heap Roots: 0.4ms
[2021-11-07T20:27:19.622-0800][gc,phases   ] GC(192)   Evacuate Collection Set: 15.9ms
[2021-11-07T20:27:19.622-0800][gc,phases   ] GC(192)   Post Evacuate Collection Set: 2.5ms
[2021-11-07T20:27:19.622-0800][gc,phases   ] GC(192)   Other: 2.8ms
[2021-11-07T20:27:19.622-0800][gc,heap     ] GC(192) Eden regions: 611->0(610)
[2021-11-07T20:27:19.622-0800][gc,heap     ] GC(192) Survivor regions: 3->4(77)
[2021-11-07T20:27:19.622-0800][gc,heap     ] GC(192) Old regions: 101->101
[2021-11-07T20:27:19.622-0800][gc,heap     ] GC(192) Archive regions: 2->2
[2021-11-07T20:27:19.622-0800][gc,heap     ] GC(192) Humongous regions: 129->129
[2021-11-07T20:27:19.622-0800][gc,metaspace] GC(192) Metaspace: 40367K(40896K)->40367K(40896K) NonClass: 35741K(36032K)->35741K(36032K) Class: 4625K(4864K)->4625K(4864K)
[2021-11-07T20:27:19.622-0800][gc          ] GC(192) Pause Young (Normal) (G1 Evacuation Pause) 843M->233M(1024M) 22.667ms
[2021-11-07T20:27:19.622-0800][gc,cpu      ] GC(192) User=0.03s Sys=0.04s Real=0.03s
[2021-11-07T20:38:04.835-0800][gc,start    ] GC(193) Pause Young (Normal) (G1 Evacuation Pause)
[2021-11-07T20:38:04.837-0800][gc,task     ] GC(193) Using 8 workers of 8 for evacuation
[2021-11-07T20:38:04.861-0800][gc,mmu      ] GC(193) MMU target violated: 21.0ms (20.0ms/21.0ms)
[2021-11-07T20:38:04.862-0800][gc,phases   ] GC(193)   Pre Evacuate Collection Set: 0.7ms
[2021-11-07T20:38:04.862-0800][gc,phases   ] GC(193)   Merge Heap Roots: 0.5ms
[2021-11-07T20:38:04.862-0800][gc,phases   ] GC(193)   Evacuate Collection Set: 19.6ms
[2021-11-07T20:38:04.862-0800][gc,phases   ] GC(193)   Post Evacuate Collection Set: 3.4ms
[2021-11-07T20:38:04.862-0800][gc,phases   ] GC(193)   Other: 2.1ms
[2021-11-07T20:38:04.862-0800][gc,heap     ] GC(193) Eden regions: 610->0(610)
[2021-11-07T20:38:04.862-0800][gc,heap     ] GC(193) Survivor regions: 4->4(77)
[2021-11-07T20:38:04.862-0800][gc,heap     ] GC(193) Old regions: 101->101
[2021-11-07T20:38:04.862-0800][gc,heap     ] GC(193) Archive regions: 2->2
[2021-11-07T20:38:04.862-0800][gc,heap     ] GC(193) Humongous regions: 129->129
[2021-11-07T20:38:04.862-0800][gc,metaspace] GC(193) Metaspace: 40367K(40896K)->40367K(40896K) NonClass: 35741K(36032K)->35741K(36032K) Class: 4625K(4864K)->4625K(4864K)
[2021-11-07T20:38:04.862-0800][gc          ] GC(193) Pause Young (Normal) (G1 Evacuation Pause) 843M->233M(1024M) 26.530ms
[2021-11-07T20:38:04.862-0800][gc,cpu      ] GC(193) User=0.04s Sys=0.05s Real=0.03s
[2021-11-07T20:48:49.900-0800][gc,start    ] GC(194) Pause Young (Normal) (G1 Evacuation Pause)
[2021-11-07T20:48:49.902-0800][gc,task     ] GC(194) Using 8 workers of 8 for evacuation
[2021-11-07T20:48:49.948-0800][gc,mmu      ] GC(194) MMU target violated: 21.0ms (20.0ms/21.0ms)
[2021-11-07T20:48:49.948-0800][gc,phases   ] GC(194)   Pre Evacuate Collection Set: 0.5ms
[2021-11-07T20:48:49.948-0800][gc,phases   ] GC(194)   Merge Heap Roots: 0.2ms
[2021-11-07T20:48:49.948-0800][gc,phases   ] GC(194)   Evacuate Collection Set: 42.2ms
[2021-11-07T20:48:49.948-0800][gc,phases   ] GC(194)   Post Evacuate Collection Set: 2.7ms
[2021-11-07T20:48:49.948-0800][gc,phases   ] GC(194)   Other: 2.2ms
[2021-11-07T20:48:49.948-0800][gc,heap     ] GC(194) Eden regions: 610->0(190)
[2021-11-07T20:48:49.948-0800][gc,heap     ] GC(194) Survivor regions: 4->3(77)
[2021-11-07T20:48:49.948-0800][gc,heap     ] GC(194) Old regions: 101->101
[2021-11-07T20:48:49.948-0800][gc,heap     ] GC(194) Archive regions: 2->2
[2021-11-07T20:48:49.948-0800][gc,heap     ] GC(194) Humongous regions: 129->129
[2021-11-07T20:48:49.948-0800][gc,metaspace] GC(194) Metaspace: 40367K(40896K)->40367K(40896K) NonClass: 35741K(36032K)->35741K(36032K) Class: 4625K(4864K)->4625K(4864K)
[2021-11-07T20:48:49.948-0800][gc          ] GC(194) Pause Young (Normal) (G1 Evacuation Pause) 843M->233M(1024M) 47.988ms
[2021-11-07T20:48:49.948-0800][gc,cpu      ] GC(194) User=0.03s Sys=0.04s Real=0.04s
[2021-11-07T20:52:10.348-0800][gc,start    ] GC(195) Pause Young (Normal) (G1 Evacuation Pause)
[2021-11-07T20:52:10.359-0800][gc,task     ] GC(195) Using 8 workers of 8 for evacuation
[2021-11-07T20:52:10.394-0800][gc,mmu      ] GC(195) MMU target violated: 21.0ms (20.0ms/21.0ms)
[2021-11-07T20:52:10.396-0800][gc,phases   ] GC(195)   Pre Evacuate Collection Set: 1.3ms
[2021-11-07T20:52:10.397-0800][gc,phases   ] GC(195)   Merge Heap Roots: 0.7ms
[2021-11-07T20:52:10.397-0800][gc,phases   ] GC(195)   Evacuate Collection Set: 22.8ms
[2021-11-07T20:52:10.397-0800][gc,phases   ] GC(195)   Post Evacuate Collection Set: 2.1ms
[2021-11-07T20:52:10.397-0800][gc,phases   ] GC(195)   Other: 21.6ms
[2021-11-07T20:52:10.397-0800][gc,heap     ] GC(195) Eden regions: 190->0(47)
[2021-11-07T20:52:10.397-0800][gc,heap     ] GC(195) Survivor regions: 3->4(25)
[2021-11-07T20:52:10.397-0800][gc,heap     ] GC(195) Old regions: 101->101
[2021-11-07T20:52:10.397-0800][gc,heap     ] GC(195) Archive regions: 2->2
[2021-11-07T20:52:10.397-0800][gc,heap     ] GC(195) Humongous regions: 129->129
[2021-11-07T20:52:10.397-0800][gc,metaspace] GC(195) Metaspace: 40367K(40896K)->40367K(40896K) NonClass: 35741K(36032K)->35741K(36032K) Class: 4625K(4864K)->4625K(4864K)
[2021-11-07T20:52:10.397-0800][gc          ] GC(195) Pause Young (Normal) (G1 Evacuation Pause) 423M->233M(1024M) 48.536ms
[2021-11-07T20:52:10.397-0800][gc,cpu      ] GC(195) User=0.03s Sys=0.03s Real=0.05s
[2021-11-07T20:52:59.510-0800][gc,start    ] GC(196) Pause Young (Normal) (G1 Evacuation Pause)
[2021-11-07T20:52:59.511-0800][gc,task     ] GC(196) Using 8 workers of 8 for evacuation
[2021-11-07T20:52:59.531-0800][gc,phases   ] GC(196)   Pre Evacuate Collection Set: 0.8ms
[2021-11-07T20:52:59.531-0800][gc,phases   ] GC(196)   Merge Heap Roots: 0.2ms
[2021-11-07T20:52:59.531-0800][gc,phases   ] GC(196)   Evacuate Collection Set: 17.9ms
[2021-11-07T20:52:59.531-0800][gc,phases   ] GC(196)   Post Evacuate Collection Set: 1.1ms
[2021-11-07T20:52:59.531-0800][gc,phases   ] GC(196)   Other: 1.3ms
[2021-11-07T20:52:59.531-0800][gc,heap     ] GC(196) Eden regions: 47->0(163)
[2021-11-07T20:52:59.531-0800][gc,heap     ] GC(196) Survivor regions: 4->3(7)
[2021-11-07T20:52:59.531-0800][gc,heap     ] GC(196) Old regions: 101->101
[2021-11-07T20:52:59.531-0800][gc,heap     ] GC(196) Archive regions: 2->2
[2021-11-07T20:52:59.531-0800][gc,heap     ] GC(196) Humongous regions: 129->129
[2021-11-07T20:52:59.531-0800][gc,metaspace] GC(196) Metaspace: 40367K(40896K)->40367K(40896K) NonClass: 35741K(36032K)->35741K(36032K) Class: 4625K(4864K)->4625K(4864K)
[2021-11-07T20:52:59.531-0800][gc          ] GC(196) Pause Young (Normal) (G1 Evacuation Pause) 280M->233M(1024M) 21.521ms
[2021-11-07T20:52:59.531-0800][gc,cpu      ] GC(196) User=0.02s Sys=0.02s Real=0.02s
[2021-11-07T20:55:50.815-0800][gc,start    ] GC(197) Pause Young (Normal) (G1 Evacuation Pause)
[2021-11-07T20:55:50.817-0800][gc,task     ] GC(197) Using 8 workers of 8 for evacuation
[2021-11-07T20:55:50.841-0800][gc,mmu      ] GC(197) MMU target violated: 21.0ms (20.0ms/21.0ms)
[2021-11-07T20:55:50.841-0800][gc,phases   ] GC(197)   Pre Evacuate Collection Set: 1.4ms
[2021-11-07T20:55:50.841-0800][gc,phases   ] GC(197)   Merge Heap Roots: 0.4ms
[2021-11-07T20:55:50.841-0800][gc,phases   ] GC(197)   Evacuate Collection Set: 19.5ms
[2021-11-07T20:55:50.841-0800][gc,phases   ] GC(197)   Post Evacuate Collection Set: 1.9ms
[2021-11-07T20:55:50.841-0800][gc,phases   ] GC(197)   Other: 2.7ms
[2021-11-07T20:55:50.841-0800][gc,heap     ] GC(197) Eden regions: 163->0(235)
[2021-11-07T20:55:50.841-0800][gc,heap     ] GC(197) Survivor regions: 3->3(21)
[2021-11-07T20:55:50.841-0800][gc,heap     ] GC(197) Old regions: 101->101
[2021-11-07T20:55:50.841-0800][gc,heap     ] GC(197) Archive regions: 2->2
[2021-11-07T20:55:50.841-0800][gc,heap     ] GC(197) Humongous regions: 129->129
[2021-11-07T20:55:50.841-0800][gc,metaspace] GC(197) Metaspace: 40367K(40896K)->40367K(40896K) NonClass: 35741K(36032K)->35741K(36032K) Class: 4625K(4864K)->4625K(4864K)
[2021-11-07T20:55:50.842-0800][gc          ] GC(197) Pause Young (Normal) (G1 Evacuation Pause) 396M->233M(1024M) 26.118ms
[2021-11-07T20:55:50.843-0800][gc,cpu      ] GC(197) User=0.02s Sys=0.03s Real=0.03s
[2021-11-07T20:59:55.464-0800][gc,start    ] GC(198) Pause Young (Normal) (G1 Evacuation Pause)
[2021-11-07T20:59:55.465-0800][gc,task     ] GC(198) Using 8 workers of 8 for evacuation
[2021-11-07T20:59:55.482-0800][gc,phases   ] GC(198)   Pre Evacuate Collection Set: 0.9ms
[2021-11-07T20:59:55.482-0800][gc,phases   ] GC(198)   Merge Heap Roots: 0.2ms
[2021-11-07T20:59:55.482-0800][gc,phases   ] GC(198)   Evacuate Collection Set: 12.9ms
[2021-11-07T20:59:55.482-0800][gc,phases   ] GC(198)   Post Evacuate Collection Set: 2.1ms
[2021-11-07T20:59:55.482-0800][gc,phases   ] GC(198)   Other: 1.8ms
[2021-11-07T20:59:55.482-0800][gc,heap     ] GC(198) Eden regions: 235->0(433)
[2021-11-07T20:59:55.482-0800][gc,heap     ] GC(198) Survivor regions: 3->3(30)
[2021-11-07T20:59:55.482-0800][gc,heap     ] GC(198) Old regions: 101->101
[2021-11-07T20:59:55.482-0800][gc,heap     ] GC(198) Archive regions: 2->2
[2021-11-07T20:59:55.482-0800][gc,heap     ] GC(198) Humongous regions: 129->129
[2021-11-07T20:59:55.482-0800][gc,metaspace] GC(198) Metaspace: 40367K(40896K)->40367K(40896K) NonClass: 35741K(36032K)->35741K(36032K) Class: 4625K(4864K)->4625K(4864K)
[2021-11-07T20:59:55.482-0800][gc          ] GC(198) Pause Young (Normal) (G1 Evacuation Pause) 468M->233M(1024M) 18.020ms
[2021-11-07T20:59:55.482-0800][gc,cpu      ] GC(198) User=0.02s Sys=0.02s Real=0.02s
[2021-11-07T21:07:32.623-0800][gc,start    ] GC(199) Pause Young (Normal) (G1 Evacuation Pause)
[2021-11-07T21:07:32.623-0800][gc,task     ] GC(199) Using 8 workers of 8 for evacuation
[2021-11-07T21:07:32.665-0800][gc,mmu      ] GC(199) MMU target violated: 21.0ms (20.0ms/21.0ms)
[2021-11-07T21:07:32.665-0800][gc,phases   ] GC(199)   Pre Evacuate Collection Set: 0.6ms
[2021-11-07T21:07:32.665-0800][gc,phases   ] GC(199)   Merge Heap Roots: 0.3ms
[2021-11-07T21:07:32.666-0800][gc,phases   ] GC(199)   Evacuate Collection Set: 33.4ms
[2021-11-07T21:07:32.666-0800][gc,phases   ] GC(199)   Post Evacuate Collection Set: 7.4ms
[2021-11-07T21:07:32.666-0800][gc,phases   ] GC(199)   Other: 1.1ms
[2021-11-07T21:07:32.666-0800][gc,heap     ] GC(199) Eden regions: 433->0(89)
[2021-11-07T21:07:32.666-0800][gc,heap     ] GC(199) Survivor regions: 3->3(55)
[2021-11-07T21:07:32.666-0800][gc,heap     ] GC(199) Old regions: 101->101
[2021-11-07T21:07:32.666-0800][gc,heap     ] GC(199) Archive regions: 2->2
[2021-11-07T21:07:32.666-0800][gc,heap     ] GC(199) Humongous regions: 129->129
[2021-11-07T21:07:32.666-0800][gc,metaspace] GC(199) Metaspace: 40367K(40896K)->40367K(40896K) NonClass: 35741K(36032K)->35741K(36032K) Class: 4625K(4864K)->4625K(4864K)
[2021-11-07T21:07:32.666-0800][gc          ] GC(199) Pause Young (Normal) (G1 Evacuation Pause) 666M->232M(1024M) 42.911ms
[2021-11-07T21:07:32.666-0800][gc,cpu      ] GC(199) User=0.02s Sys=0.04s Real=0.04s
[2021-11-07T21:09:05.928-0800][gc,start    ] GC(200) Pause Young (Normal) (G1 Evacuation Pause)
[2021-11-07T21:09:05.929-0800][gc,task     ] GC(200) Using 8 workers of 8 for evacuation
[2021-11-07T21:09:05.949-0800][gc,phases   ] GC(200)   Pre Evacuate Collection Set: 0.7ms
[2021-11-07T21:09:05.949-0800][gc,phases   ] GC(200)   Merge Heap Roots: 0.2ms
[2021-11-07T21:09:05.949-0800][gc,phases   ] GC(200)   Evacuate Collection Set: 16.7ms
[2021-11-07T21:09:05.949-0800][gc,phases   ] GC(200)   Post Evacuate Collection Set: 1.5ms
[2021-11-07T21:09:05.949-0800][gc,phases   ] GC(200)   Other: 1.7ms
[2021-11-07T21:09:05.949-0800][gc,heap     ] GC(200) Eden regions: 89->0(132)
[2021-11-07T21:09:05.949-0800][gc,heap     ] GC(200) Survivor regions: 3->3(12)
[2021-11-07T21:09:05.949-0800][gc,heap     ] GC(200) Old regions: 101->101
[2021-11-07T21:09:05.949-0800][gc,heap     ] GC(200) Archive regions: 2->2
[2021-11-07T21:09:05.949-0800][gc,heap     ] GC(200) Humongous regions: 129->129
[2021-11-07T21:09:05.949-0800][gc,metaspace] GC(200) Metaspace: 40367K(40896K)->40367K(40896K) NonClass: 35741K(36032K)->35741K(36032K) Class: 4625K(4864K)->4625K(4864K)
[2021-11-07T21:09:05.949-0800][gc          ] GC(200) Pause Young (Normal) (G1 Evacuation Pause) 321M->233M(1024M) 21.249ms
[2021-11-07T21:09:05.949-0800][gc,cpu      ] GC(200) User=0.02s Sys=0.02s Real=0.02s
[2021-11-07T21:11:24.645-0800][gc,start    ] GC(201) Pause Young (Normal) (G1 Evacuation Pause)
[2021-11-07T21:11:24.647-0800][gc,task     ] GC(201) Using 8 workers of 8 for evacuation
[2021-11-07T21:11:24.666-0800][gc,phases   ] GC(201)   Pre Evacuate Collection Set: 1.4ms
[2021-11-07T21:11:24.666-0800][gc,phases   ] GC(201)   Merge Heap Roots: 0.4ms
[2021-11-07T21:11:24.666-0800][gc,phases   ] GC(201)   Evacuate Collection Set: 14.9ms
[2021-11-07T21:11:24.666-0800][gc,phases   ] GC(201)   Post Evacuate Collection Set: 1.4ms
[2021-11-07T21:11:24.666-0800][gc,phases   ] GC(201)   Other: 2.6ms
[2021-11-07T21:11:24.666-0800][gc,heap     ] GC(201) Eden regions: 132->0(121)
[2021-11-07T21:11:24.666-0800][gc,heap     ] GC(201) Survivor regions: 3->4(17)
[2021-11-07T21:11:24.666-0800][gc,heap     ] GC(201) Old regions: 101->101
[2021-11-07T21:11:24.666-0800][gc,heap     ] GC(201) Archive regions: 2->2
[2021-11-07T21:11:24.666-0800][gc,heap     ] GC(201) Humongous regions: 129->129
[2021-11-07T21:11:24.666-0800][gc,metaspace] GC(201) Metaspace: 40367K(40896K)->40367K(40896K) NonClass: 35741K(36032K)->35741K(36032K) Class: 4625K(4864K)->4625K(4864K)
[2021-11-07T21:11:24.666-0800][gc          ] GC(201) Pause Young (Normal) (G1 Evacuation Pause) 365M->234M(1024M) 20.890ms
[2021-11-07T21:11:24.666-0800][gc,cpu      ] GC(201) User=0.03s Sys=0.02s Real=0.02s
[2021-11-07T21:13:31.561-0800][gc,start    ] GC(202) Pause Young (Normal) (G1 Evacuation Pause)
[2021-11-07T21:13:31.563-0800][gc,task     ] GC(202) Using 8 workers of 8 for evacuation
[2021-11-07T21:13:31.586-0800][gc,mmu      ] GC(202) MMU target violated: 21.0ms (20.0ms/21.0ms)
[2021-11-07T21:13:31.586-0800][gc,phases   ] GC(202)   Pre Evacuate Collection Set: 1.2ms
[2021-11-07T21:13:31.586-0800][gc,phases   ] GC(202)   Merge Heap Roots: 0.2ms
[2021-11-07T21:13:31.586-0800][gc,phases   ] GC(202)   Evacuate Collection Set: 19.8ms
[2021-11-07T21:13:31.586-0800][gc,phases   ] GC(202)   Post Evacuate Collection Set: 1.5ms
[2021-11-07T21:13:31.586-0800][gc,phases   ] GC(202)   Other: 2.7ms
[2021-11-07T21:13:31.586-0800][gc,heap     ] GC(202) Eden regions: 121->0(253)
[2021-11-07T21:13:31.586-0800][gc,heap     ] GC(202) Survivor regions: 4->4(16)
[2021-11-07T21:13:31.586-0800][gc,heap     ] GC(202) Old regions: 101->101
[2021-11-07T21:13:31.586-0800][gc,heap     ] GC(202) Archive regions: 2->2
[2021-11-07T21:13:31.586-0800][gc,heap     ] GC(202) Humongous regions: 129->129
[2021-11-07T21:13:31.586-0800][gc,metaspace] GC(202) Metaspace: 40367K(40896K)->40367K(40896K) NonClass: 35741K(36032K)->35741K(36032K) Class: 4625K(4864K)->4625K(4864K)
[2021-11-07T21:13:31.586-0800][gc          ] GC(202) Pause Young (Normal) (G1 Evacuation Pause) 355M->233M(1024M) 25.683ms
[2021-11-07T21:13:31.587-0800][gc,cpu      ] GC(202) User=0.02s Sys=0.03s Real=0.02s
[2021-11-07T21:17:57.488-0800][gc,start    ] GC(203) Pause Young (Normal) (G1 Evacuation Pause)
[2021-11-07T21:17:57.489-0800][gc,task     ] GC(203) Using 8 workers of 8 for evacuation
[2021-11-07T21:17:57.513-0800][gc,mmu      ] GC(203) MMU target violated: 21.0ms (20.0ms/21.0ms)
[2021-11-07T21:17:57.513-0800][gc,phases   ] GC(203)   Pre Evacuate Collection Set: 1.4ms
[2021-11-07T21:17:57.513-0800][gc,phases   ] GC(203)   Merge Heap Roots: 0.5ms
[2021-11-07T21:17:57.513-0800][gc,phases   ] GC(203)   Evacuate Collection Set: 17.9ms
[2021-11-07T21:17:57.513-0800][gc,phases   ] GC(203)   Post Evacuate Collection Set: 2.8ms
[2021-11-07T21:17:57.513-0800][gc,phases   ] GC(203)   Other: 2.3ms
[2021-11-07T21:17:57.513-0800][gc,heap     ] GC(203) Eden regions: 253->0(313)
[2021-11-07T21:17:57.513-0800][gc,heap     ] GC(203) Survivor regions: 4->4(33)
[2021-11-07T21:17:57.513-0800][gc,heap     ] GC(203) Old regions: 101->101
[2021-11-07T21:17:57.513-0800][gc,heap     ] GC(203) Archive regions: 2->2
[2021-11-07T21:17:57.513-0800][gc,heap     ] GC(203) Humongous regions: 129->129
[2021-11-07T21:17:57.513-0800][gc,metaspace] GC(203) Metaspace: 40367K(40896K)->40367K(40896K) NonClass: 35741K(36032K)->35741K(36032K) Class: 4625K(4864K)->4625K(4864K)
[2021-11-07T21:17:57.514-0800][gc          ] GC(203) Pause Young (Normal) (G1 Evacuation Pause) 486M->234M(1024M) 25.185ms
[2021-11-07T21:17:57.514-0800][gc,cpu      ] GC(203) User=0.04s Sys=0.04s Real=0.03s
[2021-11-07T21:23:27.193-0800][gc,start    ] GC(204) Pause Young (Normal) (G1 Evacuation Pause)
[2021-11-07T21:23:27.207-0800][gc,task     ] GC(204) Using 8 workers of 8 for evacuation
[2021-11-07T21:23:27.238-0800][gc,mmu      ] GC(204) MMU target violated: 21.0ms (20.0ms/21.0ms)
[2021-11-07T21:23:27.255-0800][gc,phases   ] GC(204)   Pre Evacuate Collection Set: 2.4ms
[2021-11-07T21:23:27.255-0800][gc,phases   ] GC(204)   Merge Heap Roots: 0.6ms
[2021-11-07T21:23:27.255-0800][gc,phases   ] GC(204)   Evacuate Collection Set: 17.5ms
[2021-11-07T21:23:27.255-0800][gc,phases   ] GC(204)   Post Evacuate Collection Set: 2.6ms
[2021-11-07T21:23:27.255-0800][gc,phases   ] GC(204)   Other: 39.1ms
[2021-11-07T21:23:27.255-0800][gc,heap     ] GC(204) Eden regions: 313->0(234)
[2021-11-07T21:23:27.255-0800][gc,heap     ] GC(204) Survivor regions: 4->3(40)
[2021-11-07T21:23:27.255-0800][gc,heap     ] GC(204) Old regions: 101->101
[2021-11-07T21:23:27.255-0800][gc,heap     ] GC(204) Archive regions: 2->2
[2021-11-07T21:23:27.255-0800][gc,heap     ] GC(204) Humongous regions: 129->129
[2021-11-07T21:23:27.255-0800][gc,metaspace] GC(204) Metaspace: 40367K(40896K)->40367K(40896K) NonClass: 35741K(36032K)->35741K(36032K) Class: 4625K(4864K)->4625K(4864K)
[2021-11-07T21:23:27.255-0800][gc          ] GC(204) Pause Young (Normal) (G1 Evacuation Pause) 547M->233M(1024M) 62.477ms
[2021-11-07T21:23:27.255-0800][gc,cpu      ] GC(204) User=0.03s Sys=0.03s Real=0.06s
[2021-11-07T21:27:33.679-0800][gc,start    ] GC(205) Pause Young (Normal) (G1 Evacuation Pause)
[2021-11-07T21:27:33.682-0800][gc,task     ] GC(205) Using 8 workers of 8 for evacuation
[2021-11-07T21:27:33.699-0800][gc,phases   ] GC(205)   Pre Evacuate Collection Set: 1.5ms
[2021-11-07T21:27:33.699-0800][gc,phases   ] GC(205)   Merge Heap Roots: 0.5ms
[2021-11-07T21:27:33.699-0800][gc,phases   ] GC(205)   Evacuate Collection Set: 12.9ms
[2021-11-07T21:27:33.699-0800][gc,phases   ] GC(205)   Post Evacuate Collection Set: 1.7ms
[2021-11-07T21:27:33.699-0800][gc,phases   ] GC(205)   Other: 2.9ms
[2021-11-07T21:27:33.699-0800][gc,heap     ] GC(205) Eden regions: 234->0(459)
[2021-11-07T21:27:33.699-0800][gc,heap     ] GC(205) Survivor regions: 3->3(30)
[2021-11-07T21:27:33.699-0800][gc,heap     ] GC(205) Old regions: 101->101
[2021-11-07T21:27:33.699-0800][gc,heap     ] GC(205) Archive regions: 2->2
[2021-11-07T21:27:33.699-0800][gc,heap     ] GC(205) Humongous regions: 129->129
[2021-11-07T21:27:33.699-0800][gc,metaspace] GC(205) Metaspace: 40367K(40896K)->40367K(40896K) NonClass: 35741K(36032K)->35741K(36032K) Class: 4625K(4864K)->4625K(4864K)
[2021-11-07T21:27:33.699-0800][gc          ] GC(205) Pause Young (Normal) (G1 Evacuation Pause) 467M->232M(1024M) 19.722ms
[2021-11-07T21:27:33.699-0800][gc,cpu      ] GC(205) User=0.02s Sys=0.03s Real=0.02s
[2021-11-07T21:35:38.265-0800][gc,start    ] GC(206) Pause Young (Normal) (G1 Evacuation Pause)
[2021-11-07T21:35:38.278-0800][gc,task     ] GC(206) Using 8 workers of 8 for evacuation
[2021-11-07T21:35:38.297-0800][gc,phases   ] GC(206)   Pre Evacuate Collection Set: 0.5ms
[2021-11-07T21:35:38.316-0800][gc,phases   ] GC(206)   Merge Heap Roots: 0.3ms
[2021-11-07T21:35:38.317-0800][gc,phases   ] GC(206)   Evacuate Collection Set: 15.1ms
[2021-11-07T21:35:38.317-0800][gc,phases   ] GC(206)   Post Evacuate Collection Set: 2.6ms
[2021-11-07T21:35:38.317-0800][gc,phases   ] GC(206)   Other: 13.7ms
[2021-11-07T21:35:38.317-0800][gc,heap     ] GC(206) Eden regions: 459->0(510)
[2021-11-07T21:35:38.317-0800][gc,heap     ] GC(206) Survivor regions: 3->3(58)
[2021-11-07T21:35:38.317-0800][gc,heap     ] GC(206) Old regions: 101->101
[2021-11-07T21:35:38.317-0800][gc,heap     ] GC(206) Archive regions: 2->2
[2021-11-07T21:35:38.317-0800][gc,heap     ] GC(206) Humongous regions: 129->129
[2021-11-07T21:35:38.317-0800][gc,metaspace] GC(206) Metaspace: 40367K(40896K)->40367K(40896K) NonClass: 35741K(36032K)->35741K(36032K) Class: 4625K(4864K)->4625K(4864K)
[2021-11-07T21:35:38.317-0800][gc          ] GC(206) Pause Young (Normal) (G1 Evacuation Pause) 691M->233M(1024M) 51.952ms
[2021-11-07T21:35:38.317-0800][gc,cpu      ] GC(206) User=0.03s Sys=0.03s Real=0.05s
[2021-11-07T21:44:43.878-0800][gc,start    ] GC(207) Pause Young (Normal) (G1 Evacuation Pause)
[2021-11-07T21:44:43.881-0800][gc,task     ] GC(207) Using 8 workers of 8 for evacuation
[2021-11-07T21:44:43.904-0800][gc,mmu      ] GC(207) MMU target violated: 21.0ms (20.0ms/21.0ms)
[2021-11-07T21:44:43.904-0800][gc,phases   ] GC(207)   Pre Evacuate Collection Set: 1.1ms
[2021-11-07T21:44:43.904-0800][gc,phases   ] GC(207)   Merge Heap Roots: 0.5ms
[2021-11-07T21:44:43.904-0800][gc,phases   ] GC(207)   Evacuate Collection Set: 19.0ms
[2021-11-07T21:44:43.904-0800][gc,phases   ] GC(207)   Post Evacuate Collection Set: 2.0ms
[2021-11-07T21:44:43.904-0800][gc,phases   ] GC(207)   Other: 3.2ms
[2021-11-07T21:44:43.904-0800][gc,heap     ] GC(207) Eden regions: 510->0(611)
[2021-11-07T21:44:43.904-0800][gc,heap     ] GC(207) Survivor regions: 3->3(65)
[2021-11-07T21:44:43.904-0800][gc,heap     ] GC(207) Old regions: 101->101
[2021-11-07T21:44:43.904-0800][gc,heap     ] GC(207) Archive regions: 2->2
[2021-11-07T21:44:43.904-0800][gc,heap     ] GC(207) Humongous regions: 129->129
[2021-11-07T21:44:43.904-0800][gc,metaspace] GC(207) Metaspace: 40367K(40896K)->40367K(40896K) NonClass: 35741K(36032K)->35741K(36032K) Class: 4625K(4864K)->4625K(4864K)
[2021-11-07T21:44:43.904-0800][gc          ] GC(207) Pause Young (Normal) (G1 Evacuation Pause) 743M->233M(1024M) 25.820ms
[2021-11-07T21:44:43.904-0800][gc,cpu      ] GC(207) User=0.02s Sys=0.04s Real=0.03s
[2021-11-07T21:55:34.846-0800][gc,start    ] GC(208) Pause Young (Normal) (G1 Evacuation Pause)
[2021-11-07T21:55:34.847-0800][gc,task     ] GC(208) Using 8 workers of 8 for evacuation
[2021-11-07T21:55:34.878-0800][gc,mmu      ] GC(208) MMU target violated: 21.0ms (20.0ms/21.0ms)
[2021-11-07T21:55:34.878-0800][gc,phases   ] GC(208)   Pre Evacuate Collection Set: 0.6ms
[2021-11-07T21:55:34.878-0800][gc,phases   ] GC(208)   Merge Heap Roots: 0.2ms
[2021-11-07T21:55:34.878-0800][gc,phases   ] GC(208)   Evacuate Collection Set: 24.1ms
[2021-11-07T21:55:34.878-0800][gc,phases   ] GC(208)   Post Evacuate Collection Set: 5.3ms
[2021-11-07T21:55:34.878-0800][gc,phases   ] GC(208)   Other: 1.8ms
[2021-11-07T21:55:34.878-0800][gc,heap     ] GC(208) Eden regions: 611->0(509)
[2021-11-07T21:55:34.878-0800][gc,heap     ] GC(208) Survivor regions: 3->3(77)
[2021-11-07T21:55:34.878-0800][gc,heap     ] GC(208) Old regions: 101->101
[2021-11-07T21:55:34.878-0800][gc,heap     ] GC(208) Archive regions: 2->2
[2021-11-07T21:55:34.878-0800][gc,heap     ] GC(208) Humongous regions: 129->129
[2021-11-07T21:55:34.878-0800][gc,metaspace] GC(208) Metaspace: 40367K(40896K)->40367K(40896K) NonClass: 35741K(36032K)->35741K(36032K) Class: 4625K(4864K)->4625K(4864K)
[2021-11-07T21:55:34.878-0800][gc          ] GC(208) Pause Young (Normal) (G1 Evacuation Pause) 844M->233M(1024M) 32.101ms
[2021-11-07T21:55:34.878-0800][gc,cpu      ] GC(208) User=0.03s Sys=0.03s Real=0.03s
[2021-11-07T22:04:30.171-0800][gc,start    ] GC(209) Pause Young (Normal) (G1 Evacuation Pause)
[2021-11-07T22:04:30.172-0800][gc,task     ] GC(209) Using 8 workers of 8 for evacuation
[2021-11-07T22:04:30.194-0800][gc,mmu      ] GC(209) MMU target violated: 20.9ms (20.0ms/21.0ms)
[2021-11-07T22:04:30.194-0800][gc,phases   ] GC(209)   Pre Evacuate Collection Set: 1.2ms
[2021-11-07T22:04:30.194-0800][gc,phases   ] GC(209)   Merge Heap Roots: 0.6ms
[2021-11-07T22:04:30.194-0800][gc,phases   ] GC(209)   Evacuate Collection Set: 16.8ms
[2021-11-07T22:04:30.194-0800][gc,phases   ] GC(209)   Post Evacuate Collection Set: 2.5ms
[2021-11-07T22:04:30.194-0800][gc,phases   ] GC(209)   Other: 2.8ms
[2021-11-07T22:04:30.194-0800][gc,heap     ] GC(209) Eden regions: 509->0(611)
[2021-11-07T22:04:30.194-0800][gc,heap     ] GC(209) Survivor regions: 3->3(64)
[2021-11-07T22:04:30.194-0800][gc,heap     ] GC(209) Old regions: 101->101
[2021-11-07T22:04:30.194-0800][gc,heap     ] GC(209) Archive regions: 2->2
[2021-11-07T22:04:30.194-0800][gc,heap     ] GC(209) Humongous regions: 129->129
[2021-11-07T22:04:30.194-0800][gc,metaspace] GC(209) Metaspace: 40367K(40896K)->40367K(40896K) NonClass: 35742K(36032K)->35742K(36032K) Class: 4625K(4864K)->4625K(4864K)
[2021-11-07T22:04:30.194-0800][gc          ] GC(209) Pause Young (Normal) (G1 Evacuation Pause) 742M->233M(1024M) 23.881ms
[2021-11-07T22:04:30.195-0800][gc,cpu      ] GC(209) User=0.02s Sys=0.03s Real=0.02s
[2021-11-08T17:56:24.443-0800][gc,start    ] GC(210) Pause Young (Normal) (G1 Evacuation Pause)
[2021-11-08T17:56:24.445-0800][gc,task     ] GC(210) Using 8 workers of 8 for evacuation
[2021-11-08T17:56:24.854-0800][gc,mmu      ] GC(210) MMU target violated: 21.0ms (20.0ms/21.0ms)
[2021-11-08T17:56:24.854-0800][gc,phases   ] GC(210)   Pre Evacuate Collection Set: 13.8ms
[2021-11-08T17:56:24.854-0800][gc,phases   ] GC(210)   Merge Heap Roots: 0.4ms
[2021-11-08T17:56:24.854-0800][gc,phases   ] GC(210)   Evacuate Collection Set: 385.6ms
[2021-11-08T17:56:24.854-0800][gc,phases   ] GC(210)   Post Evacuate Collection Set: 6.4ms
[2021-11-08T17:56:24.854-0800][gc,phases   ] GC(210)   Other: 5.5ms
[2021-11-08T17:56:24.854-0800][gc,heap     ] GC(210) Eden regions: 611->0(48)
[2021-11-08T17:56:24.854-0800][gc,heap     ] GC(210) Survivor regions: 3->3(77)
[2021-11-08T17:56:24.854-0800][gc,heap     ] GC(210) Old regions: 101->101
[2021-11-08T17:56:24.854-0800][gc,heap     ] GC(210) Archive regions: 2->2
[2021-11-08T17:56:24.854-0800][gc,heap     ] GC(210) Humongous regions: 129->129
[2021-11-08T17:56:24.854-0800][gc,metaspace] GC(210) Metaspace: 40456K(40960K)->40456K(40960K) NonClass: 35831K(36096K)->35831K(36096K) Class: 4625K(4864K)->4625K(4864K)
[2021-11-08T17:56:24.854-0800][gc          ] GC(210) Pause Young (Normal) (G1 Evacuation Pause) 844M->233M(1024M) 410.666ms
[2021-11-08T17:56:24.854-0800][gc,cpu      ] GC(210) User=0.32s Sys=0.16s Real=0.41s
[2021-11-08T17:57:21.467-0800][gc,start    ] GC(211) Pause Young (Normal) (G1 Evacuation Pause)
[2021-11-08T17:57:21.467-0800][gc,task     ] GC(211) Using 8 workers of 8 for evacuation
[2021-11-08T17:57:21.489-0800][gc,mmu      ] GC(211) MMU target violated: 21.0ms (20.0ms/21.0ms)
[2021-11-08T17:57:21.490-0800][gc,phases   ] GC(211)   Pre Evacuate Collection Set: 0.8ms
[2021-11-08T17:57:21.490-0800][gc,phases   ] GC(211)   Merge Heap Roots: 0.3ms
[2021-11-08T17:57:21.490-0800][gc,phases   ] GC(211)   Evacuate Collection Set: 18.6ms
[2021-11-08T17:57:21.490-0800][gc,phases   ] GC(211)   Post Evacuate Collection Set: 2.7ms
[2021-11-08T17:57:21.490-0800][gc,phases   ] GC(211)   Other: 0.8ms
[2021-11-08T17:57:21.490-0800][gc,heap     ] GC(211) Eden regions: 48->0(48)
[2021-11-08T17:57:21.490-0800][gc,heap     ] GC(211) Survivor regions: 3->3(7)
[2021-11-08T17:57:21.490-0800][gc,heap     ] GC(211) Old regions: 101->101
[2021-11-08T17:57:21.490-0800][gc,heap     ] GC(211) Archive regions: 2->2
[2021-11-08T17:57:21.490-0800][gc,heap     ] GC(211) Humongous regions: 129->129
[2021-11-08T17:57:21.490-0800][gc,metaspace] GC(211) Metaspace: 40456K(40960K)->40456K(40960K) NonClass: 35831K(36096K)->35831K(36096K) Class: 4625K(4864K)->4625K(4864K)
[2021-11-08T17:57:21.490-0800][gc          ] GC(211) Pause Young (Normal) (G1 Evacuation Pause) 281M->233M(1024M) 23.598ms
[2021-11-08T17:57:21.490-0800][gc,cpu      ] GC(211) User=0.02s Sys=0.03s Real=0.03s
[2021-11-08T17:58:18.383-0800][gc,start    ] GC(212) Pause Young (Normal) (G1 Evacuation Pause)
[2021-11-08T17:58:18.383-0800][gc,task     ] GC(212) Using 8 workers of 8 for evacuation
[2021-11-08T17:58:18.418-0800][gc,mmu      ] GC(212) MMU target violated: 21.0ms (20.0ms/21.0ms)
[2021-11-08T17:58:18.418-0800][gc,phases   ] GC(212)   Pre Evacuate Collection Set: 1.1ms
[2021-11-08T17:58:18.418-0800][gc,phases   ] GC(212)   Merge Heap Roots: 0.3ms
[2021-11-08T17:58:18.418-0800][gc,phases   ] GC(212)   Evacuate Collection Set: 29.5ms
[2021-11-08T17:58:18.418-0800][gc,phases   ] GC(212)   Post Evacuate Collection Set: 3.5ms
[2021-11-08T17:58:18.418-0800][gc,phases   ] GC(212)   Other: 1.3ms
[2021-11-08T17:58:18.418-0800][gc,heap     ] GC(212) Eden regions: 48->0(47)
[2021-11-08T17:58:18.418-0800][gc,heap     ] GC(212) Survivor regions: 3->4(7)
[2021-11-08T17:58:18.418-0800][gc,heap     ] GC(212) Old regions: 101->101
[2021-11-08T17:58:18.418-0800][gc,heap     ] GC(212) Archive regions: 2->2
[2021-11-08T17:58:18.418-0800][gc,heap     ] GC(212) Humongous regions: 129->129
[2021-11-08T17:58:18.418-0800][gc,metaspace] GC(212) Metaspace: 40456K(40960K)->40456K(40960K) NonClass: 35831K(36096K)->35831K(36096K) Class: 4625K(4864K)->4625K(4864K)
[2021-11-08T17:58:18.418-0800][gc          ] GC(212) Pause Young (Normal) (G1 Evacuation Pause) 281M->234M(1024M) 35.838ms
[2021-11-08T17:58:18.419-0800][gc,cpu      ] GC(212) User=0.03s Sys=0.04s Real=0.03s
[2021-11-08T17:59:14.016-0800][gc,start    ] GC(213) Pause Young (Normal) (G1 Evacuation Pause)
[2021-11-08T17:59:14.017-0800][gc,task     ] GC(213) Using 8 workers of 8 for evacuation
[2021-11-08T17:59:14.035-0800][gc,phases   ] GC(213)   Pre Evacuate Collection Set: 1.2ms
[2021-11-08T17:59:14.035-0800][gc,phases   ] GC(213)   Merge Heap Roots: 0.3ms
[2021-11-08T17:59:14.035-0800][gc,phases   ] GC(213)   Evacuate Collection Set: 14.2ms
[2021-11-08T17:59:14.035-0800][gc,phases   ] GC(213)   Post Evacuate Collection Set: 1.4ms
[2021-11-08T17:59:14.035-0800][gc,phases   ] GC(213)   Other: 1.6ms
[2021-11-08T17:59:14.035-0800][gc,heap     ] GC(213) Eden regions: 47->0(47)
[2021-11-08T17:59:14.035-0800][gc,heap     ] GC(213) Survivor regions: 4->4(7)
[2021-11-08T17:59:14.035-0800][gc,heap     ] GC(213) Old regions: 101->101
[2021-11-08T17:59:14.035-0800][gc,heap     ] GC(213) Archive regions: 2->2
[2021-11-08T17:59:14.035-0800][gc,heap     ] GC(213) Humongous regions: 129->129
[2021-11-08T17:59:14.035-0800][gc,metaspace] GC(213) Metaspace: 40456K(40960K)->40456K(40960K) NonClass: 35831K(36096K)->35831K(36096K) Class: 4625K(4864K)->4625K(4864K)
[2021-11-08T17:59:14.035-0800][gc          ] GC(213) Pause Young (Normal) (G1 Evacuation Pause) 281M->234M(1024M) 18.971ms
[2021-11-08T17:59:14.035-0800][gc,cpu      ] GC(213) User=0.03s Sys=0.02s Real=0.02s
[2021-11-08T18:00:09.868-0800][gc,start    ] GC(214) Pause Young (Normal) (G1 Evacuation Pause)
[2021-11-08T18:00:09.869-0800][gc,task     ] GC(214) Using 8 workers of 8 for evacuation
[2021-11-08T18:00:09.882-0800][gc,phases   ] GC(214)   Pre Evacuate Collection Set: 0.7ms
[2021-11-08T18:00:09.882-0800][gc,phases   ] GC(214)   Merge Heap Roots: 0.2ms
[2021-11-08T18:00:09.882-0800][gc,phases   ] GC(214)   Evacuate Collection Set: 10.3ms
[2021-11-08T18:00:09.882-0800][gc,phases   ] GC(214)   Post Evacuate Collection Set: 1.3ms
[2021-11-08T18:00:09.882-0800][gc,phases   ] GC(214)   Other: 0.8ms
[2021-11-08T18:00:09.882-0800][gc,heap     ] GC(214) Eden regions: 47->0(47)
[2021-11-08T18:00:09.882-0800][gc,heap     ] GC(214) Survivor regions: 4->4(7)
[2021-11-08T18:00:09.882-0800][gc,heap     ] GC(214) Old regions: 101->101
[2021-11-08T18:00:09.882-0800][gc,heap     ] GC(214) Archive regions: 2->2
[2021-11-08T18:00:09.882-0800][gc,heap     ] GC(214) Humongous regions: 129->129
[2021-11-08T18:00:09.882-0800][gc,metaspace] GC(214) Metaspace: 40456K(40960K)->40456K(40960K) NonClass: 35831K(36096K)->35831K(36096K) Class: 4625K(4864K)->4625K(4864K)
[2021-11-08T18:00:09.882-0800][gc          ] GC(214) Pause Young (Normal) (G1 Evacuation Pause) 281M->233M(1024M) 13.525ms
[2021-11-08T18:00:09.882-0800][gc,cpu      ] GC(214) User=0.02s Sys=0.01s Real=0.02s
[2021-11-08T18:01:06.822-0800][gc,start    ] GC(215) Pause Young (Normal) (G1 Evacuation Pause)
[2021-11-08T18:01:06.825-0800][gc,task     ] GC(215) Using 8 workers of 8 for evacuation
[2021-11-08T18:01:06.851-0800][gc,mmu      ] GC(215) MMU target violated: 21.0ms (20.0ms/21.0ms)
[2021-11-08T18:01:06.851-0800][gc,phases   ] GC(215)   Pre Evacuate Collection Set: 1.2ms
[2021-11-08T18:01:06.851-0800][gc,phases   ] GC(215)   Merge Heap Roots: 0.4ms
[2021-11-08T18:01:06.851-0800][gc,phases   ] GC(215)   Evacuate Collection Set: 22.8ms
[2021-11-08T18:01:06.851-0800][gc,phases   ] GC(215)   Post Evacuate Collection Set: 1.6ms
[2021-11-08T18:01:06.851-0800][gc,phases   ] GC(215)   Other: 2.9ms
[2021-11-08T18:01:06.851-0800][gc,heap     ] GC(215) Eden regions: 47->0(51)
[2021-11-08T18:01:06.851-0800][gc,heap     ] GC(215) Survivor regions: 4->3(7)
[2021-11-08T18:01:06.851-0800][gc,heap     ] GC(215) Old regions: 101->101
[2021-11-08T18:01:06.851-0800][gc,heap     ] GC(215) Archive regions: 2->2
[2021-11-08T18:01:06.851-0800][gc,heap     ] GC(215) Humongous regions: 129->129
[2021-11-08T18:01:06.851-0800][gc,metaspace] GC(215) Metaspace: 40456K(40960K)->40456K(40960K) NonClass: 35831K(36096K)->35831K(36096K) Class: 4625K(4864K)->4625K(4864K)
[2021-11-08T18:01:06.852-0800][gc          ] GC(215) Pause Young (Normal) (G1 Evacuation Pause) 280M->233M(1024M) 29.082ms
[2021-11-08T18:01:06.852-0800][gc,cpu      ] GC(215) User=0.02s Sys=0.04s Real=0.03s
[2021-11-08T18:02:08.003-0800][gc,start    ] GC(216) Pause Young (Normal) (G1 Evacuation Pause)
[2021-11-08T18:02:08.005-0800][gc,task     ] GC(216) Using 8 workers of 8 for evacuation
[2021-11-08T18:02:08.034-0800][gc,mmu      ] GC(216) MMU target violated: 21.0ms (20.0ms/21.0ms)
[2021-11-08T18:02:08.034-0800][gc,phases   ] GC(216)   Pre Evacuate Collection Set: 1.2ms
[2021-11-08T18:02:08.034-0800][gc,phases   ] GC(216)   Merge Heap Roots: 0.2ms
[2021-11-08T18:02:08.034-0800][gc,phases   ] GC(216)   Evacuate Collection Set: 25.2ms
[2021-11-08T18:02:08.034-0800][gc,phases   ] GC(216)   Post Evacuate Collection Set: 2.2ms
[2021-11-08T18:02:08.034-0800][gc,phases   ] GC(216)   Other: 2.0ms
[2021-11-08T18:02:08.034-0800][gc,heap     ] GC(216) Eden regions: 51->0(55)
[2021-11-08T18:02:08.034-0800][gc,heap     ] GC(216) Survivor regions: 3->3(7)
[2021-11-08T18:02:08.034-0800][gc,heap     ] GC(216) Old regions: 101->101
[2021-11-08T18:02:08.034-0800][gc,heap     ] GC(216) Archive regions: 2->2
[2021-11-08T18:02:08.034-0800][gc,heap     ] GC(216) Humongous regions: 129->129
[2021-11-08T18:02:08.034-0800][gc,metaspace] GC(216) Metaspace: 40456K(40960K)->40456K(40960K) NonClass: 35831K(36096K)->35831K(36096K) Class: 4625K(4864K)->4625K(4864K)
[2021-11-08T18:02:08.034-0800][gc          ] GC(216) Pause Young (Normal) (G1 Evacuation Pause) 284M->233M(1024M) 31.020ms
[2021-11-08T18:02:08.034-0800][gc,cpu      ] GC(216) User=0.02s Sys=0.04s Real=0.03s
[2021-11-08T18:03:13.393-0800][gc,start    ] GC(217) Pause Young (Normal) (G1 Evacuation Pause)
[2021-11-08T18:03:13.394-0800][gc,task     ] GC(217) Using 8 workers of 8 for evacuation
[2021-11-08T18:03:13.422-0800][gc,mmu      ] GC(217) MMU target violated: 21.0ms (20.0ms/21.0ms)
[2021-11-08T18:03:13.423-0800][gc,phases   ] GC(217)   Pre Evacuate Collection Set: 1.4ms
[2021-11-08T18:03:13.423-0800][gc,phases   ] GC(217)   Merge Heap Roots: 0.3ms
[2021-11-08T18:03:13.423-0800][gc,phases   ] GC(217)   Evacuate Collection Set: 24.6ms
[2021-11-08T18:03:13.423-0800][gc,phases   ] GC(217)   Post Evacuate Collection Set: 1.5ms
[2021-11-08T18:03:13.423-0800][gc,phases   ] GC(217)   Other: 1.6ms
[2021-11-08T18:03:13.423-0800][gc,heap     ] GC(217) Eden regions: 55->0(47)
[2021-11-08T18:03:13.423-0800][gc,heap     ] GC(217) Survivor regions: 3->4(8)
[2021-11-08T18:03:13.423-0800][gc,heap     ] GC(217) Old regions: 101->101
[2021-11-08T18:03:13.423-0800][gc,heap     ] GC(217) Archive regions: 2->2
[2021-11-08T18:03:13.423-0800][gc,heap     ] GC(217) Humongous regions: 129->129
[2021-11-08T18:03:13.423-0800][gc,metaspace] GC(217) Metaspace: 40456K(40960K)->40456K(40960K) NonClass: 35831K(36096K)->35831K(36096K) Class: 4625K(4864K)->4625K(4864K)
[2021-11-08T18:03:13.423-0800][gc          ] GC(217) Pause Young (Normal) (G1 Evacuation Pause) 288M->234M(1024M) 29.518ms
[2021-11-08T18:03:13.423-0800][gc,cpu      ] GC(217) User=0.02s Sys=0.03s Real=0.03s
[2021-11-08T18:04:09.219-0800][gc,start    ] GC(218) Pause Young (Normal) (G1 Evacuation Pause)
[2021-11-08T18:04:09.220-0800][gc,task     ] GC(218) Using 8 workers of 8 for evacuation
[2021-11-08T18:04:09.230-0800][gc,phases   ] GC(218)   Pre Evacuate Collection Set: 0.5ms
[2021-11-08T18:04:09.230-0800][gc,phases   ] GC(218)   Merge Heap Roots: 0.2ms
[2021-11-08T18:04:09.230-0800][gc,phases   ] GC(218)   Evacuate Collection Set: 8.5ms
[2021-11-08T18:04:09.230-0800][gc,phases   ] GC(218)   Post Evacuate Collection Set: 0.6ms
[2021-11-08T18:04:09.230-0800][gc,phases   ] GC(218)   Other: 1.1ms
[2021-11-08T18:04:09.230-0800][gc,heap     ] GC(218) Eden regions: 47->0(93)
[2021-11-08T18:04:09.230-0800][gc,heap     ] GC(218) Survivor regions: 4->4(7)
[2021-11-08T18:04:09.230-0800][gc,heap     ] GC(218) Old regions: 101->101
[2021-11-08T18:04:09.230-0800][gc,heap     ] GC(218) Archive regions: 2->2
[2021-11-08T18:04:09.230-0800][gc,heap     ] GC(218) Humongous regions: 129->129
[2021-11-08T18:04:09.230-0800][gc,metaspace] GC(218) Metaspace: 40456K(40960K)->40456K(40960K) NonClass: 35831K(36096K)->35831K(36096K) Class: 4625K(4864K)->4625K(4864K)
[2021-11-08T18:04:09.230-0800][gc          ] GC(218) Pause Young (Normal) (G1 Evacuation Pause) 281M->234M(1024M) 11.163ms
[2021-11-08T18:04:09.230-0800][gc,cpu      ] GC(218) User=0.01s Sys=0.01s Real=0.02s
[2021-11-08T18:06:00.436-0800][gc,start    ] GC(219) Pause Young (Normal) (G1 Evacuation Pause)
[2021-11-08T18:06:00.438-0800][gc,task     ] GC(219) Using 8 workers of 8 for evacuation
[2021-11-08T18:06:00.477-0800][gc,mmu      ] GC(219) MMU target violated: 21.0ms (20.0ms/21.0ms)
[2021-11-08T18:06:00.477-0800][gc,phases   ] GC(219)   Pre Evacuate Collection Set: 1.0ms
[2021-11-08T18:06:00.477-0800][gc,phases   ] GC(219)   Merge Heap Roots: 0.3ms
[2021-11-08T18:06:00.477-0800][gc,phases   ] GC(219)   Evacuate Collection Set: 35.5ms
[2021-11-08T18:06:00.477-0800][gc,phases   ] GC(219)   Post Evacuate Collection Set: 1.7ms
[2021-11-08T18:06:00.477-0800][gc,phases   ] GC(219)   Other: 2.7ms
[2021-11-08T18:06:00.477-0800][gc,heap     ] GC(219) Eden regions: 93->0(47)
[2021-11-08T18:06:00.477-0800][gc,heap     ] GC(219) Survivor regions: 4->4(13)
[2021-11-08T18:06:00.477-0800][gc,heap     ] GC(219) Old regions: 101->101
[2021-11-08T18:06:00.477-0800][gc,heap     ] GC(219) Archive regions: 2->2
[2021-11-08T18:06:00.477-0800][gc,heap     ] GC(219) Humongous regions: 129->129
[2021-11-08T18:06:00.477-0800][gc,metaspace] GC(219) Metaspace: 40456K(40960K)->40456K(40960K) NonClass: 35831K(36096K)->35831K(36096K) Class: 4625K(4864K)->4625K(4864K)
[2021-11-08T18:06:00.478-0800][gc          ] GC(219) Pause Young (Normal) (G1 Evacuation Pause) 327M->234M(1024M) 41.329ms
[2021-11-08T18:06:00.478-0800][gc,cpu      ] GC(219) User=0.03s Sys=0.05s Real=0.04s
[2021-11-08T18:06:56.282-0800][gc,start    ] GC(220) Pause Young (Normal) (G1 Evacuation Pause)
[2021-11-08T18:06:56.284-0800][gc,task     ] GC(220) Using 8 workers of 8 for evacuation
[2021-11-08T18:06:56.305-0800][gc,mmu      ] GC(220) MMU target violated: 20.7ms (20.0ms/21.0ms)
[2021-11-08T18:06:56.305-0800][gc,phases   ] GC(220)   Pre Evacuate Collection Set: 1.3ms
[2021-11-08T18:06:56.305-0800][gc,phases   ] GC(220)   Merge Heap Roots: 0.3ms
[2021-11-08T18:06:56.305-0800][gc,phases   ] GC(220)   Evacuate Collection Set: 17.2ms
[2021-11-08T18:06:56.305-0800][gc,phases   ] GC(220)   Post Evacuate Collection Set: 2.0ms
[2021-11-08T18:06:56.306-0800][gc,phases   ] GC(220)   Other: 2.6ms
[2021-11-08T18:06:56.306-0800][gc,heap     ] GC(220) Eden regions: 47->0(113)
[2021-11-08T18:06:56.306-0800][gc,heap     ] GC(220) Survivor regions: 4->3(7)
[2021-11-08T18:06:56.306-0800][gc,heap     ] GC(220) Old regions: 101->102
[2021-11-08T18:06:56.306-0800][gc,heap     ] GC(220) Archive regions: 2->2
[2021-11-08T18:06:56.306-0800][gc,heap     ] GC(220) Humongous regions: 129->129
[2021-11-08T18:06:56.306-0800][gc,metaspace] GC(220) Metaspace: 40456K(40960K)->40456K(40960K) NonClass: 35831K(36096K)->35831K(36096K) Class: 4625K(4864K)->4625K(4864K)
[2021-11-08T18:06:56.306-0800][gc          ] GC(220) Pause Young (Normal) (G1 Evacuation Pause) 281M->234M(1024M) 23.444ms
[2021-11-08T18:06:56.306-0800][gc,cpu      ] GC(220) User=0.03s Sys=0.03s Real=0.02s
[2021-11-08T18:09:10.268-0800][gc,start    ] GC(221) Pause Young (Normal) (G1 Evacuation Pause)
[2021-11-08T18:09:10.269-0800][gc,task     ] GC(221) Using 8 workers of 8 for evacuation
[2021-11-08T18:09:10.295-0800][gc,mmu      ] GC(221) MMU target violated: 21.0ms (20.0ms/21.0ms)
[2021-11-08T18:09:10.295-0800][gc,phases   ] GC(221)   Pre Evacuate Collection Set: 1.2ms
[2021-11-08T18:09:10.295-0800][gc,phases   ] GC(221)   Merge Heap Roots: 0.3ms
[2021-11-08T18:09:10.295-0800][gc,phases   ] GC(221)   Evacuate Collection Set: 22.3ms
[2021-11-08T18:09:10.295-0800][gc,phases   ] GC(221)   Post Evacuate Collection Set: 1.6ms
[2021-11-08T18:09:10.295-0800][gc,phases   ] GC(221)   Other: 1.5ms
[2021-11-08T18:09:10.295-0800][gc,heap     ] GC(221) Eden regions: 113->0(85)
[2021-11-08T18:09:10.295-0800][gc,heap     ] GC(221) Survivor regions: 3->4(15)
[2021-11-08T18:09:10.295-0800][gc,heap     ] GC(221) Old regions: 102->102
[2021-11-08T18:09:10.295-0800][gc,heap     ] GC(221) Archive regions: 2->2
[2021-11-08T18:09:10.295-0800][gc,heap     ] GC(221) Humongous regions: 129->129
[2021-11-08T18:09:10.295-0800][gc,metaspace] GC(221) Metaspace: 40456K(40960K)->40456K(40960K) NonClass: 35831K(36096K)->35831K(36096K) Class: 4625K(4864K)->4625K(4864K)
[2021-11-08T18:09:10.295-0800][gc          ] GC(221) Pause Young (Normal) (G1 Evacuation Pause) 347M->234M(1024M) 26.919ms
[2021-11-08T18:09:10.295-0800][gc,cpu      ] GC(221) User=0.02s Sys=0.05s Real=0.03s
[2021-11-08T18:10:51.498-0800][gc,start    ] GC(222) Pause Young (Normal) (G1 Evacuation Pause)
[2021-11-08T18:10:51.499-0800][gc,task     ] GC(222) Using 8 workers of 8 for evacuation
[2021-11-08T18:10:51.526-0800][gc,mmu      ] GC(222) MMU target violated: 21.0ms (20.0ms/21.0ms)
[2021-11-08T18:10:51.526-0800][gc,phases   ] GC(222)   Pre Evacuate Collection Set: 1.1ms
[2021-11-08T18:10:51.526-0800][gc,phases   ] GC(222)   Merge Heap Roots: 0.8ms
[2021-11-08T18:10:51.526-0800][gc,phases   ] GC(222)   Evacuate Collection Set: 20.9ms
[2021-11-08T18:10:51.526-0800][gc,phases   ] GC(222)   Post Evacuate Collection Set: 3.0ms
[2021-11-08T18:10:51.527-0800][gc,phases   ] GC(222)   Other: 2.5ms
[2021-11-08T18:10:51.527-0800][gc,heap     ] GC(222) Eden regions: 85->0(74)
[2021-11-08T18:10:51.527-0800][gc,heap     ] GC(222) Survivor regions: 4->4(12)
[2021-11-08T18:10:51.527-0800][gc,heap     ] GC(222) Old regions: 102->102
[2021-11-08T18:10:51.527-0800][gc,heap     ] GC(222) Archive regions: 2->2
[2021-11-08T18:10:51.527-0800][gc,heap     ] GC(222) Humongous regions: 129->129
[2021-11-08T18:10:51.527-0800][gc,metaspace] GC(222) Metaspace: 40456K(40960K)->40456K(40960K) NonClass: 35831K(36096K)->35831K(36096K) Class: 4625K(4864K)->4625K(4864K)
[2021-11-08T18:10:51.527-0800][gc          ] GC(222) Pause Young (Normal) (G1 Evacuation Pause) 319M->234M(1024M) 28.308ms
[2021-11-08T18:10:51.527-0800][gc,cpu      ] GC(222) User=0.03s Sys=0.02s Real=0.03s
[2021-11-08T18:12:19.560-0800][gc,start    ] GC(223) Pause Young (Normal) (G1 Evacuation Pause)
[2021-11-08T18:12:19.562-0800][gc,task     ] GC(223) Using 8 workers of 8 for evacuation
[2021-11-08T18:12:19.588-0800][gc,mmu      ] GC(223) MMU target violated: 21.0ms (20.0ms/21.0ms)
[2021-11-08T18:12:19.589-0800][gc,phases   ] GC(223)   Pre Evacuate Collection Set: 1.5ms
[2021-11-08T18:12:19.589-0800][gc,phases   ] GC(223)   Merge Heap Roots: 0.8ms
[2021-11-08T18:12:19.589-0800][gc,phases   ] GC(223)   Evacuate Collection Set: 22.0ms
[2021-11-08T18:12:19.589-0800][gc,phases   ] GC(223)   Post Evacuate Collection Set: 1.8ms
[2021-11-08T18:12:19.589-0800][gc,phases   ] GC(223)   Other: 2.2ms
[2021-11-08T18:12:19.589-0800][gc,heap     ] GC(223) Eden regions: 74->0(121)
[2021-11-08T18:12:19.589-0800][gc,heap     ] GC(223) Survivor regions: 4->4(10)
[2021-11-08T18:12:19.589-0800][gc,heap     ] GC(223) Old regions: 102->102
[2021-11-08T18:12:19.589-0800][gc,heap     ] GC(223) Archive regions: 2->2
[2021-11-08T18:12:19.589-0800][gc,heap     ] GC(223) Humongous regions: 129->129
[2021-11-08T18:12:19.589-0800][gc,metaspace] GC(223) Metaspace: 40456K(40960K)->40456K(40960K) NonClass: 35831K(36096K)->35831K(36096K) Class: 4625K(4864K)->4625K(4864K)
[2021-11-08T18:12:19.589-0800][gc          ] GC(223) Pause Young (Normal) (G1 Evacuation Pause) 308M->234M(1024M) 28.381ms
[2021-11-08T18:12:19.589-0800][gc,cpu      ] GC(223) User=0.03s Sys=0.03s Real=0.02s
[2021-11-08T18:14:44.461-0800][gc,start    ] GC(224) Pause Young (Normal) (G1 Evacuation Pause)
[2021-11-08T18:14:44.461-0800][gc,task     ] GC(224) Using 8 workers of 8 for evacuation
[2021-11-08T18:14:44.536-0800][gc,mmu      ] GC(224) MMU target violated: 21.0ms (20.0ms/21.0ms)
[2021-11-08T18:14:44.536-0800][gc,phases   ] GC(224)   Pre Evacuate Collection Set: 0.9ms
[2021-11-08T18:14:44.536-0800][gc,phases   ] GC(224)   Merge Heap Roots: 2.3ms
[2021-11-08T18:14:44.536-0800][gc,phases   ] GC(224)   Evacuate Collection Set: 66.6ms
[2021-11-08T18:14:44.536-0800][gc,phases   ] GC(224)   Post Evacuate Collection Set: 4.9ms
[2021-11-08T18:14:44.536-0800][gc,phases   ] GC(224)   Other: 1.0ms
[2021-11-08T18:14:44.536-0800][gc,heap     ] GC(224) Eden regions: 121->0(46)
[2021-11-08T18:14:44.536-0800][gc,heap     ] GC(224) Survivor regions: 4->5(16)
[2021-11-08T18:14:44.536-0800][gc,heap     ] GC(224) Old regions: 102->102
[2021-11-08T18:14:44.536-0800][gc,heap     ] GC(224) Archive regions: 2->2
[2021-11-08T18:14:44.536-0800][gc,heap     ] GC(224) Humongous regions: 129->129
[2021-11-08T18:14:44.536-0800][gc,metaspace] GC(224) Metaspace: 40456K(40960K)->40456K(40960K) NonClass: 35831K(36096K)->35831K(36096K) Class: 4625K(4864K)->4625K(4864K)
[2021-11-08T18:14:44.536-0800][gc          ] GC(224) Pause Young (Normal) (G1 Evacuation Pause) 355M->236M(1024M) 75.672ms
[2021-11-08T18:14:44.536-0800][gc,cpu      ] GC(224) User=0.02s Sys=0.04s Real=0.07s
[2021-11-08T18:15:38.650-0800][gc,start    ] GC(225) Pause Young (Normal) (G1 Evacuation Pause)
[2021-11-08T18:15:38.651-0800][gc,task     ] GC(225) Using 8 workers of 8 for evacuation
[2021-11-08T18:15:38.677-0800][gc,mmu      ] GC(225) MMU target violated: 21.0ms (20.0ms/21.0ms)
[2021-11-08T18:15:38.677-0800][gc,phases   ] GC(225)   Pre Evacuate Collection Set: 0.7ms
[2021-11-08T18:15:38.677-0800][gc,phases   ] GC(225)   Merge Heap Roots: 0.1ms
[2021-11-08T18:15:38.677-0800][gc,phases   ] GC(225)   Evacuate Collection Set: 23.1ms
[2021-11-08T18:15:38.677-0800][gc,phases   ] GC(225)   Post Evacuate Collection Set: 1.8ms
[2021-11-08T18:15:38.678-0800][gc,phases   ] GC(225)   Other: 1.2ms
[2021-11-08T18:15:38.678-0800][gc,heap     ] GC(225) Eden regions: 46->0(47)
[2021-11-08T18:15:38.678-0800][gc,heap     ] GC(225) Survivor regions: 5->4(7)
[2021-11-08T18:15:38.678-0800][gc,heap     ] GC(225) Old regions: 102->104
[2021-11-08T18:15:38.678-0800][gc,heap     ] GC(225) Archive regions: 2->2
[2021-11-08T18:15:38.678-0800][gc,heap     ] GC(225) Humongous regions: 129->129
[2021-11-08T18:15:38.678-0800][gc,metaspace] GC(225) Metaspace: 40456K(40960K)->40456K(40960K) NonClass: 35831K(36096K)->35831K(36096K) Class: 4625K(4864K)->4625K(4864K)
[2021-11-08T18:15:38.678-0800][gc          ] GC(225) Pause Young (Normal) (G1 Evacuation Pause) 282M->236M(1024M) 27.309ms
[2021-11-08T18:15:38.678-0800][gc,cpu      ] GC(225) User=0.03s Sys=0.03s Real=0.02s
[2021-11-08T18:16:34.142-0800][gc,start    ] GC(226) Pause Young (Normal) (G1 Evacuation Pause)
[2021-11-08T18:16:34.143-0800][gc,task     ] GC(226) Using 8 workers of 8 for evacuation
[2021-11-08T18:16:34.168-0800][gc,mmu      ] GC(226) MMU target violated: 21.0ms (20.0ms/21.0ms)
[2021-11-08T18:16:34.168-0800][gc,phases   ] GC(226)   Pre Evacuate Collection Set: 0.7ms
[2021-11-08T18:16:34.168-0800][gc,phases   ] GC(226)   Merge Heap Roots: 0.2ms
[2021-11-08T18:16:34.168-0800][gc,phases   ] GC(226)   Evacuate Collection Set: 22.5ms
[2021-11-08T18:16:34.168-0800][gc,phases   ] GC(226)   Post Evacuate Collection Set: 1.0ms
[2021-11-08T18:16:34.168-0800][gc,phases   ] GC(226)   Other: 1.9ms
[2021-11-08T18:16:34.168-0800][gc,heap     ] GC(226) Eden regions: 47->0(46)
[2021-11-08T18:16:34.168-0800][gc,heap     ] GC(226) Survivor regions: 4->5(7)
[2021-11-08T18:16:34.168-0800][gc,heap     ] GC(226) Old regions: 104->104
[2021-11-08T18:16:34.168-0800][gc,heap     ] GC(226) Archive regions: 2->2
[2021-11-08T18:16:34.168-0800][gc,heap     ] GC(226) Humongous regions: 129->129
[2021-11-08T18:16:34.168-0800][gc,metaspace] GC(226) Metaspace: 40456K(40960K)->40456K(40960K) NonClass: 35831K(36096K)->35831K(36096K) Class: 4625K(4864K)->4625K(4864K)
[2021-11-08T18:16:34.168-0800][gc          ] GC(226) Pause Young (Normal) (G1 Evacuation Pause) 283M->237M(1024M) 26.358ms
[2021-11-08T18:16:34.168-0800][gc,cpu      ] GC(226) User=0.03s Sys=0.02s Real=0.02s
[2021-11-08T18:17:28.569-0800][gc,start    ] GC(227) Pause Young (Normal) (G1 Evacuation Pause)
[2021-11-08T18:17:28.570-0800][gc,task     ] GC(227) Using 8 workers of 8 for evacuation
[2021-11-08T18:17:28.593-0800][gc,mmu      ] GC(227) MMU target violated: 21.0ms (20.0ms/21.0ms)
[2021-11-08T18:17:28.594-0800][gc,phases   ] GC(227)   Pre Evacuate Collection Set: 1.3ms
[2021-11-08T18:17:28.594-0800][gc,phases   ] GC(227)   Merge Heap Roots: 0.2ms
[2021-11-08T18:17:28.594-0800][gc,phases   ] GC(227)   Evacuate Collection Set: 18.6ms
[2021-11-08T18:17:28.594-0800][gc,phases   ] GC(227)   Post Evacuate Collection Set: 2.6ms
[2021-11-08T18:17:28.594-0800][gc,phases   ] GC(227)   Other: 1.6ms
[2021-11-08T18:17:28.594-0800][gc,heap     ] GC(227) Eden regions: 46->0(58)
[2021-11-08T18:17:28.594-0800][gc,heap     ] GC(227) Survivor regions: 5->5(7)
[2021-11-08T18:17:28.594-0800][gc,heap     ] GC(227) Old regions: 104->104
[2021-11-08T18:17:28.594-0800][gc,heap     ] GC(227) Archive regions: 2->2
[2021-11-08T18:17:28.594-0800][gc,heap     ] GC(227) Humongous regions: 129->129
[2021-11-08T18:17:28.594-0800][gc,metaspace] GC(227) Metaspace: 40456K(40960K)->40456K(40960K) NonClass: 35831K(36096K)->35831K(36096K) Class: 4625K(4864K)->4625K(4864K)
[2021-11-08T18:17:28.596-0800][gc          ] GC(227) Pause Young (Normal) (G1 Evacuation Pause) 283M->237M(1024M) 24.501ms
[2021-11-08T18:17:28.596-0800][gc,cpu      ] GC(227) User=0.03s Sys=0.03s Real=0.03s
[2021-11-08T18:18:32.282-0800][gc,start    ] GC(228) Pause Young (Normal) (G1 Evacuation Pause)
[2021-11-08T18:18:32.284-0800][gc,task     ] GC(228) Using 8 workers of 8 for evacuation
[2021-11-08T18:18:32.315-0800][gc,mmu      ] GC(228) MMU target violated: 21.0ms (20.0ms/21.0ms)
[2021-11-08T18:18:32.316-0800][gc,phases   ] GC(228)   Pre Evacuate Collection Set: 1.1ms
[2021-11-08T18:18:32.316-0800][gc,phases   ] GC(228)   Merge Heap Roots: 0.2ms
[2021-11-08T18:18:32.316-0800][gc,phases   ] GC(228)   Evacuate Collection Set: 28.2ms
[2021-11-08T18:18:32.316-0800][gc,phases   ] GC(228)   Post Evacuate Collection Set: 2.1ms
[2021-11-08T18:18:32.316-0800][gc,phases   ] GC(228)   Other: 2.1ms
[2021-11-08T18:18:32.316-0800][gc,heap     ] GC(228) Eden regions: 54->0(45)
[2021-11-08T18:18:32.316-0800][gc,heap     ] GC(228) Survivor regions: 5->6(8)
[2021-11-08T18:18:32.316-0800][gc,heap     ] GC(228) Old regions: 104->105
[2021-11-08T18:18:32.316-0800][gc,heap     ] GC(228) Archive regions: 2->2
[2021-11-08T18:18:32.316-0800][gc,heap     ] GC(228) Humongous regions: 129->129
[2021-11-08T18:18:32.316-0800][gc,metaspace] GC(228) Metaspace: 40456K(40960K)->40456K(40960K) NonClass: 35831K(36096K)->35831K(36096K) Class: 4625K(4864K)->4625K(4864K)
[2021-11-08T18:18:32.316-0800][gc          ] GC(228) Pause Young (Normal) (G1 Evacuation Pause) 291M->239M(1024M) 33.800ms
[2021-11-08T18:18:32.316-0800][gc,cpu      ] GC(228) User=0.04s Sys=0.03s Real=0.03s
[2021-11-08T18:19:25.562-0800][gc,start    ] GC(229) Pause Young (Normal) (G1 Evacuation Pause)
[2021-11-08T18:19:25.563-0800][gc,task     ] GC(229) Using 8 workers of 8 for evacuation
[2021-11-08T18:19:25.604-0800][gc,mmu      ] GC(229) MMU target violated: 21.0ms (20.0ms/21.0ms)
[2021-11-08T18:19:25.604-0800][gc,phases   ] GC(229)   Pre Evacuate Collection Set: 1.3ms
[2021-11-08T18:19:25.604-0800][gc,phases   ] GC(229)   Merge Heap Roots: 0.3ms
[2021-11-08T18:19:25.604-0800][gc,phases   ] GC(229)   Evacuate Collection Set: 35.7ms
[2021-11-08T18:19:25.604-0800][gc,phases   ] GC(229)   Post Evacuate Collection Set: 3.1ms
[2021-11-08T18:19:25.604-0800][gc,phases   ] GC(229)   Other: 1.9ms
[2021-11-08T18:19:25.604-0800][gc,heap     ] GC(229) Eden regions: 45->0(45)
[2021-11-08T18:19:25.604-0800][gc,heap     ] GC(229) Survivor regions: 6->6(7)
[2021-11-08T18:19:25.604-0800][gc,heap     ] GC(229) Old regions: 105->107
[2021-11-08T18:19:25.604-0800][gc,heap     ] GC(229) Archive regions: 2->2
[2021-11-08T18:19:25.604-0800][gc,heap     ] GC(229) Humongous regions: 129->129
[2021-11-08T18:19:25.604-0800][gc,metaspace] GC(229) Metaspace: 40456K(40960K)->40456K(40960K) NonClass: 35831K(36096K)->35831K(36096K) Class: 4625K(4864K)->4625K(4864K)
[2021-11-08T18:19:25.604-0800][gc          ] GC(229) Pause Young (Normal) (G1 Evacuation Pause) 284M->242M(1024M) 42.475ms
[2021-11-08T18:19:25.604-0800][gc,cpu      ] GC(229) User=0.05s Sys=0.05s Real=0.04s
[2021-11-08T18:20:19.491-0800][gc,start    ] GC(230) Pause Young (Normal) (G1 Evacuation Pause)
[2021-11-08T18:20:19.492-0800][gc,task     ] GC(230) Using 8 workers of 8 for evacuation
[2021-11-08T18:20:19.526-0800][gc,mmu      ] GC(230) MMU target violated: 21.0ms (20.0ms/21.0ms)
[2021-11-08T18:20:19.526-0800][gc,phases   ] GC(230)   Pre Evacuate Collection Set: 4.2ms
[2021-11-08T18:20:19.526-0800][gc,phases   ] GC(230)   Merge Heap Roots: 0.5ms
[2021-11-08T18:20:19.526-0800][gc,phases   ] GC(230)   Evacuate Collection Set: 27.2ms
[2021-11-08T18:20:19.526-0800][gc,phases   ] GC(230)   Post Evacuate Collection Set: 1.9ms
[2021-11-08T18:20:19.526-0800][gc,phases   ] GC(230)   Other: 1.3ms
[2021-11-08T18:20:19.526-0800][gc,heap     ] GC(230) Eden regions: 45->0(60)
[2021-11-08T18:20:19.526-0800][gc,heap     ] GC(230) Survivor regions: 6->4(7)
[2021-11-08T18:20:19.526-0800][gc,heap     ] GC(230) Old regions: 107->110
[2021-11-08T18:20:19.526-0800][gc,heap     ] GC(230) Archive regions: 2->2
[2021-11-08T18:20:19.526-0800][gc,heap     ] GC(230) Humongous regions: 129->129
[2021-11-08T18:20:19.526-0800][gc,metaspace] GC(230) Metaspace: 40456K(40960K)->40456K(40960K) NonClass: 35831K(36096K)->35831K(36096K) Class: 4625K(4864K)->4625K(4864K)
[2021-11-08T18:20:19.526-0800][gc          ] GC(230) Pause Young (Normal) (G1 Evacuation Pause) 287M->242M(1024M) 35.163ms
[2021-11-08T18:20:19.526-0800][gc,cpu      ] GC(230) User=0.04s Sys=0.03s Real=0.03s
[2021-11-08T18:21:16.116-0800][gc,start    ] GC(231) Pause Young (Normal) (G1 Evacuation Pause)
[2021-11-08T18:21:16.118-0800][gc,task     ] GC(231) Using 8 workers of 8 for evacuation
[2021-11-08T18:21:16.141-0800][gc,mmu      ] GC(231) MMU target violated: 21.0ms (20.0ms/21.0ms)
[2021-11-08T18:21:16.141-0800][gc,phases   ] GC(231)   Pre Evacuate Collection Set: 1.0ms
[2021-11-08T18:21:16.141-0800][gc,phases   ] GC(231)   Merge Heap Roots: 0.2ms
[2021-11-08T18:21:16.141-0800][gc,phases   ] GC(231)   Evacuate Collection Set: 19.3ms
[2021-11-08T18:21:16.141-0800][gc,phases   ] GC(231)   Post Evacuate Collection Set: 2.4ms
[2021-11-08T18:21:16.142-0800][gc,phases   ] GC(231)   Other: 2.5ms
[2021-11-08T18:21:16.142-0800][gc,heap     ] GC(231) Eden regions: 47->0(46)
[2021-11-08T18:21:16.142-0800][gc,heap     ] GC(231) Survivor regions: 4->5(7)
[2021-11-08T18:21:16.142-0800][gc,heap     ] GC(231) Old regions: 110->110
[2021-11-08T18:21:16.142-0800][gc,heap     ] GC(231) Archive regions: 2->2
[2021-11-08T18:21:16.142-0800][gc,heap     ] GC(231) Humongous regions: 129->129
[2021-11-08T18:21:16.142-0800][gc,metaspace] GC(231) Metaspace: 40456K(40960K)->40456K(40960K) NonClass: 35831K(36096K)->35831K(36096K) Class: 4625K(4864K)->4625K(4864K)
[2021-11-08T18:21:16.142-0800][gc          ] GC(231) Pause Young (Normal) (G1 Evacuation Pause) 289M->243M(1024M) 25.573ms
[2021-11-08T18:21:16.142-0800][gc,cpu      ] GC(231) User=0.03s Sys=0.03s Real=0.03s
[2021-11-08T18:22:11.282-0800][gc,start    ] GC(232) Pause Young (Normal) (G1 Evacuation Pause)
[2021-11-08T18:22:11.283-0800][gc,task     ] GC(232) Using 8 workers of 8 for evacuation
[2021-11-08T18:22:11.316-0800][gc,mmu      ] GC(232) MMU target violated: 21.0ms (20.0ms/21.0ms)
[2021-11-08T18:22:11.316-0800][gc,phases   ] GC(232)   Pre Evacuate Collection Set: 1.3ms
[2021-11-08T18:22:11.316-0800][gc,phases   ] GC(232)   Merge Heap Roots: 0.3ms
[2021-11-08T18:22:11.316-0800][gc,phases   ] GC(232)   Evacuate Collection Set: 28.5ms
[2021-11-08T18:22:11.316-0800][gc,phases   ] GC(232)   Post Evacuate Collection Set: 1.9ms
[2021-11-08T18:22:11.316-0800][gc,phases   ] GC(232)   Other: 2.1ms
[2021-11-08T18:22:11.316-0800][gc,heap     ] GC(232) Eden regions: 46->0(45)
[2021-11-08T18:22:11.316-0800][gc,heap     ] GC(232) Survivor regions: 5->6(7)
[2021-11-08T18:22:11.316-0800][gc,heap     ] GC(232) Old regions: 110->111
[2021-11-08T18:22:11.316-0800][gc,heap     ] GC(232) Archive regions: 2->2
[2021-11-08T18:22:11.316-0800][gc,heap     ] GC(232) Humongous regions: 129->129
[2021-11-08T18:22:11.316-0800][gc,metaspace] GC(232) Metaspace: 40456K(40960K)->40456K(40960K) NonClass: 35831K(36096K)->35831K(36096K) Class: 4625K(4864K)->4625K(4864K)
[2021-11-08T18:22:11.316-0800][gc          ] GC(232) Pause Young (Normal) (G1 Evacuation Pause) 289M->246M(1024M) 34.264ms
[2021-11-08T18:22:11.316-0800][gc,cpu      ] GC(232) User=0.05s Sys=0.04s Real=0.03s
[2021-11-08T18:23:04.910-0800][gc,start    ] GC(233) Pause Young (Normal) (G1 Evacuation Pause)
[2021-11-08T18:23:04.911-0800][gc,task     ] GC(233) Using 8 workers of 8 for evacuation
[2021-11-08T18:23:04.940-0800][gc,mmu      ] GC(233) MMU target violated: 21.0ms (20.0ms/21.0ms)
[2021-11-08T18:23:04.940-0800][gc,phases   ] GC(233)   Pre Evacuate Collection Set: 1.1ms
[2021-11-08T18:23:04.940-0800][gc,phases   ] GC(233)   Merge Heap Roots: 0.3ms
[2021-11-08T18:23:04.940-0800][gc,phases   ] GC(233)   Evacuate Collection Set: 25.1ms
[2021-11-08T18:23:04.940-0800][gc,phases   ] GC(233)   Post Evacuate Collection Set: 2.0ms
[2021-11-08T18:23:04.940-0800][gc,phases   ] GC(233)   Other: 1.6ms
[2021-11-08T18:23:04.940-0800][gc,heap     ] GC(233) Eden regions: 45->0(79)
[2021-11-08T18:23:04.940-0800][gc,heap     ] GC(233) Survivor regions: 6->4(7)
[2021-11-08T18:23:04.940-0800][gc,heap     ] GC(233) Old regions: 111->114
[2021-11-08T18:23:04.940-0800][gc,heap     ] GC(233) Archive regions: 2->2
[2021-11-08T18:23:04.940-0800][gc,heap     ] GC(233) Humongous regions: 129->129
[2021-11-08T18:23:04.940-0800][gc,metaspace] GC(233) Metaspace: 40456K(40960K)->40456K(40960K) NonClass: 35831K(36096K)->35831K(36096K) Class: 4625K(4864K)->4625K(4864K)
[2021-11-08T18:23:04.940-0800][gc          ] GC(233) Pause Young (Normal) (G1 Evacuation Pause) 291M->246M(1024M) 30.283ms
[2021-11-08T18:23:04.940-0800][gc,cpu      ] GC(233) User=0.04s Sys=0.03s Real=0.03s
[2021-11-08T18:24:17.141-0800][gc,start    ] GC(234) Pause Young (Normal) (G1 Evacuation Pause)
[2021-11-08T18:24:17.143-0800][gc,task     ] GC(234) Using 8 workers of 8 for evacuation
[2021-11-08T18:24:17.172-0800][gc,mmu      ] GC(234) MMU target violated: 21.0ms (20.0ms/21.0ms)
[2021-11-08T18:24:17.173-0800][gc,phases   ] GC(234)   Pre Evacuate Collection Set: 1.6ms
[2021-11-08T18:24:17.173-0800][gc,phases   ] GC(234)   Merge Heap Roots: 0.3ms
[2021-11-08T18:24:17.173-0800][gc,phases   ] GC(234)   Evacuate Collection Set: 25.0ms
[2021-11-08T18:24:17.173-0800][gc,phases   ] GC(234)   Post Evacuate Collection Set: 1.9ms
[2021-11-08T18:24:17.173-0800][gc,phases   ] GC(234)   Other: 2.4ms
[2021-11-08T18:24:17.173-0800][gc,heap     ] GC(234) Eden regions: 61->0(56)
[2021-11-08T18:24:17.173-0800][gc,heap     ] GC(234) Survivor regions: 4->5(9)
[2021-11-08T18:24:17.173-0800][gc,heap     ] GC(234) Old regions: 114->114
[2021-11-08T18:24:17.173-0800][gc,heap     ] GC(234) Archive regions: 2->2
[2021-11-08T18:24:17.173-0800][gc,heap     ] GC(234) Humongous regions: 129->129
[2021-11-08T18:24:17.173-0800][gc,metaspace] GC(234) Metaspace: 40456K(40960K)->40456K(40960K) NonClass: 35831K(36096K)->35831K(36096K) Class: 4625K(4864K)->4625K(4864K)
[2021-11-08T18:24:17.173-0800][gc          ] GC(234) Pause Young (Normal) (G1 Evacuation Pause) 307M->247M(1024M) 31.373ms
[2021-11-08T18:24:17.173-0800][gc,cpu      ] GC(234) User=0.04s Sys=0.03s Real=0.03s
[2021-11-08T18:25:23.536-0800][gc,start    ] GC(235) Pause Young (Normal) (G1 Evacuation Pause)
[2021-11-08T18:25:23.537-0800][gc,task     ] GC(235) Using 8 workers of 8 for evacuation
[2021-11-08T18:25:23.580-0800][gc,mmu      ] GC(235) MMU target violated: 21.0ms (20.0ms/21.0ms)
[2021-11-08T18:25:23.580-0800][gc,phases   ] GC(235)   Pre Evacuate Collection Set: 1.6ms
[2021-11-08T18:25:23.580-0800][gc,phases   ] GC(235)   Merge Heap Roots: 0.4ms
[2021-11-08T18:25:23.580-0800][gc,phases   ] GC(235)   Evacuate Collection Set: 33.1ms
[2021-11-08T18:25:23.580-0800][gc,phases   ] GC(235)   Post Evacuate Collection Set: 7.4ms
[2021-11-08T18:25:23.580-0800][gc,phases   ] GC(235)   Other: 1.6ms
[2021-11-08T18:25:23.580-0800][gc,heap     ] GC(235) Eden regions: 56->0(44)
[2021-11-08T18:25:23.580-0800][gc,heap     ] GC(235) Survivor regions: 5->7(8)
[2021-11-08T18:25:23.580-0800][gc,heap     ] GC(235) Old regions: 114->115
[2021-11-08T18:25:23.580-0800][gc,heap     ] GC(235) Archive regions: 2->2
[2021-11-08T18:25:23.580-0800][gc,heap     ] GC(235) Humongous regions: 129->129
[2021-11-08T18:25:23.580-0800][gc,metaspace] GC(235) Metaspace: 40456K(40960K)->40456K(40960K) NonClass: 35831K(36096K)->35831K(36096K) Class: 4625K(4864K)->4625K(4864K)
[2021-11-08T18:25:23.580-0800][gc          ] GC(235) Pause Young (Normal) (G1 Evacuation Pause) 303M->250M(1024M) 44.212ms
[2021-11-08T18:25:23.581-0800][gc,cpu      ] GC(235) User=0.06s Sys=0.05s Real=0.05s
[2021-11-08T18:26:15.668-0800][gc,start    ] GC(236) Pause Young (Normal) (G1 Evacuation Pause)
[2021-11-08T18:26:15.669-0800][gc,task     ] GC(236) Using 8 workers of 8 for evacuation
[2021-11-08T18:26:15.710-0800][gc,mmu      ] GC(236) MMU target violated: 21.0ms (20.0ms/21.0ms)
[2021-11-08T18:26:15.710-0800][gc,phases   ] GC(236)   Pre Evacuate Collection Set: 1.1ms
[2021-11-08T18:26:15.710-0800][gc,phases   ] GC(236)   Merge Heap Roots: 0.2ms
[2021-11-08T18:26:15.710-0800][gc,phases   ] GC(236)   Evacuate Collection Set: 37.0ms
[2021-11-08T18:26:15.710-0800][gc,phases   ] GC(236)   Post Evacuate Collection Set: 1.6ms
[2021-11-08T18:26:15.710-0800][gc,phases   ] GC(236)   Other: 1.5ms
[2021-11-08T18:26:15.710-0800][gc,heap     ] GC(236) Eden regions: 44->0(47)
[2021-11-08T18:26:15.710-0800][gc,heap     ] GC(236) Survivor regions: 7->4(7)
[2021-11-08T18:26:15.710-0800][gc,heap     ] GC(236) Old regions: 115->118
[2021-11-08T18:26:15.710-0800][gc,heap     ] GC(236) Archive regions: 2->2
[2021-11-08T18:26:15.710-0800][gc,heap     ] GC(236) Humongous regions: 129->129
[2021-11-08T18:26:15.710-0800][gc,metaspace] GC(236) Metaspace: 40456K(40960K)->40456K(40960K) NonClass: 35831K(36096K)->35831K(36096K) Class: 4625K(4864K)->4625K(4864K)
[2021-11-08T18:26:15.710-0800][gc          ] GC(236) Pause Young (Normal) (G1 Evacuation Pause) 294M->251M(1024M) 41.418ms
[2021-11-08T18:26:15.710-0800][gc,cpu      ] GC(236) User=0.04s Sys=0.04s Real=0.05s
[2021-11-08T18:27:11.824-0800][gc,start    ] GC(237) Pause Young (Normal) (G1 Evacuation Pause)
[2021-11-08T18:27:11.827-0800][gc,task     ] GC(237) Using 8 workers of 8 for evacuation
[2021-11-08T18:27:11.851-0800][gc,mmu      ] GC(237) MMU target violated: 21.0ms (20.0ms/21.0ms)
[2021-11-08T18:27:11.851-0800][gc,phases   ] GC(237)   Pre Evacuate Collection Set: 0.6ms
[2021-11-08T18:27:11.852-0800][gc,phases   ] GC(237)   Merge Heap Roots: 0.2ms
[2021-11-08T18:27:11.852-0800][gc,phases   ] GC(237)   Evacuate Collection Set: 21.9ms
[2021-11-08T18:27:11.852-0800][gc,phases   ] GC(237)   Post Evacuate Collection Set: 1.1ms
[2021-11-08T18:27:11.852-0800][gc,phases   ] GC(237)   Other: 4.2ms
[2021-11-08T18:27:11.852-0800][gc,heap     ] GC(237) Eden regions: 47->0(45)
[2021-11-08T18:27:11.852-0800][gc,heap     ] GC(237) Survivor regions: 4->6(7)
[2021-11-08T18:27:11.852-0800][gc,heap     ] GC(237) Old regions: 118->118
[2021-11-08T18:27:11.852-0800][gc,heap     ] GC(237) Archive regions: 2->2
[2021-11-08T18:27:11.852-0800][gc,heap     ] GC(237) Humongous regions: 129->129
[2021-11-08T18:27:11.852-0800][gc,metaspace] GC(237) Metaspace: 40456K(40960K)->40456K(40960K) NonClass: 35831K(36096K)->35831K(36096K) Class: 4625K(4864K)->4625K(4864K)
[2021-11-08T18:27:11.852-0800][gc          ] GC(237) Pause Young (Normal) (G1 Evacuation Pause) 298M->252M(1024M) 28.134ms
[2021-11-08T18:27:11.852-0800][gc,cpu      ] GC(237) User=0.04s Sys=0.03s Real=0.03s
[2021-11-08T18:28:05.351-0800][gc,start    ] GC(238) Pause Young (Normal) (G1 Evacuation Pause)
[2021-11-08T18:28:05.355-0800][gc,task     ] GC(238) Using 8 workers of 8 for evacuation
[2021-11-08T18:28:05.374-0800][gc,phases   ] GC(238)   Pre Evacuate Collection Set: 0.8ms
[2021-11-08T18:28:05.374-0800][gc,phases   ] GC(238)   Merge Heap Roots: 0.2ms
[2021-11-08T18:28:05.374-0800][gc,phases   ] GC(238)   Evacuate Collection Set: 17.2ms
[2021-11-08T18:28:05.374-0800][gc,phases   ] GC(238)   Post Evacuate Collection Set: 0.5ms
[2021-11-08T18:28:05.374-0800][gc,phases   ] GC(238)   Other: 4.6ms
[2021-11-08T18:28:05.374-0800][gc,heap     ] GC(238) Eden regions: 45->0(45)
[2021-11-08T18:28:05.374-0800][gc,heap     ] GC(238) Survivor regions: 6->6(7)
[2021-11-08T18:28:05.374-0800][gc,heap     ] GC(238) Old regions: 118->120
[2021-11-08T18:28:05.374-0800][gc,heap     ] GC(238) Archive regions: 2->2
[2021-11-08T18:28:05.374-0800][gc,heap     ] GC(238) Humongous regions: 129->129
[2021-11-08T18:28:05.374-0800][gc,metaspace] GC(238) Metaspace: 40456K(40960K)->40456K(40960K) NonClass: 35831K(36096K)->35831K(36096K) Class: 4625K(4864K)->4625K(4864K)
[2021-11-08T18:28:05.374-0800][gc          ] GC(238) Pause Young (Normal) (G1 Evacuation Pause) 297M->254M(1024M) 23.443ms
[2021-11-08T18:28:05.374-0800][gc,cpu      ] GC(238) User=0.05s Sys=0.02s Real=0.02s
[2021-11-08T18:28:58.977-0800][gc,start    ] GC(239) Pause Young (Normal) (G1 Evacuation Pause)
[2021-11-08T18:28:58.978-0800][gc,task     ] GC(239) Using 8 workers of 8 for evacuation
[2021-11-08T18:28:59.016-0800][gc,mmu      ] GC(239) MMU target violated: 21.0ms (20.0ms/21.0ms)
[2021-11-08T18:28:59.017-0800][gc,phases   ] GC(239)   Pre Evacuate Collection Set: 0.9ms
[2021-11-08T18:28:59.017-0800][gc,phases   ] GC(239)   Merge Heap Roots: 0.2ms
[2021-11-08T18:28:59.017-0800][gc,phases   ] GC(239)   Evacuate Collection Set: 35.2ms
[2021-11-08T18:28:59.017-0800][gc,phases   ] GC(239)   Post Evacuate Collection Set: 1.9ms
[2021-11-08T18:28:59.017-0800][gc,phases   ] GC(239)   Other: 2.0ms
[2021-11-08T18:28:59.017-0800][gc,heap     ] GC(239) Eden regions: 45->0(52)
[2021-11-08T18:28:59.017-0800][gc,heap     ] GC(239) Survivor regions: 6->5(7)
[2021-11-08T18:28:59.017-0800][gc,heap     ] GC(239) Old regions: 120->121
[2021-11-08T18:28:59.017-0800][gc,heap     ] GC(239) Archive regions: 2->2
[2021-11-08T18:28:59.017-0800][gc,heap     ] GC(239) Humongous regions: 129->129
[2021-11-08T18:28:59.017-0800][gc,metaspace] GC(239) Metaspace: 40456K(40960K)->40456K(40960K) NonClass: 35831K(36096K)->35831K(36096K) Class: 4625K(4864K)->4625K(4864K)
[2021-11-08T18:28:59.017-0800][gc          ] GC(239) Pause Young (Normal) (G1 Evacuation Pause) 299M->254M(1024M) 40.266ms
[2021-11-08T18:28:59.017-0800][gc,cpu      ] GC(239) User=0.04s Sys=0.03s Real=0.04s
[2021-11-08T18:29:54.056-0800][gc,start    ] GC(240) Pause Young (Normal) (G1 Evacuation Pause)
[2021-11-08T18:29:54.059-0800][gc,task     ] GC(240) Using 8 workers of 8 for evacuation
[2021-11-08T18:29:54.098-0800][gc,mmu      ] GC(240) MMU target violated: 21.0ms (20.0ms/21.0ms)
[2021-11-08T18:29:54.098-0800][gc,phases   ] GC(240)   Pre Evacuate Collection Set: 1.5ms
[2021-11-08T18:29:54.098-0800][gc,phases   ] GC(240)   Merge Heap Roots: 0.3ms
[2021-11-08T18:29:54.098-0800][gc,phases   ] GC(240)   Evacuate Collection Set: 34.8ms
[2021-11-08T18:29:54.098-0800][gc,phases   ] GC(240)   Post Evacuate Collection Set: 1.9ms
[2021-11-08T18:29:54.098-0800][gc,phases   ] GC(240)   Other: 2.9ms
[2021-11-08T18:29:54.098-0800][gc,heap     ] GC(240) Eden regions: 46->0(45)
[2021-11-08T18:29:54.098-0800][gc,heap     ] GC(240) Survivor regions: 5->6(7)
[2021-11-08T18:29:54.098-0800][gc,heap     ] GC(240) Old regions: 121->122
[2021-11-08T18:29:54.098-0800][gc,heap     ] GC(240) Archive regions: 2->2
[2021-11-08T18:29:54.098-0800][gc,heap     ] GC(240) Humongous regions: 129->129
[2021-11-08T18:29:54.098-0800][gc,metaspace] GC(240) Metaspace: 40456K(40960K)->40456K(40960K) NonClass: 35831K(36096K)->35831K(36096K) Class: 4625K(4864K)->4625K(4864K)
[2021-11-08T18:29:54.098-0800][gc          ] GC(240) Pause Young (Normal) (G1 Evacuation Pause) 300M->257M(1024M) 41.437ms
[2021-11-08T18:29:54.098-0800][gc,cpu      ] GC(240) User=0.05s Sys=0.05s Real=0.04s
[2021-11-08T18:30:48.125-0800][gc,start    ] GC(241) Pause Young (Normal) (G1 Evacuation Pause)
[2021-11-08T18:30:48.127-0800][gc,task     ] GC(241) Using 8 workers of 8 for evacuation
[2021-11-08T18:30:48.159-0800][gc,mmu      ] GC(241) MMU target violated: 21.0ms (20.0ms/21.0ms)
[2021-11-08T18:30:48.159-0800][gc,phases   ] GC(241)   Pre Evacuate Collection Set: 1.3ms
[2021-11-08T18:30:48.159-0800][gc,phases   ] GC(241)   Merge Heap Roots: 0.4ms
[2021-11-08T18:30:48.159-0800][gc,phases   ] GC(241)   Evacuate Collection Set: 27.9ms
[2021-11-08T18:30:48.159-0800][gc,phases   ] GC(241)   Post Evacuate Collection Set: 2.5ms
[2021-11-08T18:30:48.159-0800][gc,phases   ] GC(241)   Other: 2.7ms
[2021-11-08T18:30:48.159-0800][gc,heap     ] GC(241) Eden regions: 45->0(57)
[2021-11-08T18:30:48.159-0800][gc,heap     ] GC(241) Survivor regions: 6->4(7)
[2021-11-08T18:30:48.159-0800][gc,heap     ] GC(241) Old regions: 122->125
[2021-11-08T18:30:48.159-0800][gc,heap     ] GC(241) Archive regions: 2->2
[2021-11-08T18:30:48.159-0800][gc,heap     ] GC(241) Humongous regions: 129->129
[2021-11-08T18:30:48.160-0800][gc,metaspace] GC(241) Metaspace: 40456K(40960K)->40456K(40960K) NonClass: 35831K(36096K)->35831K(36096K) Class: 4625K(4864K)->4625K(4864K)
[2021-11-08T18:30:48.160-0800][gc          ] GC(241) Pause Young (Normal) (G1 Evacuation Pause) 302M->257M(1024M) 34.882ms
[2021-11-08T18:30:48.160-0800][gc,cpu      ] GC(241) User=0.05s Sys=0.04s Real=0.04s
[2021-11-08T18:31:44.885-0800][gc,start    ] GC(242) Pause Young (Normal) (G1 Evacuation Pause)
[2021-11-08T18:31:44.886-0800][gc,task     ] GC(242) Using 8 workers of 8 for evacuation
[2021-11-08T18:31:44.907-0800][gc,mmu      ] GC(242) MMU target violated: 20.7ms (20.0ms/21.0ms)
[2021-11-08T18:31:44.907-0800][gc,phases   ] GC(242)   Pre Evacuate Collection Set: 1.1ms
[2021-11-08T18:31:44.907-0800][gc,phases   ] GC(242)   Merge Heap Roots: 0.2ms
[2021-11-08T18:31:44.907-0800][gc,phases   ] GC(242)   Evacuate Collection Set: 17.5ms
[2021-11-08T18:31:44.908-0800][gc,phases   ] GC(242)   Post Evacuate Collection Set: 1.8ms
[2021-11-08T18:31:44.908-0800][gc,phases   ] GC(242)   Other: 2.0ms
[2021-11-08T18:31:44.908-0800][gc,heap     ] GC(242) Eden regions: 47->0(54)
[2021-11-08T18:31:44.908-0800][gc,heap     ] GC(242) Survivor regions: 4->5(7)
[2021-11-08T18:31:44.908-0800][gc,heap     ] GC(242) Old regions: 125->125
[2021-11-08T18:31:44.908-0800][gc,heap     ] GC(242) Archive regions: 2->2
[2021-11-08T18:31:44.908-0800][gc,heap     ] GC(242) Humongous regions: 129->129
[2021-11-08T18:31:44.908-0800][gc,metaspace] GC(242) Metaspace: 40456K(40960K)->40456K(40960K) NonClass: 35831K(36096K)->35831K(36096K) Class: 4625K(4864K)->4625K(4864K)
[2021-11-08T18:31:44.908-0800][gc          ] GC(242) Pause Young (Normal) (G1 Evacuation Pause) 304M->258M(1024M) 22.799ms
[2021-11-08T18:31:44.908-0800][gc,cpu      ] GC(242) User=0.03s Sys=0.03s Real=0.02s
[2021-11-08T18:32:50.140-0800][gc,start    ] GC(243) Pause Young (Normal) (G1 Evacuation Pause)
[2021-11-08T18:32:50.142-0800][gc,task     ] GC(243) Using 8 workers of 8 for evacuation
[2021-11-08T18:32:50.168-0800][gc,mmu      ] GC(243) MMU target violated: 21.0ms (20.0ms/21.0ms)
[2021-11-08T18:32:50.168-0800][gc,phases   ] GC(243)   Pre Evacuate Collection Set: 1.3ms
[2021-11-08T18:32:50.168-0800][gc,phases   ] GC(243)   Merge Heap Roots: 0.3ms
[2021-11-08T18:32:50.168-0800][gc,phases   ] GC(243)   Evacuate Collection Set: 21.5ms
[2021-11-08T18:32:50.168-0800][gc,phases   ] GC(243)   Post Evacuate Collection Set: 2.0ms
[2021-11-08T18:32:50.168-0800][gc,phases   ] GC(243)   Other: 2.3ms
[2021-11-08T18:32:50.168-0800][gc,heap     ] GC(243) Eden regions: 54->0(45)
[2021-11-08T18:32:50.168-0800][gc,heap     ] GC(243) Survivor regions: 5->6(8)
[2021-11-08T18:32:50.168-0800][gc,heap     ] GC(243) Old regions: 125->126
[2021-11-08T18:32:50.168-0800][gc,heap     ] GC(243) Archive regions: 2->2
[2021-11-08T18:32:50.168-0800][gc,heap     ] GC(243) Humongous regions: 129->129
[2021-11-08T18:32:50.168-0800][gc,metaspace] GC(243) Metaspace: 40456K(40960K)->40456K(40960K) NonClass: 35831K(36096K)->35831K(36096K) Class: 4625K(4864K)->4625K(4864K)
[2021-11-08T18:32:50.168-0800][gc          ] GC(243) Pause Young (Normal) (G1 Evacuation Pause) 312M->260M(1024M) 27.395ms
[2021-11-08T18:32:50.168-0800][gc,cpu      ] GC(243) User=0.04s Sys=0.04s Real=0.02s
[2021-11-08T18:33:44.643-0800][gc,start    ] GC(244) Pause Young (Normal) (G1 Evacuation Pause)
[2021-11-08T18:33:44.645-0800][gc,task     ] GC(244) Using 8 workers of 8 for evacuation
[2021-11-08T18:33:44.680-0800][gc,mmu      ] GC(244) MMU target violated: 21.0ms (20.0ms/21.0ms)
[2021-11-08T18:33:44.681-0800][gc,phases   ] GC(244)   Pre Evacuate Collection Set: 5.7ms
[2021-11-08T18:33:44.681-0800][gc,phases   ] GC(244)   Merge Heap Roots: 0.6ms
[2021-11-08T18:33:44.681-0800][gc,phases   ] GC(244)   Evacuate Collection Set: 27.1ms
[2021-11-08T18:33:44.681-0800][gc,phases   ] GC(244)   Post Evacuate Collection Set: 1.6ms
[2021-11-08T18:33:44.681-0800][gc,phases   ] GC(244)   Other: 2.6ms
[2021-11-08T18:33:44.681-0800][gc,heap     ] GC(244) Eden regions: 45->0(44)
[2021-11-08T18:33:44.681-0800][gc,heap     ] GC(244) Survivor regions: 6->7(7)
[2021-11-08T18:33:44.681-0800][gc,heap     ] GC(244) Old regions: 126->128
[2021-11-08T18:33:44.681-0800][gc,heap     ] GC(244) Archive regions: 2->2
[2021-11-08T18:33:44.681-0800][gc,heap     ] GC(244) Humongous regions: 129->129
[2021-11-08T18:33:44.681-0800][gc,metaspace] GC(244) Metaspace: 40456K(40960K)->40456K(40960K) NonClass: 35831K(36096K)->35831K(36096K) Class: 4625K(4864K)->4625K(4864K)
[2021-11-08T18:33:44.681-0800][gc          ] GC(244) Pause Young (Normal) (G1 Evacuation Pause) 305M->263M(1024M) 37.569ms
[2021-11-08T18:33:44.681-0800][gc,cpu      ] GC(244) User=0.04s Sys=0.06s Real=0.04s
[2021-11-08T18:34:36.905-0800][gc,start    ] GC(245) Pause Young (Normal) (G1 Evacuation Pause)
[2021-11-08T18:34:36.907-0800][gc,task     ] GC(245) Using 8 workers of 8 for evacuation
[2021-11-08T18:34:36.947-0800][gc,mmu      ] GC(245) MMU target violated: 21.0ms (20.0ms/21.0ms)
[2021-11-08T18:34:36.947-0800][gc,phases   ] GC(245)   Pre Evacuate Collection Set: 1.9ms
[2021-11-08T18:34:36.947-0800][gc,phases   ] GC(245)   Merge Heap Roots: 0.4ms
[2021-11-08T18:34:36.947-0800][gc,phases   ] GC(245)   Evacuate Collection Set: 36.1ms
[2021-11-08T18:34:36.947-0800][gc,phases   ] GC(245)   Post Evacuate Collection Set: 1.8ms
[2021-11-08T18:34:36.947-0800][gc,phases   ] GC(245)   Other: 2.4ms
[2021-11-08T18:34:36.947-0800][gc,heap     ] GC(245) Eden regions: 44->0(81)
[2021-11-08T18:34:36.947-0800][gc,heap     ] GC(245) Survivor regions: 7->4(7)
[2021-11-08T18:34:36.947-0800][gc,heap     ] GC(245) Old regions: 128->130
[2021-11-08T18:34:36.947-0800][gc,heap     ] GC(245) Archive regions: 2->2
[2021-11-08T18:34:36.947-0800][gc,heap     ] GC(245) Humongous regions: 129->129
[2021-11-08T18:34:36.948-0800][gc,metaspace] GC(245) Metaspace: 40456K(40960K)->40456K(40960K) NonClass: 35831K(36096K)->35831K(36096K) Class: 4625K(4864K)->4625K(4864K)
[2021-11-08T18:34:36.948-0800][gc          ] GC(245) Pause Young (Normal) (G1 Evacuation Pause) 307M->263M(1024M) 42.747ms
[2021-11-08T18:34:36.948-0800][gc,cpu      ] GC(245) User=0.06s Sys=0.05s Real=0.04s
[2021-11-08T18:36:00.692-0800][gc,start    ] GC(246) Pause Young (Normal) (G1 Evacuation Pause)
[2021-11-08T18:36:00.693-0800][gc,task     ] GC(246) Using 8 workers of 8 for evacuation
[2021-11-08T18:36:00.711-0800][gc,phases   ] GC(246)   Pre Evacuate Collection Set: 1.1ms
[2021-11-08T18:36:00.711-0800][gc,phases   ] GC(246)   Merge Heap Roots: 0.3ms
[2021-11-08T18:36:00.711-0800][gc,phases   ] GC(246)   Evacuate Collection Set: 15.0ms
[2021-11-08T18:36:00.711-0800][gc,phases   ] GC(246)   Post Evacuate Collection Set: 1.2ms
[2021-11-08T18:36:00.711-0800][gc,phases   ] GC(246)   Other: 1.6ms
[2021-11-08T18:36:00.711-0800][gc,heap     ] GC(246) Eden regions: 70->0(80)
[2021-11-08T18:36:00.711-0800][gc,heap     ] GC(246) Survivor regions: 4->5(10)
[2021-11-08T18:36:00.711-0800][gc,heap     ] GC(246) Old regions: 130->130
[2021-11-08T18:36:00.711-0800][gc,heap     ] GC(246) Archive regions: 2->2
[2021-11-08T18:36:00.711-0800][gc,heap     ] GC(246) Humongous regions: 129->129
[2021-11-08T18:36:00.711-0800][gc,metaspace] GC(246) Metaspace: 40456K(40960K)->40456K(40960K) NonClass: 35831K(36096K)->35831K(36096K) Class: 4625K(4864K)->4625K(4864K)
[2021-11-08T18:36:00.711-0800][gc          ] GC(246) Pause Young (Normal) (G1 Evacuation Pause) 333M->264M(1024M) 19.420ms
[2021-11-08T18:36:00.712-0800][gc,cpu      ] GC(246) User=0.03s Sys=0.02s Real=0.02s
[2021-11-08T18:37:36.397-0800][gc,start    ] GC(247) Pause Young (Normal) (G1 Evacuation Pause)
[2021-11-08T18:37:36.398-0800][gc,task     ] GC(247) Using 8 workers of 8 for evacuation
[2021-11-08T18:37:36.430-0800][gc,mmu      ] GC(247) MMU target violated: 21.0ms (20.0ms/21.0ms)
[2021-11-08T18:37:36.430-0800][gc,phases   ] GC(247)   Pre Evacuate Collection Set: 1.6ms
[2021-11-08T18:37:36.430-0800][gc,phases   ] GC(247)   Merge Heap Roots: 0.6ms
[2021-11-08T18:37:36.431-0800][gc,phases   ] GC(247)   Evacuate Collection Set: 27.8ms
[2021-11-08T18:37:36.431-0800][gc,phases   ] GC(247)   Post Evacuate Collection Set: 1.9ms
[2021-11-08T18:37:36.431-0800][gc,phases   ] GC(247)   Other: 2.0ms
[2021-11-08T18:37:36.431-0800][gc,heap     ] GC(247) Eden regions: 80->0(43)
[2021-11-08T18:37:36.431-0800][gc,heap     ] GC(247) Survivor regions: 5->8(11)
[2021-11-08T18:37:36.431-0800][gc,heap     ] GC(247) Old regions: 130->130
[2021-11-08T18:37:36.431-0800][gc,heap     ] GC(247) Archive regions: 2->2
[2021-11-08T18:37:36.431-0800][gc,heap     ] GC(247) Humongous regions: 129->129
[2021-11-08T18:37:36.431-0800][gc,metaspace] GC(247) Metaspace: 40456K(40960K)->40456K(40960K) NonClass: 35831K(36096K)->35831K(36096K) Class: 4625K(4864K)->4625K(4864K)
[2021-11-08T18:37:36.431-0800][gc          ] GC(247) Pause Young (Normal) (G1 Evacuation Pause) 344M->267M(1024M) 34.037ms
[2021-11-08T18:37:36.431-0800][gc,cpu      ] GC(247) User=0.05s Sys=0.04s Real=0.04s
[2021-11-08T18:38:27.532-0800][gc,start    ] GC(248) Pause Young (Normal) (G1 Evacuation Pause)
[2021-11-08T18:38:27.534-0800][gc,task     ] GC(248) Using 8 workers of 8 for evacuation
[2021-11-08T18:38:27.562-0800][gc,mmu      ] GC(248) MMU target violated: 21.0ms (20.0ms/21.0ms)
[2021-11-08T18:38:27.563-0800][gc,phases   ] GC(248)   Pre Evacuate Collection Set: 0.8ms
[2021-11-08T18:38:27.563-0800][gc,phases   ] GC(248)   Merge Heap Roots: 0.2ms
[2021-11-08T18:38:27.563-0800][gc,phases   ] GC(248)   Evacuate Collection Set: 24.4ms
[2021-11-08T18:38:27.563-0800][gc,phases   ] GC(248)   Post Evacuate Collection Set: 2.9ms
[2021-11-08T18:38:27.563-0800][gc,phases   ] GC(248)   Other: 2.1ms
[2021-11-08T18:38:27.563-0800][gc,heap     ] GC(248) Eden regions: 43->0(45)
[2021-11-08T18:38:27.563-0800][gc,heap     ] GC(248) Survivor regions: 8->6(7)
[2021-11-08T18:38:27.563-0800][gc,heap     ] GC(248) Old regions: 130->135
[2021-11-08T18:38:27.563-0800][gc,heap     ] GC(248) Archive regions: 2->2
[2021-11-08T18:38:27.563-0800][gc,heap     ] GC(248) Humongous regions: 129->129
[2021-11-08T18:38:27.563-0800][gc,metaspace] GC(248) Metaspace: 40456K(40960K)->40456K(40960K) NonClass: 35831K(36096K)->35831K(36096K) Class: 4625K(4864K)->4625K(4864K)
[2021-11-08T18:38:27.563-0800][gc          ] GC(248) Pause Young (Normal) (G1 Evacuation Pause) 310M->269M(1024M) 30.585ms
[2021-11-08T18:38:27.563-0800][gc,cpu      ] GC(248) User=0.06s Sys=0.06s Real=0.03s
[2021-11-08T18:39:20.945-0800][gc,start    ] GC(249) Pause Young (Normal) (G1 Evacuation Pause)
[2021-11-08T18:39:20.946-0800][gc,task     ] GC(249) Using 8 workers of 8 for evacuation
[2021-11-08T18:39:20.977-0800][gc,mmu      ] GC(249) MMU target violated: 21.0ms (20.0ms/21.0ms)
[2021-11-08T18:39:20.977-0800][gc,phases   ] GC(249)   Pre Evacuate Collection Set: 2.0ms
[2021-11-08T18:39:20.977-0800][gc,phases   ] GC(249)   Merge Heap Roots: 0.4ms
[2021-11-08T18:39:20.977-0800][gc,phases   ] GC(249)   Evacuate Collection Set: 25.6ms
[2021-11-08T18:39:20.977-0800][gc,phases   ] GC(249)   Post Evacuate Collection Set: 2.7ms
[2021-11-08T18:39:20.977-0800][gc,phases   ] GC(249)   Other: 1.9ms
[2021-11-08T18:39:20.977-0800][gc,heap     ] GC(249) Eden regions: 45->0(114)
[2021-11-08T18:39:20.977-0800][gc,heap     ] GC(249) Survivor regions: 6->4(7)
[2021-11-08T18:39:20.977-0800][gc,heap     ] GC(249) Old regions: 135->137
[2021-11-08T18:39:20.977-0800][gc,heap     ] GC(249) Archive regions: 2->2
[2021-11-08T18:39:20.977-0800][gc,heap     ] GC(249) Humongous regions: 129->129
[2021-11-08T18:39:20.977-0800][gc,metaspace] GC(249) Metaspace: 40456K(40960K)->40456K(40960K) NonClass: 35831K(36096K)->35831K(36096K) Class: 4625K(4864K)->4625K(4864K)
[2021-11-08T18:39:20.977-0800][gc          ] GC(249) Pause Young (Normal) (G1 Evacuation Pause) 314M->270M(1024M) 32.668ms
[2021-11-08T18:39:20.978-0800][gc,cpu      ] GC(249) User=0.05s Sys=0.06s Real=0.03s
[2021-11-08T18:41:36.948-0800][gc,start    ] GC(250) Pause Young (Normal) (G1 Evacuation Pause)
[2021-11-08T18:41:36.949-0800][gc,task     ] GC(250) Using 8 workers of 8 for evacuation
[2021-11-08T18:41:36.989-0800][gc,mmu      ] GC(250) MMU target violated: 21.0ms (20.0ms/21.0ms)
[2021-11-08T18:41:36.989-0800][gc,phases   ] GC(250)   Pre Evacuate Collection Set: 1.2ms
[2021-11-08T18:41:36.989-0800][gc,phases   ] GC(250)   Merge Heap Roots: 0.5ms
[2021-11-08T18:41:36.989-0800][gc,phases   ] GC(250)   Evacuate Collection Set: 35.3ms
[2021-11-08T18:41:36.989-0800][gc,phases   ] GC(250)   Post Evacuate Collection Set: 2.4ms
[2021-11-08T18:41:36.989-0800][gc,phases   ] GC(250)   Other: 1.5ms
[2021-11-08T18:41:36.989-0800][gc,heap     ] GC(250) Eden regions: 114->0(44)
[2021-11-08T18:41:36.989-0800][gc,heap     ] GC(250) Survivor regions: 4->7(15)
[2021-11-08T18:41:36.989-0800][gc,heap     ] GC(250) Old regions: 137->137
[2021-11-08T18:41:36.989-0800][gc,heap     ] GC(250) Archive regions: 2->2
[2021-11-08T18:41:36.989-0800][gc,heap     ] GC(250) Humongous regions: 129->129
[2021-11-08T18:41:36.989-0800][gc,metaspace] GC(250) Metaspace: 40456K(40960K)->40456K(40960K) NonClass: 35831K(36096K)->35831K(36096K) Class: 4625K(4864K)->4625K(4864K)
[2021-11-08T18:41:36.989-0800][gc          ] GC(250) Pause Young (Normal) (G1 Evacuation Pause) 384M->273M(1024M) 40.934ms
[2021-11-08T18:41:36.989-0800][gc,cpu      ] GC(250) User=0.06s Sys=0.05s Real=0.04s
[2021-11-08T18:42:29.557-0800][gc,start    ] GC(251) Pause Young (Normal) (G1 Evacuation Pause)
[2021-11-08T18:42:29.559-0800][gc,task     ] GC(251) Using 8 workers of 8 for evacuation
[2021-11-08T18:42:29.609-0800][gc,mmu      ] GC(251) MMU target violated: 21.0ms (20.0ms/21.0ms)
[2021-11-08T18:42:29.609-0800][gc,phases   ] GC(251)   Pre Evacuate Collection Set: 1.9ms
[2021-11-08T18:42:29.609-0800][gc,phases   ] GC(251)   Merge Heap Roots: 0.4ms
[2021-11-08T18:42:29.609-0800][gc,phases   ] GC(251)   Evacuate Collection Set: 38.2ms
[2021-11-08T18:42:29.609-0800][gc,phases   ] GC(251)   Post Evacuate Collection Set: 8.9ms
[2021-11-08T18:42:29.609-0800][gc,phases   ] GC(251)   Other: 3.0ms
[2021-11-08T18:42:29.609-0800][gc,heap     ] GC(251) Eden regions: 44->0(90)
[2021-11-08T18:42:29.609-0800][gc,heap     ] GC(251) Survivor regions: 7->2(7)
[2021-11-08T18:42:29.609-0800][gc,heap     ] GC(251) Old regions: 137->143
[2021-11-08T18:42:29.609-0800][gc,heap     ] GC(251) Archive regions: 2->2
[2021-11-08T18:42:29.609-0800][gc,heap     ] GC(251) Humongous regions: 129->129
[2021-11-08T18:42:29.609-0800][gc,metaspace] GC(251) Metaspace: 40456K(40960K)->40456K(40960K) NonClass: 35831K(36096K)->35831K(36096K) Class: 4625K(4864K)->4625K(4864K)
[2021-11-08T18:42:29.611-0800][gc          ] GC(251) Pause Young (Normal) (G1 Evacuation Pause) 317M->274M(1024M) 52.483ms
[2021-11-08T18:42:29.611-0800][gc,cpu      ] GC(251) User=0.06s Sys=0.05s Real=0.06s
[2021-11-08T18:44:03.740-0800][gc,start    ] GC(252) Pause Young (Normal) (G1 Evacuation Pause)
[2021-11-08T18:44:03.757-0800][gc,task     ] GC(252) Using 8 workers of 8 for evacuation
[2021-11-08T18:44:03.794-0800][gc,mmu      ] GC(252) MMU target violated: 21.0ms (20.0ms/21.0ms)
[2021-11-08T18:44:03.794-0800][gc,phases   ] GC(252)   Pre Evacuate Collection Set: 1.3ms
[2021-11-08T18:44:03.794-0800][gc,phases   ] GC(252)   Merge Heap Roots: 0.5ms
[2021-11-08T18:44:03.794-0800][gc,phases   ] GC(252)   Evacuate Collection Set: 31.8ms
[2021-11-08T18:44:03.794-0800][gc,phases   ] GC(252)   Post Evacuate Collection Set: 1.6ms
[2021-11-08T18:44:03.794-0800][gc,phases   ] GC(252)   Other: 19.0ms
[2021-11-08T18:44:03.794-0800][gc,heap     ] GC(252) Eden regions: 79->0(46)
[2021-11-08T18:44:03.794-0800][gc,heap     ] GC(252) Survivor regions: 2->5(11)
[2021-11-08T18:44:03.794-0800][gc,heap     ] GC(252) Old regions: 143->143
[2021-11-08T18:44:03.794-0800][gc,heap     ] GC(252) Archive regions: 2->2
[2021-11-08T18:44:03.794-0800][gc,heap     ] GC(252) Humongous regions: 129->129
[2021-11-08T18:44:03.794-0800][gc,metaspace] GC(252) Metaspace: 40456K(40960K)->40456K(40960K) NonClass: 35831K(36096K)->35831K(36096K) Class: 4625K(4864K)->4625K(4864K)
[2021-11-08T18:44:03.794-0800][gc          ] GC(252) Pause Young (Normal) (G1 Evacuation Pause) 353M->276M(1024M) 54.404ms
[2021-11-08T18:44:03.794-0800][gc,cpu      ] GC(252) User=0.04s Sys=0.03s Real=0.05s
[2021-11-08T18:44:58.554-0800][gc,start    ] GC(253) Pause Young (Normal) (G1 Evacuation Pause)
[2021-11-08T18:44:58.556-0800][gc,task     ] GC(253) Using 8 workers of 8 for evacuation
[2021-11-08T18:44:58.581-0800][gc,mmu      ] GC(253) MMU target violated: 21.0ms (20.0ms/21.0ms)
[2021-11-08T18:44:58.581-0800][gc,phases   ] GC(253)   Pre Evacuate Collection Set: 1.3ms
[2021-11-08T18:44:58.581-0800][gc,phases   ] GC(253)   Merge Heap Roots: 0.3ms
[2021-11-08T18:44:58.581-0800][gc,phases   ] GC(253)   Evacuate Collection Set: 20.8ms
[2021-11-08T18:44:58.581-0800][gc,phases   ] GC(253)   Post Evacuate Collection Set: 2.7ms
[2021-11-08T18:44:58.581-0800][gc,phases   ] GC(253)   Other: 2.0ms
[2021-11-08T18:44:58.581-0800][gc,heap     ] GC(253) Eden regions: 46->0(47)
[2021-11-08T18:44:58.581-0800][gc,heap     ] GC(253) Survivor regions: 5->4(7)
[2021-11-08T18:44:58.581-0800][gc,heap     ] GC(253) Old regions: 143->144
[2021-11-08T18:44:58.581-0800][gc,heap     ] GC(253) Archive regions: 2->2
[2021-11-08T18:44:58.581-0800][gc,heap     ] GC(253) Humongous regions: 129->129
[2021-11-08T18:44:58.581-0800][gc,metaspace] GC(253) Metaspace: 40456K(40960K)->40456K(40960K) NonClass: 35831K(36096K)->35831K(36096K) Class: 4625K(4864K)->4625K(4864K)
[2021-11-08T18:44:58.581-0800][gc          ] GC(253) Pause Young (Normal) (G1 Evacuation Pause) 322M->277M(1024M) 27.106ms
[2021-11-08T18:44:58.581-0800][gc,cpu      ] GC(253) User=0.04s Sys=0.04s Real=0.03s
[2021-11-08T18:45:54.618-0800][gc,start    ] GC(254) Pause Young (Normal) (G1 Evacuation Pause)
[2021-11-08T18:45:54.619-0800][gc,task     ] GC(254) Using 8 workers of 8 for evacuation
[2021-11-08T18:45:54.663-0800][gc,mmu      ] GC(254) MMU target violated: 21.0ms (20.0ms/21.0ms)
[2021-11-08T18:45:54.663-0800][gc,phases   ] GC(254)   Pre Evacuate Collection Set: 1.2ms
[2021-11-08T18:45:54.663-0800][gc,phases   ] GC(254)   Merge Heap Roots: 0.3ms
[2021-11-08T18:45:54.663-0800][gc,phases   ] GC(254)   Evacuate Collection Set: 39.5ms
[2021-11-08T18:45:54.663-0800][gc,phases   ] GC(254)   Post Evacuate Collection Set: 2.4ms
[2021-11-08T18:45:54.663-0800][gc,phases   ] GC(254)   Other: 2.3ms
[2021-11-08T18:45:54.663-0800][gc,heap     ] GC(254) Eden regions: 47->0(46)
[2021-11-08T18:45:54.663-0800][gc,heap     ] GC(254) Survivor regions: 4->5(7)
[2021-11-08T18:45:54.663-0800][gc,heap     ] GC(254) Old regions: 144->147
[2021-11-08T18:45:54.663-0800][gc,heap     ] GC(254) Archive regions: 2->2
[2021-11-08T18:45:54.663-0800][gc,heap     ] GC(254) Humongous regions: 129->129
[2021-11-08T18:45:54.663-0800][gc,metaspace] GC(254) Metaspace: 40456K(40960K)->40456K(40960K) NonClass: 35831K(36096K)->35831K(36096K) Class: 4625K(4864K)->4625K(4864K)
[2021-11-08T18:45:54.664-0800][gc          ] GC(254) Pause Young (Normal) (G1 Evacuation Pause) 324M->280M(1024M) 45.911ms
[2021-11-08T18:45:54.664-0800][gc,cpu      ] GC(254) User=0.04s Sys=0.05s Real=0.05s
[2021-11-08T18:46:49.512-0800][gc,start    ] GC(255) Pause Young (Normal) (G1 Evacuation Pause)
[2021-11-08T18:46:49.530-0800][gc,task     ] GC(255) Using 8 workers of 8 for evacuation
[2021-11-08T18:46:49.556-0800][gc,mmu      ] GC(255) MMU target violated: 21.0ms (20.0ms/21.0ms)
[2021-11-08T18:46:49.556-0800][gc,phases   ] GC(255)   Pre Evacuate Collection Set: 1.7ms
[2021-11-08T18:46:49.556-0800][gc,phases   ] GC(255)   Merge Heap Roots: 0.5ms
[2021-11-08T18:46:49.556-0800][gc,phases   ] GC(255)   Evacuate Collection Set: 21.8ms
[2021-11-08T18:46:49.556-0800][gc,phases   ] GC(255)   Post Evacuate Collection Set: 1.4ms
[2021-11-08T18:46:49.557-0800][gc,phases   ] GC(255)   Other: 19.3ms
[2021-11-08T18:46:49.557-0800][gc,heap     ] GC(255) Eden regions: 46->0(50)
[2021-11-08T18:46:49.557-0800][gc,heap     ] GC(255) Survivor regions: 5->4(7)
[2021-11-08T18:46:49.557-0800][gc,heap     ] GC(255) Old regions: 147->148
[2021-11-08T18:46:49.557-0800][gc,heap     ] GC(255) Archive regions: 2->2
[2021-11-08T18:46:49.557-0800][gc,heap     ] GC(255) Humongous regions: 129->129
[2021-11-08T18:46:49.557-0800][gc,metaspace] GC(255) Metaspace: 40456K(40960K)->40456K(40960K) NonClass: 35831K(36096K)->35831K(36096K) Class: 4625K(4864K)->4625K(4864K)
[2021-11-08T18:46:49.557-0800][gc          ] GC(255) Pause Young (Normal) (G1 Evacuation Pause) 326M->281M(1024M) 44.886ms
[2021-11-08T18:46:49.557-0800][gc,cpu      ] GC(255) User=0.04s Sys=0.04s Real=0.04s
[2021-11-08T18:47:45.532-0800][gc,start    ] GC(256) Pause Young (Normal) (G1 Evacuation Pause)
[2021-11-08T18:47:45.565-0800][gc,task     ] GC(256) Using 8 workers of 8 for evacuation
[2021-11-08T18:47:45.592-0800][gc,mmu      ] GC(256) MMU target violated: 21.0ms (20.0ms/21.0ms)
[2021-11-08T18:47:45.592-0800][gc,phases   ] GC(256)   Pre Evacuate Collection Set: 0.7ms
[2021-11-08T18:47:45.592-0800][gc,phases   ] GC(256)   Merge Heap Roots: 0.1ms
[2021-11-08T18:47:45.592-0800][gc,phases   ] GC(256)   Evacuate Collection Set: 24.7ms
[2021-11-08T18:47:45.592-0800][gc,phases   ] GC(256)   Post Evacuate Collection Set: 1.2ms
[2021-11-08T18:47:45.592-0800][gc,phases   ] GC(256)   Other: 34.0ms
[2021-11-08T18:47:45.592-0800][gc,heap     ] GC(256) Eden regions: 47->0(46)
[2021-11-08T18:47:45.592-0800][gc,heap     ] GC(256) Survivor regions: 4->5(7)
[2021-11-08T18:47:45.592-0800][gc,heap     ] GC(256) Old regions: 148->148
[2021-11-08T18:47:45.592-0800][gc,heap     ] GC(256) Archive regions: 2->2
[2021-11-08T18:47:45.592-0800][gc,heap     ] GC(256) Humongous regions: 129->129
[2021-11-08T18:47:45.593-0800][gc,metaspace] GC(256) Metaspace: 40456K(40960K)->40456K(40960K) NonClass: 35831K(36096K)->35831K(36096K) Class: 4625K(4864K)->4625K(4864K)
[2021-11-08T18:47:45.593-0800][gc          ] GC(256) Pause Young (Normal) (G1 Evacuation Pause) 328M->282M(1024M) 60.859ms
[2021-11-08T18:47:45.593-0800][gc,cpu      ] GC(256) User=0.03s Sys=0.02s Real=0.06s
[2021-11-08T18:48:40.325-0800][gc,start    ] GC(257) Pause Young (Normal) (G1 Evacuation Pause)
[2021-11-08T18:48:40.326-0800][gc,task     ] GC(257) Using 8 workers of 8 for evacuation
[2021-11-08T18:48:40.356-0800][gc,mmu      ] GC(257) MMU target violated: 21.0ms (20.0ms/21.0ms)
[2021-11-08T18:48:40.356-0800][gc,phases   ] GC(257)   Pre Evacuate Collection Set: 1.4ms
[2021-11-08T18:48:40.356-0800][gc,phases   ] GC(257)   Merge Heap Roots: 0.4ms
[2021-11-08T18:48:40.356-0800][gc,phases   ] GC(257)   Evacuate Collection Set: 25.5ms
[2021-11-08T18:48:40.356-0800][gc,phases   ] GC(257)   Post Evacuate Collection Set: 2.1ms
[2021-11-08T18:48:40.356-0800][gc,phases   ] GC(257)   Other: 2.3ms
[2021-11-08T18:48:40.357-0800][gc,heap     ] GC(257) Eden regions: 46->0(45)
[2021-11-08T18:48:40.357-0800][gc,heap     ] GC(257) Survivor regions: 5->6(7)
[2021-11-08T18:48:40.357-0800][gc,heap     ] GC(257) Old regions: 148->150
[2021-11-08T18:48:40.357-0800][gc,heap     ] GC(257) Archive regions: 2->2
[2021-11-08T18:48:40.357-0800][gc,heap     ] GC(257) Humongous regions: 129->129
[2021-11-08T18:48:40.357-0800][gc,metaspace] GC(257) Metaspace: 40456K(40960K)->40456K(40960K) NonClass: 35831K(36096K)->35831K(36096K) Class: 4625K(4864K)->4625K(4864K)
[2021-11-08T18:48:40.357-0800][gc          ] GC(257) Pause Young (Normal) (G1 Evacuation Pause) 328M->284M(1024M) 31.798ms
[2021-11-08T18:48:40.357-0800][gc,cpu      ] GC(257) User=0.05s Sys=0.03s Real=0.03s
[2021-11-08T18:49:33.804-0800][gc,start    ] GC(258) Pause Young (Normal) (G1 Evacuation Pause)
[2021-11-08T18:49:33.805-0800][gc,task     ] GC(258) Using 8 workers of 8 for evacuation
[2021-11-08T18:49:33.829-0800][gc,mmu      ] GC(258) MMU target violated: 21.0ms (20.0ms/21.0ms)
[2021-11-08T18:49:33.829-0800][gc,phases   ] GC(258)   Pre Evacuate Collection Set: 1.2ms
[2021-11-08T18:49:33.829-0800][gc,phases   ] GC(258)   Merge Heap Roots: 0.3ms
[2021-11-08T18:49:33.829-0800][gc,phases   ] GC(258)   Evacuate Collection Set: 20.6ms
[2021-11-08T18:49:33.829-0800][gc,phases   ] GC(258)   Post Evacuate Collection Set: 1.8ms
[2021-11-08T18:49:33.829-0800][gc,phases   ] GC(258)   Other: 1.3ms
[2021-11-08T18:49:33.829-0800][gc,heap     ] GC(258) Eden regions: 45->0(81)
[2021-11-08T18:49:33.829-0800][gc,heap     ] GC(258) Survivor regions: 6->4(7)
[2021-11-08T18:49:33.829-0800][gc,heap     ] GC(258) Old regions: 150->152
[2021-11-08T18:49:33.829-0800][gc,heap     ] GC(258) Archive regions: 2->2
[2021-11-08T18:49:33.829-0800][gc,heap     ] GC(258) Humongous regions: 129->129
[2021-11-08T18:49:33.830-0800][gc,metaspace] GC(258) Metaspace: 40456K(40960K)->40456K(40960K) NonClass: 35831K(36096K)->35831K(36096K) Class: 4625K(4864K)->4625K(4864K)
[2021-11-08T18:49:33.830-0800][gc          ] GC(258) Pause Young (Normal) (G1 Evacuation Pause) 329M->285M(1024M) 25.384ms
[2021-11-08T18:49:33.830-0800][gc,cpu      ] GC(258) User=0.04s Sys=0.03s Real=0.03s
[2021-11-08T18:50:49.824-0800][gc,start    ] GC(259) Pause Young (Normal) (G1 Evacuation Pause)
[2021-11-08T18:50:49.826-0800][gc,task     ] GC(259) Using 8 workers of 8 for evacuation
[2021-11-08T18:50:49.847-0800][gc,mmu      ] GC(259) MMU target violated: 20.9ms (20.0ms/21.0ms)
[2021-11-08T18:50:49.847-0800][gc,phases   ] GC(259)   Pre Evacuate Collection Set: 0.6ms
[2021-11-08T18:50:49.847-0800][gc,phases   ] GC(259)   Merge Heap Roots: 0.2ms
[2021-11-08T18:50:49.847-0800][gc,phases   ] GC(259)   Evacuate Collection Set: 18.8ms
[2021-11-08T18:50:49.847-0800][gc,phases   ] GC(259)   Post Evacuate Collection Set: 1.3ms
[2021-11-08T18:50:49.847-0800][gc,phases   ] GC(259)   Other: 1.8ms
[2021-11-08T18:50:49.847-0800][gc,heap     ] GC(259) Eden regions: 64->0(50)
[2021-11-08T18:50:49.847-0800][gc,heap     ] GC(259) Survivor regions: 4->6(9)
[2021-11-08T18:50:49.847-0800][gc,heap     ] GC(259) Old regions: 152->152
[2021-11-08T18:50:49.847-0800][gc,heap     ] GC(259) Archive regions: 2->2
[2021-11-08T18:50:49.847-0800][gc,heap     ] GC(259) Humongous regions: 129->129
[2021-11-08T18:50:49.847-0800][gc,metaspace] GC(259) Metaspace: 40456K(40960K)->40456K(40960K) NonClass: 35831K(36096K)->35831K(36096K) Class: 4625K(4864K)->4625K(4864K)
[2021-11-08T18:50:49.847-0800][gc          ] GC(259) Pause Young (Normal) (G1 Evacuation Pause) 349M->287M(1024M) 22.995ms
[2021-11-08T18:50:49.847-0800][gc,cpu      ] GC(259) User=0.04s Sys=0.02s Real=0.02s
[2021-11-08T18:51:49.607-0800][gc,start    ] GC(260) Pause Young (Normal) (G1 Evacuation Pause)
[2021-11-08T18:51:49.607-0800][gc,task     ] GC(260) Using 8 workers of 8 for evacuation
[2021-11-08T18:51:49.645-0800][gc,mmu      ] GC(260) MMU target violated: 21.0ms (20.0ms/21.0ms)
[2021-11-08T18:51:49.645-0800][gc,phases   ] GC(260)   Pre Evacuate Collection Set: 4.1ms
[2021-11-08T18:51:49.645-0800][gc,phases   ] GC(260)   Merge Heap Roots: 0.3ms
[2021-11-08T18:51:49.645-0800][gc,phases   ] GC(260)   Evacuate Collection Set: 30.9ms
[2021-11-08T18:51:49.645-0800][gc,phases   ] GC(260)   Post Evacuate Collection Set: 1.7ms
[2021-11-08T18:51:49.645-0800][gc,phases   ] GC(260)   Other: 1.1ms
[2021-11-08T18:51:49.645-0800][gc,heap     ] GC(260) Eden regions: 50->0(55)
[2021-11-08T18:51:49.645-0800][gc,heap     ] GC(260) Survivor regions: 6->5(7)
[2021-11-08T18:51:49.645-0800][gc,heap     ] GC(260) Old regions: 152->155
[2021-11-08T18:51:49.645-0800][gc,heap     ] GC(260) Archive regions: 2->2
[2021-11-08T18:51:49.645-0800][gc,heap     ] GC(260) Humongous regions: 129->129
[2021-11-08T18:51:49.645-0800][gc,metaspace] GC(260) Metaspace: 40456K(40960K)->40456K(40960K) NonClass: 35831K(36096K)->35831K(36096K) Class: 4625K(4864K)->4625K(4864K)
[2021-11-08T18:51:49.645-0800][gc          ] GC(260) Pause Young (Normal) (G1 Evacuation Pause) 337M->288M(1024M) 38.303ms
[2021-11-08T18:51:49.645-0800][gc,cpu      ] GC(260) User=0.04s Sys=0.03s Real=0.04s
[2021-11-08T18:52:54.739-0800][gc,start    ] GC(261) Pause Young (Normal) (G1 Evacuation Pause)
[2021-11-08T18:52:54.740-0800][gc,task     ] GC(261) Using 8 workers of 8 for evacuation
[2021-11-08T18:52:54.770-0800][gc,mmu      ] GC(261) MMU target violated: 21.0ms (20.0ms/21.0ms)
[2021-11-08T18:52:54.770-0800][gc,phases   ] GC(261)   Pre Evacuate Collection Set: 0.7ms
[2021-11-08T18:52:54.770-0800][gc,phases   ] GC(261)   Merge Heap Roots: 0.4ms
[2021-11-08T18:52:54.770-0800][gc,phases   ] GC(261)   Evacuate Collection Set: 26.5ms
[2021-11-08T18:52:54.770-0800][gc,phases   ] GC(261)   Post Evacuate Collection Set: 2.1ms
[2021-11-08T18:52:54.770-0800][gc,phases   ] GC(261)   Other: 1.8ms
[2021-11-08T18:52:54.770-0800][gc,heap     ] GC(261) Eden regions: 55->0(44)
[2021-11-08T18:52:54.770-0800][gc,heap     ] GC(261) Survivor regions: 5->7(8)
[2021-11-08T18:52:54.770-0800][gc,heap     ] GC(261) Old regions: 155->155
[2021-11-08T18:52:54.770-0800][gc,heap     ] GC(261) Archive regions: 2->2
[2021-11-08T18:52:54.770-0800][gc,heap     ] GC(261) Humongous regions: 129->129
[2021-11-08T18:52:54.770-0800][gc,metaspace] GC(261) Metaspace: 40456K(40960K)->40456K(40960K) NonClass: 35831K(36096K)->35831K(36096K) Class: 4625K(4864K)->4625K(4864K)
[2021-11-08T18:52:54.770-0800][gc          ] GC(261) Pause Young (Normal) (G1 Evacuation Pause) 343M->290M(1024M) 31.767ms
[2021-11-08T18:52:54.771-0800][gc,cpu      ] GC(261) User=0.04s Sys=0.04s Real=0.04s
[2021-11-08T18:53:46.677-0800][gc,start    ] GC(262) Pause Young (Normal) (G1 Evacuation Pause)
[2021-11-08T18:53:46.683-0800][gc,task     ] GC(262) Using 8 workers of 8 for evacuation
[2021-11-08T18:53:46.727-0800][gc,mmu      ] GC(262) MMU target violated: 21.0ms (20.0ms/21.0ms)
[2021-11-08T18:53:46.740-0800][gc,phases   ] GC(262)   Pre Evacuate Collection Set: 0.8ms
[2021-11-08T18:53:46.740-0800][gc,phases   ] GC(262)   Merge Heap Roots: 0.2ms
[2021-11-08T18:53:46.740-0800][gc,phases   ] GC(262)   Evacuate Collection Set: 35.0ms
[2021-11-08T18:53:46.740-0800][gc,phases   ] GC(262)   Post Evacuate Collection Set: 7.3ms
[2021-11-08T18:53:46.740-0800][gc,phases   ] GC(262)   Other: 19.2ms
[2021-11-08T18:53:46.740-0800][gc,heap     ] GC(262) Eden regions: 44->0(47)
[2021-11-08T18:53:46.740-0800][gc,heap     ] GC(262) Survivor regions: 7->4(7)
[2021-11-08T18:53:46.740-0800][gc,heap     ] GC(262) Old regions: 155->158
[2021-11-08T18:53:46.740-0800][gc,heap     ] GC(262) Archive regions: 2->2
[2021-11-08T18:53:46.740-0800][gc,heap     ] GC(262) Humongous regions: 129->129
[2021-11-08T18:53:46.740-0800][gc,metaspace] GC(262) Metaspace: 40456K(40960K)->40456K(40960K) NonClass: 35831K(36096K)->35831K(36096K) Class: 4625K(4864K)->4625K(4864K)
[2021-11-08T18:53:46.740-0800][gc          ] GC(262) Pause Young (Normal) (G1 Evacuation Pause) 334M->291M(1024M) 62.954ms
[2021-11-08T18:53:46.740-0800][gc,cpu      ] GC(262) User=0.05s Sys=0.04s Real=0.07s
[2021-11-08T18:54:39.427-0800][gc,start    ] GC(263) Pause Young (Normal) (G1 Evacuation Pause)
[2021-11-08T18:54:39.428-0800][gc,task     ] GC(263) Using 8 workers of 8 for evacuation
[2021-11-08T18:54:39.486-0800][gc,mmu      ] GC(263) MMU target violated: 21.0ms (20.0ms/21.0ms)
[2021-11-08T18:54:39.486-0800][gc,phases   ] GC(263)   Pre Evacuate Collection Set: 1.4ms
[2021-11-08T18:54:39.486-0800][gc,phases   ] GC(263)   Merge Heap Roots: 0.5ms
[2021-11-08T18:54:39.486-0800][gc,phases   ] GC(263)   Evacuate Collection Set: 54.3ms
[2021-11-08T18:54:39.486-0800][gc,phases   ] GC(263)   Post Evacuate Collection Set: 1.2ms
[2021-11-08T18:54:39.486-0800][gc,phases   ] GC(263)   Other: 1.6ms
[2021-11-08T18:54:39.486-0800][gc,heap     ] GC(263) Eden regions: 47->0(44)
[2021-11-08T18:54:39.486-0800][gc,heap     ] GC(263) Survivor regions: 4->7(7)
[2021-11-08T18:54:39.486-0800][gc,heap     ] GC(263) Old regions: 158->158
[2021-11-08T18:54:39.486-0800][gc,heap     ] GC(263) Archive regions: 2->2
[2021-11-08T18:54:39.486-0800][gc,heap     ] GC(263) Humongous regions: 129->129
[2021-11-08T18:54:39.486-0800][gc,metaspace] GC(263) Metaspace: 40456K(40960K)->40456K(40960K) NonClass: 35831K(36096K)->35831K(36096K) Class: 4625K(4864K)->4625K(4864K)
[2021-11-08T18:54:39.486-0800][gc          ] GC(263) Pause Young (Normal) (G1 Evacuation Pause) 338M->294M(1024M) 58.826ms
[2021-11-08T18:54:39.486-0800][gc,cpu      ] GC(263) User=0.05s Sys=0.06s Real=0.06s
[2021-11-08T18:55:31.417-0800][gc,start    ] GC(264) Pause Young (Normal) (G1 Evacuation Pause)
[2021-11-08T18:55:31.418-0800][gc,task     ] GC(264) Using 8 workers of 8 for evacuation
[2021-11-08T18:55:31.457-0800][gc,mmu      ] GC(264) MMU target violated: 21.0ms (20.0ms/21.0ms)
[2021-11-08T18:55:31.457-0800][gc,phases   ] GC(264)   Pre Evacuate Collection Set: 1.0ms
[2021-11-08T18:55:31.457-0800][gc,phases   ] GC(264)   Merge Heap Roots: 0.3ms
[2021-11-08T18:55:31.457-0800][gc,phases   ] GC(264)   Evacuate Collection Set: 35.7ms
[2021-11-08T18:55:31.457-0800][gc,phases   ] GC(264)   Post Evacuate Collection Set: 2.1ms
[2021-11-08T18:55:31.457-0800][gc,phases   ] GC(264)   Other: 1.3ms
[2021-11-08T18:55:31.457-0800][gc,heap     ] GC(264) Eden regions: 44->0(48)
[2021-11-08T18:55:31.457-0800][gc,heap     ] GC(264) Survivor regions: 7->3(7)
[2021-11-08T18:55:31.457-0800][gc,heap     ] GC(264) Old regions: 158->164
[2021-11-08T18:55:31.457-0800][gc,heap     ] GC(264) Archive regions: 2->2
[2021-11-08T18:55:31.457-0800][gc,heap     ] GC(264) Humongous regions: 129->129
[2021-11-08T18:55:31.457-0800][gc,metaspace] GC(264) Metaspace: 40456K(40960K)->40456K(40960K) NonClass: 35831K(36096K)->35831K(36096K) Class: 4625K(4864K)->4625K(4864K)
[2021-11-08T18:55:31.457-0800][gc          ] GC(264) Pause Young (Normal) (G1 Evacuation Pause) 338M->295M(1024M) 40.479ms
[2021-11-08T18:55:31.457-0800][gc,cpu      ] GC(264) User=0.04s Sys=0.05s Real=0.04s
[2021-11-08T18:56:28.637-0800][gc,start    ] GC(265) Pause Young (Normal) (G1 Evacuation Pause)
[2021-11-08T18:56:28.638-0800][gc,task     ] GC(265) Using 8 workers of 8 for evacuation
[2021-11-08T18:56:28.660-0800][gc,mmu      ] GC(265) MMU target violated: 21.0ms (20.0ms/21.0ms)
[2021-11-08T18:56:28.660-0800][gc,phases   ] GC(265)   Pre Evacuate Collection Set: 1.6ms
[2021-11-08T18:56:28.660-0800][gc,phases   ] GC(265)   Merge Heap Roots: 0.5ms
[2021-11-08T18:56:28.660-0800][gc,phases   ] GC(265)   Evacuate Collection Set: 17.4ms
[2021-11-08T18:56:28.660-0800][gc,phases   ] GC(265)   Post Evacuate Collection Set: 1.6ms
[2021-11-08T18:56:28.660-0800][gc,phases   ] GC(265)   Other: 2.1ms
[2021-11-08T18:56:28.660-0800][gc,heap     ] GC(265) Eden regions: 48->0(81)
[2021-11-08T18:56:28.660-0800][gc,heap     ] GC(265) Survivor regions: 3->3(7)
[2021-11-08T18:56:28.660-0800][gc,heap     ] GC(265) Old regions: 164->164
[2021-11-08T18:56:28.660-0800][gc,heap     ] GC(265) Archive regions: 2->2
[2021-11-08T18:56:28.660-0800][gc,heap     ] GC(265) Humongous regions: 129->129
[2021-11-08T18:56:28.660-0800][gc,metaspace] GC(265) Metaspace: 40456K(40960K)->40456K(40960K) NonClass: 35831K(36096K)->35831K(36096K) Class: 4625K(4864K)->4625K(4864K)
[2021-11-08T18:56:28.660-0800][gc          ] GC(265) Pause Young (Normal) (G1 Evacuation Pause) 343M->295M(1024M) 23.288ms
[2021-11-08T18:56:28.660-0800][gc,cpu      ] GC(265) User=0.03s Sys=0.03s Real=0.03s
[2021-11-08T18:58:05.028-0800][gc,start    ] GC(266) Pause Young (Normal) (G1 Evacuation Pause)
[2021-11-08T18:58:05.029-0800][gc,task     ] GC(266) Using 8 workers of 8 for evacuation
[2021-11-08T18:58:05.068-0800][gc,mmu      ] GC(266) MMU target violated: 21.0ms (20.0ms/21.0ms)
[2021-11-08T18:58:05.068-0800][gc,phases   ] GC(266)   Pre Evacuate Collection Set: 1.6ms
[2021-11-08T18:58:05.068-0800][gc,phases   ] GC(266)   Merge Heap Roots: 0.3ms
[2021-11-08T18:58:05.068-0800][gc,phases   ] GC(266)   Evacuate Collection Set: 34.8ms
[2021-11-08T18:58:05.068-0800][gc,phases   ] GC(266)   Post Evacuate Collection Set: 1.6ms
[2021-11-08T18:58:05.068-0800][gc,phases   ] GC(266)   Other: 1.8ms
[2021-11-08T18:58:05.068-0800][gc,heap     ] GC(266) Eden regions: 81->0(45)
[2021-11-08T18:58:05.068-0800][gc,heap     ] GC(266) Survivor regions: 3->6(11)
[2021-11-08T18:58:05.068-0800][gc,heap     ] GC(266) Old regions: 164->164
[2021-11-08T18:58:05.068-0800][gc,heap     ] GC(266) Archive regions: 2->2
[2021-11-08T18:58:05.069-0800][gc,heap     ] GC(266) Humongous regions: 129->129
[2021-11-08T18:58:05.069-0800][gc,metaspace] GC(266) Metaspace: 40456K(40960K)->40456K(40960K) NonClass: 35831K(36096K)->35831K(36096K) Class: 4625K(4864K)->4625K(4864K)
[2021-11-08T18:58:05.069-0800][gc          ] GC(266) Pause Young (Normal) (G1 Evacuation Pause) 376M->298M(1024M) 40.281ms
[2021-11-08T18:58:05.069-0800][gc,cpu      ] GC(266) User=0.05s Sys=0.05s Real=0.04s
[2021-11-08T18:58:58.730-0800][gc,start    ] GC(267) Pause Young (Normal) (G1 Evacuation Pause)
[2021-11-08T18:58:58.731-0800][gc,task     ] GC(267) Using 8 workers of 8 for evacuation
[2021-11-08T18:58:58.757-0800][gc,mmu      ] GC(267) MMU target violated: 21.0ms (20.0ms/21.0ms)
[2021-11-08T18:58:58.757-0800][gc,phases   ] GC(267)   Pre Evacuate Collection Set: 1.1ms
[2021-11-08T18:58:58.757-0800][gc,phases   ] GC(267)   Merge Heap Roots: 0.2ms
[2021-11-08T18:58:58.757-0800][gc,phases   ] GC(267)   Evacuate Collection Set: 22.5ms
[2021-11-08T18:58:58.757-0800][gc,phases   ] GC(267)   Post Evacuate Collection Set: 2.6ms
[2021-11-08T18:58:58.757-0800][gc,phases   ] GC(267)   Other: 1.5ms
[2021-11-08T18:58:58.757-0800][gc,heap     ] GC(267) Eden regions: 45->0(61)
[2021-11-08T18:58:58.758-0800][gc,heap     ] GC(267) Survivor regions: 6->5(7)
[2021-11-08T18:58:58.758-0800][gc,heap     ] GC(267) Old regions: 164->166
[2021-11-08T18:58:58.758-0800][gc,heap     ] GC(267) Archive regions: 2->2
[2021-11-08T18:58:58.758-0800][gc,heap     ] GC(267) Humongous regions: 129->129
[2021-11-08T18:58:58.758-0800][gc,metaspace] GC(267) Metaspace: 40456K(40960K)->40456K(40960K) NonClass: 35831K(36096K)->35831K(36096K) Class: 4625K(4864K)->4625K(4864K)
[2021-11-08T18:58:58.758-0800][gc          ] GC(267) Pause Young (Normal) (G1 Evacuation Pause) 343M->299M(1024M) 27.947ms
[2021-11-08T18:58:58.758-0800][gc,cpu      ] GC(267) User=0.04s Sys=0.04s Real=0.02s
[2021-11-08T18:59:52.714-0800][gc,start    ] GC(268) Pause Young (Normal) (G1 Evacuation Pause)
[2021-11-08T18:59:52.716-0800][gc,task     ] GC(268) Using 8 workers of 8 for evacuation
[2021-11-08T18:59:52.751-0800][gc,mmu      ] GC(268) MMU target violated: 21.0ms (20.0ms/21.0ms)
[2021-11-08T18:59:52.751-0800][gc,phases   ] GC(268)   Pre Evacuate Collection Set: 1.0ms
[2021-11-08T18:59:52.751-0800][gc,phases   ] GC(268)   Merge Heap Roots: 0.2ms
[2021-11-08T18:59:52.751-0800][gc,phases   ] GC(268)   Evacuate Collection Set: 31.7ms
[2021-11-08T18:59:52.751-0800][gc,phases   ] GC(268)   Post Evacuate Collection Set: 1.7ms
[2021-11-08T18:59:52.751-0800][gc,phases   ] GC(268)   Other: 2.0ms
[2021-11-08T18:59:52.751-0800][gc,heap     ] GC(268) Eden regions: 46->0(58)
[2021-11-08T18:59:52.751-0800][gc,heap     ] GC(268) Survivor regions: 5->5(7)
[2021-11-08T18:59:52.751-0800][gc,heap     ] GC(268) Old regions: 166->168
[2021-11-08T18:59:52.751-0800][gc,heap     ] GC(268) Archive regions: 2->2
[2021-11-08T18:59:52.751-0800][gc,heap     ] GC(268) Humongous regions: 129->129
[2021-11-08T18:59:52.751-0800][gc,metaspace] GC(268) Metaspace: 40456K(40960K)->40456K(40960K) NonClass: 35831K(36096K)->35831K(36096K) Class: 4625K(4864K)->4625K(4864K)
[2021-11-08T18:59:52.751-0800][gc          ] GC(268) Pause Young (Normal) (G1 Evacuation Pause) 345M->301M(1024M) 36.793ms
[2021-11-08T18:59:52.751-0800][gc,cpu      ] GC(268) User=0.03s Sys=0.04s Real=0.04s
[2021-11-08T19:00:46.844-0800][gc,start    ] GC(269) Pause Young (Normal) (G1 Evacuation Pause)
[2021-11-08T19:00:46.846-0800][gc,task     ] GC(269) Using 8 workers of 8 for evacuation
[2021-11-08T19:00:46.869-0800][gc,mmu      ] GC(269) MMU target violated: 21.0ms (20.0ms/21.0ms)
[2021-11-08T19:00:46.870-0800][gc,phases   ] GC(269)   Pre Evacuate Collection Set: 1.9ms
[2021-11-08T19:00:46.870-0800][gc,phases   ] GC(269)   Merge Heap Roots: 0.4ms
[2021-11-08T19:00:46.870-0800][gc,phases   ] GC(269)   Evacuate Collection Set: 19.7ms
[2021-11-08T19:00:46.870-0800][gc,phases   ] GC(269)   Post Evacuate Collection Set: 1.5ms
[2021-11-08T19:00:46.870-0800][gc,phases   ] GC(269)   Other: 2.7ms
[2021-11-08T19:00:46.870-0800][gc,heap     ] GC(269) Eden regions: 46->0(103)
[2021-11-08T19:00:46.870-0800][gc,heap     ] GC(269) Survivor regions: 5->4(7)
[2021-11-08T19:00:46.870-0800][gc,heap     ] GC(269) Old regions: 168->169
[2021-11-08T19:00:46.870-0800][gc,heap     ] GC(269) Archive regions: 2->2
[2021-11-08T19:00:46.870-0800][gc,heap     ] GC(269) Humongous regions: 129->129
[2021-11-08T19:00:46.870-0800][gc,metaspace] GC(269) Metaspace: 40456K(40960K)->40456K(40960K) NonClass: 35831K(36096K)->35831K(36096K) Class: 4625K(4864K)->4625K(4864K)
[2021-11-08T19:00:46.870-0800][gc          ] GC(269) Pause Young (Normal) (G1 Evacuation Pause) 347M->302M(1024M) 26.213ms
[2021-11-08T19:00:46.870-0800][gc,cpu      ] GC(269) User=0.04s Sys=0.03s Real=0.03s
[2021-11-08T19:02:30.853-0800][gc,start    ] GC(270) Pause Young (Normal) (G1 Evacuation Pause)
[2021-11-08T19:02:30.854-0800][gc,task     ] GC(270) Using 8 workers of 8 for evacuation
[2021-11-08T19:02:30.884-0800][gc,mmu      ] GC(270) MMU target violated: 21.0ms (20.0ms/21.0ms)
[2021-11-08T19:02:30.884-0800][gc,phases   ] GC(270)   Pre Evacuate Collection Set: 1.5ms
[2021-11-08T19:02:30.884-0800][gc,phases   ] GC(270)   Merge Heap Roots: 0.3ms
[2021-11-08T19:02:30.884-0800][gc,phases   ] GC(270)   Evacuate Collection Set: 24.8ms
[2021-11-08T19:02:30.884-0800][gc,phases   ] GC(270)   Post Evacuate Collection Set: 1.8ms
[2021-11-08T19:02:30.884-0800][gc,phases   ] GC(270)   Other: 2.7ms
[2021-11-08T19:02:30.884-0800][gc,heap     ] GC(270) Eden regions: 86->0(51)
[2021-11-08T19:02:30.884-0800][gc,heap     ] GC(270) Survivor regions: 4->6(12)
[2021-11-08T19:02:30.884-0800][gc,heap     ] GC(270) Old regions: 169->169
[2021-11-08T19:02:30.884-0800][gc,heap     ] GC(270) Archive regions: 2->2
[2021-11-08T19:02:30.884-0800][gc,heap     ] GC(270) Humongous regions: 129->129
[2021-11-08T19:02:30.884-0800][gc,metaspace] GC(270) Metaspace: 40456K(40960K)->40456K(40960K) NonClass: 35831K(36096K)->35831K(36096K) Class: 4625K(4864K)->4625K(4864K)
[2021-11-08T19:02:30.884-0800][gc          ] GC(270) Pause Young (Normal) (G1 Evacuation Pause) 388M->304M(1024M) 31.463ms
[2021-11-08T19:02:30.884-0800][gc,cpu      ] GC(270) User=0.06s Sys=0.03s Real=0.03s
[2021-11-08T19:03:31.466-0800][gc,start    ] GC(271) Pause Young (Normal) (G1 Evacuation Pause)
[2021-11-08T19:03:31.467-0800][gc,task     ] GC(271) Using 8 workers of 8 for evacuation
[2021-11-08T19:03:31.491-0800][gc,mmu      ] GC(271) MMU target violated: 21.0ms (20.0ms/21.0ms)
[2021-11-08T19:03:31.491-0800][gc,phases   ] GC(271)   Pre Evacuate Collection Set: 0.7ms
[2021-11-08T19:03:31.491-0800][gc,phases   ] GC(271)   Merge Heap Roots: 0.3ms
[2021-11-08T19:03:31.491-0800][gc,phases   ] GC(271)   Evacuate Collection Set: 21.2ms
[2021-11-08T19:03:31.491-0800][gc,phases   ] GC(271)   Post Evacuate Collection Set: 1.7ms
[2021-11-08T19:03:31.491-0800][gc,phases   ] GC(271)   Other: 1.9ms
[2021-11-08T19:03:31.491-0800][gc,heap     ] GC(271) Eden regions: 51->0(70)
[2021-11-08T19:03:31.491-0800][gc,heap     ] GC(271) Survivor regions: 6->6(8)
[2021-11-08T19:03:31.491-0800][gc,heap     ] GC(271) Old regions: 169->172
[2021-11-08T19:03:31.491-0800][gc,heap     ] GC(271) Archive regions: 2->2
[2021-11-08T19:03:31.491-0800][gc,heap     ] GC(271) Humongous regions: 129->129
[2021-11-08T19:03:31.492-0800][gc,metaspace] GC(271) Metaspace: 40456K(40960K)->40456K(40960K) NonClass: 35831K(36096K)->35831K(36096K) Class: 4625K(4864K)->4625K(4864K)
[2021-11-08T19:03:31.492-0800][gc          ] GC(271) Pause Young (Normal) (G1 Evacuation Pause) 355M->306M(1024M) 26.116ms
[2021-11-08T19:03:31.492-0800][gc,cpu      ] GC(271) User=0.06s Sys=0.02s Real=0.03s
[2021-11-08T19:04:41.626-0800][gc,start    ] GC(272) Pause Young (Normal) (G1 Evacuation Pause)
[2021-11-08T19:04:41.628-0800][gc,task     ] GC(272) Using 8 workers of 8 for evacuation
[2021-11-08T19:04:41.653-0800][gc,mmu      ] GC(272) MMU target violated: 21.0ms (20.0ms/21.0ms)
[2021-11-08T19:04:41.653-0800][gc,phases   ] GC(272)   Pre Evacuate Collection Set: 1.2ms
[2021-11-08T19:04:41.653-0800][gc,phases   ] GC(272)   Merge Heap Roots: 0.2ms
[2021-11-08T19:04:41.653-0800][gc,phases   ] GC(272)   Evacuate Collection Set: 21.3ms
[2021-11-08T19:04:41.653-0800][gc,phases   ] GC(272)   Post Evacuate Collection Set: 2.1ms
[2021-11-08T19:04:41.653-0800][gc,phases   ] GC(272)   Other: 2.5ms
[2021-11-08T19:04:41.653-0800][gc,heap     ] GC(272) Eden regions: 59->0(135)
[2021-11-08T19:04:41.653-0800][gc,heap     ] GC(272) Survivor regions: 6->4(9)
[2021-11-08T19:04:41.653-0800][gc,heap     ] GC(272) Old regions: 172->175
[2021-11-08T19:04:41.653-0800][gc,heap     ] GC(272) Archive regions: 2->2
[2021-11-08T19:04:41.653-0800][gc,heap     ] GC(272) Humongous regions: 129->129
[2021-11-08T19:04:41.653-0800][gc,metaspace] GC(272) Metaspace: 40456K(40960K)->40456K(40960K) NonClass: 35831K(36096K)->35831K(36096K) Class: 4625K(4864K)->4625K(4864K)
[2021-11-08T19:04:41.653-0800][gc          ] GC(272) Pause Young (Normal) (G1 Evacuation Pause) 365M->308M(1024M) 27.358ms
[2021-11-08T19:04:41.654-0800][gc,cpu      ] GC(272) User=0.04s Sys=0.03s Real=0.03s
[2021-11-08T19:07:23.263-0800][gc,start    ] GC(273) Pause Young (Normal) (G1 Evacuation Pause)
[2021-11-08T19:07:23.265-0800][gc,task     ] GC(273) Using 8 workers of 8 for evacuation
[2021-11-08T19:07:23.311-0800][gc,mmu      ] GC(273) MMU target violated: 21.0ms (20.0ms/21.0ms)
[2021-11-08T19:07:23.311-0800][gc,phases   ] GC(273)   Pre Evacuate Collection Set: 1.5ms
[2021-11-08T19:07:23.311-0800][gc,phases   ] GC(273)   Merge Heap Roots: 0.4ms
[2021-11-08T19:07:23.311-0800][gc,phases   ] GC(273)   Evacuate Collection Set: 40.7ms
[2021-11-08T19:07:23.311-0800][gc,phases   ] GC(273)   Post Evacuate Collection Set: 3.0ms
[2021-11-08T19:07:23.311-0800][gc,phases   ] GC(273)   Other: 2.7ms
[2021-11-08T19:07:23.311-0800][gc,heap     ] GC(273) Eden regions: 135->0(42)
[2021-11-08T19:07:23.311-0800][gc,heap     ] GC(273) Survivor regions: 4->9(18)
[2021-11-08T19:07:23.311-0800][gc,heap     ] GC(273) Old regions: 175->175
[2021-11-08T19:07:23.311-0800][gc,heap     ] GC(273) Archive regions: 2->2
[2021-11-08T19:07:23.311-0800][gc,heap     ] GC(273) Humongous regions: 129->129
[2021-11-08T19:07:23.311-0800][gc,metaspace] GC(273) Metaspace: 40456K(40960K)->40456K(40960K) NonClass: 35831K(36096K)->35831K(36096K) Class: 4625K(4864K)->4625K(4864K)
[2021-11-08T19:07:23.311-0800][gc          ] GC(273) Pause Young (Normal) (G1 Evacuation Pause) 443M->313M(1024M) 48.530ms
[2021-11-08T19:07:23.312-0800][gc,cpu      ] GC(273) User=0.07s Sys=0.07s Real=0.05s
[2021-11-08T19:08:13.147-0800][gc,start    ] GC(274) Pause Young (Normal) (G1 Evacuation Pause)
[2021-11-08T19:08:13.147-0800][gc,task     ] GC(274) Using 8 workers of 8 for evacuation
[2021-11-08T19:08:13.168-0800][gc,mmu      ] GC(274) MMU target violated: 20.3ms (20.0ms/21.0ms)
[2021-11-08T19:08:13.168-0800][gc,phases   ] GC(274)   Pre Evacuate Collection Set: 0.7ms
[2021-11-08T19:08:13.168-0800][gc,phases   ] GC(274)   Merge Heap Roots: 0.2ms
[2021-11-08T19:08:13.168-0800][gc,phases   ] GC(274)   Evacuate Collection Set: 18.8ms
[2021-11-08T19:08:13.168-0800][gc,phases   ] GC(274)   Post Evacuate Collection Set: 0.7ms
[2021-11-08T19:08:13.168-0800][gc,phases   ] GC(274)   Other: 1.4ms
[2021-11-08T19:08:13.168-0800][gc,heap     ] GC(274) Eden regions: 42->0(124)
[2021-11-08T19:08:13.168-0800][gc,heap     ] GC(274) Survivor regions: 9->3(7)
[2021-11-08T19:08:13.168-0800][gc,heap     ] GC(274) Old regions: 175->182
[2021-11-08T19:08:13.168-0800][gc,heap     ] GC(274) Archive regions: 2->2
[2021-11-08T19:08:13.168-0800][gc,heap     ] GC(274) Humongous regions: 129->129
[2021-11-08T19:08:13.168-0800][gc,metaspace] GC(274) Metaspace: 40456K(40960K)->40456K(40960K) NonClass: 35831K(36096K)->35831K(36096K) Class: 4625K(4864K)->4625K(4864K)
[2021-11-08T19:08:13.169-0800][gc          ] GC(274) Pause Young (Normal) (G1 Evacuation Pause) 355M->313M(1024M) 21.932ms
[2021-11-08T19:08:13.169-0800][gc,cpu      ] GC(274) User=0.06s Sys=0.02s Real=0.02s
[2021-11-08T19:10:41.203-0800][gc,start    ] GC(275) Pause Young (Normal) (G1 Evacuation Pause)
[2021-11-08T19:10:41.204-0800][gc,task     ] GC(275) Using 8 workers of 8 for evacuation
[2021-11-08T19:10:41.246-0800][gc,mmu      ] GC(275) MMU target violated: 21.0ms (20.0ms/21.0ms)
[2021-11-08T19:10:41.246-0800][gc,phases   ] GC(275)   Pre Evacuate Collection Set: 1.6ms
[2021-11-08T19:10:41.246-0800][gc,phases   ] GC(275)   Merge Heap Roots: 0.3ms
[2021-11-08T19:10:41.246-0800][gc,phases   ] GC(275)   Evacuate Collection Set: 34.1ms
[2021-11-08T19:10:41.246-0800][gc,phases   ] GC(275)   Post Evacuate Collection Set: 4.8ms
[2021-11-08T19:10:41.246-0800][gc,phases   ] GC(275)   Other: 2.1ms
[2021-11-08T19:10:41.246-0800][gc,heap     ] GC(275) Eden regions: 124->0(45)
[2021-11-08T19:10:41.246-0800][gc,heap     ] GC(275) Survivor regions: 3->6(16)
[2021-11-08T19:10:41.246-0800][gc,heap     ] GC(275) Old regions: 182->182
[2021-11-08T19:10:41.246-0800][gc,heap     ] GC(275) Archive regions: 2->2
[2021-11-08T19:10:41.246-0800][gc,heap     ] GC(275) Humongous regions: 129->129
[2021-11-08T19:10:41.246-0800][gc,metaspace] GC(275) Metaspace: 40456K(40960K)->40456K(40960K) NonClass: 35831K(36096K)->35831K(36096K) Class: 4625K(4864K)->4625K(4864K)
[2021-11-08T19:10:41.246-0800][gc          ] GC(275) Pause Young (Normal) (G1 Evacuation Pause) 437M->316M(1024M) 42.950ms
[2021-11-08T19:10:41.246-0800][gc,cpu      ] GC(275) User=0.05s Sys=0.04s Real=0.04s
[2021-11-08T19:11:34.821-0800][gc,start    ] GC(276) Pause Young (Normal) (G1 Evacuation Pause)
[2021-11-08T19:11:34.822-0800][gc,task     ] GC(276) Using 8 workers of 8 for evacuation
[2021-11-08T19:11:34.854-0800][gc,mmu      ] GC(276) MMU target violated: 21.0ms (20.0ms/21.0ms)
[2021-11-08T19:11:34.854-0800][gc,phases   ] GC(276)   Pre Evacuate Collection Set: 0.9ms
[2021-11-08T19:11:34.854-0800][gc,phases   ] GC(276)   Merge Heap Roots: 0.4ms
[2021-11-08T19:11:34.854-0800][gc,phases   ] GC(276)   Evacuate Collection Set: 24.7ms
[2021-11-08T19:11:34.854-0800][gc,phases   ] GC(276)   Post Evacuate Collection Set: 5.4ms
[2021-11-08T19:11:34.854-0800][gc,phases   ] GC(276)   Other: 1.7ms
[2021-11-08T19:11:34.854-0800][gc,heap     ] GC(276) Eden regions: 45->0(96)
[2021-11-08T19:11:34.854-0800][gc,heap     ] GC(276) Survivor regions: 6->3(7)
[2021-11-08T19:11:34.854-0800][gc,heap     ] GC(276) Old regions: 182->186
[2021-11-08T19:11:34.854-0800][gc,heap     ] GC(276) Archive regions: 2->2
[2021-11-08T19:11:34.854-0800][gc,heap     ] GC(276) Humongous regions: 129->129
[2021-11-08T19:11:34.854-0800][gc,metaspace] GC(276) Metaspace: 40456K(40960K)->40456K(40960K) NonClass: 35831K(36096K)->35831K(36096K) Class: 4625K(4864K)->4625K(4864K)
[2021-11-08T19:11:34.854-0800][gc          ] GC(276) Pause Young (Normal) (G1 Evacuation Pause) 361M->318M(1024M) 33.320ms
[2021-11-08T19:11:34.854-0800][gc,cpu      ] GC(276) User=0.04s Sys=0.03s Real=0.03s
[2021-11-08T19:13:28.771-0800][gc,start    ] GC(277) Pause Young (Normal) (G1 Evacuation Pause)
[2021-11-08T19:13:28.772-0800][gc,task     ] GC(277) Using 8 workers of 8 for evacuation
[2021-11-08T19:13:28.809-0800][gc,mmu      ] GC(277) MMU target violated: 21.0ms (20.0ms/21.0ms)
[2021-11-08T19:13:28.809-0800][gc,phases   ] GC(277)   Pre Evacuate Collection Set: 0.8ms
[2021-11-08T19:13:28.809-0800][gc,phases   ] GC(277)   Merge Heap Roots: 4.8ms
[2021-11-08T19:13:28.809-0800][gc,phases   ] GC(277)   Evacuate Collection Set: 29.2ms
[2021-11-08T19:13:28.809-0800][gc,phases   ] GC(277)   Post Evacuate Collection Set: 2.0ms
[2021-11-08T19:13:28.809-0800][gc,phases   ] GC(277)   Other: 1.4ms
[2021-11-08T19:13:28.809-0800][gc,heap     ] GC(277) Eden regions: 96->0(45)
[2021-11-08T19:13:28.809-0800][gc,heap     ] GC(277) Survivor regions: 3->6(13)
[2021-11-08T19:13:28.810-0800][gc,heap     ] GC(277) Old regions: 186->186
[2021-11-08T19:13:28.810-0800][gc,heap     ] GC(277) Archive regions: 2->2
[2021-11-08T19:13:28.810-0800][gc,heap     ] GC(277) Humongous regions: 129->129
[2021-11-08T19:13:28.810-0800][gc,metaspace] GC(277) Metaspace: 40456K(40960K)->40456K(40960K) NonClass: 35831K(36096K)->35831K(36096K) Class: 4625K(4864K)->4625K(4864K)
[2021-11-08T19:13:28.810-0800][gc          ] GC(277) Pause Young (Normal) (G1 Evacuation Pause) 414M->321M(1024M) 38.370ms
[2021-11-08T19:13:28.810-0800][gc,cpu      ] GC(277) User=0.03s Sys=0.03s Real=0.04s
[2021-11-08T19:14:22.019-0800][gc,start    ] GC(278) Pause Young (Normal) (G1 Evacuation Pause)
[2021-11-08T19:14:22.020-0800][gc,task     ] GC(278) Using 8 workers of 8 for evacuation
[2021-11-08T19:14:22.043-0800][gc,mmu      ] GC(278) MMU target violated: 21.0ms (20.0ms/21.0ms)
[2021-11-08T19:14:22.043-0800][gc,phases   ] GC(278)   Pre Evacuate Collection Set: 1.2ms
[2021-11-08T19:14:22.043-0800][gc,phases   ] GC(278)   Merge Heap Roots: 0.3ms
[2021-11-08T19:14:22.043-0800][gc,phases   ] GC(278)   Evacuate Collection Set: 19.5ms
[2021-11-08T19:14:22.043-0800][gc,phases   ] GC(278)   Post Evacuate Collection Set: 1.6ms
[2021-11-08T19:14:22.043-0800][gc,phases   ] GC(278)   Other: 2.0ms
[2021-11-08T19:14:22.043-0800][gc,heap     ] GC(278) Eden regions: 45->0(46)
[2021-11-08T19:14:22.043-0800][gc,heap     ] GC(278) Survivor regions: 6->5(7)
[2021-11-08T19:14:22.043-0800][gc,heap     ] GC(278) Old regions: 186->188
[2021-11-08T19:14:22.043-0800][gc,heap     ] GC(278) Archive regions: 2->2
[2021-11-08T19:14:22.043-0800][gc,heap     ] GC(278) Humongous regions: 129->129
[2021-11-08T19:14:22.043-0800][gc,metaspace] GC(278) Metaspace: 40456K(40960K)->40456K(40960K) NonClass: 35831K(36096K)->35831K(36096K) Class: 4625K(4864K)->4625K(4864K)
[2021-11-08T19:14:22.045-0800][gc          ] GC(278) Pause Young (Normal) (G1 Evacuation Pause) 366M->322M(1024M) 24.697ms
[2021-11-08T19:14:22.045-0800][gc,cpu      ] GC(278) User=0.04s Sys=0.04s Real=0.03s
[2021-11-08T19:15:17.078-0800][gc,start    ] GC(279) Pause Young (Normal) (G1 Evacuation Pause)
[2021-11-08T19:15:17.080-0800][gc,task     ] GC(279) Using 8 workers of 8 for evacuation
[2021-11-08T19:15:17.137-0800][gc,mmu      ] GC(279) MMU target violated: 21.0ms (20.0ms/21.0ms)
[2021-11-08T19:15:17.137-0800][gc,phases   ] GC(279)   Pre Evacuate Collection Set: 1.3ms
[2021-11-08T19:15:17.137-0800][gc,phases   ] GC(279)   Merge Heap Roots: 0.4ms
[2021-11-08T19:15:17.137-0800][gc,phases   ] GC(279)   Evacuate Collection Set: 53.0ms
[2021-11-08T19:15:17.137-0800][gc,phases   ] GC(279)   Post Evacuate Collection Set: 1.6ms
[2021-11-08T19:15:17.137-0800][gc,phases   ] GC(279)   Other: 2.7ms
[2021-11-08T19:15:17.137-0800][gc,heap     ] GC(279) Eden regions: 46->0(46)
[2021-11-08T19:15:17.137-0800][gc,heap     ] GC(279) Survivor regions: 5->5(7)
[2021-11-08T19:15:17.137-0800][gc,heap     ] GC(279) Old regions: 188->191
[2021-11-08T19:15:17.137-0800][gc,heap     ] GC(279) Archive regions: 2->2
[2021-11-08T19:15:17.137-0800][gc,heap     ] GC(279) Humongous regions: 129->129
[2021-11-08T19:15:17.137-0800][gc,metaspace] GC(279) Metaspace: 40474K(40960K)->40474K(40960K) NonClass: 35849K(36096K)->35849K(36096K) Class: 4625K(4864K)->4625K(4864K)
[2021-11-08T19:15:17.137-0800][gc          ] GC(279) Pause Young (Normal) (G1 Evacuation Pause) 368M->324M(1024M) 59.090ms
[2021-11-08T19:15:17.137-0800][gc,cpu      ] GC(279) User=0.04s Sys=0.04s Real=0.06s
[2021-11-08T19:16:12.252-0800][gc,start    ] GC(280) Pause Young (Normal) (G1 Evacuation Pause)
[2021-11-08T19:16:12.253-0800][gc,task     ] GC(280) Using 8 workers of 8 for evacuation
[2021-11-08T19:16:12.284-0800][gc,mmu      ] GC(280) MMU target violated: 21.0ms (20.0ms/21.0ms)
[2021-11-08T19:16:12.284-0800][gc,phases   ] GC(280)   Pre Evacuate Collection Set: 0.9ms
[2021-11-08T19:16:12.284-0800][gc,phases   ] GC(280)   Merge Heap Roots: 0.3ms
[2021-11-08T19:16:12.284-0800][gc,phases   ] GC(280)   Evacuate Collection Set: 23.3ms
[2021-11-08T19:16:12.284-0800][gc,phases   ] GC(280)   Post Evacuate Collection Set: 5.9ms
[2021-11-08T19:16:12.284-0800][gc,phases   ] GC(280)   Other: 1.5ms
[2021-11-08T19:16:12.284-0800][gc,heap     ] GC(280) Eden regions: 46->0(47)
[2021-11-08T19:16:12.284-0800][gc,heap     ] GC(280) Survivor regions: 5->4(7)
[2021-11-08T19:16:12.284-0800][gc,heap     ] GC(280) Old regions: 191->192
[2021-11-08T19:16:12.284-0800][gc,heap     ] GC(280) Archive regions: 2->2
[2021-11-08T19:16:12.284-0800][gc,heap     ] GC(280) Humongous regions: 129->129
[2021-11-08T19:16:12.284-0800][gc,metaspace] GC(280) Metaspace: 40474K(40960K)->40474K(40960K) NonClass: 35849K(36096K)->35849K(36096K) Class: 4625K(4864K)->4625K(4864K)
[2021-11-08T19:16:12.284-0800][gc          ] GC(280) Pause Young (Normal) (G1 Evacuation Pause) 370M->325M(1024M) 31.971ms
[2021-11-08T19:16:12.284-0800][gc,cpu      ] GC(280) User=0.03s Sys=0.03s Real=0.03s
[2021-11-08T19:17:08.407-0800][gc,start    ] GC(281) Pause Young (Normal) (G1 Evacuation Pause)
[2021-11-08T19:17:08.409-0800][gc,task     ] GC(281) Using 8 workers of 8 for evacuation
[2021-11-08T19:17:08.425-0800][gc,phases   ] GC(281)   Pre Evacuate Collection Set: 0.8ms
[2021-11-08T19:17:08.425-0800][gc,phases   ] GC(281)   Merge Heap Roots: 0.2ms
[2021-11-08T19:17:08.425-0800][gc,phases   ] GC(281)   Evacuate Collection Set: 14.5ms
[2021-11-08T19:17:08.425-0800][gc,phases   ] GC(281)   Post Evacuate Collection Set: 0.7ms
[2021-11-08T19:17:08.425-0800][gc,phases   ] GC(281)   Other: 2.2ms
[2021-11-08T19:17:08.425-0800][gc,heap     ] GC(281) Eden regions: 47->0(55)
[2021-11-08T19:17:08.425-0800][gc,heap     ] GC(281) Survivor regions: 4->5(7)
[2021-11-08T19:17:08.425-0800][gc,heap     ] GC(281) Old regions: 192->192
[2021-11-08T19:17:08.425-0800][gc,heap     ] GC(281) Archive regions: 2->2
[2021-11-08T19:17:08.425-0800][gc,heap     ] GC(281) Humongous regions: 129->129
[2021-11-08T19:17:08.425-0800][gc,metaspace] GC(281) Metaspace: 40474K(40960K)->40474K(40960K) NonClass: 35849K(36096K)->35849K(36096K) Class: 4625K(4864K)->4625K(4864K)
[2021-11-08T19:17:08.426-0800][gc          ] GC(281) Pause Young (Normal) (G1 Evacuation Pause) 372M->326M(1024M) 18.747ms
[2021-11-08T19:17:08.426-0800][gc,cpu      ] GC(281) User=0.04s Sys=0.01s Real=0.02s
[2021-11-08T19:18:13.962-0800][gc,start    ] GC(282) Pause Young (Normal) (G1 Evacuation Pause)
[2021-11-08T19:18:13.963-0800][gc,task     ] GC(282) Using 8 workers of 8 for evacuation
[2021-11-08T19:18:14.014-0800][gc,mmu      ] GC(282) MMU target violated: 21.0ms (20.0ms/21.0ms)
[2021-11-08T19:18:14.014-0800][gc,phases   ] GC(282)   Pre Evacuate Collection Set: 3.7ms
[2021-11-08T19:18:14.014-0800][gc,phases   ] GC(282)   Merge Heap Roots: 0.3ms
[2021-11-08T19:18:14.014-0800][gc,phases   ] GC(282)   Evacuate Collection Set: 43.9ms
[2021-11-08T19:18:14.014-0800][gc,phases   ] GC(282)   Post Evacuate Collection Set: 2.2ms
[2021-11-08T19:18:14.014-0800][gc,phases   ] GC(282)   Other: 2.1ms
[2021-11-08T19:18:14.014-0800][gc,heap     ] GC(282) Eden regions: 55->0(45)
[2021-11-08T19:18:14.014-0800][gc,heap     ] GC(282) Survivor regions: 5->6(8)
[2021-11-08T19:18:14.014-0800][gc,heap     ] GC(282) Old regions: 192->193
[2021-11-08T19:18:14.014-0800][gc,heap     ] GC(282) Archive regions: 2->2
[2021-11-08T19:18:14.014-0800][gc,heap     ] GC(282) Humongous regions: 129->129
[2021-11-08T19:18:14.014-0800][gc,metaspace] GC(282) Metaspace: 40474K(40960K)->40474K(40960K) NonClass: 35849K(36096K)->35849K(36096K) Class: 4625K(4864K)->4625K(4864K)
[2021-11-08T19:18:14.014-0800][gc          ] GC(282) Pause Young (Normal) (G1 Evacuation Pause) 381M->328M(1024M) 52.320ms
[2021-11-08T19:18:14.014-0800][gc,cpu      ] GC(282) User=0.04s Sys=0.05s Real=0.05s
[2021-11-08T19:19:07.224-0800][gc,start    ] GC(283) Pause Young (Normal) (G1 Evacuation Pause)
[2021-11-08T19:19:07.233-0800][gc,task     ] GC(283) Using 8 workers of 8 for evacuation
[2021-11-08T19:19:07.266-0800][gc,mmu      ] GC(283) MMU target violated: 21.0ms (20.0ms/21.0ms)
[2021-11-08T19:19:07.266-0800][gc,phases   ] GC(283)   Pre Evacuate Collection Set: 1.0ms
[2021-11-08T19:19:07.266-0800][gc,phases   ] GC(283)   Merge Heap Roots: 0.3ms
[2021-11-08T19:19:07.266-0800][gc,phases   ] GC(283)   Evacuate Collection Set: 29.6ms
[2021-11-08T19:19:07.266-0800][gc,phases   ] GC(283)   Post Evacuate Collection Set: 1.5ms
[2021-11-08T19:19:07.266-0800][gc,phases   ] GC(283)   Other: 9.9ms
[2021-11-08T19:19:07.267-0800][gc,heap     ] GC(283) Eden regions: 45->0(47)
[2021-11-08T19:19:07.267-0800][gc,heap     ] GC(283) Survivor regions: 6->4(7)
[2021-11-08T19:19:07.267-0800][gc,heap     ] GC(283) Old regions: 193->196
[2021-11-08T19:19:07.267-0800][gc,heap     ] GC(283) Archive regions: 2->2
[2021-11-08T19:19:07.267-0800][gc,heap     ] GC(283) Humongous regions: 129->129
[2021-11-08T19:19:07.267-0800][gc,metaspace] GC(283) Metaspace: 40474K(40960K)->40474K(40960K) NonClass: 35849K(36096K)->35849K(36096K) Class: 4625K(4864K)->4625K(4864K)
[2021-11-08T19:19:07.267-0800][gc          ] GC(283) Pause Young (Normal) (G1 Evacuation Pause) 373M->328M(1024M) 42.362ms
[2021-11-08T19:19:07.267-0800][gc,cpu      ] GC(283) User=0.03s Sys=0.04s Real=0.04s
[2021-11-08T19:20:03.375-0800][gc,start    ] GC(284) Pause Young (Normal) (G1 Evacuation Pause)
[2021-11-08T19:20:03.376-0800][gc,task     ] GC(284) Using 8 workers of 8 for evacuation
[2021-11-08T19:20:03.393-0800][gc,phases   ] GC(284)   Pre Evacuate Collection Set: 0.5ms
[2021-11-08T19:20:03.393-0800][gc,phases   ] GC(284)   Merge Heap Roots: 0.2ms
[2021-11-08T19:20:03.393-0800][gc,phases   ] GC(284)   Evacuate Collection Set: 15.2ms
[2021-11-08T19:20:03.393-0800][gc,phases   ] GC(284)   Post Evacuate Collection Set: 0.6ms
[2021-11-08T19:20:03.393-0800][gc,phases   ] GC(284)   Other: 1.6ms
[2021-11-08T19:20:03.393-0800][gc,heap     ] GC(284) Eden regions: 47->0(45)
[2021-11-08T19:20:03.393-0800][gc,heap     ] GC(284) Survivor regions: 4->6(7)
[2021-11-08T19:20:03.393-0800][gc,heap     ] GC(284) Old regions: 196->196
[2021-11-08T19:20:03.393-0800][gc,heap     ] GC(284) Archive regions: 2->2
[2021-11-08T19:20:03.393-0800][gc,heap     ] GC(284) Humongous regions: 129->129
[2021-11-08T19:20:03.393-0800][gc,metaspace] GC(284) Metaspace: 40474K(40960K)->40474K(40960K) NonClass: 35849K(36096K)->35849K(36096K) Class: 4625K(4864K)->4625K(4864K)
[2021-11-08T19:20:03.393-0800][gc          ] GC(284) Pause Young (Normal) (G1 Evacuation Pause) 375M->331M(1024M) 18.396ms
[2021-11-08T19:20:03.393-0800][gc,cpu      ] GC(284) User=0.04s Sys=0.01s Real=0.02s
[2021-11-08T19:20:56.965-0800][gc,start    ] GC(285) Pause Young (Normal) (G1 Evacuation Pause)
[2021-11-08T19:20:56.966-0800][gc,task     ] GC(285) Using 8 workers of 8 for evacuation
[2021-11-08T19:20:57.001-0800][gc,mmu      ] GC(285) MMU target violated: 21.0ms (20.0ms/21.0ms)
[2021-11-08T19:20:57.001-0800][gc,phases   ] GC(285)   Pre Evacuate Collection Set: 1.3ms
[2021-11-08T19:20:57.001-0800][gc,phases   ] GC(285)   Merge Heap Roots: 0.4ms
[2021-11-08T19:20:57.001-0800][gc,phases   ] GC(285)   Evacuate Collection Set: 31.8ms
[2021-11-08T19:20:57.001-0800][gc,phases   ] GC(285)   Post Evacuate Collection Set: 1.1ms
[2021-11-08T19:20:57.001-0800][gc,phases   ] GC(285)   Other: 1.7ms
[2021-11-08T19:20:57.001-0800][gc,heap     ] GC(285) Eden regions: 45->0(89)
[2021-11-08T19:20:57.001-0800][gc,heap     ] GC(285) Survivor regions: 6->4(7)
[2021-11-08T19:20:57.001-0800][gc,heap     ] GC(285) Old regions: 196->199
[2021-11-08T19:20:57.001-0800][gc,heap     ] GC(285) Archive regions: 2->2
[2021-11-08T19:20:57.001-0800][gc,heap     ] GC(285) Humongous regions: 129->129
[2021-11-08T19:20:57.001-0800][gc,metaspace] GC(285) Metaspace: 40474K(40960K)->40474K(40960K) NonClass: 35849K(36096K)->35849K(36096K) Class: 4625K(4864K)->4625K(4864K)
[2021-11-08T19:20:57.001-0800][gc          ] GC(285) Pause Young (Normal) (G1 Evacuation Pause) 376M->332M(1024M) 36.262ms
[2021-11-08T19:20:57.001-0800][gc,cpu      ] GC(285) User=0.04s Sys=0.04s Real=0.04s
[2021-11-08T19:22:20.948-0800][gc,start    ] GC(286) Pause Young (Normal) (G1 Evacuation Pause)
[2021-11-08T19:22:20.950-0800][gc,task     ] GC(286) Using 8 workers of 8 for evacuation
[2021-11-08T19:22:20.983-0800][gc,mmu      ] GC(286) MMU target violated: 21.0ms (20.0ms/21.0ms)
[2021-11-08T19:22:20.983-0800][gc,phases   ] GC(286)   Pre Evacuate Collection Set: 1.1ms
[2021-11-08T19:22:20.983-0800][gc,phases   ] GC(286)   Merge Heap Roots: 0.3ms
[2021-11-08T19:22:20.983-0800][gc,phases   ] GC(286)   Evacuate Collection Set: 29.4ms
[2021-11-08T19:22:20.983-0800][gc,phases   ] GC(286)   Post Evacuate Collection Set: 1.9ms
[2021-11-08T19:22:20.983-0800][gc,phases   ] GC(286)   Other: 2.4ms
[2021-11-08T19:22:20.983-0800][gc,heap     ] GC(286) Eden regions: 71->0(45)
[2021-11-08T19:22:20.983-0800][gc,heap     ] GC(286) Survivor regions: 4->6(10)
[2021-11-08T19:22:20.983-0800][gc,heap     ] GC(286) Old regions: 199->199
[2021-11-08T19:22:20.983-0800][gc,heap     ] GC(286) Archive regions: 2->2
[2021-11-08T19:22:20.984-0800][gc,heap     ] GC(286) Humongous regions: 129->129
[2021-11-08T19:22:20.984-0800][gc,metaspace] GC(286) Metaspace: 40474K(40960K)->40474K(40960K) NonClass: 35849K(36096K)->35849K(36096K) Class: 4625K(4864K)->4625K(4864K)
[2021-11-08T19:22:20.984-0800][gc          ] GC(286) Pause Young (Normal) (G1 Evacuation Pause) 403M->333M(1024M) 35.204ms
[2021-11-08T19:22:20.984-0800][gc,cpu      ] GC(286) User=0.03s Sys=0.03s Real=0.04s
[2021-11-08T19:23:14.177-0800][gc,start    ] GC(287) Pause Young (Normal) (G1 Evacuation Pause)
[2021-11-08T19:23:14.179-0800][gc,task     ] GC(287) Using 8 workers of 8 for evacuation
[2021-11-08T19:23:14.215-0800][gc,mmu      ] GC(287) MMU target violated: 21.0ms (20.0ms/21.0ms)
[2021-11-08T19:23:14.215-0800][gc,phases   ] GC(287)   Pre Evacuate Collection Set: 1.5ms
[2021-11-08T19:23:14.215-0800][gc,phases   ] GC(287)   Merge Heap Roots: 0.3ms
[2021-11-08T19:23:14.215-0800][gc,phases   ] GC(287)   Evacuate Collection Set: 29.3ms
[2021-11-08T19:23:14.215-0800][gc,phases   ] GC(287)   Post Evacuate Collection Set: 4.0ms
[2021-11-08T19:23:14.216-0800][gc,phases   ] GC(287)   Other: 2.5ms
[2021-11-08T19:23:14.216-0800][gc,heap     ] GC(287) Eden regions: 45->0(45)
[2021-11-08T19:23:14.216-0800][gc,heap     ] GC(287) Survivor regions: 6->6(7)
[2021-11-08T19:23:14.216-0800][gc,heap     ] GC(287) Old regions: 199->200
[2021-11-08T19:23:14.216-0800][gc,heap     ] GC(287) Archive regions: 2->2
[2021-11-08T19:23:14.216-0800][gc,heap     ] GC(287) Humongous regions: 129->129
[2021-11-08T19:23:14.216-0800][gc,metaspace] GC(287) Metaspace: 40474K(40960K)->40474K(40960K) NonClass: 35849K(36096K)->35849K(36096K) Class: 4625K(4864K)->4625K(4864K)
[2021-11-08T19:23:14.216-0800][gc          ] GC(287) Pause Young (Normal) (G1 Evacuation Pause) 378M->335M(1024M) 38.414ms
[2021-11-08T19:23:14.216-0800][gc,cpu      ] GC(287) User=0.05s Sys=0.04s Real=0.04s
[2021-11-08T19:24:07.456-0800][gc,start    ] GC(288) Pause Young (Normal) (G1 Evacuation Pause)
[2021-11-08T19:24:07.458-0800][gc,task     ] GC(288) Using 8 workers of 8 for evacuation
[2021-11-08T19:24:07.498-0800][gc,mmu      ] GC(288) MMU target violated: 21.0ms (20.0ms/21.0ms)
[2021-11-08T19:24:07.498-0800][gc,phases   ] GC(288)   Pre Evacuate Collection Set: 8.0ms
[2021-11-08T19:24:07.498-0800][gc,phases   ] GC(288)   Merge Heap Roots: 0.3ms
[2021-11-08T19:24:07.498-0800][gc,phases   ] GC(288)   Evacuate Collection Set: 28.5ms
[2021-11-08T19:24:07.498-0800][gc,phases   ] GC(288)   Post Evacuate Collection Set: 2.4ms
[2021-11-08T19:24:07.498-0800][gc,phases   ] GC(288)   Other: 3.2ms
[2021-11-08T19:24:07.498-0800][gc,heap     ] GC(288) Eden regions: 45->0(47)
[2021-11-08T19:24:07.498-0800][gc,heap     ] GC(288) Survivor regions: 6->4(7)
[2021-11-08T19:24:07.498-0800][gc,heap     ] GC(288) Old regions: 200->204
[2021-11-08T19:24:07.498-0800][gc,heap     ] GC(288) Archive regions: 2->2
[2021-11-08T19:24:07.498-0800][gc,heap     ] GC(288) Humongous regions: 129->129
[2021-11-08T19:24:07.498-0800][gc,metaspace] GC(288) Metaspace: 40474K(40960K)->40474K(40960K) NonClass: 35849K(36096K)->35849K(36096K) Class: 4625K(4864K)->4625K(4864K)
[2021-11-08T19:24:07.498-0800][gc          ] GC(288) Pause Young (Normal) (G1 Evacuation Pause) 380M->336M(1024M) 42.528ms
[2021-11-08T19:24:07.498-0800][gc,cpu      ] GC(288) User=0.05s Sys=0.04s Real=0.04s
[2021-11-08T19:25:03.075-0800][gc,start    ] GC(289) Pause Young (Normal) (G1 Evacuation Pause)
[2021-11-08T19:25:03.078-0800][gc,task     ] GC(289) Using 8 workers of 8 for evacuation
[2021-11-08T19:25:03.098-0800][gc,mmu      ] GC(289) MMU target violated: 20.5ms (20.0ms/21.0ms)
[2021-11-08T19:25:03.099-0800][gc,phases   ] GC(289)   Pre Evacuate Collection Set: 1.3ms
[2021-11-08T19:25:03.099-0800][gc,phases   ] GC(289)   Merge Heap Roots: 0.3ms
[2021-11-08T19:25:03.099-0800][gc,phases   ] GC(289)   Evacuate Collection Set: 16.5ms
[2021-11-08T19:25:03.099-0800][gc,phases   ] GC(289)   Post Evacuate Collection Set: 2.3ms
[2021-11-08T19:25:03.099-0800][gc,phases   ] GC(289)   Other: 2.9ms
[2021-11-08T19:25:03.099-0800][gc,heap     ] GC(289) Eden regions: 47->0(46)
[2021-11-08T19:25:03.099-0800][gc,heap     ] GC(289) Survivor regions: 4->5(7)
[2021-11-08T19:25:03.099-0800][gc,heap     ] GC(289) Old regions: 204->204
[2021-11-08T19:25:03.099-0800][gc,heap     ] GC(289) Archive regions: 2->2
[2021-11-08T19:25:03.099-0800][gc,heap     ] GC(289) Humongous regions: 129->129
[2021-11-08T19:25:03.099-0800][gc,metaspace] GC(289) Metaspace: 40474K(40960K)->40474K(40960K) NonClass: 35849K(36096K)->35849K(36096K) Class: 4625K(4864K)->4625K(4864K)
[2021-11-08T19:25:03.099-0800][gc          ] GC(289) Pause Young (Normal) (G1 Evacuation Pause) 383M->337M(1024M) 23.435ms
[2021-11-08T19:25:03.099-0800][gc,cpu      ] GC(289) User=0.04s Sys=0.03s Real=0.02s
[2021-11-08T19:25:57.723-0800][gc,start    ] GC(290) Pause Young (Normal) (G1 Evacuation Pause)
[2021-11-08T19:25:57.724-0800][gc,task     ] GC(290) Using 8 workers of 8 for evacuation
[2021-11-08T19:25:57.751-0800][gc,mmu      ] GC(290) MMU target violated: 21.0ms (20.0ms/21.0ms)
[2021-11-08T19:25:57.751-0800][gc,phases   ] GC(290)   Pre Evacuate Collection Set: 0.8ms
[2021-11-08T19:25:57.751-0800][gc,phases   ] GC(290)   Merge Heap Roots: 0.2ms
[2021-11-08T19:25:57.751-0800][gc,phases   ] GC(290)   Evacuate Collection Set: 24.7ms
[2021-11-08T19:25:57.751-0800][gc,phases   ] GC(290)   Post Evacuate Collection Set: 1.3ms
[2021-11-08T19:25:57.751-0800][gc,phases   ] GC(290)   Other: 1.1ms
[2021-11-08T19:25:57.751-0800][gc,heap     ] GC(290) Eden regions: 46->0(45)
[2021-11-08T19:25:57.751-0800][gc,heap     ] GC(290) Survivor regions: 5->6(7)
[2021-11-08T19:25:57.751-0800][gc,heap     ] GC(290) Old regions: 204->205
[2021-11-08T19:25:57.751-0800][gc,heap     ] GC(290) Archive regions: 2->2
[2021-11-08T19:25:57.751-0800][gc,heap     ] GC(290) Humongous regions: 129->129
[2021-11-08T19:25:57.751-0800][gc,metaspace] GC(290) Metaspace: 40474K(40960K)->40474K(40960K) NonClass: 35849K(36096K)->35849K(36096K) Class: 4625K(4864K)->4625K(4864K)
[2021-11-08T19:25:57.751-0800][gc          ] GC(290) Pause Young (Normal) (G1 Evacuation Pause) 383M->339M(1024M) 28.120ms
[2021-11-08T19:25:57.751-0800][gc,cpu      ] GC(290) User=0.03s Sys=0.03s Real=0.03s
[2021-11-08T19:26:51.238-0800][gc,start    ] GC(291) Pause Young (Normal) (G1 Evacuation Pause)
[2021-11-08T19:26:51.240-0800][gc,task     ] GC(291) Using 8 workers of 8 for evacuation
[2021-11-08T19:26:51.266-0800][gc,mmu      ] GC(291) MMU target violated: 21.0ms (20.0ms/21.0ms)
[2021-11-08T19:26:51.266-0800][gc,phases   ] GC(291)   Pre Evacuate Collection Set: 1.3ms
[2021-11-08T19:26:51.266-0800][gc,phases   ] GC(291)   Merge Heap Roots: 0.3ms
[2021-11-08T19:26:51.267-0800][gc,phases   ] GC(291)   Evacuate Collection Set: 22.1ms
[2021-11-08T19:26:51.267-0800][gc,phases   ] GC(291)   Post Evacuate Collection Set: 2.4ms
[2021-11-08T19:26:51.267-0800][gc,phases   ] GC(291)   Other: 2.2ms
[2021-11-08T19:26:51.267-0800][gc,heap     ] GC(291) Eden regions: 45->0(82)
[2021-11-08T19:26:51.267-0800][gc,heap     ] GC(291) Survivor regions: 6->4(7)
[2021-11-08T19:26:51.267-0800][gc,heap     ] GC(291) Old regions: 205->207
[2021-11-08T19:26:51.267-0800][gc,heap     ] GC(291) Archive regions: 2->2
[2021-11-08T19:26:51.267-0800][gc,heap     ] GC(291) Humongous regions: 129->129
[2021-11-08T19:26:51.267-0800][gc,metaspace] GC(291) Metaspace: 40474K(40960K)->40474K(40960K) NonClass: 35849K(36096K)->35849K(36096K) Class: 4625K(4864K)->4625K(4864K)
[2021-11-08T19:26:51.267-0800][gc          ] GC(291) Pause Young (Normal) (G1 Evacuation Pause) 384M->340M(1024M) 28.529ms
[2021-11-08T19:26:51.267-0800][gc,cpu      ] GC(291) User=0.05s Sys=0.04s Real=0.03s
[2021-11-08T19:28:02.630-0800][gc,start    ] GC(292) Pause Young (Normal) (G1 Evacuation Pause)
[2021-11-08T19:28:02.630-0800][gc,task     ] GC(292) Using 8 workers of 8 for evacuation
[2021-11-08T19:28:02.654-0800][gc,mmu      ] GC(292) MMU target violated: 21.0ms (20.0ms/21.0ms)
[2021-11-08T19:28:02.654-0800][gc,phases   ] GC(292)   Pre Evacuate Collection Set: 0.6ms
[2021-11-08T19:28:02.654-0800][gc,phases   ] GC(292)   Merge Heap Roots: 0.2ms
[2021-11-08T19:28:02.654-0800][gc,phases   ] GC(292)   Evacuate Collection Set: 21.3ms
[2021-11-08T19:28:02.654-0800][gc,phases   ] GC(292)   Post Evacuate Collection Set: 1.0ms
[2021-11-08T19:28:02.654-0800][gc,phases   ] GC(292)   Other: 1.0ms
[2021-11-08T19:28:02.654-0800][gc,heap     ] GC(292) Eden regions: 60->0(71)
[2021-11-08T19:28:02.654-0800][gc,heap     ] GC(292) Survivor regions: 4->5(8)
[2021-11-08T19:28:02.654-0800][gc,heap     ] GC(292) Old regions: 207->207
[2021-11-08T19:28:02.654-0800][gc,heap     ] GC(292) Archive regions: 2->2
[2021-11-08T19:28:02.654-0800][gc,heap     ] GC(292) Humongous regions: 129->129
[2021-11-08T19:28:02.654-0800][gc,metaspace] GC(292) Metaspace: 40474K(40960K)->40474K(40960K) NonClass: 35849K(36096K)->35849K(36096K) Class: 4625K(4864K)->4625K(4864K)
[2021-11-08T19:28:02.654-0800][gc          ] GC(292) Pause Young (Normal) (G1 Evacuation Pause) 400M->341M(1024M) 24.155ms
[2021-11-08T19:28:02.654-0800][gc,cpu      ] GC(292) User=0.03s Sys=0.03s Real=0.02s
[2021-11-08T19:35:09.755-0800][gc,start    ] GC(293) Pause Young (Normal) (G1 Evacuation Pause)
[2021-11-08T19:35:09.756-0800][gc,task     ] GC(293) Using 8 workers of 8 for evacuation
[2021-11-08T19:35:09.784-0800][gc,mmu      ] GC(293) MMU target violated: 21.0ms (20.0ms/21.0ms)
[2021-11-08T19:35:09.784-0800][gc,phases   ] GC(293)   Pre Evacuate Collection Set: 0.9ms
[2021-11-08T19:35:09.784-0800][gc,phases   ] GC(293)   Merge Heap Roots: 0.4ms
[2021-11-08T19:35:09.784-0800][gc,phases   ] GC(293)   Evacuate Collection Set: 25.2ms
[2021-11-08T19:35:09.784-0800][gc,phases   ] GC(293)   Post Evacuate Collection Set: 1.0ms
[2021-11-08T19:35:09.784-0800][gc,phases   ] GC(293)   Other: 1.7ms
[2021-11-08T19:35:09.784-0800][gc,heap     ] GC(293) Eden regions: 71->0(41)
[2021-11-08T19:35:09.784-0800][gc,heap     ] GC(293) Survivor regions: 5->10(10)
[2021-11-08T19:35:09.784-0800][gc,heap     ] GC(293) Old regions: 207->207
[2021-11-08T19:35:09.784-0800][gc,heap     ] GC(293) Archive regions: 2->2
[2021-11-08T19:35:09.784-0800][gc,heap     ] GC(293) Humongous regions: 129->129
[2021-11-08T19:35:09.784-0800][gc,metaspace] GC(293) Metaspace: 41008K(41472K)->41008K(41472K) NonClass: 36235K(36480K)->36235K(36480K) Class: 4772K(4992K)->4772K(4992K)
[2021-11-08T19:35:09.784-0800][gc          ] GC(293) Pause Young (Normal) (G1 Evacuation Pause) 412M->346M(1024M) 29.281ms
[2021-11-08T19:35:09.784-0800][gc,cpu      ] GC(293) User=0.06s Sys=0.04s Real=0.03s
[2021-11-08T19:35:52.287-0800][gc,start    ] GC(294) Pause Young (Normal) (G1 Evacuation Pause)
[2021-11-08T19:35:52.289-0800][gc,task     ] GC(294) Using 8 workers of 8 for evacuation
[2021-11-08T19:35:52.325-0800][gc,mmu      ] GC(294) MMU target violated: 21.0ms (20.0ms/21.0ms)
[2021-11-08T19:35:52.326-0800][gc,phases   ] GC(294)   Pre Evacuate Collection Set: 1.5ms
[2021-11-08T19:35:52.326-0800][gc,phases   ] GC(294)   Merge Heap Roots: 1.0ms
[2021-11-08T19:35:52.326-0800][gc,phases   ] GC(294)   Evacuate Collection Set: 32.9ms
[2021-11-08T19:35:52.326-0800][gc,phases   ] GC(294)   Post Evacuate Collection Set: 1.3ms
[2021-11-08T19:35:52.326-0800][gc,phases   ] GC(294)   Other: 2.4ms
[2021-11-08T19:35:52.326-0800][gc,heap     ] GC(294) Eden regions: 41->0(53)
[2021-11-08T19:35:52.326-0800][gc,heap     ] GC(294) Survivor regions: 10->4(7)
[2021-11-08T19:35:52.326-0800][gc,heap     ] GC(294) Old regions: 207->216
[2021-11-08T19:35:52.326-0800][gc,heap     ] GC(294) Archive regions: 2->2
[2021-11-08T19:35:52.326-0800][gc,heap     ] GC(294) Humongous regions: 129->129
[2021-11-08T19:35:52.326-0800][gc,metaspace] GC(294) Metaspace: 41008K(41472K)->41008K(41472K) NonClass: 36235K(36480K)->36235K(36480K) Class: 4772K(4992K)->4772K(4992K)
[2021-11-08T19:35:52.326-0800][gc          ] GC(294) Pause Young (Normal) (G1 Evacuation Pause) 387M->349M(1024M) 39.148ms
[2021-11-08T19:35:52.326-0800][gc,cpu      ] GC(294) User=0.07s Sys=0.07s Real=0.04s
[2021-11-08T19:36:47.387-0800][gc,start    ] GC(295) Pause Young (Normal) (G1 Evacuation Pause)
[2021-11-08T19:36:47.389-0800][gc,task     ] GC(295) Using 8 workers of 8 for evacuation
[2021-11-08T19:36:47.407-0800][gc,phases   ] GC(295)   Pre Evacuate Collection Set: 1.0ms
[2021-11-08T19:36:47.407-0800][gc,phases   ] GC(295)   Merge Heap Roots: 0.3ms
[2021-11-08T19:36:47.407-0800][gc,phases   ] GC(295)   Evacuate Collection Set: 15.6ms
[2021-11-08T19:36:47.407-0800][gc,phases   ] GC(295)   Post Evacuate Collection Set: 1.3ms
[2021-11-08T19:36:47.407-0800][gc,phases   ] GC(295)   Other: 2.1ms
[2021-11-08T19:36:47.407-0800][gc,heap     ] GC(295) Eden regions: 53->0(66)
[2021-11-08T19:36:47.407-0800][gc,heap     ] GC(295) Survivor regions: 4->5(8)
[2021-11-08T19:36:47.407-0800][gc,heap     ] GC(295) Old regions: 216->216
[2021-11-08T19:36:47.407-0800][gc,heap     ] GC(295) Archive regions: 2->2
[2021-11-08T19:36:47.408-0800][gc,heap     ] GC(295) Humongous regions: 129->129
[2021-11-08T19:36:47.408-0800][gc,metaspace] GC(295) Metaspace: 41008K(41472K)->41008K(41472K) NonClass: 36235K(36480K)->36235K(36480K) Class: 4772K(4992K)->4772K(4992K)
[2021-11-08T19:36:47.408-0800][gc          ] GC(295) Pause Young (Normal) (G1 Evacuation Pause) 402M->349M(1024M) 20.566ms
[2021-11-08T19:36:47.408-0800][gc,cpu      ] GC(295) User=0.03s Sys=0.03s Real=0.02s
[2021-11-08T19:37:56.785-0800][gc,start    ] GC(296) Pause Young (Normal) (G1 Evacuation Pause)
[2021-11-08T19:37:56.787-0800][gc,task     ] GC(296) Using 8 workers of 8 for evacuation
[2021-11-08T19:37:56.812-0800][gc,mmu      ] GC(296) MMU target violated: 21.0ms (20.0ms/21.0ms)
[2021-11-08T19:37:56.812-0800][gc,phases   ] GC(296)   Pre Evacuate Collection Set: 1.5ms
[2021-11-08T19:37:56.812-0800][gc,phases   ] GC(296)   Merge Heap Roots: 0.6ms
[2021-11-08T19:37:56.812-0800][gc,phases   ] GC(296)   Evacuate Collection Set: 20.2ms
[2021-11-08T19:37:56.812-0800][gc,phases   ] GC(296)   Post Evacuate Collection Set: 2.1ms
[2021-11-08T19:37:56.812-0800][gc,phases   ] GC(296)   Other: 2.5ms
[2021-11-08T19:37:56.812-0800][gc,heap     ] GC(296) Eden regions: 66->0(44)
[2021-11-08T19:37:56.812-0800][gc,heap     ] GC(296) Survivor regions: 5->7(9)
[2021-11-08T19:37:56.812-0800][gc,heap     ] GC(296) Old regions: 216->216
[2021-11-08T19:37:56.812-0800][gc,heap     ] GC(296) Archive regions: 2->2
[2021-11-08T19:37:56.812-0800][gc,heap     ] GC(296) Humongous regions: 129->129
[2021-11-08T19:37:56.812-0800][gc,metaspace] GC(296) Metaspace: 41008K(41472K)->41008K(41472K) NonClass: 36235K(36480K)->36235K(36480K) Class: 4772K(4992K)->4772K(4992K)
[2021-11-08T19:37:56.812-0800][gc          ] GC(296) Pause Young (Normal) (G1 Evacuation Pause) 415M->351M(1024M) 27.005ms
[2021-11-08T19:37:56.812-0800][gc,cpu      ] GC(296) User=0.05s Sys=0.04s Real=0.03s
[2021-11-08T19:38:43.009-0800][gc,start    ] GC(297) Pause Young (Normal) (G1 Evacuation Pause)
[2021-11-08T19:38:43.011-0800][gc,task     ] GC(297) Using 8 workers of 8 for evacuation
[2021-11-08T19:38:43.040-0800][gc,mmu      ] GC(297) MMU target violated: 21.0ms (20.0ms/21.0ms)
[2021-11-08T19:38:43.040-0800][gc,phases   ] GC(297)   Pre Evacuate Collection Set: 1.5ms
[2021-11-08T19:38:43.040-0800][gc,phases   ] GC(297)   Merge Heap Roots: 0.5ms
[2021-11-08T19:38:43.040-0800][gc,phases   ] GC(297)   Evacuate Collection Set: 25.1ms
[2021-11-08T19:38:43.040-0800][gc,phases   ] GC(297)   Post Evacuate Collection Set: 1.8ms
[2021-11-08T19:38:43.040-0800][gc,phases   ] GC(297)   Other: 2.7ms
[2021-11-08T19:38:43.040-0800][gc,heap     ] GC(297) Eden regions: 44->0(79)
[2021-11-08T19:38:43.040-0800][gc,heap     ] GC(297) Survivor regions: 7->5(7)
[2021-11-08T19:38:43.040-0800][gc,heap     ] GC(297) Old regions: 216->219
[2021-11-08T19:38:43.040-0800][gc,heap     ] GC(297) Archive regions: 2->2
[2021-11-08T19:38:43.040-0800][gc,heap     ] GC(297) Humongous regions: 129->129
[2021-11-08T19:38:43.040-0800][gc,metaspace] GC(297) Metaspace: 41008K(41472K)->41008K(41472K) NonClass: 36235K(36480K)->36235K(36480K) Class: 4772K(4992K)->4772K(4992K)
[2021-11-08T19:38:43.041-0800][gc          ] GC(297) Pause Young (Normal) (G1 Evacuation Pause) 395M->353M(1024M) 31.663ms
[2021-11-08T19:38:43.041-0800][gc,cpu      ] GC(297) User=0.05s Sys=0.06s Real=0.04s
[2021-11-08T19:39:56.594-0800][gc,start    ] GC(298) Pause Young (Normal) (G1 Evacuation Pause)
[2021-11-08T19:39:56.594-0800][gc,task     ] GC(298) Using 8 workers of 8 for evacuation
[2021-11-08T19:39:56.622-0800][gc,mmu      ] GC(298) MMU target violated: 21.0ms (20.0ms/21.0ms)
[2021-11-08T19:39:56.623-0800][gc,phases   ] GC(298)   Pre Evacuate Collection Set: 0.9ms
[2021-11-08T19:39:56.623-0800][gc,phases   ] GC(298)   Merge Heap Roots: 0.3ms
[2021-11-08T19:39:56.623-0800][gc,phases   ] GC(298)   Evacuate Collection Set: 24.8ms
[2021-11-08T19:39:56.623-0800][gc,phases   ] GC(298)   Post Evacuate Collection Set: 2.2ms
[2021-11-08T19:39:56.623-0800][gc,phases   ] GC(298)   Other: 1.0ms
[2021-11-08T19:39:56.623-0800][gc,heap     ] GC(298) Eden regions: 70->0(45)
[2021-11-08T19:39:56.623-0800][gc,heap     ] GC(298) Survivor regions: 5->6(10)
[2021-11-08T19:39:56.623-0800][gc,heap     ] GC(298) Old regions: 219->219
[2021-11-08T19:39:56.623-0800][gc,heap     ] GC(298) Archive regions: 2->2
[2021-11-08T19:39:56.623-0800][gc,heap     ] GC(298) Humongous regions: 129->129
[2021-11-08T19:39:56.623-0800][gc,metaspace] GC(298) Metaspace: 41008K(41472K)->41008K(41472K) NonClass: 36235K(36480K)->36235K(36480K) Class: 4772K(4992K)->4772K(4992K)
[2021-11-08T19:39:56.623-0800][gc          ] GC(298) Pause Young (Normal) (G1 Evacuation Pause) 423M->354M(1024M) 29.385ms
[2021-11-08T19:39:56.623-0800][gc,cpu      ] GC(298) User=0.04s Sys=0.04s Real=0.03s
[2021-11-08T19:40:43.834-0800][gc,start    ] GC(299) Pause Young (Normal) (G1 Evacuation Pause)
[2021-11-08T19:40:43.841-0800][gc,task     ] GC(299) Using 8 workers of 8 for evacuation
[2021-11-08T19:40:43.878-0800][gc,mmu      ] GC(299) MMU target violated: 21.0ms (20.0ms/21.0ms)
[2021-11-08T19:40:43.888-0800][gc,phases   ] GC(299)   Pre Evacuate Collection Set: 1.1ms
[2021-11-08T19:40:43.888-0800][gc,phases   ] GC(299)   Merge Heap Roots: 0.4ms
[2021-11-08T19:40:43.888-0800][gc,phases   ] GC(299)   Evacuate Collection Set: 29.2ms
[2021-11-08T19:40:43.888-0800][gc,phases   ] GC(299)   Post Evacuate Collection Set: 6.2ms
[2021-11-08T19:40:43.888-0800][gc,phases   ] GC(299)   Other: 17.7ms
[2021-11-08T19:40:43.889-0800][gc,heap     ] GC(299) Eden regions: 45->0(62)
[2021-11-08T19:40:43.889-0800][gc,heap     ] GC(299) Survivor regions: 6->4(7)
[2021-11-08T19:40:43.889-0800][gc,heap     ] GC(299) Old regions: 219->222
[2021-11-08T19:40:43.889-0800][gc,heap     ] GC(299) Archive regions: 2->2
[2021-11-08T19:40:43.889-0800][gc,heap     ] GC(299) Humongous regions: 129->129
[2021-11-08T19:40:43.889-0800][gc,metaspace] GC(299) Metaspace: 41008K(41472K)->41008K(41472K) NonClass: 36235K(36480K)->36235K(36480K) Class: 4772K(4992K)->4772K(4992K)
[2021-11-08T19:40:43.889-0800][gc          ] GC(299) Pause Young (Normal) (G1 Evacuation Pause) 399M->355M(1024M) 55.060ms
[2021-11-08T19:40:43.889-0800][gc,cpu      ] GC(299) User=0.05s Sys=0.04s Real=0.05s
[2021-11-08T19:41:40.378-0800][gc,start    ] GC(300) Pause Young (Normal) (G1 Evacuation Pause)
[2021-11-08T19:41:40.380-0800][gc,task     ] GC(300) Using 8 workers of 8 for evacuation
[2021-11-08T19:41:40.403-0800][gc,mmu      ] GC(300) MMU target violated: 21.0ms (20.0ms/21.0ms)
[2021-11-08T19:41:40.403-0800][gc,phases   ] GC(300)   Pre Evacuate Collection Set: 1.5ms
[2021-11-08T19:41:40.403-0800][gc,phases   ] GC(300)   Merge Heap Roots: 0.4ms
[2021-11-08T19:41:40.403-0800][gc,phases   ] GC(300)   Evacuate Collection Set: 18.9ms
[2021-11-08T19:41:40.403-0800][gc,phases   ] GC(300)   Post Evacuate Collection Set: 1.8ms
[2021-11-08T19:41:40.403-0800][gc,phases   ] GC(300)   Other: 2.8ms
[2021-11-08T19:41:40.403-0800][gc,heap     ] GC(300) Eden regions: 54->0(45)
[2021-11-08T19:41:40.403-0800][gc,heap     ] GC(300) Survivor regions: 4->6(8)
[2021-11-08T19:41:40.403-0800][gc,heap     ] GC(300) Old regions: 222->222
[2021-11-08T19:41:40.403-0800][gc,heap     ] GC(300) Archive regions: 2->2
[2021-11-08T19:41:40.403-0800][gc,heap     ] GC(300) Humongous regions: 129->129
[2021-11-08T19:41:40.403-0800][gc,metaspace] GC(300) Metaspace: 41008K(41472K)->41008K(41472K) NonClass: 36235K(36480K)->36235K(36480K) Class: 4772K(4992K)->4772K(4992K)
[2021-11-08T19:41:40.403-0800][gc          ] GC(300) Pause Young (Normal) (G1 Evacuation Pause) 409M->357M(1024M) 25.578ms
[2021-11-08T19:41:40.403-0800][gc,cpu      ] GC(300) User=0.04s Sys=0.04s Real=0.03s
[2021-11-08T19:42:27.714-0800][gc,start    ] GC(301) Pause Young (Normal) (G1 Evacuation Pause)
[2021-11-08T19:42:27.716-0800][gc,task     ] GC(301) Using 8 workers of 8 for evacuation
[2021-11-08T19:42:27.749-0800][gc,mmu      ] GC(301) MMU target violated: 21.0ms (20.0ms/21.0ms)
[2021-11-08T19:42:27.749-0800][gc,phases   ] GC(301)   Pre Evacuate Collection Set: 1.4ms
[2021-11-08T19:42:27.749-0800][gc,phases   ] GC(301)   Merge Heap Roots: 0.5ms
[2021-11-08T19:42:27.749-0800][gc,phases   ] GC(301)   Evacuate Collection Set: 28.2ms
[2021-11-08T19:42:27.749-0800][gc,phases   ] GC(301)   Post Evacuate Collection Set: 2.1ms
[2021-11-08T19:42:27.749-0800][gc,phases   ] GC(301)   Other: 3.0ms
[2021-11-08T19:42:27.750-0800][gc,heap     ] GC(301) Eden regions: 45->0(92)
[2021-11-08T19:42:27.750-0800][gc,heap     ] GC(301) Survivor regions: 6->4(7)
[2021-11-08T19:42:27.750-0800][gc,heap     ] GC(301) Old regions: 222->224
[2021-11-08T19:42:27.750-0800][gc,heap     ] GC(301) Archive regions: 2->2
[2021-11-08T19:42:27.750-0800][gc,heap     ] GC(301) Humongous regions: 129->129
[2021-11-08T19:42:27.750-0800][gc,metaspace] GC(301) Metaspace: 41008K(41472K)->41008K(41472K) NonClass: 36235K(36480K)->36235K(36480K) Class: 4772K(4992K)->4772K(4992K)
[2021-11-08T19:42:27.750-0800][gc          ] GC(301) Pause Young (Normal) (G1 Evacuation Pause) 402M->357M(1024M) 35.356ms
[2021-11-08T19:42:27.750-0800][gc,cpu      ] GC(301) User=0.04s Sys=0.05s Real=0.04s
[2021-11-08T19:43:50.836-0800][gc,start    ] GC(302) Pause Young (Normal) (G1 Evacuation Pause)
[2021-11-08T19:43:50.839-0800][gc,task     ] GC(302) Using 8 workers of 8 for evacuation
[2021-11-08T19:43:50.863-0800][gc,mmu      ] GC(302) MMU target violated: 21.0ms (20.0ms/21.0ms)
[2021-11-08T19:43:50.863-0800][gc,phases   ] GC(302)   Pre Evacuate Collection Set: 1.6ms
[2021-11-08T19:43:50.863-0800][gc,phases   ] GC(302)   Merge Heap Roots: 0.4ms
[2021-11-08T19:43:50.863-0800][gc,phases   ] GC(302)   Evacuate Collection Set: 20.9ms
[2021-11-08T19:43:50.863-0800][gc,phases   ] GC(302)   Post Evacuate Collection Set: 1.3ms
[2021-11-08T19:43:50.863-0800][gc,phases   ] GC(302)   Other: 2.7ms
[2021-11-08T19:43:50.863-0800][gc,heap     ] GC(302) Eden regions: 79->0(44)
[2021-11-08T19:43:50.863-0800][gc,heap     ] GC(302) Survivor regions: 4->7(11)
[2021-11-08T19:43:50.863-0800][gc,heap     ] GC(302) Old regions: 224->224
[2021-11-08T19:43:50.863-0800][gc,heap     ] GC(302) Archive regions: 2->2
[2021-11-08T19:43:50.863-0800][gc,heap     ] GC(302) Humongous regions: 129->129
[2021-11-08T19:43:50.863-0800][gc,metaspace] GC(302) Metaspace: 41008K(41472K)->41008K(41472K) NonClass: 36235K(36480K)->36235K(36480K) Class: 4772K(4992K)->4772K(4992K)
[2021-11-08T19:43:50.863-0800][gc          ] GC(302) Pause Young (Normal) (G1 Evacuation Pause) 436M->360M(1024M) 26.819ms
[2021-11-08T19:43:50.863-0800][gc,cpu      ] GC(302) User=0.04s Sys=0.04s Real=0.03s
[2021-11-08T19:44:37.113-0800][gc,start    ] GC(303) Pause Young (Normal) (G1 Evacuation Pause)
[2021-11-08T19:44:37.128-0800][gc,task     ] GC(303) Using 8 workers of 8 for evacuation
[2021-11-08T19:44:37.168-0800][gc,mmu      ] GC(303) MMU target violated: 21.0ms (20.0ms/21.0ms)
[2021-11-08T19:44:37.170-0800][gc,phases   ] GC(303)   Pre Evacuate Collection Set: 1.5ms
[2021-11-08T19:44:37.170-0800][gc,phases   ] GC(303)   Merge Heap Roots: 0.6ms
[2021-11-08T19:44:37.170-0800][gc,phases   ] GC(303)   Evacuate Collection Set: 32.0ms
[2021-11-08T19:44:37.170-0800][gc,phases   ] GC(303)   Post Evacuate Collection Set: 5.7ms
[2021-11-08T19:44:37.170-0800][gc,phases   ] GC(303)   Other: 17.0ms
[2021-11-08T19:44:37.170-0800][gc,heap     ] GC(303) Eden regions: 44->0(46)
[2021-11-08T19:44:37.170-0800][gc,heap     ] GC(303) Survivor regions: 7->5(7)
[2021-11-08T19:44:37.170-0800][gc,heap     ] GC(303) Old regions: 224->228
[2021-11-08T19:44:37.170-0800][gc,heap     ] GC(303) Archive regions: 2->2
[2021-11-08T19:44:37.170-0800][gc,heap     ] GC(303) Humongous regions: 129->129
[2021-11-08T19:44:37.170-0800][gc,metaspace] GC(303) Metaspace: 41008K(41472K)->41008K(41472K) NonClass: 36235K(36480K)->36235K(36480K) Class: 4772K(4992K)->4772K(4992K)
[2021-11-08T19:44:37.170-0800][gc          ] GC(303) Pause Young (Normal) (G1 Evacuation Pause) 404M->362M(1024M) 56.995ms
[2021-11-08T19:44:37.171-0800][gc,cpu      ] GC(303) User=0.05s Sys=0.03s Real=0.06s
[2021-11-08T19:45:25.669-0800][gc,start    ] GC(304) Pause Young (Concurrent Start) (G1 Evacuation Pause)
[2021-11-08T19:45:25.670-0800][gc,task     ] GC(304) Using 8 workers of 8 for evacuation
[2021-11-08T19:45:25.702-0800][gc,mmu      ] GC(304) MMU target violated: 21.0ms (20.0ms/21.0ms)
[2021-11-08T19:45:25.702-0800][gc,phases   ] GC(304)   Pre Evacuate Collection Set: 1.3ms
[2021-11-08T19:45:25.702-0800][gc,phases   ] GC(304)   Merge Heap Roots: 0.2ms
[2021-11-08T19:45:25.702-0800][gc,phases   ] GC(304)   Evacuate Collection Set: 27.6ms
[2021-11-08T19:45:25.702-0800][gc,phases   ] GC(304)   Post Evacuate Collection Set: 1.0ms
[2021-11-08T19:45:25.702-0800][gc,phases   ] GC(304)   Other: 3.4ms
[2021-11-08T19:45:25.702-0800][gc,heap     ] GC(304) Eden regions: 46->0(61)
[2021-11-08T19:45:25.702-0800][gc,heap     ] GC(304) Survivor regions: 5->4(7)
[2021-11-08T19:45:25.702-0800][gc,heap     ] GC(304) Old regions: 228->230
[2021-11-08T19:45:25.702-0800][gc,heap     ] GC(304) Archive regions: 2->2
[2021-11-08T19:45:25.702-0800][gc,heap     ] GC(304) Humongous regions: 129->129
[2021-11-08T19:45:25.702-0800][gc,metaspace] GC(304) Metaspace: 41008K(41472K)->41008K(41472K) NonClass: 36235K(36480K)->36235K(36480K) Class: 4772K(4992K)->4772K(4992K)
[2021-11-08T19:45:25.702-0800][gc          ] GC(304) Pause Young (Concurrent Start) (G1 Evacuation Pause) 408M->363M(1024M) 33.607ms
[2021-11-08T19:45:25.702-0800][gc,cpu      ] GC(304) User=0.05s Sys=0.03s Real=0.04s
[2021-11-08T19:45:25.703-0800][gc          ] GC(305) Concurrent Mark Cycle
[2021-11-08T19:45:25.703-0800][gc,marking  ] GC(305) Concurrent Clear Claimed Marks
[2021-11-08T19:45:25.703-0800][gc,marking  ] GC(305) Concurrent Clear Claimed Marks 0.079ms
[2021-11-08T19:45:25.703-0800][gc,marking  ] GC(305) Concurrent Scan Root Regions
[2021-11-08T19:45:25.710-0800][gc,marking  ] GC(305) Concurrent Scan Root Regions 6.732ms
[2021-11-08T19:45:25.710-0800][gc,marking  ] GC(305) Concurrent Mark
[2021-11-08T19:45:25.710-0800][gc,marking  ] GC(305) Concurrent Mark From Roots
[2021-11-08T19:45:25.710-0800][gc,task     ] GC(305) Using 2 workers of 2 for marking
[2021-11-08T19:45:25.766-0800][gc,marking  ] GC(305) Concurrent Mark From Roots 56.369ms
[2021-11-08T19:45:25.766-0800][gc,marking  ] GC(305) Concurrent Preclean
[2021-11-08T19:45:25.767-0800][gc,marking  ] GC(305) Concurrent Preclean 0.375ms
[2021-11-08T19:45:25.767-0800][gc,start    ] GC(305) Pause Remark
[2021-11-08T19:45:25.919-0800][gc,mmu      ] GC(305) MMU target violated: 21.0ms (20.0ms/21.0ms)
[2021-11-08T19:45:25.919-0800][gc          ] GC(305) Pause Remark 364M->263M(1024M) 152.467ms
[2021-11-08T19:45:25.919-0800][gc,cpu      ] GC(305) User=0.04s Sys=0.09s Real=0.15s
[2021-11-08T19:45:25.921-0800][gc,marking  ] GC(305) Concurrent Mark 211.375ms
[2021-11-08T19:45:25.921-0800][gc,marking  ] GC(305) Concurrent Rebuild Remembered Sets
[2021-11-08T19:45:25.969-0800][gc,marking  ] GC(305) Concurrent Rebuild Remembered Sets 47.885ms
[2021-11-08T19:45:25.969-0800][gc,start    ] GC(305) Pause Cleanup
[2021-11-08T19:45:25.969-0800][gc          ] GC(305) Pause Cleanup 263M->263M(1024M) 0.189ms
[2021-11-08T19:45:25.969-0800][gc,cpu      ] GC(305) User=0.00s Sys=0.00s Real=0.00s
[2021-11-08T19:45:25.969-0800][gc,marking  ] GC(305) Concurrent Cleanup for Next Mark
[2021-11-08T19:45:25.976-0800][gc,marking  ] GC(305) Concurrent Cleanup for Next Mark 6.522ms
[2021-11-08T19:45:25.976-0800][gc          ] GC(305) Concurrent Mark Cycle 273.522ms
[2021-11-08T19:46:27.838-0800][gc,start    ] GC(306) Pause Young (Prepare Mixed) (G1 Evacuation Pause)
[2021-11-08T19:46:27.840-0800][gc,task     ] GC(306) Using 8 workers of 8 for evacuation
[2021-11-08T19:46:27.862-0800][gc,mmu      ] GC(306) MMU target violated: 21.0ms (20.0ms/21.0ms)
[2021-11-08T19:46:27.862-0800][gc,phases   ] GC(306)   Pre Evacuate Collection Set: 1.2ms
[2021-11-08T19:46:27.862-0800][gc,phases   ] GC(306)   Merge Heap Roots: 0.5ms
[2021-11-08T19:46:27.862-0800][gc,phases   ] GC(306)   Evacuate Collection Set: 18.0ms
[2021-11-08T19:46:27.862-0800][gc,phases   ] GC(306)   Post Evacuate Collection Set: 2.1ms
[2021-11-08T19:46:27.862-0800][gc,phases   ] GC(306)   Other: 2.2ms
[2021-11-08T19:46:27.862-0800][gc,heap     ] GC(306) Eden regions: 59->0(46)
[2021-11-08T19:46:27.862-0800][gc,heap     ] GC(306) Survivor regions: 4->5(8)
[2021-11-08T19:46:27.862-0800][gc,heap     ] GC(306) Old regions: 129->129
[2021-11-08T19:46:27.862-0800][gc,heap     ] GC(306) Archive regions: 2->2
[2021-11-08T19:46:27.862-0800][gc,heap     ] GC(306) Humongous regions: 129->129
[2021-11-08T19:46:27.862-0800][gc,metaspace] GC(306) Metaspace: 40969K(41472K)->40969K(41472K) NonClass: 36206K(36480K)->36206K(36480K) Class: 4763K(4992K)->4763K(4992K)
[2021-11-08T19:46:27.862-0800][gc          ] GC(306) Pause Young (Prepare Mixed) (G1 Evacuation Pause) 321M->262M(1024M) 24.046ms
[2021-11-08T19:46:27.862-0800][gc,cpu      ] GC(306) User=0.03s Sys=0.03s Real=0.03s
[2021-11-08T19:47:16.278-0800][gc,start    ] GC(307) Pause Young (Mixed) (G1 Evacuation Pause)
[2021-11-08T19:47:16.293-0800][gc,task     ] GC(307) Using 8 workers of 8 for evacuation
[2021-11-08T19:47:16.339-0800][gc,mmu      ] GC(307) MMU target violated: 21.0ms (20.0ms/21.0ms)
[2021-11-08T19:47:16.346-0800][gc,phases   ] GC(307)   Pre Evacuate Collection Set: 1.5ms
[2021-11-08T19:47:16.346-0800][gc,phases   ] GC(307)   Merge Heap Roots: 0.4ms
[2021-11-08T19:47:16.346-0800][gc,phases   ] GC(307)   Evacuate Collection Set: 40.8ms
[2021-11-08T19:47:16.346-0800][gc,phases   ] GC(307)   Post Evacuate Collection Set: 1.6ms
[2021-11-08T19:47:16.346-0800][gc,phases   ] GC(307)   Other: 24.4ms
[2021-11-08T19:47:16.346-0800][gc,heap     ] GC(307) Eden regions: 46->0(46)
[2021-11-08T19:47:16.346-0800][gc,heap     ] GC(307) Survivor regions: 5->5(7)
[2021-11-08T19:47:16.346-0800][gc,heap     ] GC(307) Old regions: 129->119
[2021-11-08T19:47:16.346-0800][gc,heap     ] GC(307) Archive regions: 2->2
[2021-11-08T19:47:16.346-0800][gc,heap     ] GC(307) Humongous regions: 129->129
[2021-11-08T19:47:16.346-0800][gc,metaspace] GC(307) Metaspace: 40969K(41472K)->40969K(41472K) NonClass: 36206K(36480K)->36206K(36480K) Class: 4763K(4992K)->4763K(4992K)
[2021-11-08T19:47:16.347-0800][gc          ] GC(307) Pause Young (Mixed) (G1 Evacuation Pause) 308M->253M(1024M) 68.808ms
[2021-11-08T19:47:16.347-0800][gc,cpu      ] GC(307) User=0.04s Sys=0.05s Real=0.07s
[2021-11-08T19:48:04.519-0800][gc,start    ] GC(308) Pause Young (Mixed) (G1 Evacuation Pause)
[2021-11-08T19:48:04.520-0800][gc,task     ] GC(308) Using 8 workers of 8 for evacuation
[2021-11-08T19:48:04.556-0800][gc,mmu      ] GC(308) MMU target violated: 21.0ms (20.0ms/21.0ms)
[2021-11-08T19:48:04.556-0800][gc,phases   ] GC(308)   Pre Evacuate Collection Set: 0.8ms
[2021-11-08T19:48:04.556-0800][gc,phases   ] GC(308)   Merge Heap Roots: 0.6ms
[2021-11-08T19:48:04.556-0800][gc,phases   ] GC(308)   Evacuate Collection Set: 32.6ms
[2021-11-08T19:48:04.556-0800][gc,phases   ] GC(308)   Post Evacuate Collection Set: 1.6ms
[2021-11-08T19:48:04.556-0800][gc,phases   ] GC(308)   Other: 2.3ms
[2021-11-08T19:48:04.556-0800][gc,heap     ] GC(308) Eden regions: 46->0(45)
[2021-11-08T19:48:04.556-0800][gc,heap     ] GC(308) Survivor regions: 5->6(7)
[2021-11-08T19:48:04.556-0800][gc,heap     ] GC(308) Old regions: 119->105
[2021-11-08T19:48:04.556-0800][gc,heap     ] GC(308) Archive regions: 2->2
[2021-11-08T19:48:04.556-0800][gc,heap     ] GC(308) Humongous regions: 129->129
[2021-11-08T19:48:04.556-0800][gc,metaspace] GC(308) Metaspace: 40969K(41472K)->40969K(41472K) NonClass: 36206K(36480K)->36206K(36480K) Class: 4763K(4992K)->4763K(4992K)
[2021-11-08T19:48:04.556-0800][gc          ] GC(308) Pause Young (Mixed) (G1 Evacuation Pause) 299M->239M(1024M) 37.888ms
[2021-11-08T19:48:04.556-0800][gc,cpu      ] GC(308) User=0.03s Sys=0.04s Real=0.04s
[2021-11-08T19:48:50.683-0800][gc,start    ] GC(309) Pause Young (Mixed) (G1 Evacuation Pause)
[2021-11-08T19:48:50.684-0800][gc,task     ] GC(309) Using 8 workers of 8 for evacuation
[2021-11-08T19:48:50.710-0800][gc,mmu      ] GC(309) MMU target violated: 21.0ms (20.0ms/21.0ms)
[2021-11-08T19:48:50.710-0800][gc,phases   ] GC(309)   Pre Evacuate Collection Set: 1.0ms
[2021-11-08T19:48:50.710-0800][gc,phases   ] GC(309)   Merge Heap Roots: 0.4ms
[2021-11-08T19:48:50.710-0800][gc,phases   ] GC(309)   Evacuate Collection Set: 22.1ms
[2021-11-08T19:48:50.710-0800][gc,phases   ] GC(309)   Post Evacuate Collection Set: 2.1ms
[2021-11-08T19:48:50.710-0800][gc,phases   ] GC(309)   Other: 1.5ms
[2021-11-08T19:48:50.710-0800][gc,heap     ] GC(309) Eden regions: 45->0(46)
[2021-11-08T19:48:50.710-0800][gc,heap     ] GC(309) Survivor regions: 6->5(7)
[2021-11-08T19:48:50.711-0800][gc,heap     ] GC(309) Old regions: 105->87
[2021-11-08T19:48:50.711-0800][gc,heap     ] GC(309) Archive regions: 2->2
[2021-11-08T19:48:50.711-0800][gc,heap     ] GC(309) Humongous regions: 129->129
[2021-11-08T19:48:50.711-0800][gc,metaspace] GC(309) Metaspace: 40974K(41536K)->40974K(41536K) NonClass: 36210K(36544K)->36210K(36544K) Class: 4763K(4992K)->4763K(4992K)
[2021-11-08T19:48:50.711-0800][gc          ] GC(309) Pause Young (Mixed) (G1 Evacuation Pause) 284M->220M(1024M) 27.238ms
[2021-11-08T19:48:50.711-0800][gc,cpu      ] GC(309) User=0.04s Sys=0.05s Real=0.03s
[2021-11-08T19:49:33.406-0800][gc,start    ] GC(310) Pause Young (Mixed) (G1 Evacuation Pause)
[2021-11-08T19:49:33.407-0800][gc,task     ] GC(310) Using 8 workers of 8 for evacuation
[2021-11-08T19:49:33.452-0800][gc,mmu      ] GC(310) MMU target violated: 21.0ms (20.0ms/21.0ms)
[2021-11-08T19:49:33.456-0800][gc,phases   ] GC(310)   Pre Evacuate Collection Set: 1.1ms
[2021-11-08T19:49:33.456-0800][gc,phases   ] GC(310)   Merge Heap Roots: 0.3ms
[2021-11-08T19:49:33.456-0800][gc,phases   ] GC(310)   Evacuate Collection Set: 41.0ms
[2021-11-08T19:49:33.456-0800][gc,phases   ] GC(310)   Post Evacuate Collection Set: 2.3ms
[2021-11-08T19:49:33.456-0800][gc,phases   ] GC(310)   Other: 5.9ms
[2021-11-08T19:49:33.456-0800][gc,heap     ] GC(310) Eden regions: 46->0(45)
[2021-11-08T19:49:33.456-0800][gc,heap     ] GC(310) Survivor regions: 5->6(7)
[2021-11-08T19:49:33.456-0800][gc,heap     ] GC(310) Old regions: 87->80
[2021-11-08T19:49:33.457-0800][gc,heap     ] GC(310) Archive regions: 2->2
[2021-11-08T19:49:33.457-0800][gc,heap     ] GC(310) Humongous regions: 129->129
[2021-11-08T19:49:33.457-0800][gc,metaspace] GC(310) Metaspace: 40974K(41536K)->40974K(41536K) NonClass: 36210K(36544K)->36210K(36544K) Class: 4763K(4992K)->4763K(4992K)
[2021-11-08T19:49:33.457-0800][gc          ] GC(310) Pause Young (Mixed) (G1 Evacuation Pause) 266M->214M(1024M) 50.954ms
[2021-11-08T19:49:33.457-0800][gc,cpu      ] GC(310) User=0.04s Sys=0.05s Real=0.05s
[2021-11-08T19:50:16.127-0800][gc,start    ] GC(311) Pause Young (Mixed) (G1 Evacuation Pause)
[2021-11-08T19:50:16.129-0800][gc,task     ] GC(311) Using 8 workers of 8 for evacuation
[2021-11-08T19:50:16.177-0800][gc,mmu      ] GC(311) MMU target violated: 21.0ms (20.0ms/21.0ms)
[2021-11-08T19:50:16.177-0800][gc,phases   ] GC(311)   Pre Evacuate Collection Set: 1.6ms
[2021-11-08T19:50:16.177-0800][gc,phases   ] GC(311)   Merge Heap Roots: 0.6ms
[2021-11-08T19:50:16.177-0800][gc,phases   ] GC(311)   Evacuate Collection Set: 44.0ms
[2021-11-08T19:50:16.177-0800][gc,phases   ] GC(311)   Post Evacuate Collection Set: 1.8ms
[2021-11-08T19:50:16.177-0800][gc,phases   ] GC(311)   Other: 2.3ms
[2021-11-08T19:50:16.177-0800][gc,heap     ] GC(311) Eden regions: 45->0(47)
[2021-11-08T19:50:16.177-0800][gc,heap     ] GC(311) Survivor regions: 6->4(7)
[2021-11-08T19:50:16.177-0800][gc,heap     ] GC(311) Old regions: 80->76
[2021-11-08T19:50:16.177-0800][gc,heap     ] GC(311) Archive regions: 2->2
[2021-11-08T19:50:16.177-0800][gc,heap     ] GC(311) Humongous regions: 129->129
[2021-11-08T19:50:16.177-0800][gc,metaspace] GC(311) Metaspace: 40974K(41536K)->40974K(41536K) NonClass: 36210K(36544K)->36210K(36544K) Class: 4763K(4992K)->4763K(4992K)
[2021-11-08T19:50:16.177-0800][gc          ] GC(311) Pause Young (Mixed) (G1 Evacuation Pause) 259M->209M(1024M) 50.357ms
[2021-11-08T19:50:16.178-0800][gc,cpu      ] GC(311) User=0.05s Sys=0.06s Real=0.05s
[2021-11-08T19:51:00.247-0800][gc,start    ] GC(312) Pause Young (Normal) (G1 Evacuation Pause)
[2021-11-08T19:51:00.248-0800][gc,task     ] GC(312) Using 8 workers of 8 for evacuation
[2021-11-08T19:51:00.293-0800][gc,mmu      ] GC(312) MMU target violated: 21.0ms (20.0ms/21.0ms)
[2021-11-08T19:51:00.293-0800][gc,phases   ] GC(312)   Pre Evacuate Collection Set: 3.2ms
[2021-11-08T19:51:00.293-0800][gc,phases   ] GC(312)   Merge Heap Roots: 0.3ms
[2021-11-08T19:51:00.293-0800][gc,phases   ] GC(312)   Evacuate Collection Set: 36.8ms
[2021-11-08T19:51:00.293-0800][gc,phases   ] GC(312)   Post Evacuate Collection Set: 1.5ms
[2021-11-08T19:51:00.293-0800][gc,phases   ] GC(312)   Other: 4.3ms
[2021-11-08T19:51:00.293-0800][gc,heap     ] GC(312) Eden regions: 47->0(47)
[2021-11-08T19:51:00.293-0800][gc,heap     ] GC(312) Survivor regions: 4->4(7)
[2021-11-08T19:51:00.293-0800][gc,heap     ] GC(312) Old regions: 76->76
[2021-11-08T19:51:00.293-0800][gc,heap     ] GC(312) Archive regions: 2->2
[2021-11-08T19:51:00.293-0800][gc,heap     ] GC(312) Humongous regions: 129->129
[2021-11-08T19:51:00.293-0800][gc,metaspace] GC(312) Metaspace: 40974K(41536K)->40974K(41536K) NonClass: 36210K(36544K)->36210K(36544K) Class: 4763K(4992K)->4763K(4992K)
[2021-11-08T19:51:00.293-0800][gc          ] GC(312) Pause Young (Normal) (G1 Evacuation Pause) 256M->209M(1024M) 46.274ms
[2021-11-08T19:51:00.293-0800][gc,cpu      ] GC(312) User=0.03s Sys=0.05s Real=0.05s
[2021-11-08T19:51:44.193-0800][gc,start    ] GC(313) Pause Young (Normal) (G1 Evacuation Pause)
[2021-11-08T19:51:44.195-0800][gc,task     ] GC(313) Using 8 workers of 8 for evacuation
[2021-11-08T19:51:44.253-0800][gc,mmu      ] GC(313) MMU target violated: 21.0ms (20.0ms/21.0ms)
[2021-11-08T19:51:44.253-0800][gc,phases   ] GC(313)   Pre Evacuate Collection Set: 1.3ms
[2021-11-08T19:51:44.253-0800][gc,phases   ] GC(313)   Merge Heap Roots: 0.4ms
[2021-11-08T19:51:44.253-0800][gc,phases   ] GC(313)   Evacuate Collection Set: 53.5ms
[2021-11-08T19:51:44.253-0800][gc,phases   ] GC(313)   Post Evacuate Collection Set: 2.0ms
[2021-11-08T19:51:44.253-0800][gc,phases   ] GC(313)   Other: 2.7ms
[2021-11-08T19:51:44.253-0800][gc,heap     ] GC(313) Eden regions: 47->0(47)
[2021-11-08T19:51:44.253-0800][gc,heap     ] GC(313) Survivor regions: 4->4(7)
[2021-11-08T19:51:44.253-0800][gc,heap     ] GC(313) Old regions: 76->78
[2021-11-08T19:51:44.253-0800][gc,heap     ] GC(313) Archive regions: 2->2
[2021-11-08T19:51:44.253-0800][gc,heap     ] GC(313) Humongous regions: 129->129
[2021-11-08T19:51:44.253-0800][gc,metaspace] GC(313) Metaspace: 40974K(41536K)->40974K(41536K) NonClass: 36210K(36544K)->36210K(36544K) Class: 4763K(4992K)->4763K(4992K)
[2021-11-08T19:51:44.253-0800][gc          ] GC(313) Pause Young (Normal) (G1 Evacuation Pause) 256M->210M(1024M) 59.885ms
[2021-11-08T19:51:44.253-0800][gc,cpu      ] GC(313) User=0.04s Sys=0.05s Real=0.06s
[2021-11-08T19:52:28.250-0800][gc,start    ] GC(314) Pause Young (Normal) (G1 Evacuation Pause)
[2021-11-08T19:52:28.251-0800][gc,task     ] GC(314) Using 8 workers of 8 for evacuation
[2021-11-08T19:52:28.277-0800][gc,mmu      ] GC(314) MMU target violated: 21.0ms (20.0ms/21.0ms)
[2021-11-08T19:52:28.278-0800][gc,phases   ] GC(314)   Pre Evacuate Collection Set: 1.5ms
[2021-11-08T19:52:28.278-0800][gc,phases   ] GC(314)   Merge Heap Roots: 0.5ms
[2021-11-08T19:52:28.278-0800][gc,phases   ] GC(314)   Evacuate Collection Set: 22.7ms
[2021-11-08T19:52:28.278-0800][gc,phases   ] GC(314)   Post Evacuate Collection Set: 1.6ms
[2021-11-08T19:52:28.278-0800][gc,phases   ] GC(314)   Other: 1.7ms
[2021-11-08T19:52:28.278-0800][gc,heap     ] GC(314) Eden regions: 47->0(45)
[2021-11-08T19:52:28.278-0800][gc,heap     ] GC(314) Survivor regions: 4->6(7)
[2021-11-08T19:52:28.278-0800][gc,heap     ] GC(314) Old regions: 78->78
[2021-11-08T19:52:28.278-0800][gc,heap     ] GC(314) Archive regions: 2->2
[2021-11-08T19:52:28.278-0800][gc,heap     ] GC(314) Humongous regions: 129->129
[2021-11-08T19:52:28.278-0800][gc,metaspace] GC(314) Metaspace: 40974K(41536K)->40974K(41536K) NonClass: 36210K(36544K)->36210K(36544K) Class: 4763K(4992K)->4763K(4992K)
[2021-11-08T19:52:28.278-0800][gc          ] GC(314) Pause Young (Normal) (G1 Evacuation Pause) 257M->212M(1024M) 27.985ms
[2021-11-08T19:52:28.278-0800][gc,cpu      ] GC(314) User=0.03s Sys=0.04s Real=0.02s
[2021-11-08T19:53:10.457-0800][gc,start    ] GC(315) Pause Young (Normal) (G1 Evacuation Pause)
[2021-11-08T19:53:10.459-0800][gc,task     ] GC(315) Using 8 workers of 8 for evacuation
[2021-11-08T19:53:10.491-0800][gc,mmu      ] GC(315) MMU target violated: 21.0ms (20.0ms/21.0ms)
[2021-11-08T19:53:10.491-0800][gc,phases   ] GC(315)   Pre Evacuate Collection Set: 1.5ms
[2021-11-08T19:53:10.491-0800][gc,phases   ] GC(315)   Merge Heap Roots: 0.3ms
[2021-11-08T19:53:10.491-0800][gc,phases   ] GC(315)   Evacuate Collection Set: 28.2ms
[2021-11-08T19:53:10.491-0800][gc,phases   ] GC(315)   Post Evacuate Collection Set: 1.2ms
[2021-11-08T19:53:10.491-0800][gc,phases   ] GC(315)   Other: 2.0ms
[2021-11-08T19:53:10.491-0800][gc,heap     ] GC(315) Eden regions: 45->0(46)
[2021-11-08T19:53:10.491-0800][gc,heap     ] GC(315) Survivor regions: 6->5(7)
[2021-11-08T19:53:10.491-0800][gc,heap     ] GC(315) Old regions: 78->80
[2021-11-08T19:53:10.491-0800][gc,heap     ] GC(315) Archive regions: 2->2
[2021-11-08T19:53:10.491-0800][gc,heap     ] GC(315) Humongous regions: 129->129
[2021-11-08T19:53:10.491-0800][gc,metaspace] GC(315) Metaspace: 40977K(41536K)->40977K(41536K) NonClass: 36214K(36544K)->36214K(36544K) Class: 4763K(4992K)->4763K(4992K)
[2021-11-08T19:53:10.491-0800][gc          ] GC(315) Pause Young (Normal) (G1 Evacuation Pause) 257M->213M(1024M) 33.455ms
[2021-11-08T19:53:10.491-0800][gc,cpu      ] GC(315) User=0.03s Sys=0.05s Real=0.04s
[2021-11-08T19:53:53.480-0800][gc,start    ] GC(316) Pause Young (Normal) (G1 Evacuation Pause)
[2021-11-08T19:53:53.496-0800][gc,task     ] GC(316) Using 8 workers of 8 for evacuation
[2021-11-08T19:53:53.525-0800][gc,mmu      ] GC(316) MMU target violated: 21.0ms (20.0ms/21.0ms)
[2021-11-08T19:53:53.525-0800][gc,phases   ] GC(316)   Pre Evacuate Collection Set: 1.1ms
[2021-11-08T19:53:53.525-0800][gc,phases   ] GC(316)   Merge Heap Roots: 0.4ms
[2021-11-08T19:53:53.525-0800][gc,phases   ] GC(316)   Evacuate Collection Set: 25.1ms
[2021-11-08T19:53:53.525-0800][gc,phases   ] GC(316)   Post Evacuate Collection Set: 2.0ms
[2021-11-08T19:53:53.525-0800][gc,phases   ] GC(316)   Other: 17.2ms
[2021-11-08T19:53:53.525-0800][gc,heap     ] GC(316) Eden regions: 46->0(47)
[2021-11-08T19:53:53.525-0800][gc,heap     ] GC(316) Survivor regions: 5->4(7)
[2021-11-08T19:53:53.525-0800][gc,heap     ] GC(316) Old regions: 80->81
[2021-11-08T19:53:53.525-0800][gc,heap     ] GC(316) Archive regions: 2->2
[2021-11-08T19:53:53.525-0800][gc,heap     ] GC(316) Humongous regions: 129->129
[2021-11-08T19:53:53.525-0800][gc,metaspace] GC(316) Metaspace: 40977K(41536K)->40977K(41536K) NonClass: 36214K(36544K)->36214K(36544K) Class: 4763K(4992K)->4763K(4992K)
[2021-11-08T19:53:53.525-0800][gc          ] GC(316) Pause Young (Normal) (G1 Evacuation Pause) 259M->214M(1024M) 45.940ms
[2021-11-08T19:53:53.526-0800][gc,cpu      ] GC(316) User=0.03s Sys=0.04s Real=0.04s
[2021-11-08T19:54:34.805-0800][gc,start    ] GC(317) Pause Young (Normal) (G1 Evacuation Pause)
[2021-11-08T19:54:34.807-0800][gc,task     ] GC(317) Using 8 workers of 8 for evacuation
[2021-11-08T19:54:34.835-0800][gc,mmu      ] GC(317) MMU target violated: 21.0ms (20.0ms/21.0ms)
[2021-11-08T19:54:34.835-0800][gc,phases   ] GC(317)   Pre Evacuate Collection Set: 1.3ms
[2021-11-08T19:54:34.835-0800][gc,phases   ] GC(317)   Merge Heap Roots: 0.5ms
[2021-11-08T19:54:34.835-0800][gc,phases   ] GC(317)   Evacuate Collection Set: 23.0ms
[2021-11-08T19:54:34.835-0800][gc,phases   ] GC(317)   Post Evacuate Collection Set: 2.1ms
[2021-11-08T19:54:34.835-0800][gc,phases   ] GC(317)   Other: 2.6ms
[2021-11-08T19:54:34.835-0800][gc,heap     ] GC(317) Eden regions: 47->0(44)
[2021-11-08T19:54:34.835-0800][gc,heap     ] GC(317) Survivor regions: 4->7(7)
[2021-11-08T19:54:34.835-0800][gc,heap     ] GC(317) Old regions: 81->81
[2021-11-08T19:54:34.835-0800][gc,heap     ] GC(317) Archive regions: 2->2
[2021-11-08T19:54:34.835-0800][gc,heap     ] GC(317) Humongous regions: 129->129
[2021-11-08T19:54:34.835-0800][gc,metaspace] GC(317) Metaspace: 40977K(41536K)->40977K(41536K) NonClass: 36214K(36544K)->36214K(36544K) Class: 4763K(4992K)->4763K(4992K)
[2021-11-08T19:54:34.835-0800][gc          ] GC(317) Pause Young (Normal) (G1 Evacuation Pause) 261M->217M(1024M) 29.735ms
[2021-11-08T19:54:34.835-0800][gc,cpu      ] GC(317) User=0.04s Sys=0.04s Real=0.03s
[2021-11-08T19:55:15.217-0800][gc,start    ] GC(318) Pause Young (Normal) (G1 Evacuation Pause)
[2021-11-08T19:55:15.217-0800][gc,task     ] GC(318) Using 8 workers of 8 for evacuation
[2021-11-08T19:55:15.266-0800][gc,mmu      ] GC(318) MMU target violated: 21.0ms (20.0ms/21.0ms)
[2021-11-08T19:55:15.266-0800][gc,phases   ] GC(318)   Pre Evacuate Collection Set: 0.7ms
[2021-11-08T19:55:15.266-0800][gc,phases   ] GC(318)   Merge Heap Roots: 0.2ms
[2021-11-08T19:55:15.266-0800][gc,phases   ] GC(318)   Evacuate Collection Set: 47.0ms
[2021-11-08T19:55:15.266-0800][gc,phases   ] GC(318)   Post Evacuate Collection Set: 0.9ms
[2021-11-08T19:55:15.266-0800][gc,phases   ] GC(318)   Other: 0.6ms
[2021-11-08T19:55:15.266-0800][gc,heap     ] GC(318) Eden regions: 44->0(49)
[2021-11-08T19:55:15.266-0800][gc,heap     ] GC(318) Survivor regions: 7->2(7)
[2021-11-08T19:55:15.266-0800][gc,heap     ] GC(318) Old regions: 81->86
[2021-11-08T19:55:15.266-0800][gc,heap     ] GC(318) Archive regions: 2->2
[2021-11-08T19:55:15.266-0800][gc,heap     ] GC(318) Humongous regions: 129->129
[2021-11-08T19:55:15.266-0800][gc,metaspace] GC(318) Metaspace: 40978K(41536K)->40978K(41536K) NonClass: 36215K(36544K)->36215K(36544K) Class: 4763K(4992K)->4763K(4992K)
[2021-11-08T19:55:15.266-0800][gc          ] GC(318) Pause Young (Normal) (G1 Evacuation Pause) 261M->217M(1024M) 49.432ms
[2021-11-08T19:55:15.266-0800][gc,cpu      ] GC(318) User=0.03s Sys=0.06s Real=0.05s
[2021-11-08T19:56:01.095-0800][gc,start    ] GC(319) Pause Young (Normal) (G1 Evacuation Pause)
[2021-11-08T19:56:01.097-0800][gc,task     ] GC(319) Using 8 workers of 8 for evacuation
[2021-11-08T19:56:01.124-0800][gc,mmu      ] GC(319) MMU target violated: 21.0ms (20.0ms/21.0ms)
[2021-11-08T19:56:01.124-0800][gc,phases   ] GC(319)   Pre Evacuate Collection Set: 1.6ms
[2021-11-08T19:56:01.125-0800][gc,phases   ] GC(319)   Merge Heap Roots: 0.6ms
[2021-11-08T19:56:01.125-0800][gc,phases   ] GC(319)   Evacuate Collection Set: 22.7ms
[2021-11-08T19:56:01.125-0800][gc,phases   ] GC(319)   Post Evacuate Collection Set: 1.9ms
[2021-11-08T19:56:01.125-0800][gc,phases   ] GC(319)   Other: 3.1ms
[2021-11-08T19:56:01.125-0800][gc,heap     ] GC(319) Eden regions: 49->0(48)
[2021-11-08T19:56:01.125-0800][gc,heap     ] GC(319) Survivor regions: 2->3(7)
[2021-11-08T19:56:01.125-0800][gc,heap     ] GC(319) Old regions: 86->86
[2021-11-08T19:56:01.125-0800][gc,heap     ] GC(319) Archive regions: 2->2
[2021-11-08T19:56:01.125-0800][gc,heap     ] GC(319) Humongous regions: 129->129
[2021-11-08T19:56:01.125-0800][gc,metaspace] GC(319) Metaspace: 40978K(41536K)->40978K(41536K) NonClass: 36215K(36544K)->36215K(36544K) Class: 4763K(4992K)->4763K(4992K)
[2021-11-08T19:56:01.125-0800][gc          ] GC(319) Pause Young (Normal) (G1 Evacuation Pause) 266M->217M(1024M) 30.007ms
[2021-11-08T19:56:01.125-0800][gc,cpu      ] GC(319) User=0.03s Sys=0.03s Real=0.03s
[2021-11-08T19:56:46.088-0800][gc,start    ] GC(320) Pause Young (Normal) (G1 Evacuation Pause)
[2021-11-08T19:56:46.090-0800][gc,task     ] GC(320) Using 8 workers of 8 for evacuation
[2021-11-08T19:56:46.107-0800][gc,phases   ] GC(320)   Pre Evacuate Collection Set: 0.5ms
[2021-11-08T19:56:46.107-0800][gc,phases   ] GC(320)   Merge Heap Roots: 0.1ms
[2021-11-08T19:56:46.107-0800][gc,phases   ] GC(320)   Evacuate Collection Set: 15.9ms
[2021-11-08T19:56:46.107-0800][gc,phases   ] GC(320)   Post Evacuate Collection Set: 0.6ms
[2021-11-08T19:56:46.107-0800][gc,phases   ] GC(320)   Other: 1.8ms
[2021-11-08T19:56:46.107-0800][gc,heap     ] GC(320) Eden regions: 48->0(46)
[2021-11-08T19:56:46.107-0800][gc,heap     ] GC(320) Survivor regions: 3->5(7)
[2021-11-08T19:56:46.107-0800][gc,heap     ] GC(320) Old regions: 86->86
[2021-11-08T19:56:46.107-0800][gc,heap     ] GC(320) Archive regions: 2->2
[2021-11-08T19:56:46.107-0800][gc,heap     ] GC(320) Humongous regions: 129->129
[2021-11-08T19:56:46.107-0800][gc,metaspace] GC(320) Metaspace: 40978K(41536K)->40978K(41536K) NonClass: 36215K(36544K)->36215K(36544K) Class: 4763K(4992K)->4763K(4992K)
[2021-11-08T19:56:46.107-0800][gc          ] GC(320) Pause Young (Normal) (G1 Evacuation Pause) 265M->220M(1024M) 19.105ms
[2021-11-08T19:56:46.107-0800][gc,cpu      ] GC(320) User=0.03s Sys=0.01s Real=0.02s
[2021-11-08T19:57:28.820-0800][gc,start    ] GC(321) Pause Young (Normal) (G1 Evacuation Pause)
[2021-11-08T19:57:28.821-0800][gc,task     ] GC(321) Using 8 workers of 8 for evacuation
[2021-11-08T19:57:28.846-0800][gc,mmu      ] GC(321) MMU target violated: 21.0ms (20.0ms/21.0ms)
[2021-11-08T19:57:28.846-0800][gc,phases   ] GC(321)   Pre Evacuate Collection Set: 0.6ms
[2021-11-08T19:57:28.846-0800][gc,phases   ] GC(321)   Merge Heap Roots: 0.1ms
[2021-11-08T19:57:28.846-0800][gc,phases   ] GC(321)   Evacuate Collection Set: 22.3ms
[2021-11-08T19:57:28.846-0800][gc,phases   ] GC(321)   Post Evacuate Collection Set: 1.7ms
[2021-11-08T19:57:28.846-0800][gc,phases   ] GC(321)   Other: 1.1ms
[2021-11-08T19:57:28.846-0800][gc,heap     ] GC(321) Eden regions: 46->0(47)
[2021-11-08T19:57:28.846-0800][gc,heap     ] GC(321) Survivor regions: 5->4(7)
[2021-11-08T19:57:28.846-0800][gc,heap     ] GC(321) Old regions: 86->88
[2021-11-08T19:57:28.846-0800][gc,heap     ] GC(321) Archive regions: 2->2
[2021-11-08T19:57:28.846-0800][gc,heap     ] GC(321) Humongous regions: 129->129
[2021-11-08T19:57:28.846-0800][gc,metaspace] GC(321) Metaspace: 40978K(41536K)->40978K(41536K) NonClass: 36215K(36544K)->36215K(36544K) Class: 4763K(4992K)->4763K(4992K)
[2021-11-08T19:57:28.846-0800][gc          ] GC(321) Pause Young (Normal) (G1 Evacuation Pause) 266M->221M(1024M) 26.006ms
[2021-11-08T19:57:28.846-0800][gc,cpu      ] GC(321) User=0.03s Sys=0.03s Real=0.02s
[2021-11-08T19:58:12.686-0800][gc,start    ] GC(322) Pause Young (Normal) (G1 Evacuation Pause)
[2021-11-08T19:58:12.687-0800][gc,task     ] GC(322) Using 8 workers of 8 for evacuation
[2021-11-08T19:58:12.714-0800][gc,mmu      ] GC(322) MMU target violated: 21.0ms (20.0ms/21.0ms)
[2021-11-08T19:58:12.714-0800][gc,phases   ] GC(322)   Pre Evacuate Collection Set: 1.2ms
[2021-11-08T19:58:12.714-0800][gc,phases   ] GC(322)   Merge Heap Roots: 0.3ms
[2021-11-08T19:58:12.714-0800][gc,phases   ] GC(322)   Evacuate Collection Set: 22.7ms
[2021-11-08T19:58:12.714-0800][gc,phases   ] GC(322)   Post Evacuate Collection Set: 1.8ms
[2021-11-08T19:58:12.714-0800][gc,phases   ] GC(322)   Other: 2.1ms
[2021-11-08T19:58:12.714-0800][gc,heap     ] GC(322) Eden regions: 47->0(46)
[2021-11-08T19:58:12.714-0800][gc,heap     ] GC(322) Survivor regions: 4->5(7)
[2021-11-08T19:58:12.714-0800][gc,heap     ] GC(322) Old regions: 88->88
[2021-11-08T19:58:12.714-0800][gc,heap     ] GC(322) Archive regions: 2->2
[2021-11-08T19:58:12.714-0800][gc,heap     ] GC(322) Humongous regions: 129->129
[2021-11-08T19:58:12.714-0800][gc,metaspace] GC(322) Metaspace: 40978K(41536K)->40978K(41536K) NonClass: 36215K(36544K)->36215K(36544K) Class: 4763K(4992K)->4763K(4992K)
[2021-11-08T19:58:12.714-0800][gc          ] GC(322) Pause Young (Normal) (G1 Evacuation Pause) 268M->221M(1024M) 28.318ms
[2021-11-08T19:58:12.714-0800][gc,cpu      ] GC(322) User=0.03s Sys=0.03s Real=0.03s
[2021-11-08T19:58:54.843-0800][gc,start    ] GC(323) Pause Young (Normal) (G1 Evacuation Pause)
[2021-11-08T19:58:54.845-0800][gc,task     ] GC(323) Using 8 workers of 8 for evacuation
[2021-11-08T19:58:54.875-0800][gc,mmu      ] GC(323) MMU target violated: 21.0ms (20.0ms/21.0ms)
[2021-11-08T19:58:54.875-0800][gc,phases   ] GC(323)   Pre Evacuate Collection Set: 0.8ms
[2021-11-08T19:58:54.875-0800][gc,phases   ] GC(323)   Merge Heap Roots: 0.2ms
[2021-11-08T19:58:54.875-0800][gc,phases   ] GC(323)   Evacuate Collection Set: 26.5ms
[2021-11-08T19:58:54.875-0800][gc,phases   ] GC(323)   Post Evacuate Collection Set: 1.6ms
[2021-11-08T19:58:54.875-0800][gc,phases   ] GC(323)   Other: 2.2ms
[2021-11-08T19:58:54.875-0800][gc,heap     ] GC(323) Eden regions: 46->0(47)
[2021-11-08T19:58:54.875-0800][gc,heap     ] GC(323) Survivor regions: 5->4(7)
[2021-11-08T19:58:54.875-0800][gc,heap     ] GC(323) Old regions: 88->89
[2021-11-08T19:58:54.875-0800][gc,heap     ] GC(323) Archive regions: 2->2
[2021-11-08T19:58:54.875-0800][gc,heap     ] GC(323) Humongous regions: 129->129
[2021-11-08T19:58:54.875-0800][gc,metaspace] GC(323) Metaspace: 40978K(41536K)->40978K(41536K) NonClass: 36215K(36544K)->36215K(36544K) Class: 4763K(4992K)->4763K(4992K)
[2021-11-08T19:58:54.875-0800][gc          ] GC(323) Pause Young (Normal) (G1 Evacuation Pause) 267M->222M(1024M) 31.568ms
[2021-11-08T19:58:54.875-0800][gc,cpu      ] GC(323) User=0.03s Sys=0.03s Real=0.03s
[2021-11-08T19:59:38.950-0800][gc,start    ] GC(324) Pause Young (Normal) (G1 Evacuation Pause)
[2021-11-08T19:59:38.964-0800][gc,task     ] GC(324) Using 8 workers of 8 for evacuation
[2021-11-08T19:59:39.003-0800][gc,mmu      ] GC(324) MMU target violated: 21.0ms (20.0ms/21.0ms)
[2021-11-08T19:59:39.004-0800][gc,phases   ] GC(324)   Pre Evacuate Collection Set: 1.6ms
[2021-11-08T19:59:39.004-0800][gc,phases   ] GC(324)   Merge Heap Roots: 0.4ms
[2021-11-08T19:59:39.004-0800][gc,phases   ] GC(324)   Evacuate Collection Set: 35.1ms
[2021-11-08T19:59:39.004-0800][gc,phases   ] GC(324)   Post Evacuate Collection Set: 1.7ms
[2021-11-08T19:59:39.004-0800][gc,phases   ] GC(324)   Other: 15.1ms
[2021-11-08T19:59:39.004-0800][gc,heap     ] GC(324) Eden regions: 47->0(45)
[2021-11-08T19:59:39.004-0800][gc,heap     ] GC(324) Survivor regions: 4->6(7)
[2021-11-08T19:59:39.004-0800][gc,heap     ] GC(324) Old regions: 89->89
[2021-11-08T19:59:39.004-0800][gc,heap     ] GC(324) Archive regions: 2->2
[2021-11-08T19:59:39.004-0800][gc,heap     ] GC(324) Humongous regions: 129->129
[2021-11-08T19:59:39.004-0800][gc,metaspace] GC(324) Metaspace: 40978K(41536K)->40978K(41536K) NonClass: 36215K(36544K)->36215K(36544K) Class: 4763K(4992K)->4763K(4992K)
[2021-11-08T19:59:39.004-0800][gc          ] GC(324) Pause Young (Normal) (G1 Evacuation Pause) 269M->224M(1024M) 54.133ms
[2021-11-08T19:59:39.004-0800][gc,cpu      ] GC(324) User=0.05s Sys=0.04s Real=0.05s
[2021-11-08T20:00:21.146-0800][gc,start    ] GC(325) Pause Young (Normal) (G1 Evacuation Pause)
[2021-11-08T20:00:21.147-0800][gc,task     ] GC(325) Using 8 workers of 8 for evacuation
[2021-11-08T20:00:21.200-0800][gc,mmu      ] GC(325) MMU target violated: 21.0ms (20.0ms/21.0ms)
[2021-11-08T20:00:21.201-0800][gc,phases   ] GC(325)   Pre Evacuate Collection Set: 0.4ms
[2021-11-08T20:00:21.201-0800][gc,phases   ] GC(325)   Merge Heap Roots: 0.2ms
[2021-11-08T20:00:21.201-0800][gc,phases   ] GC(325)   Evacuate Collection Set: 32.0ms
[2021-11-08T20:00:21.201-0800][gc,phases   ] GC(325)   Post Evacuate Collection Set: 2.3ms
[2021-11-08T20:00:21.201-0800][gc,phases   ] GC(325)   Other: 19.7ms
[2021-11-08T20:00:21.201-0800][gc,heap     ] GC(325) Eden regions: 45->0(46)
[2021-11-08T20:00:21.201-0800][gc,heap     ] GC(325) Survivor regions: 6->5(7)
[2021-11-08T20:00:21.201-0800][gc,heap     ] GC(325) Old regions: 89->91
[2021-11-08T20:00:21.201-0800][gc,heap     ] GC(325) Archive regions: 2->2
[2021-11-08T20:00:21.201-0800][gc,heap     ] GC(325) Humongous regions: 129->129
[2021-11-08T20:00:21.201-0800][gc,metaspace] GC(325) Metaspace: 40978K(41536K)->40978K(41536K) NonClass: 36215K(36544K)->36215K(36544K) Class: 4763K(4992K)->4763K(4992K)
[2021-11-08T20:00:21.201-0800][gc          ] GC(325) Pause Young (Normal) (G1 Evacuation Pause) 269M->225M(1024M) 54.957ms
[2021-11-08T20:00:21.201-0800][gc,cpu      ] GC(325) User=0.05s Sys=0.02s Real=0.06s
[2021-11-08T20:01:04.071-0800][gc,start    ] GC(326) Pause Young (Normal) (G1 Evacuation Pause)
[2021-11-08T20:01:04.071-0800][gc,task     ] GC(326) Using 8 workers of 8 for evacuation
[2021-11-08T20:01:04.100-0800][gc,mmu      ] GC(326) MMU target violated: 21.0ms (20.0ms/21.0ms)
[2021-11-08T20:01:04.100-0800][gc,phases   ] GC(326)   Pre Evacuate Collection Set: 1.0ms
[2021-11-08T20:01:04.100-0800][gc,phases   ] GC(326)   Merge Heap Roots: 0.3ms
[2021-11-08T20:01:04.100-0800][gc,phases   ] GC(326)   Evacuate Collection Set: 24.1ms
[2021-11-08T20:01:04.100-0800][gc,phases   ] GC(326)   Post Evacuate Collection Set: 2.1ms
[2021-11-08T20:01:04.100-0800][gc,phases   ] GC(326)   Other: 2.1ms
[2021-11-08T20:01:04.100-0800][gc,heap     ] GC(326) Eden regions: 46->0(47)
[2021-11-08T20:01:04.100-0800][gc,heap     ] GC(326) Survivor regions: 5->4(7)
[2021-11-08T20:01:04.100-0800][gc,heap     ] GC(326) Old regions: 91->93
[2021-11-08T20:01:04.100-0800][gc,heap     ] GC(326) Archive regions: 2->2
[2021-11-08T20:01:04.100-0800][gc,heap     ] GC(326) Humongous regions: 129->129
[2021-11-08T20:01:04.100-0800][gc,metaspace] GC(326) Metaspace: 40978K(41536K)->40978K(41536K) NonClass: 36215K(36544K)->36215K(36544K) Class: 4763K(4992K)->4763K(4992K)
[2021-11-08T20:01:04.100-0800][gc          ] GC(326) Pause Young (Normal) (G1 Evacuation Pause) 271M->225M(1024M) 29.830ms
[2021-11-08T20:01:04.100-0800][gc,cpu      ] GC(326) User=0.04s Sys=0.04s Real=0.03s
[2021-11-08T20:01:47.915-0800][gc,start    ] GC(327) Pause Young (Normal) (G1 Evacuation Pause)
[2021-11-08T20:01:47.916-0800][gc,task     ] GC(327) Using 8 workers of 8 for evacuation
[2021-11-08T20:01:47.934-0800][gc,phases   ] GC(327)   Pre Evacuate Collection Set: 0.4ms
[2021-11-08T20:01:47.935-0800][gc,phases   ] GC(327)   Merge Heap Roots: 0.2ms
[2021-11-08T20:01:47.935-0800][gc,phases   ] GC(327)   Evacuate Collection Set: 16.4ms
[2021-11-08T20:01:47.935-0800][gc,phases   ] GC(327)   Post Evacuate Collection Set: 0.6ms
[2021-11-08T20:01:47.935-0800][gc,phases   ] GC(327)   Other: 2.4ms
[2021-11-08T20:01:47.935-0800][gc,heap     ] GC(327) Eden regions: 47->0(45)
[2021-11-08T20:01:47.935-0800][gc,heap     ] GC(327) Survivor regions: 4->6(7)
[2021-11-08T20:01:47.935-0800][gc,heap     ] GC(327) Old regions: 93->93
[2021-11-08T20:01:47.935-0800][gc,heap     ] GC(327) Archive regions: 2->2
[2021-11-08T20:01:47.935-0800][gc,heap     ] GC(327) Humongous regions: 129->129
[2021-11-08T20:01:47.935-0800][gc,metaspace] GC(327) Metaspace: 40978K(41536K)->40978K(41536K) NonClass: 36215K(36544K)->36215K(36544K) Class: 4763K(4992K)->4763K(4992K)
[2021-11-08T20:01:47.935-0800][gc          ] GC(327) Pause Young (Normal) (G1 Evacuation Pause) 272M->227M(1024M) 20.235ms
[2021-11-08T20:01:47.935-0800][gc,cpu      ] GC(327) User=0.04s Sys=0.02s Real=0.02s
[2021-11-08T20:02:30.003-0800][gc,start    ] GC(328) Pause Young (Normal) (G1 Evacuation Pause)
[2021-11-08T20:02:30.005-0800][gc,task     ] GC(328) Using 8 workers of 8 for evacuation
[2021-11-08T20:02:30.034-0800][gc,mmu      ] GC(328) MMU target violated: 21.0ms (20.0ms/21.0ms)
[2021-11-08T20:02:30.034-0800][gc,phases   ] GC(328)   Pre Evacuate Collection Set: 1.6ms
[2021-11-08T20:02:30.034-0800][gc,phases   ] GC(328)   Merge Heap Roots: 0.4ms
[2021-11-08T20:02:30.034-0800][gc,phases   ] GC(328)   Evacuate Collection Set: 23.8ms
[2021-11-08T20:02:30.034-0800][gc,phases   ] GC(328)   Post Evacuate Collection Set: 1.7ms
[2021-11-08T20:02:30.034-0800][gc,phases   ] GC(328)   Other: 3.3ms
[2021-11-08T20:02:30.034-0800][gc,heap     ] GC(328) Eden regions: 45->0(46)
[2021-11-08T20:02:30.034-0800][gc,heap     ] GC(328) Survivor regions: 6->5(7)
[2021-11-08T20:02:30.034-0800][gc,heap     ] GC(328) Old regions: 93->95
[2021-11-08T20:02:30.034-0800][gc,heap     ] GC(328) Archive regions: 2->2
[2021-11-08T20:02:30.034-0800][gc,heap     ] GC(328) Humongous regions: 129->129
[2021-11-08T20:02:30.034-0800][gc,metaspace] GC(328) Metaspace: 40978K(41536K)->40978K(41536K) NonClass: 36215K(36544K)->36215K(36544K) Class: 4763K(4992K)->4763K(4992K)
[2021-11-08T20:02:30.034-0800][gc          ] GC(328) Pause Young (Normal) (G1 Evacuation Pause) 272M->228M(1024M) 30.799ms
[2021-11-08T20:02:30.034-0800][gc,cpu      ] GC(328) User=0.04s Sys=0.05s Real=0.03s
[2021-11-08T20:03:12.967-0800][gc,start    ] GC(329) Pause Young (Normal) (G1 Evacuation Pause)
[2021-11-08T20:03:12.968-0800][gc,task     ] GC(329) Using 8 workers of 8 for evacuation
[2021-11-08T20:03:12.989-0800][gc,mmu      ] GC(329) MMU target violated: 20.2ms (20.0ms/21.0ms)
[2021-11-08T20:03:12.989-0800][gc,phases   ] GC(329)   Pre Evacuate Collection Set: 0.4ms
[2021-11-08T20:03:12.989-0800][gc,phases   ] GC(329)   Merge Heap Roots: 0.2ms
[2021-11-08T20:03:12.989-0800][gc,phases   ] GC(329)   Evacuate Collection Set: 19.0ms
[2021-11-08T20:03:12.989-0800][gc,phases   ] GC(329)   Post Evacuate Collection Set: 0.7ms
[2021-11-08T20:03:12.989-0800][gc,phases   ] GC(329)   Other: 1.7ms
[2021-11-08T20:03:12.989-0800][gc,heap     ] GC(329) Eden regions: 46->0(72)
[2021-11-08T20:03:12.989-0800][gc,heap     ] GC(329) Survivor regions: 5->4(7)
[2021-11-08T20:03:12.989-0800][gc,heap     ] GC(329) Old regions: 95->96
[2021-11-08T20:03:12.989-0800][gc,heap     ] GC(329) Archive regions: 2->2
[2021-11-08T20:03:12.989-0800][gc,heap     ] GC(329) Humongous regions: 129->129
[2021-11-08T20:03:12.989-0800][gc,metaspace] GC(329) Metaspace: 40978K(41536K)->40978K(41536K) NonClass: 36215K(36544K)->36215K(36544K) Class: 4763K(4992K)->4763K(4992K)
[2021-11-08T20:03:12.989-0800][gc          ] GC(329) Pause Young (Normal) (G1 Evacuation Pause) 274M->228M(1024M) 22.079ms
[2021-11-08T20:03:12.989-0800][gc,cpu      ] GC(329) User=0.04s Sys=0.02s Real=0.02s
[2021-11-08T20:04:09.985-0800][gc,start    ] GC(330) Pause Young (Normal) (G1 Evacuation Pause)
[2021-11-08T20:04:09.987-0800][gc,task     ] GC(330) Using 8 workers of 8 for evacuation
[2021-11-08T20:04:10.007-0800][gc,phases   ] GC(330)   Pre Evacuate Collection Set: 1.3ms
[2021-11-08T20:04:10.007-0800][gc,phases   ] GC(330)   Merge Heap Roots: 0.3ms
[2021-11-08T20:04:10.007-0800][gc,phases   ] GC(330)   Evacuate Collection Set: 16.2ms
[2021-11-08T20:04:10.007-0800][gc,phases   ] GC(330)   Post Evacuate Collection Set: 1.3ms
[2021-11-08T20:04:10.007-0800][gc,phases   ] GC(330)   Other: 2.8ms
[2021-11-08T20:04:10.007-0800][gc,heap     ] GC(330) Eden regions: 61->0(61)
[2021-11-08T20:04:10.007-0800][gc,heap     ] GC(330) Survivor regions: 4->5(9)
[2021-11-08T20:04:10.007-0800][gc,heap     ] GC(330) Old regions: 96->96
[2021-11-08T20:04:10.007-0800][gc,heap     ] GC(330) Archive regions: 2->2
[2021-11-08T20:04:10.007-0800][gc,heap     ] GC(330) Humongous regions: 129->129
[2021-11-08T20:04:10.007-0800][gc,metaspace] GC(330) Metaspace: 40978K(41536K)->40978K(41536K) NonClass: 36215K(36544K)->36215K(36544K) Class: 4763K(4992K)->4763K(4992K)
[2021-11-08T20:04:10.007-0800][gc          ] GC(330) Pause Young (Normal) (G1 Evacuation Pause) 289M->230M(1024M) 22.100ms
[2021-11-08T20:04:10.007-0800][gc,cpu      ] GC(330) User=0.04s Sys=0.03s Real=0.02s
[2021-11-08T20:05:07.001-0800][gc,start    ] GC(331) Pause Young (Normal) (G1 Evacuation Pause)
[2021-11-08T20:05:07.003-0800][gc,task     ] GC(331) Using 8 workers of 8 for evacuation
[2021-11-08T20:05:07.029-0800][gc,mmu      ] GC(331) MMU target violated: 21.0ms (20.0ms/21.0ms)
[2021-11-08T20:05:07.029-0800][gc,phases   ] GC(331)   Pre Evacuate Collection Set: 0.6ms
[2021-11-08T20:05:07.029-0800][gc,phases   ] GC(331)   Merge Heap Roots: 0.2ms
[2021-11-08T20:05:07.029-0800][gc,phases   ] GC(331)   Evacuate Collection Set: 23.5ms
[2021-11-08T20:05:07.029-0800][gc,phases   ] GC(331)   Post Evacuate Collection Set: 0.8ms
[2021-11-08T20:05:07.029-0800][gc,phases   ] GC(331)   Other: 2.7ms
[2021-11-08T20:05:07.029-0800][gc,heap     ] GC(331) Eden regions: 61->0(44)
[2021-11-08T20:05:07.029-0800][gc,heap     ] GC(331) Survivor regions: 5->7(9)
[2021-11-08T20:05:07.029-0800][gc,heap     ] GC(331) Old regions: 96->97
[2021-11-08T20:05:07.029-0800][gc,heap     ] GC(331) Archive regions: 2->2
[2021-11-08T20:05:07.029-0800][gc,heap     ] GC(331) Humongous regions: 129->129
[2021-11-08T20:05:07.029-0800][gc,metaspace] GC(331) Metaspace: 40978K(41536K)->40978K(41536K) NonClass: 36215K(36544K)->36215K(36544K) Class: 4763K(4992K)->4763K(4992K)
[2021-11-08T20:05:07.029-0800][gc          ] GC(331) Pause Young (Normal) (G1 Evacuation Pause) 291M->232M(1024M) 27.901ms
[2021-11-08T20:05:07.029-0800][gc,cpu      ] GC(331) User=0.06s Sys=0.02s Real=0.02s
[2021-11-08T20:05:47.838-0800][gc,start    ] GC(332) Pause Young (Normal) (G1 Evacuation Pause)
[2021-11-08T20:05:47.839-0800][gc,task     ] GC(332) Using 8 workers of 8 for evacuation
[2021-11-08T20:05:47.880-0800][gc,mmu      ] GC(332) MMU target violated: 21.0ms (20.0ms/21.0ms)
[2021-11-08T20:05:47.880-0800][gc,phases   ] GC(332)   Pre Evacuate Collection Set: 0.7ms
[2021-11-08T20:05:47.880-0800][gc,phases   ] GC(332)   Merge Heap Roots: 0.3ms
[2021-11-08T20:05:47.880-0800][gc,phases   ] GC(332)   Evacuate Collection Set: 38.4ms
[2021-11-08T20:05:47.880-0800][gc,phases   ] GC(332)   Post Evacuate Collection Set: 1.4ms
[2021-11-08T20:05:47.880-0800][gc,phases   ] GC(332)   Other: 1.0ms
[2021-11-08T20:05:47.880-0800][gc,heap     ] GC(332) Eden regions: 44->0(47)
[2021-11-08T20:05:47.880-0800][gc,heap     ] GC(332) Survivor regions: 7->4(7)
[2021-11-08T20:05:47.880-0800][gc,heap     ] GC(332) Old regions: 97->100
[2021-11-08T20:05:47.880-0800][gc,heap     ] GC(332) Archive regions: 2->2
[2021-11-08T20:05:47.880-0800][gc,heap     ] GC(332) Humongous regions: 129->129
[2021-11-08T20:05:47.880-0800][gc,metaspace] GC(332) Metaspace: 40978K(41536K)->40978K(41536K) NonClass: 36215K(36544K)->36215K(36544K) Class: 4763K(4992K)->4763K(4992K)
[2021-11-08T20:05:47.880-0800][gc          ] GC(332) Pause Young (Normal) (G1 Evacuation Pause) 276M->233M(1024M) 42.037ms
[2021-11-08T20:05:47.880-0800][gc,cpu      ] GC(332) User=0.04s Sys=0.04s Real=0.05s
[2021-11-08T20:06:31.460-0800][gc,start    ] GC(333) Pause Young (Normal) (G1 Evacuation Pause)
[2021-11-08T20:06:31.462-0800][gc,task     ] GC(333) Using 8 workers of 8 for evacuation
[2021-11-08T20:06:31.485-0800][gc,mmu      ] GC(333) MMU target violated: 21.0ms (20.0ms/21.0ms)
[2021-11-08T20:06:31.485-0800][gc,phases   ] GC(333)   Pre Evacuate Collection Set: 1.6ms
[2021-11-08T20:06:31.485-0800][gc,phases   ] GC(333)   Merge Heap Roots: 1.1ms
[2021-11-08T20:06:31.485-0800][gc,phases   ] GC(333)   Evacuate Collection Set: 17.6ms
[2021-11-08T20:06:31.485-0800][gc,phases   ] GC(333)   Post Evacuate Collection Set: 2.4ms
[2021-11-08T20:06:31.485-0800][gc,phases   ] GC(333)   Other: 2.4ms
[2021-11-08T20:06:31.485-0800][gc,heap     ] GC(333) Eden regions: 47->0(46)
[2021-11-08T20:06:31.485-0800][gc,heap     ] GC(333) Survivor regions: 4->5(7)
[2021-11-08T20:06:31.485-0800][gc,heap     ] GC(333) Old regions: 100->100
[2021-11-08T20:06:31.485-0800][gc,heap     ] GC(333) Archive regions: 2->2
[2021-11-08T20:06:31.485-0800][gc,heap     ] GC(333) Humongous regions: 129->129
[2021-11-08T20:06:31.485-0800][gc,metaspace] GC(333) Metaspace: 40978K(41536K)->40978K(41536K) NonClass: 36215K(36544K)->36215K(36544K) Class: 4763K(4992K)->4763K(4992K)
[2021-11-08T20:06:31.486-0800][gc          ] GC(333) Pause Young (Normal) (G1 Evacuation Pause) 280M->233M(1024M) 25.214ms
[2021-11-08T20:06:31.486-0800][gc,cpu      ] GC(333) User=0.03s Sys=0.03s Real=0.02s
[2021-11-08T20:07:14.067-0800][gc,start    ] GC(334) Pause Young (Normal) (G1 Evacuation Pause)
[2021-11-08T20:07:14.068-0800][gc,task     ] GC(334) Using 8 workers of 8 for evacuation
[2021-11-08T20:07:14.098-0800][gc,mmu      ] GC(334) MMU target violated: 21.0ms (20.0ms/21.0ms)
[2021-11-08T20:07:14.098-0800][gc,phases   ] GC(334)   Pre Evacuate Collection Set: 0.4ms
[2021-11-08T20:07:14.098-0800][gc,phases   ] GC(334)   Merge Heap Roots: 0.2ms
[2021-11-08T20:07:14.098-0800][gc,phases   ] GC(334)   Evacuate Collection Set: 28.0ms
[2021-11-08T20:07:14.098-0800][gc,phases   ] GC(334)   Post Evacuate Collection Set: 0.6ms
[2021-11-08T20:07:14.098-0800][gc,phases   ] GC(334)   Other: 2.0ms
[2021-11-08T20:07:14.098-0800][gc,heap     ] GC(334) Eden regions: 46->0(46)
[2021-11-08T20:07:14.098-0800][gc,heap     ] GC(334) Survivor regions: 5->5(7)
[2021-11-08T20:07:14.098-0800][gc,heap     ] GC(334) Old regions: 100->102
[2021-11-08T20:07:14.098-0800][gc,heap     ] GC(334) Archive regions: 2->2
[2021-11-08T20:07:14.098-0800][gc,heap     ] GC(334) Humongous regions: 129->129
[2021-11-08T20:07:14.098-0800][gc,metaspace] GC(334) Metaspace: 40978K(41536K)->40978K(41536K) NonClass: 36215K(36544K)->36215K(36544K) Class: 4763K(4992K)->4763K(4992K)
[2021-11-08T20:07:14.098-0800][gc          ] GC(334) Pause Young (Normal) (G1 Evacuation Pause) 279M->236M(1024M) 31.364ms
[2021-11-08T20:07:14.098-0800][gc,cpu      ] GC(334) User=0.06s Sys=0.03s Real=0.03s
[2021-11-08T20:07:56.549-0800][gc,start    ] GC(335) Pause Young (Normal) (G1 Evacuation Pause)
[2021-11-08T20:07:56.551-0800][gc,task     ] GC(335) Using 8 workers of 8 for evacuation
[2021-11-08T20:07:56.573-0800][gc,mmu      ] GC(335) MMU target violated: 21.0ms (20.0ms/21.0ms)
[2021-11-08T20:07:56.573-0800][gc,phases   ] GC(335)   Pre Evacuate Collection Set: 0.6ms
[2021-11-08T20:07:56.573-0800][gc,phases   ] GC(335)   Merge Heap Roots: 0.2ms
[2021-11-08T20:07:56.573-0800][gc,phases   ] GC(335)   Evacuate Collection Set: 20.0ms
[2021-11-08T20:07:56.573-0800][gc,phases   ] GC(335)   Post Evacuate Collection Set: 1.1ms
[2021-11-08T20:07:56.573-0800][gc,phases   ] GC(335)   Other: 1.9ms
[2021-11-08T20:07:56.573-0800][gc,heap     ] GC(335) Eden regions: 46->0(50)
[2021-11-08T20:07:56.573-0800][gc,heap     ] GC(335) Survivor regions: 5->4(7)
[2021-11-08T20:07:56.573-0800][gc,heap     ] GC(335) Old regions: 102->104
[2021-11-08T20:07:56.573-0800][gc,heap     ] GC(335) Archive regions: 2->2
[2021-11-08T20:07:56.573-0800][gc,heap     ] GC(335) Humongous regions: 129->129
[2021-11-08T20:07:56.573-0800][gc,metaspace] GC(335) Metaspace: 40978K(41536K)->40978K(41536K) NonClass: 36215K(36544K)->36215K(36544K) Class: 4763K(4992K)->4763K(4992K)
[2021-11-08T20:07:56.573-0800][gc          ] GC(335) Pause Young (Normal) (G1 Evacuation Pause) 282M->236M(1024M) 23.758ms
[2021-11-08T20:07:56.573-0800][gc,cpu      ] GC(335) User=0.04s Sys=0.03s Real=0.03s
[2021-11-08T20:08:43.276-0800][gc,start    ] GC(336) Pause Young (Normal) (G1 Evacuation Pause)
[2021-11-08T20:08:43.278-0800][gc,task     ] GC(336) Using 8 workers of 8 for evacuation
[2021-11-08T20:08:43.301-0800][gc,mmu      ] GC(336) MMU target violated: 21.0ms (20.0ms/21.0ms)
[2021-11-08T20:08:43.301-0800][gc,phases   ] GC(336)   Pre Evacuate Collection Set: 1.8ms
[2021-11-08T20:08:43.301-0800][gc,phases   ] GC(336)   Merge Heap Roots: 0.4ms
[2021-11-08T20:08:43.301-0800][gc,phases   ] GC(336)   Evacuate Collection Set: 18.5ms
[2021-11-08T20:08:43.301-0800][gc,phases   ] GC(336)   Post Evacuate Collection Set: 2.1ms
[2021-11-08T20:08:43.301-0800][gc,phases   ] GC(336)   Other: 2.9ms
[2021-11-08T20:08:43.301-0800][gc,heap     ] GC(336) Eden regions: 50->0(46)
[2021-11-08T20:08:43.301-0800][gc,heap     ] GC(336) Survivor regions: 4->5(7)
[2021-11-08T20:08:43.301-0800][gc,heap     ] GC(336) Old regions: 104->104
[2021-11-08T20:08:43.301-0800][gc,heap     ] GC(336) Archive regions: 2->2
[2021-11-08T20:08:43.301-0800][gc,heap     ] GC(336) Humongous regions: 129->129
[2021-11-08T20:08:43.302-0800][gc,metaspace] GC(336) Metaspace: 40978K(41536K)->40978K(41536K) NonClass: 36215K(36544K)->36215K(36544K) Class: 4763K(4992K)->4763K(4992K)
[2021-11-08T20:08:43.302-0800][gc          ] GC(336) Pause Young (Normal) (G1 Evacuation Pause) 286M->238M(1024M) 25.867ms
[2021-11-08T20:08:43.302-0800][gc,cpu      ] GC(336) User=0.04s Sys=0.04s Real=0.03s
[2021-11-08T20:09:30.662-0800][gc,start    ] GC(337) Pause Young (Normal) (G1 Evacuation Pause)
[2021-11-08T20:09:30.663-0800][gc,task     ] GC(337) Using 8 workers of 8 for evacuation
[2021-11-08T20:09:30.698-0800][gc,mmu      ] GC(337) MMU target violated: 21.0ms (20.0ms/21.0ms)
[2021-11-08T20:09:30.698-0800][gc,phases   ] GC(337)   Pre Evacuate Collection Set: 7.0ms
[2021-11-08T20:09:30.698-0800][gc,phases   ] GC(337)   Merge Heap Roots: 0.5ms
[2021-11-08T20:09:30.698-0800][gc,phases   ] GC(337)   Evacuate Collection Set: 25.7ms
[2021-11-08T20:09:30.698-0800][gc,phases   ] GC(337)   Post Evacuate Collection Set: 1.6ms
[2021-11-08T20:09:30.698-0800][gc,phases   ] GC(337)   Other: 2.0ms
[2021-11-08T20:09:30.698-0800][gc,heap     ] GC(337) Eden regions: 46->0(46)
[2021-11-08T20:09:30.698-0800][gc,heap     ] GC(337) Survivor regions: 5->5(7)
[2021-11-08T20:09:30.698-0800][gc,heap     ] GC(337) Old regions: 104->105
[2021-11-08T20:09:30.698-0800][gc,heap     ] GC(337) Archive regions: 2->2
[2021-11-08T20:09:30.698-0800][gc,heap     ] GC(337) Humongous regions: 129->129
[2021-11-08T20:09:30.698-0800][gc,metaspace] GC(337) Metaspace: 40978K(41536K)->40978K(41536K) NonClass: 36215K(36544K)->36215K(36544K) Class: 4763K(4992K)->4763K(4992K)
[2021-11-08T20:09:30.699-0800][gc          ] GC(337) Pause Young (Normal) (G1 Evacuation Pause) 284M->238M(1024M) 36.875ms
[2021-11-08T20:09:30.699-0800][gc,cpu      ] GC(337) User=0.04s Sys=0.04s Real=0.03s
[2021-11-08T20:10:19.911-0800][gc,start    ] GC(338) Pause Young (Normal) (G1 Evacuation Pause)
[2021-11-08T20:10:19.912-0800][gc,task     ] GC(338) Using 8 workers of 8 for evacuation
[2021-11-08T20:10:19.931-0800][gc,phases   ] GC(338)   Pre Evacuate Collection Set: 0.5ms
[2021-11-08T20:10:19.932-0800][gc,phases   ] GC(338)   Merge Heap Roots: 0.3ms
[2021-11-08T20:10:19.932-0800][gc,phases   ] GC(338)   Evacuate Collection Set: 17.9ms
[2021-11-08T20:10:19.932-0800][gc,phases   ] GC(338)   Post Evacuate Collection Set: 0.6ms
[2021-11-08T20:10:19.932-0800][gc,phases   ] GC(338)   Other: 1.0ms
[2021-11-08T20:10:19.932-0800][gc,heap     ] GC(338) Eden regions: 46->0(63)
[2021-11-08T20:10:19.932-0800][gc,heap     ] GC(338) Survivor regions: 5->4(7)
[2021-11-08T20:10:19.932-0800][gc,heap     ] GC(338) Old regions: 105->106
[2021-11-08T20:10:19.932-0800][gc,heap     ] GC(338) Archive regions: 2->2
[2021-11-08T20:10:19.932-0800][gc,heap     ] GC(338) Humongous regions: 129->129
[2021-11-08T20:10:19.932-0800][gc,metaspace] GC(338) Metaspace: 40978K(41536K)->40978K(41536K) NonClass: 36215K(36544K)->36215K(36544K) Class: 4763K(4992K)->4763K(4992K)
[2021-11-08T20:10:19.932-0800][gc          ] GC(338) Pause Young (Normal) (G1 Evacuation Pause) 284M->239M(1024M) 20.551ms
[2021-11-08T20:10:19.932-0800][gc,cpu      ] GC(338) User=0.04s Sys=0.02s Real=0.02s
[2021-11-08T20:11:18.811-0800][gc,start    ] GC(339) Pause Young (Normal) (G1 Evacuation Pause)
[2021-11-08T20:11:18.812-0800][gc,task     ] GC(339) Using 8 workers of 8 for evacuation
[2021-11-08T20:11:18.844-0800][gc,mmu      ] GC(339) MMU target violated: 21.0ms (20.0ms/21.0ms)
[2021-11-08T20:11:18.844-0800][gc,phases   ] GC(339)   Pre Evacuate Collection Set: 1.9ms
[2021-11-08T20:11:18.844-0800][gc,phases   ] GC(339)   Merge Heap Roots: 0.5ms
[2021-11-08T20:11:18.844-0800][gc,phases   ] GC(339)   Evacuate Collection Set: 22.2ms
[2021-11-08T20:11:18.844-0800][gc,phases   ] GC(339)   Post Evacuate Collection Set: 6.9ms
[2021-11-08T20:11:18.844-0800][gc,phases   ] GC(339)   Other: 1.8ms
[2021-11-08T20:11:18.844-0800][gc,heap     ] GC(339) Eden regions: 56->0(45)
[2021-11-08T20:11:18.844-0800][gc,heap     ] GC(339) Survivor regions: 4->6(8)
[2021-11-08T20:11:18.844-0800][gc,heap     ] GC(339) Old regions: 106->106
[2021-11-08T20:11:18.844-0800][gc,heap     ] GC(339) Archive regions: 2->2
[2021-11-08T20:11:18.844-0800][gc,heap     ] GC(339) Humongous regions: 129->129
[2021-11-08T20:11:18.844-0800][gc,metaspace] GC(339) Metaspace: 40978K(41536K)->40978K(41536K) NonClass: 36215K(36544K)->36215K(36544K) Class: 4763K(4992K)->4763K(4992K)
[2021-11-08T20:11:18.844-0800][gc          ] GC(339) Pause Young (Normal) (G1 Evacuation Pause) 295M->241M(1024M) 33.327ms
[2021-11-08T20:11:18.844-0800][gc,cpu      ] GC(339) User=0.05s Sys=0.04s Real=0.03s
[2021-11-08T20:12:05.849-0800][gc,start    ] GC(340) Pause Young (Normal) (G1 Evacuation Pause)
[2021-11-08T20:12:05.866-0800][gc,task     ] GC(340) Using 8 workers of 8 for evacuation
[2021-11-08T20:12:05.892-0800][gc,mmu      ] GC(340) MMU target violated: 21.0ms (20.0ms/21.0ms)
[2021-11-08T20:12:05.892-0800][gc,phases   ] GC(340)   Pre Evacuate Collection Set: 0.4ms
[2021-11-08T20:12:05.892-0800][gc,phases   ] GC(340)   Merge Heap Roots: 0.2ms
[2021-11-08T20:12:05.892-0800][gc,phases   ] GC(340)   Evacuate Collection Set: 23.4ms
[2021-11-08T20:12:05.892-0800][gc,phases   ] GC(340)   Post Evacuate Collection Set: 0.7ms
[2021-11-08T20:12:05.892-0800][gc,phases   ] GC(340)   Other: 18.7ms
[2021-11-08T20:12:05.892-0800][gc,heap     ] GC(340) Eden regions: 45->0(51)
[2021-11-08T20:12:05.892-0800][gc,heap     ] GC(340) Survivor regions: 6->4(7)
[2021-11-08T20:12:05.892-0800][gc,heap     ] GC(340) Old regions: 106->109
[2021-11-08T20:12:05.892-0800][gc,heap     ] GC(340) Archive regions: 2->2
[2021-11-08T20:12:05.892-0800][gc,heap     ] GC(340) Humongous regions: 129->129
[2021-11-08T20:12:05.892-0800][gc,metaspace] GC(340) Metaspace: 40978K(41536K)->40978K(41536K) NonClass: 36215K(36544K)->36215K(36544K) Class: 4763K(4992K)->4763K(4992K)
[2021-11-08T20:12:05.892-0800][gc          ] GC(340) Pause Young (Normal) (G1 Evacuation Pause) 286M->241M(1024M) 43.512ms
[2021-11-08T20:12:05.892-0800][gc,cpu      ] GC(340) User=0.06s Sys=0.02s Real=0.05s
[2021-11-08T20:12:59.386-0800][gc,start    ] GC(341) Pause Young (Normal) (G1 Evacuation Pause)
[2021-11-08T20:12:59.388-0800][gc,task     ] GC(341) Using 8 workers of 8 for evacuation
[2021-11-08T20:12:59.423-0800][gc,mmu      ] GC(341) MMU target violated: 21.0ms (20.0ms/21.0ms)
[2021-11-08T20:12:59.423-0800][gc,phases   ] GC(341)   Pre Evacuate Collection Set: 1.2ms
[2021-11-08T20:12:59.423-0800][gc,phases   ] GC(341)   Merge Heap Roots: 0.3ms
[2021-11-08T20:12:59.423-0800][gc,phases   ] GC(341)   Evacuate Collection Set: 32.1ms
[2021-11-08T20:12:59.423-0800][gc,phases   ] GC(341)   Post Evacuate Collection Set: 1.4ms
[2021-11-08T20:12:59.424-0800][gc,phases   ] GC(341)   Other: 2.6ms
[2021-11-08T20:12:59.424-0800][gc,heap     ] GC(341) Eden regions: 51->0(46)
[2021-11-08T20:12:59.424-0800][gc,heap     ] GC(341) Survivor regions: 4->5(7)
[2021-11-08T20:12:59.424-0800][gc,heap     ] GC(341) Old regions: 109->110
[2021-11-08T20:12:59.424-0800][gc,heap     ] GC(341) Archive regions: 2->2
[2021-11-08T20:12:59.424-0800][gc,heap     ] GC(341) Humongous regions: 129->129
[2021-11-08T20:12:59.424-0800][gc,metaspace] GC(341) Metaspace: 40978K(41536K)->40978K(41536K) NonClass: 36215K(36544K)->36215K(36544K) Class: 4763K(4992K)->4763K(4992K)
[2021-11-08T20:12:59.424-0800][gc          ] GC(341) Pause Young (Normal) (G1 Evacuation Pause) 292M->243M(1024M) 37.674ms
[2021-11-08T20:12:59.424-0800][gc,cpu      ] GC(341) User=0.05s Sys=0.04s Real=0.04s
[2021-11-08T20:13:48.479-0800][gc,start    ] GC(342) Pause Young (Normal) (G1 Evacuation Pause)
[2021-11-08T20:13:48.480-0800][gc,task     ] GC(342) Using 8 workers of 8 for evacuation
[2021-11-08T20:13:48.501-0800][gc,mmu      ] GC(342) MMU target violated: 20.1ms (20.0ms/21.0ms)
[2021-11-08T20:13:48.501-0800][gc,phases   ] GC(342)   Pre Evacuate Collection Set: 0.6ms
[2021-11-08T20:13:48.501-0800][gc,phases   ] GC(342)   Merge Heap Roots: 0.3ms
[2021-11-08T20:13:48.501-0800][gc,phases   ] GC(342)   Evacuate Collection Set: 18.0ms
[2021-11-08T20:13:48.501-0800][gc,phases   ] GC(342)   Post Evacuate Collection Set: 1.2ms
[2021-11-08T20:13:48.501-0800][gc,phases   ] GC(342)   Other: 2.4ms
[2021-11-08T20:13:48.501-0800][gc,heap     ] GC(342) Eden regions: 46->0(45)
[2021-11-08T20:13:48.501-0800][gc,heap     ] GC(342) Survivor regions: 5->6(7)
[2021-11-08T20:13:48.501-0800][gc,heap     ] GC(342) Old regions: 110->111
[2021-11-08T20:13:48.501-0800][gc,heap     ] GC(342) Archive regions: 2->2
[2021-11-08T20:13:48.501-0800][gc,heap     ] GC(342) Humongous regions: 129->129
[2021-11-08T20:13:48.501-0800][gc,metaspace] GC(342) Metaspace: 40978K(41536K)->40978K(41536K) NonClass: 36215K(36544K)->36215K(36544K) Class: 4763K(4992K)->4763K(4992K)
[2021-11-08T20:13:48.501-0800][gc          ] GC(342) Pause Young (Normal) (G1 Evacuation Pause) 289M->246M(1024M) 22.533ms
[2021-11-08T20:13:48.501-0800][gc,cpu      ] GC(342) User=0.04s Sys=0.02s Real=0.03s
[2021-11-08T20:14:35.750-0800][gc,start    ] GC(343) Pause Young (Normal) (G1 Evacuation Pause)
[2021-11-08T20:14:35.751-0800][gc,task     ] GC(343) Using 8 workers of 8 for evacuation
[2021-11-08T20:14:35.771-0800][gc,phases   ] GC(343)   Pre Evacuate Collection Set: 0.2ms
[2021-11-08T20:14:35.771-0800][gc,phases   ] GC(343)   Merge Heap Roots: 0.1ms
[2021-11-08T20:14:35.771-0800][gc,phases   ] GC(343)   Evacuate Collection Set: 18.8ms
[2021-11-08T20:14:35.771-0800][gc,phases   ] GC(343)   Post Evacuate Collection Set: 0.4ms
[2021-11-08T20:14:35.771-0800][gc,phases   ] GC(343)   Other: 1.6ms
[2021-11-08T20:14:35.771-0800][gc,heap     ] GC(343) Eden regions: 45->0(87)
[2021-11-08T20:14:35.771-0800][gc,heap     ] GC(343) Survivor regions: 6->4(7)
[2021-11-08T20:14:35.771-0800][gc,heap     ] GC(343) Old regions: 111->114
[2021-11-08T20:14:35.771-0800][gc,heap     ] GC(343) Archive regions: 2->2
[2021-11-08T20:14:35.771-0800][gc,heap     ] GC(343) Humongous regions: 129->129
[2021-11-08T20:14:35.771-0800][gc,metaspace] GC(343) Metaspace: 40978K(41536K)->40978K(41536K) NonClass: 36215K(36544K)->36215K(36544K) Class: 4763K(4992K)->4763K(4992K)
[2021-11-08T20:14:35.771-0800][gc          ] GC(343) Pause Young (Normal) (G1 Evacuation Pause) 291M->246M(1024M) 21.218ms
[2021-11-08T20:14:35.771-0800][gc,cpu      ] GC(343) User=0.03s Sys=0.02s Real=0.02s
[2021-11-08T20:16:07.368-0800][gc,start    ] GC(344) Pause Young (Normal) (G1 Evacuation Pause)
[2021-11-08T20:16:07.370-0800][gc,task     ] GC(344) Using 8 workers of 8 for evacuation
[2021-11-08T20:16:07.390-0800][gc,phases   ] GC(344)   Pre Evacuate Collection Set: 1.4ms
[2021-11-08T20:16:07.390-0800][gc,phases   ] GC(344)   Merge Heap Roots: 0.3ms
[2021-11-08T20:16:07.390-0800][gc,phases   ] GC(344)   Evacuate Collection Set: 16.6ms
[2021-11-08T20:16:07.390-0800][gc,phases   ] GC(344)   Post Evacuate Collection Set: 1.5ms
[2021-11-08T20:16:07.390-0800][gc,phases   ] GC(344)   Other: 2.3ms
[2021-11-08T20:16:07.390-0800][gc,heap     ] GC(344) Eden regions: 87->0(52)
[2021-11-08T20:16:07.390-0800][gc,heap     ] GC(344) Survivor regions: 4->6(12)
[2021-11-08T20:16:07.390-0800][gc,heap     ] GC(344) Old regions: 114->114
[2021-11-08T20:16:07.390-0800][gc,heap     ] GC(344) Archive regions: 2->2
[2021-11-08T20:16:07.390-0800][gc,heap     ] GC(344) Humongous regions: 129->129
[2021-11-08T20:16:07.390-0800][gc,metaspace] GC(344) Metaspace: 40978K(41536K)->40978K(41536K) NonClass: 36215K(36544K)->36215K(36544K) Class: 4763K(4992K)->4763K(4992K)
[2021-11-08T20:16:07.392-0800][gc          ] GC(344) Pause Young (Normal) (G1 Evacuation Pause) 333M->248M(1024M) 22.386ms
[2021-11-08T20:16:07.392-0800][gc,cpu      ] GC(344) User=0.05s Sys=0.03s Real=0.03s
[2021-11-08T20:17:01.658-0800][gc,start    ] GC(345) Pause Young (Normal) (G1 Evacuation Pause)
[2021-11-08T20:17:01.660-0800][gc,task     ] GC(345) Using 8 workers of 8 for evacuation
[2021-11-08T20:17:01.680-0800][gc,phases   ] GC(345)   Pre Evacuate Collection Set: 0.5ms
[2021-11-08T20:17:01.680-0800][gc,phases   ] GC(345)   Merge Heap Roots: 0.2ms
[2021-11-08T20:17:01.680-0800][gc,phases   ] GC(345)   Evacuate Collection Set: 18.7ms
[2021-11-08T20:17:01.680-0800][gc,phases   ] GC(345)   Post Evacuate Collection Set: 0.5ms
[2021-11-08T20:17:01.680-0800][gc,phases   ] GC(345)   Other: 1.9ms
[2021-11-08T20:17:01.680-0800][gc,heap     ] GC(345) Eden regions: 52->0(71)
[2021-11-08T20:17:01.680-0800][gc,heap     ] GC(345) Survivor regions: 6->6(8)
[2021-11-08T20:17:01.680-0800][gc,heap     ] GC(345) Old regions: 114->115
[2021-11-08T20:17:01.680-0800][gc,heap     ] GC(345) Archive regions: 2->2
[2021-11-08T20:17:01.680-0800][gc,heap     ] GC(345) Humongous regions: 129->129
[2021-11-08T20:17:01.680-0800][gc,metaspace] GC(345) Metaspace: 40978K(41536K)->40978K(41536K) NonClass: 36215K(36544K)->36215K(36544K) Class: 4763K(4992K)->4763K(4992K)
[2021-11-08T20:17:01.680-0800][gc          ] GC(345) Pause Young (Normal) (G1 Evacuation Pause) 300M->250M(1024M) 22.118ms
[2021-11-08T20:17:01.681-0800][gc,cpu      ] GC(345) User=0.05s Sys=0.02s Real=0.03s
[2021-11-08T20:18:14.371-0800][gc,start    ] GC(346) Pause Young (Normal) (G1 Evacuation Pause)
[2021-11-08T20:18:14.372-0800][gc,task     ] GC(346) Using 8 workers of 8 for evacuation
[2021-11-08T20:18:14.406-0800][gc,mmu      ] GC(346) MMU target violated: 21.0ms (20.0ms/21.0ms)
[2021-11-08T20:18:14.406-0800][gc,phases   ] GC(346)   Pre Evacuate Collection Set: 0.9ms
[2021-11-08T20:18:14.406-0800][gc,phases   ] GC(346)   Merge Heap Roots: 0.4ms
[2021-11-08T20:18:14.406-0800][gc,phases   ] GC(346)   Evacuate Collection Set: 30.6ms
[2021-11-08T20:18:14.406-0800][gc,phases   ] GC(346)   Post Evacuate Collection Set: 1.3ms
[2021-11-08T20:18:14.406-0800][gc,phases   ] GC(346)   Other: 1.8ms
[2021-11-08T20:18:14.406-0800][gc,heap     ] GC(346) Eden regions: 69->0(45)
[2021-11-08T20:18:14.406-0800][gc,heap     ] GC(346) Survivor regions: 6->6(10)
[2021-11-08T20:18:14.406-0800][gc,heap     ] GC(346) Old regions: 115->116
[2021-11-08T20:18:14.406-0800][gc,heap     ] GC(346) Archive regions: 2->2
[2021-11-08T20:18:14.406-0800][gc,heap     ] GC(346) Humongous regions: 129->129
[2021-11-08T20:18:14.406-0800][gc,metaspace] GC(346) Metaspace: 40978K(41536K)->40978K(41536K) NonClass: 36215K(36544K)->36215K(36544K) Class: 4763K(4992K)->4763K(4992K)
[2021-11-08T20:18:14.406-0800][gc          ] GC(346) Pause Young (Normal) (G1 Evacuation Pause) 319M->251M(1024M) 34.969ms
[2021-11-08T20:18:14.406-0800][gc,cpu      ] GC(346) User=0.05s Sys=0.05s Real=0.03s
[2021-11-08T20:19:01.330-0800][gc,start    ] GC(347) Pause Young (Normal) (G1 Evacuation Pause)
[2021-11-08T20:19:01.332-0800][gc,task     ] GC(347) Using 8 workers of 8 for evacuation
[2021-11-08T20:19:01.354-0800][gc,mmu      ] GC(347) MMU target violated: 21.0ms (20.0ms/21.0ms)
[2021-11-08T20:19:01.354-0800][gc,phases   ] GC(347)   Pre Evacuate Collection Set: 0.4ms
[2021-11-08T20:19:01.354-0800][gc,phases   ] GC(347)   Merge Heap Roots: 0.3ms
[2021-11-08T20:19:01.354-0800][gc,phases   ] GC(347)   Evacuate Collection Set: 21.3ms
[2021-11-08T20:19:01.355-0800][gc,phases   ] GC(347)   Post Evacuate Collection Set: 0.6ms
[2021-11-08T20:19:01.355-0800][gc,phases   ] GC(347)   Other: 1.8ms
[2021-11-08T20:19:01.355-0800][gc,heap     ] GC(347) Eden regions: 45->0(54)
[2021-11-08T20:19:01.355-0800][gc,heap     ] GC(347) Survivor regions: 6->6(7)
[2021-11-08T20:19:01.355-0800][gc,heap     ] GC(347) Old regions: 116->119
[2021-11-08T20:19:01.355-0800][gc,heap     ] GC(347) Archive regions: 2->2
[2021-11-08T20:19:01.355-0800][gc,heap     ] GC(347) Humongous regions: 129->129
[2021-11-08T20:19:01.355-0800][gc,metaspace] GC(347) Metaspace: 40978K(41536K)->40978K(41536K) NonClass: 36215K(36544K)->36215K(36544K) Class: 4763K(4992K)->4763K(4992K)
[2021-11-08T20:19:01.355-0800][gc          ] GC(347) Pause Young (Normal) (G1 Evacuation Pause) 296M->253M(1024M) 24.549ms
[2021-11-08T20:19:01.355-0800][gc,cpu      ] GC(347) User=0.04s Sys=0.03s Real=0.02s
[2021-11-08T20:19:58.006-0800][gc,start    ] GC(348) Pause Young (Normal) (G1 Evacuation Pause)
[2021-11-08T20:19:58.008-0800][gc,task     ] GC(348) Using 8 workers of 8 for evacuation
[2021-11-08T20:19:58.036-0800][gc,mmu      ] GC(348) MMU target violated: 21.0ms (20.0ms/21.0ms)
[2021-11-08T20:19:58.036-0800][gc,phases   ] GC(348)   Pre Evacuate Collection Set: 1.5ms
[2021-11-08T20:19:58.036-0800][gc,phases   ] GC(348)   Merge Heap Roots: 0.5ms
[2021-11-08T20:19:58.036-0800][gc,phases   ] GC(348)   Evacuate Collection Set: 23.2ms
[2021-11-08T20:19:58.036-0800][gc,phases   ] GC(348)   Post Evacuate Collection Set: 2.4ms
[2021-11-08T20:19:58.036-0800][gc,phases   ] GC(348)   Other: 2.7ms
[2021-11-08T20:19:58.036-0800][gc,heap     ] GC(348) Eden regions: 54->0(45)
[2021-11-08T20:19:58.036-0800][gc,heap     ] GC(348) Survivor regions: 6->6(8)
[2021-11-08T20:19:58.036-0800][gc,heap     ] GC(348) Old regions: 119->120
[2021-11-08T20:19:58.036-0800][gc,heap     ] GC(348) Archive regions: 2->2
[2021-11-08T20:19:58.036-0800][gc,heap     ] GC(348) Humongous regions: 129->129
[2021-11-08T20:19:58.036-0800][gc,metaspace] GC(348) Metaspace: 40978K(41536K)->40978K(41536K) NonClass: 36215K(36544K)->36215K(36544K) Class: 4763K(4992K)->4763K(4992K)
[2021-11-08T20:19:58.036-0800][gc          ] GC(348) Pause Young (Normal) (G1 Evacuation Pause) 307M->255M(1024M) 30.285ms
[2021-11-08T20:19:58.036-0800][gc,cpu      ] GC(348) User=0.05s Sys=0.05s Real=0.03s
[2021-11-08T20:20:45.679-0800][gc,start    ] GC(349) Pause Young (Normal) (G1 Evacuation Pause)
[2021-11-08T20:20:45.681-0800][gc,task     ] GC(349) Using 8 workers of 8 for evacuation
[2021-11-08T20:20:45.705-0800][gc,mmu      ] GC(349) MMU target violated: 21.0ms (20.0ms/21.0ms)
[2021-11-08T20:20:45.705-0800][gc,phases   ] GC(349)   Pre Evacuate Collection Set: 0.5ms
[2021-11-08T20:20:45.705-0800][gc,phases   ] GC(349)   Merge Heap Roots: 0.3ms
[2021-11-08T20:20:45.705-0800][gc,phases   ] GC(349)   Evacuate Collection Set: 21.9ms
[2021-11-08T20:20:45.705-0800][gc,phases   ] GC(349)   Post Evacuate Collection Set: 0.7ms
[2021-11-08T20:20:45.705-0800][gc,phases   ] GC(349)   Other: 2.0ms
[2021-11-08T20:20:45.705-0800][gc,heap     ] GC(349) Eden regions: 45->0(106)
[2021-11-08T20:20:45.705-0800][gc,heap     ] GC(349) Survivor regions: 6->4(7)
[2021-11-08T20:20:45.705-0800][gc,heap     ] GC(349) Old regions: 120->123
[2021-11-08T20:20:45.705-0800][gc,heap     ] GC(349) Archive regions: 2->2
[2021-11-08T20:20:45.705-0800][gc,heap     ] GC(349) Humongous regions: 129->129
[2021-11-08T20:20:45.705-0800][gc,metaspace] GC(349) Metaspace: 40978K(41536K)->40978K(41536K) NonClass: 36215K(36544K)->36215K(36544K) Class: 4763K(4992K)->4763K(4992K)
[2021-11-08T20:20:45.705-0800][gc          ] GC(349) Pause Young (Normal) (G1 Evacuation Pause) 300M->256M(1024M) 25.516ms
[2021-11-08T20:20:45.705-0800][gc,cpu      ] GC(349) User=0.04s Sys=0.02s Real=0.03s
[2021-11-08T20:22:37.103-0800][gc,start    ] GC(350) Pause Young (Normal) (G1 Evacuation Pause)
[2021-11-08T20:22:37.105-0800][gc,task     ] GC(350) Using 8 workers of 8 for evacuation
[2021-11-08T20:22:37.145-0800][gc,mmu      ] GC(350) MMU target violated: 21.0ms (20.0ms/21.0ms)
[2021-11-08T20:22:37.145-0800][gc,phases   ] GC(350)   Pre Evacuate Collection Set: 5.9ms
[2021-11-08T20:22:37.145-0800][gc,phases   ] GC(350)   Merge Heap Roots: 0.8ms
[2021-11-08T20:22:37.145-0800][gc,phases   ] GC(350)   Evacuate Collection Set: 30.6ms
[2021-11-08T20:22:37.145-0800][gc,phases   ] GC(350)   Post Evacuate Collection Set: 2.3ms
[2021-11-08T20:22:37.145-0800][gc,phases   ] GC(350)   Other: 2.9ms
[2021-11-08T20:22:37.145-0800][gc,heap     ] GC(350) Eden regions: 106->0(45)
[2021-11-08T20:22:37.145-0800][gc,heap     ] GC(350) Survivor regions: 4->6(14)
[2021-11-08T20:22:37.145-0800][gc,heap     ] GC(350) Old regions: 123->123
[2021-11-08T20:22:37.145-0800][gc,heap     ] GC(350) Archive regions: 2->2
[2021-11-08T20:22:37.145-0800][gc,heap     ] GC(350) Humongous regions: 129->129
[2021-11-08T20:22:37.146-0800][gc,metaspace] GC(350) Metaspace: 40978K(41536K)->40978K(41536K) NonClass: 36215K(36544K)->36215K(36544K) Class: 4763K(4992K)->4763K(4992K)
[2021-11-08T20:22:37.146-0800][gc          ] GC(350) Pause Young (Normal) (G1 Evacuation Pause) 362M->257M(1024M) 42.645ms
[2021-11-08T20:22:37.146-0800][gc,cpu      ] GC(350) User=0.05s Sys=0.05s Real=0.04s
[2021-11-08T20:23:24.328-0800][gc,start    ] GC(351) Pause Young (Normal) (G1 Evacuation Pause)
[2021-11-08T20:23:24.330-0800][gc,task     ] GC(351) Using 8 workers of 8 for evacuation
[2021-11-08T20:23:24.382-0800][gc,mmu      ] GC(351) MMU target violated: 21.0ms (20.0ms/21.0ms)
[2021-11-08T20:23:24.383-0800][gc,phases   ] GC(351)   Pre Evacuate Collection Set: 1.0ms
[2021-11-08T20:23:24.383-0800][gc,phases   ] GC(351)   Merge Heap Roots: 0.2ms
[2021-11-08T20:23:24.383-0800][gc,phases   ] GC(351)   Evacuate Collection Set: 44.5ms
[2021-11-08T20:23:24.383-0800][gc,phases   ] GC(351)   Post Evacuate Collection Set: 6.9ms
[2021-11-08T20:23:24.383-0800][gc,phases   ] GC(351)   Other: 1.9ms
[2021-11-08T20:23:24.383-0800][gc,heap     ] GC(351) Eden regions: 45->0(45)
[2021-11-08T20:23:24.383-0800][gc,heap     ] GC(351) Survivor regions: 6->6(7)
[2021-11-08T20:23:24.383-0800][gc,heap     ] GC(351) Old regions: 123->125
[2021-11-08T20:23:24.383-0800][gc,heap     ] GC(351) Archive regions: 2->2
[2021-11-08T20:23:24.383-0800][gc,heap     ] GC(351) Humongous regions: 129->129
[2021-11-08T20:23:24.383-0800][gc,metaspace] GC(351) Metaspace: 40978K(41536K)->40978K(41536K) NonClass: 36215K(36544K)->36215K(36544K) Class: 4763K(4992K)->4763K(4992K)
[2021-11-08T20:23:24.383-0800][gc          ] GC(351) Pause Young (Normal) (G1 Evacuation Pause) 302M->260M(1024M) 54.577ms
[2021-11-08T20:23:24.383-0800][gc,cpu      ] GC(351) User=0.05s Sys=0.05s Real=0.06s
[2021-11-08T20:24:11.234-0800][gc,start    ] GC(352) Pause Young (Normal) (G1 Evacuation Pause)
[2021-11-08T20:24:11.235-0800][gc,task     ] GC(352) Using 8 workers of 8 for evacuation
[2021-11-08T20:24:11.262-0800][gc,mmu      ] GC(352) MMU target violated: 21.0ms (20.0ms/21.0ms)
[2021-11-08T20:24:11.262-0800][gc,phases   ] GC(352)   Pre Evacuate Collection Set: 0.8ms
[2021-11-08T20:24:11.262-0800][gc,phases   ] GC(352)   Merge Heap Roots: 0.3ms
[2021-11-08T20:24:11.262-0800][gc,phases   ] GC(352)   Evacuate Collection Set: 25.1ms
[2021-11-08T20:24:11.262-0800][gc,phases   ] GC(352)   Post Evacuate Collection Set: 1.0ms
[2021-11-08T20:24:11.262-0800][gc,phases   ] GC(352)   Other: 1.4ms
[2021-11-08T20:24:11.262-0800][gc,heap     ] GC(352) Eden regions: 45->0(101)
[2021-11-08T20:24:11.262-0800][gc,heap     ] GC(352) Survivor regions: 6->3(7)
[2021-11-08T20:24:11.262-0800][gc,heap     ] GC(352) Old regions: 125->128
[2021-11-08T20:24:11.262-0800][gc,heap     ] GC(352) Archive regions: 2->2
[2021-11-08T20:24:11.262-0800][gc,heap     ] GC(352) Humongous regions: 129->129
[2021-11-08T20:24:11.262-0800][gc,metaspace] GC(352) Metaspace: 40978K(41536K)->40978K(41536K) NonClass: 36215K(36544K)->36215K(36544K) Class: 4763K(4992K)->4763K(4992K)
[2021-11-08T20:24:11.262-0800][gc          ] GC(352) Pause Young (Normal) (G1 Evacuation Pause) 305M->260M(1024M) 28.666ms
[2021-11-08T20:24:11.262-0800][gc,cpu      ] GC(352) User=0.05s Sys=0.03s Real=0.03s
[2021-11-08T20:25:56.450-0800][gc,start    ] GC(353) Pause Young (Normal) (G1 Evacuation Pause)
[2021-11-08T20:25:56.452-0800][gc,task     ] GC(353) Using 8 workers of 8 for evacuation
[2021-11-08T20:25:56.495-0800][gc,mmu      ] GC(353) MMU target violated: 21.0ms (20.0ms/21.0ms)
[2021-11-08T20:25:56.495-0800][gc,phases   ] GC(353)   Pre Evacuate Collection Set: 1.4ms
[2021-11-08T20:25:56.495-0800][gc,phases   ] GC(353)   Merge Heap Roots: 0.5ms
[2021-11-08T20:25:56.495-0800][gc,phases   ] GC(353)   Evacuate Collection Set: 39.9ms
[2021-11-08T20:25:56.495-0800][gc,phases   ] GC(353)   Post Evacuate Collection Set: 1.5ms
[2021-11-08T20:25:56.495-0800][gc,phases   ] GC(353)   Other: 2.6ms
[2021-11-08T20:25:56.496-0800][gc,heap     ] GC(353) Eden regions: 101->0(45)
[2021-11-08T20:25:56.496-0800][gc,heap     ] GC(353) Survivor regions: 3->6(13)
[2021-11-08T20:25:56.496-0800][gc,heap     ] GC(353) Old regions: 128->128
[2021-11-08T20:25:56.496-0800][gc,heap     ] GC(353) Archive regions: 2->2
[2021-11-08T20:25:56.496-0800][gc,heap     ] GC(353) Humongous regions: 129->129
[2021-11-08T20:25:56.496-0800][gc,metaspace] GC(353) Metaspace: 40978K(41536K)->40978K(41536K) NonClass: 36215K(36544K)->36215K(36544K) Class: 4763K(4992K)->4763K(4992K)
[2021-11-08T20:25:56.496-0800][gc          ] GC(353) Pause Young (Normal) (G1 Evacuation Pause) 361M->263M(1024M) 45.958ms
[2021-11-08T20:25:56.496-0800][gc,cpu      ] GC(353) User=0.04s Sys=0.04s Real=0.04s
[2021-11-08T20:26:43.656-0800][gc,start    ] GC(354) Pause Young (Normal) (G1 Evacuation Pause)
[2021-11-08T20:26:43.657-0800][gc,task     ] GC(354) Using 8 workers of 8 for evacuation
[2021-11-08T20:26:43.704-0800][gc,mmu      ] GC(354) MMU target violated: 21.0ms (20.0ms/21.0ms)
[2021-11-08T20:26:43.704-0800][gc,phases   ] GC(354)   Pre Evacuate Collection Set: 6.4ms
[2021-11-08T20:26:43.704-0800][gc,phases   ] GC(354)   Merge Heap Roots: 0.5ms
[2021-11-08T20:26:43.704-0800][gc,phases   ] GC(354)   Evacuate Collection Set: 36.4ms
[2021-11-08T20:26:43.704-0800][gc,phases   ] GC(354)   Post Evacuate Collection Set: 3.5ms
[2021-11-08T20:26:43.704-0800][gc,phases   ] GC(354)   Other: 1.2ms
[2021-11-08T20:26:43.704-0800][gc,heap     ] GC(354) Eden regions: 45->0(45)
[2021-11-08T20:26:43.704-0800][gc,heap     ] GC(354) Survivor regions: 6->6(7)
[2021-11-08T20:26:43.704-0800][gc,heap     ] GC(354) Old regions: 128->131
[2021-11-08T20:26:43.704-0800][gc,heap     ] GC(354) Archive regions: 2->2
[2021-11-08T20:26:43.704-0800][gc,heap     ] GC(354) Humongous regions: 129->129
[2021-11-08T20:26:43.704-0800][gc,metaspace] GC(354) Metaspace: 40978K(41536K)->40978K(41536K) NonClass: 36215K(36544K)->36215K(36544K) Class: 4763K(4992K)->4763K(4992K)
[2021-11-08T20:26:43.704-0800][gc          ] GC(354) Pause Young (Normal) (G1 Evacuation Pause) 308M->265M(1024M) 48.164ms
[2021-11-08T20:26:43.704-0800][gc,cpu      ] GC(354) User=0.05s Sys=0.05s Real=0.05s
[2021-11-08T20:35:03.543-0800][gc,start    ] GC(355) Pause Young (Normal) (G1 Evacuation Pause)
[2021-11-08T20:35:03.545-0800][gc,task     ] GC(355) Using 8 workers of 8 for evacuation
[2021-11-08T20:35:03.579-0800][gc,mmu      ] GC(355) MMU target violated: 21.0ms (20.0ms/21.0ms)
[2021-11-08T20:35:03.579-0800][gc,phases   ] GC(355)   Pre Evacuate Collection Set: 1.3ms
[2021-11-08T20:35:03.579-0800][gc,phases   ] GC(355)   Merge Heap Roots: 0.4ms
[2021-11-08T20:35:03.579-0800][gc,phases   ] GC(355)   Evacuate Collection Set: 30.5ms
[2021-11-08T20:35:03.579-0800][gc,phases   ] GC(355)   Post Evacuate Collection Set: 1.3ms
[2021-11-08T20:35:03.579-0800][gc,phases   ] GC(355)   Other: 2.5ms
[2021-11-08T20:35:03.579-0800][gc,heap     ] GC(355) Eden regions: 45->0(45)
[2021-11-08T20:35:03.579-0800][gc,heap     ] GC(355) Survivor regions: 6->6(7)
[2021-11-08T20:35:03.579-0800][gc,heap     ] GC(355) Old regions: 131->133
[2021-11-08T20:35:03.579-0800][gc,heap     ] GC(355) Archive regions: 2->2
[2021-11-08T20:35:03.579-0800][gc,heap     ] GC(355) Humongous regions: 129->129
[2021-11-08T20:35:03.579-0800][gc,metaspace] GC(355) Metaspace: 41012K(41536K)->41012K(41536K) NonClass: 36238K(36544K)->36238K(36544K) Class: 4773K(4992K)->4773K(4992K)
[2021-11-08T20:35:03.579-0800][gc          ] GC(355) Pause Young (Normal) (G1 Evacuation Pause) 310M->268M(1024M) 36.131ms
[2021-11-08T20:35:03.579-0800][gc,cpu      ] GC(355) User=0.06s Sys=0.06s Real=0.03s
[2021-11-08T20:35:41.069-0800][gc,start    ] GC(356) Pause Young (Normal) (G1 Evacuation Pause)
[2021-11-08T20:35:41.070-0800][gc,task     ] GC(356) Using 8 workers of 8 for evacuation
[2021-11-08T20:35:41.102-0800][gc,mmu      ] GC(356) MMU target violated: 21.0ms (20.0ms/21.0ms)
[2021-11-08T20:35:41.102-0800][gc,phases   ] GC(356)   Pre Evacuate Collection Set: 0.3ms
[2021-11-08T20:35:41.102-0800][gc,phases   ] GC(356)   Merge Heap Roots: 0.2ms
[2021-11-08T20:35:41.102-0800][gc,phases   ] GC(356)   Evacuate Collection Set: 29.6ms
[2021-11-08T20:35:41.102-0800][gc,phases   ] GC(356)   Post Evacuate Collection Set: 0.8ms
[2021-11-08T20:35:41.102-0800][gc,phases   ] GC(356)   Other: 2.5ms
[2021-11-08T20:35:41.102-0800][gc,heap     ] GC(356) Eden regions: 45->0(48)
[2021-11-08T20:35:41.102-0800][gc,heap     ] GC(356) Survivor regions: 6->3(7)
[2021-11-08T20:35:41.102-0800][gc,heap     ] GC(356) Old regions: 133->138
[2021-11-08T20:35:41.102-0800][gc,heap     ] GC(356) Archive regions: 2->2
[2021-11-08T20:35:41.102-0800][gc,heap     ] GC(356) Humongous regions: 129->129
[2021-11-08T20:35:41.102-0800][gc,metaspace] GC(356) Metaspace: 41012K(41536K)->41012K(41536K) NonClass: 36238K(36544K)->36238K(36544K) Class: 4773K(4992K)->4773K(4992K)
[2021-11-08T20:35:41.102-0800][gc          ] GC(356) Pause Young (Normal) (G1 Evacuation Pause) 313M->270M(1024M) 33.422ms
[2021-11-08T20:35:41.102-0800][gc,cpu      ] GC(356) User=0.05s Sys=0.04s Real=0.04s
[2021-11-08T20:36:21.384-0800][gc,start    ] GC(357) Pause Young (Normal) (G1 Evacuation Pause)
[2021-11-08T20:36:21.385-0800][gc,task     ] GC(357) Using 8 workers of 8 for evacuation
[2021-11-08T20:36:21.419-0800][gc,mmu      ] GC(357) MMU target violated: 21.0ms (20.0ms/21.0ms)
[2021-11-08T20:36:21.419-0800][gc,phases   ] GC(357)   Pre Evacuate Collection Set: 1.0ms
[2021-11-08T20:36:21.419-0800][gc,phases   ] GC(357)   Merge Heap Roots: 0.2ms
[2021-11-08T20:36:21.419-0800][gc,phases   ] GC(357)   Evacuate Collection Set: 31.1ms
[2021-11-08T20:36:21.419-0800][gc,phases   ] GC(357)   Post Evacuate Collection Set: 1.4ms
[2021-11-08T20:36:21.419-0800][gc,phases   ] GC(357)   Other: 1.6ms
[2021-11-08T20:36:21.419-0800][gc,heap     ] GC(357) Eden regions: 48->0(46)
[2021-11-08T20:36:21.419-0800][gc,heap     ] GC(357) Survivor regions: 3->5(7)
[2021-11-08T20:36:21.419-0800][gc,heap     ] GC(357) Old regions: 138->138
[2021-11-08T20:36:21.419-0800][gc,heap     ] GC(357) Archive regions: 2->2
[2021-11-08T20:36:21.419-0800][gc,heap     ] GC(357) Humongous regions: 129->129
[2021-11-08T20:36:21.419-0800][gc,metaspace] GC(357) Metaspace: 41012K(41536K)->41012K(41536K) NonClass: 36238K(36544K)->36238K(36544K) Class: 4773K(4992K)->4773K(4992K)
[2021-11-08T20:36:21.419-0800][gc          ] GC(357) Pause Young (Normal) (G1 Evacuation Pause) 318M->272M(1024M) 35.366ms
[2021-11-08T20:36:21.419-0800][gc,cpu      ] GC(357) User=0.03s Sys=0.03s Real=0.03s
[2021-11-08T20:37:00.308-0800][gc,start    ] GC(358) Pause Young (Normal) (G1 Evacuation Pause)
[2021-11-08T20:37:00.310-0800][gc,task     ] GC(358) Using 8 workers of 8 for evacuation
[2021-11-08T20:37:00.329-0800][gc,phases   ] GC(358)   Pre Evacuate Collection Set: 0.4ms
[2021-11-08T20:37:00.329-0800][gc,phases   ] GC(358)   Merge Heap Roots: 0.2ms
[2021-11-08T20:37:00.329-0800][gc,phases   ] GC(358)   Evacuate Collection Set: 17.6ms
[2021-11-08T20:37:00.329-0800][gc,phases   ] GC(358)   Post Evacuate Collection Set: 0.6ms
[2021-11-08T20:37:00.329-0800][gc,phases   ] GC(358)   Other: 2.4ms
[2021-11-08T20:37:00.329-0800][gc,heap     ] GC(358) Eden regions: 46->0(47)
[2021-11-08T20:37:00.329-0800][gc,heap     ] GC(358) Survivor regions: 5->4(7)
[2021-11-08T20:37:00.329-0800][gc,heap     ] GC(358) Old regions: 138->140
[2021-11-08T20:37:00.329-0800][gc,heap     ] GC(358) Archive regions: 2->2
[2021-11-08T20:37:00.329-0800][gc,heap     ] GC(358) Humongous regions: 129->129
[2021-11-08T20:37:00.329-0800][gc,metaspace] GC(358) Metaspace: 41014K(41536K)->41014K(41536K) NonClass: 36240K(36544K)->36240K(36544K) Class: 4773K(4992K)->4773K(4992K)
[2021-11-08T20:37:00.329-0800][gc          ] GC(358) Pause Young (Normal) (G1 Evacuation Pause) 318M->273M(1024M) 21.527ms
[2021-11-08T20:37:00.329-0800][gc,cpu      ] GC(358) User=0.05s Sys=0.02s Real=0.02s
[2021-11-08T20:37:40.137-0800][gc,start    ] GC(359) Pause Young (Normal) (G1 Evacuation Pause)
[2021-11-08T20:37:40.139-0800][gc,task     ] GC(359) Using 8 workers of 8 for evacuation
[2021-11-08T20:37:40.156-0800][gc,phases   ] GC(359)   Pre Evacuate Collection Set: 0.7ms
[2021-11-08T20:37:40.156-0800][gc,phases   ] GC(359)   Merge Heap Roots: 0.3ms
[2021-11-08T20:37:40.156-0800][gc,phases   ] GC(359)   Evacuate Collection Set: 16.0ms
[2021-11-08T20:37:40.156-0800][gc,phases   ] GC(359)   Post Evacuate Collection Set: 0.5ms
[2021-11-08T20:37:40.156-0800][gc,phases   ] GC(359)   Other: 1.9ms
[2021-11-08T20:37:40.157-0800][gc,heap     ] GC(359) Eden regions: 47->0(46)
[2021-11-08T20:37:40.157-0800][gc,heap     ] GC(359) Survivor regions: 4->5(7)
[2021-11-08T20:37:40.157-0800][gc,heap     ] GC(359) Old regions: 140->140
[2021-11-08T20:37:40.157-0800][gc,heap     ] GC(359) Archive regions: 2->2
[2021-11-08T20:37:40.157-0800][gc,heap     ] GC(359) Humongous regions: 129->129
[2021-11-08T20:37:40.157-0800][gc,metaspace] GC(359) Metaspace: 41014K(41536K)->41014K(41536K) NonClass: 36240K(36544K)->36240K(36544K) Class: 4773K(4992K)->4773K(4992K)
[2021-11-08T20:37:40.157-0800][gc          ] GC(359) Pause Young (Normal) (G1 Evacuation Pause) 320M->274M(1024M) 19.557ms
[2021-11-08T20:37:40.157-0800][gc,cpu      ] GC(359) User=0.05s Sys=0.01s Real=0.02s
[2021-11-08T20:38:18.963-0800][gc,start    ] GC(360) Pause Young (Normal) (G1 Evacuation Pause)
[2021-11-08T20:38:18.964-0800][gc,task     ] GC(360) Using 8 workers of 8 for evacuation
[2021-11-08T20:38:18.983-0800][gc,phases   ] GC(360)   Pre Evacuate Collection Set: 0.5ms
[2021-11-08T20:38:18.983-0800][gc,phases   ] GC(360)   Merge Heap Roots: 0.2ms
[2021-11-08T20:38:18.983-0800][gc,phases   ] GC(360)   Evacuate Collection Set: 16.9ms
[2021-11-08T20:38:18.983-0800][gc,phases   ] GC(360)   Post Evacuate Collection Set: 0.4ms
[2021-11-08T20:38:18.983-0800][gc,phases   ] GC(360)   Other: 2.3ms
[2021-11-08T20:38:18.983-0800][gc,heap     ] GC(360) Eden regions: 46->0(115)
[2021-11-08T20:38:18.983-0800][gc,heap     ] GC(360) Survivor regions: 5->4(7)
[2021-11-08T20:38:18.983-0800][gc,heap     ] GC(360) Old regions: 140->142
[2021-11-08T20:38:18.983-0800][gc,heap     ] GC(360) Archive regions: 2->2
[2021-11-08T20:38:18.983-0800][gc,heap     ] GC(360) Humongous regions: 129->129
[2021-11-08T20:38:18.983-0800][gc,metaspace] GC(360) Metaspace: 41014K(41536K)->41014K(41536K) NonClass: 36240K(36544K)->36240K(36544K) Class: 4773K(4992K)->4773K(4992K)
[2021-11-08T20:38:18.983-0800][gc          ] GC(360) Pause Young (Normal) (G1 Evacuation Pause) 320M->274M(1024M) 20.449ms
[2021-11-08T20:38:18.983-0800][gc,cpu      ] GC(360) User=0.05s Sys=0.01s Real=0.02s
[2021-11-08T20:39:54.211-0800][gc,start    ] GC(361) Pause Young (Normal) (G1 Evacuation Pause)
[2021-11-08T20:39:54.212-0800][gc,task     ] GC(361) Using 8 workers of 8 for evacuation
[2021-11-08T20:39:54.236-0800][gc,mmu      ] GC(361) MMU target violated: 21.0ms (20.0ms/21.0ms)
[2021-11-08T20:39:54.236-0800][gc,phases   ] GC(361)   Pre Evacuate Collection Set: 1.6ms
[2021-11-08T20:39:54.236-0800][gc,phases   ] GC(361)   Merge Heap Roots: 0.4ms
[2021-11-08T20:39:54.236-0800][gc,phases   ] GC(361)   Evacuate Collection Set: 20.1ms
[2021-11-08T20:39:54.236-0800][gc,phases   ] GC(361)   Post Evacuate Collection Set: 1.8ms
[2021-11-08T20:39:54.236-0800][gc,phases   ] GC(361)   Other: 2.1ms
[2021-11-08T20:39:54.236-0800][gc,heap     ] GC(361) Eden regions: 112->0(84)
[2021-11-08T20:39:54.236-0800][gc,heap     ] GC(361) Survivor regions: 4->6(15)
[2021-11-08T20:39:54.237-0800][gc,heap     ] GC(361) Old regions: 142->142
[2021-11-08T20:39:54.237-0800][gc,heap     ] GC(361) Archive regions: 2->2
[2021-11-08T20:39:54.237-0800][gc,heap     ] GC(361) Humongous regions: 129->129
[2021-11-08T20:39:54.237-0800][gc,metaspace] GC(361) Metaspace: 41014K(41536K)->41014K(41536K) NonClass: 36240K(36544K)->36240K(36544K) Class: 4773K(4992K)->4773K(4992K)
[2021-11-08T20:39:54.237-0800][gc          ] GC(361) Pause Young (Normal) (G1 Evacuation Pause) 386M->276M(1024M) 26.067ms
[2021-11-08T20:39:54.237-0800][gc,cpu      ] GC(361) User=0.05s Sys=0.04s Real=0.02s
[2021-11-08T20:41:05.426-0800][gc,start    ] GC(362) Pause Young (Normal) (G1 Evacuation Pause)
[2021-11-08T20:41:05.428-0800][gc,task     ] GC(362) Using 8 workers of 8 for evacuation
[2021-11-08T20:41:05.463-0800][gc,mmu      ] GC(362) MMU target violated: 21.0ms (20.0ms/21.0ms)
[2021-11-08T20:41:05.463-0800][gc,phases   ] GC(362)   Pre Evacuate Collection Set: 1.0ms
[2021-11-08T20:41:05.463-0800][gc,phases   ] GC(362)   Merge Heap Roots: 0.6ms
[2021-11-08T20:41:05.463-0800][gc,phases   ] GC(362)   Evacuate Collection Set: 31.5ms
[2021-11-08T20:41:05.463-0800][gc,phases   ] GC(362)   Post Evacuate Collection Set: 1.6ms
[2021-11-08T20:41:05.463-0800][gc,phases   ] GC(362)   Other: 2.1ms
[2021-11-08T20:41:05.463-0800][gc,heap     ] GC(362) Eden regions: 84->0(42)
[2021-11-08T20:41:05.463-0800][gc,heap     ] GC(362) Survivor regions: 6->9(12)
[2021-11-08T20:41:05.463-0800][gc,heap     ] GC(362) Old regions: 142->142
[2021-11-08T20:41:05.463-0800][gc,heap     ] GC(362) Archive regions: 2->2
[2021-11-08T20:41:05.463-0800][gc,heap     ] GC(362) Humongous regions: 129->129
[2021-11-08T20:41:05.463-0800][gc,metaspace] GC(362) Metaspace: 41014K(41536K)->41014K(41536K) NonClass: 36240K(36544K)->36240K(36544K) Class: 4773K(4992K)->4773K(4992K)
[2021-11-08T20:41:05.463-0800][gc          ] GC(362) Pause Young (Normal) (G1 Evacuation Pause) 360M->279M(1024M) 36.976ms
[2021-11-08T20:41:05.463-0800][gc,cpu      ] GC(362) User=0.05s Sys=0.04s Real=0.04s
[2021-11-08T20:41:40.778-0800][gc,start    ] GC(363) Pause Young (Normal) (G1 Evacuation Pause)
[2021-11-08T20:41:40.779-0800][gc,task     ] GC(363) Using 8 workers of 8 for evacuation
[2021-11-08T20:41:40.803-0800][gc,mmu      ] GC(363) MMU target violated: 21.0ms (20.0ms/21.0ms)
[2021-11-08T20:41:40.803-0800][gc,phases   ] GC(363)   Pre Evacuate Collection Set: 0.5ms
[2021-11-08T20:41:40.803-0800][gc,phases   ] GC(363)   Merge Heap Roots: 0.9ms
[2021-11-08T20:41:40.803-0800][gc,phases   ] GC(363)   Evacuate Collection Set: 21.7ms
[2021-11-08T20:41:40.803-0800][gc,phases   ] GC(363)   Post Evacuate Collection Set: 0.7ms
[2021-11-08T20:41:40.803-0800][gc,phases   ] GC(363)   Other: 1.8ms
[2021-11-08T20:41:40.803-0800][gc,heap     ] GC(363) Eden regions: 42->0(148)
[2021-11-08T20:41:40.803-0800][gc,heap     ] GC(363) Survivor regions: 9->4(7)
[2021-11-08T20:41:40.803-0800][gc,heap     ] GC(363) Old regions: 142->147
[2021-11-08T20:41:40.803-0800][gc,heap     ] GC(363) Archive regions: 2->2
[2021-11-08T20:41:40.803-0800][gc,heap     ] GC(363) Humongous regions: 129->129
[2021-11-08T20:41:40.804-0800][gc,metaspace] GC(363) Metaspace: 41014K(41536K)->41014K(41536K) NonClass: 36240K(36544K)->36240K(36544K) Class: 4773K(4992K)->4773K(4992K)
[2021-11-08T20:41:40.805-0800][gc          ] GC(363) Pause Young (Normal) (G1 Evacuation Pause) 321M->280M(1024M) 25.762ms
[2021-11-08T20:41:40.805-0800][gc,cpu      ] GC(363) User=0.07s Sys=0.02s Real=0.03s
[2021-11-08T20:43:46.479-0800][gc,start    ] GC(364) Pause Young (Normal) (G1 Evacuation Pause)
[2021-11-08T20:43:46.480-0800][gc,task     ] GC(364) Using 8 workers of 8 for evacuation
[2021-11-08T20:43:46.513-0800][gc,mmu      ] GC(364) MMU target violated: 21.0ms (20.0ms/21.0ms)
[2021-11-08T20:43:46.513-0800][gc,phases   ] GC(364)   Pre Evacuate Collection Set: 1.4ms
[2021-11-08T20:43:46.513-0800][gc,phases   ] GC(364)   Merge Heap Roots: 0.4ms
[2021-11-08T20:43:46.513-0800][gc,phases   ] GC(364)   Evacuate Collection Set: 28.5ms
[2021-11-08T20:43:46.513-0800][gc,phases   ] GC(364)   Post Evacuate Collection Set: 2.5ms
[2021-11-08T20:43:46.513-0800][gc,phases   ] GC(364)   Other: 2.2ms
[2021-11-08T20:43:46.513-0800][gc,heap     ] GC(364) Eden regions: 148->0(44)
[2021-11-08T20:43:46.513-0800][gc,heap     ] GC(364) Survivor regions: 4->7(19)
[2021-11-08T20:43:46.513-0800][gc,heap     ] GC(364) Old regions: 147->147
[2021-11-08T20:43:46.513-0800][gc,heap     ] GC(364) Archive regions: 2->2
[2021-11-08T20:43:46.513-0800][gc,heap     ] GC(364) Humongous regions: 129->129
[2021-11-08T20:43:46.513-0800][gc,metaspace] GC(364) Metaspace: 41014K(41536K)->41014K(41536K) NonClass: 36240K(36544K)->36240K(36544K) Class: 4773K(4992K)->4773K(4992K)
[2021-11-08T20:43:46.513-0800][gc          ] GC(364) Pause Young (Normal) (G1 Evacuation Pause) 428M->282M(1024M) 34.848ms
[2021-11-08T20:43:46.513-0800][gc,cpu      ] GC(364) User=0.05s Sys=0.05s Real=0.04s
[2021-11-08T20:44:23.636-0800][gc,start    ] GC(365) Pause Young (Normal) (G1 Evacuation Pause)
[2021-11-08T20:44:23.638-0800][gc,task     ] GC(365) Using 8 workers of 8 for evacuation
[2021-11-08T20:44:23.658-0800][gc,phases   ] GC(365)   Pre Evacuate Collection Set: 0.6ms
[2021-11-08T20:44:23.659-0800][gc,phases   ] GC(365)   Merge Heap Roots: 0.2ms
[2021-11-08T20:44:23.659-0800][gc,phases   ] GC(365)   Evacuate Collection Set: 18.3ms
[2021-11-08T20:44:23.659-0800][gc,phases   ] GC(365)   Post Evacuate Collection Set: 0.8ms
[2021-11-08T20:44:23.659-0800][gc,phases   ] GC(365)   Other: 2.6ms
[2021-11-08T20:44:23.659-0800][gc,heap     ] GC(365) Eden regions: 44->0(82)
[2021-11-08T20:44:23.659-0800][gc,heap     ] GC(365) Survivor regions: 7->6(7)
[2021-11-08T20:44:23.659-0800][gc,heap     ] GC(365) Old regions: 147->150
[2021-11-08T20:44:23.659-0800][gc,heap     ] GC(365) Archive regions: 2->2
[2021-11-08T20:44:23.659-0800][gc,heap     ] GC(365) Humongous regions: 129->129
[2021-11-08T20:44:23.659-0800][gc,metaspace] GC(365) Metaspace: 41014K(41536K)->41014K(41536K) NonClass: 36240K(36544K)->36240K(36544K) Class: 4773K(4992K)->4773K(4992K)
[2021-11-08T20:44:23.659-0800][gc          ] GC(365) Pause Young (Normal) (G1 Evacuation Pause) 326M->285M(1024M) 22.802ms
[2021-11-08T20:44:23.659-0800][gc,cpu      ] GC(365) User=0.06s Sys=0.02s Real=0.02s
[2021-11-08T20:45:28.178-0800][gc,start    ] GC(366) Pause Young (Normal) (G1 Evacuation Pause)
[2021-11-08T20:45:28.180-0800][gc,task     ] GC(366) Using 8 workers of 8 for evacuation
[2021-11-08T20:45:28.207-0800][gc,mmu      ] GC(366) MMU target violated: 21.0ms (20.0ms/21.0ms)
[2021-11-08T20:45:28.207-0800][gc,phases   ] GC(366)   Pre Evacuate Collection Set: 1.3ms
[2021-11-08T20:45:28.207-0800][gc,phases   ] GC(366)   Merge Heap Roots: 0.4ms
[2021-11-08T20:45:28.207-0800][gc,phases   ] GC(366)   Evacuate Collection Set: 22.7ms
[2021-11-08T20:45:28.207-0800][gc,phases   ] GC(366)   Post Evacuate Collection Set: 1.8ms
[2021-11-08T20:45:28.207-0800][gc,phases   ] GC(366)   Other: 2.9ms
[2021-11-08T20:45:28.207-0800][gc,heap     ] GC(366) Eden regions: 76->0(43)
[2021-11-08T20:45:28.207-0800][gc,heap     ] GC(366) Survivor regions: 6->8(11)
[2021-11-08T20:45:28.207-0800][gc,heap     ] GC(366) Old regions: 150->150
[2021-11-08T20:45:28.207-0800][gc,heap     ] GC(366) Archive regions: 2->2
[2021-11-08T20:45:28.207-0800][gc,heap     ] GC(366) Humongous regions: 129->129
[2021-11-08T20:45:28.207-0800][gc,metaspace] GC(366) Metaspace: 41014K(41536K)->41014K(41536K) NonClass: 36240K(36544K)->36240K(36544K) Class: 4773K(4992K)->4773K(4992K)
[2021-11-08T20:45:28.207-0800][gc          ] GC(366) Pause Young (Normal) (G1 Evacuation Pause) 361M->286M(1024M) 29.060ms
[2021-11-08T20:45:28.207-0800][gc,cpu      ] GC(366) User=0.05s Sys=0.04s Real=0.03s
[2021-11-08T20:46:04.554-0800][gc,start    ] GC(367) Pause Young (Normal) (G1 Evacuation Pause)
[2021-11-08T20:46:04.556-0800][gc,task     ] GC(367) Using 8 workers of 8 for evacuation
[2021-11-08T20:46:04.577-0800][gc,phases   ] GC(367)   Pre Evacuate Collection Set: 0.6ms
[2021-11-08T20:46:04.577-0800][gc,phases   ] GC(367)   Merge Heap Roots: 0.3ms
[2021-11-08T20:46:04.577-0800][gc,phases   ] GC(367)   Evacuate Collection Set: 17.9ms
[2021-11-08T20:46:04.577-0800][gc,phases   ] GC(367)   Post Evacuate Collection Set: 0.6ms
[2021-11-08T20:46:04.577-0800][gc,phases   ] GC(367)   Other: 3.1ms
[2021-11-08T20:46:04.577-0800][gc,heap     ] GC(367) Eden regions: 43->0(207)
[2021-11-08T20:46:04.577-0800][gc,heap     ] GC(367) Survivor regions: 8->4(7)
[2021-11-08T20:46:04.577-0800][gc,heap     ] GC(367) Old regions: 150->154
[2021-11-08T20:46:04.577-0800][gc,heap     ] GC(367) Archive regions: 2->2
[2021-11-08T20:46:04.577-0800][gc,heap     ] GC(367) Humongous regions: 129->129
[2021-11-08T20:46:04.577-0800][gc,metaspace] GC(367) Metaspace: 41014K(41536K)->41014K(41536K) NonClass: 36240K(36544K)->36240K(36544K) Class: 4773K(4992K)->4773K(4992K)
[2021-11-08T20:46:04.577-0800][gc          ] GC(367) Pause Young (Normal) (G1 Evacuation Pause) 329M->287M(1024M) 22.650ms
[2021-11-08T20:46:04.577-0800][gc,cpu      ] GC(367) User=0.06s Sys=0.01s Real=0.02s
[2021-11-08T20:49:00.826-0800][gc,start    ] GC(368) Pause Young (Normal) (G1 Evacuation Pause)
[2021-11-08T20:49:00.828-0800][gc,task     ] GC(368) Using 8 workers of 8 for evacuation
[2021-11-08T20:49:00.866-0800][gc,mmu      ] GC(368) MMU target violated: 21.0ms (20.0ms/21.0ms)
[2021-11-08T20:49:00.866-0800][gc,phases   ] GC(368)   Pre Evacuate Collection Set: 1.5ms
[2021-11-08T20:49:00.866-0800][gc,phases   ] GC(368)   Merge Heap Roots: 0.4ms
[2021-11-08T20:49:00.866-0800][gc,phases   ] GC(368)   Evacuate Collection Set: 30.2ms
[2021-11-08T20:49:00.866-0800][gc,phases   ] GC(368)   Post Evacuate Collection Set: 5.9ms
[2021-11-08T20:49:00.866-0800][gc,phases   ] GC(368)   Other: 2.8ms
[2021-11-08T20:49:00.866-0800][gc,heap     ] GC(368) Eden regions: 207->0(43)
[2021-11-08T20:49:00.866-0800][gc,heap     ] GC(368) Survivor regions: 4->8(27)
[2021-11-08T20:49:00.866-0800][gc,heap     ] GC(368) Old regions: 154->154
[2021-11-08T20:49:00.866-0800][gc,heap     ] GC(368) Archive regions: 2->2
[2021-11-08T20:49:00.866-0800][gc,heap     ] GC(368) Humongous regions: 129->129
[2021-11-08T20:49:00.866-0800][gc,metaspace] GC(368) Metaspace: 41014K(41536K)->41014K(41536K) NonClass: 36240K(36544K)->36240K(36544K) Class: 4773K(4992K)->4773K(4992K)
[2021-11-08T20:49:00.867-0800][gc          ] GC(368) Pause Young (Normal) (G1 Evacuation Pause) 494M->290M(1024M) 40.656ms
[2021-11-08T20:49:00.867-0800][gc,cpu      ] GC(368) User=0.06s Sys=0.08s Real=0.04s
[2021-11-08T20:49:37.093-0800][gc,start    ] GC(369) Pause Young (Normal) (G1 Evacuation Pause)
[2021-11-08T20:49:37.095-0800][gc,task     ] GC(369) Using 8 workers of 8 for evacuation
[2021-11-08T20:49:37.127-0800][gc,mmu      ] GC(369) MMU target violated: 21.0ms (20.0ms/21.0ms)
[2021-11-08T20:49:37.128-0800][gc,phases   ] GC(369)   Pre Evacuate Collection Set: 0.7ms
[2021-11-08T20:49:37.128-0800][gc,phases   ] GC(369)   Merge Heap Roots: 0.2ms
[2021-11-08T20:49:37.128-0800][gc,phases   ] GC(369)   Evacuate Collection Set: 30.8ms
[2021-11-08T20:49:37.128-0800][gc,phases   ] GC(369)   Post Evacuate Collection Set: 0.6ms
[2021-11-08T20:49:37.128-0800][gc,phases   ] GC(369)   Other: 2.4ms
[2021-11-08T20:49:37.128-0800][gc,heap     ] GC(369) Eden regions: 43->0(142)
[2021-11-08T20:49:37.128-0800][gc,heap     ] GC(369) Survivor regions: 8->3(7)
[2021-11-08T20:49:37.128-0800][gc,heap     ] GC(369) Old regions: 154->160
[2021-11-08T20:49:37.128-0800][gc,heap     ] GC(369) Archive regions: 2->2
[2021-11-08T20:49:37.128-0800][gc,heap     ] GC(369) Humongous regions: 129->129
[2021-11-08T20:49:37.128-0800][gc,metaspace] GC(369) Metaspace: 41014K(41536K)->41014K(41536K) NonClass: 36240K(36544K)->36240K(36544K) Class: 4773K(4992K)->4773K(4992K)
[2021-11-08T20:49:37.128-0800][gc          ] GC(369) Pause Young (Normal) (G1 Evacuation Pause) 333M->292M(1024M) 34.844ms
[2021-11-08T20:49:37.128-0800][gc,cpu      ] GC(369) User=0.06s Sys=0.02s Real=0.03s
[2021-11-08T20:51:37.358-0800][gc,start    ] GC(370) Pause Young (Normal) (G1 Evacuation Pause)
[2021-11-08T20:51:37.359-0800][gc,task     ] GC(370) Using 8 workers of 8 for evacuation
[2021-11-08T20:51:37.386-0800][gc,mmu      ] GC(370) MMU target violated: 21.0ms (20.0ms/21.0ms)
[2021-11-08T20:51:37.386-0800][gc,phases   ] GC(370)   Pre Evacuate Collection Set: 1.4ms
[2021-11-08T20:51:37.386-0800][gc,phases   ] GC(370)   Merge Heap Roots: 0.4ms
[2021-11-08T20:51:37.386-0800][gc,phases   ] GC(370)   Evacuate Collection Set: 22.6ms
[2021-11-08T20:51:37.386-0800][gc,phases   ] GC(370)   Post Evacuate Collection Set: 2.2ms
[2021-11-08T20:51:37.386-0800][gc,phases   ] GC(370)   Other: 2.0ms
[2021-11-08T20:51:37.386-0800][gc,heap     ] GC(370) Eden regions: 142->0(101)
[2021-11-08T20:51:37.386-0800][gc,heap     ] GC(370) Survivor regions: 3->5(19)
[2021-11-08T20:51:37.386-0800][gc,heap     ] GC(370) Old regions: 160->160
[2021-11-08T20:51:37.386-0800][gc,heap     ] GC(370) Archive regions: 2->2
[2021-11-08T20:51:37.386-0800][gc,heap     ] GC(370) Humongous regions: 129->129
[2021-11-08T20:51:37.386-0800][gc,metaspace] GC(370) Metaspace: 41014K(41536K)->41014K(41536K) NonClass: 36240K(36544K)->36240K(36544K) Class: 4773K(4992K)->4773K(4992K)
[2021-11-08T20:51:37.386-0800][gc          ] GC(370) Pause Young (Normal) (G1 Evacuation Pause) 434M->294M(1024M) 28.637ms
[2021-11-08T20:51:37.386-0800][gc,cpu      ] GC(370) User=0.04s Sys=0.05s Real=0.03s
[2021-11-08T20:53:02.811-0800][gc,start    ] GC(371) Pause Young (Normal) (G1 Evacuation Pause)
[2021-11-08T20:53:02.812-0800][gc,task     ] GC(371) Using 8 workers of 8 for evacuation
[2021-11-08T20:53:02.837-0800][gc,mmu      ] GC(371) MMU target violated: 21.0ms (20.0ms/21.0ms)
[2021-11-08T20:53:02.837-0800][gc,phases   ] GC(371)   Pre Evacuate Collection Set: 1.3ms
[2021-11-08T20:53:02.837-0800][gc,phases   ] GC(371)   Merge Heap Roots: 0.3ms
[2021-11-08T20:53:02.837-0800][gc,phases   ] GC(371)   Evacuate Collection Set: 21.5ms
[2021-11-08T20:53:02.837-0800][gc,phases   ] GC(371)   Post Evacuate Collection Set: 1.5ms
[2021-11-08T20:53:02.837-0800][gc,phases   ] GC(371)   Other: 1.5ms
[2021-11-08T20:53:02.837-0800][gc,heap     ] GC(371) Eden regions: 101->0(53)
[2021-11-08T20:53:02.837-0800][gc,heap     ] GC(371) Survivor regions: 5->7(14)
[2021-11-08T20:53:02.837-0800][gc,heap     ] GC(371) Old regions: 160->160
[2021-11-08T20:53:02.837-0800][gc,heap     ] GC(371) Archive regions: 2->2
[2021-11-08T20:53:02.837-0800][gc,heap     ] GC(371) Humongous regions: 129->129
[2021-11-08T20:53:02.837-0800][gc,metaspace] GC(371) Metaspace: 41017K(41536K)->41017K(41536K) NonClass: 36243K(36544K)->36243K(36544K) Class: 4773K(4992K)->4773K(4992K)
[2021-11-08T20:53:02.837-0800][gc          ] GC(371) Pause Young (Normal) (G1 Evacuation Pause) 395M->296M(1024M) 26.214ms
[2021-11-08T20:53:02.837-0800][gc,cpu      ] GC(371) User=0.04s Sys=0.04s Real=0.02s
[2021-11-08T20:53:47.354-0800][gc,start    ] GC(372) Pause Young (Normal) (G1 Evacuation Pause)
[2021-11-08T20:53:47.356-0800][gc,task     ] GC(372) Using 8 workers of 8 for evacuation
[2021-11-08T20:53:47.392-0800][gc,mmu      ] GC(372) MMU target violated: 21.0ms (20.0ms/21.0ms)
[2021-11-08T20:53:47.392-0800][gc,phases   ] GC(372)   Pre Evacuate Collection Set: 1.7ms
[2021-11-08T20:53:47.392-0800][gc,phases   ] GC(372)   Merge Heap Roots: 0.4ms
[2021-11-08T20:53:47.392-0800][gc,phases   ] GC(372)   Evacuate Collection Set: 30.9ms
[2021-11-08T20:53:47.392-0800][gc,phases   ] GC(372)   Post Evacuate Collection Set: 1.8ms
[2021-11-08T20:53:47.392-0800][gc,phases   ] GC(372)   Other: 2.9ms
[2021-11-08T20:53:47.392-0800][gc,heap     ] GC(372) Eden regions: 53->0(114)
[2021-11-08T20:53:47.392-0800][gc,heap     ] GC(372) Survivor regions: 7->5(8)
[2021-11-08T20:53:47.392-0800][gc,heap     ] GC(372) Old regions: 160->164
[2021-11-08T20:53:47.392-0800][gc,heap     ] GC(372) Archive regions: 2->2
[2021-11-08T20:53:47.392-0800][gc,heap     ] GC(372) Humongous regions: 129->129
[2021-11-08T20:53:47.392-0800][gc,metaspace] GC(372) Metaspace: 41017K(41536K)->41017K(41536K) NonClass: 36243K(36544K)->36243K(36544K) Class: 4773K(4992K)->4773K(4992K)
[2021-11-08T20:53:47.392-0800][gc          ] GC(372) Pause Young (Normal) (G1 Evacuation Pause) 349M->298M(1024M) 37.682ms
[2021-11-08T20:53:47.392-0800][gc,cpu      ] GC(372) User=0.05s Sys=0.06s Real=0.04s
[2021-11-08T20:55:17.757-0800][gc,start    ] GC(373) Pause Young (Normal) (G1 Evacuation Pause)
[2021-11-08T20:55:17.758-0800][gc,task     ] GC(373) Using 8 workers of 8 for evacuation
[2021-11-08T20:55:17.783-0800][gc,mmu      ] GC(373) MMU target violated: 21.0ms (20.0ms/21.0ms)
[2021-11-08T20:55:17.784-0800][gc,phases   ] GC(373)   Pre Evacuate Collection Set: 1.9ms
[2021-11-08T20:55:17.784-0800][gc,phases   ] GC(373)   Merge Heap Roots: 0.4ms
[2021-11-08T20:55:17.784-0800][gc,phases   ] GC(373)   Evacuate Collection Set: 22.1ms
[2021-11-08T20:55:17.784-0800][gc,phases   ] GC(373)   Post Evacuate Collection Set: 0.9ms
[2021-11-08T20:55:17.784-0800][gc,phases   ] GC(373)   Other: 1.7ms
[2021-11-08T20:55:17.784-0800][gc,heap     ] GC(373) Eden regions: 110->0(70)
[2021-11-08T20:55:17.784-0800][gc,heap     ] GC(373) Survivor regions: 5->7(15)
[2021-11-08T20:55:17.784-0800][gc,heap     ] GC(373) Old regions: 164->164
[2021-11-08T20:55:17.784-0800][gc,heap     ] GC(373) Archive regions: 2->2
[2021-11-08T20:55:17.784-0800][gc,heap     ] GC(373) Humongous regions: 129->129
[2021-11-08T20:55:17.784-0800][gc,metaspace] GC(373) Metaspace: 41025K(41536K)->41025K(41536K) NonClass: 36251K(36544K)->36251K(36544K) Class: 4773K(4992K)->4773K(4992K)
[2021-11-08T20:55:17.784-0800][gc          ] GC(373) Pause Young (Normal) (G1 Evacuation Pause) 408M->300M(1024M) 26.907ms
[2021-11-08T20:55:17.784-0800][gc,cpu      ] GC(373) User=0.03s Sys=0.05s Real=0.03s
[2021-11-08T20:56:15.937-0800][gc,start    ] GC(374) Pause Young (Normal) (G1 Evacuation Pause)
[2021-11-08T20:56:15.938-0800][gc,task     ] GC(374) Using 8 workers of 8 for evacuation
[2021-11-08T20:56:15.976-0800][gc,mmu      ] GC(374) MMU target violated: 21.0ms (20.0ms/21.0ms)
[2021-11-08T20:56:15.976-0800][gc,phases   ] GC(374)   Pre Evacuate Collection Set: 0.9ms
[2021-11-08T20:56:15.976-0800][gc,phases   ] GC(374)   Merge Heap Roots: 0.2ms
[2021-11-08T20:56:15.976-0800][gc,phases   ] GC(374)   Evacuate Collection Set: 35.1ms
[2021-11-08T20:56:15.976-0800][gc,phases   ] GC(374)   Post Evacuate Collection Set: 1.3ms
[2021-11-08T20:56:15.976-0800][gc,phases   ] GC(374)   Other: 1.2ms
[2021-11-08T20:56:15.976-0800][gc,heap     ] GC(374) Eden regions: 69->0(70)
[2021-11-08T20:56:15.976-0800][gc,heap     ] GC(374) Survivor regions: 7->6(10)
[2021-11-08T20:56:15.976-0800][gc,heap     ] GC(374) Old regions: 164->166
[2021-11-08T20:56:15.976-0800][gc,heap     ] GC(374) Archive regions: 2->2
[2021-11-08T20:56:15.976-0800][gc,heap     ] GC(374) Humongous regions: 129->129
[2021-11-08T20:56:15.976-0800][gc,metaspace] GC(374) Metaspace: 41025K(41536K)->41025K(41536K) NonClass: 36251K(36544K)->36251K(36544K) Class: 4773K(4992K)->4773K(4992K)
[2021-11-08T20:56:15.976-0800][gc          ] GC(374) Pause Young (Normal) (G1 Evacuation Pause) 369M->301M(1024M) 38.970ms
[2021-11-08T20:56:15.976-0800][gc,cpu      ] GC(374) User=0.05s Sys=0.03s Real=0.04s
[2021-11-08T20:57:03.420-0800][gc,start    ] GC(375) Pause Young (Normal) (G1 Evacuation Pause)
[2021-11-08T20:57:03.421-0800][gc,task     ] GC(375) Using 8 workers of 8 for evacuation
[2021-11-08T20:57:03.455-0800][gc,mmu      ] GC(375) MMU target violated: 21.0ms (20.0ms/21.0ms)
[2021-11-08T20:57:03.466-0800][gc,phases   ] GC(375)   Pre Evacuate Collection Set: 1.1ms
[2021-11-08T20:57:03.466-0800][gc,phases   ] GC(375)   Merge Heap Roots: 0.5ms
[2021-11-08T20:57:03.466-0800][gc,phases   ] GC(375)   Evacuate Collection Set: 26.9ms
[2021-11-08T20:57:03.466-0800][gc,phases   ] GC(375)   Post Evacuate Collection Set: 5.2ms
[2021-11-08T20:57:03.466-0800][gc,phases   ] GC(375)   Other: 12.3ms
[2021-11-08T20:57:03.466-0800][gc,heap     ] GC(375) Eden regions: 57->0(164)
[2021-11-08T20:57:03.466-0800][gc,heap     ] GC(375) Survivor regions: 6->3(8)
[2021-11-08T20:57:03.466-0800][gc,heap     ] GC(375) Old regions: 166->169
[2021-11-08T20:57:03.466-0800][gc,heap     ] GC(375) Archive regions: 2->2
[2021-11-08T20:57:03.466-0800][gc,heap     ] GC(375) Humongous regions: 129->129
[2021-11-08T20:57:03.466-0800][gc,metaspace] GC(375) Metaspace: 41025K(41536K)->41025K(41536K) NonClass: 36251K(36544K)->36251K(36544K) Class: 4773K(4992K)->4773K(4992K)
[2021-11-08T20:57:03.466-0800][gc          ] GC(375) Pause Young (Normal) (G1 Evacuation Pause) 358M->301M(1024M) 46.296ms
[2021-11-08T20:57:03.466-0800][gc,cpu      ] GC(375) User=0.04s Sys=0.03s Real=0.04s
[2021-11-08T20:59:22.163-0800][gc,start    ] GC(376) Pause Young (Normal) (G1 Evacuation Pause)
[2021-11-08T20:59:22.164-0800][gc,task     ] GC(376) Using 8 workers of 8 for evacuation
[2021-11-08T20:59:22.202-0800][gc,mmu      ] GC(376) MMU target violated: 21.0ms (20.0ms/21.0ms)
[2021-11-08T20:59:22.202-0800][gc,phases   ] GC(376)   Pre Evacuate Collection Set: 0.7ms
[2021-11-08T20:59:22.202-0800][gc,phases   ] GC(376)   Merge Heap Roots: 0.2ms
[2021-11-08T20:59:22.202-0800][gc,phases   ] GC(376)   Evacuate Collection Set: 34.5ms
[2021-11-08T20:59:22.202-0800][gc,phases   ] GC(376)   Post Evacuate Collection Set: 2.4ms
[2021-11-08T20:59:22.202-0800][gc,phases   ] GC(376)   Other: 1.6ms
[2021-11-08T20:59:22.202-0800][gc,heap     ] GC(376) Eden regions: 164->0(45)
[2021-11-08T20:59:22.202-0800][gc,heap     ] GC(376) Survivor regions: 3->6(21)
[2021-11-08T20:59:22.202-0800][gc,heap     ] GC(376) Old regions: 169->169
[2021-11-08T20:59:22.202-0800][gc,heap     ] GC(376) Archive regions: 2->2
[2021-11-08T20:59:22.202-0800][gc,heap     ] GC(376) Humongous regions: 129->129
[2021-11-08T20:59:22.202-0800][gc,metaspace] GC(376) Metaspace: 41025K(41536K)->41025K(41536K) NonClass: 36251K(36544K)->36251K(36544K) Class: 4773K(4992K)->4773K(4992K)
[2021-11-08T20:59:22.202-0800][gc          ] GC(376) Pause Young (Normal) (G1 Evacuation Pause) 465M->304M(1024M) 39.537ms
[2021-11-08T20:59:22.202-0800][gc,cpu      ] GC(376) User=0.04s Sys=0.03s Real=0.04s
[2021-11-08T20:59:59.970-0800][gc,start    ] GC(377) Pause Young (Normal) (G1 Evacuation Pause)
[2021-11-08T20:59:59.972-0800][gc,task     ] GC(377) Using 8 workers of 8 for evacuation
[2021-11-08T20:59:59.997-0800][gc,mmu      ] GC(377) MMU target violated: 21.0ms (20.0ms/21.0ms)
[2021-11-08T20:59:59.997-0800][gc,phases   ] GC(377)   Pre Evacuate Collection Set: 1.8ms
[2021-11-08T20:59:59.997-0800][gc,phases   ] GC(377)   Merge Heap Roots: 0.3ms
[2021-11-08T20:59:59.997-0800][gc,phases   ] GC(377)   Evacuate Collection Set: 20.7ms
[2021-11-08T20:59:59.997-0800][gc,phases   ] GC(377)   Post Evacuate Collection Set: 1.8ms
[2021-11-08T20:59:59.997-0800][gc,phases   ] GC(377)   Other: 1.9ms
[2021-11-08T20:59:59.997-0800][gc,heap     ] GC(377) Eden regions: 45->0(147)
[2021-11-08T20:59:59.997-0800][gc,heap     ] GC(377) Survivor regions: 6->3(7)
[2021-11-08T20:59:59.997-0800][gc,heap     ] GC(377) Old regions: 169->174
[2021-11-08T20:59:59.997-0800][gc,heap     ] GC(377) Archive regions: 2->2
[2021-11-08T20:59:59.997-0800][gc,heap     ] GC(377) Humongous regions: 129->129
[2021-11-08T20:59:59.997-0800][gc,metaspace] GC(377) Metaspace: 41025K(41536K)->41025K(41536K) NonClass: 36251K(36544K)->36251K(36544K) Class: 4773K(4992K)->4773K(4992K)
[2021-11-08T20:59:59.997-0800][gc          ] GC(377) Pause Young (Normal) (G1 Evacuation Pause) 349M->305M(1024M) 26.661ms
[2021-11-08T20:59:59.997-0800][gc,cpu      ] GC(377) User=0.04s Sys=0.03s Real=0.02s
[2021-11-08T21:02:05.620-0800][gc,start    ] GC(378) Pause Young (Normal) (G1 Evacuation Pause)
[2021-11-08T21:02:05.622-0800][gc,task     ] GC(378) Using 8 workers of 8 for evacuation
[2021-11-08T21:02:05.652-0800][gc,mmu      ] GC(378) MMU target violated: 21.0ms (20.0ms/21.0ms)
[2021-11-08T21:02:05.652-0800][gc,phases   ] GC(378)   Pre Evacuate Collection Set: 1.3ms
[2021-11-08T21:02:05.652-0800][gc,phases   ] GC(378)   Merge Heap Roots: 0.4ms
[2021-11-08T21:02:05.652-0800][gc,phases   ] GC(378)   Evacuate Collection Set: 25.6ms
[2021-11-08T21:02:05.652-0800][gc,phases   ] GC(378)   Post Evacuate Collection Set: 1.8ms
[2021-11-08T21:02:05.652-0800][gc,phases   ] GC(378)   Other: 2.6ms
[2021-11-08T21:02:05.652-0800][gc,heap     ] GC(378) Eden regions: 147->0(61)
[2021-11-08T21:02:05.652-0800][gc,heap     ] GC(378) Survivor regions: 3->5(19)
[2021-11-08T21:02:05.652-0800][gc,heap     ] GC(378) Old regions: 174->174
[2021-11-08T21:02:05.652-0800][gc,heap     ] GC(378) Archive regions: 2->2
[2021-11-08T21:02:05.652-0800][gc,heap     ] GC(378) Humongous regions: 129->129
[2021-11-08T21:02:05.652-0800][gc,metaspace] GC(378) Metaspace: 41025K(41536K)->41025K(41536K) NonClass: 36251K(36544K)->36251K(36544K) Class: 4773K(4992K)->4773K(4992K)
[2021-11-08T21:02:05.652-0800][gc          ] GC(378) Pause Young (Normal) (G1 Evacuation Pause) 452M->308M(1024M) 31.651ms
[2021-11-08T21:02:05.652-0800][gc,cpu      ] GC(378) User=0.03s Sys=0.03s Real=0.03s
[2021-11-08T21:02:48.239-0800][gc,start    ] GC(379) Pause Young (Normal) (G1 Evacuation Pause)
[2021-11-08T21:02:48.240-0800][gc,task     ] GC(379) Using 8 workers of 8 for evacuation
[2021-11-08T21:02:48.263-0800][gc,mmu      ] GC(379) MMU target violated: 21.0ms (20.0ms/21.0ms)
[2021-11-08T21:02:48.263-0800][gc,phases   ] GC(379)   Pre Evacuate Collection Set: 1.3ms
[2021-11-08T21:02:48.263-0800][gc,phases   ] GC(379)   Merge Heap Roots: 0.3ms
[2021-11-08T21:02:48.263-0800][gc,phases   ] GC(379)   Evacuate Collection Set: 18.5ms
[2021-11-08T21:02:48.263-0800][gc,phases   ] GC(379)   Post Evacuate Collection Set: 2.0ms
[2021-11-08T21:02:48.263-0800][gc,phases   ] GC(379)   Other: 2.5ms
[2021-11-08T21:02:48.263-0800][gc,heap     ] GC(379) Eden regions: 51->0(64)
[2021-11-08T21:02:48.263-0800][gc,heap     ] GC(379) Survivor regions: 5->5(7)
[2021-11-08T21:02:48.263-0800][gc,heap     ] GC(379) Old regions: 174->175
[2021-11-08T21:02:48.263-0800][gc,heap     ] GC(379) Archive regions: 2->2
[2021-11-08T21:02:48.263-0800][gc,heap     ] GC(379) Humongous regions: 129->129
[2021-11-08T21:02:48.263-0800][gc,metaspace] GC(379) Metaspace: 41025K(41536K)->41025K(41536K) NonClass: 36251K(36544K)->36251K(36544K) Class: 4773K(4992K)->4773K(4992K)
[2021-11-08T21:02:48.263-0800][gc          ] GC(379) Pause Young (Normal) (G1 Evacuation Pause) 359M->309M(1024M) 24.795ms
[2021-11-08T21:02:48.264-0800][gc,cpu      ] GC(379) User=0.04s Sys=0.03s Real=0.03s
[2021-11-08T21:03:26.224-0800][gc,start    ] GC(380) Pause Young (Normal) (G1 Evacuation Pause)
[2021-11-08T21:03:26.226-0800][gc,task     ] GC(380) Using 8 workers of 8 for evacuation
[2021-11-08T21:03:26.256-0800][gc,mmu      ] GC(380) MMU target violated: 21.0ms (20.0ms/21.0ms)
[2021-11-08T21:03:26.256-0800][gc,phases   ] GC(380)   Pre Evacuate Collection Set: 1.1ms
[2021-11-08T21:03:26.256-0800][gc,phases   ] GC(380)   Merge Heap Roots: 0.3ms
[2021-11-08T21:03:26.256-0800][gc,phases   ] GC(380)   Evacuate Collection Set: 25.8ms
[2021-11-08T21:03:26.256-0800][gc,phases   ] GC(380)   Post Evacuate Collection Set: 2.0ms
[2021-11-08T21:03:26.256-0800][gc,phases   ] GC(380)   Other: 2.6ms
[2021-11-08T21:03:26.256-0800][gc,heap     ] GC(380) Eden regions: 46->0(147)
[2021-11-08T21:03:26.256-0800][gc,heap     ] GC(380) Survivor regions: 5->3(7)
[2021-11-08T21:03:26.256-0800][gc,heap     ] GC(380) Old regions: 175->178
[2021-11-08T21:03:26.256-0800][gc,heap     ] GC(380) Archive regions: 2->2
[2021-11-08T21:03:26.256-0800][gc,heap     ] GC(380) Humongous regions: 129->129
[2021-11-08T21:03:26.256-0800][gc,metaspace] GC(380) Metaspace: 41025K(41536K)->41025K(41536K) NonClass: 36251K(36544K)->36251K(36544K) Class: 4773K(4992K)->4773K(4992K)
[2021-11-08T21:03:26.256-0800][gc          ] GC(380) Pause Young (Normal) (G1 Evacuation Pause) 355M->309M(1024M) 32.031ms
[2021-11-08T21:03:26.256-0800][gc,cpu      ] GC(380) User=0.04s Sys=0.03s Real=0.03s
[2021-11-08T21:05:10.777-0800][gc,start    ] GC(381) Pause Young (Normal) (G1 Evacuation Pause)
[2021-11-08T21:05:10.778-0800][gc,task     ] GC(381) Using 8 workers of 8 for evacuation
[2021-11-08T21:05:10.815-0800][gc,mmu      ] GC(381) MMU target violated: 21.0ms (20.0ms/21.0ms)
[2021-11-08T21:05:10.815-0800][gc,phases   ] GC(381)   Pre Evacuate Collection Set: 1.1ms
[2021-11-08T21:05:10.815-0800][gc,phases   ] GC(381)   Merge Heap Roots: 0.3ms
[2021-11-08T21:05:10.815-0800][gc,phases   ] GC(381)   Evacuate Collection Set: 33.9ms
[2021-11-08T21:05:10.815-0800][gc,phases   ] GC(381)   Post Evacuate Collection Set: 1.5ms
[2021-11-08T21:05:10.816-0800][gc,phases   ] GC(381)   Other: 1.3ms
[2021-11-08T21:05:10.816-0800][gc,heap     ] GC(381) Eden regions: 123->0(76)
[2021-11-08T21:05:10.816-0800][gc,heap     ] GC(381) Survivor regions: 3->5(16)
[2021-11-08T21:05:10.816-0800][gc,heap     ] GC(381) Old regions: 178->178
[2021-11-08T21:05:10.816-0800][gc,heap     ] GC(381) Archive regions: 2->2
[2021-11-08T21:05:10.816-0800][gc,heap     ] GC(381) Humongous regions: 129->129
[2021-11-08T21:05:10.816-0800][gc,metaspace] GC(381) Metaspace: 41025K(41536K)->41025K(41536K) NonClass: 36251K(36544K)->36251K(36544K) Class: 4773K(4992K)->4773K(4992K)
[2021-11-08T21:05:10.816-0800][gc          ] GC(381) Pause Young (Normal) (G1 Evacuation Pause) 432M->312M(1024M) 38.309ms
[2021-11-08T21:05:10.816-0800][gc,cpu      ] GC(381) User=0.04s Sys=0.04s Real=0.04s
[2021-11-08T21:06:14.539-0800][gc,start    ] GC(382) Pause Young (Normal) (G1 Evacuation Pause)
[2021-11-08T21:06:14.541-0800][gc,task     ] GC(382) Using 8 workers of 8 for evacuation
[2021-11-08T21:06:14.581-0800][gc,mmu      ] GC(382) MMU target violated: 21.0ms (20.0ms/21.0ms)
[2021-11-08T21:06:14.581-0800][gc,phases   ] GC(382)   Pre Evacuate Collection Set: 1.1ms
[2021-11-08T21:06:14.581-0800][gc,phases   ] GC(382)   Merge Heap Roots: 5.0ms
[2021-11-08T21:06:14.581-0800][gc,phases   ] GC(382)   Evacuate Collection Set: 31.9ms
[2021-11-08T21:06:14.581-0800][gc,phases   ] GC(382)   Post Evacuate Collection Set: 1.4ms
[2021-11-08T21:06:14.581-0800][gc,phases   ] GC(382)   Other: 2.3ms
[2021-11-08T21:06:14.581-0800][gc,heap     ] GC(382) Eden regions: 76->0(44)
[2021-11-08T21:06:14.581-0800][gc,heap     ] GC(382) Survivor regions: 5->7(11)
[2021-11-08T21:06:14.581-0800][gc,heap     ] GC(382) Old regions: 178->178
[2021-11-08T21:06:14.581-0800][gc,heap     ] GC(382) Archive regions: 2->2
[2021-11-08T21:06:14.581-0800][gc,heap     ] GC(382) Humongous regions: 129->129
[2021-11-08T21:06:14.581-0800][gc,metaspace] GC(382) Metaspace: 41025K(41536K)->41025K(41536K) NonClass: 36251K(36544K)->36251K(36544K) Class: 4773K(4992K)->4773K(4992K)
[2021-11-08T21:06:14.581-0800][gc          ] GC(382) Pause Young (Normal) (G1 Evacuation Pause) 388M->314M(1024M) 41.857ms
[2021-11-08T21:06:14.581-0800][gc,cpu      ] GC(382) User=0.04s Sys=0.04s Real=0.05s
[2021-11-08T21:06:51.741-0800][gc,start    ] GC(383) Pause Young (Normal) (G1 Evacuation Pause)
[2021-11-08T21:06:51.742-0800][gc,task     ] GC(383) Using 8 workers of 8 for evacuation
[2021-11-08T21:06:51.761-0800][gc,phases   ] GC(383)   Pre Evacuate Collection Set: 0.6ms
[2021-11-08T21:06:51.761-0800][gc,phases   ] GC(383)   Merge Heap Roots: 0.1ms
[2021-11-08T21:06:51.761-0800][gc,phases   ] GC(383)   Evacuate Collection Set: 16.6ms
[2021-11-08T21:06:51.761-0800][gc,phases   ] GC(383)   Post Evacuate Collection Set: 0.6ms
[2021-11-08T21:06:51.761-0800][gc,phases   ] GC(383)   Other: 1.2ms
[2021-11-08T21:06:51.761-0800][gc,heap     ] GC(383) Eden regions: 44->0(46)
[2021-11-08T21:06:51.761-0800][gc,heap     ] GC(383) Survivor regions: 7->5(7)
[2021-11-08T21:06:51.761-0800][gc,heap     ] GC(383) Old regions: 178->182
[2021-11-08T21:06:51.761-0800][gc,heap     ] GC(383) Archive regions: 2->2
[2021-11-08T21:06:51.761-0800][gc,heap     ] GC(383) Humongous regions: 129->129
[2021-11-08T21:06:51.761-0800][gc,metaspace] GC(383) Metaspace: 41025K(41536K)->41025K(41536K) NonClass: 36251K(36544K)->36251K(36544K) Class: 4773K(4992K)->4773K(4992K)
[2021-11-08T21:06:51.761-0800][gc          ] GC(383) Pause Young (Normal) (G1 Evacuation Pause) 358M->316M(1024M) 19.396ms
[2021-11-08T21:06:51.761-0800][gc,cpu      ] GC(383) User=0.05s Sys=0.01s Real=0.02s
[2021-11-08T21:07:30.698-0800][gc,start    ] GC(384) Pause Young (Normal) (G1 Evacuation Pause)
[2021-11-08T21:07:30.700-0800][gc,task     ] GC(384) Using 8 workers of 8 for evacuation
[2021-11-08T21:07:30.725-0800][gc,mmu      ] GC(384) MMU target violated: 21.0ms (20.0ms/21.0ms)
[2021-11-08T21:07:30.725-0800][gc,phases   ] GC(384)   Pre Evacuate Collection Set: 1.6ms
[2021-11-08T21:07:30.725-0800][gc,phases   ] GC(384)   Merge Heap Roots: 0.4ms
[2021-11-08T21:07:30.725-0800][gc,phases   ] GC(384)   Evacuate Collection Set: 19.8ms
[2021-11-08T21:07:30.725-0800][gc,phases   ] GC(384)   Post Evacuate Collection Set: 2.3ms
[2021-11-08T21:07:30.725-0800][gc,phases   ] GC(384)   Other: 2.6ms
[2021-11-08T21:07:30.725-0800][gc,heap     ] GC(384) Eden regions: 46->0(122)
[2021-11-08T21:07:30.725-0800][gc,heap     ] GC(384) Survivor regions: 5->3(7)
[2021-11-08T21:07:30.725-0800][gc,heap     ] GC(384) Old regions: 182->184
[2021-11-08T21:07:30.725-0800][gc,heap     ] GC(384) Archive regions: 2->2
[2021-11-08T21:07:30.725-0800][gc,heap     ] GC(384) Humongous regions: 129->129
[2021-11-08T21:07:30.725-0800][gc,metaspace] GC(384) Metaspace: 41025K(41536K)->41025K(41536K) NonClass: 36251K(36544K)->36251K(36544K) Class: 4773K(4992K)->4773K(4992K)
[2021-11-08T21:07:30.725-0800][gc          ] GC(384) Pause Young (Normal) (G1 Evacuation Pause) 362M->316M(1024M) 26.784ms
[2021-11-08T21:07:30.725-0800][gc,cpu      ] GC(384) User=0.04s Sys=0.04s Real=0.03s
[2021-11-08T21:08:44.081-0800][gc,start    ] GC(385) Pause Young (Normal) (G1 Evacuation Pause)
[2021-11-08T21:08:44.083-0800][gc,task     ] GC(385) Using 8 workers of 8 for evacuation
[2021-11-08T21:08:44.113-0800][gc,mmu      ] GC(385) MMU target violated: 21.0ms (20.0ms/21.0ms)
[2021-11-08T21:08:44.113-0800][gc,phases   ] GC(385)   Pre Evacuate Collection Set: 1.2ms
[2021-11-08T21:08:44.113-0800][gc,phases   ] GC(385)   Merge Heap Roots: 0.4ms
[2021-11-08T21:08:44.113-0800][gc,phases   ] GC(385)   Evacuate Collection Set: 26.3ms
[2021-11-08T21:08:44.113-0800][gc,phases   ] GC(385)   Post Evacuate Collection Set: 1.9ms
[2021-11-08T21:08:44.113-0800][gc,phases   ] GC(385)   Other: 2.1ms
[2021-11-08T21:08:44.113-0800][gc,heap     ] GC(385) Eden regions: 87->0(77)
[2021-11-08T21:08:44.113-0800][gc,heap     ] GC(385) Survivor regions: 3->5(12)
[2021-11-08T21:08:44.113-0800][gc,heap     ] GC(385) Old regions: 184->184
[2021-11-08T21:08:44.113-0800][gc,heap     ] GC(385) Archive regions: 2->2
[2021-11-08T21:08:44.113-0800][gc,heap     ] GC(385) Humongous regions: 129->129
[2021-11-08T21:08:44.113-0800][gc,metaspace] GC(385) Metaspace: 41025K(41536K)->41025K(41536K) NonClass: 36251K(36544K)->36251K(36544K) Class: 4773K(4992K)->4773K(4992K)
[2021-11-08T21:08:44.113-0800][gc          ] GC(385) Pause Young (Normal) (G1 Evacuation Pause) 403M->318M(1024M) 32.074ms
[2021-11-08T21:08:44.113-0800][gc,cpu      ] GC(385) User=0.04s Sys=0.04s Real=0.03s
[2021-11-08T21:09:49.245-0800][gc,start    ] GC(386) Pause Young (Normal) (G1 Evacuation Pause)
[2021-11-08T21:09:49.246-0800][gc,task     ] GC(386) Using 8 workers of 8 for evacuation
[2021-11-08T21:09:49.263-0800][gc,phases   ] GC(386)   Pre Evacuate Collection Set: 0.5ms
[2021-11-08T21:09:49.263-0800][gc,phases   ] GC(386)   Merge Heap Roots: 0.2ms
[2021-11-08T21:09:49.263-0800][gc,phases   ] GC(386)   Evacuate Collection Set: 14.9ms
[2021-11-08T21:09:49.263-0800][gc,phases   ] GC(386)   Post Evacuate Collection Set: 0.8ms
[2021-11-08T21:09:49.263-0800][gc,phases   ] GC(386)   Other: 1.4ms
[2021-11-08T21:09:49.263-0800][gc,heap     ] GC(386) Eden regions: 77->0(64)
[2021-11-08T21:09:49.263-0800][gc,heap     ] GC(386) Survivor regions: 5->7(11)
[2021-11-08T21:09:49.263-0800][gc,heap     ] GC(386) Old regions: 184->184
[2021-11-08T21:09:49.263-0800][gc,heap     ] GC(386) Archive regions: 2->2
[2021-11-08T21:09:49.263-0800][gc,heap     ] GC(386) Humongous regions: 129->129
[2021-11-08T21:09:49.263-0800][gc,metaspace] GC(386) Metaspace: 41025K(41536K)->41025K(41536K) NonClass: 36251K(36544K)->36251K(36544K) Class: 4773K(4992K)->4773K(4992K)
[2021-11-08T21:09:49.263-0800][gc          ] GC(386) Pause Young (Normal) (G1 Evacuation Pause) 395M->320M(1024M) 18.125ms
[2021-11-08T21:09:49.263-0800][gc,cpu      ] GC(386) User=0.05s Sys=0.00s Real=0.02s
[2021-11-08T21:10:43.526-0800][gc,start    ] GC(387) Pause Young (Normal) (G1 Evacuation Pause)
[2021-11-08T21:10:43.527-0800][gc,task     ] GC(387) Using 8 workers of 8 for evacuation
[2021-11-08T21:10:43.553-0800][gc,mmu      ] GC(387) MMU target violated: 21.0ms (20.0ms/21.0ms)
[2021-11-08T21:10:43.553-0800][gc,phases   ] GC(387)   Pre Evacuate Collection Set: 0.7ms
[2021-11-08T21:10:43.553-0800][gc,phases   ] GC(387)   Merge Heap Roots: 0.2ms
[2021-11-08T21:10:43.553-0800][gc,phases   ] GC(387)   Evacuate Collection Set: 22.4ms
[2021-11-08T21:10:43.553-0800][gc,phases   ] GC(387)   Post Evacuate Collection Set: 1.7ms
[2021-11-08T21:10:43.553-0800][gc,phases   ] GC(387)   Other: 2.5ms
[2021-11-08T21:10:43.553-0800][gc,heap     ] GC(387) Eden regions: 64->0(72)
[2021-11-08T21:10:43.553-0800][gc,heap     ] GC(387) Survivor regions: 7->7(9)
[2021-11-08T21:10:43.553-0800][gc,heap     ] GC(387) Old regions: 184->186
[2021-11-08T21:10:43.553-0800][gc,heap     ] GC(387) Archive regions: 2->2
[2021-11-08T21:10:43.553-0800][gc,heap     ] GC(387) Humongous regions: 129->129
[2021-11-08T21:10:43.553-0800][gc,metaspace] GC(387) Metaspace: 41025K(41536K)->41025K(41536K) NonClass: 36251K(36544K)->36251K(36544K) Class: 4773K(4992K)->4773K(4992K)
[2021-11-08T21:10:43.553-0800][gc          ] GC(387) Pause Young (Normal) (G1 Evacuation Pause) 384M->322M(1024M) 27.528ms
[2021-11-08T21:10:43.554-0800][gc,cpu      ] GC(387) User=0.05s Sys=0.03s Real=0.03s
[2021-11-08T21:11:20.019-0800][gc,start    ] GC(388) Pause Young (Normal) (G1 Evacuation Pause)
[2021-11-08T21:11:20.036-0800][gc,task     ] GC(388) Using 8 workers of 8 for evacuation
[2021-11-08T21:11:20.074-0800][gc,mmu      ] GC(388) MMU target violated: 21.0ms (20.0ms/21.0ms)
[2021-11-08T21:11:20.091-0800][gc,phases   ] GC(388)   Pre Evacuate Collection Set: 1.3ms
[2021-11-08T21:11:20.092-0800][gc,phases   ] GC(388)   Merge Heap Roots: 0.5ms
[2021-11-08T21:11:20.092-0800][gc,phases   ] GC(388)   Evacuate Collection Set: 33.2ms
[2021-11-08T21:11:20.092-0800][gc,phases   ] GC(388)   Post Evacuate Collection Set: 2.1ms
[2021-11-08T21:11:20.092-0800][gc,phases   ] GC(388)   Other: 35.4ms
[2021-11-08T21:11:20.092-0800][gc,heap     ] GC(388) Eden regions: 44->0(103)
[2021-11-08T21:11:20.092-0800][gc,heap     ] GC(388) Survivor regions: 7->4(7)
[2021-11-08T21:11:20.092-0800][gc,heap     ] GC(388) Old regions: 186->189
[2021-11-08T21:11:20.092-0800][gc,heap     ] GC(388) Archive regions: 2->2
[2021-11-08T21:11:20.092-0800][gc,heap     ] GC(388) Humongous regions: 129->129
[2021-11-08T21:11:20.092-0800][gc,metaspace] GC(388) Metaspace: 41025K(41536K)->41025K(41536K) NonClass: 36251K(36544K)->36251K(36544K) Class: 4773K(4992K)->4773K(4992K)
[2021-11-08T21:11:20.092-0800][gc          ] GC(388) Pause Young (Normal) (G1 Evacuation Pause) 366M->322M(1024M) 72.630ms
[2021-11-08T21:11:20.092-0800][gc,cpu      ] GC(388) User=0.05s Sys=0.04s Real=0.08s
[2021-11-08T21:12:46.985-0800][gc,start    ] GC(389) Pause Young (Normal) (G1 Evacuation Pause)
[2021-11-08T21:12:46.987-0800][gc,task     ] GC(389) Using 8 workers of 8 for evacuation
[2021-11-08T21:12:47.018-0800][gc,mmu      ] GC(389) MMU target violated: 21.0ms (20.0ms/21.0ms)
[2021-11-08T21:12:47.018-0800][gc,phases   ] GC(389)   Pre Evacuate Collection Set: 1.3ms
[2021-11-08T21:12:47.018-0800][gc,phases   ] GC(389)   Merge Heap Roots: 1.0ms
[2021-11-08T21:12:47.018-0800][gc,phases   ] GC(389)   Evacuate Collection Set: 26.6ms
[2021-11-08T21:12:47.018-0800][gc,phases   ] GC(389)   Post Evacuate Collection Set: 2.2ms
[2021-11-08T21:12:47.018-0800][gc,phases   ] GC(389)   Other: 2.5ms
[2021-11-08T21:12:47.018-0800][gc,heap     ] GC(389) Eden regions: 103->0(51)
[2021-11-08T21:12:47.018-0800][gc,heap     ] GC(389) Survivor regions: 4->6(14)
[2021-11-08T21:12:47.018-0800][gc,heap     ] GC(389) Old regions: 189->189
[2021-11-08T21:12:47.018-0800][gc,heap     ] GC(389) Archive regions: 2->2
[2021-11-08T21:12:47.018-0800][gc,heap     ] GC(389) Humongous regions: 129->129
[2021-11-08T21:12:47.018-0800][gc,metaspace] GC(389) Metaspace: 41026K(41536K)->41026K(41536K) NonClass: 36252K(36544K)->36252K(36544K) Class: 4773K(4992K)->4773K(4992K)
[2021-11-08T21:12:47.018-0800][gc          ] GC(389) Pause Young (Normal) (G1 Evacuation Pause) 425M->324M(1024M) 33.630ms
[2021-11-08T21:12:47.019-0800][gc,cpu      ] GC(389) User=0.05s Sys=0.04s Real=0.03s
[2021-11-08T21:13:30.024-0800][gc,start    ] GC(390) Pause Young (Normal) (G1 Evacuation Pause)
[2021-11-08T21:13:30.026-0800][gc,task     ] GC(390) Using 8 workers of 8 for evacuation
[2021-11-08T21:13:30.045-0800][gc,phases   ] GC(390)   Pre Evacuate Collection Set: 0.4ms
[2021-11-08T21:13:30.045-0800][gc,phases   ] GC(390)   Merge Heap Roots: 0.1ms
[2021-11-08T21:13:30.045-0800][gc,phases   ] GC(390)   Evacuate Collection Set: 17.7ms
[2021-11-08T21:13:30.045-0800][gc,phases   ] GC(390)   Post Evacuate Collection Set: 0.6ms
[2021-11-08T21:13:30.045-0800][gc,phases   ] GC(390)   Other: 2.2ms
[2021-11-08T21:13:30.045-0800][gc,heap     ] GC(390) Eden regions: 51->0(110)
[2021-11-08T21:13:30.045-0800][gc,heap     ] GC(390) Survivor regions: 6->5(8)
[2021-11-08T21:13:30.045-0800][gc,heap     ] GC(390) Old regions: 189->192
[2021-11-08T21:13:30.045-0800][gc,heap     ] GC(390) Archive regions: 2->2
[2021-11-08T21:13:30.045-0800][gc,heap     ] GC(390) Humongous regions: 129->129
[2021-11-08T21:13:30.045-0800][gc,metaspace] GC(390) Metaspace: 41026K(41536K)->41026K(41536K) NonClass: 36252K(36544K)->36252K(36544K) Class: 4773K(4992K)->4773K(4992K)
[2021-11-08T21:13:30.045-0800][gc          ] GC(390) Pause Young (Normal) (G1 Evacuation Pause) 375M->326M(1024M) 21.150ms
[2021-11-08T21:13:30.045-0800][gc,cpu      ] GC(390) User=0.04s Sys=0.02s Real=0.02s
[2021-11-08T21:14:41.858-0800][gc,start    ] GC(391) Pause Young (Normal) (G1 Evacuation Pause)
[2021-11-08T21:14:41.860-0800][gc,task     ] GC(391) Using 8 workers of 8 for evacuation
[2021-11-08T21:14:41.887-0800][gc,mmu      ] GC(391) MMU target violated: 21.0ms (20.0ms/21.0ms)
[2021-11-08T21:14:41.887-0800][gc,phases   ] GC(391)   Pre Evacuate Collection Set: 1.0ms
[2021-11-08T21:14:41.887-0800][gc,phases   ] GC(391)   Merge Heap Roots: 0.3ms
[2021-11-08T21:14:41.887-0800][gc,phases   ] GC(391)   Evacuate Collection Set: 24.3ms
[2021-11-08T21:14:41.887-0800][gc,phases   ] GC(391)   Post Evacuate Collection Set: 1.0ms
[2021-11-08T21:14:41.887-0800][gc,phases   ] GC(391)   Other: 2.1ms
[2021-11-08T21:14:41.887-0800][gc,heap     ] GC(391) Eden regions: 85->0(69)
[2021-11-08T21:14:41.887-0800][gc,heap     ] GC(391) Survivor regions: 5->7(12)
[2021-11-08T21:14:41.887-0800][gc,heap     ] GC(391) Old regions: 192->192
[2021-11-08T21:14:41.887-0800][gc,heap     ] GC(391) Archive regions: 2->2
[2021-11-08T21:14:41.887-0800][gc,heap     ] GC(391) Humongous regions: 129->129
[2021-11-08T21:14:41.887-0800][gc,metaspace] GC(391) Metaspace: 41026K(41536K)->41026K(41536K) NonClass: 36252K(36544K)->36252K(36544K) Class: 4773K(4992K)->4773K(4992K)
[2021-11-08T21:14:41.887-0800][gc          ] GC(391) Pause Young (Normal) (G1 Evacuation Pause) 411M->327M(1024M) 28.871ms
[2021-11-08T21:14:41.887-0800][gc,cpu      ] GC(391) User=0.05s Sys=0.03s Real=0.03s
[2021-11-08T21:15:39.974-0800][gc,start    ] GC(392) Pause Young (Normal) (G1 Evacuation Pause)
[2021-11-08T21:15:39.976-0800][gc,task     ] GC(392) Using 8 workers of 8 for evacuation
[2021-11-08T21:15:40.001-0800][gc,mmu      ] GC(392) MMU target violated: 21.0ms (20.0ms/21.0ms)
[2021-11-08T21:15:40.002-0800][gc,phases   ] GC(392)   Pre Evacuate Collection Set: 1.0ms
[2021-11-08T21:15:40.002-0800][gc,phases   ] GC(392)   Merge Heap Roots: 0.4ms
[2021-11-08T21:15:40.002-0800][gc,phases   ] GC(392)   Evacuate Collection Set: 22.7ms
[2021-11-08T21:15:40.002-0800][gc,phases   ] GC(392)   Post Evacuate Collection Set: 1.1ms
[2021-11-08T21:15:40.002-0800][gc,phases   ] GC(392)   Other: 2.2ms
[2021-11-08T21:15:40.002-0800][gc,heap     ] GC(392) Eden regions: 69->0(135)
[2021-11-08T21:15:40.002-0800][gc,heap     ] GC(392) Survivor regions: 7->5(10)
[2021-11-08T21:15:40.002-0800][gc,heap     ] GC(392) Old regions: 192->194
[2021-11-08T21:15:40.002-0800][gc,heap     ] GC(392) Archive regions: 2->2
[2021-11-08T21:15:40.002-0800][gc,heap     ] GC(392) Humongous regions: 129->129
[2021-11-08T21:15:40.002-0800][gc,metaspace] GC(392) Metaspace: 41026K(41536K)->41026K(41536K) NonClass: 36252K(36544K)->36252K(36544K) Class: 4773K(4992K)->4773K(4992K)
[2021-11-08T21:15:40.002-0800][gc          ] GC(392) Pause Young (Normal) (G1 Evacuation Pause) 396M->328M(1024M) 27.244ms
[2021-11-08T21:15:40.002-0800][gc,cpu      ] GC(392) User=0.04s Sys=0.04s Real=0.03s
[2021-11-08T21:36:50.259-0800][gc,start    ] GC(393) Pause Young (Normal) (G1 Evacuation Pause)
[2021-11-08T21:36:50.260-0800][gc,task     ] GC(393) Using 8 workers of 8 for evacuation
[2021-11-08T21:36:50.314-0800][gc,mmu      ] GC(393) MMU target violated: 21.0ms (20.0ms/21.0ms)
[2021-11-08T21:36:50.314-0800][gc,phases   ] GC(393)   Pre Evacuate Collection Set: 1.7ms
[2021-11-08T21:36:50.314-0800][gc,phases   ] GC(393)   Merge Heap Roots: 0.6ms
[2021-11-08T21:36:50.314-0800][gc,phases   ] GC(393)   Evacuate Collection Set: 49.9ms
[2021-11-08T21:36:50.314-0800][gc,phases   ] GC(393)   Post Evacuate Collection Set: 1.7ms
[2021-11-08T21:36:50.314-0800][gc,phases   ] GC(393)   Other: 1.9ms
[2021-11-08T21:36:50.314-0800][gc,heap     ] GC(393) Eden regions: 115->0(37)
[2021-11-08T21:36:50.314-0800][gc,heap     ] GC(393) Survivor regions: 5->14(15)
[2021-11-08T21:36:50.314-0800][gc,heap     ] GC(393) Old regions: 194->194
[2021-11-08T21:36:50.314-0800][gc,heap     ] GC(393) Archive regions: 2->2
[2021-11-08T21:36:50.314-0800][gc,heap     ] GC(393) Humongous regions: 129->129
[2021-11-08T21:36:50.314-0800][gc,metaspace] GC(393) Metaspace: 41026K(41536K)->41026K(41536K) NonClass: 36252K(36544K)->36252K(36544K) Class: 4773K(4992K)->4773K(4992K)
[2021-11-08T21:36:50.314-0800][gc          ] GC(393) Pause Young (Normal) (G1 Evacuation Pause) 443M->336M(1024M) 55.684ms
[2021-11-08T21:36:50.314-0800][gc,cpu      ] GC(393) User=0.08s Sys=0.14s Real=0.06s
[2021-11-08T21:41:05.251-0800][gc,start    ] GC(394) Pause Young (Normal) (G1 Evacuation Pause)
[2021-11-08T21:41:05.253-0800][gc,task     ] GC(394) Using 8 workers of 8 for evacuation
[2021-11-08T21:41:05.295-0800][gc,mmu      ] GC(394) MMU target violated: 21.0ms (20.0ms/21.0ms)
[2021-11-08T21:41:05.295-0800][gc,phases   ] GC(394)   Pre Evacuate Collection Set: 1.6ms
[2021-11-08T21:41:05.295-0800][gc,phases   ] GC(394)   Merge Heap Roots: 0.5ms
[2021-11-08T21:41:05.295-0800][gc,phases   ] GC(394)   Evacuate Collection Set: 37.6ms
[2021-11-08T21:41:05.295-0800][gc,phases   ] GC(394)   Post Evacuate Collection Set: 1.4ms
[2021-11-08T21:41:05.295-0800][gc,phases   ] GC(394)   Other: 2.6ms
[2021-11-08T21:41:05.295-0800][gc,heap     ] GC(394) Eden regions: 37->0(46)
[2021-11-08T21:41:05.295-0800][gc,heap     ] GC(394) Survivor regions: 14->5(7)
[2021-11-08T21:41:05.295-0800][gc,heap     ] GC(394) Old regions: 194->206
[2021-11-08T21:41:05.295-0800][gc,heap     ] GC(394) Archive regions: 2->2
[2021-11-08T21:41:05.295-0800][gc,heap     ] GC(394) Humongous regions: 129->129
[2021-11-08T21:41:05.295-0800][gc,metaspace] GC(394) Metaspace: 41026K(41536K)->41026K(41536K) NonClass: 36252K(36544K)->36252K(36544K) Class: 4773K(4992K)->4773K(4992K)
[2021-11-08T21:41:05.295-0800][gc          ] GC(394) Pause Young (Normal) (G1 Evacuation Pause) 373M->339M(1024M) 43.775ms
[2021-11-08T21:41:05.295-0800][gc,cpu      ] GC(394) User=0.08s Sys=0.09s Real=0.04s
[2021-11-08T21:46:23.603-0800][gc,start    ] GC(395) Pause Young (Normal) (G1 Evacuation Pause)
[2021-11-08T21:46:23.605-0800][gc,task     ] GC(395) Using 8 workers of 8 for evacuation
[2021-11-08T21:46:23.638-0800][gc,mmu      ] GC(395) MMU target violated: 21.0ms (20.0ms/21.0ms)
[2021-11-08T21:46:23.639-0800][gc,phases   ] GC(395)   Pre Evacuate Collection Set: 2.1ms
[2021-11-08T21:46:23.639-0800][gc,phases   ] GC(395)   Merge Heap Roots: 0.5ms
[2021-11-08T21:46:23.639-0800][gc,phases   ] GC(395)   Evacuate Collection Set: 28.4ms
[2021-11-08T21:46:23.639-0800][gc,phases   ] GC(395)   Post Evacuate Collection Set: 2.0ms
[2021-11-08T21:46:23.639-0800][gc,phases   ] GC(395)   Other: 3.0ms
[2021-11-08T21:46:23.639-0800][gc,heap     ] GC(395) Eden regions: 46->0(45)
[2021-11-08T21:46:23.639-0800][gc,heap     ] GC(395) Survivor regions: 5->6(7)
[2021-11-08T21:46:23.639-0800][gc,heap     ] GC(395) Old regions: 206->210
[2021-11-08T21:46:23.639-0800][gc,heap     ] GC(395) Archive regions: 2->2
[2021-11-08T21:46:23.639-0800][gc,heap     ] GC(395) Humongous regions: 129->129
[2021-11-08T21:46:23.639-0800][gc,metaspace] GC(395) Metaspace: 41026K(41536K)->41026K(41536K) NonClass: 36252K(36544K)->36252K(36544K) Class: 4773K(4992K)->4773K(4992K)
[2021-11-08T21:46:23.639-0800][gc          ] GC(395) Pause Young (Normal) (G1 Evacuation Pause) 385M->344M(1024M) 36.019ms
[2021-11-08T21:46:23.639-0800][gc,cpu      ] GC(395) User=0.06s Sys=0.07s Real=0.03s
[2021-11-08T21:51:36.484-0800][gc,start    ] GC(396) Pause Young (Normal) (G1 Evacuation Pause)
[2021-11-08T21:51:36.496-0800][gc,task     ] GC(396) Using 8 workers of 8 for evacuation
[2021-11-08T21:51:36.545-0800][gc,mmu      ] GC(396) MMU target violated: 21.0ms (20.0ms/21.0ms)
[2021-11-08T21:51:36.555-0800][gc,phases   ] GC(396)   Pre Evacuate Collection Set: 0.7ms
[2021-11-08T21:51:36.555-0800][gc,phases   ] GC(396)   Merge Heap Roots: 5.5ms
[2021-11-08T21:51:36.555-0800][gc,phases   ] GC(396)   Evacuate Collection Set: 33.5ms
[2021-11-08T21:51:36.555-0800][gc,phases   ] GC(396)   Post Evacuate Collection Set: 9.2ms
[2021-11-08T21:51:36.556-0800][gc,phases   ] GC(396)   Other: 22.0ms
[2021-11-08T21:51:36.556-0800][gc,heap     ] GC(396) Eden regions: 45->0(45)
[2021-11-08T21:51:36.556-0800][gc,heap     ] GC(396) Survivor regions: 6->6(7)
[2021-11-08T21:51:36.556-0800][gc,heap     ] GC(396) Old regions: 210->215
[2021-11-08T21:51:36.556-0800][gc,heap     ] GC(396) Archive regions: 2->2
[2021-11-08T21:51:36.556-0800][gc,heap     ] GC(396) Humongous regions: 129->129
[2021-11-08T21:51:36.556-0800][gc,metaspace] GC(396) Metaspace: 41026K(41536K)->41026K(41536K) NonClass: 36252K(36544K)->36252K(36544K) Class: 4773K(4992K)->4773K(4992K)
[2021-11-08T21:51:36.556-0800][gc          ] GC(396) Pause Young (Normal) (G1 Evacuation Pause) 389M->349M(1024M) 71.270ms
[2021-11-08T21:51:36.556-0800][gc,cpu      ] GC(396) User=0.06s Sys=0.04s Real=0.07s
[2021-11-08T21:56:50.230-0800][gc,start    ] GC(397) Pause Young (Normal) (G1 Evacuation Pause)
[2021-11-08T21:56:50.231-0800][gc,task     ] GC(397) Using 8 workers of 8 for evacuation
[2021-11-08T21:56:50.269-0800][gc,mmu      ] GC(397) MMU target violated: 21.0ms (20.0ms/21.0ms)
[2021-11-08T21:56:50.270-0800][gc,phases   ] GC(397)   Pre Evacuate Collection Set: 1.0ms
[2021-11-08T21:56:50.270-0800][gc,phases   ] GC(397)   Merge Heap Roots: 0.6ms
[2021-11-08T21:56:50.270-0800][gc,phases   ] GC(397)   Evacuate Collection Set: 33.2ms
[2021-11-08T21:56:50.270-0800][gc,phases   ] GC(397)   Post Evacuate Collection Set: 3.2ms
[2021-11-08T21:56:50.270-0800][gc,phases   ] GC(397)   Other: 1.7ms
[2021-11-08T21:56:50.270-0800][gc,heap     ] GC(397) Eden regions: 45->0(45)
[2021-11-08T21:56:50.270-0800][gc,heap     ] GC(397) Survivor regions: 6->6(7)
[2021-11-08T21:56:50.270-0800][gc,heap     ] GC(397) Old regions: 215->220
[2021-11-08T21:56:50.270-0800][gc,heap     ] GC(397) Archive regions: 2->2
[2021-11-08T21:56:50.270-0800][gc,heap     ] GC(397) Humongous regions: 129->129
[2021-11-08T21:56:50.270-0800][gc,metaspace] GC(397) Metaspace: 41026K(41536K)->41026K(41536K) NonClass: 36252K(36544K)->36252K(36544K) Class: 4773K(4992K)->4773K(4992K)
[2021-11-08T21:56:50.270-0800][gc          ] GC(397) Pause Young (Normal) (G1 Evacuation Pause) 394M->354M(1024M) 39.818ms
[2021-11-08T21:56:50.270-0800][gc,cpu      ] GC(397) User=0.05s Sys=0.04s Real=0.04s
[2021-11-08T22:02:03.004-0800][gc,start    ] GC(398) Pause Young (Normal) (G1 Evacuation Pause)
[2021-11-08T22:02:03.005-0800][gc,task     ] GC(398) Using 8 workers of 8 for evacuation
[2021-11-08T22:02:03.048-0800][gc,mmu      ] GC(398) MMU target violated: 21.0ms (20.0ms/21.0ms)
[2021-11-08T22:02:03.048-0800][gc,phases   ] GC(398)   Pre Evacuate Collection Set: 3.9ms
[2021-11-08T22:02:03.048-0800][gc,phases   ] GC(398)   Merge Heap Roots: 0.4ms
[2021-11-08T22:02:03.048-0800][gc,phases   ] GC(398)   Evacuate Collection Set: 36.0ms
[2021-11-08T22:02:03.048-0800][gc,phases   ] GC(398)   Post Evacuate Collection Set: 2.0ms
[2021-11-08T22:02:03.048-0800][gc,phases   ] GC(398)   Other: 2.3ms
[2021-11-08T22:02:03.048-0800][gc,heap     ] GC(398) Eden regions: 45->0(45)
[2021-11-08T22:02:03.048-0800][gc,heap     ] GC(398) Survivor regions: 6->6(7)
[2021-11-08T22:02:03.048-0800][gc,heap     ] GC(398) Old regions: 220->224
[2021-11-08T22:02:03.048-0800][gc,heap     ] GC(398) Archive regions: 2->2
[2021-11-08T22:02:03.048-0800][gc,heap     ] GC(398) Humongous regions: 129->129
[2021-11-08T22:02:03.048-0800][gc,metaspace] GC(398) Metaspace: 41026K(41536K)->41026K(41536K) NonClass: 36252K(36544K)->36252K(36544K) Class: 4773K(4992K)->4773K(4992K)
[2021-11-08T22:02:03.048-0800][gc          ] GC(398) Pause Young (Normal) (G1 Evacuation Pause) 399M->359M(1024M) 44.745ms
[2021-11-08T22:02:03.048-0800][gc,cpu      ] GC(398) User=0.06s Sys=0.06s Real=0.04s
[2021-11-08T22:06:55.036-0800][gc,start    ] GC(399) Pause Young (Normal) (G1 Evacuation Pause)
[2021-11-08T22:06:55.037-0800][gc,task     ] GC(399) Using 8 workers of 8 for evacuation
[2021-11-08T22:06:55.074-0800][gc,mmu      ] GC(399) MMU target violated: 21.0ms (20.0ms/21.0ms)
[2021-11-08T22:06:55.074-0800][gc,phases   ] GC(399)   Pre Evacuate Collection Set: 1.4ms
[2021-11-08T22:06:55.074-0800][gc,phases   ] GC(399)   Merge Heap Roots: 0.2ms
[2021-11-08T22:06:55.074-0800][gc,phases   ] GC(399)   Evacuate Collection Set: 33.2ms
[2021-11-08T22:06:55.074-0800][gc,phases   ] GC(399)   Post Evacuate Collection Set: 1.8ms
[2021-11-08T22:06:55.074-0800][gc,phases   ] GC(399)   Other: 2.1ms
[2021-11-08T22:06:55.075-0800][gc,heap     ] GC(399) Eden regions: 45->0(44)
[2021-11-08T22:06:55.075-0800][gc,heap     ] GC(399) Survivor regions: 6->7(7)
[2021-11-08T22:06:55.075-0800][gc,heap     ] GC(399) Old regions: 224->230
[2021-11-08T22:06:55.075-0800][gc,heap     ] GC(399) Archive regions: 2->2
[2021-11-08T22:06:55.075-0800][gc,heap     ] GC(399) Humongous regions: 129->129
[2021-11-08T22:06:55.075-0800][gc,metaspace] GC(399) Metaspace: 41026K(41536K)->41026K(41536K) NonClass: 36252K(36544K)->36252K(36544K) Class: 4773K(4992K)->4773K(4992K)
[2021-11-08T22:06:55.075-0800][gc          ] GC(399) Pause Young (Normal) (G1 Evacuation Pause) 404M->366M(1024M) 39.137ms
[2021-11-08T22:06:55.075-0800][gc,cpu      ] GC(399) User=0.07s Sys=0.06s Real=0.04s
[2021-11-08T22:11:56.722-0800][gc,start    ] GC(400) Pause Young (Concurrent Start) (G1 Evacuation Pause)
[2021-11-08T22:11:56.725-0800][gc,task     ] GC(400) Using 8 workers of 8 for evacuation
[2021-11-08T22:11:56.779-0800][gc,mmu      ] GC(400) MMU target violated: 21.0ms (20.0ms/21.0ms)
[2021-11-08T22:11:56.779-0800][gc,phases   ] GC(400)   Pre Evacuate Collection Set: 2.2ms
[2021-11-08T22:11:56.779-0800][gc,phases   ] GC(400)   Merge Heap Roots: 0.8ms
[2021-11-08T22:11:56.779-0800][gc,phases   ] GC(400)   Evacuate Collection Set: 45.6ms
[2021-11-08T22:11:56.779-0800][gc,phases   ] GC(400)   Post Evacuate Collection Set: 4.5ms
[2021-11-08T22:11:56.779-0800][gc,phases   ] GC(400)   Other: 4.3ms
[2021-11-08T22:11:56.779-0800][gc,heap     ] GC(400) Eden regions: 44->0(45)
[2021-11-08T22:11:56.779-0800][gc,heap     ] GC(400) Survivor regions: 7->6(7)
[2021-11-08T22:11:56.779-0800][gc,heap     ] GC(400) Old regions: 230->236
[2021-11-08T22:11:56.779-0800][gc,heap     ] GC(400) Archive regions: 2->2
[2021-11-08T22:11:56.779-0800][gc,heap     ] GC(400) Humongous regions: 129->129
[2021-11-08T22:11:56.779-0800][gc,metaspace] GC(400) Metaspace: 41026K(41536K)->41026K(41536K) NonClass: 36252K(36544K)->36252K(36544K) Class: 4773K(4992K)->4773K(4992K)
[2021-11-08T22:11:56.779-0800][gc          ] GC(400) Pause Young (Concurrent Start) (G1 Evacuation Pause) 410M->371M(1024M) 57.398ms
[2021-11-08T22:11:56.779-0800][gc,cpu      ] GC(400) User=0.07s Sys=0.07s Real=0.05s
[2021-11-08T22:11:56.779-0800][gc          ] GC(401) Concurrent Mark Cycle
[2021-11-08T22:11:56.779-0800][gc,marking  ] GC(401) Concurrent Clear Claimed Marks
[2021-11-08T22:11:56.779-0800][gc,marking  ] GC(401) Concurrent Clear Claimed Marks 0.171ms
[2021-11-08T22:11:56.779-0800][gc,marking  ] GC(401) Concurrent Scan Root Regions
[2021-11-08T22:11:56.793-0800][gc,marking  ] GC(401) Concurrent Scan Root Regions 13.949ms
[2021-11-08T22:11:56.793-0800][gc,marking  ] GC(401) Concurrent Mark
[2021-11-08T22:11:56.793-0800][gc,marking  ] GC(401) Concurrent Mark From Roots
[2021-11-08T22:11:56.793-0800][gc,task     ] GC(401) Using 2 workers of 2 for marking
[2021-11-08T22:11:56.821-0800][gc,marking  ] GC(401) Concurrent Mark From Roots 27.836ms
[2021-11-08T22:11:56.821-0800][gc,marking  ] GC(401) Concurrent Preclean
[2021-11-08T22:11:56.822-0800][gc,marking  ] GC(401) Concurrent Preclean 0.207ms
[2021-11-08T22:11:56.822-0800][gc,start    ] GC(401) Pause Remark
[2021-11-08T22:11:56.878-0800][gc,mmu      ] GC(401) MMU target violated: 21.0ms (20.0ms/21.0ms)
[2021-11-08T22:11:56.878-0800][gc          ] GC(401) Pause Remark 371M->291M(1024M) 56.544ms
[2021-11-08T22:11:56.878-0800][gc,cpu      ] GC(401) User=0.03s Sys=0.06s Real=0.05s
[2021-11-08T22:11:56.878-0800][gc,marking  ] GC(401) Concurrent Mark 84.899ms
[2021-11-08T22:11:56.878-0800][gc,marking  ] GC(401) Concurrent Rebuild Remembered Sets
[2021-11-08T22:11:56.888-0800][gc,marking  ] GC(401) Concurrent Rebuild Remembered Sets 10.150ms
[2021-11-08T22:11:56.889-0800][gc,start    ] GC(401) Pause Cleanup
[2021-11-08T22:11:56.889-0800][gc          ] GC(401) Pause Cleanup 291M->291M(1024M) 0.204ms
[2021-11-08T22:11:56.889-0800][gc,cpu      ] GC(401) User=0.00s Sys=0.00s Real=0.00s
[2021-11-08T22:11:56.889-0800][gc,marking  ] GC(401) Concurrent Cleanup for Next Mark
[2021-11-08T22:11:56.895-0800][gc,marking  ] GC(401) Concurrent Cleanup for Next Mark 5.963ms
[2021-11-08T22:11:56.895-0800][gc          ] GC(401) Concurrent Mark Cycle 115.732ms
[2021-11-08T22:17:09.749-0800][gc,start    ] GC(402) Pause Young (Prepare Mixed) (G1 Evacuation Pause)
[2021-11-08T22:17:09.751-0800][gc,task     ] GC(402) Using 8 workers of 8 for evacuation
[2021-11-08T22:17:09.785-0800][gc,mmu      ] GC(402) MMU target violated: 21.0ms (20.0ms/21.0ms)
[2021-11-08T22:17:09.785-0800][gc,phases   ] GC(402)   Pre Evacuate Collection Set: 1.5ms
[2021-11-08T22:17:09.785-0800][gc,phases   ] GC(402)   Merge Heap Roots: 0.5ms
[2021-11-08T22:17:09.785-0800][gc,phases   ] GC(402)   Evacuate Collection Set: 29.8ms
[2021-11-08T22:17:09.785-0800][gc,phases   ] GC(402)   Post Evacuate Collection Set: 1.6ms
[2021-11-08T22:17:09.785-0800][gc,phases   ] GC(402)   Other: 2.3ms
[2021-11-08T22:17:09.785-0800][gc,heap     ] GC(402) Eden regions: 45->0(44)
[2021-11-08T22:17:09.785-0800][gc,heap     ] GC(402) Survivor regions: 6->7(7)
[2021-11-08T22:17:09.785-0800][gc,heap     ] GC(402) Old regions: 156->160
[2021-11-08T22:17:09.785-0800][gc,heap     ] GC(402) Archive regions: 2->2
[2021-11-08T22:17:09.785-0800][gc,heap     ] GC(402) Humongous regions: 129->129
[2021-11-08T22:17:09.785-0800][gc,metaspace] GC(402) Metaspace: 41026K(41536K)->41026K(41536K) NonClass: 36252K(36544K)->36252K(36544K) Class: 4773K(4992K)->4773K(4992K)
[2021-11-08T22:17:09.785-0800][gc          ] GC(402) Pause Young (Prepare Mixed) (G1 Evacuation Pause) 336M->296M(1024M) 35.817ms
[2021-11-08T22:17:09.785-0800][gc,cpu      ] GC(402) User=0.06s Sys=0.07s Real=0.04s
[2021-11-08T22:22:15.105-0800][gc,start    ] GC(403) Pause Young (Mixed) (G1 Evacuation Pause)
[2021-11-08T22:22:15.106-0800][gc,task     ] GC(403) Using 8 workers of 8 for evacuation
[2021-11-08T22:22:15.143-0800][gc,mmu      ] GC(403) MMU target violated: 21.0ms (20.0ms/21.0ms)
[2021-11-08T22:22:15.143-0800][gc,phases   ] GC(403)   Pre Evacuate Collection Set: 1.8ms
[2021-11-08T22:22:15.143-0800][gc,phases   ] GC(403)   Merge Heap Roots: 0.5ms
[2021-11-08T22:22:15.143-0800][gc,phases   ] GC(403)   Evacuate Collection Set: 33.3ms
[2021-11-08T22:22:15.143-0800][gc,phases   ] GC(403)   Post Evacuate Collection Set: 1.4ms
[2021-11-08T22:22:15.144-0800][gc,phases   ] GC(403)   Other: 2.0ms
[2021-11-08T22:22:15.144-0800][gc,heap     ] GC(403) Eden regions: 44->0(45)
[2021-11-08T22:22:15.144-0800][gc,heap     ] GC(403) Survivor regions: 7->6(7)
[2021-11-08T22:22:15.144-0800][gc,heap     ] GC(403) Old regions: 160->154
[2021-11-08T22:22:15.144-0800][gc,heap     ] GC(403) Archive regions: 2->2
[2021-11-08T22:22:15.144-0800][gc,heap     ] GC(403) Humongous regions: 129->129
[2021-11-08T22:22:15.144-0800][gc,metaspace] GC(403) Metaspace: 41026K(41536K)->41026K(41536K) NonClass: 36252K(36544K)->36252K(36544K) Class: 4773K(4992K)->4773K(4992K)
[2021-11-08T22:22:15.144-0800][gc          ] GC(403) Pause Young (Mixed) (G1 Evacuation Pause) 340M->289M(1024M) 38.937ms
[2021-11-08T22:22:15.144-0800][gc,cpu      ] GC(403) User=0.07s Sys=0.08s Real=0.04s
[2021-11-08T22:27:27.595-0800][gc,start    ] GC(404) Pause Young (Mixed) (G1 Evacuation Pause)
[2021-11-08T22:27:27.596-0800][gc,task     ] GC(404) Using 8 workers of 8 for evacuation
[2021-11-08T22:27:27.637-0800][gc,mmu      ] GC(404) MMU target violated: 21.0ms (20.0ms/21.0ms)
[2021-11-08T22:27:27.637-0800][gc,phases   ] GC(404)   Pre Evacuate Collection Set: 1.9ms
[2021-11-08T22:27:27.637-0800][gc,phases   ] GC(404)   Merge Heap Roots: 1.3ms
[2021-11-08T22:27:27.637-0800][gc,phases   ] GC(404)   Evacuate Collection Set: 31.7ms
[2021-11-08T22:27:27.637-0800][gc,phases   ] GC(404)   Post Evacuate Collection Set: 4.8ms
[2021-11-08T22:27:27.637-0800][gc,phases   ] GC(404)   Other: 2.4ms
[2021-11-08T22:27:27.637-0800][gc,heap     ] GC(404) Eden regions: 45->0(44)
[2021-11-08T22:27:27.637-0800][gc,heap     ] GC(404) Survivor regions: 6->7(7)
[2021-11-08T22:27:27.637-0800][gc,heap     ] GC(404) Old regions: 154->148
[2021-11-08T22:27:27.637-0800][gc,heap     ] GC(404) Archive regions: 2->2
[2021-11-08T22:27:27.637-0800][gc,heap     ] GC(404) Humongous regions: 129->129
[2021-11-08T22:27:27.637-0800][gc,metaspace] GC(404) Metaspace: 41026K(41536K)->41026K(41536K) NonClass: 36252K(36544K)->36252K(36544K) Class: 4773K(4992K)->4773K(4992K)
[2021-11-08T22:27:27.637-0800][gc          ] GC(404) Pause Young (Mixed) (G1 Evacuation Pause) 334M->283M(1024M) 41.991ms
[2021-11-08T22:27:27.637-0800][gc,cpu      ] GC(404) User=0.07s Sys=0.06s Real=0.04s
[2021-11-08T22:32:33.438-0800][gc,start    ] GC(405) Pause Young (Mixed) (G1 Evacuation Pause)
[2021-11-08T22:32:33.439-0800][gc,task     ] GC(405) Using 8 workers of 8 for evacuation
[2021-11-08T22:32:33.473-0800][gc,mmu      ] GC(405) MMU target violated: 21.0ms (20.0ms/21.0ms)
[2021-11-08T22:32:33.474-0800][gc,phases   ] GC(405)   Pre Evacuate Collection Set: 1.7ms
[2021-11-08T22:32:33.474-0800][gc,phases   ] GC(405)   Merge Heap Roots: 0.8ms
[2021-11-08T22:32:33.474-0800][gc,phases   ] GC(405)   Evacuate Collection Set: 28.9ms
[2021-11-08T22:32:33.474-0800][gc,phases   ] GC(405)   Post Evacuate Collection Set: 2.2ms
[2021-11-08T22:32:33.474-0800][gc,phases   ] GC(405)   Other: 2.4ms
[2021-11-08T22:32:33.474-0800][gc,heap     ] GC(405) Eden regions: 44->0(44)
[2021-11-08T22:32:33.474-0800][gc,heap     ] GC(405) Survivor regions: 7->7(7)
[2021-11-08T22:32:33.474-0800][gc,heap     ] GC(405) Old regions: 148->141
[2021-11-08T22:32:33.474-0800][gc,heap     ] GC(405) Archive regions: 2->2
[2021-11-08T22:32:33.474-0800][gc,heap     ] GC(405) Humongous regions: 129->129
[2021-11-08T22:32:33.474-0800][gc,metaspace] GC(405) Metaspace: 41026K(41536K)->41026K(41536K) NonClass: 36252K(36544K)->36252K(36544K) Class: 4773K(4992K)->4773K(4992K)
[2021-11-08T22:32:33.474-0800][gc          ] GC(405) Pause Young (Mixed) (G1 Evacuation Pause) 327M->277M(1024M) 36.002ms
[2021-11-08T22:32:33.474-0800][gc,cpu      ] GC(405) User=0.07s Sys=0.06s Real=0.04s
[2021-11-08T22:37:38.848-0800][gc,start    ] GC(406) Pause Young (Mixed) (G1 Evacuation Pause)
[2021-11-08T22:37:38.849-0800][gc,task     ] GC(406) Using 8 workers of 8 for evacuation
[2021-11-08T22:37:38.884-0800][gc,mmu      ] GC(406) MMU target violated: 21.0ms (20.0ms/21.0ms)
[2021-11-08T22:37:38.884-0800][gc,phases   ] GC(406)   Pre Evacuate Collection Set: 1.2ms
[2021-11-08T22:37:38.884-0800][gc,phases   ] GC(406)   Merge Heap Roots: 0.5ms
[2021-11-08T22:37:38.884-0800][gc,phases   ] GC(406)   Evacuate Collection Set: 31.4ms
[2021-11-08T22:37:38.884-0800][gc,phases   ] GC(406)   Post Evacuate Collection Set: 1.2ms
[2021-11-08T22:37:38.884-0800][gc,phases   ] GC(406)   Other: 2.3ms
[2021-11-08T22:37:38.884-0800][gc,heap     ] GC(406) Eden regions: 44->0(45)
[2021-11-08T22:37:38.884-0800][gc,heap     ] GC(406) Survivor regions: 7->6(7)
[2021-11-08T22:37:38.884-0800][gc,heap     ] GC(406) Old regions: 141->135
[2021-11-08T22:37:38.884-0800][gc,heap     ] GC(406) Archive regions: 2->2
[2021-11-08T22:37:38.884-0800][gc,heap     ] GC(406) Humongous regions: 129->129
[2021-11-08T22:37:38.884-0800][gc,metaspace] GC(406) Metaspace: 41026K(41536K)->41026K(41536K) NonClass: 36252K(36544K)->36252K(36544K) Class: 4773K(4992K)->4773K(4992K)
[2021-11-08T22:37:38.884-0800][gc          ] GC(406) Pause Young (Mixed) (G1 Evacuation Pause) 321M->270M(1024M) 36.591ms
[2021-11-08T22:37:38.884-0800][gc,cpu      ] GC(406) User=0.05s Sys=0.05s Real=0.04s
[2021-11-08T22:42:49.146-0800][gc,start    ] GC(407) Pause Young (Mixed) (G1 Evacuation Pause)
[2021-11-08T22:42:49.149-0800][gc,task     ] GC(407) Using 8 workers of 8 for evacuation
[2021-11-08T22:42:49.199-0800][gc,mmu      ] GC(407) MMU target violated: 21.0ms (20.0ms/21.0ms)
[2021-11-08T22:42:49.199-0800][gc,phases   ] GC(407)   Pre Evacuate Collection Set: 1.7ms
[2021-11-08T22:42:49.199-0800][gc,phases   ] GC(407)   Merge Heap Roots: 0.5ms
[2021-11-08T22:42:49.199-0800][gc,phases   ] GC(407)   Evacuate Collection Set: 42.5ms
[2021-11-08T22:42:49.199-0800][gc,phases   ] GC(407)   Post Evacuate Collection Set: 5.6ms
[2021-11-08T22:42:49.199-0800][gc,phases   ] GC(407)   Other: 2.8ms
[2021-11-08T22:42:49.199-0800][gc,heap     ] GC(407) Eden regions: 45->0(45)
[2021-11-08T22:42:49.200-0800][gc,heap     ] GC(407) Survivor regions: 6->6(7)
[2021-11-08T22:42:49.200-0800][gc,heap     ] GC(407) Old regions: 135->126
[2021-11-08T22:42:49.200-0800][gc,heap     ] GC(407) Archive regions: 2->2
[2021-11-08T22:42:49.200-0800][gc,heap     ] GC(407) Humongous regions: 129->129
[2021-11-08T22:42:49.200-0800][gc,metaspace] GC(407) Metaspace: 41026K(41536K)->41026K(41536K) NonClass: 36252K(36544K)->36252K(36544K) Class: 4773K(4992K)->4773K(4992K)
[2021-11-08T22:42:49.200-0800][gc          ] GC(407) Pause Young (Mixed) (G1 Evacuation Pause) 315M->261M(1024M) 53.152ms
[2021-11-08T22:42:49.200-0800][gc,cpu      ] GC(407) User=0.07s Sys=0.07s Real=0.06s
[2021-11-08T22:45:43.942-0800][gc,start    ] GC(408) Pause Young (Mixed) (G1 Evacuation Pause)
[2021-11-08T22:45:43.950-0800][gc,task     ] GC(408) Using 8 workers of 8 for evacuation
[2021-11-08T22:45:43.997-0800][gc,mmu      ] GC(408) MMU target violated: 21.0ms (20.0ms/21.0ms)
[2021-11-08T22:45:43.997-0800][gc,phases   ] GC(408)   Pre Evacuate Collection Set: 1.1ms
[2021-11-08T22:45:43.997-0800][gc,phases   ] GC(408)   Merge Heap Roots: 0.4ms
[2021-11-08T22:45:43.997-0800][gc,phases   ] GC(408)   Evacuate Collection Set: 44.8ms
[2021-11-08T22:45:43.997-0800][gc,phases   ] GC(408)   Post Evacuate Collection Set: 1.0ms
[2021-11-08T22:45:43.997-0800][gc,phases   ] GC(408)   Other: 8.3ms
[2021-11-08T22:45:43.997-0800][gc,heap     ] GC(408) Eden regions: 45->0(44)
[2021-11-08T22:45:43.997-0800][gc,heap     ] GC(408) Survivor regions: 6->7(7)
[2021-11-08T22:45:43.997-0800][gc,heap     ] GC(408) Old regions: 126->120
[2021-11-08T22:45:43.997-0800][gc,heap     ] GC(408) Archive regions: 2->2
[2021-11-08T22:45:43.997-0800][gc,heap     ] GC(408) Humongous regions: 129->129
[2021-11-08T22:45:43.997-0800][gc,metaspace] GC(408) Metaspace: 41033K(41536K)->41033K(41536K) NonClass: 36259K(36544K)->36259K(36544K) Class: 4773K(4992K)->4773K(4992K)
[2021-11-08T22:45:43.997-0800][gc          ] GC(408) Pause Young (Mixed) (G1 Evacuation Pause) 306M->255M(1024M) 55.431ms
[2021-11-08T22:45:43.998-0800][gc,cpu      ] GC(408) User=0.06s Sys=0.04s Real=0.05s
[2021-11-08T22:46:20.147-0800][gc,start    ] GC(409) Pause Young (Mixed) (G1 Evacuation Pause)
[2021-11-08T22:46:20.149-0800][gc,task     ] GC(409) Using 8 workers of 8 for evacuation
[2021-11-08T22:46:20.194-0800][gc,mmu      ] GC(409) MMU target violated: 21.0ms (20.0ms/21.0ms)
[2021-11-08T22:46:20.195-0800][gc,phases   ] GC(409)   Pre Evacuate Collection Set: 1.8ms
[2021-11-08T22:46:20.195-0800][gc,phases   ] GC(409)   Merge Heap Roots: 0.6ms
[2021-11-08T22:46:20.195-0800][gc,phases   ] GC(409)   Evacuate Collection Set: 41.3ms
[2021-11-08T22:46:20.195-0800][gc,phases   ] GC(409)   Post Evacuate Collection Set: 1.4ms
[2021-11-08T22:46:20.195-0800][gc,phases   ] GC(409)   Other: 2.7ms
[2021-11-08T22:46:20.195-0800][gc,heap     ] GC(409) Eden regions: 44->0(48)
[2021-11-08T22:46:20.195-0800][gc,heap     ] GC(409) Survivor regions: 7->3(7)
[2021-11-08T22:46:20.195-0800][gc,heap     ] GC(409) Old regions: 120->113
[2021-11-08T22:46:20.195-0800][gc,heap     ] GC(409) Archive regions: 2->2
[2021-11-08T22:46:20.195-0800][gc,heap     ] GC(409) Humongous regions: 129->129
[2021-11-08T22:46:20.195-0800][gc,metaspace] GC(409) Metaspace: 41033K(41536K)->41033K(41536K) NonClass: 36259K(36544K)->36259K(36544K) Class: 4773K(4992K)->4773K(4992K)
[2021-11-08T22:46:20.195-0800][gc          ] GC(409) Pause Young (Mixed) (G1 Evacuation Pause) 299M->245M(1024M) 47.973ms
[2021-11-08T22:46:20.195-0800][gc,cpu      ] GC(409) User=0.05s Sys=0.07s Real=0.05s
[2021-11-08T22:47:00.141-0800][gc,start    ] GC(410) Pause Young (Mixed) (G1 Evacuation Pause)
[2021-11-08T22:47:00.142-0800][gc,task     ] GC(410) Using 8 workers of 8 for evacuation
[2021-11-08T22:47:00.157-0800][gc,phases   ] GC(410)   Pre Evacuate Collection Set: 0.4ms
[2021-11-08T22:47:00.157-0800][gc,phases   ] GC(410)   Merge Heap Roots: 0.2ms
[2021-11-08T22:47:00.157-0800][gc,phases   ] GC(410)   Evacuate Collection Set: 13.2ms
[2021-11-08T22:47:00.157-0800][gc,phases   ] GC(410)   Post Evacuate Collection Set: 0.5ms
[2021-11-08T22:47:00.157-0800][gc,phases   ] GC(410)   Other: 2.2ms
[2021-11-08T22:47:00.157-0800][gc,heap     ] GC(410) Eden regions: 48->0(45)
[2021-11-08T22:47:00.157-0800][gc,heap     ] GC(410) Survivor regions: 3->6(7)
[2021-11-08T22:47:00.157-0800][gc,heap     ] GC(410) Old regions: 113->110
[2021-11-08T22:47:00.157-0800][gc,heap     ] GC(410) Archive regions: 2->2
[2021-11-08T22:47:00.157-0800][gc,heap     ] GC(410) Humongous regions: 129->129
[2021-11-08T22:47:00.157-0800][gc,metaspace] GC(410) Metaspace: 41033K(41536K)->41033K(41536K) NonClass: 36259K(36544K)->36259K(36544K) Class: 4773K(4992K)->4773K(4992K)
[2021-11-08T22:47:00.157-0800][gc          ] GC(410) Pause Young (Mixed) (G1 Evacuation Pause) 293M->244M(1024M) 16.695ms
[2021-11-08T22:47:00.157-0800][gc,cpu      ] GC(410) User=0.04s Sys=0.01s Real=0.01s
[2021-11-08T22:47:37.944-0800][gc,start    ] GC(411) Pause Young (Normal) (G1 Evacuation Pause)
[2021-11-08T22:47:37.946-0800][gc,task     ] GC(411) Using 8 workers of 8 for evacuation
[2021-11-08T22:47:37.975-0800][gc,mmu      ] GC(411) MMU target violated: 21.0ms (20.0ms/21.0ms)
[2021-11-08T22:47:37.975-0800][gc,phases   ] GC(411)   Pre Evacuate Collection Set: 0.8ms
[2021-11-08T22:47:37.975-0800][gc,phases   ] GC(411)   Merge Heap Roots: 0.3ms
[2021-11-08T22:47:37.975-0800][gc,phases   ] GC(411)   Evacuate Collection Set: 25.5ms
[2021-11-08T22:47:37.975-0800][gc,phases   ] GC(411)   Post Evacuate Collection Set: 1.8ms
[2021-11-08T22:47:37.975-0800][gc,phases   ] GC(411)   Other: 1.8ms
[2021-11-08T22:47:37.975-0800][gc,heap     ] GC(411) Eden regions: 45->0(47)
[2021-11-08T22:47:37.975-0800][gc,heap     ] GC(411) Survivor regions: 6->4(7)
[2021-11-08T22:47:37.975-0800][gc,heap     ] GC(411) Old regions: 110->112
[2021-11-08T22:47:37.975-0800][gc,heap     ] GC(411) Archive regions: 2->2
[2021-11-08T22:47:37.975-0800][gc,heap     ] GC(411) Humongous regions: 129->129
[2021-11-08T22:47:37.975-0800][gc,metaspace] GC(411) Metaspace: 41033K(41536K)->41033K(41536K) NonClass: 36259K(36544K)->36259K(36544K) Class: 4773K(4992K)->4773K(4992K)
[2021-11-08T22:47:37.975-0800][gc          ] GC(411) Pause Young (Normal) (G1 Evacuation Pause) 289M->245M(1024M) 30.401ms
[2021-11-08T22:47:37.975-0800][gc,cpu      ] GC(411) User=0.03s Sys=0.04s Real=0.03s
[2021-11-08T22:48:17.522-0800][gc,start    ] GC(412) Pause Young (Normal) (G1 Evacuation Pause)
[2021-11-08T22:48:17.523-0800][gc,task     ] GC(412) Using 8 workers of 8 for evacuation
[2021-11-08T22:48:17.539-0800][gc,phases   ] GC(412)   Pre Evacuate Collection Set: 0.5ms
[2021-11-08T22:48:17.539-0800][gc,phases   ] GC(412)   Merge Heap Roots: 0.3ms
[2021-11-08T22:48:17.539-0800][gc,phases   ] GC(412)   Evacuate Collection Set: 14.7ms
[2021-11-08T22:48:17.539-0800][gc,phases   ] GC(412)   Post Evacuate Collection Set: 0.4ms
[2021-11-08T22:48:17.539-0800][gc,phases   ] GC(412)   Other: 1.1ms
[2021-11-08T22:48:17.539-0800][gc,heap     ] GC(412) Eden regions: 47->0(46)
[2021-11-08T22:48:17.539-0800][gc,heap     ] GC(412) Survivor regions: 4->5(7)
[2021-11-08T22:48:17.539-0800][gc,heap     ] GC(412) Old regions: 112->112
[2021-11-08T22:48:17.539-0800][gc,heap     ] GC(412) Archive regions: 2->2
[2021-11-08T22:48:17.539-0800][gc,heap     ] GC(412) Humongous regions: 129->129
[2021-11-08T22:48:17.539-0800][gc,metaspace] GC(412) Metaspace: 41033K(41536K)->41033K(41536K) NonClass: 36259K(36544K)->36259K(36544K) Class: 4773K(4992K)->4773K(4992K)
[2021-11-08T22:48:17.539-0800][gc          ] GC(412) Pause Young (Normal) (G1 Evacuation Pause) 292M->245M(1024M) 17.144ms
[2021-11-08T22:48:17.539-0800][gc,cpu      ] GC(412) User=0.04s Sys=0.01s Real=0.01s
[2021-11-08T22:48:56.257-0800][gc,start    ] GC(413) Pause Young (Normal) (G1 Evacuation Pause)
[2021-11-08T22:48:56.258-0800][gc,task     ] GC(413) Using 8 workers of 8 for evacuation
[2021-11-08T22:48:56.278-0800][gc,phases   ] GC(413)   Pre Evacuate Collection Set: 0.9ms
[2021-11-08T22:48:56.278-0800][gc,phases   ] GC(413)   Merge Heap Roots: 0.3ms
[2021-11-08T22:48:56.278-0800][gc,phases   ] GC(413)   Evacuate Collection Set: 16.4ms
[2021-11-08T22:48:56.278-0800][gc,phases   ] GC(413)   Post Evacuate Collection Set: 2.1ms
[2021-11-08T22:48:56.278-0800][gc,phases   ] GC(413)   Other: 2.0ms
[2021-11-08T22:48:56.278-0800][gc,heap     ] GC(413) Eden regions: 46->0(45)
[2021-11-08T22:48:56.278-0800][gc,heap     ] GC(413) Survivor regions: 5->6(7)
[2021-11-08T22:48:56.279-0800][gc,heap     ] GC(413) Old regions: 112->113
[2021-11-08T22:48:56.279-0800][gc,heap     ] GC(413) Archive regions: 2->2
[2021-11-08T22:48:56.279-0800][gc,heap     ] GC(413) Humongous regions: 129->129
[2021-11-08T22:48:56.279-0800][gc,metaspace] GC(413) Metaspace: 41033K(41536K)->41033K(41536K) NonClass: 36259K(36544K)->36259K(36544K) Class: 4773K(4992K)->4773K(4992K)
[2021-11-08T22:48:56.279-0800][gc          ] GC(413) Pause Young (Normal) (G1 Evacuation Pause) 291M->247M(1024M) 22.006ms
[2021-11-08T22:48:56.279-0800][gc,cpu      ] GC(413) User=0.04s Sys=0.03s Real=0.02s
[2021-11-08T22:49:34.208-0800][gc,start    ] GC(414) Pause Young (Normal) (G1 Evacuation Pause)
[2021-11-08T22:49:34.209-0800][gc,task     ] GC(414) Using 8 workers of 8 for evacuation
[2021-11-08T22:49:34.229-0800][gc,phases   ] GC(414)   Pre Evacuate Collection Set: 0.4ms
[2021-11-08T22:49:34.229-0800][gc,phases   ] GC(414)   Merge Heap Roots: 0.2ms
[2021-11-08T22:49:34.229-0800][gc,phases   ] GC(414)   Evacuate Collection Set: 18.4ms
[2021-11-08T22:49:34.229-0800][gc,phases   ] GC(414)   Post Evacuate Collection Set: 0.5ms
[2021-11-08T22:49:34.229-0800][gc,phases   ] GC(414)   Other: 2.0ms
[2021-11-08T22:49:34.229-0800][gc,heap     ] GC(414) Eden regions: 45->0(62)
[2021-11-08T22:49:34.229-0800][gc,heap     ] GC(414) Survivor regions: 6->4(7)
[2021-11-08T22:49:34.229-0800][gc,heap     ] GC(414) Old regions: 113->116
[2021-11-08T22:49:34.229-0800][gc,heap     ] GC(414) Archive regions: 2->2
[2021-11-08T22:49:34.229-0800][gc,heap     ] GC(414) Humongous regions: 129->129
[2021-11-08T22:49:34.229-0800][gc,metaspace] GC(414) Metaspace: 41033K(41536K)->41033K(41536K) NonClass: 36259K(36544K)->36259K(36544K) Class: 4773K(4992K)->4773K(4992K)
[2021-11-08T22:49:34.229-0800][gc          ] GC(414) Pause Young (Normal) (G1 Evacuation Pause) 292M->248M(1024M) 21.610ms
[2021-11-08T22:49:34.229-0800][gc,cpu      ] GC(414) User=0.04s Sys=0.03s Real=0.02s
[2021-11-08T22:50:20.249-0800][gc,start    ] GC(415) Pause Young (Normal) (G1 Evacuation Pause)
[2021-11-08T22:50:20.251-0800][gc,task     ] GC(415) Using 8 workers of 8 for evacuation
[2021-11-08T22:50:20.270-0800][gc,phases   ] GC(415)   Pre Evacuate Collection Set: 1.5ms
[2021-11-08T22:50:20.270-0800][gc,phases   ] GC(415)   Merge Heap Roots: 0.4ms
[2021-11-08T22:50:20.270-0800][gc,phases   ] GC(415)   Evacuate Collection Set: 14.5ms
[2021-11-08T22:50:20.270-0800][gc,phases   ] GC(415)   Post Evacuate Collection Set: 1.8ms
[2021-11-08T22:50:20.270-0800][gc,phases   ] GC(415)   Other: 2.6ms
[2021-11-08T22:50:20.270-0800][gc,heap     ] GC(415) Eden regions: 55->0(91)
[2021-11-08T22:50:20.270-0800][gc,heap     ] GC(415) Survivor regions: 4->4(8)
[2021-11-08T22:50:20.270-0800][gc,heap     ] GC(415) Old regions: 116->116
[2021-11-08T22:50:20.270-0800][gc,heap     ] GC(415) Archive regions: 2->2
[2021-11-08T22:50:20.270-0800][gc,heap     ] GC(415) Humongous regions: 129->129
[2021-11-08T22:50:20.270-0800][gc,metaspace] GC(415) Metaspace: 41033K(41536K)->41033K(41536K) NonClass: 36259K(36544K)->36259K(36544K) Class: 4773K(4992K)->4773K(4992K)
[2021-11-08T22:50:20.270-0800][gc          ] GC(415) Pause Young (Normal) (G1 Evacuation Pause) 303M->248M(1024M) 20.974ms
[2021-11-08T22:50:20.270-0800][gc,cpu      ] GC(415) User=0.03s Sys=0.03s Real=0.03s
[2021-11-08T22:58:38.761-0800][gc,start    ] GC(416) Pause Young (Normal) (G1 Evacuation Pause)
[2021-11-08T22:58:38.761-0800][gc,task     ] GC(416) Using 8 workers of 8 for evacuation
[2021-11-08T22:58:38.831-0800][gc,mmu      ] GC(416) MMU target violated: 21.0ms (20.0ms/21.0ms)
[2021-11-08T22:58:38.831-0800][gc,phases   ] GC(416)   Pre Evacuate Collection Set: 1.9ms
[2021-11-08T22:58:38.831-0800][gc,phases   ] GC(416)   Merge Heap Roots: 1.1ms
[2021-11-08T22:58:38.831-0800][gc,phases   ] GC(416)   Evacuate Collection Set: 61.1ms
[2021-11-08T22:58:38.831-0800][gc,phases   ] GC(416)   Post Evacuate Collection Set: 4.9ms
[2021-11-08T22:58:38.831-0800][gc,phases   ] GC(416)   Other: 1.6ms
[2021-11-08T22:58:38.831-0800][gc,heap     ] GC(416) Eden regions: 91->0(41)
[2021-11-08T22:58:38.831-0800][gc,heap     ] GC(416) Survivor regions: 4->10(12)
[2021-11-08T22:58:38.831-0800][gc,heap     ] GC(416) Old regions: 116->116
[2021-11-08T22:58:38.831-0800][gc,heap     ] GC(416) Archive regions: 2->2
[2021-11-08T22:58:38.831-0800][gc,heap     ] GC(416) Humongous regions: 129->129
[2021-11-08T22:58:38.831-0800][gc,metaspace] GC(416) Metaspace: 41033K(41536K)->41033K(41536K) NonClass: 36259K(36544K)->36259K(36544K) Class: 4773K(4992K)->4773K(4992K)
[2021-11-08T22:58:38.831-0800][gc          ] GC(416) Pause Young (Normal) (G1 Evacuation Pause) 339M->254M(1024M) 70.559ms
[2021-11-08T22:58:38.831-0800][gc,cpu      ] GC(416) User=0.07s Sys=0.10s Real=0.07s
[2021-11-08T23:03:21.854-0800][gc,start    ] GC(417) Pause Young (Normal) (G1 Evacuation Pause)
[2021-11-08T23:03:21.856-0800][gc,task     ] GC(417) Using 8 workers of 8 for evacuation
[2021-11-08T23:03:21.914-0800][gc,mmu      ] GC(417) MMU target violated: 21.0ms (20.0ms/21.0ms)
[2021-11-08T23:03:21.914-0800][gc,phases   ] GC(417)   Pre Evacuate Collection Set: 1.2ms
[2021-11-08T23:03:21.914-0800][gc,phases   ] GC(417)   Merge Heap Roots: 0.3ms
[2021-11-08T23:03:21.914-0800][gc,phases   ] GC(417)   Evacuate Collection Set: 54.6ms
[2021-11-08T23:03:21.914-0800][gc,phases   ] GC(417)   Post Evacuate Collection Set: 1.5ms
[2021-11-08T23:03:21.914-0800][gc,phases   ] GC(417)   Other: 2.1ms
[2021-11-08T23:03:21.914-0800][gc,heap     ] GC(417) Eden regions: 41->0(45)
[2021-11-08T23:03:21.914-0800][gc,heap     ] GC(417) Survivor regions: 10->6(7)
[2021-11-08T23:03:21.914-0800][gc,heap     ] GC(417) Old regions: 116->123
[2021-11-08T23:03:21.914-0800][gc,heap     ] GC(417) Archive regions: 2->2
[2021-11-08T23:03:21.914-0800][gc,heap     ] GC(417) Humongous regions: 129->129
[2021-11-08T23:03:21.914-0800][gc,metaspace] GC(417) Metaspace: 41035K(41536K)->41035K(41536K) NonClass: 36261K(36544K)->36261K(36544K) Class: 4773K(4992K)->4773K(4992K)
[2021-11-08T23:03:21.914-0800][gc          ] GC(417) Pause Young (Normal) (G1 Evacuation Pause) 295M->258M(1024M) 59.741ms
[2021-11-08T23:03:21.914-0800][gc,cpu      ] GC(417) User=0.08s Sys=0.08s Real=0.06s
[2021-11-08T23:08:31.839-0800][gc,start    ] GC(418) Pause Young (Normal) (G1 Evacuation Pause)
[2021-11-08T23:08:31.840-0800][gc,task     ] GC(418) Using 8 workers of 8 for evacuation
[2021-11-08T23:08:31.868-0800][gc,mmu      ] GC(418) MMU target violated: 21.0ms (20.0ms/21.0ms)
[2021-11-08T23:08:31.868-0800][gc,phases   ] GC(418)   Pre Evacuate Collection Set: 1.0ms
[2021-11-08T23:08:31.868-0800][gc,phases   ] GC(418)   Merge Heap Roots: 0.3ms
[2021-11-08T23:08:31.868-0800][gc,phases   ] GC(418)   Evacuate Collection Set: 24.7ms
[2021-11-08T23:08:31.868-0800][gc,phases   ] GC(418)   Post Evacuate Collection Set: 1.5ms
[2021-11-08T23:08:31.868-0800][gc,phases   ] GC(418)   Other: 2.3ms
[2021-11-08T23:08:31.868-0800][gc,heap     ] GC(418) Eden regions: 45->0(45)
[2021-11-08T23:08:31.868-0800][gc,heap     ] GC(418) Survivor regions: 6->6(7)
[2021-11-08T23:08:31.868-0800][gc,heap     ] GC(418) Old regions: 123->127
[2021-11-08T23:08:31.868-0800][gc,heap     ] GC(418) Archive regions: 2->2
[2021-11-08T23:08:31.868-0800][gc,heap     ] GC(418) Humongous regions: 129->129
[2021-11-08T23:08:31.868-0800][gc,metaspace] GC(418) Metaspace: 41035K(41536K)->41035K(41536K) NonClass: 36261K(36544K)->36261K(36544K) Class: 4773K(4992K)->4773K(4992K)
[2021-11-08T23:08:31.869-0800][gc          ] GC(418) Pause Young (Normal) (G1 Evacuation Pause) 303M->262M(1024M) 29.830ms
[2021-11-08T23:08:31.869-0800][gc,cpu      ] GC(418) User=0.06s Sys=0.05s Real=0.03s
[2021-11-08T23:13:20.960-0800][gc,start    ] GC(419) Pause Young (Normal) (G1 Evacuation Pause)
[2021-11-08T23:13:20.962-0800][gc,task     ] GC(419) Using 8 workers of 8 for evacuation
[2021-11-08T23:13:21.002-0800][gc,mmu      ] GC(419) MMU target violated: 21.0ms (20.0ms/21.0ms)
[2021-11-08T23:13:21.002-0800][gc,phases   ] GC(419)   Pre Evacuate Collection Set: 1.7ms
[2021-11-08T23:13:21.002-0800][gc,phases   ] GC(419)   Merge Heap Roots: 0.6ms
[2021-11-08T23:13:21.002-0800][gc,phases   ] GC(419)   Evacuate Collection Set: 35.2ms
[2021-11-08T23:13:21.002-0800][gc,phases   ] GC(419)   Post Evacuate Collection Set: 1.9ms
[2021-11-08T23:13:21.002-0800][gc,phases   ] GC(419)   Other: 2.6ms
[2021-11-08T23:13:21.002-0800][gc,heap     ] GC(419) Eden regions: 45->0(45)
[2021-11-08T23:13:21.002-0800][gc,heap     ] GC(419) Survivor regions: 6->6(7)
[2021-11-08T23:13:21.002-0800][gc,heap     ] GC(419) Old regions: 127->132
[2021-11-08T23:13:21.002-0800][gc,heap     ] GC(419) Archive regions: 2->2
[2021-11-08T23:13:21.002-0800][gc,heap     ] GC(419) Humongous regions: 129->129
[2021-11-08T23:13:21.002-0800][gc,metaspace] GC(419) Metaspace: 41035K(41536K)->41035K(41536K) NonClass: 36261K(36544K)->36261K(36544K) Class: 4773K(4992K)->4773K(4992K)
[2021-11-08T23:13:21.002-0800][gc          ] GC(419) Pause Young (Normal) (G1 Evacuation Pause) 307M->267M(1024M) 42.040ms
[2021-11-08T23:13:21.002-0800][gc,cpu      ] GC(419) User=0.07s Sys=0.10s Real=0.04s
[2021-11-08T23:18:37.015-0800][gc,start    ] GC(420) Pause Young (Normal) (G1 Evacuation Pause)
[2021-11-08T23:18:37.016-0800][gc,task     ] GC(420) Using 8 workers of 8 for evacuation
[2021-11-08T23:18:37.063-0800][gc,mmu      ] GC(420) MMU target violated: 21.0ms (20.0ms/21.0ms)
[2021-11-08T23:18:37.063-0800][gc,phases   ] GC(420)   Pre Evacuate Collection Set: 0.9ms
[2021-11-08T23:18:37.063-0800][gc,phases   ] GC(420)   Merge Heap Roots: 0.3ms
[2021-11-08T23:18:37.063-0800][gc,phases   ] GC(420)   Evacuate Collection Set: 41.5ms
[2021-11-08T23:18:37.063-0800][gc,phases   ] GC(420)   Post Evacuate Collection Set: 3.0ms
[2021-11-08T23:18:37.063-0800][gc,phases   ] GC(420)   Other: 1.6ms
[2021-11-08T23:18:37.063-0800][gc,heap     ] GC(420) Eden regions: 45->0(48)
[2021-11-08T23:18:37.063-0800][gc,heap     ] GC(420) Survivor regions: 6->3(7)
[2021-11-08T23:18:37.063-0800][gc,heap     ] GC(420) Old regions: 132->136
[2021-11-08T23:18:37.063-0800][gc,heap     ] GC(420) Archive regions: 2->2
[2021-11-08T23:18:37.063-0800][gc,heap     ] GC(420) Humongous regions: 129->129
[2021-11-08T23:18:37.063-0800][gc,metaspace] GC(420) Metaspace: 41035K(41536K)->41035K(41536K) NonClass: 36261K(36544K)->36261K(36544K) Class: 4773K(4992K)->4773K(4992K)
[2021-11-08T23:18:37.063-0800][gc          ] GC(420) Pause Young (Normal) (G1 Evacuation Pause) 312M->267M(1024M) 47.443ms
[2021-11-08T23:18:37.063-0800][gc,cpu      ] GC(420) User=0.04s Sys=0.07s Real=0.05s
[2021-11-08T23:24:11.163-0800][gc,start    ] GC(421) Pause Young (Normal) (G1 Evacuation Pause)
[2021-11-08T23:24:11.165-0800][gc,task     ] GC(421) Using 8 workers of 8 for evacuation
[2021-11-08T23:24:11.193-0800][gc,mmu      ] GC(421) MMU target violated: 21.0ms (20.0ms/21.0ms)
[2021-11-08T23:24:11.193-0800][gc,phases   ] GC(421)   Pre Evacuate Collection Set: 0.9ms
[2021-11-08T23:24:11.193-0800][gc,phases   ] GC(421)   Merge Heap Roots: 0.2ms
[2021-11-08T23:24:11.193-0800][gc,phases   ] GC(421)   Evacuate Collection Set: 24.7ms
[2021-11-08T23:24:11.193-0800][gc,phases   ] GC(421)   Post Evacuate Collection Set: 2.0ms
[2021-11-08T23:24:11.193-0800][gc,phases   ] GC(421)   Other: 2.1ms
[2021-11-08T23:24:11.193-0800][gc,heap     ] GC(421) Eden regions: 48->0(44)
[2021-11-08T23:24:11.193-0800][gc,heap     ] GC(421) Survivor regions: 3->7(7)
[2021-11-08T23:24:11.193-0800][gc,heap     ] GC(421) Old regions: 136->136
[2021-11-08T23:24:11.193-0800][gc,heap     ] GC(421) Archive regions: 2->2
[2021-11-08T23:24:11.193-0800][gc,heap     ] GC(421) Humongous regions: 129->129
[2021-11-08T23:24:11.193-0800][gc,metaspace] GC(421) Metaspace: 41035K(41536K)->41035K(41536K) NonClass: 36261K(36544K)->36261K(36544K) Class: 4773K(4992K)->4773K(4992K)
[2021-11-08T23:24:11.193-0800][gc          ] GC(421) Pause Young (Normal) (G1 Evacuation Pause) 315M->272M(1024M) 30.117ms
[2021-11-08T23:24:11.193-0800][gc,cpu      ] GC(421) User=0.04s Sys=0.03s Real=0.03s
[2021-11-08T23:29:15.647-0800][gc,start    ] GC(422) Pause Young (Normal) (G1 Evacuation Pause)
[2021-11-08T23:29:15.649-0800][gc,task     ] GC(422) Using 8 workers of 8 for evacuation
[2021-11-08T23:29:15.681-0800][gc,mmu      ] GC(422) MMU target violated: 21.0ms (20.0ms/21.0ms)
[2021-11-08T23:29:15.681-0800][gc,phases   ] GC(422)   Pre Evacuate Collection Set: 1.2ms
[2021-11-08T23:29:15.681-0800][gc,phases   ] GC(422)   Merge Heap Roots: 0.5ms
[2021-11-08T23:29:15.681-0800][gc,phases   ] GC(422)   Evacuate Collection Set: 27.1ms
[2021-11-08T23:29:15.681-0800][gc,phases   ] GC(422)   Post Evacuate Collection Set: 2.6ms
[2021-11-08T23:29:15.681-0800][gc,phases   ] GC(422)   Other: 2.3ms
[2021-11-08T23:29:15.681-0800][gc,heap     ] GC(422) Eden regions: 44->0(45)
[2021-11-08T23:29:15.681-0800][gc,heap     ] GC(422) Survivor regions: 7->6(7)
[2021-11-08T23:29:15.681-0800][gc,heap     ] GC(422) Old regions: 136->141
[2021-11-08T23:29:15.681-0800][gc,heap     ] GC(422) Archive regions: 2->2
[2021-11-08T23:29:15.681-0800][gc,heap     ] GC(422) Humongous regions: 129->129
[2021-11-08T23:29:15.681-0800][gc,metaspace] GC(422) Metaspace: 41035K(41536K)->41035K(41536K) NonClass: 36261K(36544K)->36261K(36544K) Class: 4773K(4992K)->4773K(4992K)
[2021-11-08T23:29:15.682-0800][gc          ] GC(422) Pause Young (Normal) (G1 Evacuation Pause) 316M->276M(1024M) 33.774ms
[2021-11-08T23:29:15.682-0800][gc,cpu      ] GC(422) User=0.06s Sys=0.06s Real=0.04s
[2021-11-08T23:34:28.448-0800][gc,start    ] GC(423) Pause Young (Normal) (G1 Evacuation Pause)
[2021-11-08T23:34:28.449-0800][gc,task     ] GC(423) Using 8 workers of 8 for evacuation
[2021-11-08T23:34:28.500-0800][gc,mmu      ] GC(423) MMU target violated: 21.0ms (20.0ms/21.0ms)
[2021-11-08T23:34:28.501-0800][gc,phases   ] GC(423)   Pre Evacuate Collection Set: 1.9ms
[2021-11-08T23:34:28.501-0800][gc,phases   ] GC(423)   Merge Heap Roots: 0.4ms
[2021-11-08T23:34:28.501-0800][gc,phases   ] GC(423)   Evacuate Collection Set: 43.6ms
[2021-11-08T23:34:28.501-0800][gc,phases   ] GC(423)   Post Evacuate Collection Set: 4.7ms
[2021-11-08T23:34:28.501-0800][gc,phases   ] GC(423)   Other: 2.2ms
[2021-11-08T23:34:28.501-0800][gc,heap     ] GC(423) Eden regions: 45->0(45)
[2021-11-08T23:34:28.501-0800][gc,heap     ] GC(423) Survivor regions: 6->6(7)
[2021-11-08T23:34:28.501-0800][gc,heap     ] GC(423) Old regions: 141->146
[2021-11-08T23:34:28.501-0800][gc,heap     ] GC(423) Archive regions: 2->2
[2021-11-08T23:34:28.501-0800][gc,heap     ] GC(423) Humongous regions: 129->129
[2021-11-08T23:34:28.501-0800][gc,metaspace] GC(423) Metaspace: 41035K(41536K)->41035K(41536K) NonClass: 36261K(36544K)->36261K(36544K) Class: 4773K(4992K)->4773K(4992K)
[2021-11-08T23:34:28.501-0800][gc          ] GC(423) Pause Young (Normal) (G1 Evacuation Pause) 321M->280M(1024M) 52.785ms
[2021-11-08T23:34:28.501-0800][gc,cpu      ] GC(423) User=0.07s Sys=0.06s Real=0.06s
[2021-11-08T23:39:41.064-0800][gc,start    ] GC(424) Pause Young (Normal) (G1 Evacuation Pause)
[2021-11-08T23:39:41.066-0800][gc,task     ] GC(424) Using 8 workers of 8 for evacuation
[2021-11-08T23:39:41.116-0800][gc,mmu      ] GC(424) MMU target violated: 21.0ms (20.0ms/21.0ms)
[2021-11-08T23:39:41.116-0800][gc,phases   ] GC(424)   Pre Evacuate Collection Set: 1.9ms
[2021-11-08T23:39:41.116-0800][gc,phases   ] GC(424)   Merge Heap Roots: 0.4ms
[2021-11-08T23:39:41.116-0800][gc,phases   ] GC(424)   Evacuate Collection Set: 45.3ms
[2021-11-08T23:39:41.116-0800][gc,phases   ] GC(424)   Post Evacuate Collection Set: 1.9ms
[2021-11-08T23:39:41.116-0800][gc,phases   ] GC(424)   Other: 2.7ms
[2021-11-08T23:39:41.116-0800][gc,heap     ] GC(424) Eden regions: 45->0(45)
[2021-11-08T23:39:41.117-0800][gc,heap     ] GC(424) Survivor regions: 6->6(7)
[2021-11-08T23:39:41.117-0800][gc,heap     ] GC(424) Old regions: 146->151
[2021-11-08T23:39:41.117-0800][gc,heap     ] GC(424) Archive regions: 2->2
[2021-11-08T23:39:41.117-0800][gc,heap     ] GC(424) Humongous regions: 129->129
[2021-11-08T23:39:41.117-0800][gc,metaspace] GC(424) Metaspace: 41035K(41536K)->41035K(41536K) NonClass: 36261K(36544K)->36261K(36544K) Class: 4773K(4992K)->4773K(4992K)
[2021-11-08T23:39:41.117-0800][gc          ] GC(424) Pause Young (Normal) (G1 Evacuation Pause) 325M->285M(1024M) 52.271ms
[2021-11-08T23:39:41.117-0800][gc,cpu      ] GC(424) User=0.07s Sys=0.07s Real=0.05s
[2021-11-08T23:44:52.591-0800][gc,start    ] GC(425) Pause Young (Normal) (G1 Evacuation Pause)
[2021-11-08T23:44:52.592-0800][gc,task     ] GC(425) Using 8 workers of 8 for evacuation
[2021-11-08T23:44:52.651-0800][gc,mmu      ] GC(425) MMU target violated: 21.0ms (20.0ms/21.0ms)
[2021-11-08T23:44:52.651-0800][gc,phases   ] GC(425)   Pre Evacuate Collection Set: 0.9ms
[2021-11-08T23:44:52.651-0800][gc,phases   ] GC(425)   Merge Heap Roots: 0.2ms
[2021-11-08T23:44:52.651-0800][gc,phases   ] GC(425)   Evacuate Collection Set: 56.0ms
[2021-11-08T23:44:52.651-0800][gc,phases   ] GC(425)   Post Evacuate Collection Set: 1.9ms
[2021-11-08T23:44:52.651-0800][gc,phases   ] GC(425)   Other: 1.3ms
[2021-11-08T23:44:52.651-0800][gc,heap     ] GC(425) Eden regions: 45->0(45)
[2021-11-08T23:44:52.651-0800][gc,heap     ] GC(425) Survivor regions: 6->6(7)
[2021-11-08T23:44:52.651-0800][gc,heap     ] GC(425) Old regions: 151->155
[2021-11-08T23:44:52.651-0800][gc,heap     ] GC(425) Archive regions: 2->2
[2021-11-08T23:44:52.651-0800][gc,heap     ] GC(425) Humongous regions: 129->129
[2021-11-08T23:44:52.651-0800][gc,metaspace] GC(425) Metaspace: 41035K(41536K)->41035K(41536K) NonClass: 36261K(36544K)->36261K(36544K) Class: 4773K(4992K)->4773K(4992K)
[2021-11-08T23:44:52.651-0800][gc          ] GC(425) Pause Young (Normal) (G1 Evacuation Pause) 330M->290M(1024M) 60.498ms
[2021-11-08T23:44:52.651-0800][gc,cpu      ] GC(425) User=0.06s Sys=0.06s Real=0.06s
[2021-11-08T23:46:23.997-0800][gc,start    ] GC(426) Pause Young (Normal) (G1 Evacuation Pause)
[2021-11-08T23:46:23.998-0800][gc,task     ] GC(426) Using 8 workers of 8 for evacuation
[2021-11-08T23:46:24.046-0800][gc,mmu      ] GC(426) MMU target violated: 21.0ms (20.0ms/21.0ms)
[2021-11-08T23:46:24.046-0800][gc,phases   ] GC(426)   Pre Evacuate Collection Set: 1.1ms
[2021-11-08T23:46:24.046-0800][gc,phases   ] GC(426)   Merge Heap Roots: 6.5ms
[2021-11-08T23:46:24.046-0800][gc,phases   ] GC(426)   Evacuate Collection Set: 37.7ms
[2021-11-08T23:46:24.046-0800][gc,phases   ] GC(426)   Post Evacuate Collection Set: 1.8ms
[2021-11-08T23:46:24.046-0800][gc,phases   ] GC(426)   Other: 2.1ms
[2021-11-08T23:46:24.046-0800][gc,heap     ] GC(426) Eden regions: 45->0(45)
[2021-11-08T23:46:24.046-0800][gc,heap     ] GC(426) Survivor regions: 6->6(7)
[2021-11-08T23:46:24.046-0800][gc,heap     ] GC(426) Old regions: 155->160
[2021-11-08T23:46:24.046-0800][gc,heap     ] GC(426) Archive regions: 2->2
[2021-11-08T23:46:24.046-0800][gc,heap     ] GC(426) Humongous regions: 129->129
[2021-11-08T23:46:24.046-0800][gc,metaspace] GC(426) Metaspace: 41035K(41536K)->41035K(41536K) NonClass: 36261K(36544K)->36261K(36544K) Class: 4773K(4992K)->4773K(4992K)
[2021-11-08T23:46:24.046-0800][gc          ] GC(426) Pause Young (Normal) (G1 Evacuation Pause) 335M->294M(1024M) 49.439ms
[2021-11-08T23:46:24.046-0800][gc,cpu      ] GC(426) User=0.06s Sys=0.06s Real=0.05s
[2021-11-08T23:47:01.574-0800][gc,start    ] GC(427) Pause Young (Normal) (G1 Evacuation Pause)
[2021-11-08T23:47:01.575-0800][gc,task     ] GC(427) Using 8 workers of 8 for evacuation
[2021-11-08T23:47:01.613-0800][gc,mmu      ] GC(427) MMU target violated: 21.0ms (20.0ms/21.0ms)
[2021-11-08T23:47:01.613-0800][gc,phases   ] GC(427)   Pre Evacuate Collection Set: 0.6ms
[2021-11-08T23:47:01.613-0800][gc,phases   ] GC(427)   Merge Heap Roots: 0.1ms
[2021-11-08T23:47:01.613-0800][gc,phases   ] GC(427)   Evacuate Collection Set: 35.6ms
[2021-11-08T23:47:01.613-0800][gc,phases   ] GC(427)   Post Evacuate Collection Set: 1.6ms
[2021-11-08T23:47:01.613-0800][gc,phases   ] GC(427)   Other: 1.1ms
[2021-11-08T23:47:01.613-0800][gc,heap     ] GC(427) Eden regions: 45->0(48)
[2021-11-08T23:47:01.614-0800][gc,heap     ] GC(427) Survivor regions: 6->3(7)
[2021-11-08T23:47:01.614-0800][gc,heap     ] GC(427) Old regions: 160->164
[2021-11-08T23:47:01.614-0800][gc,heap     ] GC(427) Archive regions: 2->2
[2021-11-08T23:47:01.614-0800][gc,heap     ] GC(427) Humongous regions: 129->129
[2021-11-08T23:47:01.614-0800][gc,metaspace] GC(427) Metaspace: 41035K(41536K)->41035K(41536K) NonClass: 36261K(36544K)->36261K(36544K) Class: 4773K(4992K)->4773K(4992K)
[2021-11-08T23:47:01.614-0800][gc          ] GC(427) Pause Young (Normal) (G1 Evacuation Pause) 339M->296M(1024M) 39.223ms
[2021-11-08T23:47:01.614-0800][gc,cpu      ] GC(427) User=0.04s Sys=0.03s Real=0.04s
[2021-11-08T23:47:41.533-0800][gc,start    ] GC(428) Pause Young (Normal) (G1 Evacuation Pause)
[2021-11-08T23:47:41.534-0800][gc,task     ] GC(428) Using 8 workers of 8 for evacuation
[2021-11-08T23:47:41.554-0800][gc,mmu      ] GC(428) MMU target violated: 20.3ms (20.0ms/21.0ms)
[2021-11-08T23:47:41.554-0800][gc,phases   ] GC(428)   Pre Evacuate Collection Set: 0.8ms
[2021-11-08T23:47:41.554-0800][gc,phases   ] GC(428)   Merge Heap Roots: 0.4ms
[2021-11-08T23:47:41.554-0800][gc,phases   ] GC(428)   Evacuate Collection Set: 17.5ms
[2021-11-08T23:47:41.554-0800][gc,phases   ] GC(428)   Post Evacuate Collection Set: 1.7ms
[2021-11-08T23:47:41.554-0800][gc,phases   ] GC(428)   Other: 1.1ms
[2021-11-08T23:47:41.554-0800][gc,heap     ] GC(428) Eden regions: 48->0(47)
[2021-11-08T23:47:41.554-0800][gc,heap     ] GC(428) Survivor regions: 3->4(7)
[2021-11-08T23:47:41.554-0800][gc,heap     ] GC(428) Old regions: 164->164
[2021-11-08T23:47:41.554-0800][gc,heap     ] GC(428) Archive regions: 2->2
[2021-11-08T23:47:41.555-0800][gc,heap     ] GC(428) Humongous regions: 129->129
[2021-11-08T23:47:41.555-0800][gc,metaspace] GC(428) Metaspace: 41035K(41536K)->41035K(41536K) NonClass: 36261K(36544K)->36261K(36544K) Class: 4773K(4992K)->4773K(4992K)
[2021-11-08T23:47:41.555-0800][gc          ] GC(428) Pause Young (Normal) (G1 Evacuation Pause) 344M->296M(1024M) 21.593ms
[2021-11-08T23:47:41.555-0800][gc,cpu      ] GC(428) User=0.03s Sys=0.03s Real=0.02s
[2021-11-08T23:48:21.132-0800][gc,start    ] GC(429) Pause Young (Normal) (G1 Evacuation Pause)
[2021-11-08T23:48:21.134-0800][gc,task     ] GC(429) Using 8 workers of 8 for evacuation
[2021-11-08T23:48:21.161-0800][gc,mmu      ] GC(429) MMU target violated: 21.0ms (20.0ms/21.0ms)
[2021-11-08T23:48:21.161-0800][gc,phases   ] GC(429)   Pre Evacuate Collection Set: 1.4ms
[2021-11-08T23:48:21.161-0800][gc,phases   ] GC(429)   Merge Heap Roots: 0.4ms
[2021-11-08T23:48:21.161-0800][gc,phases   ] GC(429)   Evacuate Collection Set: 22.8ms
[2021-11-08T23:48:21.161-0800][gc,phases   ] GC(429)   Post Evacuate Collection Set: 1.8ms
[2021-11-08T23:48:21.161-0800][gc,phases   ] GC(429)   Other: 2.6ms
[2021-11-08T23:48:21.161-0800][gc,heap     ] GC(429) Eden regions: 47->0(45)
[2021-11-08T23:48:21.161-0800][gc,heap     ] GC(429) Survivor regions: 4->6(7)
[2021-11-08T23:48:21.161-0800][gc,heap     ] GC(429) Old regions: 164->164
[2021-11-08T23:48:21.161-0800][gc,heap     ] GC(429) Archive regions: 2->2
[2021-11-08T23:48:21.161-0800][gc,heap     ] GC(429) Humongous regions: 129->129
[2021-11-08T23:48:21.162-0800][gc,metaspace] GC(429) Metaspace: 41035K(41536K)->41035K(41536K) NonClass: 36261K(36544K)->36261K(36544K) Class: 4773K(4992K)->4773K(4992K)
[2021-11-08T23:48:21.162-0800][gc          ] GC(429) Pause Young (Normal) (G1 Evacuation Pause) 343M->299M(1024M) 29.135ms
[2021-11-08T23:48:21.162-0800][gc,cpu      ] GC(429) User=0.04s Sys=0.05s Real=0.03s
[2021-11-08T23:48:58.881-0800][gc,start    ] GC(430) Pause Young (Normal) (G1 Evacuation Pause)
[2021-11-08T23:48:58.882-0800][gc,task     ] GC(430) Using 8 workers of 8 for evacuation
[2021-11-08T23:48:58.911-0800][gc,mmu      ] GC(430) MMU target violated: 21.0ms (20.0ms/21.0ms)
[2021-11-08T23:48:58.911-0800][gc,phases   ] GC(430)   Pre Evacuate Collection Set: 0.7ms
[2021-11-08T23:48:58.911-0800][gc,phases   ] GC(430)   Merge Heap Roots: 0.3ms
[2021-11-08T23:48:58.911-0800][gc,phases   ] GC(430)   Evacuate Collection Set: 27.3ms
[2021-11-08T23:48:58.911-0800][gc,phases   ] GC(430)   Post Evacuate Collection Set: 0.7ms
[2021-11-08T23:48:58.911-0800][gc,phases   ] GC(430)   Other: 1.1ms
[2021-11-08T23:48:58.911-0800][gc,heap     ] GC(430) Eden regions: 45->0(47)
[2021-11-08T23:48:58.911-0800][gc,heap     ] GC(430) Survivor regions: 6->4(7)
[2021-11-08T23:48:58.911-0800][gc,heap     ] GC(430) Old regions: 164->167
[2021-11-08T23:48:58.911-0800][gc,heap     ] GC(430) Archive regions: 2->2
[2021-11-08T23:48:58.911-0800][gc,heap     ] GC(430) Humongous regions: 129->129
[2021-11-08T23:48:58.911-0800][gc,metaspace] GC(430) Metaspace: 41035K(41536K)->41035K(41536K) NonClass: 36261K(36544K)->36261K(36544K) Class: 4773K(4992K)->4773K(4992K)
[2021-11-08T23:48:58.911-0800][gc          ] GC(430) Pause Young (Normal) (G1 Evacuation Pause) 344M->299M(1024M) 30.197ms
[2021-11-08T23:48:58.911-0800][gc,cpu      ] GC(430) User=0.05s Sys=0.02s Real=0.03s
[2021-11-08T23:49:38.450-0800][gc,start    ] GC(431) Pause Young (Normal) (G1 Evacuation Pause)
[2021-11-08T23:49:38.451-0800][gc,task     ] GC(431) Using 8 workers of 8 for evacuation
[2021-11-08T23:49:38.466-0800][gc,phases   ] GC(431)   Pre Evacuate Collection Set: 0.4ms
[2021-11-08T23:49:38.466-0800][gc,phases   ] GC(431)   Merge Heap Roots: 0.2ms
[2021-11-08T23:49:38.466-0800][gc,phases   ] GC(431)   Evacuate Collection Set: 13.2ms
[2021-11-08T23:49:38.466-0800][gc,phases   ] GC(431)   Post Evacuate Collection Set: 0.5ms
[2021-11-08T23:49:38.466-0800][gc,phases   ] GC(431)   Other: 2.1ms
[2021-11-08T23:49:38.466-0800][gc,heap     ] GC(431) Eden regions: 47->0(47)
[2021-11-08T23:49:38.466-0800][gc,heap     ] GC(431) Survivor regions: 4->4(7)
[2021-11-08T23:49:38.466-0800][gc,heap     ] GC(431) Old regions: 167->167
[2021-11-08T23:49:38.466-0800][gc,heap     ] GC(431) Archive regions: 2->2
[2021-11-08T23:49:38.466-0800][gc,heap     ] GC(431) Humongous regions: 129->129
[2021-11-08T23:49:38.466-0800][gc,metaspace] GC(431) Metaspace: 41035K(41536K)->41035K(41536K) NonClass: 36261K(36544K)->36261K(36544K) Class: 4773K(4992K)->4773K(4992K)
[2021-11-08T23:49:38.466-0800][gc          ] GC(431) Pause Young (Normal) (G1 Evacuation Pause) 346M->300M(1024M) 16.642ms
[2021-11-08T23:49:38.466-0800][gc,cpu      ] GC(431) User=0.03s Sys=0.01s Real=0.01s
[2021-11-08T23:50:17.917-0800][gc,start    ] GC(432) Pause Young (Normal) (G1 Evacuation Pause)
[2021-11-08T23:50:17.917-0800][gc,task     ] GC(432) Using 8 workers of 8 for evacuation
[2021-11-08T23:50:17.941-0800][gc,mmu      ] GC(432) MMU target violated: 21.0ms (20.0ms/21.0ms)
[2021-11-08T23:50:17.941-0800][gc,phases   ] GC(432)   Pre Evacuate Collection Set: 1.1ms
[2021-11-08T23:50:17.941-0800][gc,phases   ] GC(432)   Merge Heap Roots: 0.3ms
[2021-11-08T23:50:17.941-0800][gc,phases   ] GC(432)   Evacuate Collection Set: 20.3ms
[2021-11-08T23:50:17.941-0800][gc,phases   ] GC(432)   Post Evacuate Collection Set: 1.7ms
[2021-11-08T23:50:17.941-0800][gc,phases   ] GC(432)   Other: 1.3ms
[2021-11-08T23:50:17.941-0800][gc,heap     ] GC(432) Eden regions: 47->0(46)
[2021-11-08T23:50:17.941-0800][gc,heap     ] GC(432) Survivor regions: 4->5(7)
[2021-11-08T23:50:17.941-0800][gc,heap     ] GC(432) Old regions: 167->167
[2021-11-08T23:50:17.941-0800][gc,heap     ] GC(432) Archive regions: 2->2
[2021-11-08T23:50:17.941-0800][gc,heap     ] GC(432) Humongous regions: 129->129
[2021-11-08T23:50:17.941-0800][gc,metaspace] GC(432) Metaspace: 41035K(41536K)->41035K(41536K) NonClass: 36261K(36544K)->36261K(36544K) Class: 4773K(4992K)->4773K(4992K)
[2021-11-08T23:50:17.941-0800][gc          ] GC(432) Pause Young (Normal) (G1 Evacuation Pause) 347M->300M(1024M) 24.868ms
[2021-11-08T23:50:17.942-0800][gc,cpu      ] GC(432) User=0.03s Sys=0.04s Real=0.03s
[2021-11-08T23:50:56.839-0800][gc,start    ] GC(433) Pause Young (Normal) (G1 Evacuation Pause)
[2021-11-08T23:50:56.840-0800][gc,task     ] GC(433) Using 8 workers of 8 for evacuation
[2021-11-08T23:50:56.866-0800][gc,mmu      ] GC(433) MMU target violated: 21.0ms (20.0ms/21.0ms)
[2021-11-08T23:50:56.867-0800][gc,phases   ] GC(433)   Pre Evacuate Collection Set: 0.8ms
[2021-11-08T23:50:56.867-0800][gc,phases   ] GC(433)   Merge Heap Roots: 0.2ms
[2021-11-08T23:50:56.867-0800][gc,phases   ] GC(433)   Evacuate Collection Set: 24.2ms
[2021-11-08T23:50:56.867-0800][gc,phases   ] GC(433)   Post Evacuate Collection Set: 1.2ms
[2021-11-08T23:50:56.867-0800][gc,phases   ] GC(433)   Other: 1.5ms
[2021-11-08T23:50:56.867-0800][gc,heap     ] GC(433) Eden regions: 46->0(45)
[2021-11-08T23:50:56.867-0800][gc,heap     ] GC(433) Survivor regions: 5->6(7)
[2021-11-08T23:50:56.867-0800][gc,heap     ] GC(433) Old regions: 167->168
[2021-11-08T23:50:56.867-0800][gc,heap     ] GC(433) Archive regions: 2->2
[2021-11-08T23:50:56.867-0800][gc,heap     ] GC(433) Humongous regions: 129->129
[2021-11-08T23:50:56.867-0800][gc,metaspace] GC(433) Metaspace: 41035K(41536K)->41035K(41536K) NonClass: 36261K(36544K)->36261K(36544K) Class: 4773K(4992K)->4773K(4992K)
[2021-11-08T23:50:56.867-0800][gc          ] GC(433) Pause Young (Normal) (G1 Evacuation Pause) 346M->302M(1024M) 28.096ms
[2021-11-08T23:50:56.867-0800][gc,cpu      ] GC(433) User=0.03s Sys=0.03s Real=0.03s
[2021-11-08T23:51:34.719-0800][gc,start    ] GC(434) Pause Young (Normal) (G1 Evacuation Pause)
[2021-11-08T23:51:34.721-0800][gc,task     ] GC(434) Using 8 workers of 8 for evacuation
[2021-11-08T23:51:34.750-0800][gc,mmu      ] GC(434) MMU target violated: 21.0ms (20.0ms/21.0ms)
[2021-11-08T23:51:34.751-0800][gc,phases   ] GC(434)   Pre Evacuate Collection Set: 0.7ms
[2021-11-08T23:51:34.751-0800][gc,phases   ] GC(434)   Merge Heap Roots: 0.3ms
[2021-11-08T23:51:34.751-0800][gc,phases   ] GC(434)   Evacuate Collection Set: 27.6ms
[2021-11-08T23:51:34.751-0800][gc,phases   ] GC(434)   Post Evacuate Collection Set: 0.6ms
[2021-11-08T23:51:34.751-0800][gc,phases   ] GC(434)   Other: 2.5ms
[2021-11-08T23:51:34.751-0800][gc,heap     ] GC(434) Eden regions: 45->0(51)
[2021-11-08T23:51:34.751-0800][gc,heap     ] GC(434) Survivor regions: 6->4(7)
[2021-11-08T23:51:34.751-0800][gc,heap     ] GC(434) Old regions: 168->170
[2021-11-08T23:51:34.751-0800][gc,heap     ] GC(434) Archive regions: 2->2
[2021-11-08T23:51:34.751-0800][gc,heap     ] GC(434) Humongous regions: 129->129
[2021-11-08T23:51:34.751-0800][gc,metaspace] GC(434) Metaspace: 41035K(41536K)->41035K(41536K) NonClass: 36261K(36544K)->36261K(36544K) Class: 4773K(4992K)->4773K(4992K)
[2021-11-08T23:51:34.751-0800][gc          ] GC(434) Pause Young (Normal) (G1 Evacuation Pause) 347M->303M(1024M) 31.565ms
[2021-11-08T23:51:34.751-0800][gc,cpu      ] GC(434) User=0.05s Sys=0.02s Real=0.04s
[2021-11-08T23:52:14.034-0800][gc,start    ] GC(435) Pause Young (Normal) (G1 Evacuation Pause)
[2021-11-08T23:52:14.035-0800][gc,task     ] GC(435) Using 8 workers of 8 for evacuation
[2021-11-08T23:52:14.057-0800][gc,mmu      ] GC(435) MMU target violated: 21.0ms (20.0ms/21.0ms)
[2021-11-08T23:52:14.057-0800][gc,phases   ] GC(435)   Pre Evacuate Collection Set: 1.1ms
[2021-11-08T23:52:14.057-0800][gc,phases   ] GC(435)   Merge Heap Roots: 0.2ms
[2021-11-08T23:52:14.057-0800][gc,phases   ] GC(435)   Evacuate Collection Set: 18.2ms
[2021-11-08T23:52:14.057-0800][gc,phases   ] GC(435)   Post Evacuate Collection Set: 1.9ms
[2021-11-08T23:52:14.057-0800][gc,phases   ] GC(435)   Other: 1.3ms
[2021-11-08T23:52:14.057-0800][gc,heap     ] GC(435) Eden regions: 47->0(46)
[2021-11-08T23:52:14.057-0800][gc,heap     ] GC(435) Survivor regions: 4->5(7)
[2021-11-08T23:52:14.057-0800][gc,heap     ] GC(435) Old regions: 170->170
[2021-11-08T23:52:14.057-0800][gc,heap     ] GC(435) Archive regions: 2->2
[2021-11-08T23:52:14.057-0800][gc,heap     ] GC(435) Humongous regions: 129->129
[2021-11-08T23:52:14.057-0800][gc,metaspace] GC(435) Metaspace: 41035K(41536K)->41035K(41536K) NonClass: 36261K(36544K)->36261K(36544K) Class: 4773K(4992K)->4773K(4992K)
[2021-11-08T23:52:14.057-0800][gc          ] GC(435) Pause Young (Normal) (G1 Evacuation Pause) 350M->303M(1024M) 22.884ms
[2021-11-08T23:52:14.057-0800][gc,cpu      ] GC(435) User=0.03s Sys=0.03s Real=0.02s
[2021-11-08T23:52:52.779-0800][gc,start    ] GC(436) Pause Young (Normal) (G1 Evacuation Pause)
[2021-11-08T23:52:52.796-0800][gc,task     ] GC(436) Using 8 workers of 8 for evacuation
[2021-11-08T23:52:52.831-0800][gc,mmu      ] GC(436) MMU target violated: 21.0ms (20.0ms/21.0ms)
[2021-11-08T23:52:52.845-0800][gc,phases   ] GC(436)   Pre Evacuate Collection Set: 1.4ms
[2021-11-08T23:52:52.845-0800][gc,phases   ] GC(436)   Merge Heap Roots: 0.5ms
[2021-11-08T23:52:52.845-0800][gc,phases   ] GC(436)   Evacuate Collection Set: 31.2ms
[2021-11-08T23:52:52.845-0800][gc,phases   ] GC(436)   Post Evacuate Collection Set: 1.4ms
[2021-11-08T23:52:52.845-0800][gc,phases   ] GC(436)   Other: 31.1ms
[2021-11-08T23:52:52.845-0800][gc,heap     ] GC(436) Eden regions: 46->0(45)
[2021-11-08T23:52:52.845-0800][gc,heap     ] GC(436) Survivor regions: 5->6(7)
[2021-11-08T23:52:52.845-0800][gc,heap     ] GC(436) Old regions: 170->171
[2021-11-08T23:52:52.845-0800][gc,heap     ] GC(436) Archive regions: 2->2
[2021-11-08T23:52:52.845-0800][gc,heap     ] GC(436) Humongous regions: 129->129
[2021-11-08T23:52:52.845-0800][gc,metaspace] GC(436) Metaspace: 41035K(41536K)->41035K(41536K) NonClass: 36261K(36544K)->36261K(36544K) Class: 4773K(4992K)->4773K(4992K)
[2021-11-08T23:52:52.845-0800][gc          ] GC(436) Pause Young (Normal) (G1 Evacuation Pause) 349M->306M(1024M) 65.969ms
[2021-11-08T23:52:52.845-0800][gc,cpu      ] GC(436) User=0.06s Sys=0.04s Real=0.07s
[2021-11-08T23:53:30.709-0800][gc,start    ] GC(437) Pause Young (Normal) (G1 Evacuation Pause)
[2021-11-08T23:53:30.710-0800][gc,task     ] GC(437) Using 8 workers of 8 for evacuation
[2021-11-08T23:53:30.748-0800][gc,mmu      ] GC(437) MMU target violated: 21.0ms (20.0ms/21.0ms)
[2021-11-08T23:53:30.748-0800][gc,phases   ] GC(437)   Pre Evacuate Collection Set: 1.0ms
[2021-11-08T23:53:30.748-0800][gc,phases   ] GC(437)   Merge Heap Roots: 0.6ms
[2021-11-08T23:53:30.748-0800][gc,phases   ] GC(437)   Evacuate Collection Set: 33.9ms
[2021-11-08T23:53:30.748-0800][gc,phases   ] GC(437)   Post Evacuate Collection Set: 2.1ms
[2021-11-08T23:53:30.748-0800][gc,phases   ] GC(437)   Other: 1.7ms
[2021-11-08T23:53:30.748-0800][gc,heap     ] GC(437) Eden regions: 45->0(77)
[2021-11-08T23:53:30.748-0800][gc,heap     ] GC(437) Survivor regions: 6->4(7)
[2021-11-08T23:53:30.748-0800][gc,heap     ] GC(437) Old regions: 171->173
[2021-11-08T23:53:30.748-0800][gc,heap     ] GC(437) Archive regions: 2->2
[2021-11-08T23:53:30.748-0800][gc,heap     ] GC(437) Humongous regions: 129->129
[2021-11-08T23:53:30.748-0800][gc,metaspace] GC(437) Metaspace: 41035K(41536K)->41035K(41536K) NonClass: 36261K(36544K)->36261K(36544K) Class: 4773K(4992K)->4773K(4992K)
[2021-11-08T23:53:30.749-0800][gc          ] GC(437) Pause Young (Normal) (G1 Evacuation Pause) 351M->306M(1024M) 39.472ms
[2021-11-08T23:53:30.749-0800][gc,cpu      ] GC(437) User=0.04s Sys=0.05s Real=0.04s
[2021-11-08T23:54:19.232-0800][gc,start    ] GC(438) Pause Young (Normal) (G1 Evacuation Pause)
[2021-11-08T23:54:19.234-0800][gc,task     ] GC(438) Using 8 workers of 8 for evacuation
[2021-11-08T23:54:19.257-0800][gc,mmu      ] GC(438) MMU target violated: 21.0ms (20.0ms/21.0ms)
[2021-11-08T23:54:19.257-0800][gc,phases   ] GC(438)   Pre Evacuate Collection Set: 1.3ms
[2021-11-08T23:54:19.258-0800][gc,phases   ] GC(438)   Merge Heap Roots: 0.4ms
[2021-11-08T23:54:19.258-0800][gc,phases   ] GC(438)   Evacuate Collection Set: 20.1ms
[2021-11-08T23:54:19.258-0800][gc,phases   ] GC(438)   Post Evacuate Collection Set: 1.5ms
[2021-11-08T23:54:19.258-0800][gc,phases   ] GC(438)   Other: 2.2ms
[2021-11-08T23:54:19.258-0800][gc,heap     ] GC(438) Eden regions: 58->0(56)
[2021-11-08T23:54:19.258-0800][gc,heap     ] GC(438) Survivor regions: 4->5(8)
[2021-11-08T23:54:19.258-0800][gc,heap     ] GC(438) Old regions: 173->173
[2021-11-08T23:54:19.258-0800][gc,heap     ] GC(438) Archive regions: 2->2
[2021-11-08T23:54:19.258-0800][gc,heap     ] GC(438) Humongous regions: 129->129
[2021-11-08T23:54:19.258-0800][gc,metaspace] GC(438) Metaspace: 41035K(41536K)->41035K(41536K) NonClass: 36261K(36544K)->36261K(36544K) Class: 4773K(4992K)->4773K(4992K)
[2021-11-08T23:54:19.258-0800][gc          ] GC(438) Pause Young (Normal) (G1 Evacuation Pause) 364M->307M(1024M) 25.588ms
[2021-11-08T23:54:19.258-0800][gc,cpu      ] GC(438) User=0.04s Sys=0.03s Real=0.02s
[2021-11-08T23:55:06.234-0800][gc,start    ] GC(439) Pause Young (Normal) (G1 Evacuation Pause)
[2021-11-08T23:55:06.245-0800][gc,task     ] GC(439) Using 8 workers of 8 for evacuation
[2021-11-08T23:55:06.276-0800][gc,mmu      ] GC(439) MMU target violated: 21.0ms (20.0ms/21.0ms)
[2021-11-08T23:55:06.276-0800][gc,phases   ] GC(439)   Pre Evacuate Collection Set: 1.7ms
[2021-11-08T23:55:06.276-0800][gc,phases   ] GC(439)   Merge Heap Roots: 0.5ms
[2021-11-08T23:55:06.276-0800][gc,phases   ] GC(439)   Evacuate Collection Set: 25.5ms
[2021-11-08T23:55:06.276-0800][gc,phases   ] GC(439)   Post Evacuate Collection Set: 2.3ms
[2021-11-08T23:55:06.276-0800][gc,phases   ] GC(439)   Other: 11.8ms
[2021-11-08T23:55:06.276-0800][gc,heap     ] GC(439) Eden regions: 56->0(45)
[2021-11-08T23:55:06.276-0800][gc,heap     ] GC(439) Survivor regions: 5->6(8)
[2021-11-08T23:55:06.276-0800][gc,heap     ] GC(439) Old regions: 173->174
[2021-11-08T23:55:06.276-0800][gc,heap     ] GC(439) Archive regions: 2->2
[2021-11-08T23:55:06.276-0800][gc,heap     ] GC(439) Humongous regions: 129->129
[2021-11-08T23:55:06.276-0800][gc,metaspace] GC(439) Metaspace: 41035K(41536K)->41035K(41536K) NonClass: 36261K(36544K)->36261K(36544K) Class: 4773K(4992K)->4773K(4992K)
[2021-11-08T23:55:06.276-0800][gc          ] GC(439) Pause Young (Normal) (G1 Evacuation Pause) 363M->309M(1024M) 41.891ms
[2021-11-08T23:55:06.276-0800][gc,cpu      ] GC(439) User=0.05s Sys=0.04s Real=0.04s
[2021-11-08T23:55:44.050-0800][gc,start    ] GC(440) Pause Young (Normal) (G1 Evacuation Pause)
[2021-11-08T23:55:44.050-0800][gc,task     ] GC(440) Using 8 workers of 8 for evacuation
[2021-11-08T23:55:44.085-0800][gc,mmu      ] GC(440) MMU target violated: 21.0ms (20.0ms/21.0ms)
[2021-11-08T23:55:44.085-0800][gc,phases   ] GC(440)   Pre Evacuate Collection Set: 0.8ms
[2021-11-08T23:55:44.085-0800][gc,phases   ] GC(440)   Merge Heap Roots: 0.4ms
[2021-11-08T23:55:44.085-0800][gc,phases   ] GC(440)   Evacuate Collection Set: 31.7ms
[2021-11-08T23:55:44.085-0800][gc,phases   ] GC(440)   Post Evacuate Collection Set: 1.6ms
[2021-11-08T23:55:44.085-0800][gc,phases   ] GC(440)   Other: 1.2ms
[2021-11-08T23:55:44.085-0800][gc,heap     ] GC(440) Eden regions: 45->0(58)
[2021-11-08T23:55:44.085-0800][gc,heap     ] GC(440) Survivor regions: 6->5(7)
[2021-11-08T23:55:44.085-0800][gc,heap     ] GC(440) Old regions: 174->176
[2021-11-08T23:55:44.085-0800][gc,heap     ] GC(440) Archive regions: 2->2
[2021-11-08T23:55:44.085-0800][gc,heap     ] GC(440) Humongous regions: 129->129
[2021-11-08T23:55:44.085-0800][gc,metaspace] GC(440) Metaspace: 41035K(41536K)->41035K(41536K) NonClass: 36261K(36544K)->36261K(36544K) Class: 4773K(4992K)->4773K(4992K)
[2021-11-08T23:55:44.085-0800][gc          ] GC(440) Pause Young (Normal) (G1 Evacuation Pause) 354M->309M(1024M) 35.788ms
[2021-11-08T23:55:44.086-0800][gc,cpu      ] GC(440) User=0.03s Sys=0.03s Real=0.03s
[2021-11-08T23:56:33.070-0800][gc,start    ] GC(441) Pause Young (Normal) (G1 Evacuation Pause)
[2021-11-08T23:56:33.072-0800][gc,task     ] GC(441) Using 8 workers of 8 for evacuation
[2021-11-08T23:56:33.103-0800][gc,mmu      ] GC(441) MMU target violated: 21.0ms (20.0ms/21.0ms)
[2021-11-08T23:56:33.103-0800][gc,phases   ] GC(441)   Pre Evacuate Collection Set: 1.5ms
[2021-11-08T23:56:33.103-0800][gc,phases   ] GC(441)   Merge Heap Roots: 0.5ms
[2021-11-08T23:56:33.103-0800][gc,phases   ] GC(441)   Evacuate Collection Set: 26.5ms
[2021-11-08T23:56:33.103-0800][gc,phases   ] GC(441)   Post Evacuate Collection Set: 2.0ms
[2021-11-08T23:56:33.103-0800][gc,phases   ] GC(441)   Other: 2.6ms
[2021-11-08T23:56:33.103-0800][gc,heap     ] GC(441) Eden regions: 58->0(44)
[2021-11-08T23:56:33.103-0800][gc,heap     ] GC(441) Survivor regions: 5->7(8)
[2021-11-08T23:56:33.103-0800][gc,heap     ] GC(441) Old regions: 176->176
[2021-11-08T23:56:33.103-0800][gc,heap     ] GC(441) Archive regions: 2->2
[2021-11-08T23:56:33.103-0800][gc,heap     ] GC(441) Humongous regions: 129->129
[2021-11-08T23:56:33.103-0800][gc,metaspace] GC(441) Metaspace: 41035K(41536K)->41035K(41536K) NonClass: 36261K(36544K)->36261K(36544K) Class: 4773K(4992K)->4773K(4992K)
[2021-11-08T23:56:33.103-0800][gc          ] GC(441) Pause Young (Normal) (G1 Evacuation Pause) 367M->311M(1024M) 33.208ms
[2021-11-08T23:56:33.103-0800][gc,cpu      ] GC(441) User=0.04s Sys=0.04s Real=0.03s
[2021-11-08T23:57:10.221-0800][gc,start    ] GC(442) Pause Young (Normal) (G1 Evacuation Pause)
[2021-11-08T23:57:10.222-0800][gc,task     ] GC(442) Using 8 workers of 8 for evacuation
[2021-11-08T23:57:10.248-0800][gc,mmu      ] GC(442) MMU target violated: 21.0ms (20.0ms/21.0ms)
[2021-11-08T23:57:10.249-0800][gc,phases   ] GC(442)   Pre Evacuate Collection Set: 1.0ms
[2021-11-08T23:57:10.249-0800][gc,phases   ] GC(442)   Merge Heap Roots: 0.3ms
[2021-11-08T23:57:10.249-0800][gc,phases   ] GC(442)   Evacuate Collection Set: 21.9ms
[2021-11-08T23:57:10.249-0800][gc,phases   ] GC(442)   Post Evacuate Collection Set: 2.9ms
[2021-11-08T23:57:10.249-0800][gc,phases   ] GC(442)   Other: 1.7ms
[2021-11-08T23:57:10.249-0800][gc,heap     ] GC(442) Eden regions: 44->0(115)
[2021-11-08T23:57:10.249-0800][gc,heap     ] GC(442) Survivor regions: 7->4(7)
[2021-11-08T23:57:10.249-0800][gc,heap     ] GC(442) Old regions: 176->179
[2021-11-08T23:57:10.249-0800][gc,heap     ] GC(442) Archive regions: 2->2
[2021-11-08T23:57:10.249-0800][gc,heap     ] GC(442) Humongous regions: 129->129
[2021-11-08T23:57:10.249-0800][gc,metaspace] GC(442) Metaspace: 41035K(41536K)->41035K(41536K) NonClass: 36261K(36544K)->36261K(36544K) Class: 4773K(4992K)->4773K(4992K)
[2021-11-08T23:57:10.249-0800][gc          ] GC(442) Pause Young (Normal) (G1 Evacuation Pause) 355M->311M(1024M) 27.973ms
[2021-11-08T23:57:10.249-0800][gc,cpu      ] GC(442) User=0.05s Sys=0.03s Real=0.02s
[2021-11-08T23:58:47.942-0800][gc,start    ] GC(443) Pause Young (Normal) (G1 Evacuation Pause)
[2021-11-08T23:58:47.944-0800][gc,task     ] GC(443) Using 8 workers of 8 for evacuation
[2021-11-08T23:58:47.971-0800][gc,mmu      ] GC(443) MMU target violated: 21.0ms (20.0ms/21.0ms)
[2021-11-08T23:58:47.971-0800][gc,phases   ] GC(443)   Pre Evacuate Collection Set: 1.7ms
[2021-11-08T23:58:47.971-0800][gc,phases   ] GC(443)   Merge Heap Roots: 0.5ms
[2021-11-08T23:58:47.971-0800][gc,phases   ] GC(443)   Evacuate Collection Set: 22.5ms
[2021-11-08T23:58:47.971-0800][gc,phases   ] GC(443)   Post Evacuate Collection Set: 2.3ms
[2021-11-08T23:58:47.972-0800][gc,phases   ] GC(443)   Other: 2.7ms
[2021-11-08T23:58:47.972-0800][gc,heap     ] GC(443) Eden regions: 115->0(44)
[2021-11-08T23:58:47.972-0800][gc,heap     ] GC(443) Survivor regions: 4->7(15)
[2021-11-08T23:58:47.972-0800][gc,heap     ] GC(443) Old regions: 179->179
[2021-11-08T23:58:47.972-0800][gc,heap     ] GC(443) Archive regions: 2->2
[2021-11-08T23:58:47.972-0800][gc,heap     ] GC(443) Humongous regions: 129->129
[2021-11-08T23:58:47.972-0800][gc,metaspace] GC(443) Metaspace: 41035K(41536K)->41035K(41536K) NonClass: 36261K(36544K)->36261K(36544K) Class: 4773K(4992K)->4773K(4992K)
[2021-11-08T23:58:47.972-0800][gc          ] GC(443) Pause Young (Normal) (G1 Evacuation Pause) 426M->314M(1024M) 29.850ms
[2021-11-08T23:58:47.972-0800][gc,cpu      ] GC(443) User=0.05s Sys=0.05s Real=0.03s
[2021-11-08T23:59:25.084-0800][gc,start    ] GC(444) Pause Young (Normal) (G1 Evacuation Pause)
[2021-11-08T23:59:25.099-0800][gc,task     ] GC(444) Using 8 workers of 8 for evacuation
[2021-11-08T23:59:25.125-0800][gc,mmu      ] GC(444) MMU target violated: 21.0ms (20.0ms/21.0ms)
[2021-11-08T23:59:25.125-0800][gc,phases   ] GC(444)   Pre Evacuate Collection Set: 0.4ms
[2021-11-08T23:59:25.125-0800][gc,phases   ] GC(444)   Merge Heap Roots: 0.2ms
[2021-11-08T23:59:25.125-0800][gc,phases   ] GC(444)   Evacuate Collection Set: 24.3ms
[2021-11-08T23:59:25.125-0800][gc,phases   ] GC(444)   Post Evacuate Collection Set: 0.6ms
[2021-11-08T23:59:25.125-0800][gc,phases   ] GC(444)   Other: 15.4ms
[2021-11-08T23:59:25.125-0800][gc,heap     ] GC(444) Eden regions: 44->0(187)
[2021-11-08T23:59:25.125-0800][gc,heap     ] GC(444) Survivor regions: 7->2(7)
[2021-11-08T23:59:25.125-0800][gc,heap     ] GC(444) Old regions: 179->183
[2021-11-08T23:59:25.125-0800][gc,heap     ] GC(444) Archive regions: 2->2
[2021-11-08T23:59:25.125-0800][gc,heap     ] GC(444) Humongous regions: 129->129
[2021-11-08T23:59:25.125-0800][gc,metaspace] GC(444) Metaspace: 41035K(41536K)->41035K(41536K) NonClass: 36261K(36544K)->36261K(36544K) Class: 4773K(4992K)->4773K(4992K)
[2021-11-08T23:59:25.125-0800][gc          ] GC(444) Pause Young (Normal) (G1 Evacuation Pause) 358M->314M(1024M) 41.155ms
[2021-11-08T23:59:25.126-0800][gc,cpu      ] GC(444) User=0.05s Sys=0.02s Real=0.04s
[2021-11-09T09:09:46.569-0800][gc,start    ] GC(445) Pause Young (Normal) (G1 Evacuation Pause)
[2021-11-09T09:09:46.571-0800][gc,task     ] GC(445) Using 8 workers of 8 for evacuation
[2021-11-09T09:09:46.720-0800][gc,mmu      ] GC(445) MMU target violated: 21.0ms (20.0ms/21.0ms)
[2021-11-09T09:09:46.720-0800][gc,phases   ] GC(445)   Pre Evacuate Collection Set: 2.2ms
[2021-11-09T09:09:46.720-0800][gc,phases   ] GC(445)   Merge Heap Roots: 1.2ms
[2021-11-09T09:09:46.720-0800][gc,phases   ] GC(445)   Evacuate Collection Set: 144.4ms
[2021-11-09T09:09:46.720-0800][gc,phases   ] GC(445)   Post Evacuate Collection Set: 1.1ms
[2021-11-09T09:09:46.720-0800][gc,phases   ] GC(445)   Other: 2.4ms
[2021-11-09T09:09:46.720-0800][gc,heap     ] GC(445) Eden regions: 160->0(36)
[2021-11-09T09:09:46.721-0800][gc,heap     ] GC(445) Survivor regions: 2->15(21)
[2021-11-09T09:09:46.721-0800][gc,heap     ] GC(445) Old regions: 183->183
[2021-11-09T09:09:46.721-0800][gc,heap     ] GC(445) Archive regions: 2->2
[2021-11-09T09:09:46.721-0800][gc,heap     ] GC(445) Humongous regions: 129->129
[2021-11-09T09:09:46.721-0800][gc,metaspace] GC(445) Metaspace: 41037K(41536K)->41037K(41536K) NonClass: 36263K(36544K)->36263K(36544K) Class: 4773K(4992K)->4773K(4992K)
[2021-11-09T09:09:46.721-0800][gc          ] GC(445) Pause Young (Normal) (G1 Evacuation Pause) 474M->327M(1024M) 151.260ms
[2021-11-09T09:09:46.721-0800][gc,cpu      ] GC(445) User=0.07s Sys=0.14s Real=0.16s
[2021-11-09T09:13:51.017-0800][gc,start    ] GC(446) Pause Young (Normal) (G1 Evacuation Pause)
[2021-11-09T09:13:51.019-0800][gc,task     ] GC(446) Using 8 workers of 8 for evacuation
[2021-11-09T09:13:51.094-0800][gc,mmu      ] GC(446) MMU target violated: 21.0ms (20.0ms/21.0ms)
[2021-11-09T09:13:51.094-0800][gc,phases   ] GC(446)   Pre Evacuate Collection Set: 1.7ms
[2021-11-09T09:13:51.094-0800][gc,phases   ] GC(446)   Merge Heap Roots: 0.9ms
[2021-11-09T09:13:51.094-0800][gc,phases   ] GC(446)   Evacuate Collection Set: 69.0ms
[2021-11-09T09:13:51.094-0800][gc,phases   ] GC(446)   Post Evacuate Collection Set: 2.0ms
[2021-11-09T09:13:51.094-0800][gc,phases   ] GC(446)   Other: 3.5ms
[2021-11-09T09:13:51.094-0800][gc,heap     ] GC(446) Eden regions: 36->0(47)
[2021-11-09T09:13:51.094-0800][gc,heap     ] GC(446) Survivor regions: 15->4(7)
[2021-11-09T09:13:51.094-0800][gc,heap     ] GC(446) Old regions: 183->195
[2021-11-09T09:13:51.094-0800][gc,heap     ] GC(446) Archive regions: 2->2
[2021-11-09T09:13:51.094-0800][gc,heap     ] GC(446) Humongous regions: 129->129
[2021-11-09T09:13:51.094-0800][gc,metaspace] GC(446) Metaspace: 41037K(41536K)->41037K(41536K) NonClass: 36263K(36544K)->36263K(36544K) Class: 4773K(4992K)->4773K(4992K)
[2021-11-09T09:13:51.094-0800][gc          ] GC(446) Pause Young (Normal) (G1 Evacuation Pause) 363M->328M(1024M) 77.214ms
[2021-11-09T09:13:51.094-0800][gc,cpu      ] GC(446) User=0.08s Sys=0.10s Real=0.08s
[2021-11-09T09:19:15.014-0800][gc,start    ] GC(447) Pause Young (Normal) (G1 Evacuation Pause)
[2021-11-09T09:19:15.015-0800][gc,task     ] GC(447) Using 8 workers of 8 for evacuation
[2021-11-09T09:19:15.043-0800][gc,mmu      ] GC(447) MMU target violated: 21.0ms (20.0ms/21.0ms)
[2021-11-09T09:19:15.043-0800][gc,phases   ] GC(447)   Pre Evacuate Collection Set: 1.7ms
[2021-11-09T09:19:15.043-0800][gc,phases   ] GC(447)   Merge Heap Roots: 0.4ms
[2021-11-09T09:19:15.043-0800][gc,phases   ] GC(447)   Evacuate Collection Set: 23.0ms
[2021-11-09T09:19:15.043-0800][gc,phases   ] GC(447)   Post Evacuate Collection Set: 2.1ms
[2021-11-09T09:19:15.043-0800][gc,phases   ] GC(447)   Other: 2.5ms
[2021-11-09T09:19:15.043-0800][gc,heap     ] GC(447) Eden regions: 47->0(44)
[2021-11-09T09:19:15.043-0800][gc,heap     ] GC(447) Survivor regions: 4->7(7)
[2021-11-09T09:19:15.043-0800][gc,heap     ] GC(447) Old regions: 195->195
[2021-11-09T09:19:15.043-0800][gc,heap     ] GC(447) Archive regions: 2->2
[2021-11-09T09:19:15.043-0800][gc,heap     ] GC(447) Humongous regions: 129->129
[2021-11-09T09:19:15.043-0800][gc,metaspace] GC(447) Metaspace: 41037K(41536K)->41037K(41536K) NonClass: 36263K(36544K)->36263K(36544K) Class: 4773K(4992K)->4773K(4992K)
[2021-11-09T09:19:15.044-0800][gc          ] GC(447) Pause Young (Normal) (G1 Evacuation Pause) 375M->331M(1024M) 29.698ms
[2021-11-09T09:19:15.044-0800][gc,cpu      ] GC(447) User=0.05s Sys=0.05s Real=0.03s
[2021-11-09T09:24:20.073-0800][gc,start    ] GC(448) Pause Young (Normal) (G1 Evacuation Pause)
[2021-11-09T09:24:20.075-0800][gc,task     ] GC(448) Using 8 workers of 8 for evacuation
[2021-11-09T09:24:20.129-0800][gc,mmu      ] GC(448) MMU target violated: 21.0ms (20.0ms/21.0ms)
[2021-11-09T09:24:20.129-0800][gc,phases   ] GC(448)   Pre Evacuate Collection Set: 1.6ms
[2021-11-09T09:24:20.129-0800][gc,phases   ] GC(448)   Merge Heap Roots: 0.4ms
[2021-11-09T09:24:20.129-0800][gc,phases   ] GC(448)   Evacuate Collection Set: 50.1ms
[2021-11-09T09:24:20.129-0800][gc,phases   ] GC(448)   Post Evacuate Collection Set: 1.7ms
[2021-11-09T09:24:20.129-0800][gc,phases   ] GC(448)   Other: 2.2ms
[2021-11-09T09:24:20.129-0800][gc,heap     ] GC(448) Eden regions: 44->0(46)
[2021-11-09T09:24:20.129-0800][gc,heap     ] GC(448) Survivor regions: 7->5(7)
[2021-11-09T09:24:20.129-0800][gc,heap     ] GC(448) Old regions: 195->201
[2021-11-09T09:24:20.129-0800][gc,heap     ] GC(448) Archive regions: 2->2
[2021-11-09T09:24:20.129-0800][gc,heap     ] GC(448) Humongous regions: 129->129
[2021-11-09T09:24:20.129-0800][gc,metaspace] GC(448) Metaspace: 41037K(41536K)->41037K(41536K) NonClass: 36263K(36544K)->36263K(36544K) Class: 4773K(4992K)->4773K(4992K)
[2021-11-09T09:24:20.130-0800][gc          ] GC(448) Pause Young (Normal) (G1 Evacuation Pause) 375M->335M(1024M) 56.044ms
[2021-11-09T09:24:20.130-0800][gc,cpu      ] GC(448) User=0.06s Sys=0.06s Real=0.06s
[2021-11-09T09:29:39.393-0800][gc,start    ] GC(449) Pause Young (Normal) (G1 Evacuation Pause)
[2021-11-09T09:29:39.402-0800][gc,task     ] GC(449) Using 8 workers of 8 for evacuation
[2021-11-09T09:29:39.455-0800][gc,mmu      ] GC(449) MMU target violated: 21.0ms (20.0ms/21.0ms)
[2021-11-09T09:29:39.460-0800][gc,phases   ] GC(449)   Pre Evacuate Collection Set: 1.4ms
[2021-11-09T09:29:39.460-0800][gc,phases   ] GC(449)   Merge Heap Roots: 0.3ms
[2021-11-09T09:29:39.460-0800][gc,phases   ] GC(449)   Evacuate Collection Set: 48.5ms
[2021-11-09T09:29:39.460-0800][gc,phases   ] GC(449)   Post Evacuate Collection Set: 2.3ms
[2021-11-09T09:29:39.460-0800][gc,phases   ] GC(449)   Other: 15.0ms
[2021-11-09T09:29:39.460-0800][gc,heap     ] GC(449) Eden regions: 46->0(45)
[2021-11-09T09:29:39.460-0800][gc,heap     ] GC(449) Survivor regions: 5->6(7)
[2021-11-09T09:29:39.460-0800][gc,heap     ] GC(449) Old regions: 201->206
[2021-11-09T09:29:39.460-0800][gc,heap     ] GC(449) Archive regions: 2->2
[2021-11-09T09:29:39.460-0800][gc,heap     ] GC(449) Humongous regions: 129->129
[2021-11-09T09:29:39.460-0800][gc,metaspace] GC(449) Metaspace: 41037K(41536K)->41037K(41536K) NonClass: 36263K(36544K)->36263K(36544K) Class: 4773K(4992K)->4773K(4992K)
[2021-11-09T09:29:39.460-0800][gc          ] GC(449) Pause Young (Normal) (G1 Evacuation Pause) 381M->341M(1024M) 67.694ms
[2021-11-09T09:29:39.460-0800][gc,cpu      ] GC(449) User=0.07s Sys=0.07s Real=0.07s
[2021-11-09T09:34:51.566-0800][gc,start    ] GC(450) Pause Young (Normal) (G1 Evacuation Pause)
[2021-11-09T09:34:51.567-0800][gc,task     ] GC(450) Using 8 workers of 8 for evacuation
[2021-11-09T09:34:51.596-0800][gc,mmu      ] GC(450) MMU target violated: 21.0ms (20.0ms/21.0ms)
[2021-11-09T09:34:51.597-0800][gc,phases   ] GC(450)   Pre Evacuate Collection Set: 0.8ms
[2021-11-09T09:34:51.597-0800][gc,phases   ] GC(450)   Merge Heap Roots: 0.2ms
[2021-11-09T09:34:51.597-0800][gc,phases   ] GC(450)   Evacuate Collection Set: 27.4ms
[2021-11-09T09:34:51.597-0800][gc,phases   ] GC(450)   Post Evacuate Collection Set: 1.1ms
[2021-11-09T09:34:51.597-0800][gc,phases   ] GC(450)   Other: 1.1ms
[2021-11-09T09:34:51.597-0800][gc,heap     ] GC(450) Eden regions: 45->0(45)
[2021-11-09T09:34:51.597-0800][gc,heap     ] GC(450) Survivor regions: 6->6(7)
[2021-11-09T09:34:51.597-0800][gc,heap     ] GC(450) Old regions: 206->211
[2021-11-09T09:34:51.597-0800][gc,heap     ] GC(450) Archive regions: 2->2
[2021-11-09T09:34:51.597-0800][gc,heap     ] GC(450) Humongous regions: 129->129
[2021-11-09T09:34:51.597-0800][gc,metaspace] GC(450) Metaspace: 41037K(41536K)->41037K(41536K) NonClass: 36263K(36544K)->36263K(36544K) Class: 4773K(4992K)->4773K(4992K)
[2021-11-09T09:34:51.597-0800][gc          ] GC(450) Pause Young (Normal) (G1 Evacuation Pause) 386M->345M(1024M) 30.622ms
[2021-11-09T09:34:51.597-0800][gc,cpu      ] GC(450) User=0.05s Sys=0.05s Real=0.03s
[2021-11-09T09:40:02.672-0800][gc,start    ] GC(451) Pause Young (Normal) (G1 Evacuation Pause)
[2021-11-09T09:40:02.674-0800][gc,task     ] GC(451) Using 8 workers of 8 for evacuation
[2021-11-09T09:40:02.710-0800][gc,mmu      ] GC(451) MMU target violated: 21.0ms (20.0ms/21.0ms)
[2021-11-09T09:40:02.710-0800][gc,phases   ] GC(451)   Pre Evacuate Collection Set: 1.7ms
[2021-11-09T09:40:02.710-0800][gc,phases   ] GC(451)   Merge Heap Roots: 0.4ms
[2021-11-09T09:40:02.710-0800][gc,phases   ] GC(451)   Evacuate Collection Set: 31.2ms
[2021-11-09T09:40:02.710-0800][gc,phases   ] GC(451)   Post Evacuate Collection Set: 2.0ms
[2021-11-09T09:40:02.710-0800][gc,phases   ] GC(451)   Other: 3.1ms
[2021-11-09T09:40:02.710-0800][gc,heap     ] GC(451) Eden regions: 45->0(45)
[2021-11-09T09:40:02.710-0800][gc,heap     ] GC(451) Survivor regions: 6->6(7)
[2021-11-09T09:40:02.710-0800][gc,heap     ] GC(451) Old regions: 211->216
[2021-11-09T09:40:02.710-0800][gc,heap     ] GC(451) Archive regions: 2->2
[2021-11-09T09:40:02.710-0800][gc,heap     ] GC(451) Humongous regions: 129->129
[2021-11-09T09:40:02.710-0800][gc,metaspace] GC(451) Metaspace: 41037K(41536K)->41037K(41536K) NonClass: 36263K(36544K)->36263K(36544K) Class: 4773K(4992K)->4773K(4992K)
[2021-11-09T09:40:02.710-0800][gc          ] GC(451) Pause Young (Normal) (G1 Evacuation Pause) 390M->350M(1024M) 38.504ms
[2021-11-09T09:40:02.710-0800][gc,cpu      ] GC(451) User=0.06s Sys=0.06s Real=0.04s
[2021-11-09T09:45:13.600-0800][gc,start    ] GC(452) Pause Young (Normal) (G1 Evacuation Pause)
[2021-11-09T09:45:13.602-0800][gc,task     ] GC(452) Using 8 workers of 8 for evacuation
[2021-11-09T09:45:13.639-0800][gc,mmu      ] GC(452) MMU target violated: 21.0ms (20.0ms/21.0ms)
[2021-11-09T09:45:13.639-0800][gc,phases   ] GC(452)   Pre Evacuate Collection Set: 1.2ms
[2021-11-09T09:45:13.639-0800][gc,phases   ] GC(452)   Merge Heap Roots: 0.4ms
[2021-11-09T09:45:13.639-0800][gc,phases   ] GC(452)   Evacuate Collection Set: 29.9ms
[2021-11-09T09:45:13.639-0800][gc,phases   ] GC(452)   Post Evacuate Collection Set: 5.0ms
[2021-11-09T09:45:13.639-0800][gc,phases   ] GC(452)   Other: 2.4ms
[2021-11-09T09:45:13.639-0800][gc,heap     ] GC(452) Eden regions: 45->0(45)
[2021-11-09T09:45:13.639-0800][gc,heap     ] GC(452) Survivor regions: 6->6(7)
[2021-11-09T09:45:13.639-0800][gc,heap     ] GC(452) Old regions: 216->221
[2021-11-09T09:45:13.639-0800][gc,heap     ] GC(452) Archive regions: 2->2
[2021-11-09T09:45:13.639-0800][gc,heap     ] GC(452) Humongous regions: 129->129
[2021-11-09T09:45:13.639-0800][gc,metaspace] GC(452) Metaspace: 41037K(41536K)->41037K(41536K) NonClass: 36263K(36544K)->36263K(36544K) Class: 4773K(4992K)->4773K(4992K)
[2021-11-09T09:45:13.640-0800][gc          ] GC(452) Pause Young (Normal) (G1 Evacuation Pause) 395M->355M(1024M) 39.018ms
[2021-11-09T09:45:13.640-0800][gc,cpu      ] GC(452) User=0.06s Sys=0.06s Real=0.04s
[2021-11-09T09:50:24.870-0800][gc,start    ] GC(453) Pause Young (Normal) (G1 Evacuation Pause)
[2021-11-09T09:50:24.872-0800][gc,task     ] GC(453) Using 8 workers of 8 for evacuation
[2021-11-09T09:50:24.905-0800][gc,mmu      ] GC(453) MMU target violated: 21.0ms (20.0ms/21.0ms)
[2021-11-09T09:50:24.905-0800][gc,phases   ] GC(453)   Pre Evacuate Collection Set: 1.0ms
[2021-11-09T09:50:24.905-0800][gc,phases   ] GC(453)   Merge Heap Roots: 0.3ms
[2021-11-09T09:50:24.905-0800][gc,phases   ] GC(453)   Evacuate Collection Set: 28.2ms
[2021-11-09T09:50:24.905-0800][gc,phases   ] GC(453)   Post Evacuate Collection Set: 2.0ms
[2021-11-09T09:50:24.905-0800][gc,phases   ] GC(453)   Other: 2.8ms
[2021-11-09T09:50:24.905-0800][gc,heap     ] GC(453) Eden regions: 45->0(45)
[2021-11-09T09:50:24.905-0800][gc,heap     ] GC(453) Survivor regions: 6->6(7)
[2021-11-09T09:50:24.905-0800][gc,heap     ] GC(453) Old regions: 221->226
[2021-11-09T09:50:24.905-0800][gc,heap     ] GC(453) Archive regions: 2->2
[2021-11-09T09:50:24.905-0800][gc,heap     ] GC(453) Humongous regions: 129->129
[2021-11-09T09:50:24.905-0800][gc,metaspace] GC(453) Metaspace: 41037K(41536K)->41037K(41536K) NonClass: 36263K(36544K)->36263K(36544K) Class: 4773K(4992K)->4773K(4992K)
[2021-11-09T09:50:24.905-0800][gc          ] GC(453) Pause Young (Normal) (G1 Evacuation Pause) 400M->360M(1024M) 34.383ms
[2021-11-09T09:50:24.905-0800][gc,cpu      ] GC(453) User=0.06s Sys=0.05s Real=0.03s
[2021-11-09T09:55:36.178-0800][gc,start    ] GC(454) Pause Young (Normal) (G1 Evacuation Pause)
[2021-11-09T09:55:36.179-0800][gc,task     ] GC(454) Using 8 workers of 8 for evacuation
[2021-11-09T09:55:36.226-0800][gc,mmu      ] GC(454) MMU target violated: 21.0ms (20.0ms/21.0ms)
[2021-11-09T09:55:36.226-0800][gc,phases   ] GC(454)   Pre Evacuate Collection Set: 1.2ms
[2021-11-09T09:55:36.226-0800][gc,phases   ] GC(454)   Merge Heap Roots: 0.3ms
[2021-11-09T09:55:36.226-0800][gc,phases   ] GC(454)   Evacuate Collection Set: 42.9ms
[2021-11-09T09:55:36.226-0800][gc,phases   ] GC(454)   Post Evacuate Collection Set: 2.3ms
[2021-11-09T09:55:36.226-0800][gc,phases   ] GC(454)   Other: 1.7ms
[2021-11-09T09:55:36.226-0800][gc,heap     ] GC(454) Eden regions: 45->0(45)
[2021-11-09T09:55:36.226-0800][gc,heap     ] GC(454) Survivor regions: 6->6(7)
[2021-11-09T09:55:36.226-0800][gc,heap     ] GC(454) Old regions: 226->230
[2021-11-09T09:55:36.226-0800][gc,heap     ] GC(454) Archive regions: 2->2
[2021-11-09T09:55:36.226-0800][gc,heap     ] GC(454) Humongous regions: 129->129
[2021-11-09T09:55:36.226-0800][gc,metaspace] GC(454) Metaspace: 41037K(41536K)->41037K(41536K) NonClass: 36263K(36544K)->36263K(36544K) Class: 4773K(4992K)->4773K(4992K)
[2021-11-09T09:55:36.226-0800][gc          ] GC(454) Pause Young (Normal) (G1 Evacuation Pause) 405M->365M(1024M) 48.417ms
[2021-11-09T09:55:36.226-0800][gc,cpu      ] GC(454) User=0.06s Sys=0.06s Real=0.05s
[2021-11-09T10:00:48.123-0800][gc,start    ] GC(455) Pause Young (Concurrent Start) (G1 Evacuation Pause)
[2021-11-09T10:00:48.125-0800][gc,task     ] GC(455) Using 8 workers of 8 for evacuation
[2021-11-09T10:00:48.165-0800][gc,mmu      ] GC(455) MMU target violated: 21.0ms (20.0ms/21.0ms)
[2021-11-09T10:00:48.166-0800][gc,phases   ] GC(455)   Pre Evacuate Collection Set: 3.4ms
[2021-11-09T10:00:48.166-0800][gc,phases   ] GC(455)   Merge Heap Roots: 0.6ms
[2021-11-09T10:00:48.166-0800][gc,phases   ] GC(455)   Evacuate Collection Set: 32.7ms
[2021-11-09T10:00:48.166-0800][gc,phases   ] GC(455)   Post Evacuate Collection Set: 1.7ms
[2021-11-09T10:00:48.166-0800][gc,phases   ] GC(455)   Other: 4.5ms
[2021-11-09T10:00:48.166-0800][gc,heap     ] GC(455) Eden regions: 45->0(45)
[2021-11-09T10:00:48.166-0800][gc,heap     ] GC(455) Survivor regions: 6->6(7)
[2021-11-09T10:00:48.166-0800][gc,heap     ] GC(455) Old regions: 230->235
[2021-11-09T10:00:48.166-0800][gc,heap     ] GC(455) Archive regions: 2->2
[2021-11-09T10:00:48.166-0800][gc,heap     ] GC(455) Humongous regions: 129->129
[2021-11-09T10:00:48.166-0800][gc,metaspace] GC(455) Metaspace: 41037K(41536K)->41037K(41536K) NonClass: 36263K(36544K)->36263K(36544K) Class: 4773K(4992K)->4773K(4992K)
[2021-11-09T10:00:48.166-0800][gc          ] GC(455) Pause Young (Concurrent Start) (G1 Evacuation Pause) 410M->370M(1024M) 42.820ms
[2021-11-09T10:00:48.166-0800][gc,cpu      ] GC(455) User=0.06s Sys=0.08s Real=0.04s
[2021-11-09T10:00:48.166-0800][gc          ] GC(456) Concurrent Mark Cycle
[2021-11-09T10:00:48.166-0800][gc,marking  ] GC(456) Concurrent Clear Claimed Marks
[2021-11-09T10:00:48.167-0800][gc,marking  ] GC(456) Concurrent Clear Claimed Marks 0.478ms
[2021-11-09T10:00:48.167-0800][gc,marking  ] GC(456) Concurrent Scan Root Regions
[2021-11-09T10:00:48.174-0800][gc,marking  ] GC(456) Concurrent Scan Root Regions 7.156ms
[2021-11-09T10:00:48.174-0800][gc,marking  ] GC(456) Concurrent Mark
[2021-11-09T10:00:48.174-0800][gc,marking  ] GC(456) Concurrent Mark From Roots
[2021-11-09T10:00:48.174-0800][gc,task     ] GC(456) Using 2 workers of 2 for marking
[2021-11-09T10:00:48.201-0800][gc,marking  ] GC(456) Concurrent Mark From Roots 26.547ms
[2021-11-09T10:00:48.201-0800][gc,marking  ] GC(456) Concurrent Preclean
[2021-11-09T10:00:48.201-0800][gc,marking  ] GC(456) Concurrent Preclean 0.130ms
[2021-11-09T10:00:48.201-0800][gc,start    ] GC(456) Pause Remark
[2021-11-09T10:00:48.260-0800][gc,mmu      ] GC(456) MMU target violated: 21.0ms (20.0ms/21.0ms)
[2021-11-09T10:00:48.260-0800][gc          ] GC(456) Pause Remark 370M->286M(1024M) 59.259ms
[2021-11-09T10:00:48.260-0800][gc,cpu      ] GC(456) User=0.03s Sys=0.07s Real=0.06s
[2021-11-09T10:00:48.260-0800][gc,marking  ] GC(456) Concurrent Mark 86.132ms
[2021-11-09T10:00:48.260-0800][gc,marking  ] GC(456) Concurrent Rebuild Remembered Sets
[2021-11-09T10:00:48.280-0800][gc,marking  ] GC(456) Concurrent Rebuild Remembered Sets 19.333ms
[2021-11-09T10:00:48.280-0800][gc,start    ] GC(456) Pause Cleanup
[2021-11-09T10:00:48.280-0800][gc          ] GC(456) Pause Cleanup 286M->286M(1024M) 0.231ms
[2021-11-09T10:00:48.280-0800][gc,cpu      ] GC(456) User=0.01s Sys=0.00s Real=0.00s
[2021-11-09T10:00:48.280-0800][gc,marking  ] GC(456) Concurrent Cleanup for Next Mark
[2021-11-09T10:00:48.287-0800][gc,marking  ] GC(456) Concurrent Cleanup for Next Mark 6.750ms
[2021-11-09T10:00:48.287-0800][gc          ] GC(456) Concurrent Mark Cycle 120.617ms
[2021-11-09T10:05:59.284-0800][gc,start    ] GC(457) Pause Young (Prepare Mixed) (G1 Evacuation Pause)
[2021-11-09T10:05:59.285-0800][gc,task     ] GC(457) Using 8 workers of 8 for evacuation
[2021-11-09T10:05:59.346-0800][gc,mmu      ] GC(457) MMU target violated: 21.0ms (20.0ms/21.0ms)
[2021-11-09T10:05:59.346-0800][gc,phases   ] GC(457)   Pre Evacuate Collection Set: 1.2ms
[2021-11-09T10:05:59.346-0800][gc,phases   ] GC(457)   Merge Heap Roots: 1.6ms
[2021-11-09T10:05:59.346-0800][gc,phases   ] GC(457)   Evacuate Collection Set: 48.7ms
[2021-11-09T10:05:59.346-0800][gc,phases   ] GC(457)   Post Evacuate Collection Set: 8.4ms
[2021-11-09T10:05:59.346-0800][gc,phases   ] GC(457)   Other: 1.4ms
[2021-11-09T10:05:59.346-0800][gc,heap     ] GC(457) Eden regions: 45->0(45)
[2021-11-09T10:05:59.346-0800][gc,heap     ] GC(457) Survivor regions: 6->6(7)
[2021-11-09T10:05:59.346-0800][gc,heap     ] GC(457) Old regions: 151->156
[2021-11-09T10:05:59.346-0800][gc,heap     ] GC(457) Archive regions: 2->2
[2021-11-09T10:05:59.346-0800][gc,heap     ] GC(457) Humongous regions: 129->129
[2021-11-09T10:05:59.346-0800][gc,metaspace] GC(457) Metaspace: 41037K(41536K)->41037K(41536K) NonClass: 36263K(36544K)->36263K(36544K) Class: 4773K(4992K)->4773K(4992K)
[2021-11-09T10:05:59.346-0800][gc          ] GC(457) Pause Young (Prepare Mixed) (G1 Evacuation Pause) 331M->290M(1024M) 61.504ms
[2021-11-09T10:05:59.346-0800][gc,cpu      ] GC(457) User=0.06s Sys=0.06s Real=0.06s
[2021-11-09T10:10:50.239-0800][gc,start    ] GC(458) Pause Young (Mixed) (G1 Evacuation Pause)
[2021-11-09T10:10:50.240-0800][gc,task     ] GC(458) Using 8 workers of 8 for evacuation
[2021-11-09T10:10:50.287-0800][gc,mmu      ] GC(458) MMU target violated: 21.0ms (20.0ms/21.0ms)
[2021-11-09T10:10:50.297-0800][gc,phases   ] GC(458)   Pre Evacuate Collection Set: 1.0ms
[2021-11-09T10:10:50.297-0800][gc,phases   ] GC(458)   Merge Heap Roots: 0.5ms
[2021-11-09T10:10:50.297-0800][gc,phases   ] GC(458)   Evacuate Collection Set: 44.0ms
[2021-11-09T10:10:50.297-0800][gc,phases   ] GC(458)   Post Evacuate Collection Set: 1.3ms
[2021-11-09T10:10:50.297-0800][gc,phases   ] GC(458)   Other: 10.6ms
[2021-11-09T10:10:50.297-0800][gc,heap     ] GC(458) Eden regions: 45->0(45)
[2021-11-09T10:10:50.297-0800][gc,heap     ] GC(458) Survivor regions: 6->6(7)
[2021-11-09T10:10:50.297-0800][gc,heap     ] GC(458) Old regions: 156->151
[2021-11-09T10:10:50.297-0800][gc,heap     ] GC(458) Archive regions: 2->2
[2021-11-09T10:10:50.297-0800][gc,heap     ] GC(458) Humongous regions: 129->129
[2021-11-09T10:10:50.297-0800][gc,metaspace] GC(458) Metaspace: 41037K(41536K)->41037K(41536K) NonClass: 36263K(36544K)->36263K(36544K) Class: 4773K(4992K)->4773K(4992K)
[2021-11-09T10:10:50.297-0800][gc          ] GC(458) Pause Young (Mixed) (G1 Evacuation Pause) 335M->286M(1024M) 57.951ms
[2021-11-09T10:10:50.297-0800][gc,cpu      ] GC(458) User=0.04s Sys=0.05s Real=0.06s
[2021-11-09T10:16:00.225-0800][gc,start    ] GC(459) Pause Young (Mixed) (G1 Evacuation Pause)
[2021-11-09T10:16:00.227-0800][gc,task     ] GC(459) Using 8 workers of 8 for evacuation
[2021-11-09T10:16:00.279-0800][gc,mmu      ] GC(459) MMU target violated: 21.0ms (20.0ms/21.0ms)
[2021-11-09T10:16:00.279-0800][gc,phases   ] GC(459)   Pre Evacuate Collection Set: 1.3ms
[2021-11-09T10:16:00.280-0800][gc,phases   ] GC(459)   Merge Heap Roots: 0.5ms
[2021-11-09T10:16:00.280-0800][gc,phases   ] GC(459)   Evacuate Collection Set: 48.5ms
[2021-11-09T10:16:00.280-0800][gc,phases   ] GC(459)   Post Evacuate Collection Set: 1.6ms
[2021-11-09T10:16:00.280-0800][gc,phases   ] GC(459)   Other: 2.3ms
[2021-11-09T10:16:00.280-0800][gc,heap     ] GC(459) Eden regions: 45->0(48)
[2021-11-09T10:16:00.280-0800][gc,heap     ] GC(459) Survivor regions: 6->3(7)
[2021-11-09T10:16:00.280-0800][gc,heap     ] GC(459) Old regions: 151->146
[2021-11-09T10:16:00.280-0800][gc,heap     ] GC(459) Archive regions: 2->2
[2021-11-09T10:16:00.280-0800][gc,heap     ] GC(459) Humongous regions: 129->129
[2021-11-09T10:16:00.280-0800][gc,metaspace] GC(459) Metaspace: 41037K(41536K)->41037K(41536K) NonClass: 36263K(36544K)->36263K(36544K) Class: 4773K(4992K)->4773K(4992K)
[2021-11-09T10:16:00.280-0800][gc          ] GC(459) Pause Young (Mixed) (G1 Evacuation Pause) 331M->277M(1024M) 54.317ms
[2021-11-09T10:16:00.280-0800][gc,cpu      ] GC(459) User=0.03s Sys=0.06s Real=0.06s
[2021-11-09T11:15:42.129-0800][gc,start    ] GC(460) Pause Young (Mixed) (G1 Evacuation Pause)
[2021-11-09T11:15:42.129-0800][gc,task     ] GC(460) Using 8 workers of 8 for evacuation
[2021-11-09T11:19:28.519-0800][gc,mmu      ] GC(460) MMU target violated: 21.0ms (20.0ms/21.0ms)
[2021-11-09T11:19:28.520-0800][gc,phases   ] GC(460)   Pre Evacuate Collection Set: 0.8ms
[2021-11-09T11:19:28.520-0800][gc,phases   ] GC(460)   Merge Heap Roots: 0.2ms
[2021-11-09T11:19:28.520-0800][gc,phases   ] GC(460)   Evacuate Collection Set: 241.0ms
[2021-11-09T11:19:28.520-0800][gc,phases   ] GC(460)   Post Evacuate Collection Set: 2.6ms
[2021-11-09T11:19:28.520-0800][gc,phases   ] GC(460)   Other: 1.7ms
[2021-11-09T11:19:28.520-0800][gc,heap     ] GC(460) Eden regions: 48->0(44)
[2021-11-09T11:19:28.520-0800][gc,heap     ] GC(460) Survivor regions: 3->7(7)
[2021-11-09T11:19:28.520-0800][gc,heap     ] GC(460) Old regions: 146->136
[2021-11-09T11:19:28.520-0800][gc,heap     ] GC(460) Archive regions: 2->2
[2021-11-09T11:19:28.520-0800][gc,heap     ] GC(460) Humongous regions: 129->129
[2021-11-09T11:19:28.520-0800][gc,metaspace] GC(460) Metaspace: 41037K(41536K)->41037K(41536K) NonClass: 36263K(36544K)->36263K(36544K) Class: 4773K(4992K)->4773K(4992K)
[2021-11-09T11:19:28.520-0800][gc          ] GC(460) Pause Young (Mixed) (G1 Evacuation Pause) 325M->271M(1024M) 246.320ms
[2021-11-09T11:19:28.520-0800][gc,cpu      ] GC(460) User=0.04s Sys=0.04s Real=226.40s
[2021-11-09T11:27:09.791-0800][gc,start    ] GC(461) Pause Young (Mixed) (G1 Evacuation Pause)
[2021-11-09T11:27:09.792-0800][gc,task     ] GC(461) Using 8 workers of 8 for evacuation
[2021-11-09T11:27:09.848-0800][gc,mmu      ] GC(461) MMU target violated: 21.0ms (20.0ms/21.0ms)
[2021-11-09T11:27:09.848-0800][gc,phases   ] GC(461)   Pre Evacuate Collection Set: 6.5ms
[2021-11-09T11:27:09.848-0800][gc,phases   ] GC(461)   Merge Heap Roots: 1.1ms
[2021-11-09T11:27:09.848-0800][gc,phases   ] GC(461)   Evacuate Collection Set: 46.3ms
[2021-11-09T11:27:09.848-0800][gc,phases   ] GC(461)   Post Evacuate Collection Set: 1.8ms
[2021-11-09T11:27:09.848-0800][gc,phases   ] GC(461)   Other: 1.4ms
[2021-11-09T11:27:09.848-0800][gc,heap     ] GC(461) Eden regions: 44->0(45)
[2021-11-09T11:27:09.848-0800][gc,heap     ] GC(461) Survivor regions: 7->6(7)
[2021-11-09T11:27:09.848-0800][gc,heap     ] GC(461) Old regions: 136->132
[2021-11-09T11:27:09.848-0800][gc,heap     ] GC(461) Archive regions: 2->2
[2021-11-09T11:27:09.848-0800][gc,heap     ] GC(461) Humongous regions: 129->129
[2021-11-09T11:27:09.848-0800][gc,metaspace] GC(461) Metaspace: 41037K(41536K)->41037K(41536K) NonClass: 36263K(36544K)->36263K(36544K) Class: 4773K(4992K)->4773K(4992K)
[2021-11-09T11:27:09.848-0800][gc          ] GC(461) Pause Young (Mixed) (G1 Evacuation Pause) 315M->266M(1024M) 57.074ms
[2021-11-09T11:27:09.848-0800][gc,cpu      ] GC(461) User=0.04s Sys=0.08s Real=0.05s
[2021-11-09T11:32:21.551-0800][gc,start    ] GC(462) Pause Young (Mixed) (G1 Evacuation Pause)
[2021-11-09T11:32:21.567-0800][gc,task     ] GC(462) Using 8 workers of 8 for evacuation
[2021-11-09T11:32:21.632-0800][gc,mmu      ] GC(462) MMU target violated: 21.0ms (20.0ms/21.0ms)
[2021-11-09T11:32:21.644-0800][gc,phases   ] GC(462)   Pre Evacuate Collection Set: 2.0ms
[2021-11-09T11:32:21.644-0800][gc,phases   ] GC(462)   Merge Heap Roots: 0.7ms
[2021-11-09T11:32:21.644-0800][gc,phases   ] GC(462)   Evacuate Collection Set: 57.9ms
[2021-11-09T11:32:21.644-0800][gc,phases   ] GC(462)   Post Evacuate Collection Set: 2.3ms
[2021-11-09T11:32:21.645-0800][gc,phases   ] GC(462)   Other: 30.7ms
[2021-11-09T11:32:21.645-0800][gc,heap     ] GC(462) Eden regions: 45->0(45)
[2021-11-09T11:32:21.645-0800][gc,heap     ] GC(462) Survivor regions: 6->6(7)
[2021-11-09T11:32:21.645-0800][gc,heap     ] GC(462) Old regions: 132->126
[2021-11-09T11:32:21.645-0800][gc,heap     ] GC(462) Archive regions: 2->2
[2021-11-09T11:32:21.645-0800][gc,heap     ] GC(462) Humongous regions: 129->129
[2021-11-09T11:32:21.645-0800][gc,metaspace] GC(462) Metaspace: 41037K(41536K)->41037K(41536K) NonClass: 36263K(36544K)->36263K(36544K) Class: 4773K(4992K)->4773K(4992K)
[2021-11-09T11:32:21.645-0800][gc          ] GC(462) Pause Young (Mixed) (G1 Evacuation Pause) 311M->260M(1024M) 93.928ms
[2021-11-09T11:32:21.645-0800][gc,cpu      ] GC(462) User=0.07s Sys=0.08s Real=0.09s
[2021-11-09T11:37:33.654-0800][gc,start    ] GC(463) Pause Young (Mixed) (G1 Evacuation Pause)
[2021-11-09T11:37:33.655-0800][gc,task     ] GC(463) Using 8 workers of 8 for evacuation
[2021-11-09T11:37:33.693-0800][gc,mmu      ] GC(463) MMU target violated: 21.0ms (20.0ms/21.0ms)
[2021-11-09T11:37:33.693-0800][gc,phases   ] GC(463)   Pre Evacuate Collection Set: 1.6ms
[2021-11-09T11:37:33.693-0800][gc,phases   ] GC(463)   Merge Heap Roots: 0.4ms
[2021-11-09T11:37:33.693-0800][gc,phases   ] GC(463)   Evacuate Collection Set: 33.1ms
[2021-11-09T11:37:33.693-0800][gc,phases   ] GC(463)   Post Evacuate Collection Set: 1.4ms
[2021-11-09T11:37:33.693-0800][gc,phases   ] GC(463)   Other: 2.9ms
[2021-11-09T11:37:33.693-0800][gc,heap     ] GC(463) Eden regions: 45->0(45)
[2021-11-09T11:37:33.693-0800][gc,heap     ] GC(463) Survivor regions: 6->6(7)
[2021-11-09T11:37:33.693-0800][gc,heap     ] GC(463) Old regions: 126->121
[2021-11-09T11:37:33.693-0800][gc,heap     ] GC(463) Archive regions: 2->2
[2021-11-09T11:37:33.693-0800][gc,heap     ] GC(463) Humongous regions: 129->129
[2021-11-09T11:37:33.693-0800][gc,metaspace] GC(463) Metaspace: 41037K(41536K)->41037K(41536K) NonClass: 36263K(36544K)->36263K(36544K) Class: 4773K(4992K)->4773K(4992K)
[2021-11-09T11:37:33.693-0800][gc          ] GC(463) Pause Young (Mixed) (G1 Evacuation Pause) 305M->255M(1024M) 39.355ms
[2021-11-09T11:37:33.693-0800][gc,cpu      ] GC(463) User=0.06s Sys=0.08s Real=0.04s
[2021-11-09T11:42:45.661-0800][gc,start    ] GC(464) Pause Young (Mixed) (G1 Evacuation Pause)
[2021-11-09T11:42:45.663-0800][gc,task     ] GC(464) Using 8 workers of 8 for evacuation
[2021-11-09T11:42:45.720-0800][gc,mmu      ] GC(464) MMU target violated: 21.0ms (20.0ms/21.0ms)
[2021-11-09T11:42:45.721-0800][gc,phases   ] GC(464)   Pre Evacuate Collection Set: 1.8ms
[2021-11-09T11:42:45.721-0800][gc,phases   ] GC(464)   Merge Heap Roots: 0.5ms
[2021-11-09T11:42:45.721-0800][gc,phases   ] GC(464)   Evacuate Collection Set: 53.0ms
[2021-11-09T11:42:45.721-0800][gc,phases   ] GC(464)   Post Evacuate Collection Set: 1.9ms
[2021-11-09T11:42:45.721-0800][gc,phases   ] GC(464)   Other: 2.3ms
[2021-11-09T11:42:45.721-0800][gc,heap     ] GC(464) Eden regions: 45->0(45)
[2021-11-09T11:42:45.721-0800][gc,heap     ] GC(464) Survivor regions: 6->6(7)
[2021-11-09T11:42:45.721-0800][gc,heap     ] GC(464) Old regions: 121->116
[2021-11-09T11:42:45.721-0800][gc,heap     ] GC(464) Archive regions: 2->2
[2021-11-09T11:42:45.721-0800][gc,heap     ] GC(464) Humongous regions: 129->129
[2021-11-09T11:42:45.721-0800][gc,metaspace] GC(464) Metaspace: 41037K(41536K)->41037K(41536K) NonClass: 36263K(36544K)->36263K(36544K) Class: 4773K(4992K)->4773K(4992K)
[2021-11-09T11:42:45.721-0800][gc          ] GC(464) Pause Young (Mixed) (G1 Evacuation Pause) 300M->250M(1024M) 59.564ms
[2021-11-09T11:42:45.721-0800][gc,cpu      ] GC(464) User=0.06s Sys=0.07s Real=0.06s
[2021-11-09T11:47:57.589-0800][gc,start    ] GC(465) Pause Young (Mixed) (G1 Evacuation Pause)
[2021-11-09T11:47:57.589-0800][gc,task     ] GC(465) Using 8 workers of 8 for evacuation
[2021-11-09T11:47:57.651-0800][gc,mmu      ] GC(465) MMU target violated: 21.0ms (20.0ms/21.0ms)
[2021-11-09T11:47:57.651-0800][gc,phases   ] GC(465)   Pre Evacuate Collection Set: 1.1ms
[2021-11-09T11:47:57.651-0800][gc,phases   ] GC(465)   Merge Heap Roots: 7.0ms
[2021-11-09T11:47:57.651-0800][gc,phases   ] GC(465)   Evacuate Collection Set: 52.2ms
[2021-11-09T11:47:57.651-0800][gc,phases   ] GC(465)   Post Evacuate Collection Set: 0.9ms
[2021-11-09T11:47:57.651-0800][gc,phases   ] GC(465)   Other: 0.9ms
[2021-11-09T11:47:57.651-0800][gc,heap     ] GC(465) Eden regions: 45->0(45)
[2021-11-09T11:47:57.651-0800][gc,heap     ] GC(465) Survivor regions: 6->6(7)
[2021-11-09T11:47:57.651-0800][gc,heap     ] GC(465) Old regions: 116->110
[2021-11-09T11:47:57.651-0800][gc,heap     ] GC(465) Archive regions: 2->2
[2021-11-09T11:47:57.651-0800][gc,heap     ] GC(465) Humongous regions: 129->129
[2021-11-09T11:47:57.651-0800][gc,metaspace] GC(465) Metaspace: 41037K(41536K)->41037K(41536K) NonClass: 36263K(36544K)->36263K(36544K) Class: 4773K(4992K)->4773K(4992K)
[2021-11-09T11:47:57.651-0800][gc          ] GC(465) Pause Young (Mixed) (G1 Evacuation Pause) 295M->245M(1024M) 62.081ms
[2021-11-09T11:47:57.651-0800][gc,cpu      ] GC(465) User=0.05s Sys=0.06s Real=0.07s
[2021-11-09T11:53:09.765-0800][gc,start    ] GC(466) Pause Young (Normal) (G1 Evacuation Pause)
[2021-11-09T11:53:09.767-0800][gc,task     ] GC(466) Using 8 workers of 8 for evacuation
[2021-11-09T11:53:09.827-0800][gc,mmu      ] GC(466) MMU target violated: 21.0ms (20.0ms/21.0ms)
[2021-11-09T11:53:09.827-0800][gc,phases   ] GC(466)   Pre Evacuate Collection Set: 2.4ms
[2021-11-09T11:53:09.827-0800][gc,phases   ] GC(466)   Merge Heap Roots: 0.3ms
[2021-11-09T11:53:09.827-0800][gc,phases   ] GC(466)   Evacuate Collection Set: 55.6ms
[2021-11-09T11:53:09.827-0800][gc,phases   ] GC(466)   Post Evacuate Collection Set: 1.5ms
[2021-11-09T11:53:09.827-0800][gc,phases   ] GC(466)   Other: 1.8ms
[2021-11-09T11:53:09.827-0800][gc,heap     ] GC(466) Eden regions: 45->0(45)
[2021-11-09T11:53:09.827-0800][gc,heap     ] GC(466) Survivor regions: 6->6(7)
[2021-11-09T11:53:09.827-0800][gc,heap     ] GC(466) Old regions: 110->115
[2021-11-09T11:53:09.827-0800][gc,heap     ] GC(466) Archive regions: 2->2
[2021-11-09T11:53:09.827-0800][gc,heap     ] GC(466) Humongous regions: 129->129
[2021-11-09T11:53:09.827-0800][gc,metaspace] GC(466) Metaspace: 41037K(41536K)->41037K(41536K) NonClass: 36263K(36544K)->36263K(36544K) Class: 4773K(4992K)->4773K(4992K)
[2021-11-09T11:53:09.827-0800][gc          ] GC(466) Pause Young (Normal) (G1 Evacuation Pause) 290M->249M(1024M) 61.621ms
[2021-11-09T11:53:09.827-0800][gc,cpu      ] GC(466) User=0.06s Sys=0.08s Real=0.06s
[2021-11-09T11:58:22.124-0800][gc,start    ] GC(467) Pause Young (Normal) (G1 Evacuation Pause)
[2021-11-09T11:58:22.126-0800][gc,task     ] GC(467) Using 8 workers of 8 for evacuation
[2021-11-09T11:58:22.176-0800][gc,mmu      ] GC(467) MMU target violated: 21.0ms (20.0ms/21.0ms)
[2021-11-09T11:58:22.176-0800][gc,phases   ] GC(467)   Pre Evacuate Collection Set: 1.9ms
[2021-11-09T11:58:22.176-0800][gc,phases   ] GC(467)   Merge Heap Roots: 0.4ms
[2021-11-09T11:58:22.176-0800][gc,phases   ] GC(467)   Evacuate Collection Set: 43.0ms
[2021-11-09T11:58:22.176-0800][gc,phases   ] GC(467)   Post Evacuate Collection Set: 4.3ms
[2021-11-09T11:58:22.176-0800][gc,phases   ] GC(467)   Other: 3.0ms
[2021-11-09T11:58:22.176-0800][gc,heap     ] GC(467) Eden regions: 45->0(45)
[2021-11-09T11:58:22.176-0800][gc,heap     ] GC(467) Survivor regions: 6->6(7)
[2021-11-09T11:58:22.176-0800][gc,heap     ] GC(467) Old regions: 115->120
[2021-11-09T11:58:22.176-0800][gc,heap     ] GC(467) Archive regions: 2->2
[2021-11-09T11:58:22.176-0800][gc,heap     ] GC(467) Humongous regions: 129->129
[2021-11-09T11:58:22.176-0800][gc,metaspace] GC(467) Metaspace: 41037K(41536K)->41037K(41536K) NonClass: 36263K(36544K)->36263K(36544K) Class: 4773K(4992K)->4773K(4992K)
[2021-11-09T11:58:22.176-0800][gc          ] GC(467) Pause Young (Normal) (G1 Evacuation Pause) 294M->254M(1024M) 52.696ms
[2021-11-09T11:58:22.176-0800][gc,cpu      ] GC(467) User=0.07s Sys=0.06s Real=0.05s
[2021-11-09T12:03:34.119-0800][gc,start    ] GC(468) Pause Young (Normal) (G1 Evacuation Pause)
[2021-11-09T12:03:34.120-0800][gc,task     ] GC(468) Using 8 workers of 8 for evacuation
[2021-11-09T12:03:34.157-0800][gc,mmu      ] GC(468) MMU target violated: 21.0ms (20.0ms/21.0ms)
[2021-11-09T12:03:34.157-0800][gc,phases   ] GC(468)   Pre Evacuate Collection Set: 1.3ms
[2021-11-09T12:03:34.157-0800][gc,phases   ] GC(468)   Merge Heap Roots: 0.4ms
[2021-11-09T12:03:34.157-0800][gc,phases   ] GC(468)   Evacuate Collection Set: 31.7ms
[2021-11-09T12:03:34.157-0800][gc,phases   ] GC(468)   Post Evacuate Collection Set: 2.4ms
[2021-11-09T12:03:34.157-0800][gc,phases   ] GC(468)   Other: 2.5ms
[2021-11-09T12:03:34.157-0800][gc,heap     ] GC(468) Eden regions: 45->0(45)
[2021-11-09T12:03:34.157-0800][gc,heap     ] GC(468) Survivor regions: 6->6(7)
[2021-11-09T12:03:34.157-0800][gc,heap     ] GC(468) Old regions: 120->125
[2021-11-09T12:03:34.157-0800][gc,heap     ] GC(468) Archive regions: 2->2
[2021-11-09T12:03:34.157-0800][gc,heap     ] GC(468) Humongous regions: 129->129
[2021-11-09T12:03:34.157-0800][gc,metaspace] GC(468) Metaspace: 41037K(41536K)->41037K(41536K) NonClass: 36263K(36544K)->36263K(36544K) Class: 4773K(4992K)->4773K(4992K)
[2021-11-09T12:03:34.157-0800][gc          ] GC(468) Pause Young (Normal) (G1 Evacuation Pause) 299M->259M(1024M) 38.316ms
[2021-11-09T12:03:34.157-0800][gc,cpu      ] GC(468) User=0.06s Sys=0.08s Real=0.04s
[2021-11-09T12:08:46.477-0800][gc,start    ] GC(469) Pause Young (Normal) (G1 Evacuation Pause)
[2021-11-09T12:08:46.478-0800][gc,task     ] GC(469) Using 8 workers of 8 for evacuation
[2021-11-09T12:08:46.544-0800][gc,mmu      ] GC(469) MMU target violated: 21.0ms (20.0ms/21.0ms)
[2021-11-09T12:08:46.544-0800][gc,phases   ] GC(469)   Pre Evacuate Collection Set: 2.0ms
[2021-11-09T12:08:46.544-0800][gc,phases   ] GC(469)   Merge Heap Roots: 0.2ms
[2021-11-09T12:08:46.544-0800][gc,phases   ] GC(469)   Evacuate Collection Set: 61.0ms
[2021-11-09T12:08:46.544-0800][gc,phases   ] GC(469)   Post Evacuate Collection Set: 1.6ms
[2021-11-09T12:08:46.544-0800][gc,phases   ] GC(469)   Other: 1.8ms
[2021-11-09T12:08:46.544-0800][gc,heap     ] GC(469) Eden regions: 45->0(45)
[2021-11-09T12:08:46.544-0800][gc,heap     ] GC(469) Survivor regions: 6->6(7)
[2021-11-09T12:08:46.544-0800][gc,heap     ] GC(469) Old regions: 125->130
[2021-11-09T12:08:46.544-0800][gc,heap     ] GC(469) Archive regions: 2->2
[2021-11-09T12:08:46.544-0800][gc,heap     ] GC(469) Humongous regions: 129->129
[2021-11-09T12:08:46.544-0800][gc,metaspace] GC(469) Metaspace: 41037K(41536K)->41037K(41536K) NonClass: 36263K(36544K)->36263K(36544K) Class: 4773K(4992K)->4773K(4992K)
[2021-11-09T12:08:46.544-0800][gc          ] GC(469) Pause Young (Normal) (G1 Evacuation Pause) 304M->264M(1024M) 66.606ms
[2021-11-09T12:08:46.544-0800][gc,cpu      ] GC(469) User=0.06s Sys=0.06s Real=0.07s
[2021-11-09T12:13:37.540-0800][gc,start    ] GC(470) Pause Young (Normal) (G1 Evacuation Pause)
[2021-11-09T12:13:37.542-0800][gc,task     ] GC(470) Using 8 workers of 8 for evacuation
[2021-11-09T12:13:37.577-0800][gc,mmu      ] GC(470) MMU target violated: 21.0ms (20.0ms/21.0ms)
[2021-11-09T12:13:37.577-0800][gc,phases   ] GC(470)   Pre Evacuate Collection Set: 1.1ms
[2021-11-09T12:13:37.577-0800][gc,phases   ] GC(470)   Merge Heap Roots: 0.3ms
[2021-11-09T12:13:37.577-0800][gc,phases   ] GC(470)   Evacuate Collection Set: 32.5ms
[2021-11-09T12:13:37.577-0800][gc,phases   ] GC(470)   Post Evacuate Collection Set: 1.7ms
[2021-11-09T12:13:37.578-0800][gc,phases   ] GC(470)   Other: 2.0ms
[2021-11-09T12:13:37.578-0800][gc,heap     ] GC(470) Eden regions: 45->0(47)
[2021-11-09T12:13:37.578-0800][gc,heap     ] GC(470) Survivor regions: 6->4(7)
[2021-11-09T12:13:37.578-0800][gc,heap     ] GC(470) Old regions: 130->135
[2021-11-09T12:13:37.578-0800][gc,heap     ] GC(470) Archive regions: 2->2
[2021-11-09T12:13:37.578-0800][gc,heap     ] GC(470) Humongous regions: 129->129
[2021-11-09T12:13:37.578-0800][gc,metaspace] GC(470) Metaspace: 41037K(41536K)->41037K(41536K) NonClass: 36263K(36544K)->36263K(36544K) Class: 4773K(4992K)->4773K(4992K)
[2021-11-09T12:13:37.578-0800][gc          ] GC(470) Pause Young (Normal) (G1 Evacuation Pause) 309M->268M(1024M) 37.624ms
[2021-11-09T12:13:37.578-0800][gc,cpu      ] GC(470) User=0.06s Sys=0.08s Real=0.03s
[2021-11-09T12:19:02.648-0800][gc,start    ] GC(471) Pause Young (Normal) (G1 Evacuation Pause)
[2021-11-09T12:19:02.650-0800][gc,task     ] GC(471) Using 8 workers of 8 for evacuation
[2021-11-09T12:19:02.686-0800][gc,mmu      ] GC(471) MMU target violated: 21.0ms (20.0ms/21.0ms)
[2021-11-09T12:19:02.686-0800][gc,phases   ] GC(471)   Pre Evacuate Collection Set: 2.0ms
[2021-11-09T12:19:02.686-0800][gc,phases   ] GC(471)   Merge Heap Roots: 8.3ms
[2021-11-09T12:19:02.686-0800][gc,phases   ] GC(471)   Evacuate Collection Set: 23.4ms
[2021-11-09T12:19:02.686-0800][gc,phases   ] GC(471)   Post Evacuate Collection Set: 2.0ms
[2021-11-09T12:19:02.686-0800][gc,phases   ] GC(471)   Other: 2.9ms
[2021-11-09T12:19:02.686-0800][gc,heap     ] GC(471) Eden regions: 47->0(47)
[2021-11-09T12:19:02.686-0800][gc,heap     ] GC(471) Survivor regions: 4->4(7)
[2021-11-09T12:19:02.686-0800][gc,heap     ] GC(471) Old regions: 135->135
[2021-11-09T12:19:02.686-0800][gc,heap     ] GC(471) Archive regions: 2->2
[2021-11-09T12:19:02.686-0800][gc,heap     ] GC(471) Humongous regions: 129->129
[2021-11-09T12:19:02.686-0800][gc,metaspace] GC(471) Metaspace: 41037K(41536K)->41037K(41536K) NonClass: 36263K(36544K)->36263K(36544K) Class: 4773K(4992K)->4773K(4992K)
[2021-11-09T12:19:02.686-0800][gc          ] GC(471) Pause Young (Normal) (G1 Evacuation Pause) 315M->268M(1024M) 38.634ms
[2021-11-09T12:19:02.686-0800][gc,cpu      ] GC(471) User=0.03s Sys=0.04s Real=0.04s
[2021-11-09T12:24:29.384-0800][gc,start    ] GC(472) Pause Young (Normal) (G1 Evacuation Pause)
[2021-11-09T12:24:29.385-0800][gc,task     ] GC(472) Using 8 workers of 8 for evacuation
[2021-11-09T12:24:29.427-0800][gc,mmu      ] GC(472) MMU target violated: 21.0ms (20.0ms/21.0ms)
[2021-11-09T12:24:29.427-0800][gc,phases   ] GC(472)   Pre Evacuate Collection Set: 1.2ms
[2021-11-09T12:24:29.427-0800][gc,phases   ] GC(472)   Merge Heap Roots: 0.4ms
[2021-11-09T12:24:29.427-0800][gc,phases   ] GC(472)   Evacuate Collection Set: 38.0ms
[2021-11-09T12:24:29.427-0800][gc,phases   ] GC(472)   Post Evacuate Collection Set: 1.6ms
[2021-11-09T12:24:29.427-0800][gc,phases   ] GC(472)   Other: 1.6ms
[2021-11-09T12:24:29.427-0800][gc,heap     ] GC(472) Eden regions: 47->0(48)
[2021-11-09T12:24:29.427-0800][gc,heap     ] GC(472) Survivor regions: 4->3(7)
[2021-11-09T12:24:29.427-0800][gc,heap     ] GC(472) Old regions: 135->137
[2021-11-09T12:24:29.427-0800][gc,heap     ] GC(472) Archive regions: 2->2
[2021-11-09T12:24:29.427-0800][gc,heap     ] GC(472) Humongous regions: 129->129
[2021-11-09T12:24:29.427-0800][gc,metaspace] GC(472) Metaspace: 41037K(41536K)->41037K(41536K) NonClass: 36263K(36544K)->36263K(36544K) Class: 4773K(4992K)->4773K(4992K)
[2021-11-09T12:24:29.427-0800][gc          ] GC(472) Pause Young (Normal) (G1 Evacuation Pause) 315M->268M(1024M) 42.985ms
[2021-11-09T12:24:29.427-0800][gc,cpu      ] GC(472) User=0.04s Sys=0.05s Real=0.04s
[2021-11-09T12:30:02.001-0800][gc,start    ] GC(473) Pause Young (Normal) (G1 Evacuation Pause)
[2021-11-09T12:30:02.003-0800][gc,task     ] GC(473) Using 8 workers of 8 for evacuation
[2021-11-09T12:30:02.039-0800][gc,mmu      ] GC(473) MMU target violated: 21.0ms (20.0ms/21.0ms)
[2021-11-09T12:30:02.039-0800][gc,phases   ] GC(473)   Pre Evacuate Collection Set: 1.7ms
[2021-11-09T12:30:02.039-0800][gc,phases   ] GC(473)   Merge Heap Roots: 0.5ms
[2021-11-09T12:30:02.039-0800][gc,phases   ] GC(473)   Evacuate Collection Set: 24.2ms
[2021-11-09T12:30:02.039-0800][gc,phases   ] GC(473)   Post Evacuate Collection Set: 9.2ms
[2021-11-09T12:30:02.039-0800][gc,phases   ] GC(473)   Other: 2.7ms
[2021-11-09T12:30:02.039-0800][gc,heap     ] GC(473) Eden regions: 48->0(48)
[2021-11-09T12:30:02.039-0800][gc,heap     ] GC(473) Survivor regions: 3->3(7)
[2021-11-09T12:30:02.039-0800][gc,heap     ] GC(473) Old regions: 137->137
[2021-11-09T12:30:02.039-0800][gc,heap     ] GC(473) Archive regions: 2->2
[2021-11-09T12:30:02.039-0800][gc,heap     ] GC(473) Humongous regions: 129->129
[2021-11-09T12:30:02.039-0800][gc,metaspace] GC(473) Metaspace: 41037K(41536K)->41037K(41536K) NonClass: 36263K(36544K)->36263K(36544K) Class: 4773K(4992K)->4773K(4992K)
[2021-11-09T12:30:02.039-0800][gc          ] GC(473) Pause Young (Normal) (G1 Evacuation Pause) 316M->269M(1024M) 38.371ms
[2021-11-09T12:30:02.040-0800][gc,cpu      ] GC(473) User=0.02s Sys=0.04s Real=0.04s
[2021-11-09T12:35:10.411-0800][gc,heap,exit] Heap
[2021-11-09T12:35:10.412-0800][gc,heap,exit]  garbage-first heap   total 1048576K, used 323720K [0x00000007c0000000, 0x0000000800000000)
[2021-11-09T12:35:10.412-0800][gc,heap,exit]   region size 1024K, 51 young (52224K), 3 survivors (3072K)
[2021-11-09T12:35:10.412-0800][gc,heap,exit]  Metaspace       used 41138K, committed 41664K, reserved 1089536K
[2021-11-09T12:35:10.412-0800][gc,heap,exit]   class space    used 4800K, committed 5056K, reserved 1048576K
