[2021-10-29T12:16:40.433-0700][gc] Using G1
[2021-10-29T12:16:40.438-0700][gc,init] Version: 17+35-2724 (release)
[2021-10-29T12:16:40.438-0700][gc,init] CPUs: 8 total, 8 available
[2021-10-29T12:16:40.438-0700][gc,init] Memory: 16384M
[2021-10-29T12:16:40.438-0700][gc,init] Large Page Support: Disabled
[2021-10-29T12:16:40.438-0700][gc,init] NUMA Support: Disabled
[2021-10-29T12:16:40.438-0700][gc,init] Compressed Oops: Enabled (Zero based)
[2021-10-29T12:16:40.438-0700][gc,init] Heap Region Size: 1M
[2021-10-29T12:16:40.438-0700][gc,init] Heap Min Capacity: 1G
[2021-10-29T12:16:40.438-0700][gc,init] Heap Initial Capacity: 1G
[2021-10-29T12:16:40.438-0700][gc,init] Heap Max Capacity: 1G
[2021-10-29T12:16:40.438-0700][gc,init] Pre-touch: Disabled
[2021-10-29T12:16:40.438-0700][gc,init] Parallel Workers: 8
[2021-10-29T12:16:40.438-0700][gc,init] Concurrent Workers: 2
[2021-10-29T12:16:40.438-0700][gc,init] Concurrent Refinement Workers: 8
[2021-10-29T12:16:40.438-0700][gc,init] Periodic GC: Disabled
[2021-10-29T12:16:40.438-0700][gc,metaspace] CDS archive(s) mapped at: [0x0000000800000000-0x0000000800bd0000-0x0000000800bd0000), size 12386304, SharedBaseAddress: 0x0000000800000000, ArchiveRelocationMode: 0.
[2021-10-29T12:16:40.438-0700][gc,metaspace] Compressed class space mapped at: 0x0000000800c00000-0x0000000840c00000, reserved size: 1073741824
[2021-10-29T12:16:40.438-0700][gc,metaspace] Narrow klass base: 0x0000000800000000, Narrow klass shift: 0, Narrow klass range: 0x100000000
[2021-10-29T12:16:41.983-0700][gc,start    ] GC(0) Pause Young (Normal) (G1 Evacuation Pause)
[2021-10-29T12:16:41.984-0700][gc,task     ] GC(0) Using 8 workers of 8 for evacuation
[2021-10-29T12:16:41.994-0700][gc,phases   ] GC(0)   Pre Evacuate Collection Set: 0.1ms
[2021-10-29T12:16:41.994-0700][gc,phases   ] GC(0)   Merge Heap Roots: 0.0ms
[2021-10-29T12:16:41.994-0700][gc,phases   ] GC(0)   Evacuate Collection Set: 9.2ms
[2021-10-29T12:16:41.994-0700][gc,phases   ] GC(0)   Post Evacuate Collection Set: 0.4ms
[2021-10-29T12:16:41.994-0700][gc,phases   ] GC(0)   Other: 0.6ms
[2021-10-29T12:16:41.994-0700][gc,heap     ] GC(0) Eden regions: 51->0(44)
[2021-10-29T12:16:41.994-0700][gc,heap     ] GC(0) Survivor regions: 0->7(7)
[2021-10-29T12:16:41.994-0700][gc,heap     ] GC(0) Old regions: 0->1
[2021-10-29T12:16:41.994-0700][gc,heap     ] GC(0) Archive regions: 2->2
[2021-10-29T12:16:41.994-0700][gc,heap     ] GC(0) Humongous regions: 0->0
[2021-10-29T12:16:41.994-0700][gc,metaspace] GC(0) Metaspace: 18742K(19008K)->18742K(19008K) NonClass: 16486K(16640K)->16486K(16640K) Class: 2256K(2368K)->2256K(2368K)
[2021-10-29T12:16:41.994-0700][gc          ] GC(0) Pause Young (Normal) (G1 Evacuation Pause) 51M->8M(1024M) 10.444ms
[2021-10-29T12:16:41.994-0700][gc,cpu      ] GC(0) User=0.02s Sys=0.01s Real=0.01s
[2021-10-29T12:16:42.258-0700][gc,start    ] GC(1) Pause Young (Concurrent Start) (Metadata GC Threshold)
[2021-10-29T12:16:42.258-0700][gc,task     ] GC(1) Using 8 workers of 8 for evacuation
[2021-10-29T12:16:42.265-0700][gc,phases   ] GC(1)   Pre Evacuate Collection Set: 0.1ms
[2021-10-29T12:16:42.265-0700][gc,phases   ] GC(1)   Merge Heap Roots: 0.0ms
[2021-10-29T12:16:42.265-0700][gc,phases   ] GC(1)   Evacuate Collection Set: 6.4ms
[2021-10-29T12:16:42.265-0700][gc,phases   ] GC(1)   Post Evacuate Collection Set: 0.3ms
[2021-10-29T12:16:42.265-0700][gc,phases   ] GC(1)   Other: 0.2ms
[2021-10-29T12:16:42.265-0700][gc,heap     ] GC(1) Eden regions: 12->0(49)
[2021-10-29T12:16:42.265-0700][gc,heap     ] GC(1) Survivor regions: 7->2(7)
[2021-10-29T12:16:42.265-0700][gc,heap     ] GC(1) Old regions: 1->7
[2021-10-29T12:16:42.265-0700][gc,heap     ] GC(1) Archive regions: 2->2
[2021-10-29T12:16:42.265-0700][gc,heap     ] GC(1) Humongous regions: 129->129
[2021-10-29T12:16:42.265-0700][gc,metaspace] GC(1) Metaspace: 21320K(21504K)->21320K(21504K) NonClass: 18746K(18816K)->18746K(18816K) Class: 2573K(2688K)->2573K(2688K)
[2021-10-29T12:16:42.265-0700][gc          ] GC(1) Pause Young (Concurrent Start) (Metadata GC Threshold) 148M->138M(1024M) 7.237ms
[2021-10-29T12:16:42.265-0700][gc,cpu      ] GC(1) User=0.02s Sys=0.01s Real=0.01s
[2021-10-29T12:16:42.265-0700][gc          ] GC(2) Concurrent Mark Cycle
[2021-10-29T12:16:42.265-0700][gc,marking  ] GC(2) Concurrent Clear Claimed Marks
[2021-10-29T12:16:42.265-0700][gc,marking  ] GC(2) Concurrent Clear Claimed Marks 0.024ms
[2021-10-29T12:16:42.265-0700][gc,marking  ] GC(2) Concurrent Scan Root Regions
[2021-10-29T12:16:42.269-0700][gc,marking  ] GC(2) Concurrent Scan Root Regions 3.567ms
[2021-10-29T12:16:42.269-0700][gc,marking  ] GC(2) Concurrent Mark
[2021-10-29T12:16:42.269-0700][gc,marking  ] GC(2) Concurrent Mark From Roots
[2021-10-29T12:16:42.269-0700][gc,task     ] GC(2) Using 2 workers of 2 for marking
[2021-10-29T12:16:42.271-0700][gc,marking  ] GC(2) Concurrent Mark From Roots 1.944ms
[2021-10-29T12:16:42.271-0700][gc,marking  ] GC(2) Concurrent Preclean
[2021-10-29T12:16:42.271-0700][gc,marking  ] GC(2) Concurrent Preclean 0.026ms
[2021-10-29T12:16:42.271-0700][gc,start    ] GC(2) Pause Remark
[2021-10-29T12:16:42.278-0700][gc          ] GC(2) Pause Remark 138M->138M(1024M) 6.559ms
[2021-10-29T12:16:42.278-0700][gc,cpu      ] GC(2) User=0.00s Sys=0.00s Real=0.00s
[2021-10-29T12:16:42.278-0700][gc,marking  ] GC(2) Concurrent Mark 8.809ms
[2021-10-29T12:16:42.278-0700][gc,marking  ] GC(2) Concurrent Rebuild Remembered Sets
[2021-10-29T12:16:42.280-0700][gc,marking  ] GC(2) Concurrent Rebuild Remembered Sets 1.632ms
[2021-10-29T12:16:42.280-0700][gc,start    ] GC(2) Pause Cleanup
[2021-10-29T12:16:42.280-0700][gc          ] GC(2) Pause Cleanup 138M->138M(1024M) 0.078ms
[2021-10-29T12:16:42.280-0700][gc,cpu      ] GC(2) User=0.00s Sys=0.00s Real=0.00s
[2021-10-29T12:16:42.280-0700][gc,marking  ] GC(2) Concurrent Cleanup for Next Mark
[2021-10-29T12:16:42.283-0700][gc,marking  ] GC(2) Concurrent Cleanup for Next Mark 2.953ms
[2021-10-29T12:16:42.285-0700][gc          ] GC(2) Concurrent Mark Cycle 19.607ms
[2021-10-29T12:16:43.200-0700][gc,start    ] GC(3) Pause Young (Normal) (G1 Evacuation Pause)
[2021-10-29T12:16:43.200-0700][gc,task     ] GC(3) Using 8 workers of 8 for evacuation
[2021-10-29T12:16:43.204-0700][gc,phases   ] GC(3)   Pre Evacuate Collection Set: 0.1ms
[2021-10-29T12:16:43.204-0700][gc,phases   ] GC(3)   Merge Heap Roots: 0.1ms
[2021-10-29T12:16:43.204-0700][gc,phases   ] GC(3)   Evacuate Collection Set: 3.5ms
[2021-10-29T12:16:43.204-0700][gc,phases   ] GC(3)   Post Evacuate Collection Set: 0.4ms
[2021-10-29T12:16:43.204-0700][gc,phases   ] GC(3)   Other: 0.1ms
[2021-10-29T12:16:43.204-0700][gc,heap     ] GC(3) Eden regions: 49->0(45)
[2021-10-29T12:16:43.204-0700][gc,heap     ] GC(3) Survivor regions: 2->6(7)
[2021-10-29T12:16:43.204-0700][gc,heap     ] GC(3) Old regions: 7->7
[2021-10-29T12:16:43.204-0700][gc,heap     ] GC(3) Archive regions: 2->2
[2021-10-29T12:16:43.204-0700][gc,heap     ] GC(3) Humongous regions: 129->129
[2021-10-29T12:16:43.204-0700][gc,metaspace] GC(3) Metaspace: 32520K(32896K)->32520K(32896K) NonClass: 28827K(29056K)->28827K(29056K) Class: 3692K(3840K)->3692K(3840K)
[2021-10-29T12:16:43.204-0700][gc          ] GC(3) Pause Young (Normal) (G1 Evacuation Pause) 187M->142M(1024M) 4.264ms
[2021-10-29T12:16:43.204-0700][gc,cpu      ] GC(3) User=0.01s Sys=0.00s Real=0.00s
[2021-10-29T12:18:25.758-0700][gc,start    ] GC(4) Pause Young (Concurrent Start) (Metadata GC Threshold)
[2021-10-29T12:18:25.759-0700][gc,task     ] GC(4) Using 8 workers of 8 for evacuation
[2021-10-29T12:18:25.763-0700][gc,phases   ] GC(4)   Pre Evacuate Collection Set: 0.1ms
[2021-10-29T12:18:25.763-0700][gc,phases   ] GC(4)   Merge Heap Roots: 0.0ms
[2021-10-29T12:18:25.763-0700][gc,phases   ] GC(4)   Evacuate Collection Set: 4.1ms
[2021-10-29T12:18:25.763-0700][gc,phases   ] GC(4)   Post Evacuate Collection Set: 0.3ms
[2021-10-29T12:18:25.763-0700][gc,phases   ] GC(4)   Other: 0.3ms
[2021-10-29T12:18:25.763-0700][gc,heap     ] GC(4) Eden regions: 16->0(49)
[2021-10-29T12:18:25.763-0700][gc,heap     ] GC(4) Survivor regions: 6->2(7)
[2021-10-29T12:18:25.763-0700][gc,heap     ] GC(4) Old regions: 7->13
[2021-10-29T12:18:25.763-0700][gc,heap     ] GC(4) Archive regions: 2->2
[2021-10-29T12:18:25.763-0700][gc,heap     ] GC(4) Humongous regions: 129->129
[2021-10-29T12:18:25.763-0700][gc,metaspace] GC(4) Metaspace: 35624K(35968K)->35624K(35968K) NonClass: 31390K(31552K)->31390K(31552K) Class: 4234K(4416K)->4234K(4416K)
[2021-10-29T12:18:25.763-0700][gc          ] GC(4) Pause Young (Concurrent Start) (Metadata GC Threshold) 157M->143M(1024M) 4.951ms
[2021-10-29T12:18:25.763-0700][gc,cpu      ] GC(4) User=0.02s Sys=0.00s Real=0.01s
[2021-10-29T12:18:25.763-0700][gc          ] GC(5) Concurrent Mark Cycle
[2021-10-29T12:18:25.763-0700][gc,marking  ] GC(5) Concurrent Clear Claimed Marks
[2021-10-29T12:18:25.763-0700][gc,marking  ] GC(5) Concurrent Clear Claimed Marks 0.027ms
[2021-10-29T12:18:25.763-0700][gc,marking  ] GC(5) Concurrent Scan Root Regions
[2021-10-29T12:18:25.765-0700][gc,marking  ] GC(5) Concurrent Scan Root Regions 1.900ms
[2021-10-29T12:18:25.765-0700][gc,marking  ] GC(5) Concurrent Mark
[2021-10-29T12:18:25.765-0700][gc,marking  ] GC(5) Concurrent Mark From Roots
[2021-10-29T12:18:25.765-0700][gc,task     ] GC(5) Using 2 workers of 2 for marking
[2021-10-29T12:18:25.769-0700][gc,marking  ] GC(5) Concurrent Mark From Roots 3.225ms
[2021-10-29T12:18:25.769-0700][gc,marking  ] GC(5) Concurrent Preclean
[2021-10-29T12:18:25.769-0700][gc,marking  ] GC(5) Concurrent Preclean 0.043ms
[2021-10-29T12:18:25.769-0700][gc,start    ] GC(5) Pause Remark
[2021-10-29T12:18:25.782-0700][gc          ] GC(5) Pause Remark 143M->143M(1024M) 13.151ms
[2021-10-29T12:18:25.782-0700][gc,cpu      ] GC(5) User=0.03s Sys=0.01s Real=0.02s
[2021-10-29T12:18:25.782-0700][gc,marking  ] GC(5) Concurrent Mark 16.704ms
[2021-10-29T12:18:25.782-0700][gc,marking  ] GC(5) Concurrent Rebuild Remembered Sets
[2021-10-29T12:18:25.785-0700][gc,marking  ] GC(5) Concurrent Rebuild Remembered Sets 3.051ms
[2021-10-29T12:18:25.786-0700][gc,start    ] GC(5) Pause Cleanup
[2021-10-29T12:18:25.786-0700][gc          ] GC(5) Pause Cleanup 143M->143M(1024M) 0.092ms
[2021-10-29T12:18:25.786-0700][gc,cpu      ] GC(5) User=0.00s Sys=0.00s Real=0.00s
[2021-10-29T12:18:25.786-0700][gc,marking  ] GC(5) Concurrent Cleanup for Next Mark
[2021-10-29T12:18:25.789-0700][gc,marking  ] GC(5) Concurrent Cleanup for Next Mark 3.075ms
[2021-10-29T12:18:25.789-0700][gc          ] GC(5) Concurrent Mark Cycle 26.083ms
[2021-10-29T12:22:37.498-0700][gc,start    ] GC(6) Pause Young (Normal) (G1 Evacuation Pause)
[2021-10-29T12:22:37.500-0700][gc,task     ] GC(6) Using 8 workers of 8 for evacuation
[2021-10-29T12:22:37.520-0700][gc,mmu      ] GC(6) MMU target violated: 20.0ms (20.0ms/21.0ms)
[2021-10-29T12:22:37.520-0700][gc,phases   ] GC(6)   Pre Evacuate Collection Set: 0.4ms
[2021-10-29T12:22:37.520-0700][gc,phases   ] GC(6)   Merge Heap Roots: 0.2ms
[2021-10-29T12:22:37.521-0700][gc,phases   ] GC(6)   Evacuate Collection Set: 18.5ms
[2021-10-29T12:22:37.521-0700][gc,phases   ] GC(6)   Post Evacuate Collection Set: 1.0ms
[2021-10-29T12:22:37.521-0700][gc,phases   ] GC(6)   Other: 2.1ms
[2021-10-29T12:22:37.521-0700][gc,heap     ] GC(6) Eden regions: 49->0(48)
[2021-10-29T12:22:37.521-0700][gc,heap     ] GC(6) Survivor regions: 2->3(7)
[2021-10-29T12:22:37.521-0700][gc,heap     ] GC(6) Old regions: 13->13
[2021-10-29T12:22:37.521-0700][gc,heap     ] GC(6) Archive regions: 2->2
[2021-10-29T12:22:37.521-0700][gc,heap     ] GC(6) Humongous regions: 129->129
[2021-10-29T12:22:37.521-0700][gc,metaspace] GC(6) Metaspace: 38277K(38784K)->38277K(38784K) NonClass: 33718K(33984K)->33718K(33984K) Class: 4558K(4800K)->4558K(4800K)
[2021-10-29T12:22:37.521-0700][gc          ] GC(6) Pause Young (Normal) (G1 Evacuation Pause) 192M->144M(1024M) 22.335ms
[2021-10-29T12:22:37.521-0700][gc,cpu      ] GC(6) User=0.05s Sys=0.02s Real=0.03s
[2021-10-29T12:27:14.034-0700][gc,start    ] GC(7) Pause Young (Normal) (G1 Evacuation Pause)
[2021-10-29T12:27:14.035-0700][gc,task     ] GC(7) Using 8 workers of 8 for evacuation
[2021-10-29T12:27:14.057-0700][gc,mmu      ] GC(7) MMU target violated: 21.0ms (20.0ms/21.0ms)
[2021-10-29T12:27:14.057-0700][gc,phases   ] GC(7)   Pre Evacuate Collection Set: 0.3ms
[2021-10-29T12:27:14.057-0700][gc,phases   ] GC(7)   Merge Heap Roots: 0.1ms
[2021-10-29T12:27:14.057-0700][gc,phases   ] GC(7)   Evacuate Collection Set: 20.4ms
[2021-10-29T12:27:14.057-0700][gc,phases   ] GC(7)   Post Evacuate Collection Set: 0.9ms
[2021-10-29T12:27:14.057-0700][gc,phases   ] GC(7)   Other: 1.4ms
[2021-10-29T12:27:14.057-0700][gc,heap     ] GC(7) Eden regions: 48->0(47)
[2021-10-29T12:27:14.057-0700][gc,heap     ] GC(7) Survivor regions: 3->4(7)
[2021-10-29T12:27:14.057-0700][gc,heap     ] GC(7) Old regions: 13->13
[2021-10-29T12:27:14.057-0700][gc,heap     ] GC(7) Archive regions: 2->2
[2021-10-29T12:27:14.057-0700][gc,heap     ] GC(7) Humongous regions: 129->129
[2021-10-29T12:27:14.057-0700][gc,metaspace] GC(7) Metaspace: 38994K(39552K)->38994K(39552K) NonClass: 34323K(34624K)->34323K(34624K) Class: 4670K(4928K)->4670K(4928K)
[2021-10-29T12:27:14.057-0700][gc          ] GC(7) Pause Young (Normal) (G1 Evacuation Pause) 192M->145M(1024M) 23.226ms
[2021-10-29T12:27:14.057-0700][gc,cpu      ] GC(7) User=0.05s Sys=0.02s Real=0.02s
[2021-10-29T12:32:27.613-0700][gc,start    ] GC(8) Pause Young (Normal) (G1 Evacuation Pause)
[2021-10-29T12:32:27.613-0700][gc,task     ] GC(8) Using 8 workers of 8 for evacuation
[2021-10-29T12:32:27.627-0700][gc,phases   ] GC(8)   Pre Evacuate Collection Set: 0.1ms
[2021-10-29T12:32:27.627-0700][gc,phases   ] GC(8)   Merge Heap Roots: 0.1ms
[2021-10-29T12:32:27.627-0700][gc,phases   ] GC(8)   Evacuate Collection Set: 12.8ms
[2021-10-29T12:32:27.627-0700][gc,phases   ] GC(8)   Post Evacuate Collection Set: 0.6ms
[2021-10-29T12:32:27.627-0700][gc,phases   ] GC(8)   Other: 0.5ms
[2021-10-29T12:32:27.627-0700][gc,heap     ] GC(8) Eden regions: 47->0(47)
[2021-10-29T12:32:27.627-0700][gc,heap     ] GC(8) Survivor regions: 4->4(7)
[2021-10-29T12:32:27.627-0700][gc,heap     ] GC(8) Old regions: 13->13
[2021-10-29T12:32:27.627-0700][gc,heap     ] GC(8) Archive regions: 2->2
[2021-10-29T12:32:27.627-0700][gc,heap     ] GC(8) Humongous regions: 129->129
[2021-10-29T12:32:27.627-0700][gc,metaspace] GC(8) Metaspace: 39085K(39616K)->39085K(39616K) NonClass: 34413K(34688K)->34413K(34688K) Class: 4671K(4928K)->4671K(4928K)
[2021-10-29T12:32:27.627-0700][gc          ] GC(8) Pause Young (Normal) (G1 Evacuation Pause) 192M->146M(1024M) 14.286ms
[2021-10-29T12:32:27.627-0700][gc,cpu      ] GC(8) User=0.04s Sys=0.01s Real=0.01s
[2021-10-29T12:37:05.478-0700][gc,start    ] GC(9) Pause Young (Normal) (G1 Evacuation Pause)
[2021-10-29T12:37:05.479-0700][gc,task     ] GC(9) Using 8 workers of 8 for evacuation
[2021-10-29T12:37:05.491-0700][gc,phases   ] GC(9)   Pre Evacuate Collection Set: 0.2ms
[2021-10-29T12:37:05.492-0700][gc,phases   ] GC(9)   Merge Heap Roots: 0.1ms
[2021-10-29T12:37:05.492-0700][gc,phases   ] GC(9)   Evacuate Collection Set: 11.6ms
[2021-10-29T12:37:05.492-0700][gc,phases   ] GC(9)   Post Evacuate Collection Set: 0.7ms
[2021-10-29T12:37:05.492-0700][gc,phases   ] GC(9)   Other: 1.1ms
[2021-10-29T12:37:05.492-0700][gc,heap     ] GC(9) Eden regions: 47->0(67)
[2021-10-29T12:37:05.492-0700][gc,heap     ] GC(9) Survivor regions: 4->4(7)
[2021-10-29T12:37:05.492-0700][gc,heap     ] GC(9) Old regions: 13->13
[2021-10-29T12:37:05.492-0700][gc,heap     ] GC(9) Archive regions: 2->2
[2021-10-29T12:37:05.492-0700][gc,heap     ] GC(9) Humongous regions: 129->129
[2021-10-29T12:37:05.492-0700][gc,metaspace] GC(9) Metaspace: 39188K(39744K)->39188K(39744K) NonClass: 34512K(34816K)->34512K(34816K) Class: 4676K(4928K)->4676K(4928K)
[2021-10-29T12:37:05.492-0700][gc          ] GC(9) Pause Young (Normal) (G1 Evacuation Pause) 193M->146M(1024M) 13.978ms
[2021-10-29T12:37:05.492-0700][gc,cpu      ] GC(9) User=0.03s Sys=0.01s Real=0.02s
[2021-10-29T12:41:10.894-0700][gc,start    ] GC(10) Pause Young (Normal) (G1 Evacuation Pause)
[2021-10-29T12:41:10.896-0700][gc,task     ] GC(10) Using 8 workers of 8 for evacuation
[2021-10-29T12:41:10.914-0700][gc,phases   ] GC(10)   Pre Evacuate Collection Set: 0.3ms
[2021-10-29T12:41:10.914-0700][gc,phases   ] GC(10)   Merge Heap Roots: 0.1ms
[2021-10-29T12:41:10.914-0700][gc,phases   ] GC(10)   Evacuate Collection Set: 16.5ms
[2021-10-29T12:41:10.914-0700][gc,phases   ] GC(10)   Post Evacuate Collection Set: 1.1ms
[2021-10-29T12:41:10.914-0700][gc,phases   ] GC(10)   Other: 1.8ms
[2021-10-29T12:41:10.914-0700][gc,heap     ] GC(10) Eden regions: 67->0(235)
[2021-10-29T12:41:10.914-0700][gc,heap     ] GC(10) Survivor regions: 4->4(9)
[2021-10-29T12:41:10.914-0700][gc,heap     ] GC(10) Old regions: 13->13
[2021-10-29T12:41:10.914-0700][gc,heap     ] GC(10) Archive regions: 2->2
[2021-10-29T12:41:10.914-0700][gc,heap     ] GC(10) Humongous regions: 129->129
[2021-10-29T12:41:10.914-0700][gc,metaspace] GC(10) Metaspace: 39274K(39808K)->39274K(39808K) NonClass: 34596K(34880K)->34596K(34880K) Class: 4678K(4928K)->4678K(4928K)
[2021-10-29T12:41:10.914-0700][gc          ] GC(10) Pause Young (Normal) (G1 Evacuation Pause) 213M->146M(1024M) 20.026ms
[2021-10-29T12:41:10.915-0700][gc,cpu      ] GC(10) User=0.05s Sys=0.02s Real=0.02s
[2021-10-29T12:55:55.800-0700][gc,start    ] GC(11) Pause Young (Normal) (G1 Evacuation Pause)
[2021-10-29T12:55:55.801-0700][gc,task     ] GC(11) Using 8 workers of 8 for evacuation
[2021-10-29T12:55:55.821-0700][gc,mmu      ] GC(11) MMU target violated: 20.0ms (20.0ms/21.0ms)
[2021-10-29T12:55:55.822-0700][gc,phases   ] GC(11)   Pre Evacuate Collection Set: 0.4ms
[2021-10-29T12:55:55.822-0700][gc,phases   ] GC(11)   Merge Heap Roots: 0.2ms
[2021-10-29T12:55:55.822-0700][gc,phases   ] GC(11)   Evacuate Collection Set: 18.2ms
[2021-10-29T12:55:55.822-0700][gc,phases   ] GC(11)   Post Evacuate Collection Set: 1.2ms
[2021-10-29T12:55:55.822-0700][gc,phases   ] GC(11)   Other: 2.1ms
[2021-10-29T12:55:55.822-0700][gc,heap     ] GC(11) Eden regions: 235->0(254)
[2021-10-29T12:55:55.822-0700][gc,heap     ] GC(11) Survivor regions: 4->4(30)
[2021-10-29T12:55:55.822-0700][gc,heap     ] GC(11) Old regions: 13->13
[2021-10-29T12:55:55.822-0700][gc,heap     ] GC(11) Archive regions: 2->2
[2021-10-29T12:55:55.822-0700][gc,heap     ] GC(11) Humongous regions: 129->129
[2021-10-29T12:55:55.822-0700][gc,metaspace] GC(11) Metaspace: 39430K(40000K)->39430K(40000K) NonClass: 34752K(35072K)->34752K(35072K) Class: 4678K(4928K)->4678K(4928K)
[2021-10-29T12:55:55.822-0700][gc          ] GC(11) Pause Young (Normal) (G1 Evacuation Pause) 381M->146M(1024M) 22.206ms
[2021-10-29T12:55:55.822-0700][gc,cpu      ] GC(11) User=0.05s Sys=0.02s Real=0.02s
[2021-10-29T13:11:53.676-0700][gc,start    ] GC(12) Pause Young (Normal) (G1 Evacuation Pause)
[2021-10-29T13:11:53.678-0700][gc,task     ] GC(12) Using 8 workers of 8 for evacuation
[2021-10-29T13:11:53.701-0700][gc,mmu      ] GC(12) MMU target violated: 21.0ms (20.0ms/21.0ms)
[2021-10-29T13:11:53.701-0700][gc,phases   ] GC(12)   Pre Evacuate Collection Set: 0.4ms
[2021-10-29T13:11:53.701-0700][gc,phases   ] GC(12)   Merge Heap Roots: 0.1ms
[2021-10-29T13:11:53.701-0700][gc,phases   ] GC(12)   Evacuate Collection Set: 21.7ms
[2021-10-29T13:11:53.701-0700][gc,phases   ] GC(12)   Post Evacuate Collection Set: 0.9ms
[2021-10-29T13:11:53.701-0700][gc,phases   ] GC(12)   Other: 1.9ms
[2021-10-29T13:11:53.701-0700][gc,heap     ] GC(12) Eden regions: 254->0(270)
[2021-10-29T13:11:53.701-0700][gc,heap     ] GC(12) Survivor regions: 4->5(33)
[2021-10-29T13:11:53.701-0700][gc,heap     ] GC(12) Old regions: 13->13
[2021-10-29T13:11:53.701-0700][gc,heap     ] GC(12) Archive regions: 2->2
[2021-10-29T13:11:53.701-0700][gc,heap     ] GC(12) Humongous regions: 129->129
[2021-10-29T13:11:53.701-0700][gc,metaspace] GC(12) Metaspace: 39473K(40000K)->39473K(40000K) NonClass: 34795K(35072K)->34795K(35072K) Class: 4678K(4928K)->4678K(4928K)
[2021-10-29T13:11:53.701-0700][gc          ] GC(12) Pause Young (Normal) (G1 Evacuation Pause) 400M->147M(1024M) 25.107ms
[2021-10-29T13:11:53.702-0700][gc,cpu      ] GC(12) User=0.05s Sys=0.01s Real=0.03s
[2021-10-29T13:28:43.868-0700][gc,start    ] GC(13) Pause Young (Normal) (G1 Evacuation Pause)
[2021-10-29T13:28:43.869-0700][gc,task     ] GC(13) Using 8 workers of 8 for evacuation
[2021-10-29T13:28:43.894-0700][gc,mmu      ] GC(13) MMU target violated: 21.0ms (20.0ms/21.0ms)
[2021-10-29T13:28:43.894-0700][gc,phases   ] GC(13)   Pre Evacuate Collection Set: 1.2ms
[2021-10-29T13:28:43.894-0700][gc,phases   ] GC(13)   Merge Heap Roots: 0.2ms
[2021-10-29T13:28:43.894-0700][gc,phases   ] GC(13)   Evacuate Collection Set: 21.1ms
[2021-10-29T13:28:43.894-0700][gc,phases   ] GC(13)   Post Evacuate Collection Set: 1.6ms
[2021-10-29T13:28:43.894-0700][gc,phases   ] GC(13)   Other: 2.1ms
[2021-10-29T13:28:43.894-0700][gc,heap     ] GC(13) Eden regions: 270->0(286)
[2021-10-29T13:28:43.894-0700][gc,heap     ] GC(13) Survivor regions: 5->4(35)
[2021-10-29T13:28:43.894-0700][gc,heap     ] GC(13) Old regions: 13->13
[2021-10-29T13:28:43.894-0700][gc,heap     ] GC(13) Archive regions: 2->2
[2021-10-29T13:28:43.894-0700][gc,heap     ] GC(13) Humongous regions: 129->129
[2021-10-29T13:28:43.894-0700][gc,metaspace] GC(13) Metaspace: 39573K(40064K)->39573K(40064K) NonClass: 34891K(35136K)->34891K(35136K) Class: 4682K(4928K)->4682K(4928K)
[2021-10-29T13:28:43.894-0700][gc          ] GC(13) Pause Young (Normal) (G1 Evacuation Pause) 417M->146M(1024M) 26.377ms
[2021-10-29T13:28:43.894-0700][gc,cpu      ] GC(13) User=0.05s Sys=0.02s Real=0.03s
[2021-10-29T13:46:43.682-0700][gc,start    ] GC(14) Pause Young (Normal) (G1 Evacuation Pause)
[2021-10-29T13:46:43.684-0700][gc,task     ] GC(14) Using 8 workers of 8 for evacuation
[2021-10-29T13:46:43.701-0700][gc,phases   ] GC(14)   Pre Evacuate Collection Set: 0.3ms
[2021-10-29T13:46:43.701-0700][gc,phases   ] GC(14)   Merge Heap Roots: 0.2ms
[2021-10-29T13:46:43.701-0700][gc,phases   ] GC(14)   Evacuate Collection Set: 15.5ms
[2021-10-29T13:46:43.701-0700][gc,phases   ] GC(14)   Post Evacuate Collection Set: 1.0ms
[2021-10-29T13:46:43.701-0700][gc,phases   ] GC(14)   Other: 1.5ms
[2021-10-29T13:46:43.701-0700][gc,heap     ] GC(14) Eden regions: 286->0(610)
[2021-10-29T13:46:43.701-0700][gc,heap     ] GC(14) Survivor regions: 4->4(37)
[2021-10-29T13:46:43.701-0700][gc,heap     ] GC(14) Old regions: 13->13
[2021-10-29T13:46:43.701-0700][gc,heap     ] GC(14) Archive regions: 2->2
[2021-10-29T13:46:43.701-0700][gc,heap     ] GC(14) Humongous regions: 129->129
[2021-10-29T13:46:43.701-0700][gc,metaspace] GC(14) Metaspace: 39585K(40128K)->39585K(40128K) NonClass: 34903K(35200K)->34903K(35200K) Class: 4682K(4928K)->4682K(4928K)
[2021-10-29T13:46:43.701-0700][gc          ] GC(14) Pause Young (Normal) (G1 Evacuation Pause) 432M->145M(1024M) 18.769ms
[2021-10-29T13:46:43.701-0700][gc,cpu      ] GC(14) User=0.04s Sys=0.01s Real=0.02s
[2021-10-29T16:31:42.169-0700][gc,start    ] GC(15) Pause Young (Normal) (G1 Evacuation Pause)
[2021-10-29T16:31:42.171-0700][gc,task     ] GC(15) Using 8 workers of 8 for evacuation
[2021-10-29T16:31:42.199-0700][gc,mmu      ] GC(15) MMU target violated: 21.0ms (20.0ms/21.0ms)
[2021-10-29T16:31:42.199-0700][gc,phases   ] GC(15)   Pre Evacuate Collection Set: 1.0ms
[2021-10-29T16:31:42.199-0700][gc,phases   ] GC(15)   Merge Heap Roots: 0.3ms
[2021-10-29T16:31:42.199-0700][gc,phases   ] GC(15)   Evacuate Collection Set: 23.8ms
[2021-10-29T16:31:42.199-0700][gc,phases   ] GC(15)   Post Evacuate Collection Set: 2.0ms
[2021-10-29T16:31:42.199-0700][gc,phases   ] GC(15)   Other: 2.9ms
[2021-10-29T16:31:42.199-0700][gc,heap     ] GC(15) Eden regions: 610->0(610)
[2021-10-29T16:31:42.199-0700][gc,heap     ] GC(15) Survivor regions: 4->4(77)
[2021-10-29T16:31:42.199-0700][gc,heap     ] GC(15) Old regions: 13->13
[2021-10-29T16:31:42.199-0700][gc,heap     ] GC(15) Archive regions: 2->2
[2021-10-29T16:31:42.199-0700][gc,heap     ] GC(15) Humongous regions: 129->129
[2021-10-29T16:31:42.199-0700][gc,metaspace] GC(15) Metaspace: 39642K(40192K)->39642K(40192K) NonClass: 34960K(35264K)->34960K(35264K) Class: 4682K(4928K)->4682K(4928K)
[2021-10-29T16:31:42.199-0700][gc          ] GC(15) Pause Young (Normal) (G1 Evacuation Pause) 755M->146M(1024M) 30.105ms
[2021-10-29T16:31:42.199-0700][gc,cpu      ] GC(15) User=0.05s Sys=0.03s Real=0.03s
[2021-10-30T14:31:53.741-0700][gc,start    ] GC(16) Pause Young (Normal) (G1 Evacuation Pause)
[2021-10-30T14:31:53.743-0700][gc,task     ] GC(16) Using 8 workers of 8 for evacuation
[2021-10-30T14:31:53.790-0700][gc,mmu      ] GC(16) MMU target violated: 21.0ms (20.0ms/21.0ms)
[2021-10-30T14:31:53.791-0700][gc,phases   ] GC(16)   Pre Evacuate Collection Set: 1.1ms
[2021-10-30T14:31:53.791-0700][gc,phases   ] GC(16)   Merge Heap Roots: 0.6ms
[2021-10-30T14:31:53.791-0700][gc,phases   ] GC(16)   Evacuate Collection Set: 42.8ms
[2021-10-30T14:31:53.791-0700][gc,phases   ] GC(16)   Post Evacuate Collection Set: 2.8ms
[2021-10-30T14:31:53.791-0700][gc,phases   ] GC(16)   Other: 2.1ms
[2021-10-30T14:31:53.791-0700][gc,heap     ] GC(16) Eden regions: 610->0(249)
[2021-10-30T14:31:53.791-0700][gc,heap     ] GC(16) Survivor regions: 4->5(77)
[2021-10-30T14:31:53.791-0700][gc,heap     ] GC(16) Old regions: 13->13
[2021-10-30T14:31:53.791-0700][gc,heap     ] GC(16) Archive regions: 2->2
[2021-10-30T14:31:53.791-0700][gc,heap     ] GC(16) Humongous regions: 129->129
[2021-10-30T14:31:53.791-0700][gc,metaspace] GC(16) Metaspace: 39759K(40256K)->39759K(40256K) NonClass: 35076K(35328K)->35076K(35328K) Class: 4682K(4928K)->4682K(4928K)
[2021-10-30T14:31:53.791-0700][gc          ] GC(16) Pause Young (Normal) (G1 Evacuation Pause) 756M->147M(1024M) 49.483ms
[2021-10-30T14:31:53.791-0700][gc,cpu      ] GC(16) User=0.06s Sys=0.10s Real=0.05s
[2021-10-31T21:13:12.884-0700][gc,start    ] GC(17) Pause Young (Normal) (G1 Evacuation Pause)
[2021-10-31T21:13:12.885-0700][gc,task     ] GC(17) Using 8 workers of 8 for evacuation
[2021-10-31T21:13:12.916-0700][gc,mmu      ] GC(17) MMU target violated: 21.0ms (20.0ms/21.0ms)
[2021-10-31T21:13:12.916-0700][gc,phases   ] GC(17)   Pre Evacuate Collection Set: 1.4ms
[2021-10-31T21:13:12.916-0700][gc,phases   ] GC(17)   Merge Heap Roots: 0.2ms
[2021-10-31T21:13:12.916-0700][gc,phases   ] GC(17)   Evacuate Collection Set: 27.6ms
[2021-10-31T21:13:12.916-0700][gc,phases   ] GC(17)   Post Evacuate Collection Set: 1.6ms
[2021-10-31T21:13:12.916-0700][gc,phases   ] GC(17)   Other: 2.1ms
[2021-10-31T21:13:12.916-0700][gc,heap     ] GC(17) Eden regions: 249->0(524)
[2021-10-31T21:13:12.916-0700][gc,heap     ] GC(17) Survivor regions: 5->5(32)
[2021-10-31T21:13:12.916-0700][gc,heap     ] GC(17) Old regions: 13->13
[2021-10-31T21:13:12.916-0700][gc,heap     ] GC(17) Archive regions: 2->2
[2021-10-31T21:13:12.916-0700][gc,heap     ] GC(17) Humongous regions: 129->129
[2021-10-31T21:13:12.916-0700][gc,metaspace] GC(17) Metaspace: 39872K(40384K)->39872K(40384K) NonClass: 35189K(35456K)->35189K(35456K) Class: 4682K(4928K)->4682K(4928K)
[2021-10-31T21:13:12.917-0700][gc          ] GC(17) Pause Young (Normal) (G1 Evacuation Pause) 396M->147M(1024M) 32.796ms
[2021-10-31T21:13:12.917-0700][gc,cpu      ] GC(17) User=0.04s Sys=0.05s Real=0.03s
[2021-11-01T12:47:15.332-0700][gc,heap,exit] Heap
[2021-11-01T12:47:15.332-0700][gc,heap,exit]  garbage-first heap   total 1048576K, used 475329K [0x00000007c0000000, 0x0000000800000000)
[2021-11-01T12:47:15.332-0700][gc,heap,exit]   region size 1024K, 322 young (329728K), 5 survivors (5120K)
[2021-11-01T12:47:15.332-0700][gc,heap,exit]  Metaspace       used 40494K, committed 40960K, reserved 1089536K
[2021-11-01T12:47:15.332-0700][gc,heap,exit]   class space    used 4830K, committed 5056K, reserved 1048576K
