[2021-11-11T14:04:07.504-0800][gc] Using G1
[2021-11-11T14:04:07.506-0800][gc,init] Version: 17+35-2724 (release)
[2021-11-11T14:04:07.506-0800][gc,init] CPUs: 8 total, 8 available
[2021-11-11T14:04:07.506-0800][gc,init] Memory: 16384M
[2021-11-11T14:04:07.506-0800][gc,init] Large Page Support: Disabled
[2021-11-11T14:04:07.506-0800][gc,init] NUMA Support: Disabled
[2021-11-11T14:04:07.506-0800][gc,init] Compressed Oops: Enabled (Zero based)
[2021-11-11T14:04:07.506-0800][gc,init] Heap Region Size: 1M
[2021-11-11T14:04:07.506-0800][gc,init] Heap Min Capacity: 512M
[2021-11-11T14:04:07.506-0800][gc,init] Heap Initial Capacity: 512M
[2021-11-11T14:04:07.506-0800][gc,init] Heap Max Capacity: 512M
[2021-11-11T14:04:07.506-0800][gc,init] Pre-touch: Disabled
[2021-11-11T14:04:07.506-0800][gc,init] Parallel Workers: 8
[2021-11-11T14:04:07.506-0800][gc,init] Concurrent Workers: 2
[2021-11-11T14:04:07.506-0800][gc,init] Concurrent Refinement Workers: 8
[2021-11-11T14:04:07.506-0800][gc,init] Periodic GC: Disabled
[2021-11-11T14:04:07.507-0800][gc,metaspace] CDS archive(s) mapped at: [0x0000000800000000-0x0000000800bd0000-0x0000000800bd0000), size 12386304, SharedBaseAddress: 0x0000000800000000, ArchiveRelocationMode: 0.
[2021-11-11T14:04:07.507-0800][gc,metaspace] Compressed class space mapped at: 0x0000000800c00000-0x0000000840c00000, reserved size: 1073741824
[2021-11-11T14:04:07.507-0800][gc,metaspace] Narrow klass base: 0x0000000800000000, Narrow klass shift: 0, Narrow klass range: 0x100000000
[2021-11-11T14:04:09.258-0800][gc,start    ] GC(0) Pause Young (Normal) (G1 Evacuation Pause)
[2021-11-11T14:04:09.259-0800][gc,task     ] GC(0) Using 8 workers of 8 for evacuation
[2021-11-11T14:04:09.276-0800][gc,phases   ] GC(0)   Pre Evacuate Collection Set: 0.1ms
[2021-11-11T14:04:09.276-0800][gc,phases   ] GC(0)   Merge Heap Roots: 0.4ms
[2021-11-11T14:04:09.276-0800][gc,phases   ] GC(0)   Evacuate Collection Set: 16.2ms
[2021-11-11T14:04:09.276-0800][gc,phases   ] GC(0)   Post Evacuate Collection Set: 0.4ms
[2021-11-11T14:04:09.276-0800][gc,phases   ] GC(0)   Other: 1.3ms
[2021-11-11T14:04:09.276-0800][gc,heap     ] GC(0) Eden regions: 25->0(21)
[2021-11-11T14:04:09.276-0800][gc,heap     ] GC(0) Survivor regions: 0->4(4)
[2021-11-11T14:04:09.276-0800][gc,heap     ] GC(0) Old regions: 0->4
[2021-11-11T14:04:09.276-0800][gc,heap     ] GC(0) Archive regions: 2->2
[2021-11-11T14:04:09.276-0800][gc,heap     ] GC(0) Humongous regions: 0->0
[2021-11-11T14:04:09.276-0800][gc,metaspace] GC(0) Metaspace: 7893K(8064K)->7893K(8064K) NonClass: 6999K(7104K)->6999K(7104K) Class: 894K(960K)->894K(960K)
[2021-11-11T14:04:09.276-0800][gc          ] GC(0) Pause Young (Normal) (G1 Evacuation Pause) 25M->8M(512M) 18.513ms
[2021-11-11T14:04:09.277-0800][gc,cpu      ] GC(0) User=0.03s Sys=0.02s Real=0.02s
[2021-11-11T14:17:55.984-0800][gc,start    ] GC(1) Pause Young (Normal) (G1 Evacuation Pause)
[2021-11-11T14:17:55.984-0800][gc,task     ] GC(1) Using 8 workers of 8 for evacuation
[2021-11-11T14:17:56.004-0800][gc,mmu      ] GC(1) MMU target violated: 20.3ms (20.0ms/21.0ms)
[2021-11-11T14:17:56.004-0800][gc,phases   ] GC(1)   Pre Evacuate Collection Set: 0.1ms
[2021-11-11T14:17:56.004-0800][gc,phases   ] GC(1)   Merge Heap Roots: 0.1ms
[2021-11-11T14:17:56.004-0800][gc,phases   ] GC(1)   Evacuate Collection Set: 19.3ms
[2021-11-11T14:17:56.004-0800][gc,phases   ] GC(1)   Post Evacuate Collection Set: 0.7ms
[2021-11-11T14:17:56.004-0800][gc,phases   ] GC(1)   Other: 0.4ms
[2021-11-11T14:17:56.004-0800][gc,heap     ] GC(1) Eden regions: 21->0(24)
[2021-11-11T14:17:56.004-0800][gc,heap     ] GC(1) Survivor regions: 4->1(4)
[2021-11-11T14:17:56.004-0800][gc,heap     ] GC(1) Old regions: 4->8
[2021-11-11T14:17:56.004-0800][gc,heap     ] GC(1) Archive regions: 2->2
[2021-11-11T14:17:56.004-0800][gc,heap     ] GC(1) Humongous regions: 0->0
[2021-11-11T14:17:56.004-0800][gc,metaspace] GC(1) Metaspace: 8728K(8960K)->8728K(8960K) NonClass: 7810K(7936K)->7810K(7936K) Class: 917K(1024K)->917K(1024K)
[2021-11-11T14:17:56.005-0800][gc          ] GC(1) Pause Young (Normal) (G1 Evacuation Pause) 29M->9M(512M) 20.859ms
[2021-11-11T14:17:56.005-0800][gc,cpu      ] GC(1) User=0.03s Sys=0.01s Real=0.02s
[2021-11-11T14:33:18.186-0800][gc,start    ] GC(2) Pause Young (Normal) (G1 Evacuation Pause)
[2021-11-11T14:33:18.186-0800][gc,task     ] GC(2) Using 8 workers of 8 for evacuation
[2021-11-11T14:33:18.196-0800][gc,phases   ] GC(2)   Pre Evacuate Collection Set: 0.1ms
[2021-11-11T14:33:18.196-0800][gc,phases   ] GC(2)   Merge Heap Roots: 0.1ms
[2021-11-11T14:33:18.196-0800][gc,phases   ] GC(2)   Evacuate Collection Set: 9.6ms
[2021-11-11T14:33:18.196-0800][gc,phases   ] GC(2)   Post Evacuate Collection Set: 0.4ms
[2021-11-11T14:33:18.196-0800][gc,phases   ] GC(2)   Other: 0.3ms
[2021-11-11T14:33:18.196-0800][gc,heap     ] GC(2) Eden regions: 24->0(24)
[2021-11-11T14:33:18.196-0800][gc,heap     ] GC(2) Survivor regions: 1->1(4)
[2021-11-11T14:33:18.196-0800][gc,heap     ] GC(2) Old regions: 8->8
[2021-11-11T14:33:18.196-0800][gc,heap     ] GC(2) Archive regions: 2->2
[2021-11-11T14:33:18.196-0800][gc,heap     ] GC(2) Humongous regions: 0->0
[2021-11-11T14:33:18.196-0800][gc,metaspace] GC(2) Metaspace: 8868K(9024K)->8868K(9024K) NonClass: 7947K(8000K)->7947K(8000K) Class: 921K(1024K)->921K(1024K)
[2021-11-11T14:33:18.197-0800][gc          ] GC(2) Pause Young (Normal) (G1 Evacuation Pause) 33M->9M(512M) 10.718ms
[2021-11-11T14:33:18.197-0800][gc,cpu      ] GC(2) User=0.01s Sys=0.01s Real=0.01s
[2021-11-11T14:45:30.934-0800][gc,start    ] GC(3) Pause Young (Normal) (G1 Evacuation Pause)
[2021-11-11T14:45:30.934-0800][gc,task     ] GC(3) Using 8 workers of 8 for evacuation
[2021-11-11T14:45:30.964-0800][gc,phases   ] GC(3)   Pre Evacuate Collection Set: 0.2ms
[2021-11-11T14:45:30.964-0800][gc,phases   ] GC(3)   Merge Heap Roots: 0.1ms
[2021-11-11T14:45:30.964-0800][gc,phases   ] GC(3)   Evacuate Collection Set: 12.3ms
[2021-11-11T14:45:30.964-0800][gc,phases   ] GC(3)   Post Evacuate Collection Set: 0.5ms
[2021-11-11T14:45:30.964-0800][gc,phases   ] GC(3)   Other: 16.8ms
[2021-11-11T14:45:30.964-0800][gc,heap     ] GC(3) Eden regions: 24->0(24)
[2021-11-11T14:45:30.964-0800][gc,heap     ] GC(3) Survivor regions: 1->1(4)
[2021-11-11T14:45:30.964-0800][gc,heap     ] GC(3) Old regions: 8->8
[2021-11-11T14:45:30.964-0800][gc,heap     ] GC(3) Archive regions: 2->2
[2021-11-11T14:45:30.964-0800][gc,heap     ] GC(3) Humongous regions: 0->0
[2021-11-11T14:45:30.964-0800][gc,metaspace] GC(3) Metaspace: 8952K(9152K)->8952K(9152K) NonClass: 8031K(8128K)->8031K(8128K) Class: 921K(1024K)->921K(1024K)
[2021-11-11T14:45:30.964-0800][gc          ] GC(3) Pause Young (Normal) (G1 Evacuation Pause) 33M->9M(512M) 30.318ms
[2021-11-11T14:45:30.964-0800][gc,cpu      ] GC(3) User=0.03s Sys=0.01s Real=0.03s
[2021-11-11T14:58:35.229-0800][gc,start    ] GC(4) Pause Young (Normal) (G1 Evacuation Pause)
[2021-11-11T14:58:35.229-0800][gc,task     ] GC(4) Using 8 workers of 8 for evacuation
[2021-11-11T14:58:35.246-0800][gc,phases   ] GC(4)   Pre Evacuate Collection Set: 0.3ms
[2021-11-11T14:58:35.246-0800][gc,phases   ] GC(4)   Merge Heap Roots: 0.1ms
[2021-11-11T14:58:35.246-0800][gc,phases   ] GC(4)   Evacuate Collection Set: 15.3ms
[2021-11-11T14:58:35.246-0800][gc,phases   ] GC(4)   Post Evacuate Collection Set: 0.8ms
[2021-11-11T14:58:35.246-0800][gc,phases   ] GC(4)   Other: 0.9ms
[2021-11-11T14:58:35.246-0800][gc,heap     ] GC(4) Eden regions: 24->0(25)
[2021-11-11T14:58:35.246-0800][gc,heap     ] GC(4) Survivor regions: 1->1(4)
[2021-11-11T14:58:35.246-0800][gc,heap     ] GC(4) Old regions: 8->8
[2021-11-11T14:58:35.246-0800][gc,heap     ] GC(4) Archive regions: 2->2
[2021-11-11T14:58:35.246-0800][gc,heap     ] GC(4) Humongous regions: 0->0
[2021-11-11T14:58:35.246-0800][gc,metaspace] GC(4) Metaspace: 9001K(9216K)->9001K(9216K) NonClass: 8079K(8192K)->8079K(8192K) Class: 921K(1024K)->921K(1024K)
[2021-11-11T14:58:35.246-0800][gc          ] GC(4) Pause Young (Normal) (G1 Evacuation Pause) 33M->9M(512M) 17.896ms
[2021-11-11T14:58:35.247-0800][gc,cpu      ] GC(4) User=0.03s Sys=0.01s Real=0.02s
[2021-11-11T15:11:08.556-0800][gc,start    ] GC(5) Pause Young (Normal) (G1 Evacuation Pause)
[2021-11-11T15:11:08.556-0800][gc,task     ] GC(5) Using 8 workers of 8 for evacuation
[2021-11-11T15:11:08.566-0800][gc,phases   ] GC(5)   Pre Evacuate Collection Set: 0.2ms
[2021-11-11T15:11:08.566-0800][gc,phases   ] GC(5)   Merge Heap Roots: 0.0ms
[2021-11-11T15:11:08.566-0800][gc,phases   ] GC(5)   Evacuate Collection Set: 8.3ms
[2021-11-11T15:11:08.566-0800][gc,phases   ] GC(5)   Post Evacuate Collection Set: 0.5ms
[2021-11-11T15:11:08.566-0800][gc,phases   ] GC(5)   Other: 0.5ms
[2021-11-11T15:11:08.566-0800][gc,heap     ] GC(5) Eden regions: 25->0(44)
[2021-11-11T15:11:08.566-0800][gc,heap     ] GC(5) Survivor regions: 1->1(4)
[2021-11-11T15:11:08.566-0800][gc,heap     ] GC(5) Old regions: 8->8
[2021-11-11T15:11:08.566-0800][gc,heap     ] GC(5) Archive regions: 2->2
[2021-11-11T15:11:08.566-0800][gc,heap     ] GC(5) Humongous regions: 0->0
[2021-11-11T15:11:08.566-0800][gc,metaspace] GC(5) Metaspace: 9047K(9216K)->9047K(9216K) NonClass: 8126K(8192K)->8126K(8192K) Class: 921K(1024K)->921K(1024K)
[2021-11-11T15:11:08.566-0800][gc          ] GC(5) Pause Young (Normal) (G1 Evacuation Pause) 34M->9M(512M) 9.782ms
[2021-11-11T15:11:08.566-0800][gc,cpu      ] GC(5) User=0.01s Sys=0.00s Real=0.01s
[2021-11-11T15:34:42.528-0800][gc,start    ] GC(6) Pause Young (Normal) (G1 Evacuation Pause)
[2021-11-11T15:34:42.528-0800][gc,task     ] GC(6) Using 8 workers of 8 for evacuation
[2021-11-11T15:34:42.541-0800][gc,phases   ] GC(6)   Pre Evacuate Collection Set: 0.2ms
[2021-11-11T15:34:42.541-0800][gc,phases   ] GC(6)   Merge Heap Roots: 0.1ms
[2021-11-11T15:34:42.541-0800][gc,phases   ] GC(6)   Evacuate Collection Set: 11.7ms
[2021-11-11T15:34:42.541-0800][gc,phases   ] GC(6)   Post Evacuate Collection Set: 0.5ms
[2021-11-11T15:34:42.541-0800][gc,phases   ] GC(6)   Other: 0.7ms
[2021-11-11T15:34:42.541-0800][gc,heap     ] GC(6) Eden regions: 44->0(306)
[2021-11-11T15:34:42.541-0800][gc,heap     ] GC(6) Survivor regions: 1->1(6)
[2021-11-11T15:34:42.541-0800][gc,heap     ] GC(6) Old regions: 8->8
[2021-11-11T15:34:42.541-0800][gc,heap     ] GC(6) Archive regions: 2->2
[2021-11-11T15:34:42.541-0800][gc,heap     ] GC(6) Humongous regions: 0->0
[2021-11-11T15:34:42.541-0800][gc,metaspace] GC(6) Metaspace: 9077K(9280K)->9077K(9280K) NonClass: 8156K(8256K)->8156K(8256K) Class: 921K(1024K)->921K(1024K)
[2021-11-11T15:34:42.541-0800][gc          ] GC(6) Pause Young (Normal) (G1 Evacuation Pause) 53M->9M(512M) 13.581ms
[2021-11-11T15:34:42.541-0800][gc,cpu      ] GC(6) User=0.03s Sys=0.01s Real=0.02s
[2021-11-11T17:24:54.094-0800][gc,start    ] GC(7) Pause Young (Normal) (G1 Evacuation Pause)
[2021-11-11T17:24:54.095-0800][gc,task     ] GC(7) Using 8 workers of 8 for evacuation
[2021-11-11T17:24:54.114-0800][gc,phases   ] GC(7)   Pre Evacuate Collection Set: 0.5ms
[2021-11-11T17:24:54.114-0800][gc,phases   ] GC(7)   Merge Heap Roots: 0.2ms
[2021-11-11T17:24:54.114-0800][gc,phases   ] GC(7)   Evacuate Collection Set: 17.0ms
[2021-11-11T17:24:54.115-0800][gc,phases   ] GC(7)   Post Evacuate Collection Set: 1.5ms
[2021-11-11T17:24:54.115-0800][gc,phases   ] GC(7)   Other: 1.0ms
[2021-11-11T17:24:54.115-0800][gc,heap     ] GC(7) Eden regions: 306->0(306)
[2021-11-11T17:24:54.115-0800][gc,heap     ] GC(7) Survivor regions: 1->1(39)
[2021-11-11T17:24:54.115-0800][gc,heap     ] GC(7) Old regions: 8->8
[2021-11-11T17:24:54.115-0800][gc,heap     ] GC(7) Archive regions: 2->2
[2021-11-11T17:24:54.115-0800][gc,heap     ] GC(7) Humongous regions: 0->0
[2021-11-11T17:24:54.115-0800][gc,metaspace] GC(7) Metaspace: 9089K(9280K)->9089K(9280K) NonClass: 8167K(8256K)->8167K(8256K) Class: 921K(1024K)->921K(1024K)
[2021-11-11T17:24:54.115-0800][gc          ] GC(7) Pause Young (Normal) (G1 Evacuation Pause) 315M->8M(512M) 20.574ms
[2021-11-11T17:24:54.115-0800][gc,cpu      ] GC(7) User=0.03s Sys=0.02s Real=0.02s
[2021-11-11T19:02:25.765-0800][gc,start    ] GC(8) Pause Young (Normal) (G1 Evacuation Pause)
[2021-11-11T19:02:25.765-0800][gc,task     ] GC(8) Using 8 workers of 8 for evacuation
[2021-11-11T19:02:25.781-0800][gc,phases   ] GC(8)   Pre Evacuate Collection Set: 0.3ms
[2021-11-11T19:02:25.781-0800][gc,phases   ] GC(8)   Merge Heap Roots: 0.1ms
[2021-11-11T19:02:25.781-0800][gc,phases   ] GC(8)   Evacuate Collection Set: 12.7ms
[2021-11-11T19:02:25.781-0800][gc,phases   ] GC(8)   Post Evacuate Collection Set: 2.7ms
[2021-11-11T19:02:25.781-0800][gc,phases   ] GC(8)   Other: 0.9ms
[2021-11-11T19:02:25.781-0800][gc,heap     ] GC(8) Eden regions: 306->0(306)
[2021-11-11T19:02:25.781-0800][gc,heap     ] GC(8) Survivor regions: 1->1(39)
[2021-11-11T19:02:25.782-0800][gc,heap     ] GC(8) Old regions: 8->8
[2021-11-11T19:02:25.782-0800][gc,heap     ] GC(8) Archive regions: 2->2
[2021-11-11T19:02:25.782-0800][gc,heap     ] GC(8) Humongous regions: 0->0
[2021-11-11T19:02:25.782-0800][gc,metaspace] GC(8) Metaspace: 9105K(9280K)->9105K(9280K) NonClass: 8183K(8256K)->8183K(8256K) Class: 921K(1024K)->921K(1024K)
[2021-11-11T19:02:25.782-0800][gc          ] GC(8) Pause Young (Normal) (G1 Evacuation Pause) 314M->8M(512M) 17.003ms
[2021-11-11T19:02:25.782-0800][gc,cpu      ] GC(8) User=0.02s Sys=0.02s Real=0.02s
[2021-11-11T20:39:23.252-0800][gc,start    ] GC(9) Pause Young (Normal) (G1 Evacuation Pause)
[2021-11-11T20:39:23.253-0800][gc,task     ] GC(9) Using 8 workers of 8 for evacuation
[2021-11-11T20:39:23.280-0800][gc,mmu      ] GC(9) MMU target violated: 21.0ms (20.0ms/21.0ms)
[2021-11-11T20:39:23.280-0800][gc,phases   ] GC(9)   Pre Evacuate Collection Set: 0.2ms
[2021-11-11T20:39:23.280-0800][gc,phases   ] GC(9)   Merge Heap Roots: 0.1ms
[2021-11-11T20:39:23.280-0800][gc,phases   ] GC(9)   Evacuate Collection Set: 23.9ms
[2021-11-11T20:39:23.280-0800][gc,phases   ] GC(9)   Post Evacuate Collection Set: 3.2ms
[2021-11-11T20:39:23.280-0800][gc,phases   ] GC(9)   Other: 0.7ms
[2021-11-11T20:39:23.280-0800][gc,heap     ] GC(9) Eden regions: 306->0(306)
[2021-11-11T20:39:23.280-0800][gc,heap     ] GC(9) Survivor regions: 1->1(39)
[2021-11-11T20:39:23.280-0800][gc,heap     ] GC(9) Old regions: 8->8
[2021-11-11T20:39:23.280-0800][gc,heap     ] GC(9) Archive regions: 2->2
[2021-11-11T20:39:23.280-0800][gc,heap     ] GC(9) Humongous regions: 0->0
[2021-11-11T20:39:23.280-0800][gc,metaspace] GC(9) Metaspace: 9110K(9280K)->9110K(9280K) NonClass: 8189K(8256K)->8189K(8256K) Class: 921K(1024K)->921K(1024K)
[2021-11-11T20:39:23.280-0800][gc          ] GC(9) Pause Young (Normal) (G1 Evacuation Pause) 314M->8M(512M) 28.198ms
[2021-11-11T20:39:23.280-0800][gc,cpu      ] GC(9) User=0.02s Sys=0.02s Real=0.03s
[2021-11-11T22:12:13.659-0800][gc,start    ] GC(10) Pause Young (Normal) (G1 Evacuation Pause)
[2021-11-11T22:12:13.660-0800][gc,task     ] GC(10) Using 8 workers of 8 for evacuation
[2021-11-11T22:12:13.682-0800][gc,mmu      ] GC(10) MMU target violated: 21.0ms (20.0ms/21.0ms)
[2021-11-11T22:12:13.682-0800][gc,phases   ] GC(10)   Pre Evacuate Collection Set: 0.3ms
[2021-11-11T22:12:13.682-0800][gc,phases   ] GC(10)   Merge Heap Roots: 0.3ms
[2021-11-11T22:12:13.683-0800][gc,phases   ] GC(10)   Evacuate Collection Set: 12.5ms
[2021-11-11T22:12:13.683-0800][gc,phases   ] GC(10)   Post Evacuate Collection Set: 9.2ms
[2021-11-11T22:12:13.683-0800][gc,phases   ] GC(10)   Other: 1.2ms
[2021-11-11T22:12:13.683-0800][gc,heap     ] GC(10) Eden regions: 306->0(306)
[2021-11-11T22:12:13.683-0800][gc,heap     ] GC(10) Survivor regions: 1->1(39)
[2021-11-11T22:12:13.683-0800][gc,heap     ] GC(10) Old regions: 8->8
[2021-11-11T22:12:13.683-0800][gc,heap     ] GC(10) Archive regions: 2->2
[2021-11-11T22:12:13.683-0800][gc,heap     ] GC(10) Humongous regions: 0->0
[2021-11-11T22:12:13.683-0800][gc,metaspace] GC(10) Metaspace: 9113K(9344K)->9113K(9344K) NonClass: 8192K(8320K)->8192K(8320K) Class: 921K(1024K)->921K(1024K)
[2021-11-11T22:12:13.683-0800][gc          ] GC(10) Pause Young (Normal) (G1 Evacuation Pause) 314M->9M(512M) 23.707ms
[2021-11-11T22:12:13.683-0800][gc,cpu      ] GC(10) User=0.02s Sys=0.02s Real=0.03s
[2021-11-12T07:55:39.508-0800][gc,start    ] GC(11) Pause Young (Normal) (G1 Evacuation Pause)
[2021-11-12T07:55:39.508-0800][gc,task     ] GC(11) Using 8 workers of 8 for evacuation
[2021-11-12T07:55:39.529-0800][gc,phases   ] GC(11)   Pre Evacuate Collection Set: 0.3ms
[2021-11-12T07:55:39.529-0800][gc,phases   ] GC(11)   Merge Heap Roots: 0.4ms
[2021-11-12T07:55:39.529-0800][gc,phases   ] GC(11)   Evacuate Collection Set: 15.8ms
[2021-11-12T07:55:39.529-0800][gc,phases   ] GC(11)   Post Evacuate Collection Set: 2.6ms
[2021-11-12T07:55:39.529-0800][gc,phases   ] GC(11)   Other: 1.8ms
[2021-11-12T07:55:39.529-0800][gc,heap     ] GC(11) Eden regions: 306->0(305)
[2021-11-12T07:55:39.529-0800][gc,heap     ] GC(11) Survivor regions: 1->2(39)
[2021-11-12T07:55:39.529-0800][gc,heap     ] GC(11) Old regions: 8->8
[2021-11-12T07:55:39.529-0800][gc,heap     ] GC(11) Archive regions: 2->2
[2021-11-12T07:55:39.529-0800][gc,heap     ] GC(11) Humongous regions: 0->0
[2021-11-12T07:55:39.529-0800][gc,metaspace] GC(11) Metaspace: 9114K(9344K)->9114K(9344K) NonClass: 8193K(8320K)->8193K(8320K) Class: 921K(1024K)->921K(1024K)
[2021-11-12T07:55:39.529-0800][gc          ] GC(11) Pause Young (Normal) (G1 Evacuation Pause) 315M->9M(512M) 20.994ms
[2021-11-12T07:55:39.529-0800][gc,cpu      ] GC(11) User=0.02s Sys=0.03s Real=0.02s
[2021-11-12T11:34:12.702-0800][gc,start    ] GC(12) Pause Young (Normal) (G1 Evacuation Pause)
[2021-11-12T11:34:12.703-0800][gc,task     ] GC(12) Using 8 workers of 8 for evacuation
[2021-11-12T11:34:12.759-0800][gc,mmu      ] GC(12) MMU target violated: 21.0ms (20.0ms/21.0ms)
[2021-11-12T11:34:12.759-0800][gc,phases   ] GC(12)   Pre Evacuate Collection Set: 0.4ms
[2021-11-12T11:34:12.760-0800][gc,phases   ] GC(12)   Merge Heap Roots: 0.2ms
[2021-11-12T11:34:12.760-0800][gc,phases   ] GC(12)   Evacuate Collection Set: 29.7ms
[2021-11-12T11:34:12.760-0800][gc,phases   ] GC(12)   Post Evacuate Collection Set: 25.3ms
[2021-11-12T11:34:12.760-0800][gc,phases   ] GC(12)   Other: 2.5ms
[2021-11-12T11:34:12.760-0800][gc,heap     ] GC(12) Eden regions: 305->0(24)
[2021-11-12T11:34:12.760-0800][gc,heap     ] GC(12) Survivor regions: 2->1(39)
[2021-11-12T11:34:12.760-0800][gc,heap     ] GC(12) Old regions: 8->8
[2021-11-12T11:34:12.760-0800][gc,heap     ] GC(12) Archive regions: 2->2
[2021-11-12T11:34:12.760-0800][gc,heap     ] GC(12) Humongous regions: 0->0
[2021-11-12T11:34:12.760-0800][gc,metaspace] GC(12) Metaspace: 9114K(9344K)->9114K(9344K) NonClass: 8193K(8320K)->8193K(8320K) Class: 921K(1024K)->921K(1024K)
[2021-11-12T11:34:12.760-0800][gc          ] GC(12) Pause Young (Normal) (G1 Evacuation Pause) 314M->9M(512M) 58.235ms
[2021-11-12T11:34:12.760-0800][gc,cpu      ] GC(12) User=0.02s Sys=0.05s Real=0.06s
[2021-11-12T11:41:18.180-0800][gc,start    ] GC(13) Pause Young (Normal) (G1 Evacuation Pause)
[2021-11-12T11:41:18.181-0800][gc,task     ] GC(13) Using 8 workers of 8 for evacuation
[2021-11-12T11:41:18.202-0800][gc,mmu      ] GC(13) MMU target violated: 20.8ms (20.0ms/21.0ms)
[2021-11-12T11:41:18.203-0800][gc,phases   ] GC(13)   Pre Evacuate Collection Set: 0.7ms
[2021-11-12T11:41:18.203-0800][gc,phases   ] GC(13)   Merge Heap Roots: 0.2ms
[2021-11-12T11:41:18.203-0800][gc,phases   ] GC(13)   Evacuate Collection Set: 18.6ms
[2021-11-12T11:41:18.203-0800][gc,phases   ] GC(13)   Post Evacuate Collection Set: 1.2ms
[2021-11-12T11:41:18.203-0800][gc,phases   ] GC(13)   Other: 2.0ms
[2021-11-12T11:41:18.203-0800][gc,heap     ] GC(13) Eden regions: 24->0(24)
[2021-11-12T11:41:18.203-0800][gc,heap     ] GC(13) Survivor regions: 1->1(4)
[2021-11-12T11:41:18.203-0800][gc,heap     ] GC(13) Old regions: 8->8
[2021-11-12T11:41:18.203-0800][gc,heap     ] GC(13) Archive regions: 2->2
[2021-11-12T11:41:18.203-0800][gc,heap     ] GC(13) Humongous regions: 0->0
[2021-11-12T11:41:18.203-0800][gc,metaspace] GC(13) Metaspace: 9114K(9344K)->9114K(9344K) NonClass: 8193K(8320K)->8193K(8320K) Class: 921K(1024K)->921K(1024K)
[2021-11-12T11:41:18.203-0800][gc          ] GC(13) Pause Young (Normal) (G1 Evacuation Pause) 33M->9M(512M) 22.848ms
[2021-11-12T11:41:18.203-0800][gc,cpu      ] GC(13) User=0.03s Sys=0.03s Real=0.02s
[2021-11-12T11:48:28.516-0800][gc,start    ] GC(14) Pause Young (Normal) (G1 Evacuation Pause)
[2021-11-12T11:48:28.517-0800][gc,task     ] GC(14) Using 8 workers of 8 for evacuation
[2021-11-12T11:48:28.545-0800][gc,mmu      ] GC(14) MMU target violated: 21.0ms (20.0ms/21.0ms)
[2021-11-12T11:48:28.545-0800][gc,phases   ] GC(14)   Pre Evacuate Collection Set: 0.8ms
[2021-11-12T11:48:28.545-0800][gc,phases   ] GC(14)   Merge Heap Roots: 0.2ms
[2021-11-12T11:48:28.545-0800][gc,phases   ] GC(14)   Evacuate Collection Set: 25.8ms
[2021-11-12T11:48:28.545-0800][gc,phases   ] GC(14)   Post Evacuate Collection Set: 1.1ms
[2021-11-12T11:48:28.545-0800][gc,phases   ] GC(14)   Other: 1.3ms
[2021-11-12T11:48:28.545-0800][gc,heap     ] GC(14) Eden regions: 24->0(226)
[2021-11-12T11:48:28.545-0800][gc,heap     ] GC(14) Survivor regions: 1->1(4)
[2021-11-12T11:48:28.545-0800][gc,heap     ] GC(14) Old regions: 8->8
[2021-11-12T11:48:28.545-0800][gc,heap     ] GC(14) Archive regions: 2->2
[2021-11-12T11:48:28.545-0800][gc,heap     ] GC(14) Humongous regions: 0->0
[2021-11-12T11:48:28.545-0800][gc,metaspace] GC(14) Metaspace: 9114K(9344K)->9114K(9344K) NonClass: 8193K(8320K)->8193K(8320K) Class: 921K(1024K)->921K(1024K)
[2021-11-12T11:48:28.546-0800][gc          ] GC(14) Pause Young (Normal) (G1 Evacuation Pause) 33M->9M(512M) 29.274ms
[2021-11-12T11:48:28.546-0800][gc,cpu      ] GC(14) User=0.01s Sys=0.02s Real=0.03s
[2021-11-12T13:03:51.638-0800][gc,start    ] GC(15) Pause Young (Normal) (G1 Evacuation Pause)
[2021-11-12T13:03:51.638-0800][gc,task     ] GC(15) Using 8 workers of 8 for evacuation
[2021-11-12T13:03:51.672-0800][gc,mmu      ] GC(15) MMU target violated: 21.0ms (20.0ms/21.0ms)
[2021-11-12T13:03:51.673-0800][gc,phases   ] GC(15)   Pre Evacuate Collection Set: 0.4ms
[2021-11-12T13:03:51.673-0800][gc,phases   ] GC(15)   Merge Heap Roots: 0.2ms
[2021-11-12T13:03:51.673-0800][gc,phases   ] GC(15)   Evacuate Collection Set: 20.0ms
[2021-11-12T13:03:51.673-0800][gc,phases   ] GC(15)   Post Evacuate Collection Set: 13.1ms
[2021-11-12T13:03:51.673-0800][gc,phases   ] GC(15)   Other: 2.2ms
[2021-11-12T13:03:51.673-0800][gc,heap     ] GC(15) Eden regions: 226->0(24)
[2021-11-12T13:03:51.673-0800][gc,heap     ] GC(15) Survivor regions: 1->1(29)
[2021-11-12T13:03:51.673-0800][gc,heap     ] GC(15) Old regions: 8->8
[2021-11-12T13:03:51.673-0800][gc,heap     ] GC(15) Archive regions: 2->2
[2021-11-12T13:03:51.673-0800][gc,heap     ] GC(15) Humongous regions: 0->0
[2021-11-12T13:03:51.673-0800][gc,metaspace] GC(15) Metaspace: 9136K(9344K)->9136K(9344K) NonClass: 8214K(8320K)->8214K(8320K) Class: 921K(1024K)->921K(1024K)
[2021-11-12T13:03:51.673-0800][gc          ] GC(15) Pause Young (Normal) (G1 Evacuation Pause) 235M->9M(512M) 35.205ms
[2021-11-12T13:03:51.673-0800][gc,cpu      ] GC(15) User=0.02s Sys=0.05s Real=0.04s
[2021-11-12T13:41:42.700-0800][gc,start    ] GC(16) Pause Young (Normal) (G1 Evacuation Pause)
[2021-11-12T13:41:42.701-0800][gc,task     ] GC(16) Using 8 workers of 8 for evacuation
[2021-11-12T13:41:42.723-0800][gc,mmu      ] GC(16) MMU target violated: 21.0ms (20.0ms/21.0ms)
[2021-11-12T13:41:42.723-0800][gc,phases   ] GC(16)   Pre Evacuate Collection Set: 0.5ms
[2021-11-12T13:41:42.723-0800][gc,phases   ] GC(16)   Merge Heap Roots: 0.1ms
[2021-11-12T13:41:42.723-0800][gc,phases   ] GC(16)   Evacuate Collection Set: 20.1ms
[2021-11-12T13:41:42.723-0800][gc,phases   ] GC(16)   Post Evacuate Collection Set: 1.1ms
[2021-11-12T13:41:42.723-0800][gc,phases   ] GC(16)   Other: 1.1ms
[2021-11-12T13:41:42.723-0800][gc,heap     ] GC(16) Eden regions: 24->0(306)
[2021-11-12T13:41:42.723-0800][gc,heap     ] GC(16) Survivor regions: 1->1(4)
[2021-11-12T13:41:42.723-0800][gc,heap     ] GC(16) Old regions: 8->8
[2021-11-12T13:41:42.723-0800][gc,heap     ] GC(16) Archive regions: 2->2
[2021-11-12T13:41:42.723-0800][gc,heap     ] GC(16) Humongous regions: 0->0
[2021-11-12T13:41:42.723-0800][gc,metaspace] GC(16) Metaspace: 9136K(9344K)->9136K(9344K) NonClass: 8214K(8320K)->8214K(8320K) Class: 921K(1024K)->921K(1024K)
[2021-11-12T13:41:42.723-0800][gc          ] GC(16) Pause Young (Normal) (G1 Evacuation Pause) 33M->9M(512M) 23.198ms
[2021-11-12T13:41:42.724-0800][gc,cpu      ] GC(16) User=0.02s Sys=0.03s Real=0.02s
[2021-11-12T17:31:38.958-0800][gc,start    ] GC(17) Pause Young (Normal) (G1 Evacuation Pause)
[2021-11-12T17:31:38.960-0800][gc,task     ] GC(17) Using 8 workers of 8 for evacuation
[2021-11-12T17:31:39.086-0800][gc,mmu      ] GC(17) MMU target violated: 21.0ms (20.0ms/21.0ms)
[2021-11-12T17:31:39.086-0800][gc,phases   ] GC(17)   Pre Evacuate Collection Set: 2.8ms
[2021-11-12T17:31:39.086-0800][gc,phases   ] GC(17)   Merge Heap Roots: 0.6ms
[2021-11-12T17:31:39.086-0800][gc,phases   ] GC(17)   Evacuate Collection Set: 65.3ms
[2021-11-12T17:31:39.086-0800][gc,phases   ] GC(17)   Post Evacuate Collection Set: 56.6ms
[2021-11-12T17:31:39.086-0800][gc,phases   ] GC(17)   Other: 3.3ms
[2021-11-12T17:31:39.086-0800][gc,heap     ] GC(17) Eden regions: 306->0(24)
[2021-11-12T17:31:39.086-0800][gc,heap     ] GC(17) Survivor regions: 1->1(39)
[2021-11-12T17:31:39.086-0800][gc,heap     ] GC(17) Old regions: 8->8
[2021-11-12T17:31:39.086-0800][gc,heap     ] GC(17) Archive regions: 2->2
[2021-11-12T17:31:39.086-0800][gc,heap     ] GC(17) Humongous regions: 0->0
[2021-11-12T17:31:39.086-0800][gc,metaspace] GC(17) Metaspace: 9138K(9344K)->9138K(9344K) NonClass: 8216K(8320K)->8216K(8320K) Class: 921K(1024K)->921K(1024K)
[2021-11-12T17:31:39.086-0800][gc          ] GC(17) Pause Young (Normal) (G1 Evacuation Pause) 315M->9M(512M) 128.199ms
[2021-11-12T17:31:39.086-0800][gc,cpu      ] GC(17) User=0.03s Sys=0.11s Real=0.13s
[2021-11-12T17:51:23.958-0800][gc,start    ] GC(18) Pause Young (Normal) (G1 Evacuation Pause)
[2021-11-12T17:51:23.958-0800][gc,task     ] GC(18) Using 8 workers of 8 for evacuation
[2021-11-12T17:51:23.974-0800][gc,phases   ] GC(18)   Pre Evacuate Collection Set: 0.4ms
[2021-11-12T17:51:23.975-0800][gc,phases   ] GC(18)   Merge Heap Roots: 0.1ms
[2021-11-12T17:51:23.975-0800][gc,phases   ] GC(18)   Evacuate Collection Set: 14.0ms
[2021-11-12T17:51:23.975-0800][gc,phases   ] GC(18)   Post Evacuate Collection Set: 1.6ms
[2021-11-12T17:51:23.975-0800][gc,phases   ] GC(18)   Other: 0.7ms
[2021-11-12T17:51:23.975-0800][gc,heap     ] GC(18) Eden regions: 24->0(24)
[2021-11-12T17:51:23.975-0800][gc,heap     ] GC(18) Survivor regions: 1->1(4)
[2021-11-12T17:51:23.975-0800][gc,heap     ] GC(18) Old regions: 8->8
[2021-11-12T17:51:23.975-0800][gc,heap     ] GC(18) Archive regions: 2->2
[2021-11-12T17:51:23.975-0800][gc,heap     ] GC(18) Humongous regions: 0->0
[2021-11-12T17:51:23.975-0800][gc,metaspace] GC(18) Metaspace: 9138K(9344K)->9138K(9344K) NonClass: 8216K(8320K)->8216K(8320K) Class: 921K(1024K)->921K(1024K)
[2021-11-12T17:51:23.975-0800][gc          ] GC(18) Pause Young (Normal) (G1 Evacuation Pause) 33M->9M(512M) 17.370ms
[2021-11-12T17:51:23.975-0800][gc,cpu      ] GC(18) User=0.01s Sys=0.02s Real=0.02s
[2021-11-12T18:41:07.787-0800][gc,start    ] GC(19) Pause Young (Normal) (G1 Evacuation Pause)
[2021-11-12T18:41:07.788-0800][gc,task     ] GC(19) Using 8 workers of 8 for evacuation
[2021-11-12T18:41:07.804-0800][gc,phases   ] GC(19)   Pre Evacuate Collection Set: 0.5ms
[2021-11-12T18:41:07.804-0800][gc,phases   ] GC(19)   Merge Heap Roots: 0.1ms
[2021-11-12T18:41:07.804-0800][gc,phases   ] GC(19)   Evacuate Collection Set: 14.2ms
[2021-11-12T18:41:07.804-0800][gc,phases   ] GC(19)   Post Evacuate Collection Set: 1.2ms
[2021-11-12T18:41:07.804-0800][gc,phases   ] GC(19)   Other: 0.8ms
[2021-11-12T18:41:07.804-0800][gc,heap     ] GC(19) Eden regions: 24->0(24)
[2021-11-12T18:41:07.804-0800][gc,heap     ] GC(19) Survivor regions: 1->1(4)
[2021-11-12T18:41:07.804-0800][gc,heap     ] GC(19) Old regions: 8->8
[2021-11-12T18:41:07.804-0800][gc,heap     ] GC(19) Archive regions: 2->2
[2021-11-12T18:41:07.804-0800][gc,heap     ] GC(19) Humongous regions: 0->0
[2021-11-12T18:41:07.804-0800][gc,metaspace] GC(19) Metaspace: 9138K(9344K)->9138K(9344K) NonClass: 8216K(8320K)->8216K(8320K) Class: 921K(1024K)->921K(1024K)
[2021-11-12T18:41:07.804-0800][gc          ] GC(19) Pause Young (Normal) (G1 Evacuation Pause) 33M->9M(512M) 17.117ms
[2021-11-12T18:41:07.805-0800][gc,cpu      ] GC(19) User=0.01s Sys=0.02s Real=0.02s
[2021-11-12T19:10:31.305-0800][gc,start    ] GC(20) Pause Young (Normal) (G1 Evacuation Pause)
[2021-11-12T19:10:31.306-0800][gc,task     ] GC(20) Using 8 workers of 8 for evacuation
[2021-11-12T19:10:31.314-0800][gc,phases   ] GC(20)   Pre Evacuate Collection Set: 0.8ms
[2021-11-12T19:10:31.314-0800][gc,phases   ] GC(20)   Merge Heap Roots: 0.1ms
[2021-11-12T19:10:31.314-0800][gc,phases   ] GC(20)   Evacuate Collection Set: 6.3ms
[2021-11-12T19:10:31.314-0800][gc,phases   ] GC(20)   Post Evacuate Collection Set: 1.0ms
[2021-11-12T19:10:31.314-0800][gc,phases   ] GC(20)   Other: 0.8ms
[2021-11-12T19:10:31.314-0800][gc,heap     ] GC(20) Eden regions: 24->0(24)
[2021-11-12T19:10:31.314-0800][gc,heap     ] GC(20) Survivor regions: 1->1(4)
[2021-11-12T19:10:31.314-0800][gc,heap     ] GC(20) Old regions: 8->8
[2021-11-12T19:10:31.314-0800][gc,heap     ] GC(20) Archive regions: 2->2
[2021-11-12T19:10:31.314-0800][gc,heap     ] GC(20) Humongous regions: 0->0
[2021-11-12T19:10:31.314-0800][gc,metaspace] GC(20) Metaspace: 9138K(9344K)->9138K(9344K) NonClass: 8216K(8320K)->8216K(8320K) Class: 921K(1024K)->921K(1024K)
[2021-11-12T19:10:31.314-0800][gc          ] GC(20) Pause Young (Normal) (G1 Evacuation Pause) 33M->9M(512M) 9.267ms
[2021-11-12T19:10:31.314-0800][gc,cpu      ] GC(20) User=0.01s Sys=0.01s Real=0.01s
[2021-11-12T19:30:12.414-0800][gc,start    ] GC(21) Pause Young (Normal) (G1 Evacuation Pause)
[2021-11-12T19:30:12.414-0800][gc,task     ] GC(21) Using 8 workers of 8 for evacuation
[2021-11-12T19:30:12.420-0800][gc,phases   ] GC(21)   Pre Evacuate Collection Set: 0.2ms
[2021-11-12T19:30:12.421-0800][gc,phases   ] GC(21)   Merge Heap Roots: 0.1ms
[2021-11-12T19:30:12.421-0800][gc,phases   ] GC(21)   Evacuate Collection Set: 5.1ms
[2021-11-12T19:30:12.421-0800][gc,phases   ] GC(21)   Post Evacuate Collection Set: 0.6ms
[2021-11-12T19:30:12.421-0800][gc,phases   ] GC(21)   Other: 0.7ms
[2021-11-12T19:30:12.421-0800][gc,heap     ] GC(21) Eden regions: 24->0(135)
[2021-11-12T19:30:12.421-0800][gc,heap     ] GC(21) Survivor regions: 1->1(4)
[2021-11-12T19:30:12.421-0800][gc,heap     ] GC(21) Old regions: 8->8
[2021-11-12T19:30:12.421-0800][gc,heap     ] GC(21) Archive regions: 2->2
[2021-11-12T19:30:12.421-0800][gc,heap     ] GC(21) Humongous regions: 0->0
[2021-11-12T19:30:12.421-0800][gc,metaspace] GC(21) Metaspace: 9138K(9344K)->9138K(9344K) NonClass: 8216K(8320K)->8216K(8320K) Class: 921K(1024K)->921K(1024K)
[2021-11-12T19:30:12.421-0800][gc          ] GC(21) Pause Young (Normal) (G1 Evacuation Pause) 33M->9M(512M) 7.210ms
[2021-11-12T19:30:12.421-0800][gc,cpu      ] GC(21) User=0.00s Sys=0.01s Real=0.01s
[2021-11-12T20:22:07.952-0800][gc,start    ] GC(22) Pause Young (Normal) (G1 Evacuation Pause)
[2021-11-12T20:22:07.953-0800][gc,task     ] GC(22) Using 8 workers of 8 for evacuation
[2021-11-12T20:22:07.963-0800][gc,phases   ] GC(22)   Pre Evacuate Collection Set: 0.5ms
[2021-11-12T20:22:07.963-0800][gc,phases   ] GC(22)   Merge Heap Roots: 0.2ms
[2021-11-12T20:22:07.963-0800][gc,phases   ] GC(22)   Evacuate Collection Set: 6.1ms
[2021-11-12T20:22:07.963-0800][gc,phases   ] GC(22)   Post Evacuate Collection Set: 2.1ms
[2021-11-12T20:22:07.963-0800][gc,phases   ] GC(22)   Other: 1.7ms
[2021-11-12T20:22:07.963-0800][gc,heap     ] GC(22) Eden regions: 135->0(306)
[2021-11-12T20:22:07.963-0800][gc,heap     ] GC(22) Survivor regions: 1->1(17)
[2021-11-12T20:22:07.963-0800][gc,heap     ] GC(22) Old regions: 8->8
[2021-11-12T20:22:07.963-0800][gc,heap     ] GC(22) Archive regions: 2->2
[2021-11-12T20:22:07.963-0800][gc,heap     ] GC(22) Humongous regions: 0->0
[2021-11-12T20:22:07.963-0800][gc,metaspace] GC(22) Metaspace: 9140K(9344K)->9140K(9344K) NonClass: 8218K(8320K)->8218K(8320K) Class: 921K(1024K)->921K(1024K)
[2021-11-12T20:22:07.963-0800][gc          ] GC(22) Pause Young (Normal) (G1 Evacuation Pause) 144M->9M(512M) 10.806ms
[2021-11-12T20:22:07.963-0800][gc,cpu      ] GC(22) User=0.00s Sys=0.01s Real=0.01s
[2021-11-12T21:46:22.326-0800][gc,start    ] GC(23) Pause Young (Normal) (G1 Evacuation Pause)
[2021-11-12T21:46:22.327-0800][gc,task     ] GC(23) Using 8 workers of 8 for evacuation
[2021-11-12T21:46:22.352-0800][gc,mmu      ] GC(23) MMU target violated: 21.0ms (20.0ms/21.0ms)
[2021-11-12T21:46:22.353-0800][gc,phases   ] GC(23)   Pre Evacuate Collection Set: 0.4ms
[2021-11-12T21:46:22.353-0800][gc,phases   ] GC(23)   Merge Heap Roots: 0.5ms
[2021-11-12T21:46:22.353-0800][gc,phases   ] GC(23)   Evacuate Collection Set: 12.5ms
[2021-11-12T21:46:22.353-0800][gc,phases   ] GC(23)   Post Evacuate Collection Set: 11.2ms
[2021-11-12T21:46:22.353-0800][gc,phases   ] GC(23)   Other: 1.8ms
[2021-11-12T21:46:22.353-0800][gc,heap     ] GC(23) Eden regions: 306->0(306)
[2021-11-12T21:46:22.353-0800][gc,heap     ] GC(23) Survivor regions: 1->1(39)
[2021-11-12T21:46:22.353-0800][gc,heap     ] GC(23) Old regions: 8->8
[2021-11-12T21:46:22.353-0800][gc,heap     ] GC(23) Archive regions: 2->2
[2021-11-12T21:46:22.353-0800][gc,heap     ] GC(23) Humongous regions: 0->0
[2021-11-12T21:46:22.353-0800][gc,metaspace] GC(23) Metaspace: 9141K(9344K)->9141K(9344K) NonClass: 8219K(8320K)->8219K(8320K) Class: 921K(1024K)->921K(1024K)
[2021-11-12T21:46:22.353-0800][gc          ] GC(23) Pause Young (Normal) (G1 Evacuation Pause) 315M->9M(512M) 26.778ms
[2021-11-12T21:46:22.353-0800][gc,cpu      ] GC(23) User=0.01s Sys=0.02s Real=0.03s
[2021-11-12T23:06:36.998-0800][gc,start    ] GC(24) Pause Young (Normal) (G1 Evacuation Pause)
[2021-11-12T23:06:36.999-0800][gc,task     ] GC(24) Using 8 workers of 8 for evacuation
[2021-11-12T23:06:37.010-0800][gc,phases   ] GC(24)   Pre Evacuate Collection Set: 0.2ms
[2021-11-12T23:06:37.010-0800][gc,phases   ] GC(24)   Merge Heap Roots: 0.2ms
[2021-11-12T23:06:37.010-0800][gc,phases   ] GC(24)   Evacuate Collection Set: 6.4ms
[2021-11-12T23:06:37.010-0800][gc,phases   ] GC(24)   Post Evacuate Collection Set: 3.7ms
[2021-11-12T23:06:37.010-0800][gc,phases   ] GC(24)   Other: 0.9ms
[2021-11-12T23:06:37.010-0800][gc,heap     ] GC(24) Eden regions: 306->0(306)
[2021-11-12T23:06:37.010-0800][gc,heap     ] GC(24) Survivor regions: 1->1(39)
[2021-11-12T23:06:37.010-0800][gc,heap     ] GC(24) Old regions: 8->8
[2021-11-12T23:06:37.010-0800][gc,heap     ] GC(24) Archive regions: 2->2
[2021-11-12T23:06:37.010-0800][gc,heap     ] GC(24) Humongous regions: 0->0
[2021-11-12T23:06:37.010-0800][gc,metaspace] GC(24) Metaspace: 9141K(9344K)->9141K(9344K) NonClass: 8219K(8320K)->8219K(8320K) Class: 921K(1024K)->921K(1024K)
[2021-11-12T23:06:37.010-0800][gc          ] GC(24) Pause Young (Normal) (G1 Evacuation Pause) 315M->9M(512M) 11.786ms
[2021-11-12T23:06:37.010-0800][gc,cpu      ] GC(24) User=0.01s Sys=0.02s Real=0.02s
[2021-11-13T00:20:47.961-0800][gc,start    ] GC(25) Pause Young (Normal) (G1 Evacuation Pause)
[2021-11-13T00:20:47.962-0800][gc,task     ] GC(25) Using 8 workers of 8 for evacuation
[2021-11-13T00:20:47.974-0800][gc,phases   ] GC(25)   Pre Evacuate Collection Set: 0.4ms
[2021-11-13T00:20:47.974-0800][gc,phases   ] GC(25)   Merge Heap Roots: 0.2ms
[2021-11-13T00:20:47.974-0800][gc,phases   ] GC(25)   Evacuate Collection Set: 8.1ms
[2021-11-13T00:20:47.974-0800][gc,phases   ] GC(25)   Post Evacuate Collection Set: 3.1ms
[2021-11-13T00:20:47.974-0800][gc,phases   ] GC(25)   Other: 1.0ms
[2021-11-13T00:20:47.975-0800][gc,heap     ] GC(25) Eden regions: 306->0(306)
[2021-11-13T00:20:47.975-0800][gc,heap     ] GC(25) Survivor regions: 1->1(39)
[2021-11-13T00:20:47.975-0800][gc,heap     ] GC(25) Old regions: 8->8
[2021-11-13T00:20:47.975-0800][gc,heap     ] GC(25) Archive regions: 2->2
[2021-11-13T00:20:47.975-0800][gc,heap     ] GC(25) Humongous regions: 0->0
[2021-11-13T00:20:47.975-0800][gc,metaspace] GC(25) Metaspace: 9141K(9344K)->9141K(9344K) NonClass: 8219K(8320K)->8219K(8320K) Class: 921K(1024K)->921K(1024K)
[2021-11-13T00:20:47.975-0800][gc          ] GC(25) Pause Young (Normal) (G1 Evacuation Pause) 315M->9M(512M) 13.313ms
[2021-11-13T00:20:47.975-0800][gc,cpu      ] GC(25) User=0.02s Sys=0.02s Real=0.01s
[2021-11-13T01:36:06.704-0800][gc,start    ] GC(26) Pause Young (Normal) (G1 Evacuation Pause)
[2021-11-13T01:36:06.716-0800][gc,task     ] GC(26) Using 8 workers of 8 for evacuation
[2021-11-13T01:36:06.729-0800][gc,phases   ] GC(26)   Pre Evacuate Collection Set: 0.7ms
[2021-11-13T01:36:06.730-0800][gc,phases   ] GC(26)   Merge Heap Roots: 0.6ms
[2021-11-13T01:36:06.730-0800][gc,phases   ] GC(26)   Evacuate Collection Set: 8.0ms
[2021-11-13T01:36:06.730-0800][gc,phases   ] GC(26)   Post Evacuate Collection Set: 3.1ms
[2021-11-13T01:36:06.730-0800][gc,phases   ] GC(26)   Other: 13.3ms
[2021-11-13T01:36:06.730-0800][gc,heap     ] GC(26) Eden regions: 306->0(306)
[2021-11-13T01:36:06.730-0800][gc,heap     ] GC(26) Survivor regions: 1->1(39)
[2021-11-13T01:36:06.730-0800][gc,heap     ] GC(26) Old regions: 8->8
[2021-11-13T01:36:06.730-0800][gc,heap     ] GC(26) Archive regions: 2->2
[2021-11-13T01:36:06.730-0800][gc,heap     ] GC(26) Humongous regions: 0->0
[2021-11-13T01:36:06.730-0800][gc,metaspace] GC(26) Metaspace: 9143K(9344K)->9143K(9344K) NonClass: 8221K(8320K)->8221K(8320K) Class: 921K(1024K)->921K(1024K)
[2021-11-13T01:36:06.730-0800][gc          ] GC(26) Pause Young (Normal) (G1 Evacuation Pause) 315M->9M(512M) 26.066ms
[2021-11-13T01:36:06.730-0800][gc,cpu      ] GC(26) User=0.01s Sys=0.02s Real=0.03s
[2021-11-13T02:50:41.025-0800][gc,start    ] GC(27) Pause Young (Normal) (G1 Evacuation Pause)
[2021-11-13T02:50:41.026-0800][gc,task     ] GC(27) Using 8 workers of 8 for evacuation
[2021-11-13T02:50:41.039-0800][gc,phases   ] GC(27)   Pre Evacuate Collection Set: 0.4ms
[2021-11-13T02:50:41.039-0800][gc,phases   ] GC(27)   Merge Heap Roots: 0.3ms
[2021-11-13T02:50:41.039-0800][gc,phases   ] GC(27)   Evacuate Collection Set: 8.5ms
[2021-11-13T02:50:41.039-0800][gc,phases   ] GC(27)   Post Evacuate Collection Set: 3.2ms
[2021-11-13T02:50:41.039-0800][gc,phases   ] GC(27)   Other: 1.5ms
[2021-11-13T02:50:41.039-0800][gc,heap     ] GC(27) Eden regions: 306->0(306)
[2021-11-13T02:50:41.039-0800][gc,heap     ] GC(27) Survivor regions: 1->1(39)
[2021-11-13T02:50:41.039-0800][gc,heap     ] GC(27) Old regions: 8->8
[2021-11-13T02:50:41.039-0800][gc,heap     ] GC(27) Archive regions: 2->2
[2021-11-13T02:50:41.039-0800][gc,heap     ] GC(27) Humongous regions: 0->0
[2021-11-13T02:50:41.039-0800][gc,metaspace] GC(27) Metaspace: 9143K(9344K)->9143K(9344K) NonClass: 8221K(8320K)->8221K(8320K) Class: 921K(1024K)->921K(1024K)
[2021-11-13T02:50:41.040-0800][gc          ] GC(27) Pause Young (Normal) (G1 Evacuation Pause) 315M->9M(512M) 14.311ms
[2021-11-13T02:50:41.040-0800][gc,cpu      ] GC(27) User=0.01s Sys=0.02s Real=0.02s
[2021-11-13T09:36:21.598-0800][gc,start    ] GC(28) Pause Young (Normal) (G1 Evacuation Pause)
[2021-11-13T09:36:21.598-0800][gc,task     ] GC(28) Using 8 workers of 8 for evacuation
[2021-11-13T09:36:21.618-0800][gc,phases   ] GC(28)   Pre Evacuate Collection Set: 0.3ms
[2021-11-13T09:36:21.618-0800][gc,phases   ] GC(28)   Merge Heap Roots: 0.5ms
[2021-11-13T09:36:21.618-0800][gc,phases   ] GC(28)   Evacuate Collection Set: 14.8ms
[2021-11-13T09:36:21.618-0800][gc,phases   ] GC(28)   Post Evacuate Collection Set: 3.7ms
[2021-11-13T09:36:21.618-0800][gc,phases   ] GC(28)   Other: 0.7ms
[2021-11-13T09:36:21.618-0800][gc,heap     ] GC(28) Eden regions: 306->0(306)
[2021-11-13T09:36:21.618-0800][gc,heap     ] GC(28) Survivor regions: 1->1(39)
[2021-11-13T09:36:21.618-0800][gc,heap     ] GC(28) Old regions: 8->8
[2021-11-13T09:36:21.618-0800][gc,heap     ] GC(28) Archive regions: 2->2
[2021-11-13T09:36:21.618-0800][gc,heap     ] GC(28) Humongous regions: 0->0
[2021-11-13T09:36:21.618-0800][gc,metaspace] GC(28) Metaspace: 9143K(9344K)->9143K(9344K) NonClass: 8221K(8320K)->8221K(8320K) Class: 921K(1024K)->921K(1024K)
[2021-11-13T09:36:21.618-0800][gc          ] GC(28) Pause Young (Normal) (G1 Evacuation Pause) 315M->9M(512M) 20.291ms
[2021-11-13T09:36:21.618-0800][gc,cpu      ] GC(28) User=0.01s Sys=0.01s Real=0.02s
[2021-11-13T10:50:28.733-0800][gc,start    ] GC(29) Pause Young (Normal) (G1 Evacuation Pause)
[2021-11-13T10:50:28.736-0800][gc,task     ] GC(29) Using 8 workers of 8 for evacuation
[2021-11-13T10:50:28.758-0800][gc,mmu      ] GC(29) MMU target violated: 21.0ms (20.0ms/21.0ms)
[2021-11-13T10:50:28.758-0800][gc,phases   ] GC(29)   Pre Evacuate Collection Set: 0.3ms
[2021-11-13T10:50:28.758-0800][gc,phases   ] GC(29)   Merge Heap Roots: 0.3ms
[2021-11-13T10:50:28.758-0800][gc,phases   ] GC(29)   Evacuate Collection Set: 10.3ms
[2021-11-13T10:50:28.758-0800][gc,phases   ] GC(29)   Post Evacuate Collection Set: 10.9ms
[2021-11-13T10:50:28.758-0800][gc,phases   ] GC(29)   Other: 5.0ms
[2021-11-13T10:50:28.758-0800][gc,heap     ] GC(29) Eden regions: 306->0(306)
[2021-11-13T10:50:28.758-0800][gc,heap     ] GC(29) Survivor regions: 1->1(39)
[2021-11-13T10:50:28.758-0800][gc,heap     ] GC(29) Old regions: 8->8
[2021-11-13T10:50:28.758-0800][gc,heap     ] GC(29) Archive regions: 2->2
[2021-11-13T10:50:28.758-0800][gc,heap     ] GC(29) Humongous regions: 0->0
[2021-11-13T10:50:28.759-0800][gc,metaspace] GC(29) Metaspace: 9145K(9344K)->9145K(9344K) NonClass: 8223K(8320K)->8223K(8320K) Class: 921K(1024K)->921K(1024K)
[2021-11-13T10:50:28.759-0800][gc          ] GC(29) Pause Young (Normal) (G1 Evacuation Pause) 315M->9M(512M) 27.221ms
[2021-11-13T10:50:28.759-0800][gc,cpu      ] GC(29) User=0.01s Sys=0.02s Real=0.02s
[2021-11-13T12:59:18.324-0800][gc,start    ] GC(30) Pause Young (Normal) (G1 Evacuation Pause)
[2021-11-13T12:59:18.325-0800][gc,task     ] GC(30) Using 8 workers of 8 for evacuation
[2021-11-13T12:59:18.334-0800][gc,phases   ] GC(30)   Pre Evacuate Collection Set: 0.3ms
[2021-11-13T12:59:18.334-0800][gc,phases   ] GC(30)   Merge Heap Roots: 0.2ms
[2021-11-13T12:59:18.334-0800][gc,phases   ] GC(30)   Evacuate Collection Set: 4.1ms
[2021-11-13T12:59:18.334-0800][gc,phases   ] GC(30)   Post Evacuate Collection Set: 4.2ms
[2021-11-13T12:59:18.334-0800][gc,phases   ] GC(30)   Other: 1.7ms
[2021-11-13T12:59:18.334-0800][gc,heap     ] GC(30) Eden regions: 306->0(306)
[2021-11-13T12:59:18.334-0800][gc,heap     ] GC(30) Survivor regions: 1->1(39)
[2021-11-13T12:59:18.334-0800][gc,heap     ] GC(30) Old regions: 8->8
[2021-11-13T12:59:18.334-0800][gc,heap     ] GC(30) Archive regions: 2->2
[2021-11-13T12:59:18.334-0800][gc,heap     ] GC(30) Humongous regions: 0->0
[2021-11-13T12:59:18.334-0800][gc,metaspace] GC(30) Metaspace: 9153K(9344K)->9153K(9344K) NonClass: 8232K(8320K)->8232K(8320K) Class: 921K(1024K)->921K(1024K)
[2021-11-13T12:59:18.334-0800][gc          ] GC(30) Pause Young (Normal) (G1 Evacuation Pause) 315M->9M(512M) 10.800ms
[2021-11-13T12:59:18.335-0800][gc,cpu      ] GC(30) User=0.01s Sys=0.02s Real=0.01s
[2021-11-13T14:13:07.088-0800][gc,start    ] GC(31) Pause Young (Normal) (G1 Evacuation Pause)
[2021-11-13T14:13:07.088-0800][gc,task     ] GC(31) Using 8 workers of 8 for evacuation
[2021-11-13T14:13:07.100-0800][gc,phases   ] GC(31)   Pre Evacuate Collection Set: 0.4ms
[2021-11-13T14:13:07.100-0800][gc,phases   ] GC(31)   Merge Heap Roots: 0.2ms
[2021-11-13T14:13:07.100-0800][gc,phases   ] GC(31)   Evacuate Collection Set: 7.7ms
[2021-11-13T14:13:07.100-0800][gc,phases   ] GC(31)   Post Evacuate Collection Set: 3.1ms
[2021-11-13T14:13:07.100-0800][gc,phases   ] GC(31)   Other: 1.1ms
[2021-11-13T14:13:07.100-0800][gc,heap     ] GC(31) Eden regions: 306->0(306)
[2021-11-13T14:13:07.100-0800][gc,heap     ] GC(31) Survivor regions: 1->1(39)
[2021-11-13T14:13:07.100-0800][gc,heap     ] GC(31) Old regions: 8->8
[2021-11-13T14:13:07.100-0800][gc,heap     ] GC(31) Archive regions: 2->2
[2021-11-13T14:13:07.100-0800][gc,heap     ] GC(31) Humongous regions: 0->0
[2021-11-13T14:13:07.100-0800][gc,metaspace] GC(31) Metaspace: 9154K(9344K)->9154K(9344K) NonClass: 8232K(8320K)->8232K(8320K) Class: 921K(1024K)->921K(1024K)
[2021-11-13T14:13:07.100-0800][gc          ] GC(31) Pause Young (Normal) (G1 Evacuation Pause) 315M->9M(512M) 12.855ms
[2021-11-13T14:13:07.100-0800][gc,cpu      ] GC(31) User=0.00s Sys=0.03s Real=0.02s
[2021-11-13T15:26:52.176-0800][gc,start    ] GC(32) Pause Young (Normal) (G1 Evacuation Pause)
[2021-11-13T15:26:52.178-0800][gc,task     ] GC(32) Using 8 workers of 8 for evacuation
[2021-11-13T15:26:52.189-0800][gc,phases   ] GC(32)   Pre Evacuate Collection Set: 0.2ms
[2021-11-13T15:26:52.189-0800][gc,phases   ] GC(32)   Merge Heap Roots: 0.2ms
[2021-11-13T15:26:52.189-0800][gc,phases   ] GC(32)   Evacuate Collection Set: 7.9ms
[2021-11-13T15:26:52.189-0800][gc,phases   ] GC(32)   Post Evacuate Collection Set: 2.6ms
[2021-11-13T15:26:52.189-0800][gc,phases   ] GC(32)   Other: 1.9ms
[2021-11-13T15:26:52.189-0800][gc,heap     ] GC(32) Eden regions: 306->0(306)
[2021-11-13T15:26:52.189-0800][gc,heap     ] GC(32) Survivor regions: 1->1(39)
[2021-11-13T15:26:52.190-0800][gc,heap     ] GC(32) Old regions: 8->8
[2021-11-13T15:26:52.190-0800][gc,heap     ] GC(32) Archive regions: 2->2
[2021-11-13T15:26:52.190-0800][gc,heap     ] GC(32) Humongous regions: 0->0
[2021-11-13T15:26:52.190-0800][gc,metaspace] GC(32) Metaspace: 9158K(9344K)->9158K(9344K) NonClass: 8236K(8320K)->8236K(8320K) Class: 921K(1024K)->921K(1024K)
[2021-11-13T15:26:52.190-0800][gc          ] GC(32) Pause Young (Normal) (G1 Evacuation Pause) 315M->9M(512M) 13.128ms
[2021-11-13T15:26:52.190-0800][gc,cpu      ] GC(32) User=0.01s Sys=0.02s Real=0.02s
[2021-11-13T16:40:46.187-0800][gc,start    ] GC(33) Pause Young (Normal) (G1 Evacuation Pause)
[2021-11-13T16:40:46.188-0800][gc,task     ] GC(33) Using 8 workers of 8 for evacuation
[2021-11-13T16:40:46.257-0800][gc,mmu      ] GC(33) MMU target violated: 21.0ms (20.0ms/21.0ms)
[2021-11-13T16:40:46.257-0800][gc,phases   ] GC(33)   Pre Evacuate Collection Set: 3.1ms
[2021-11-13T16:40:46.257-0800][gc,phases   ] GC(33)   Merge Heap Roots: 2.9ms
[2021-11-13T16:40:46.257-0800][gc,phases   ] GC(33)   Evacuate Collection Set: 26.3ms
[2021-11-13T16:40:46.257-0800][gc,phases   ] GC(33)   Post Evacuate Collection Set: 35.0ms
[2021-11-13T16:40:46.257-0800][gc,phases   ] GC(33)   Other: 2.0ms
[2021-11-13T16:40:46.257-0800][gc,heap     ] GC(33) Eden regions: 306->0(24)
[2021-11-13T16:40:46.257-0800][gc,heap     ] GC(33) Survivor regions: 1->1(39)
[2021-11-13T16:40:46.257-0800][gc,heap     ] GC(33) Old regions: 8->8
[2021-11-13T16:40:46.257-0800][gc,heap     ] GC(33) Archive regions: 2->2
[2021-11-13T16:40:46.257-0800][gc,heap     ] GC(33) Humongous regions: 0->0
[2021-11-13T16:40:46.257-0800][gc,metaspace] GC(33) Metaspace: 9158K(9344K)->9158K(9344K) NonClass: 8236K(8320K)->8236K(8320K) Class: 921K(1024K)->921K(1024K)
[2021-11-13T16:40:46.257-0800][gc          ] GC(33) Pause Young (Normal) (G1 Evacuation Pause) 315M->9M(512M) 69.339ms
[2021-11-13T16:40:46.257-0800][gc,cpu      ] GC(33) User=0.01s Sys=0.04s Real=0.07s
[2021-11-13T16:46:24.741-0800][gc,start    ] GC(34) Pause Young (Normal) (G1 Evacuation Pause)
[2021-11-13T16:46:24.742-0800][gc,task     ] GC(34) Using 8 workers of 8 for evacuation
[2021-11-13T16:46:24.774-0800][gc,mmu      ] GC(34) MMU target violated: 21.0ms (20.0ms/21.0ms)
[2021-11-13T16:46:24.774-0800][gc,phases   ] GC(34)   Pre Evacuate Collection Set: 2.1ms
[2021-11-13T16:46:24.774-0800][gc,phases   ] GC(34)   Merge Heap Roots: 0.1ms
[2021-11-13T16:46:24.774-0800][gc,phases   ] GC(34)   Evacuate Collection Set: 28.9ms
[2021-11-13T16:46:24.774-0800][gc,phases   ] GC(34)   Post Evacuate Collection Set: 1.3ms
[2021-11-13T16:46:24.775-0800][gc,phases   ] GC(34)   Other: 0.8ms
[2021-11-13T16:46:24.775-0800][gc,heap     ] GC(34) Eden regions: 24->0(24)
[2021-11-13T16:46:24.775-0800][gc,heap     ] GC(34) Survivor regions: 1->1(4)
[2021-11-13T16:46:24.775-0800][gc,heap     ] GC(34) Old regions: 8->8
[2021-11-13T16:46:24.775-0800][gc,heap     ] GC(34) Archive regions: 2->2
[2021-11-13T16:46:24.775-0800][gc,heap     ] GC(34) Humongous regions: 0->0
[2021-11-13T16:46:24.775-0800][gc,metaspace] GC(34) Metaspace: 9158K(9344K)->9158K(9344K) NonClass: 8236K(8320K)->8236K(8320K) Class: 921K(1024K)->921K(1024K)
[2021-11-13T16:46:24.775-0800][gc          ] GC(34) Pause Young (Normal) (G1 Evacuation Pause) 33M->9M(512M) 33.405ms
[2021-11-13T16:46:24.775-0800][gc,cpu      ] GC(34) User=0.01s Sys=0.03s Real=0.03s
[2021-11-13T16:52:00.685-0800][gc,start    ] GC(35) Pause Young (Normal) (G1 Evacuation Pause)
[2021-11-13T16:52:00.686-0800][gc,task     ] GC(35) Using 8 workers of 8 for evacuation
[2021-11-13T16:52:00.699-0800][gc,phases   ] GC(35)   Pre Evacuate Collection Set: 0.4ms
[2021-11-13T16:52:00.699-0800][gc,phases   ] GC(35)   Merge Heap Roots: 0.1ms
[2021-11-13T16:52:00.699-0800][gc,phases   ] GC(35)   Evacuate Collection Set: 11.5ms
[2021-11-13T16:52:00.699-0800][gc,phases   ] GC(35)   Post Evacuate Collection Set: 1.0ms
[2021-11-13T16:52:00.699-0800][gc,phases   ] GC(35)   Other: 0.9ms
[2021-11-13T16:52:00.699-0800][gc,heap     ] GC(35) Eden regions: 24->0(24)
[2021-11-13T16:52:00.699-0800][gc,heap     ] GC(35) Survivor regions: 1->1(4)
[2021-11-13T16:52:00.699-0800][gc,heap     ] GC(35) Old regions: 8->8
[2021-11-13T16:52:00.699-0800][gc,heap     ] GC(35) Archive regions: 2->2
[2021-11-13T16:52:00.699-0800][gc,heap     ] GC(35) Humongous regions: 0->0
[2021-11-13T16:52:00.699-0800][gc,metaspace] GC(35) Metaspace: 9158K(9344K)->9158K(9344K) NonClass: 8236K(8320K)->8236K(8320K) Class: 921K(1024K)->921K(1024K)
[2021-11-13T16:52:00.699-0800][gc          ] GC(35) Pause Young (Normal) (G1 Evacuation Pause) 33M->9M(512M) 14.005ms
[2021-11-13T16:52:00.699-0800][gc,cpu      ] GC(35) User=0.00s Sys=0.02s Real=0.01s
[2021-11-13T16:57:40.205-0800][gc,start    ] GC(36) Pause Young (Normal) (G1 Evacuation Pause)
[2021-11-13T16:57:40.206-0800][gc,task     ] GC(36) Using 8 workers of 8 for evacuation
[2021-11-13T16:57:40.216-0800][gc,phases   ] GC(36)   Pre Evacuate Collection Set: 0.8ms
[2021-11-13T16:57:40.217-0800][gc,phases   ] GC(36)   Merge Heap Roots: 0.2ms
[2021-11-13T16:57:40.217-0800][gc,phases   ] GC(36)   Evacuate Collection Set: 8.0ms
[2021-11-13T16:57:40.217-0800][gc,phases   ] GC(36)   Post Evacuate Collection Set: 1.0ms
[2021-11-13T16:57:40.217-0800][gc,phases   ] GC(36)   Other: 2.0ms
[2021-11-13T16:57:40.217-0800][gc,heap     ] GC(36) Eden regions: 24->0(24)
[2021-11-13T16:57:40.217-0800][gc,heap     ] GC(36) Survivor regions: 1->1(4)
[2021-11-13T16:57:40.217-0800][gc,heap     ] GC(36) Old regions: 8->8
[2021-11-13T16:57:40.217-0800][gc,heap     ] GC(36) Archive regions: 2->2
[2021-11-13T16:57:40.217-0800][gc,heap     ] GC(36) Humongous regions: 0->0
[2021-11-13T16:57:40.217-0800][gc,metaspace] GC(36) Metaspace: 9158K(9344K)->9158K(9344K) NonClass: 8236K(8320K)->8236K(8320K) Class: 921K(1024K)->921K(1024K)
[2021-11-13T16:57:40.217-0800][gc          ] GC(36) Pause Young (Normal) (G1 Evacuation Pause) 33M->9M(512M) 12.401ms
[2021-11-13T16:57:40.217-0800][gc,cpu      ] GC(36) User=0.01s Sys=0.02s Real=0.01s
[2021-11-13T17:03:15.023-0800][gc,start    ] GC(37) Pause Young (Normal) (G1 Evacuation Pause)
[2021-11-13T17:03:15.024-0800][gc,task     ] GC(37) Using 8 workers of 8 for evacuation
[2021-11-13T17:03:15.039-0800][gc,phases   ] GC(37)   Pre Evacuate Collection Set: 0.3ms
[2021-11-13T17:03:15.039-0800][gc,phases   ] GC(37)   Merge Heap Roots: 0.1ms
[2021-11-13T17:03:15.039-0800][gc,phases   ] GC(37)   Evacuate Collection Set: 13.7ms
[2021-11-13T17:03:15.039-0800][gc,phases   ] GC(37)   Post Evacuate Collection Set: 0.6ms
[2021-11-13T17:03:15.039-0800][gc,phases   ] GC(37)   Other: 0.4ms
[2021-11-13T17:03:15.039-0800][gc,heap     ] GC(37) Eden regions: 24->0(306)
[2021-11-13T17:03:15.039-0800][gc,heap     ] GC(37) Survivor regions: 1->1(4)
[2021-11-13T17:03:15.039-0800][gc,heap     ] GC(37) Old regions: 8->8
[2021-11-13T17:03:15.039-0800][gc,heap     ] GC(37) Archive regions: 2->2
[2021-11-13T17:03:15.039-0800][gc,heap     ] GC(37) Humongous regions: 0->0
[2021-11-13T17:03:15.039-0800][gc,metaspace] GC(37) Metaspace: 9158K(9344K)->9158K(9344K) NonClass: 8236K(8320K)->8236K(8320K) Class: 921K(1024K)->921K(1024K)
[2021-11-13T17:03:15.039-0800][gc          ] GC(37) Pause Young (Normal) (G1 Evacuation Pause) 33M->9M(512M) 15.614ms
[2021-11-13T17:03:15.039-0800][gc,cpu      ] GC(37) User=0.02s Sys=0.01s Real=0.01s
[2021-11-13T18:15:49.042-0800][gc,start    ] GC(38) Pause Young (Normal) (G1 Evacuation Pause)
[2021-11-13T18:15:49.044-0800][gc,task     ] GC(38) Using 8 workers of 8 for evacuation
[2021-11-13T18:15:49.055-0800][gc,phases   ] GC(38)   Pre Evacuate Collection Set: 0.6ms
[2021-11-13T18:15:49.055-0800][gc,phases   ] GC(38)   Merge Heap Roots: 0.2ms
[2021-11-13T18:15:49.055-0800][gc,phases   ] GC(38)   Evacuate Collection Set: 7.6ms
[2021-11-13T18:15:49.055-0800][gc,phases   ] GC(38)   Post Evacuate Collection Set: 2.3ms
[2021-11-13T18:15:49.056-0800][gc,phases   ] GC(38)   Other: 2.4ms
[2021-11-13T18:15:49.056-0800][gc,heap     ] GC(38) Eden regions: 306->0(306)
[2021-11-13T18:15:49.056-0800][gc,heap     ] GC(38) Survivor regions: 1->1(39)
[2021-11-13T18:15:49.056-0800][gc,heap     ] GC(38) Old regions: 8->8
[2021-11-13T18:15:49.056-0800][gc,heap     ] GC(38) Archive regions: 2->2
[2021-11-13T18:15:49.056-0800][gc,heap     ] GC(38) Humongous regions: 0->0
[2021-11-13T18:15:49.056-0800][gc,metaspace] GC(38) Metaspace: 9158K(9344K)->9158K(9344K) NonClass: 8236K(8320K)->8236K(8320K) Class: 921K(1024K)->921K(1024K)
[2021-11-13T18:15:49.056-0800][gc          ] GC(38) Pause Young (Normal) (G1 Evacuation Pause) 315M->9M(512M) 13.276ms
[2021-11-13T18:15:49.056-0800][gc,cpu      ] GC(38) User=0.01s Sys=0.02s Real=0.01s
[2021-11-13T19:28:59.626-0800][gc,start    ] GC(39) Pause Young (Normal) (G1 Evacuation Pause)
[2021-11-13T19:28:59.627-0800][gc,task     ] GC(39) Using 8 workers of 8 for evacuation
[2021-11-13T19:28:59.630-0800][gc,phases   ] GC(39)   Pre Evacuate Collection Set: 0.2ms
[2021-11-13T19:28:59.631-0800][gc,phases   ] GC(39)   Merge Heap Roots: 0.1ms
[2021-11-13T19:28:59.631-0800][gc,phases   ] GC(39)   Evacuate Collection Set: 2.5ms
[2021-11-13T19:28:59.631-0800][gc,phases   ] GC(39)   Post Evacuate Collection Set: 0.9ms
[2021-11-13T19:28:59.631-0800][gc,phases   ] GC(39)   Other: 0.7ms
[2021-11-13T19:28:59.631-0800][gc,heap     ] GC(39) Eden regions: 306->0(306)
[2021-11-13T19:28:59.631-0800][gc,heap     ] GC(39) Survivor regions: 1->1(39)
[2021-11-13T19:28:59.631-0800][gc,heap     ] GC(39) Old regions: 8->8
[2021-11-13T19:28:59.631-0800][gc,heap     ] GC(39) Archive regions: 2->2
[2021-11-13T19:28:59.631-0800][gc,heap     ] GC(39) Humongous regions: 0->0
[2021-11-13T19:28:59.631-0800][gc,metaspace] GC(39) Metaspace: 9158K(9344K)->9158K(9344K) NonClass: 8236K(8320K)->8236K(8320K) Class: 921K(1024K)->921K(1024K)
[2021-11-13T19:28:59.631-0800][gc          ] GC(39) Pause Young (Normal) (G1 Evacuation Pause) 315M->9M(512M) 4.651ms
[2021-11-13T19:28:59.631-0800][gc,cpu      ] GC(39) User=0.01s Sys=0.00s Real=0.01s
[2021-11-13T20:47:02.818-0800][gc,start    ] GC(40) Pause Young (Normal) (G1 Evacuation Pause)
[2021-11-13T20:47:02.819-0800][gc,task     ] GC(40) Using 8 workers of 8 for evacuation
[2021-11-13T20:47:02.833-0800][gc,phases   ] GC(40)   Pre Evacuate Collection Set: 0.4ms
[2021-11-13T20:47:02.833-0800][gc,phases   ] GC(40)   Merge Heap Roots: 0.2ms
[2021-11-13T20:47:02.833-0800][gc,phases   ] GC(40)   Evacuate Collection Set: 6.7ms
[2021-11-13T20:47:02.833-0800][gc,phases   ] GC(40)   Post Evacuate Collection Set: 6.9ms
[2021-11-13T20:47:02.834-0800][gc,phases   ] GC(40)   Other: 1.0ms
[2021-11-13T20:47:02.834-0800][gc,heap     ] GC(40) Eden regions: 306->0(306)
[2021-11-13T20:47:02.834-0800][gc,heap     ] GC(40) Survivor regions: 1->1(39)
[2021-11-13T20:47:02.834-0800][gc,heap     ] GC(40) Old regions: 8->8
[2021-11-13T20:47:02.834-0800][gc,heap     ] GC(40) Archive regions: 2->2
[2021-11-13T20:47:02.834-0800][gc,heap     ] GC(40) Humongous regions: 0->0
[2021-11-13T20:47:02.834-0800][gc,metaspace] GC(40) Metaspace: 9162K(9344K)->9162K(9344K) NonClass: 8240K(8320K)->8240K(8320K) Class: 921K(1024K)->921K(1024K)
[2021-11-13T20:47:02.834-0800][gc          ] GC(40) Pause Young (Normal) (G1 Evacuation Pause) 315M->9M(512M) 15.713ms
[2021-11-13T20:47:02.834-0800][gc,cpu      ] GC(40) User=0.01s Sys=0.02s Real=0.02s
[2021-11-13T21:58:30.842-0800][gc,start    ] GC(41) Pause Young (Normal) (G1 Evacuation Pause)
[2021-11-13T21:58:30.843-0800][gc,task     ] GC(41) Using 8 workers of 8 for evacuation
[2021-11-13T21:58:30.853-0800][gc,phases   ] GC(41)   Pre Evacuate Collection Set: 0.4ms
[2021-11-13T21:58:30.853-0800][gc,phases   ] GC(41)   Merge Heap Roots: 0.2ms
[2021-11-13T21:58:30.853-0800][gc,phases   ] GC(41)   Evacuate Collection Set: 6.2ms
[2021-11-13T21:58:30.853-0800][gc,phases   ] GC(41)   Post Evacuate Collection Set: 2.7ms
[2021-11-13T21:58:30.853-0800][gc,phases   ] GC(41)   Other: 2.0ms
[2021-11-13T21:58:30.853-0800][gc,heap     ] GC(41) Eden regions: 306->0(306)
[2021-11-13T21:58:30.853-0800][gc,heap     ] GC(41) Survivor regions: 1->1(39)
[2021-11-13T21:58:30.853-0800][gc,heap     ] GC(41) Old regions: 8->8
[2021-11-13T21:58:30.853-0800][gc,heap     ] GC(41) Archive regions: 2->2
[2021-11-13T21:58:30.853-0800][gc,heap     ] GC(41) Humongous regions: 0->0
[2021-11-13T21:58:30.853-0800][gc,metaspace] GC(41) Metaspace: 9162K(9344K)->9162K(9344K) NonClass: 8240K(8320K)->8240K(8320K) Class: 921K(1024K)->921K(1024K)
[2021-11-13T21:58:30.853-0800][gc          ] GC(41) Pause Young (Normal) (G1 Evacuation Pause) 315M->9M(512M) 12.124ms
[2021-11-13T21:58:30.854-0800][gc,cpu      ] GC(41) User=0.01s Sys=0.01s Real=0.01s
[2021-11-14T08:37:10.831-0800][gc,start    ] GC(42) Pause Young (Normal) (G1 Evacuation Pause)
[2021-11-14T08:37:10.864-0800][gc,task     ] GC(42) Using 8 workers of 8 for evacuation
[2021-11-14T08:37:10.884-0800][gc,phases   ] GC(42)   Pre Evacuate Collection Set: 0.9ms
[2021-11-14T08:37:10.884-0800][gc,phases   ] GC(42)   Merge Heap Roots: 0.9ms
[2021-11-14T08:37:10.884-0800][gc,phases   ] GC(42)   Evacuate Collection Set: 7.9ms
[2021-11-14T08:37:10.884-0800][gc,phases   ] GC(42)   Post Evacuate Collection Set: 8.7ms
[2021-11-14T08:37:10.884-0800][gc,phases   ] GC(42)   Other: 35.4ms
[2021-11-14T08:37:10.884-0800][gc,heap     ] GC(42) Eden regions: 306->0(306)
[2021-11-14T08:37:10.884-0800][gc,heap     ] GC(42) Survivor regions: 1->1(39)
[2021-11-14T08:37:10.884-0800][gc,heap     ] GC(42) Old regions: 8->8
[2021-11-14T08:37:10.884-0800][gc,heap     ] GC(42) Archive regions: 2->2
[2021-11-14T08:37:10.884-0800][gc,heap     ] GC(42) Humongous regions: 0->0
[2021-11-14T08:37:10.884-0800][gc,metaspace] GC(42) Metaspace: 9162K(9344K)->9162K(9344K) NonClass: 8240K(8320K)->8240K(8320K) Class: 921K(1024K)->921K(1024K)
[2021-11-14T08:37:10.885-0800][gc          ] GC(42) Pause Young (Normal) (G1 Evacuation Pause) 315M->9M(512M) 54.136ms
[2021-11-14T08:37:10.885-0800][gc,cpu      ] GC(42) User=0.02s Sys=0.03s Real=0.05s
