[2021-11-02T14:57:18.977-0700][gc] Using G1
[2021-11-02T14:57:18.980-0700][gc,init] Version: 17+35-2724 (release)
[2021-11-02T14:57:18.980-0700][gc,init] CPUs: 8 total, 8 available
[2021-11-02T14:57:18.980-0700][gc,init] Memory: 16384M
[2021-11-02T14:57:18.980-0700][gc,init] Large Page Support: Disabled
[2021-11-02T14:57:18.980-0700][gc,init] NUMA Support: Disabled
[2021-11-02T14:57:18.980-0700][gc,init] Compressed Oops: Enabled (Zero based)
[2021-11-02T14:57:18.980-0700][gc,init] Heap Region Size: 1M
[2021-11-02T14:57:18.980-0700][gc,init] Heap Min Capacity: 512M
[2021-11-02T14:57:18.980-0700][gc,init] Heap Initial Capacity: 512M
[2021-11-02T14:57:18.980-0700][gc,init] Heap Max Capacity: 512M
[2021-11-02T14:57:18.980-0700][gc,init] Pre-touch: Disabled
[2021-11-02T14:57:18.980-0700][gc,init] Parallel Workers: 8
[2021-11-02T14:57:18.980-0700][gc,init] Concurrent Workers: 2
[2021-11-02T14:57:18.980-0700][gc,init] Concurrent Refinement Workers: 8
[2021-11-02T14:57:18.980-0700][gc,init] Periodic GC: Disabled
[2021-11-02T14:57:18.980-0700][gc,metaspace] CDS archive(s) mapped at: [0x0000000800000000-0x0000000800bd0000-0x0000000800bd0000), size 12386304, SharedBaseAddress: 0x0000000800000000, ArchiveRelocationMode: 0.
[2021-11-02T14:57:18.980-0700][gc,metaspace] Compressed class space mapped at: 0x0000000800c00000-0x0000000840c00000, reserved size: 1073741824
[2021-11-02T14:57:18.980-0700][gc,metaspace] Narrow klass base: 0x0000000800000000, Narrow klass shift: 0, Narrow klass range: 0x100000000
[2021-11-02T14:57:19.641-0700][gc,heap,exit] Heap
[2021-11-02T14:57:19.641-0700][gc,heap,exit]  garbage-first heap   total 524288K, used 18384K [0x00000007e0000000, 0x0000000800000000)
[2021-11-02T14:57:19.641-0700][gc,heap,exit]   region size 1024K, 17 young (17408K), 0 survivors (0K)
[2021-11-02T14:57:19.641-0700][gc,heap,exit]  Metaspace       used 6776K, committed 6912K, reserved 1056768K
[2021-11-02T14:57:19.641-0700][gc,heap,exit]   class space    used 763K, committed 832K, reserved 1048576K
