[2021-11-01T12:52:10.384-0700][gc] Using G1
[2021-11-01T12:52:10.387-0700][gc,init] Version: 17+35-2724 (release)
[2021-11-01T12:52:10.387-0700][gc,init] CPUs: 8 total, 8 available
[2021-11-01T12:52:10.387-0700][gc,init] Memory: 16384M
[2021-11-01T12:52:10.387-0700][gc,init] Large Page Support: Disabled
[2021-11-01T12:52:10.387-0700][gc,init] NUMA Support: Disabled
[2021-11-01T12:52:10.387-0700][gc,init] Compressed Oops: Enabled (Zero based)
[2021-11-01T12:52:10.387-0700][gc,init] Heap Region Size: 1M
[2021-11-01T12:52:10.387-0700][gc,init] Heap Min Capacity: 512M
[2021-11-01T12:52:10.387-0700][gc,init] Heap Initial Capacity: 512M
[2021-11-01T12:52:10.387-0700][gc,init] Heap Max Capacity: 512M
[2021-11-01T12:52:10.387-0700][gc,init] Pre-touch: Disabled
[2021-11-01T12:52:10.387-0700][gc,init] Parallel Workers: 8
[2021-11-01T12:52:10.387-0700][gc,init] Concurrent Workers: 2
[2021-11-01T12:52:10.387-0700][gc,init] Concurrent Refinement Workers: 8
[2021-11-01T12:52:10.387-0700][gc,init] Periodic GC: Disabled
[2021-11-01T12:52:10.387-0700][gc,metaspace] CDS archive(s) mapped at: [0x0000000800000000-0x0000000800bd0000-0x0000000800bd0000), size 12386304, SharedBaseAddress: 0x0000000800000000, ArchiveRelocationMode: 0.
[2021-11-01T12:52:10.387-0700][gc,metaspace] Compressed class space mapped at: 0x0000000800c00000-0x0000000840c00000, reserved size: 1073741824
[2021-11-01T12:52:10.387-0700][gc,metaspace] Narrow klass base: 0x0000000800000000, Narrow klass shift: 0, Narrow klass range: 0x100000000
[2021-11-01T12:52:11.160-0700][gc,start    ] GC(0) Pause Young (Normal) (G1 Evacuation Pause)
[2021-11-01T12:52:11.161-0700][gc,task     ] GC(0) Using 8 workers of 8 for evacuation
[2021-11-01T12:52:11.170-0700][gc,phases   ] GC(0)   Pre Evacuate Collection Set: 0.1ms
[2021-11-01T12:52:11.170-0700][gc,phases   ] GC(0)   Merge Heap Roots: 0.0ms
[2021-11-01T12:52:11.170-0700][gc,phases   ] GC(0)   Evacuate Collection Set: 8.5ms
[2021-11-01T12:52:11.170-0700][gc,phases   ] GC(0)   Post Evacuate Collection Set: 0.3ms
[2021-11-01T12:52:11.170-0700][gc,phases   ] GC(0)   Other: 0.6ms
[2021-11-01T12:52:11.170-0700][gc,heap     ] GC(0) Eden regions: 25->0(21)
[2021-11-01T12:52:11.170-0700][gc,heap     ] GC(0) Survivor regions: 0->4(4)
[2021-11-01T12:52:11.170-0700][gc,heap     ] GC(0) Old regions: 0->4
[2021-11-01T12:52:11.170-0700][gc,heap     ] GC(0) Archive regions: 2->2
[2021-11-01T12:52:11.170-0700][gc,heap     ] GC(0) Humongous regions: 0->0
[2021-11-01T12:52:11.170-0700][gc,metaspace] GC(0) Metaspace: 7372K(7552K)->7372K(7552K) NonClass: 6555K(6656K)->6555K(6656K) Class: 817K(896K)->817K(896K)
[2021-11-01T12:52:11.170-0700][gc          ] GC(0) Pause Young (Normal) (G1 Evacuation Pause) 25M->8M(512M) 9.611ms
[2021-11-01T12:52:11.170-0700][gc,cpu      ] GC(0) User=0.01s Sys=0.01s Real=0.01s
[2021-11-01T13:04:17.270-0700][gc,start    ] GC(1) Pause Young (Normal) (G1 Evacuation Pause)
[2021-11-01T13:04:17.270-0700][gc,task     ] GC(1) Using 8 workers of 8 for evacuation
[2021-11-01T13:04:17.301-0700][gc,mmu      ] GC(1) MMU target violated: 21.0ms (20.0ms/21.0ms)
[2021-11-01T13:04:17.302-0700][gc,phases   ] GC(1)   Pre Evacuate Collection Set: 0.4ms
[2021-11-01T13:04:17.302-0700][gc,phases   ] GC(1)   Merge Heap Roots: 0.1ms
[2021-11-01T13:04:17.302-0700][gc,phases   ] GC(1)   Evacuate Collection Set: 29.3ms
[2021-11-01T13:04:17.302-0700][gc,phases   ] GC(1)   Post Evacuate Collection Set: 1.0ms
[2021-11-01T13:04:17.302-0700][gc,phases   ] GC(1)   Other: 1.0ms
[2021-11-01T13:04:17.302-0700][gc,heap     ] GC(1) Eden regions: 21->0(23)
[2021-11-01T13:04:17.302-0700][gc,heap     ] GC(1) Survivor regions: 4->2(4)
[2021-11-01T13:04:17.302-0700][gc,heap     ] GC(1) Old regions: 4->8
[2021-11-01T13:04:17.302-0700][gc,heap     ] GC(1) Archive regions: 2->2
[2021-11-01T13:04:17.302-0700][gc,heap     ] GC(1) Humongous regions: 0->0
[2021-11-01T13:04:17.302-0700][gc,metaspace] GC(1) Metaspace: 8751K(8960K)->8751K(8960K) NonClass: 7833K(7936K)->7833K(7936K) Class: 918K(1024K)->918K(1024K)
[2021-11-01T13:04:17.302-0700][gc          ] GC(1) Pause Young (Normal) (G1 Evacuation Pause) 29M->9M(512M) 32.081ms
[2021-11-01T13:04:17.302-0700][gc,cpu      ] GC(1) User=0.05s Sys=0.02s Real=0.03s
[2021-11-01T13:19:03.721-0700][gc,start    ] GC(2) Pause Young (Normal) (G1 Evacuation Pause)
[2021-11-01T13:19:03.721-0700][gc,task     ] GC(2) Using 8 workers of 8 for evacuation
[2021-11-01T13:19:03.734-0700][gc,phases   ] GC(2)   Pre Evacuate Collection Set: 0.2ms
[2021-11-01T13:19:03.734-0700][gc,phases   ] GC(2)   Merge Heap Roots: 0.1ms
[2021-11-01T13:19:03.734-0700][gc,phases   ] GC(2)   Evacuate Collection Set: 11.8ms
[2021-11-01T13:19:03.734-0700][gc,phases   ] GC(2)   Post Evacuate Collection Set: 0.8ms
[2021-11-01T13:19:03.734-0700][gc,phases   ] GC(2)   Other: 0.7ms
[2021-11-01T13:19:03.734-0700][gc,heap     ] GC(2) Eden regions: 23->0(24)
[2021-11-01T13:19:03.734-0700][gc,heap     ] GC(2) Survivor regions: 2->1(4)
[2021-11-01T13:19:03.734-0700][gc,heap     ] GC(2) Old regions: 8->8
[2021-11-01T13:19:03.735-0700][gc,heap     ] GC(2) Archive regions: 2->2
[2021-11-01T13:19:03.735-0700][gc,heap     ] GC(2) Humongous regions: 0->0
[2021-11-01T13:19:03.735-0700][gc,metaspace] GC(2) Metaspace: 8897K(9088K)->8897K(9088K) NonClass: 7978K(8064K)->7978K(8064K) Class: 918K(1024K)->918K(1024K)
[2021-11-01T13:19:03.735-0700][gc          ] GC(2) Pause Young (Normal) (G1 Evacuation Pause) 32M->8M(512M) 14.052ms
[2021-11-01T13:19:03.735-0700][gc,cpu      ] GC(2) User=0.02s Sys=0.01s Real=0.01s
[2021-11-01T13:34:21.631-0700][gc,start    ] GC(3) Pause Young (Normal) (G1 Evacuation Pause)
[2021-11-01T13:34:21.631-0700][gc,task     ] GC(3) Using 8 workers of 8 for evacuation
[2021-11-01T13:34:21.645-0700][gc,phases   ] GC(3)   Pre Evacuate Collection Set: 0.2ms
[2021-11-01T13:34:21.645-0700][gc,phases   ] GC(3)   Merge Heap Roots: 0.1ms
[2021-11-01T13:34:21.645-0700][gc,phases   ] GC(3)   Evacuate Collection Set: 13.1ms
[2021-11-01T13:34:21.645-0700][gc,phases   ] GC(3)   Post Evacuate Collection Set: 0.5ms
[2021-11-01T13:34:21.645-0700][gc,phases   ] GC(3)   Other: 0.7ms
[2021-11-01T13:34:21.645-0700][gc,heap     ] GC(3) Eden regions: 24->0(24)
[2021-11-01T13:34:21.645-0700][gc,heap     ] GC(3) Survivor regions: 1->1(4)
[2021-11-01T13:34:21.645-0700][gc,heap     ] GC(3) Old regions: 8->8
[2021-11-01T13:34:21.645-0700][gc,heap     ] GC(3) Archive regions: 2->2
[2021-11-01T13:34:21.645-0700][gc,heap     ] GC(3) Humongous regions: 0->0
[2021-11-01T13:34:21.645-0700][gc,metaspace] GC(3) Metaspace: 8941K(9152K)->8941K(9152K) NonClass: 8022K(8128K)->8022K(8128K) Class: 918K(1024K)->918K(1024K)
[2021-11-01T13:34:21.645-0700][gc          ] GC(3) Pause Young (Normal) (G1 Evacuation Pause) 32M->8M(512M) 14.894ms
[2021-11-01T13:34:21.645-0700][gc,cpu      ] GC(3) User=0.02s Sys=0.00s Real=0.01s
[2021-11-01T13:50:01.431-0700][gc,start    ] GC(4) Pause Young (Normal) (G1 Evacuation Pause)
[2021-11-01T13:50:01.432-0700][gc,task     ] GC(4) Using 8 workers of 8 for evacuation
[2021-11-01T13:50:01.448-0700][gc,phases   ] GC(4)   Pre Evacuate Collection Set: 0.2ms
[2021-11-01T13:50:01.448-0700][gc,phases   ] GC(4)   Merge Heap Roots: 0.1ms
[2021-11-01T13:50:01.448-0700][gc,phases   ] GC(4)   Evacuate Collection Set: 15.0ms
[2021-11-01T13:50:01.448-0700][gc,phases   ] GC(4)   Post Evacuate Collection Set: 0.7ms
[2021-11-01T13:50:01.448-0700][gc,phases   ] GC(4)   Other: 0.8ms
[2021-11-01T13:50:01.448-0700][gc,heap     ] GC(4) Eden regions: 24->0(23)
[2021-11-01T13:50:01.448-0700][gc,heap     ] GC(4) Survivor regions: 1->2(4)
[2021-11-01T13:50:01.448-0700][gc,heap     ] GC(4) Old regions: 8->8
[2021-11-01T13:50:01.448-0700][gc,heap     ] GC(4) Archive regions: 2->2
[2021-11-01T13:50:01.448-0700][gc,heap     ] GC(4) Humongous regions: 0->0
[2021-11-01T13:50:01.448-0700][gc,metaspace] GC(4) Metaspace: 9034K(9216K)->9034K(9216K) NonClass: 8112K(8192K)->8112K(8192K) Class: 922K(1024K)->922K(1024K)
[2021-11-01T13:50:01.448-0700][gc          ] GC(4) Pause Young (Normal) (G1 Evacuation Pause) 32M->8M(512M) 17.224ms
[2021-11-01T13:50:01.449-0700][gc,cpu      ] GC(4) User=0.03s Sys=0.01s Real=0.01s
[2021-11-01T14:05:21.775-0700][gc,start    ] GC(5) Pause Young (Normal) (G1 Evacuation Pause)
[2021-11-01T14:05:21.776-0700][gc,task     ] GC(5) Using 8 workers of 8 for evacuation
[2021-11-01T14:05:21.795-0700][gc,phases   ] GC(5)   Pre Evacuate Collection Set: 0.2ms
[2021-11-01T14:05:21.795-0700][gc,phases   ] GC(5)   Merge Heap Roots: 0.1ms
[2021-11-01T14:05:21.795-0700][gc,phases   ] GC(5)   Evacuate Collection Set: 17.4ms
[2021-11-01T14:05:21.795-0700][gc,phases   ] GC(5)   Post Evacuate Collection Set: 0.6ms
[2021-11-01T14:05:21.795-0700][gc,phases   ] GC(5)   Other: 1.5ms
[2021-11-01T14:05:21.795-0700][gc,heap     ] GC(5) Eden regions: 23->0(40)
[2021-11-01T14:05:21.795-0700][gc,heap     ] GC(5) Survivor regions: 2->2(4)
[2021-11-01T14:05:21.795-0700][gc,heap     ] GC(5) Old regions: 8->8
[2021-11-01T14:05:21.795-0700][gc,heap     ] GC(5) Archive regions: 2->2
[2021-11-01T14:05:21.795-0700][gc,heap     ] GC(5) Humongous regions: 0->0
[2021-11-01T14:05:21.795-0700][gc,metaspace] GC(5) Metaspace: 9065K(9216K)->9065K(9216K) NonClass: 8143K(8192K)->8143K(8192K) Class: 922K(1024K)->922K(1024K)
[2021-11-01T14:05:21.795-0700][gc          ] GC(5) Pause Young (Normal) (G1 Evacuation Pause) 31M->9M(512M) 20.132ms
[2021-11-01T14:05:21.795-0700][gc,cpu      ] GC(5) User=0.03s Sys=0.01s Real=0.02s
[2021-11-01T15:29:45.979-0700][gc,start    ] GC(6) Pause Young (Normal) (G1 Evacuation Pause)
[2021-11-01T15:29:45.979-0700][gc,task     ] GC(6) Using 8 workers of 8 for evacuation
[2021-11-01T15:29:45.999-0700][gc,phases   ] GC(6)   Pre Evacuate Collection Set: 0.5ms
[2021-11-01T15:29:45.999-0700][gc,phases   ] GC(6)   Merge Heap Roots: 0.1ms
[2021-11-01T15:29:45.999-0700][gc,phases   ] GC(6)   Evacuate Collection Set: 17.8ms
[2021-11-01T15:29:45.999-0700][gc,phases   ] GC(6)   Post Evacuate Collection Set: 1.1ms
[2021-11-01T15:29:45.999-0700][gc,phases   ] GC(6)   Other: 1.0ms
[2021-11-01T15:29:45.999-0700][gc,heap     ] GC(6) Eden regions: 40->0(305)
[2021-11-01T15:29:45.999-0700][gc,heap     ] GC(6) Survivor regions: 2->2(6)
[2021-11-01T15:29:45.999-0700][gc,heap     ] GC(6) Old regions: 8->8
[2021-11-01T15:29:45.999-0700][gc,heap     ] GC(6) Archive regions: 2->2
[2021-11-01T15:29:45.999-0700][gc,heap     ] GC(6) Humongous regions: 0->0
[2021-11-01T15:29:45.999-0700][gc,metaspace] GC(6) Metaspace: 9095K(9280K)->9095K(9280K) NonClass: 8173K(8256K)->8173K(8256K) Class: 922K(1024K)->922K(1024K)
[2021-11-01T15:29:45.999-0700][gc          ] GC(6) Pause Young (Normal) (G1 Evacuation Pause) 49M->9M(512M) 20.732ms
[2021-11-01T15:29:45.999-0700][gc,cpu      ] GC(6) User=0.02s Sys=0.02s Real=0.02s
[2021-11-01T20:37:37.567-0700][gc,start    ] GC(7) Pause Young (Normal) (G1 Evacuation Pause)
[2021-11-01T20:37:37.568-0700][gc,task     ] GC(7) Using 8 workers of 8 for evacuation
[2021-11-01T20:37:37.593-0700][gc,mmu      ] GC(7) MMU target violated: 21.0ms (20.0ms/21.0ms)
[2021-11-01T20:37:37.593-0700][gc,phases   ] GC(7)   Pre Evacuate Collection Set: 0.3ms
[2021-11-01T20:37:37.593-0700][gc,phases   ] GC(7)   Merge Heap Roots: 0.2ms
[2021-11-01T20:37:37.593-0700][gc,phases   ] GC(7)   Evacuate Collection Set: 20.3ms
[2021-11-01T20:37:37.593-0700][gc,phases   ] GC(7)   Post Evacuate Collection Set: 4.0ms
[2021-11-01T20:37:37.593-0700][gc,phases   ] GC(7)   Other: 1.9ms
[2021-11-01T20:37:37.593-0700][gc,heap     ] GC(7) Eden regions: 305->0(305)
[2021-11-01T20:37:37.593-0700][gc,heap     ] GC(7) Survivor regions: 2->2(39)
[2021-11-01T20:37:37.593-0700][gc,heap     ] GC(7) Old regions: 8->8
[2021-11-01T20:37:37.593-0700][gc,heap     ] GC(7) Archive regions: 2->2
[2021-11-01T20:37:37.593-0700][gc,heap     ] GC(7) Humongous regions: 0->0
[2021-11-01T20:37:37.593-0700][gc,metaspace] GC(7) Metaspace: 9114K(9344K)->9114K(9344K) NonClass: 8191K(8320K)->8191K(8320K) Class: 922K(1024K)->922K(1024K)
[2021-11-01T20:37:37.593-0700][gc          ] GC(7) Pause Young (Normal) (G1 Evacuation Pause) 314M->9M(512M) 26.797ms
[2021-11-01T20:37:37.593-0700][gc,cpu      ] GC(7) User=0.03s Sys=0.03s Real=0.03s
[2021-11-02T13:33:33.491-0700][gc,start    ] GC(8) Pause Young (Normal) (G1 Evacuation Pause)
[2021-11-02T13:33:33.491-0700][gc,task     ] GC(8) Using 8 workers of 8 for evacuation
[2021-11-02T13:33:33.517-0700][gc,mmu      ] GC(8) MMU target violated: 21.0ms (20.0ms/21.0ms)
[2021-11-02T13:33:33.517-0700][gc,phases   ] GC(8)   Pre Evacuate Collection Set: 0.5ms
[2021-11-02T13:33:33.517-0700][gc,phases   ] GC(8)   Merge Heap Roots: 0.2ms
[2021-11-02T13:33:33.517-0700][gc,phases   ] GC(8)   Evacuate Collection Set: 19.7ms
[2021-11-02T13:33:33.517-0700][gc,phases   ] GC(8)   Post Evacuate Collection Set: 4.8ms
[2021-11-02T13:33:33.517-0700][gc,phases   ] GC(8)   Other: 1.1ms
[2021-11-02T13:33:33.517-0700][gc,heap     ] GC(8) Eden regions: 305->0(305)
[2021-11-02T13:33:33.517-0700][gc,heap     ] GC(8) Survivor regions: 2->2(39)
[2021-11-02T13:33:33.517-0700][gc,heap     ] GC(8) Old regions: 8->8
[2021-11-02T13:33:33.517-0700][gc,heap     ] GC(8) Archive regions: 2->2
[2021-11-02T13:33:33.517-0700][gc,heap     ] GC(8) Humongous regions: 0->0
[2021-11-02T13:33:33.517-0700][gc,metaspace] GC(8) Metaspace: 9131K(9344K)->9131K(9344K) NonClass: 8208K(8320K)->8208K(8320K) Class: 922K(1024K)->922K(1024K)
[2021-11-02T13:33:33.517-0700][gc          ] GC(8) Pause Young (Normal) (G1 Evacuation Pause) 314M->9M(512M) 26.286ms
[2021-11-02T13:33:33.517-0700][gc,cpu      ] GC(8) User=0.03s Sys=0.03s Real=0.02s
[2021-11-02T14:58:41.010-0700][gc,heap,exit] Heap
[2021-11-02T14:58:41.010-0700][gc,heap,exit]  garbage-first heap   total 524288K, used 106829K [0x00000007e0000000, 0x0000000800000000)
[2021-11-02T14:58:41.010-0700][gc,heap,exit]   region size 1024K, 98 young (100352K), 2 survivors (2048K)
[2021-11-02T14:58:41.010-0700][gc,heap,exit]  Metaspace       used 9135K, committed 9344K, reserved 1064960K
[2021-11-02T14:58:41.010-0700][gc,heap,exit]   class space    used 923K, committed 1024K, reserved 1048576K
