[2021-11-01T12:47:35.973-0700][gc] Using G1
[2021-11-01T12:47:35.976-0700][gc,init] Version: 17+35-2724 (release)
[2021-11-01T12:47:35.976-0700][gc,init] CPUs: 8 total, 8 available
[2021-11-01T12:47:35.976-0700][gc,init] Memory: 16384M
[2021-11-01T12:47:35.976-0700][gc,init] Large Page Support: Disabled
[2021-11-01T12:47:35.976-0700][gc,init] NUMA Support: Disabled
[2021-11-01T12:47:35.976-0700][gc,init] Compressed Oops: Enabled (Zero based)
[2021-11-01T12:47:35.976-0700][gc,init] Heap Region Size: 1M
[2021-11-01T12:47:35.976-0700][gc,init] Heap Min Capacity: 512M
[2021-11-01T12:47:35.976-0700][gc,init] Heap Initial Capacity: 512M
[2021-11-01T12:47:35.976-0700][gc,init] Heap Max Capacity: 512M
[2021-11-01T12:47:35.976-0700][gc,init] Pre-touch: Disabled
[2021-11-01T12:47:35.976-0700][gc,init] Parallel Workers: 8
[2021-11-01T12:47:35.976-0700][gc,init] Concurrent Workers: 2
[2021-11-01T12:47:35.976-0700][gc,init] Concurrent Refinement Workers: 8
[2021-11-01T12:47:35.976-0700][gc,init] Periodic GC: Disabled
[2021-11-01T12:47:35.976-0700][gc,metaspace] CDS archive(s) mapped at: [0x0000000800000000-0x0000000800bd0000-0x0000000800bd0000), size 12386304, SharedBaseAddress: 0x0000000800000000, ArchiveRelocationMode: 0.
[2021-11-01T12:47:35.976-0700][gc,metaspace] Compressed class space mapped at: 0x0000000800c00000-0x0000000840c00000, reserved size: 1073741824
[2021-11-01T12:47:35.976-0700][gc,metaspace] Narrow klass base: 0x0000000800000000, Narrow klass shift: 0, Narrow klass range: 0x100000000
[2021-11-01T12:47:36.734-0700][gc,start    ] GC(0) Pause Young (Normal) (G1 Evacuation Pause)
[2021-11-01T12:47:36.734-0700][gc,task     ] GC(0) Using 8 workers of 8 for evacuation
[2021-11-01T12:47:36.743-0700][gc,phases   ] GC(0)   Pre Evacuate Collection Set: 0.1ms
[2021-11-01T12:47:36.743-0700][gc,phases   ] GC(0)   Merge Heap Roots: 0.0ms
[2021-11-01T12:47:36.743-0700][gc,phases   ] GC(0)   Evacuate Collection Set: 8.2ms
[2021-11-01T12:47:36.743-0700][gc,phases   ] GC(0)   Post Evacuate Collection Set: 0.2ms
[2021-11-01T12:47:36.743-0700][gc,phases   ] GC(0)   Other: 0.6ms
[2021-11-01T12:47:36.743-0700][gc,heap     ] GC(0) Eden regions: 25->0(21)
[2021-11-01T12:47:36.743-0700][gc,heap     ] GC(0) Survivor regions: 0->4(4)
[2021-11-01T12:47:36.743-0700][gc,heap     ] GC(0) Old regions: 0->3
[2021-11-01T12:47:36.743-0700][gc,heap     ] GC(0) Archive regions: 2->2
[2021-11-01T12:47:36.743-0700][gc,heap     ] GC(0) Humongous regions: 0->0
[2021-11-01T12:47:36.743-0700][gc,metaspace] GC(0) Metaspace: 7377K(7552K)->7377K(7552K) NonClass: 6560K(6656K)->6560K(6656K) Class: 817K(896K)->817K(896K)
[2021-11-01T12:47:36.743-0700][gc          ] GC(0) Pause Young (Normal) (G1 Evacuation Pause) 25M->7M(512M) 9.256ms
[2021-11-01T12:47:36.743-0700][gc,cpu      ] GC(0) User=0.02s Sys=0.00s Real=0.01s
[2021-11-01T12:47:36.803-0700][gc,start    ] GC(1) Pause Young (Normal) (G1 Evacuation Pause)
[2021-11-01T12:47:36.803-0700][gc,task     ] GC(1) Using 8 workers of 8 for evacuation
[2021-11-01T12:47:36.806-0700][gc,phases   ] GC(1)   Pre Evacuate Collection Set: 0.1ms
[2021-11-01T12:47:36.806-0700][gc,phases   ] GC(1)   Merge Heap Roots: 0.1ms
[2021-11-01T12:47:36.806-0700][gc,phases   ] GC(1)   Evacuate Collection Set: 2.4ms
[2021-11-01T12:47:36.806-0700][gc,phases   ] GC(1)   Post Evacuate Collection Set: 0.2ms
[2021-11-01T12:47:36.806-0700][gc,phases   ] GC(1)   Other: 0.1ms
[2021-11-01T12:47:36.806-0700][gc,heap     ] GC(1) Eden regions: 21->0(24)
[2021-11-01T12:47:36.806-0700][gc,heap     ] GC(1) Survivor regions: 4->1(4)
[2021-11-01T12:47:36.806-0700][gc,heap     ] GC(1) Old regions: 3->7
[2021-11-01T12:47:36.806-0700][gc,heap     ] GC(1) Archive regions: 2->2
[2021-11-01T12:47:36.806-0700][gc,heap     ] GC(1) Humongous regions: 0->0
[2021-11-01T12:47:36.806-0700][gc,metaspace] GC(1) Metaspace: 7378K(7552K)->7378K(7552K) NonClass: 6561K(6656K)->6561K(6656K) Class: 817K(896K)->817K(896K)
[2021-11-01T12:47:36.806-0700][gc          ] GC(1) Pause Young (Normal) (G1 Evacuation Pause) 28M->7M(512M) 3.018ms
[2021-11-01T12:47:36.806-0700][gc,cpu      ] GC(1) User=0.01s Sys=0.01s Real=0.00s
[2021-11-01T12:47:36.863-0700][gc,start    ] GC(2) Pause Young (Normal) (G1 Evacuation Pause)
[2021-11-01T12:47:36.864-0700][gc,task     ] GC(2) Using 8 workers of 8 for evacuation
[2021-11-01T12:47:36.864-0700][gc,phases   ] GC(2)   Pre Evacuate Collection Set: 0.1ms
[2021-11-01T12:47:36.864-0700][gc,phases   ] GC(2)   Merge Heap Roots: 0.0ms
[2021-11-01T12:47:36.864-0700][gc,phases   ] GC(2)   Evacuate Collection Set: 0.3ms
[2021-11-01T12:47:36.864-0700][gc,phases   ] GC(2)   Post Evacuate Collection Set: 0.1ms
[2021-11-01T12:47:36.864-0700][gc,phases   ] GC(2)   Other: 0.1ms
[2021-11-01T12:47:36.864-0700][gc,heap     ] GC(2) Eden regions: 24->0(24)
[2021-11-01T12:47:36.864-0700][gc,heap     ] GC(2) Survivor regions: 1->1(4)
[2021-11-01T12:47:36.864-0700][gc,heap     ] GC(2) Old regions: 7->7
[2021-11-01T12:47:36.864-0700][gc,heap     ] GC(2) Archive regions: 2->2
[2021-11-01T12:47:36.864-0700][gc,heap     ] GC(2) Humongous regions: 0->0
[2021-11-01T12:47:36.864-0700][gc,metaspace] GC(2) Metaspace: 7439K(7616K)->7439K(7616K) NonClass: 6616K(6720K)->6616K(6720K) Class: 823K(896K)->823K(896K)
[2021-11-01T12:47:36.864-0700][gc          ] GC(2) Pause Young (Normal) (G1 Evacuation Pause) 31M->8M(512M) 0.705ms
[2021-11-01T12:47:36.864-0700][gc,cpu      ] GC(2) User=0.00s Sys=0.00s Real=0.00s
[2021-11-01T12:50:30.796-0700][gc,start    ] GC(3) Pause Young (Normal) (G1 Evacuation Pause)
[2021-11-01T12:50:30.796-0700][gc,task     ] GC(3) Using 8 workers of 8 for evacuation
[2021-11-01T12:50:30.805-0700][gc,phases   ] GC(3)   Pre Evacuate Collection Set: 0.3ms
[2021-11-01T12:50:30.805-0700][gc,phases   ] GC(3)   Merge Heap Roots: 0.1ms
[2021-11-01T12:50:30.805-0700][gc,phases   ] GC(3)   Evacuate Collection Set: 7.9ms
[2021-11-01T12:50:30.805-0700][gc,phases   ] GC(3)   Post Evacuate Collection Set: 0.4ms
[2021-11-01T12:50:30.805-0700][gc,phases   ] GC(3)   Other: 0.5ms
[2021-11-01T12:50:30.805-0700][gc,heap     ] GC(3) Eden regions: 24->0(24)
[2021-11-01T12:50:30.805-0700][gc,heap     ] GC(3) Survivor regions: 1->1(4)
[2021-11-01T12:50:30.805-0700][gc,heap     ] GC(3) Old regions: 7->7
[2021-11-01T12:50:30.805-0700][gc,heap     ] GC(3) Archive regions: 2->2
[2021-11-01T12:50:30.805-0700][gc,heap     ] GC(3) Humongous regions: 0->0
[2021-11-01T12:50:30.805-0700][gc,metaspace] GC(3) Metaspace: 8706K(8896K)->8706K(8896K) NonClass: 7784K(7872K)->7784K(7872K) Class: 921K(1024K)->921K(1024K)
[2021-11-01T12:50:30.805-0700][gc          ] GC(3) Pause Young (Normal) (G1 Evacuation Pause) 32M->8M(512M) 9.332ms
[2021-11-01T12:50:30.805-0700][gc,cpu      ] GC(3) User=0.01s Sys=0.01s Real=0.01s
[2021-11-01T12:52:07.613-0700][gc,heap,exit] Heap
[2021-11-01T12:52:07.614-0700][gc,heap,exit]  garbage-first heap   total 524288K, used 14051K [0x00000007e0000000, 0x0000000800000000)
[2021-11-01T12:52:07.614-0700][gc,heap,exit]   region size 1024K, 7 young (7168K), 1 survivors (1024K)
[2021-11-01T12:52:07.614-0700][gc,heap,exit]  Metaspace       used 8755K, committed 8960K, reserved 1064960K
[2021-11-01T12:52:07.614-0700][gc,heap,exit]   class space    used 922K, committed 1024K, reserved 1048576K
