[2021-11-04T02:14:34.413-0700][gc] Using G1
[2021-11-04T02:14:34.415-0700][gc,init] Version: 17+35-2724 (release)
[2021-11-04T02:14:34.415-0700][gc,init] CPUs: 8 total, 8 available
[2021-11-04T02:14:34.415-0700][gc,init] Memory: 16384M
[2021-11-04T02:14:34.415-0700][gc,init] Large Page Support: Disabled
[2021-11-04T02:14:34.415-0700][gc,init] NUMA Support: Disabled
[2021-11-04T02:14:34.415-0700][gc,init] Compressed Oops: Enabled (Zero based)
[2021-11-04T02:14:34.415-0700][gc,init] Heap Region Size: 1M
[2021-11-04T02:14:34.415-0700][gc,init] Heap Min Capacity: 512M
[2021-11-04T02:14:34.415-0700][gc,init] Heap Initial Capacity: 512M
[2021-11-04T02:14:34.415-0700][gc,init] Heap Max Capacity: 512M
[2021-11-04T02:14:34.415-0700][gc,init] Pre-touch: Disabled
[2021-11-04T02:14:34.415-0700][gc,init] Parallel Workers: 8
[2021-11-04T02:14:34.415-0700][gc,init] Concurrent Workers: 2
[2021-11-04T02:14:34.415-0700][gc,init] Concurrent Refinement Workers: 8
[2021-11-04T02:14:34.416-0700][gc,init] Periodic GC: Disabled
[2021-11-04T02:14:34.416-0700][gc,metaspace] CDS archive(s) mapped at: [0x0000000800000000-0x0000000800bd0000-0x0000000800bd0000), size 12386304, SharedBaseAddress: 0x0000000800000000, ArchiveRelocationMode: 0.
[2021-11-04T02:14:34.416-0700][gc,metaspace] Compressed class space mapped at: 0x0000000800c00000-0x0000000840c00000, reserved size: 1073741824
[2021-11-04T02:14:34.416-0700][gc,metaspace] Narrow klass base: 0x0000000800000000, Narrow klass shift: 0, Narrow klass range: 0x100000000
[2021-11-04T02:14:35.211-0700][gc,start    ] GC(0) Pause Young (Normal) (G1 Evacuation Pause)
[2021-11-04T02:14:35.212-0700][gc,task     ] GC(0) Using 8 workers of 8 for evacuation
[2021-11-04T02:14:35.220-0700][gc,phases   ] GC(0)   Pre Evacuate Collection Set: 0.1ms
[2021-11-04T02:14:35.220-0700][gc,phases   ] GC(0)   Merge Heap Roots: 0.0ms
[2021-11-04T02:14:35.220-0700][gc,phases   ] GC(0)   Evacuate Collection Set: 7.6ms
[2021-11-04T02:14:35.220-0700][gc,phases   ] GC(0)   Post Evacuate Collection Set: 0.2ms
[2021-11-04T02:14:35.220-0700][gc,phases   ] GC(0)   Other: 0.5ms
[2021-11-04T02:14:35.220-0700][gc,heap     ] GC(0) Eden regions: 25->0(21)
[2021-11-04T02:14:35.220-0700][gc,heap     ] GC(0) Survivor regions: 0->4(4)
[2021-11-04T02:14:35.220-0700][gc,heap     ] GC(0) Old regions: 0->3
[2021-11-04T02:14:35.220-0700][gc,heap     ] GC(0) Archive regions: 2->2
[2021-11-04T02:14:35.220-0700][gc,heap     ] GC(0) Humongous regions: 0->0
[2021-11-04T02:14:35.220-0700][gc,metaspace] GC(0) Metaspace: 7254K(7424K)->7254K(7424K) NonClass: 6449K(6528K)->6449K(6528K) Class: 804K(896K)->804K(896K)
[2021-11-04T02:14:35.220-0700][gc          ] GC(0) Pause Young (Normal) (G1 Evacuation Pause) 25M->7M(512M) 8.553ms
[2021-11-04T02:14:35.220-0700][gc,cpu      ] GC(0) User=0.02s Sys=0.01s Real=0.01s
[2021-11-04T02:14:35.284-0700][gc,start    ] GC(1) Pause Young (Normal) (G1 Evacuation Pause)
[2021-11-04T02:14:35.284-0700][gc,task     ] GC(1) Using 8 workers of 8 for evacuation
[2021-11-04T02:14:35.288-0700][gc,phases   ] GC(1)   Pre Evacuate Collection Set: 0.1ms
[2021-11-04T02:14:35.288-0700][gc,phases   ] GC(1)   Merge Heap Roots: 0.1ms
[2021-11-04T02:14:35.288-0700][gc,phases   ] GC(1)   Evacuate Collection Set: 2.8ms
[2021-11-04T02:14:35.288-0700][gc,phases   ] GC(1)   Post Evacuate Collection Set: 0.2ms
[2021-11-04T02:14:35.288-0700][gc,phases   ] GC(1)   Other: 0.1ms
[2021-11-04T02:14:35.288-0700][gc,heap     ] GC(1) Eden regions: 21->0(24)
[2021-11-04T02:14:35.288-0700][gc,heap     ] GC(1) Survivor regions: 4->1(4)
[2021-11-04T02:14:35.288-0700][gc,heap     ] GC(1) Old regions: 3->8
[2021-11-04T02:14:35.288-0700][gc,heap     ] GC(1) Archive regions: 2->2
[2021-11-04T02:14:35.288-0700][gc,heap     ] GC(1) Humongous regions: 0->0
[2021-11-04T02:14:35.288-0700][gc,metaspace] GC(1) Metaspace: 7267K(7488K)->7267K(7488K) NonClass: 6461K(6592K)->6461K(6592K) Class: 805K(896K)->805K(896K)
[2021-11-04T02:14:35.288-0700][gc          ] GC(1) Pause Young (Normal) (G1 Evacuation Pause) 28M->8M(512M) 3.402ms
[2021-11-04T02:14:35.288-0700][gc,cpu      ] GC(1) User=0.01s Sys=0.00s Real=0.00s
[2021-11-04T02:14:35.337-0700][gc,start    ] GC(2) Pause Young (Normal) (G1 Evacuation Pause)
[2021-11-04T02:14:35.337-0700][gc,task     ] GC(2) Using 8 workers of 8 for evacuation
[2021-11-04T02:14:35.338-0700][gc,phases   ] GC(2)   Pre Evacuate Collection Set: 0.1ms
[2021-11-04T02:14:35.338-0700][gc,phases   ] GC(2)   Merge Heap Roots: 0.1ms
[2021-11-04T02:14:35.338-0700][gc,phases   ] GC(2)   Evacuate Collection Set: 0.2ms
[2021-11-04T02:14:35.338-0700][gc,phases   ] GC(2)   Post Evacuate Collection Set: 0.2ms
[2021-11-04T02:14:35.338-0700][gc,phases   ] GC(2)   Other: 0.1ms
[2021-11-04T02:14:35.338-0700][gc,heap     ] GC(2) Eden regions: 24->0(24)
[2021-11-04T02:14:35.338-0700][gc,heap     ] GC(2) Survivor regions: 1->1(4)
[2021-11-04T02:14:35.338-0700][gc,heap     ] GC(2) Old regions: 8->8
[2021-11-04T02:14:35.338-0700][gc,heap     ] GC(2) Archive regions: 2->2
[2021-11-04T02:14:35.338-0700][gc,heap     ] GC(2) Humongous regions: 0->0
[2021-11-04T02:14:35.338-0700][gc,metaspace] GC(2) Metaspace: 7267K(7488K)->7267K(7488K) NonClass: 6461K(6592K)->6461K(6592K) Class: 805K(896K)->805K(896K)
[2021-11-04T02:14:35.338-0700][gc          ] GC(2) Pause Young (Normal) (G1 Evacuation Pause) 32M->8M(512M) 0.820ms
[2021-11-04T02:14:35.338-0700][gc,cpu      ] GC(2) User=0.00s Sys=0.00s Real=0.00s
[2021-11-04T02:14:35.372-0700][gc,start    ] GC(3) Pause Young (Normal) (G1 Evacuation Pause)
[2021-11-04T02:14:35.372-0700][gc,task     ] GC(3) Using 8 workers of 8 for evacuation
[2021-11-04T02:14:35.372-0700][gc,phases   ] GC(3)   Pre Evacuate Collection Set: 0.1ms
[2021-11-04T02:14:35.372-0700][gc,phases   ] GC(3)   Merge Heap Roots: 0.1ms
[2021-11-04T02:14:35.372-0700][gc,phases   ] GC(3)   Evacuate Collection Set: 0.2ms
[2021-11-04T02:14:35.372-0700][gc,phases   ] GC(3)   Post Evacuate Collection Set: 0.1ms
[2021-11-04T02:14:35.372-0700][gc,phases   ] GC(3)   Other: 0.1ms
[2021-11-04T02:14:35.372-0700][gc,heap     ] GC(3) Eden regions: 24->0(24)
[2021-11-04T02:14:35.372-0700][gc,heap     ] GC(3) Survivor regions: 1->1(4)
[2021-11-04T02:14:35.372-0700][gc,heap     ] GC(3) Old regions: 8->8
[2021-11-04T02:14:35.372-0700][gc,heap     ] GC(3) Archive regions: 2->2
[2021-11-04T02:14:35.372-0700][gc,heap     ] GC(3) Humongous regions: 0->0
[2021-11-04T02:14:35.372-0700][gc,metaspace] GC(3) Metaspace: 7269K(7488K)->7269K(7488K) NonClass: 6463K(6592K)->6463K(6592K) Class: 805K(896K)->805K(896K)
[2021-11-04T02:14:35.373-0700][gc          ] GC(3) Pause Young (Normal) (G1 Evacuation Pause) 32M->8M(512M) 0.658ms
[2021-11-04T02:14:35.373-0700][gc,cpu      ] GC(3) User=0.00s Sys=0.00s Real=0.00s
[2021-11-04T02:14:35.528-0700][gc,start    ] GC(4) Pause Young (Normal) (G1 Evacuation Pause)
[2021-11-04T02:14:35.528-0700][gc,task     ] GC(4) Using 8 workers of 8 for evacuation
[2021-11-04T02:14:35.529-0700][gc,phases   ] GC(4)   Pre Evacuate Collection Set: 0.1ms
[2021-11-04T02:14:35.529-0700][gc,phases   ] GC(4)   Merge Heap Roots: 0.0ms
[2021-11-04T02:14:35.529-0700][gc,phases   ] GC(4)   Evacuate Collection Set: 0.5ms
[2021-11-04T02:14:35.529-0700][gc,phases   ] GC(4)   Post Evacuate Collection Set: 0.2ms
[2021-11-04T02:14:35.529-0700][gc,phases   ] GC(4)   Other: 0.1ms
[2021-11-04T02:14:35.529-0700][gc,heap     ] GC(4) Eden regions: 24->0(31)
[2021-11-04T02:14:35.529-0700][gc,heap     ] GC(4) Survivor regions: 1->1(4)
[2021-11-04T02:14:35.529-0700][gc,heap     ] GC(4) Old regions: 8->8
[2021-11-04T02:14:35.529-0700][gc,heap     ] GC(4) Archive regions: 2->2
[2021-11-04T02:14:35.529-0700][gc,heap     ] GC(4) Humongous regions: 0->0
[2021-11-04T02:14:35.529-0700][gc,metaspace] GC(4) Metaspace: 7526K(7680K)->7526K(7680K) NonClass: 6709K(6784K)->6709K(6784K) Class: 816K(896K)->816K(896K)
[2021-11-04T02:14:35.529-0700][gc          ] GC(4) Pause Young (Normal) (G1 Evacuation Pause) 32M->8M(512M) 1.086ms
[2021-11-04T02:14:35.529-0700][gc,cpu      ] GC(4) User=0.00s Sys=0.00s Real=0.00s
[2021-11-04T02:14:35.585-0700][gc,start    ] GC(5) Pause Young (Normal) (G1 Evacuation Pause)
[2021-11-04T02:14:35.585-0700][gc,task     ] GC(5) Using 8 workers of 8 for evacuation
[2021-11-04T02:14:35.586-0700][gc,phases   ] GC(5)   Pre Evacuate Collection Set: 0.1ms
[2021-11-04T02:14:35.586-0700][gc,phases   ] GC(5)   Merge Heap Roots: 0.0ms
[2021-11-04T02:14:35.586-0700][gc,phases   ] GC(5)   Evacuate Collection Set: 1.1ms
[2021-11-04T02:14:35.586-0700][gc,phases   ] GC(5)   Post Evacuate Collection Set: 0.3ms
[2021-11-04T02:14:35.586-0700][gc,phases   ] GC(5)   Other: 0.1ms
[2021-11-04T02:14:35.586-0700][gc,heap     ] GC(5) Eden regions: 31->0(306)
[2021-11-04T02:14:35.586-0700][gc,heap     ] GC(5) Survivor regions: 1->1(4)
[2021-11-04T02:14:35.586-0700][gc,heap     ] GC(5) Old regions: 8->8
[2021-11-04T02:14:35.586-0700][gc,heap     ] GC(5) Archive regions: 2->2
[2021-11-04T02:14:35.586-0700][gc,heap     ] GC(5) Humongous regions: 0->0
[2021-11-04T02:14:35.586-0700][gc,metaspace] GC(5) Metaspace: 7534K(7680K)->7534K(7680K) NonClass: 6716K(6784K)->6716K(6784K) Class: 817K(896K)->817K(896K)
[2021-11-04T02:14:35.586-0700][gc          ] GC(5) Pause Young (Normal) (G1 Evacuation Pause) 39M->8M(512M) 1.637ms
[2021-11-04T02:14:35.586-0700][gc,cpu      ] GC(5) User=0.01s Sys=0.00s Real=0.00s
[2021-11-05T10:49:04.545-0700][gc,start    ] GC(6) Pause Young (Normal) (G1 Evacuation Pause)
[2021-11-05T10:49:04.546-0700][gc,task     ] GC(6) Using 8 workers of 8 for evacuation
[2021-11-05T10:49:04.969-0700][gc,mmu      ] GC(6) MMU target violated: 21.0ms (20.0ms/21.0ms)
[2021-11-05T10:49:04.969-0700][gc,phases   ] GC(6)   Pre Evacuate Collection Set: 2.9ms
[2021-11-05T10:49:04.969-0700][gc,phases   ] GC(6)   Merge Heap Roots: 0.8ms
[2021-11-05T10:49:04.969-0700][gc,phases   ] GC(6)   Evacuate Collection Set: 215.5ms
[2021-11-05T10:49:04.969-0700][gc,phases   ] GC(6)   Post Evacuate Collection Set: 203.2ms
[2021-11-05T10:49:04.969-0700][gc,phases   ] GC(6)   Other: 4.8ms
[2021-11-05T10:49:04.969-0700][gc,heap     ] GC(6) Eden regions: 306->0(24)
[2021-11-05T10:49:04.969-0700][gc,heap     ] GC(6) Survivor regions: 1->1(39)
[2021-11-05T10:49:04.969-0700][gc,heap     ] GC(6) Old regions: 8->8
[2021-11-05T10:49:04.969-0700][gc,heap     ] GC(6) Archive regions: 2->2
[2021-11-05T10:49:04.969-0700][gc,heap     ] GC(6) Humongous regions: 0->0
[2021-11-05T10:49:04.969-0700][gc,metaspace] GC(6) Metaspace: 9120K(9344K)->9120K(9344K) NonClass: 8198K(8320K)->8198K(8320K) Class: 921K(1024K)->921K(1024K)
[2021-11-05T10:49:04.969-0700][gc          ] GC(6) Pause Young (Normal) (G1 Evacuation Pause) 314M->8M(512M) 424.855ms
[2021-11-05T10:49:04.969-0700][gc,cpu      ] GC(6) User=0.08s Sys=0.14s Real=0.42s
[2021-11-05T10:59:04.887-0700][gc,start    ] GC(7) Pause Young (Normal) (G1 Evacuation Pause)
[2021-11-05T10:59:04.888-0700][gc,task     ] GC(7) Using 8 workers of 8 for evacuation
[2021-11-05T10:59:04.918-0700][gc,mmu      ] GC(7) MMU target violated: 21.0ms (20.0ms/21.0ms)
[2021-11-05T10:59:04.918-0700][gc,phases   ] GC(7)   Pre Evacuate Collection Set: 0.8ms
[2021-11-05T10:59:04.918-0700][gc,phases   ] GC(7)   Merge Heap Roots: 0.3ms
[2021-11-05T10:59:04.918-0700][gc,phases   ] GC(7)   Evacuate Collection Set: 26.2ms
[2021-11-05T10:59:04.918-0700][gc,phases   ] GC(7)   Post Evacuate Collection Set: 2.3ms
[2021-11-05T10:59:04.918-0700][gc,phases   ] GC(7)   Other: 1.4ms
[2021-11-05T10:59:04.918-0700][gc,heap     ] GC(7) Eden regions: 24->0(24)
[2021-11-05T10:59:04.918-0700][gc,heap     ] GC(7) Survivor regions: 1->1(4)
[2021-11-05T10:59:04.918-0700][gc,heap     ] GC(7) Old regions: 8->8
[2021-11-05T10:59:04.918-0700][gc,heap     ] GC(7) Archive regions: 2->2
[2021-11-05T10:59:04.918-0700][gc,heap     ] GC(7) Humongous regions: 0->0
[2021-11-05T10:59:04.918-0700][gc,metaspace] GC(7) Metaspace: 9120K(9344K)->9120K(9344K) NonClass: 8198K(8320K)->8198K(8320K) Class: 921K(1024K)->921K(1024K)
[2021-11-05T10:59:04.918-0700][gc          ] GC(7) Pause Young (Normal) (G1 Evacuation Pause) 32M->8M(512M) 30.986ms
[2021-11-05T10:59:04.918-0700][gc,cpu      ] GC(7) User=0.03s Sys=0.05s Real=0.03s
[2021-11-05T11:09:08.137-0700][gc,start    ] GC(8) Pause Young (Normal) (G1 Evacuation Pause)
[2021-11-05T11:09:08.138-0700][gc,task     ] GC(8) Using 8 workers of 8 for evacuation
[2021-11-05T11:09:08.168-0700][gc,mmu      ] GC(8) MMU target violated: 21.0ms (20.0ms/21.0ms)
[2021-11-05T11:09:08.168-0700][gc,phases   ] GC(8)   Pre Evacuate Collection Set: 0.6ms
[2021-11-05T11:09:08.168-0700][gc,phases   ] GC(8)   Merge Heap Roots: 0.1ms
[2021-11-05T11:09:08.168-0700][gc,phases   ] GC(8)   Evacuate Collection Set: 27.6ms
[2021-11-05T11:09:08.168-0700][gc,phases   ] GC(8)   Post Evacuate Collection Set: 1.6ms
[2021-11-05T11:09:08.168-0700][gc,phases   ] GC(8)   Other: 1.4ms
[2021-11-05T11:09:08.168-0700][gc,heap     ] GC(8) Eden regions: 24->0(24)
[2021-11-05T11:09:08.168-0700][gc,heap     ] GC(8) Survivor regions: 1->1(4)
[2021-11-05T11:09:08.168-0700][gc,heap     ] GC(8) Old regions: 8->8
[2021-11-05T11:09:08.168-0700][gc,heap     ] GC(8) Archive regions: 2->2
[2021-11-05T11:09:08.169-0700][gc,heap     ] GC(8) Humongous regions: 0->0
[2021-11-05T11:09:08.169-0700][gc,metaspace] GC(8) Metaspace: 9120K(9344K)->9120K(9344K) NonClass: 8198K(8320K)->8198K(8320K) Class: 921K(1024K)->921K(1024K)
[2021-11-05T11:09:08.169-0700][gc          ] GC(8) Pause Young (Normal) (G1 Evacuation Pause) 32M->8M(512M) 31.433ms
[2021-11-05T11:09:08.169-0700][gc,cpu      ] GC(8) User=0.03s Sys=0.04s Real=0.03s
[2021-11-05T11:19:26.713-0700][gc,start    ] GC(9) Pause Young (Normal) (G1 Evacuation Pause)
[2021-11-05T11:19:26.723-0700][gc,task     ] GC(9) Using 8 workers of 8 for evacuation
[2021-11-05T11:19:26.757-0700][gc,mmu      ] GC(9) MMU target violated: 21.0ms (20.0ms/21.0ms)
[2021-11-05T11:19:26.757-0700][gc,phases   ] GC(9)   Pre Evacuate Collection Set: 0.6ms
[2021-11-05T11:19:26.757-0700][gc,phases   ] GC(9)   Merge Heap Roots: 0.2ms
[2021-11-05T11:19:26.757-0700][gc,phases   ] GC(9)   Evacuate Collection Set: 31.1ms
[2021-11-05T11:19:26.757-0700][gc,phases   ] GC(9)   Post Evacuate Collection Set: 0.9ms
[2021-11-05T11:19:26.757-0700][gc,phases   ] GC(9)   Other: 10.9ms
[2021-11-05T11:19:26.757-0700][gc,heap     ] GC(9) Eden regions: 24->0(23)
[2021-11-05T11:19:26.757-0700][gc,heap     ] GC(9) Survivor regions: 1->2(4)
[2021-11-05T11:19:26.757-0700][gc,heap     ] GC(9) Old regions: 8->8
[2021-11-05T11:19:26.757-0700][gc,heap     ] GC(9) Archive regions: 2->2
[2021-11-05T11:19:26.757-0700][gc,heap     ] GC(9) Humongous regions: 0->0
[2021-11-05T11:19:26.757-0700][gc,metaspace] GC(9) Metaspace: 9120K(9344K)->9120K(9344K) NonClass: 8198K(8320K)->8198K(8320K) Class: 921K(1024K)->921K(1024K)
[2021-11-05T11:19:26.758-0700][gc          ] GC(9) Pause Young (Normal) (G1 Evacuation Pause) 32M->9M(512M) 44.442ms
[2021-11-05T11:19:26.758-0700][gc,cpu      ] GC(9) User=0.03s Sys=0.04s Real=0.04s
[2021-11-05T11:29:12.736-0700][gc,start    ] GC(10) Pause Young (Normal) (G1 Evacuation Pause)
[2021-11-05T11:29:12.737-0700][gc,task     ] GC(10) Using 8 workers of 8 for evacuation
[2021-11-05T11:29:12.768-0700][gc,mmu      ] GC(10) MMU target violated: 21.0ms (20.0ms/21.0ms)
[2021-11-05T11:29:12.768-0700][gc,phases   ] GC(10)   Pre Evacuate Collection Set: 1.2ms
[2021-11-05T11:29:12.768-0700][gc,phases   ] GC(10)   Merge Heap Roots: 0.6ms
[2021-11-05T11:29:12.768-0700][gc,phases   ] GC(10)   Evacuate Collection Set: 26.3ms
[2021-11-05T11:29:12.768-0700][gc,phases   ] GC(10)   Post Evacuate Collection Set: 1.5ms
[2021-11-05T11:29:12.768-0700][gc,phases   ] GC(10)   Other: 2.9ms
[2021-11-05T11:29:12.768-0700][gc,heap     ] GC(10) Eden regions: 23->0(24)
[2021-11-05T11:29:12.768-0700][gc,heap     ] GC(10) Survivor regions: 2->1(4)
[2021-11-05T11:29:12.768-0700][gc,heap     ] GC(10) Old regions: 8->8
[2021-11-05T11:29:12.768-0700][gc,heap     ] GC(10) Archive regions: 2->2
[2021-11-05T11:29:12.768-0700][gc,heap     ] GC(10) Humongous regions: 0->0
[2021-11-05T11:29:12.768-0700][gc,metaspace] GC(10) Metaspace: 9120K(9344K)->9120K(9344K) NonClass: 8198K(8320K)->8198K(8320K) Class: 921K(1024K)->921K(1024K)
[2021-11-05T11:29:12.768-0700][gc          ] GC(10) Pause Young (Normal) (G1 Evacuation Pause) 32M->8M(512M) 32.517ms
[2021-11-05T11:29:12.768-0700][gc,cpu      ] GC(10) User=0.03s Sys=0.04s Real=0.03s
[2021-11-05T11:39:30.916-0700][gc,start    ] GC(11) Pause Young (Normal) (G1 Evacuation Pause)
[2021-11-05T11:39:30.917-0700][gc,task     ] GC(11) Using 8 workers of 8 for evacuation
[2021-11-05T11:39:30.962-0700][gc,mmu      ] GC(11) MMU target violated: 21.0ms (20.0ms/21.0ms)
[2021-11-05T11:39:30.962-0700][gc,phases   ] GC(11)   Pre Evacuate Collection Set: 0.4ms
[2021-11-05T11:39:30.962-0700][gc,phases   ] GC(11)   Merge Heap Roots: 0.2ms
[2021-11-05T11:39:30.962-0700][gc,phases   ] GC(11)   Evacuate Collection Set: 43.5ms
[2021-11-05T11:39:30.962-0700][gc,phases   ] GC(11)   Post Evacuate Collection Set: 0.5ms
[2021-11-05T11:39:30.962-0700][gc,phases   ] GC(11)   Other: 0.9ms
[2021-11-05T11:39:30.962-0700][gc,heap     ] GC(11) Eden regions: 24->0(24)
[2021-11-05T11:39:30.962-0700][gc,heap     ] GC(11) Survivor regions: 1->1(4)
[2021-11-05T11:39:30.962-0700][gc,heap     ] GC(11) Old regions: 8->8
[2021-11-05T11:39:30.962-0700][gc,heap     ] GC(11) Archive regions: 2->2
[2021-11-05T11:39:30.962-0700][gc,heap     ] GC(11) Humongous regions: 0->0
[2021-11-05T11:39:30.962-0700][gc,metaspace] GC(11) Metaspace: 9120K(9344K)->9120K(9344K) NonClass: 8198K(8320K)->8198K(8320K) Class: 921K(1024K)->921K(1024K)
[2021-11-05T11:39:30.962-0700][gc          ] GC(11) Pause Young (Normal) (G1 Evacuation Pause) 32M->8M(512M) 45.572ms
[2021-11-05T11:39:30.962-0700][gc,cpu      ] GC(11) User=0.03s Sys=0.02s Real=0.05s
[2021-11-05T11:49:38.656-0700][gc,start    ] GC(12) Pause Young (Normal) (G1 Evacuation Pause)
[2021-11-05T11:49:38.657-0700][gc,task     ] GC(12) Using 8 workers of 8 for evacuation
[2021-11-05T11:49:38.706-0700][gc,mmu      ] GC(12) MMU target violated: 21.0ms (20.0ms/21.0ms)
[2021-11-05T11:49:38.706-0700][gc,phases   ] GC(12)   Pre Evacuate Collection Set: 0.8ms
[2021-11-05T11:49:38.706-0700][gc,phases   ] GC(12)   Merge Heap Roots: 0.3ms
[2021-11-05T11:49:38.707-0700][gc,phases   ] GC(12)   Evacuate Collection Set: 46.8ms
[2021-11-05T11:49:38.707-0700][gc,phases   ] GC(12)   Post Evacuate Collection Set: 1.4ms
[2021-11-05T11:49:38.707-0700][gc,phases   ] GC(12)   Other: 1.2ms
[2021-11-05T11:49:38.707-0700][gc,heap     ] GC(12) Eden regions: 24->0(24)
[2021-11-05T11:49:38.707-0700][gc,heap     ] GC(12) Survivor regions: 1->1(4)
[2021-11-05T11:49:38.707-0700][gc,heap     ] GC(12) Old regions: 8->8
[2021-11-05T11:49:38.707-0700][gc,heap     ] GC(12) Archive regions: 2->2
[2021-11-05T11:49:38.707-0700][gc,heap     ] GC(12) Humongous regions: 0->0
[2021-11-05T11:49:38.707-0700][gc,metaspace] GC(12) Metaspace: 9120K(9344K)->9120K(9344K) NonClass: 8198K(8320K)->8198K(8320K) Class: 921K(1024K)->921K(1024K)
[2021-11-05T11:49:38.707-0700][gc          ] GC(12) Pause Young (Normal) (G1 Evacuation Pause) 32M->8M(512M) 50.610ms
[2021-11-05T11:49:38.707-0700][gc,cpu      ] GC(12) User=0.05s Sys=0.05s Real=0.05s
[2021-11-05T11:59:48.645-0700][gc,start    ] GC(13) Pause Young (Normal) (G1 Evacuation Pause)
[2021-11-05T11:59:48.646-0700][gc,task     ] GC(13) Using 8 workers of 8 for evacuation
[2021-11-05T11:59:48.675-0700][gc,mmu      ] GC(13) MMU target violated: 21.0ms (20.0ms/21.0ms)
[2021-11-05T11:59:48.675-0700][gc,phases   ] GC(13)   Pre Evacuate Collection Set: 0.9ms
[2021-11-05T11:59:48.675-0700][gc,phases   ] GC(13)   Merge Heap Roots: 0.1ms
[2021-11-05T11:59:48.675-0700][gc,phases   ] GC(13)   Evacuate Collection Set: 27.0ms
[2021-11-05T11:59:48.675-0700][gc,phases   ] GC(13)   Post Evacuate Collection Set: 0.8ms
[2021-11-05T11:59:48.675-0700][gc,phases   ] GC(13)   Other: 1.4ms
[2021-11-05T11:59:48.675-0700][gc,heap     ] GC(13) Eden regions: 24->0(24)
[2021-11-05T11:59:48.675-0700][gc,heap     ] GC(13) Survivor regions: 1->1(4)
[2021-11-05T11:59:48.675-0700][gc,heap     ] GC(13) Old regions: 8->8
[2021-11-05T11:59:48.675-0700][gc,heap     ] GC(13) Archive regions: 2->2
[2021-11-05T11:59:48.675-0700][gc,heap     ] GC(13) Humongous regions: 0->0
[2021-11-05T11:59:48.675-0700][gc,metaspace] GC(13) Metaspace: 9120K(9344K)->9120K(9344K) NonClass: 8198K(8320K)->8198K(8320K) Class: 921K(1024K)->921K(1024K)
[2021-11-05T11:59:48.675-0700][gc          ] GC(13) Pause Young (Normal) (G1 Evacuation Pause) 32M->8M(512M) 30.225ms
[2021-11-05T11:59:48.675-0700][gc,cpu      ] GC(13) User=0.03s Sys=0.03s Real=0.03s
[2021-11-05T12:10:05.974-0700][gc,start    ] GC(14) Pause Young (Normal) (G1 Evacuation Pause)
[2021-11-05T12:10:05.975-0700][gc,task     ] GC(14) Using 8 workers of 8 for evacuation
[2021-11-05T12:10:06.008-0700][gc,mmu      ] GC(14) MMU target violated: 21.0ms (20.0ms/21.0ms)
[2021-11-05T12:10:06.008-0700][gc,phases   ] GC(14)   Pre Evacuate Collection Set: 0.7ms
[2021-11-05T12:10:06.008-0700][gc,phases   ] GC(14)   Merge Heap Roots: 0.3ms
[2021-11-05T12:10:06.008-0700][gc,phases   ] GC(14)   Evacuate Collection Set: 30.3ms
[2021-11-05T12:10:06.008-0700][gc,phases   ] GC(14)   Post Evacuate Collection Set: 1.3ms
[2021-11-05T12:10:06.008-0700][gc,phases   ] GC(14)   Other: 1.3ms
[2021-11-05T12:10:06.008-0700][gc,heap     ] GC(14) Eden regions: 24->0(23)
[2021-11-05T12:10:06.008-0700][gc,heap     ] GC(14) Survivor regions: 1->2(4)
[2021-11-05T12:10:06.008-0700][gc,heap     ] GC(14) Old regions: 8->8
[2021-11-05T12:10:06.008-0700][gc,heap     ] GC(14) Archive regions: 2->2
[2021-11-05T12:10:06.008-0700][gc,heap     ] GC(14) Humongous regions: 0->0
[2021-11-05T12:10:06.008-0700][gc,metaspace] GC(14) Metaspace: 9122K(9344K)->9122K(9344K) NonClass: 8201K(8320K)->8201K(8320K) Class: 921K(1024K)->921K(1024K)
[2021-11-05T12:10:06.008-0700][gc          ] GC(14) Pause Young (Normal) (G1 Evacuation Pause) 32M->9M(512M) 34.005ms
[2021-11-05T12:10:06.008-0700][gc,cpu      ] GC(14) User=0.04s Sys=0.04s Real=0.03s
[2021-11-05T12:19:52.410-0700][gc,start    ] GC(15) Pause Young (Normal) (G1 Evacuation Pause)
[2021-11-05T12:19:52.411-0700][gc,task     ] GC(15) Using 8 workers of 8 for evacuation
[2021-11-05T12:19:52.444-0700][gc,mmu      ] GC(15) MMU target violated: 21.0ms (20.0ms/21.0ms)
[2021-11-05T12:19:52.444-0700][gc,phases   ] GC(15)   Pre Evacuate Collection Set: 0.7ms
[2021-11-05T12:19:52.444-0700][gc,phases   ] GC(15)   Merge Heap Roots: 0.1ms
[2021-11-05T12:19:52.444-0700][gc,phases   ] GC(15)   Evacuate Collection Set: 30.6ms
[2021-11-05T12:19:52.444-0700][gc,phases   ] GC(15)   Post Evacuate Collection Set: 1.4ms
[2021-11-05T12:19:52.444-0700][gc,phases   ] GC(15)   Other: 1.3ms
[2021-11-05T12:19:52.444-0700][gc,heap     ] GC(15) Eden regions: 23->0(23)
[2021-11-05T12:19:52.444-0700][gc,heap     ] GC(15) Survivor regions: 2->2(4)
[2021-11-05T12:19:52.444-0700][gc,heap     ] GC(15) Old regions: 8->8
[2021-11-05T12:19:52.444-0700][gc,heap     ] GC(15) Archive regions: 2->2
[2021-11-05T12:19:52.444-0700][gc,heap     ] GC(15) Humongous regions: 0->0
[2021-11-05T12:19:52.444-0700][gc,metaspace] GC(15) Metaspace: 9122K(9344K)->9122K(9344K) NonClass: 8201K(8320K)->8201K(8320K) Class: 921K(1024K)->921K(1024K)
[2021-11-05T12:19:52.444-0700][gc          ] GC(15) Pause Young (Normal) (G1 Evacuation Pause) 32M->9M(512M) 34.166ms
[2021-11-05T12:19:52.444-0700][gc,cpu      ] GC(15) User=0.03s Sys=0.04s Real=0.03s
[2021-11-05T12:29:40.524-0700][gc,start    ] GC(16) Pause Young (Normal) (G1 Evacuation Pause)
[2021-11-05T12:29:40.525-0700][gc,task     ] GC(16) Using 8 workers of 8 for evacuation
[2021-11-05T12:29:40.565-0700][gc,mmu      ] GC(16) MMU target violated: 21.0ms (20.0ms/21.0ms)
[2021-11-05T12:29:40.565-0700][gc,phases   ] GC(16)   Pre Evacuate Collection Set: 0.8ms
[2021-11-05T12:29:40.565-0700][gc,phases   ] GC(16)   Merge Heap Roots: 0.1ms
[2021-11-05T12:29:40.565-0700][gc,phases   ] GC(16)   Evacuate Collection Set: 36.1ms
[2021-11-05T12:29:40.565-0700][gc,phases   ] GC(16)   Post Evacuate Collection Set: 0.8ms
[2021-11-05T12:29:40.565-0700][gc,phases   ] GC(16)   Other: 3.7ms
[2021-11-05T12:29:40.565-0700][gc,heap     ] GC(16) Eden regions: 23->0(23)
[2021-11-05T12:29:40.565-0700][gc,heap     ] GC(16) Survivor regions: 2->2(4)
[2021-11-05T12:29:40.565-0700][gc,heap     ] GC(16) Old regions: 8->8
[2021-11-05T12:29:40.565-0700][gc,heap     ] GC(16) Archive regions: 2->2
[2021-11-05T12:29:40.565-0700][gc,heap     ] GC(16) Humongous regions: 0->0
[2021-11-05T12:29:40.565-0700][gc,metaspace] GC(16) Metaspace: 9122K(9344K)->9122K(9344K) NonClass: 8201K(8320K)->8201K(8320K) Class: 921K(1024K)->921K(1024K)
[2021-11-05T12:29:40.565-0700][gc          ] GC(16) Pause Young (Normal) (G1 Evacuation Pause) 32M->9M(512M) 41.488ms
[2021-11-05T12:29:40.565-0700][gc,cpu      ] GC(16) User=0.03s Sys=0.04s Real=0.04s
[2021-11-05T12:39:09.365-0700][gc,start    ] GC(17) Pause Young (Normal) (G1 Evacuation Pause)
[2021-11-05T12:39:09.366-0700][gc,task     ] GC(17) Using 8 workers of 8 for evacuation
[2021-11-05T12:39:09.413-0700][gc,mmu      ] GC(17) MMU target violated: 21.0ms (20.0ms/21.0ms)
[2021-11-05T12:39:09.413-0700][gc,phases   ] GC(17)   Pre Evacuate Collection Set: 0.4ms
[2021-11-05T12:39:09.413-0700][gc,phases   ] GC(17)   Merge Heap Roots: 0.1ms
[2021-11-05T12:39:09.413-0700][gc,phases   ] GC(17)   Evacuate Collection Set: 45.0ms
[2021-11-05T12:39:09.413-0700][gc,phases   ] GC(17)   Post Evacuate Collection Set: 1.5ms
[2021-11-05T12:39:09.413-0700][gc,phases   ] GC(17)   Other: 3.1ms
[2021-11-05T12:39:09.413-0700][gc,heap     ] GC(17) Eden regions: 23->0(23)
[2021-11-05T12:39:09.413-0700][gc,heap     ] GC(17) Survivor regions: 2->2(4)
[2021-11-05T12:39:09.413-0700][gc,heap     ] GC(17) Old regions: 8->8
[2021-11-05T12:39:09.413-0700][gc,heap     ] GC(17) Archive regions: 2->2
[2021-11-05T12:39:09.413-0700][gc,heap     ] GC(17) Humongous regions: 0->0
[2021-11-05T12:39:09.414-0700][gc,metaspace] GC(17) Metaspace: 9122K(9344K)->9122K(9344K) NonClass: 8201K(8320K)->8201K(8320K) Class: 921K(1024K)->921K(1024K)
[2021-11-05T12:39:09.414-0700][gc          ] GC(17) Pause Young (Normal) (G1 Evacuation Pause) 32M->9M(512M) 48.638ms
[2021-11-05T12:39:09.414-0700][gc,cpu      ] GC(17) User=0.04s Sys=0.04s Real=0.05s
[2021-11-05T12:48:52.051-0700][gc,start    ] GC(18) Pause Young (Normal) (G1 Evacuation Pause)
[2021-11-05T12:48:52.052-0700][gc,task     ] GC(18) Using 8 workers of 8 for evacuation
[2021-11-05T12:48:52.086-0700][gc,mmu      ] GC(18) MMU target violated: 21.0ms (20.0ms/21.0ms)
[2021-11-05T12:48:52.086-0700][gc,phases   ] GC(18)   Pre Evacuate Collection Set: 0.8ms
[2021-11-05T12:48:52.086-0700][gc,phases   ] GC(18)   Merge Heap Roots: 0.2ms
[2021-11-05T12:48:52.086-0700][gc,phases   ] GC(18)   Evacuate Collection Set: 31.5ms
[2021-11-05T12:48:52.086-0700][gc,phases   ] GC(18)   Post Evacuate Collection Set: 1.0ms
[2021-11-05T12:48:52.086-0700][gc,phases   ] GC(18)   Other: 1.5ms
[2021-11-05T12:48:52.086-0700][gc,heap     ] GC(18) Eden regions: 23->0(50)
[2021-11-05T12:48:52.086-0700][gc,heap     ] GC(18) Survivor regions: 2->1(4)
[2021-11-05T12:48:52.086-0700][gc,heap     ] GC(18) Old regions: 8->8
[2021-11-05T12:48:52.086-0700][gc,heap     ] GC(18) Archive regions: 2->2
[2021-11-05T12:48:52.086-0700][gc,heap     ] GC(18) Humongous regions: 0->0
[2021-11-05T12:48:52.086-0700][gc,metaspace] GC(18) Metaspace: 9122K(9344K)->9122K(9344K) NonClass: 8201K(8320K)->8201K(8320K) Class: 921K(1024K)->921K(1024K)
[2021-11-05T12:48:52.086-0700][gc          ] GC(18) Pause Young (Normal) (G1 Evacuation Pause) 32M->8M(512M) 35.041ms
[2021-11-05T12:48:52.086-0700][gc,cpu      ] GC(18) User=0.04s Sys=0.04s Real=0.03s
[2021-11-05T13:11:55.527-0700][gc,start    ] GC(19) Pause Young (Normal) (G1 Evacuation Pause)
[2021-11-05T13:11:55.527-0700][gc,task     ] GC(19) Using 8 workers of 8 for evacuation
[2021-11-05T13:11:55.550-0700][gc,mmu      ] GC(19) MMU target violated: 21.0ms (20.0ms/21.0ms)
[2021-11-05T13:11:55.550-0700][gc,phases   ] GC(19)   Pre Evacuate Collection Set: 0.4ms
[2021-11-05T13:11:55.550-0700][gc,phases   ] GC(19)   Merge Heap Roots: 0.2ms
[2021-11-05T13:11:55.550-0700][gc,phases   ] GC(19)   Evacuate Collection Set: 19.6ms
[2021-11-05T13:11:55.550-0700][gc,phases   ] GC(19)   Post Evacuate Collection Set: 2.1ms
[2021-11-05T13:11:55.550-0700][gc,phases   ] GC(19)   Other: 1.1ms
[2021-11-05T13:11:55.550-0700][gc,heap     ] GC(19) Eden regions: 50->0(227)
[2021-11-05T13:11:55.550-0700][gc,heap     ] GC(19) Survivor regions: 1->1(7)
[2021-11-05T13:11:55.550-0700][gc,heap     ] GC(19) Old regions: 8->8
[2021-11-05T13:11:55.550-0700][gc,heap     ] GC(19) Archive regions: 2->2
[2021-11-05T13:11:55.550-0700][gc,heap     ] GC(19) Humongous regions: 0->0
[2021-11-05T13:11:55.550-0700][gc,metaspace] GC(19) Metaspace: 9122K(9344K)->9122K(9344K) NonClass: 8201K(8320K)->8201K(8320K) Class: 921K(1024K)->921K(1024K)
[2021-11-05T13:11:55.550-0700][gc          ] GC(19) Pause Young (Normal) (G1 Evacuation Pause) 58M->9M(512M) 23.601ms
[2021-11-05T13:11:55.550-0700][gc,cpu      ] GC(19) User=0.03s Sys=0.02s Real=0.03s
[2021-11-05T14:43:08.563-0700][gc,start    ] GC(20) Pause Young (Normal) (G1 Evacuation Pause)
[2021-11-05T14:43:08.564-0700][gc,task     ] GC(20) Using 8 workers of 8 for evacuation
[2021-11-05T14:43:08.609-0700][gc,mmu      ] GC(20) MMU target violated: 21.0ms (20.0ms/21.0ms)
[2021-11-05T14:43:08.609-0700][gc,phases   ] GC(20)   Pre Evacuate Collection Set: 0.5ms
[2021-11-05T14:43:08.609-0700][gc,phases   ] GC(20)   Merge Heap Roots: 0.2ms
[2021-11-05T14:43:08.609-0700][gc,phases   ] GC(20)   Evacuate Collection Set: 40.6ms
[2021-11-05T14:43:08.609-0700][gc,phases   ] GC(20)   Post Evacuate Collection Set: 3.3ms
[2021-11-05T14:43:08.609-0700][gc,phases   ] GC(20)   Other: 1.6ms
[2021-11-05T14:43:08.609-0700][gc,heap     ] GC(20) Eden regions: 227->0(261)
[2021-11-05T14:43:08.609-0700][gc,heap     ] GC(20) Survivor regions: 1->1(29)
[2021-11-05T14:43:08.609-0700][gc,heap     ] GC(20) Old regions: 8->8
[2021-11-05T14:43:08.609-0700][gc,heap     ] GC(20) Archive regions: 2->2
[2021-11-05T14:43:08.609-0700][gc,heap     ] GC(20) Humongous regions: 0->0
[2021-11-05T14:43:08.609-0700][gc,metaspace] GC(20) Metaspace: 9140K(9344K)->9140K(9344K) NonClass: 8218K(8320K)->8218K(8320K) Class: 922K(1024K)->922K(1024K)
[2021-11-05T14:43:08.609-0700][gc          ] GC(20) Pause Young (Normal) (G1 Evacuation Pause) 236M->9M(512M) 46.207ms
[2021-11-05T14:43:08.609-0700][gc,cpu      ] GC(20) User=0.05s Sys=0.05s Real=0.04s
[2021-11-05T18:32:10.237-0700][gc,start    ] GC(21) Pause Young (Normal) (G1 Evacuation Pause)
[2021-11-05T18:32:10.238-0700][gc,task     ] GC(21) Using 8 workers of 8 for evacuation
[2021-11-05T18:32:10.288-0700][gc,mmu      ] GC(21) MMU target violated: 21.0ms (20.0ms/21.0ms)
[2021-11-05T18:32:10.288-0700][gc,phases   ] GC(21)   Pre Evacuate Collection Set: 0.4ms
[2021-11-05T18:32:10.288-0700][gc,phases   ] GC(21)   Merge Heap Roots: 0.4ms
[2021-11-05T18:32:10.288-0700][gc,phases   ] GC(21)   Evacuate Collection Set: 25.0ms
[2021-11-05T18:32:10.288-0700][gc,phases   ] GC(21)   Post Evacuate Collection Set: 5.9ms
[2021-11-05T18:32:10.288-0700][gc,phases   ] GC(21)   Other: 19.1ms
[2021-11-05T18:32:10.288-0700][gc,heap     ] GC(21) Eden regions: 261->0(306)
[2021-11-05T18:32:10.288-0700][gc,heap     ] GC(21) Survivor regions: 1->1(33)
[2021-11-05T18:32:10.288-0700][gc,heap     ] GC(21) Old regions: 8->8
[2021-11-05T18:32:10.288-0700][gc,heap     ] GC(21) Archive regions: 2->2
[2021-11-05T18:32:10.288-0700][gc,heap     ] GC(21) Humongous regions: 0->0
[2021-11-05T18:32:10.288-0700][gc,metaspace] GC(21) Metaspace: 9140K(9344K)->9140K(9344K) NonClass: 8218K(8320K)->8218K(8320K) Class: 922K(1024K)->922K(1024K)
[2021-11-05T18:32:10.288-0700][gc          ] GC(21) Pause Young (Normal) (G1 Evacuation Pause) 270M->9M(512M) 50.880ms
[2021-11-05T18:32:10.288-0700][gc,cpu      ] GC(21) User=0.03s Sys=0.04s Real=0.05s
[2021-11-06T11:42:35.850-0700][gc,start    ] GC(22) Pause Young (Normal) (G1 Evacuation Pause)
[2021-11-06T11:42:35.852-0700][gc,task     ] GC(22) Using 8 workers of 8 for evacuation
[2021-11-06T11:42:35.903-0700][gc,mmu      ] GC(22) MMU target violated: 21.0ms (20.0ms/21.0ms)
[2021-11-06T11:42:35.903-0700][gc,phases   ] GC(22)   Pre Evacuate Collection Set: 1.5ms
[2021-11-06T11:42:35.903-0700][gc,phases   ] GC(22)   Merge Heap Roots: 0.3ms
[2021-11-06T11:42:35.903-0700][gc,phases   ] GC(22)   Evacuate Collection Set: 16.0ms
[2021-11-06T11:42:35.903-0700][gc,phases   ] GC(22)   Post Evacuate Collection Set: 32.8ms
[2021-11-06T11:42:35.903-0700][gc,phases   ] GC(22)   Other: 2.5ms
[2021-11-06T11:42:35.903-0700][gc,heap     ] GC(22) Eden regions: 306->0(24)
[2021-11-06T11:42:35.903-0700][gc,heap     ] GC(22) Survivor regions: 1->1(39)
[2021-11-06T11:42:35.903-0700][gc,heap     ] GC(22) Old regions: 8->8
[2021-11-06T11:42:35.903-0700][gc,heap     ] GC(22) Archive regions: 2->2
[2021-11-06T11:42:35.903-0700][gc,heap     ] GC(22) Humongous regions: 0->0
[2021-11-06T11:42:35.903-0700][gc,metaspace] GC(22) Metaspace: 9140K(9344K)->9140K(9344K) NonClass: 8218K(8320K)->8218K(8320K) Class: 922K(1024K)->922K(1024K)
[2021-11-06T11:42:35.903-0700][gc          ] GC(22) Pause Young (Normal) (G1 Evacuation Pause) 315M->9M(512M) 53.134ms
[2021-11-06T11:42:35.903-0700][gc,cpu      ] GC(22) User=0.02s Sys=0.06s Real=0.05s
[2021-11-06T12:02:14.772-0700][gc,start    ] GC(23) Pause Young (Normal) (G1 Evacuation Pause)
[2021-11-06T12:02:14.774-0700][gc,task     ] GC(23) Using 8 workers of 8 for evacuation
[2021-11-06T12:02:14.786-0700][gc,phases   ] GC(23)   Pre Evacuate Collection Set: 0.4ms
[2021-11-06T12:02:14.786-0700][gc,phases   ] GC(23)   Merge Heap Roots: 0.1ms
[2021-11-06T12:02:14.786-0700][gc,phases   ] GC(23)   Evacuate Collection Set: 9.8ms
[2021-11-06T12:02:14.786-0700][gc,phases   ] GC(23)   Post Evacuate Collection Set: 1.8ms
[2021-11-06T12:02:14.786-0700][gc,phases   ] GC(23)   Other: 1.8ms
[2021-11-06T12:02:14.786-0700][gc,heap     ] GC(23) Eden regions: 24->0(24)
[2021-11-06T12:02:14.786-0700][gc,heap     ] GC(23) Survivor regions: 1->1(4)
[2021-11-06T12:02:14.786-0700][gc,heap     ] GC(23) Old regions: 8->8
[2021-11-06T12:02:14.786-0700][gc,heap     ] GC(23) Archive regions: 2->2
[2021-11-06T12:02:14.786-0700][gc,heap     ] GC(23) Humongous regions: 0->0
[2021-11-06T12:02:14.787-0700][gc,metaspace] GC(23) Metaspace: 9140K(9344K)->9140K(9344K) NonClass: 8218K(8320K)->8218K(8320K) Class: 922K(1024K)->922K(1024K)
[2021-11-06T12:02:14.787-0700][gc          ] GC(23) Pause Young (Normal) (G1 Evacuation Pause) 33M->9M(512M) 14.329ms
[2021-11-06T12:02:14.787-0700][gc,cpu      ] GC(23) User=0.01s Sys=0.02s Real=0.01s
[2021-11-06T12:22:01.692-0700][gc,start    ] GC(24) Pause Young (Normal) (G1 Evacuation Pause)
[2021-11-06T12:22:01.693-0700][gc,task     ] GC(24) Using 8 workers of 8 for evacuation
[2021-11-06T12:22:01.712-0700][gc,phases   ] GC(24)   Pre Evacuate Collection Set: 1.0ms
[2021-11-06T12:22:01.712-0700][gc,phases   ] GC(24)   Merge Heap Roots: 0.4ms
[2021-11-06T12:22:01.712-0700][gc,phases   ] GC(24)   Evacuate Collection Set: 16.3ms
[2021-11-06T12:22:01.712-0700][gc,phases   ] GC(24)   Post Evacuate Collection Set: 1.3ms
[2021-11-06T12:22:01.712-0700][gc,phases   ] GC(24)   Other: 1.6ms
[2021-11-06T12:22:01.712-0700][gc,heap     ] GC(24) Eden regions: 24->0(24)
[2021-11-06T12:22:01.712-0700][gc,heap     ] GC(24) Survivor regions: 1->1(4)
[2021-11-06T12:22:01.712-0700][gc,heap     ] GC(24) Old regions: 8->8
[2021-11-06T12:22:01.712-0700][gc,heap     ] GC(24) Archive regions: 2->2
[2021-11-06T12:22:01.712-0700][gc,heap     ] GC(24) Humongous regions: 0->0
[2021-11-06T12:22:01.712-0700][gc,metaspace] GC(24) Metaspace: 9140K(9344K)->9140K(9344K) NonClass: 8218K(8320K)->8218K(8320K) Class: 922K(1024K)->922K(1024K)
[2021-11-06T12:22:01.712-0700][gc          ] GC(24) Pause Young (Normal) (G1 Evacuation Pause) 33M->9M(512M) 20.785ms
[2021-11-06T12:22:01.713-0700][gc,cpu      ] GC(24) User=0.01s Sys=0.03s Real=0.02s
[2021-11-06T12:42:04.462-0700][gc,start    ] GC(25) Pause Young (Normal) (G1 Evacuation Pause)
[2021-11-06T12:42:04.463-0700][gc,task     ] GC(25) Using 8 workers of 8 for evacuation
[2021-11-06T12:42:04.494-0700][gc,mmu      ] GC(25) MMU target violated: 21.0ms (20.0ms/21.0ms)
[2021-11-06T12:42:04.495-0700][gc,phases   ] GC(25)   Pre Evacuate Collection Set: 1.0ms
[2021-11-06T12:42:04.495-0700][gc,phases   ] GC(25)   Merge Heap Roots: 0.2ms
[2021-11-06T12:42:04.495-0700][gc,phases   ] GC(25)   Evacuate Collection Set: 28.7ms
[2021-11-06T12:42:04.495-0700][gc,phases   ] GC(25)   Post Evacuate Collection Set: 1.5ms
[2021-11-06T12:42:04.495-0700][gc,phases   ] GC(25)   Other: 1.7ms
[2021-11-06T12:42:04.495-0700][gc,heap     ] GC(25) Eden regions: 24->0(24)
[2021-11-06T12:42:04.495-0700][gc,heap     ] GC(25) Survivor regions: 1->1(4)
[2021-11-06T12:42:04.495-0700][gc,heap     ] GC(25) Old regions: 8->8
[2021-11-06T12:42:04.495-0700][gc,heap     ] GC(25) Archive regions: 2->2
[2021-11-06T12:42:04.495-0700][gc,heap     ] GC(25) Humongous regions: 0->0
[2021-11-06T12:42:04.495-0700][gc,metaspace] GC(25) Metaspace: 9140K(9344K)->9140K(9344K) NonClass: 8218K(8320K)->8218K(8320K) Class: 922K(1024K)->922K(1024K)
[2021-11-06T12:42:04.495-0700][gc          ] GC(25) Pause Young (Normal) (G1 Evacuation Pause) 33M->9M(512M) 33.277ms
[2021-11-06T12:42:04.495-0700][gc,cpu      ] GC(25) User=0.01s Sys=0.03s Real=0.03s
[2021-11-06T13:02:17.015-0700][gc,start    ] GC(26) Pause Young (Normal) (G1 Evacuation Pause)
[2021-11-06T13:02:17.016-0700][gc,task     ] GC(26) Using 8 workers of 8 for evacuation
[2021-11-06T13:02:17.037-0700][gc,mmu      ] GC(26) MMU target violated: 20.5ms (20.0ms/21.0ms)
[2021-11-06T13:02:17.037-0700][gc,phases   ] GC(26)   Pre Evacuate Collection Set: 1.0ms
[2021-11-06T13:02:17.038-0700][gc,phases   ] GC(26)   Merge Heap Roots: 0.2ms
[2021-11-06T13:02:17.038-0700][gc,phases   ] GC(26)   Evacuate Collection Set: 17.9ms
[2021-11-06T13:02:17.038-0700][gc,phases   ] GC(26)   Post Evacuate Collection Set: 1.5ms
[2021-11-06T13:02:17.038-0700][gc,phases   ] GC(26)   Other: 1.7ms
[2021-11-06T13:02:17.038-0700][gc,heap     ] GC(26) Eden regions: 24->0(24)
[2021-11-06T13:02:17.038-0700][gc,heap     ] GC(26) Survivor regions: 1->1(4)
[2021-11-06T13:02:17.038-0700][gc,heap     ] GC(26) Old regions: 8->8
[2021-11-06T13:02:17.038-0700][gc,heap     ] GC(26) Archive regions: 2->2
[2021-11-06T13:02:17.038-0700][gc,heap     ] GC(26) Humongous regions: 0->0
[2021-11-06T13:02:17.038-0700][gc,metaspace] GC(26) Metaspace: 9140K(9344K)->9140K(9344K) NonClass: 8218K(8320K)->8218K(8320K) Class: 922K(1024K)->922K(1024K)
[2021-11-06T13:02:17.038-0700][gc          ] GC(26) Pause Young (Normal) (G1 Evacuation Pause) 33M->9M(512M) 22.419ms
[2021-11-06T13:02:17.038-0700][gc,cpu      ] GC(26) User=0.01s Sys=0.03s Real=0.02s
[2021-11-06T13:22:12.293-0700][gc,start    ] GC(27) Pause Young (Normal) (G1 Evacuation Pause)
[2021-11-06T13:22:12.293-0700][gc,task     ] GC(27) Using 8 workers of 8 for evacuation
[2021-11-06T13:22:12.310-0700][gc,phases   ] GC(27)   Pre Evacuate Collection Set: 3.9ms
[2021-11-06T13:22:12.310-0700][gc,phases   ] GC(27)   Merge Heap Roots: 0.4ms
[2021-11-06T13:22:12.310-0700][gc,phases   ] GC(27)   Evacuate Collection Set: 10.4ms
[2021-11-06T13:22:12.310-0700][gc,phases   ] GC(27)   Post Evacuate Collection Set: 1.3ms
[2021-11-06T13:22:12.310-0700][gc,phases   ] GC(27)   Other: 0.9ms
[2021-11-06T13:22:12.310-0700][gc,heap     ] GC(27) Eden regions: 24->0(24)
[2021-11-06T13:22:12.310-0700][gc,heap     ] GC(27) Survivor regions: 1->1(4)
[2021-11-06T13:22:12.310-0700][gc,heap     ] GC(27) Old regions: 8->8
[2021-11-06T13:22:12.310-0700][gc,heap     ] GC(27) Archive regions: 2->2
[2021-11-06T13:22:12.310-0700][gc,heap     ] GC(27) Humongous regions: 0->0
[2021-11-06T13:22:12.310-0700][gc,metaspace] GC(27) Metaspace: 9140K(9344K)->9140K(9344K) NonClass: 8218K(8320K)->8218K(8320K) Class: 922K(1024K)->922K(1024K)
[2021-11-06T13:22:12.310-0700][gc          ] GC(27) Pause Young (Normal) (G1 Evacuation Pause) 33M->9M(512M) 17.113ms
[2021-11-06T13:22:12.310-0700][gc,cpu      ] GC(27) User=0.00s Sys=0.02s Real=0.02s
[2021-11-06T14:13:42.632-0700][gc,start    ] GC(28) Pause Young (Normal) (G1 Evacuation Pause)
[2021-11-06T14:13:42.632-0700][gc,task     ] GC(28) Using 8 workers of 8 for evacuation
[2021-11-06T14:13:42.653-0700][gc,phases   ] GC(28)   Pre Evacuate Collection Set: 1.0ms
[2021-11-06T14:13:42.653-0700][gc,phases   ] GC(28)   Merge Heap Roots: 0.2ms
[2021-11-06T14:13:42.653-0700][gc,phases   ] GC(28)   Evacuate Collection Set: 17.2ms
[2021-11-06T14:13:42.653-0700][gc,phases   ] GC(28)   Post Evacuate Collection Set: 1.4ms
[2021-11-06T14:13:42.653-0700][gc,phases   ] GC(28)   Other: 1.3ms
[2021-11-06T14:13:42.653-0700][gc,heap     ] GC(28) Eden regions: 24->0(24)
[2021-11-06T14:13:42.653-0700][gc,heap     ] GC(28) Survivor regions: 1->1(4)
[2021-11-06T14:13:42.653-0700][gc,heap     ] GC(28) Old regions: 8->8
[2021-11-06T14:13:42.653-0700][gc,heap     ] GC(28) Archive regions: 2->2
[2021-11-06T14:13:42.653-0700][gc,heap     ] GC(28) Humongous regions: 0->0
[2021-11-06T14:13:42.653-0700][gc,metaspace] GC(28) Metaspace: 9140K(9344K)->9140K(9344K) NonClass: 8218K(8320K)->8218K(8320K) Class: 922K(1024K)->922K(1024K)
[2021-11-06T14:13:42.653-0700][gc          ] GC(28) Pause Young (Normal) (G1 Evacuation Pause) 33M->9M(512M) 21.398ms
[2021-11-06T14:13:42.653-0700][gc,cpu      ] GC(28) User=0.01s Sys=0.02s Real=0.02s
[2021-11-06T14:53:37.399-0700][gc,start    ] GC(29) Pause Young (Normal) (G1 Evacuation Pause)
[2021-11-06T14:53:37.400-0700][gc,task     ] GC(29) Using 8 workers of 8 for evacuation
[2021-11-06T14:53:37.432-0700][gc,mmu      ] GC(29) MMU target violated: 21.0ms (20.0ms/21.0ms)
[2021-11-06T14:53:37.433-0700][gc,phases   ] GC(29)   Pre Evacuate Collection Set: 3.1ms
[2021-11-06T14:53:37.433-0700][gc,phases   ] GC(29)   Merge Heap Roots: 0.9ms
[2021-11-06T14:53:37.433-0700][gc,phases   ] GC(29)   Evacuate Collection Set: 25.8ms
[2021-11-06T14:53:37.433-0700][gc,phases   ] GC(29)   Post Evacuate Collection Set: 2.3ms
[2021-11-06T14:53:37.433-0700][gc,phases   ] GC(29)   Other: 2.6ms
[2021-11-06T14:53:37.433-0700][gc,heap     ] GC(29) Eden regions: 24->0(244)
[2021-11-06T14:53:37.433-0700][gc,heap     ] GC(29) Survivor regions: 1->1(4)
[2021-11-06T14:53:37.433-0700][gc,heap     ] GC(29) Old regions: 8->8
[2021-11-06T14:53:37.433-0700][gc,heap     ] GC(29) Archive regions: 2->2
[2021-11-06T14:53:37.433-0700][gc,heap     ] GC(29) Humongous regions: 0->0
[2021-11-06T14:53:37.433-0700][gc,metaspace] GC(29) Metaspace: 9140K(9344K)->9140K(9344K) NonClass: 8218K(8320K)->8218K(8320K) Class: 922K(1024K)->922K(1024K)
[2021-11-06T14:53:37.434-0700][gc          ] GC(29) Pause Young (Normal) (G1 Evacuation Pause) 33M->9M(512M) 34.810ms
[2021-11-06T14:53:37.434-0700][gc,cpu      ] GC(29) User=0.01s Sys=0.03s Real=0.04s
[2021-11-06T17:44:37.997-0700][gc,start    ] GC(30) Pause Young (Normal) (G1 Evacuation Pause)
[2021-11-06T17:44:37.998-0700][gc,task     ] GC(30) Using 8 workers of 8 for evacuation
[2021-11-06T17:44:38.024-0700][gc,mmu      ] GC(30) MMU target violated: 21.0ms (20.0ms/21.0ms)
[2021-11-06T17:44:38.024-0700][gc,phases   ] GC(30)   Pre Evacuate Collection Set: 0.3ms
[2021-11-06T17:44:38.024-0700][gc,phases   ] GC(30)   Merge Heap Roots: 0.2ms
[2021-11-06T17:44:38.024-0700][gc,phases   ] GC(30)   Evacuate Collection Set: 19.7ms
[2021-11-06T17:44:38.024-0700][gc,phases   ] GC(30)   Post Evacuate Collection Set: 5.8ms
[2021-11-06T17:44:38.024-0700][gc,phases   ] GC(30)   Other: 1.3ms
[2021-11-06T17:44:38.024-0700][gc,heap     ] GC(30) Eden regions: 244->0(241)
[2021-11-06T17:44:38.024-0700][gc,heap     ] GC(30) Survivor regions: 1->1(31)
[2021-11-06T17:44:38.024-0700][gc,heap     ] GC(30) Old regions: 8->8
[2021-11-06T17:44:38.024-0700][gc,heap     ] GC(30) Archive regions: 2->2
[2021-11-06T17:44:38.024-0700][gc,heap     ] GC(30) Humongous regions: 0->0
[2021-11-06T17:44:38.024-0700][gc,metaspace] GC(30) Metaspace: 9161K(9344K)->9161K(9344K) NonClass: 8239K(8320K)->8239K(8320K) Class: 922K(1024K)->922K(1024K)
[2021-11-06T17:44:38.024-0700][gc          ] GC(30) Pause Young (Normal) (G1 Evacuation Pause) 253M->9M(512M) 27.435ms
[2021-11-06T17:44:38.024-0700][gc,cpu      ] GC(30) User=0.01s Sys=0.03s Real=0.03s
[2021-11-06T22:30:00.414-0700][gc,start    ] GC(31) Pause Young (Normal) (G1 Evacuation Pause)
[2021-11-06T22:30:00.415-0700][gc,task     ] GC(31) Using 8 workers of 8 for evacuation
[2021-11-06T22:30:00.463-0700][gc,mmu      ] GC(31) MMU target violated: 21.0ms (20.0ms/21.0ms)
[2021-11-06T22:30:00.463-0700][gc,phases   ] GC(31)   Pre Evacuate Collection Set: 0.8ms
[2021-11-06T22:30:00.463-0700][gc,phases   ] GC(31)   Merge Heap Roots: 0.2ms
[2021-11-06T22:30:00.463-0700][gc,phases   ] GC(31)   Evacuate Collection Set: 24.3ms
[2021-11-06T22:30:00.463-0700][gc,phases   ] GC(31)   Post Evacuate Collection Set: 21.4ms
[2021-11-06T22:30:00.464-0700][gc,phases   ] GC(31)   Other: 2.4ms
[2021-11-06T22:30:00.464-0700][gc,heap     ] GC(31) Eden regions: 241->0(24)
[2021-11-06T22:30:00.464-0700][gc,heap     ] GC(31) Survivor regions: 1->1(31)
[2021-11-06T22:30:00.464-0700][gc,heap     ] GC(31) Old regions: 8->8
[2021-11-06T22:30:00.464-0700][gc,heap     ] GC(31) Archive regions: 2->2
[2021-11-06T22:30:00.464-0700][gc,heap     ] GC(31) Humongous regions: 0->0
[2021-11-06T22:30:00.464-0700][gc,metaspace] GC(31) Metaspace: 9163K(9344K)->9163K(9344K) NonClass: 8241K(8320K)->8241K(8320K) Class: 922K(1024K)->922K(1024K)
[2021-11-06T22:30:00.464-0700][gc          ] GC(31) Pause Young (Normal) (G1 Evacuation Pause) 250M->9M(512M) 49.825ms
[2021-11-06T22:30:00.464-0700][gc,cpu      ] GC(31) User=0.01s Sys=0.05s Real=0.05s
[2021-11-06T22:49:50.884-0700][gc,start    ] GC(32) Pause Young (Normal) (G1 Evacuation Pause)
[2021-11-06T22:49:50.886-0700][gc,task     ] GC(32) Using 8 workers of 8 for evacuation
[2021-11-06T22:49:50.942-0700][gc,mmu      ] GC(32) MMU target violated: 21.0ms (20.0ms/21.0ms)
[2021-11-06T22:49:50.942-0700][gc,phases   ] GC(32)   Pre Evacuate Collection Set: 0.6ms
[2021-11-06T22:49:50.942-0700][gc,phases   ] GC(32)   Merge Heap Roots: 0.2ms
[2021-11-06T22:49:50.942-0700][gc,phases   ] GC(32)   Evacuate Collection Set: 37.8ms
[2021-11-06T22:49:50.942-0700][gc,phases   ] GC(32)   Post Evacuate Collection Set: 16.9ms
[2021-11-06T22:49:50.942-0700][gc,phases   ] GC(32)   Other: 1.7ms
[2021-11-06T22:49:50.942-0700][gc,heap     ] GC(32) Eden regions: 24->0(24)
[2021-11-06T22:49:50.942-0700][gc,heap     ] GC(32) Survivor regions: 1->1(4)
[2021-11-06T22:49:50.942-0700][gc,heap     ] GC(32) Old regions: 8->8
[2021-11-06T22:49:50.942-0700][gc,heap     ] GC(32) Archive regions: 2->2
[2021-11-06T22:49:50.942-0700][gc,heap     ] GC(32) Humongous regions: 0->0
[2021-11-06T22:49:50.942-0700][gc,metaspace] GC(32) Metaspace: 9163K(9344K)->9163K(9344K) NonClass: 8241K(8320K)->8241K(8320K) Class: 922K(1024K)->922K(1024K)
[2021-11-06T22:49:50.942-0700][gc          ] GC(32) Pause Young (Normal) (G1 Evacuation Pause) 33M->9M(512M) 57.371ms
[2021-11-06T22:49:50.942-0700][gc,cpu      ] GC(32) User=0.01s Sys=0.03s Real=0.06s
[2021-11-07T05:50:28.421-0800][gc,start    ] GC(33) Pause Young (Normal) (G1 Evacuation Pause)
[2021-11-07T05:50:28.422-0800][gc,task     ] GC(33) Using 8 workers of 8 for evacuation
[2021-11-07T05:50:28.450-0800][gc,mmu      ] GC(33) MMU target violated: 21.0ms (20.0ms/21.0ms)
[2021-11-07T05:50:28.450-0800][gc,phases   ] GC(33)   Pre Evacuate Collection Set: 1.1ms
[2021-11-07T05:50:28.450-0800][gc,phases   ] GC(33)   Merge Heap Roots: 0.3ms
[2021-11-07T05:50:28.450-0800][gc,phases   ] GC(33)   Evacuate Collection Set: 18.4ms
[2021-11-07T05:50:28.450-0800][gc,phases   ] GC(33)   Post Evacuate Collection Set: 7.8ms
[2021-11-07T05:50:28.450-0800][gc,phases   ] GC(33)   Other: 1.5ms
[2021-11-07T05:50:28.450-0800][gc,heap     ] GC(33) Eden regions: 24->0(24)
[2021-11-07T05:50:28.450-0800][gc,heap     ] GC(33) Survivor regions: 1->1(4)
[2021-11-07T05:50:28.450-0800][gc,heap     ] GC(33) Old regions: 8->8
[2021-11-07T05:50:28.450-0800][gc,heap     ] GC(33) Archive regions: 2->2
[2021-11-07T05:50:28.450-0800][gc,heap     ] GC(33) Humongous regions: 0->0
[2021-11-07T05:50:28.450-0800][gc,metaspace] GC(33) Metaspace: 9163K(9344K)->9163K(9344K) NonClass: 8241K(8320K)->8241K(8320K) Class: 922K(1024K)->922K(1024K)
[2021-11-07T05:50:28.450-0800][gc          ] GC(33) Pause Young (Normal) (G1 Evacuation Pause) 33M->9M(512M) 29.182ms
[2021-11-07T05:50:28.450-0800][gc,cpu      ] GC(33) User=0.01s Sys=0.04s Real=0.03s
[2021-11-07T06:02:46.553-0800][gc,start    ] GC(34) Pause Young (Normal) (G1 Evacuation Pause)
[2021-11-07T06:02:46.554-0800][gc,task     ] GC(34) Using 8 workers of 8 for evacuation
[2021-11-07T06:02:46.559-0800][gc,phases   ] GC(34)   Pre Evacuate Collection Set: 0.6ms
[2021-11-07T06:02:46.559-0800][gc,phases   ] GC(34)   Merge Heap Roots: 0.1ms
[2021-11-07T06:02:46.559-0800][gc,phases   ] GC(34)   Evacuate Collection Set: 2.7ms
[2021-11-07T06:02:46.559-0800][gc,phases   ] GC(34)   Post Evacuate Collection Set: 0.6ms
[2021-11-07T06:02:46.559-0800][gc,phases   ] GC(34)   Other: 1.4ms
[2021-11-07T06:02:46.559-0800][gc,heap     ] GC(34) Eden regions: 24->0(24)
[2021-11-07T06:02:46.559-0800][gc,heap     ] GC(34) Survivor regions: 1->1(4)
[2021-11-07T06:02:46.559-0800][gc,heap     ] GC(34) Old regions: 8->8
[2021-11-07T06:02:46.559-0800][gc,heap     ] GC(34) Archive regions: 2->2
[2021-11-07T06:02:46.559-0800][gc,heap     ] GC(34) Humongous regions: 0->0
[2021-11-07T06:02:46.559-0800][gc,metaspace] GC(34) Metaspace: 9163K(9344K)->9163K(9344K) NonClass: 8241K(8320K)->8241K(8320K) Class: 922K(1024K)->922K(1024K)
[2021-11-07T06:02:46.559-0800][gc          ] GC(34) Pause Young (Normal) (G1 Evacuation Pause) 33M->9M(512M) 5.832ms
[2021-11-07T06:02:46.559-0800][gc,cpu      ] GC(34) User=0.00s Sys=0.01s Real=0.00s
[2021-11-07T06:12:46.514-0800][gc,start    ] GC(35) Pause Young (Normal) (G1 Evacuation Pause)
[2021-11-07T06:12:46.515-0800][gc,task     ] GC(35) Using 8 workers of 8 for evacuation
[2021-11-07T06:12:46.518-0800][gc,phases   ] GC(35)   Pre Evacuate Collection Set: 0.2ms
[2021-11-07T06:12:46.518-0800][gc,phases   ] GC(35)   Merge Heap Roots: 0.1ms
[2021-11-07T06:12:46.518-0800][gc,phases   ] GC(35)   Evacuate Collection Set: 2.5ms
[2021-11-07T06:12:46.518-0800][gc,phases   ] GC(35)   Post Evacuate Collection Set: 0.5ms
[2021-11-07T06:12:46.518-0800][gc,phases   ] GC(35)   Other: 0.9ms
[2021-11-07T06:12:46.518-0800][gc,heap     ] GC(35) Eden regions: 24->0(306)
[2021-11-07T06:12:46.518-0800][gc,heap     ] GC(35) Survivor regions: 1->1(4)
[2021-11-07T06:12:46.518-0800][gc,heap     ] GC(35) Old regions: 8->8
[2021-11-07T06:12:46.518-0800][gc,heap     ] GC(35) Archive regions: 2->2
[2021-11-07T06:12:46.518-0800][gc,heap     ] GC(35) Humongous regions: 0->0
[2021-11-07T06:12:46.518-0800][gc,metaspace] GC(35) Metaspace: 9163K(9344K)->9163K(9344K) NonClass: 8241K(8320K)->8241K(8320K) Class: 922K(1024K)->922K(1024K)
[2021-11-07T06:12:46.518-0800][gc          ] GC(35) Pause Young (Normal) (G1 Evacuation Pause) 33M->9M(512M) 4.379ms
[2021-11-07T06:12:46.518-0800][gc,cpu      ] GC(35) User=0.00s Sys=0.00s Real=0.00s
[2021-11-07T13:55:46.866-0800][gc,start    ] GC(36) Pause Young (Normal) (G1 Evacuation Pause)
[2021-11-07T13:55:46.866-0800][gc,task     ] GC(36) Using 8 workers of 8 for evacuation
[2021-11-07T13:55:46.887-0800][gc,mmu      ] GC(36) MMU target violated: 20.1ms (20.0ms/21.0ms)
[2021-11-07T13:55:46.887-0800][gc,phases   ] GC(36)   Pre Evacuate Collection Set: 0.3ms
[2021-11-07T13:55:46.887-0800][gc,phases   ] GC(36)   Merge Heap Roots: 0.2ms
[2021-11-07T13:55:46.887-0800][gc,phases   ] GC(36)   Evacuate Collection Set: 8.1ms
[2021-11-07T13:55:46.887-0800][gc,phases   ] GC(36)   Post Evacuate Collection Set: 11.2ms
[2021-11-07T13:55:46.887-0800][gc,phases   ] GC(36)   Other: 1.3ms
[2021-11-07T13:55:46.887-0800][gc,heap     ] GC(36) Eden regions: 306->0(306)
[2021-11-07T13:55:46.887-0800][gc,heap     ] GC(36) Survivor regions: 1->1(39)
[2021-11-07T13:55:46.887-0800][gc,heap     ] GC(36) Old regions: 8->8
[2021-11-07T13:55:46.887-0800][gc,heap     ] GC(36) Archive regions: 2->2
[2021-11-07T13:55:46.887-0800][gc,heap     ] GC(36) Humongous regions: 0->0
[2021-11-07T13:55:46.887-0800][gc,metaspace] GC(36) Metaspace: 9164K(9344K)->9164K(9344K) NonClass: 8241K(8320K)->8241K(8320K) Class: 922K(1024K)->922K(1024K)
[2021-11-07T13:55:46.887-0800][gc          ] GC(36) Pause Young (Normal) (G1 Evacuation Pause) 315M->9M(512M) 21.286ms
[2021-11-07T13:55:46.887-0800][gc,cpu      ] GC(36) User=0.01s Sys=0.03s Real=0.02s
[2021-11-07T16:55:49.392-0800][gc,start    ] GC(37) Pause Young (Normal) (G1 Evacuation Pause)
[2021-11-07T16:55:49.393-0800][gc,task     ] GC(37) Using 8 workers of 8 for evacuation
[2021-11-07T16:55:49.415-0800][gc,mmu      ] GC(37) MMU target violated: 21.0ms (20.0ms/21.0ms)
[2021-11-07T16:55:49.415-0800][gc,phases   ] GC(37)   Pre Evacuate Collection Set: 0.4ms
[2021-11-07T16:55:49.415-0800][gc,phases   ] GC(37)   Merge Heap Roots: 0.2ms
[2021-11-07T16:55:49.415-0800][gc,phases   ] GC(37)   Evacuate Collection Set: 10.3ms
[2021-11-07T16:55:49.415-0800][gc,phases   ] GC(37)   Post Evacuate Collection Set: 10.5ms
[2021-11-07T16:55:49.415-0800][gc,phases   ] GC(37)   Other: 1.7ms
[2021-11-07T16:55:49.415-0800][gc,heap     ] GC(37) Eden regions: 306->0(306)
[2021-11-07T16:55:49.415-0800][gc,heap     ] GC(37) Survivor regions: 1->1(39)
[2021-11-07T16:55:49.415-0800][gc,heap     ] GC(37) Old regions: 8->8
[2021-11-07T16:55:49.415-0800][gc,heap     ] GC(37) Archive regions: 2->2
[2021-11-07T16:55:49.415-0800][gc,heap     ] GC(37) Humongous regions: 0->0
[2021-11-07T16:55:49.415-0800][gc,metaspace] GC(37) Metaspace: 9169K(9344K)->9169K(9344K) NonClass: 8247K(8320K)->8247K(8320K) Class: 922K(1024K)->922K(1024K)
[2021-11-07T16:55:49.415-0800][gc          ] GC(37) Pause Young (Normal) (G1 Evacuation Pause) 315M->9M(512M) 23.280ms
[2021-11-07T16:55:49.415-0800][gc,cpu      ] GC(37) User=0.01s Sys=0.03s Real=0.02s
[2021-11-07T19:52:37.187-0800][gc,start    ] GC(38) Pause Young (Normal) (G1 Evacuation Pause)
[2021-11-07T19:52:37.188-0800][gc,task     ] GC(38) Using 8 workers of 8 for evacuation
[2021-11-07T19:52:37.202-0800][gc,phases   ] GC(38)   Pre Evacuate Collection Set: 0.2ms
[2021-11-07T19:52:37.202-0800][gc,phases   ] GC(38)   Merge Heap Roots: 0.3ms
[2021-11-07T19:52:37.202-0800][gc,phases   ] GC(38)   Evacuate Collection Set: 9.7ms
[2021-11-07T19:52:37.202-0800][gc,phases   ] GC(38)   Post Evacuate Collection Set: 4.0ms
[2021-11-07T19:52:37.203-0800][gc,phases   ] GC(38)   Other: 1.3ms
[2021-11-07T19:52:37.203-0800][gc,heap     ] GC(38) Eden regions: 306->0(306)
[2021-11-07T19:52:37.203-0800][gc,heap     ] GC(38) Survivor regions: 1->1(39)
[2021-11-07T19:52:37.203-0800][gc,heap     ] GC(38) Old regions: 8->8
[2021-11-07T19:52:37.203-0800][gc,heap     ] GC(38) Archive regions: 2->2
[2021-11-07T19:52:37.203-0800][gc,heap     ] GC(38) Humongous regions: 0->0
[2021-11-07T19:52:37.203-0800][gc,metaspace] GC(38) Metaspace: 9170K(9344K)->9170K(9344K) NonClass: 8247K(8320K)->8247K(8320K) Class: 922K(1024K)->922K(1024K)
[2021-11-07T19:52:37.203-0800][gc          ] GC(38) Pause Young (Normal) (G1 Evacuation Pause) 315M->9M(512M) 15.929ms
[2021-11-07T19:52:37.203-0800][gc,cpu      ] GC(38) User=0.01s Sys=0.03s Real=0.02s
[2021-11-07T21:56:17.085-0800][gc,start    ] GC(39) Pause Young (Normal) (G1 Evacuation Pause)
[2021-11-07T21:56:17.086-0800][gc,task     ] GC(39) Using 8 workers of 8 for evacuation
[2021-11-07T21:56:17.107-0800][gc,mmu      ] GC(39) MMU target violated: 21.0ms (20.0ms/21.0ms)
[2021-11-07T21:56:17.107-0800][gc,phases   ] GC(39)   Pre Evacuate Collection Set: 0.4ms
[2021-11-07T21:56:17.107-0800][gc,phases   ] GC(39)   Merge Heap Roots: 0.4ms
[2021-11-07T21:56:17.107-0800][gc,phases   ] GC(39)   Evacuate Collection Set: 11.0ms
[2021-11-07T21:56:17.107-0800][gc,phases   ] GC(39)   Post Evacuate Collection Set: 9.0ms
[2021-11-07T21:56:17.107-0800][gc,phases   ] GC(39)   Other: 1.9ms
[2021-11-07T21:56:17.107-0800][gc,heap     ] GC(39) Eden regions: 306->0(306)
[2021-11-07T21:56:17.108-0800][gc,heap     ] GC(39) Survivor regions: 1->1(39)
[2021-11-07T21:56:17.108-0800][gc,heap     ] GC(39) Old regions: 8->8
[2021-11-07T21:56:17.108-0800][gc,heap     ] GC(39) Archive regions: 2->2
[2021-11-07T21:56:17.108-0800][gc,heap     ] GC(39) Humongous regions: 0->0
[2021-11-07T21:56:17.108-0800][gc,metaspace] GC(39) Metaspace: 9170K(9344K)->9170K(9344K) NonClass: 8247K(8320K)->8247K(8320K) Class: 922K(1024K)->922K(1024K)
[2021-11-07T21:56:17.108-0800][gc          ] GC(39) Pause Young (Normal) (G1 Evacuation Pause) 315M->9M(512M) 23.444ms
[2021-11-07T21:56:17.108-0800][gc,cpu      ] GC(39) User=0.02s Sys=0.02s Real=0.02s
[2021-11-08T10:15:35.367-0800][gc,start    ] GC(40) Pause Young (Normal) (G1 Evacuation Pause)
[2021-11-08T10:15:35.368-0800][gc,task     ] GC(40) Using 8 workers of 8 for evacuation
[2021-11-08T10:15:35.401-0800][gc,mmu      ] GC(40) MMU target violated: 21.0ms (20.0ms/21.0ms)
[2021-11-08T10:15:35.402-0800][gc,phases   ] GC(40)   Pre Evacuate Collection Set: 0.5ms
[2021-11-08T10:15:35.402-0800][gc,phases   ] GC(40)   Merge Heap Roots: 0.8ms
[2021-11-08T10:15:35.402-0800][gc,phases   ] GC(40)   Evacuate Collection Set: 13.6ms
[2021-11-08T10:15:35.402-0800][gc,phases   ] GC(40)   Post Evacuate Collection Set: 16.4ms
[2021-11-08T10:15:35.402-0800][gc,phases   ] GC(40)   Other: 4.9ms
[2021-11-08T10:15:35.402-0800][gc,heap     ] GC(40) Eden regions: 306->0(24)
[2021-11-08T10:15:35.402-0800][gc,heap     ] GC(40) Survivor regions: 1->1(39)
[2021-11-08T10:15:35.402-0800][gc,heap     ] GC(40) Old regions: 8->8
[2021-11-08T10:15:35.402-0800][gc,heap     ] GC(40) Archive regions: 2->2
[2021-11-08T10:15:35.402-0800][gc,heap     ] GC(40) Humongous regions: 0->0
[2021-11-08T10:15:35.402-0800][gc,metaspace] GC(40) Metaspace: 9170K(9344K)->9170K(9344K) NonClass: 8247K(8320K)->8247K(8320K) Class: 922K(1024K)->922K(1024K)
[2021-11-08T10:15:35.402-0800][gc          ] GC(40) Pause Young (Normal) (G1 Evacuation Pause) 315M->9M(512M) 36.098ms
[2021-11-08T10:15:35.402-0800][gc,cpu      ] GC(40) User=0.01s Sys=0.04s Real=0.04s
[2021-11-08T10:35:23.270-0800][gc,start    ] GC(41) Pause Young (Normal) (G1 Evacuation Pause)
[2021-11-08T10:35:23.271-0800][gc,task     ] GC(41) Using 8 workers of 8 for evacuation
[2021-11-08T10:35:23.288-0800][gc,phases   ] GC(41)   Pre Evacuate Collection Set: 0.6ms
[2021-11-08T10:35:23.288-0800][gc,phases   ] GC(41)   Merge Heap Roots: 0.2ms
[2021-11-08T10:35:23.288-0800][gc,phases   ] GC(41)   Evacuate Collection Set: 13.9ms
[2021-11-08T10:35:23.288-0800][gc,phases   ] GC(41)   Post Evacuate Collection Set: 1.8ms
[2021-11-08T10:35:23.288-0800][gc,phases   ] GC(41)   Other: 1.5ms
[2021-11-08T10:35:23.288-0800][gc,heap     ] GC(41) Eden regions: 24->0(193)
[2021-11-08T10:35:23.288-0800][gc,heap     ] GC(41) Survivor regions: 1->1(4)
[2021-11-08T10:35:23.288-0800][gc,heap     ] GC(41) Old regions: 8->8
[2021-11-08T10:35:23.288-0800][gc,heap     ] GC(41) Archive regions: 2->2
[2021-11-08T10:35:23.288-0800][gc,heap     ] GC(41) Humongous regions: 0->0
[2021-11-08T10:35:23.288-0800][gc,metaspace] GC(41) Metaspace: 9170K(9344K)->9170K(9344K) NonClass: 8247K(8320K)->8247K(8320K) Class: 922K(1024K)->922K(1024K)
[2021-11-08T10:35:23.288-0800][gc          ] GC(41) Pause Young (Normal) (G1 Evacuation Pause) 33M->9M(512M) 18.544ms
[2021-11-08T10:35:23.288-0800][gc,cpu      ] GC(41) User=0.01s Sys=0.02s Real=0.01s
[2021-11-08T13:20:55.107-0800][gc,start    ] GC(42) Pause Young (Normal) (G1 Evacuation Pause)
[2021-11-08T13:20:55.108-0800][gc,task     ] GC(42) Using 8 workers of 8 for evacuation
[2021-11-08T13:20:55.127-0800][gc,phases   ] GC(42)   Pre Evacuate Collection Set: 0.5ms
[2021-11-08T13:20:55.127-0800][gc,phases   ] GC(42)   Merge Heap Roots: 0.2ms
[2021-11-08T13:20:55.127-0800][gc,phases   ] GC(42)   Evacuate Collection Set: 11.0ms
[2021-11-08T13:20:55.127-0800][gc,phases   ] GC(42)   Post Evacuate Collection Set: 7.0ms
[2021-11-08T13:20:55.127-0800][gc,phases   ] GC(42)   Other: 1.5ms
[2021-11-08T13:20:55.127-0800][gc,heap     ] GC(42) Eden regions: 193->0(306)
[2021-11-08T13:20:55.127-0800][gc,heap     ] GC(42) Survivor regions: 1->1(25)
[2021-11-08T13:20:55.127-0800][gc,heap     ] GC(42) Old regions: 8->8
[2021-11-08T13:20:55.127-0800][gc,heap     ] GC(42) Archive regions: 2->2
[2021-11-08T13:20:55.127-0800][gc,heap     ] GC(42) Humongous regions: 0->0
[2021-11-08T13:20:55.127-0800][gc,metaspace] GC(42) Metaspace: 9170K(9344K)->9170K(9344K) NonClass: 8247K(8320K)->8247K(8320K) Class: 922K(1024K)->922K(1024K)
[2021-11-08T13:20:55.128-0800][gc          ] GC(42) Pause Young (Normal) (G1 Evacuation Pause) 202M->9M(512M) 20.523ms
[2021-11-08T13:20:55.128-0800][gc,cpu      ] GC(42) User=0.00s Sys=0.02s Real=0.02s
[2021-11-08T18:44:47.634-0800][gc,start    ] GC(43) Pause Young (Normal) (G1 Evacuation Pause)
[2021-11-08T18:44:47.635-0800][gc,task     ] GC(43) Using 8 workers of 8 for evacuation
[2021-11-08T18:44:47.661-0800][gc,mmu      ] GC(43) MMU target violated: 21.0ms (20.0ms/21.0ms)
[2021-11-08T18:44:47.661-0800][gc,phases   ] GC(43)   Pre Evacuate Collection Set: 0.4ms
[2021-11-08T18:44:47.661-0800][gc,phases   ] GC(43)   Merge Heap Roots: 0.4ms
[2021-11-08T18:44:47.662-0800][gc,phases   ] GC(43)   Evacuate Collection Set: 13.1ms
[2021-11-08T18:44:47.662-0800][gc,phases   ] GC(43)   Post Evacuate Collection Set: 11.7ms
[2021-11-08T18:44:47.662-0800][gc,phases   ] GC(43)   Other: 1.9ms
[2021-11-08T18:44:47.662-0800][gc,heap     ] GC(43) Eden regions: 306->0(231)
[2021-11-08T18:44:47.662-0800][gc,heap     ] GC(43) Survivor regions: 1->1(39)
[2021-11-08T18:44:47.662-0800][gc,heap     ] GC(43) Old regions: 8->8
[2021-11-08T18:44:47.662-0800][gc,heap     ] GC(43) Archive regions: 2->2
[2021-11-08T18:44:47.662-0800][gc,heap     ] GC(43) Humongous regions: 0->0
[2021-11-08T18:44:47.662-0800][gc,metaspace] GC(43) Metaspace: 9174K(9344K)->9174K(9344K) NonClass: 8252K(8320K)->8252K(8320K) Class: 922K(1024K)->922K(1024K)
[2021-11-08T18:44:47.662-0800][gc          ] GC(43) Pause Young (Normal) (G1 Evacuation Pause) 315M->9M(512M) 27.721ms
[2021-11-08T18:44:47.663-0800][gc,cpu      ] GC(43) User=0.02s Sys=0.06s Real=0.03s
[2021-11-08T20:23:13.509-0800][gc,start    ] GC(44) Pause Young (Normal) (G1 Evacuation Pause)
[2021-11-08T20:23:13.510-0800][gc,task     ] GC(44) Using 8 workers of 8 for evacuation
[2021-11-08T20:23:13.535-0800][gc,mmu      ] GC(44) MMU target violated: 21.0ms (20.0ms/21.0ms)
[2021-11-08T20:23:13.535-0800][gc,phases   ] GC(44)   Pre Evacuate Collection Set: 0.3ms
[2021-11-08T20:23:13.535-0800][gc,phases   ] GC(44)   Merge Heap Roots: 0.1ms
[2021-11-08T20:23:13.535-0800][gc,phases   ] GC(44)   Evacuate Collection Set: 14.3ms
[2021-11-08T20:23:13.535-0800][gc,phases   ] GC(44)   Post Evacuate Collection Set: 10.0ms
[2021-11-08T20:23:13.535-0800][gc,phases   ] GC(44)   Other: 1.7ms
[2021-11-08T20:23:13.535-0800][gc,heap     ] GC(44) Eden regions: 231->0(24)
[2021-11-08T20:23:13.535-0800][gc,heap     ] GC(44) Survivor regions: 1->1(29)
[2021-11-08T20:23:13.535-0800][gc,heap     ] GC(44) Old regions: 8->8
[2021-11-08T20:23:13.535-0800][gc,heap     ] GC(44) Archive regions: 2->2
[2021-11-08T20:23:13.535-0800][gc,heap     ] GC(44) Humongous regions: 0->0
[2021-11-08T20:23:13.535-0800][gc,metaspace] GC(44) Metaspace: 9187K(9344K)->9187K(9344K) NonClass: 8265K(8320K)->8265K(8320K) Class: 922K(1024K)->922K(1024K)
[2021-11-08T20:23:13.535-0800][gc          ] GC(44) Pause Young (Normal) (G1 Evacuation Pause) 240M->9M(512M) 26.676ms
[2021-11-08T20:23:13.536-0800][gc,cpu      ] GC(44) User=0.01s Sys=0.04s Real=0.03s
[2021-11-08T20:36:20.066-0800][gc,start    ] GC(45) Pause Young (Normal) (G1 Evacuation Pause)
[2021-11-08T20:36:20.067-0800][gc,task     ] GC(45) Using 8 workers of 8 for evacuation
[2021-11-08T20:36:20.077-0800][gc,phases   ] GC(45)   Pre Evacuate Collection Set: 0.6ms
[2021-11-08T20:36:20.077-0800][gc,phases   ] GC(45)   Merge Heap Roots: 0.2ms
[2021-11-08T20:36:20.077-0800][gc,phases   ] GC(45)   Evacuate Collection Set: 7.1ms
[2021-11-08T20:36:20.077-0800][gc,phases   ] GC(45)   Post Evacuate Collection Set: 1.3ms
[2021-11-08T20:36:20.077-0800][gc,phases   ] GC(45)   Other: 1.9ms
[2021-11-08T20:36:20.077-0800][gc,heap     ] GC(45) Eden regions: 24->0(306)
[2021-11-08T20:36:20.077-0800][gc,heap     ] GC(45) Survivor regions: 1->1(4)
[2021-11-08T20:36:20.077-0800][gc,heap     ] GC(45) Old regions: 8->8
[2021-11-08T20:36:20.077-0800][gc,heap     ] GC(45) Archive regions: 2->2
[2021-11-08T20:36:20.077-0800][gc,heap     ] GC(45) Humongous regions: 0->0
[2021-11-08T20:36:20.077-0800][gc,metaspace] GC(45) Metaspace: 9187K(9344K)->9187K(9344K) NonClass: 8265K(8320K)->8265K(8320K) Class: 922K(1024K)->922K(1024K)
[2021-11-08T20:36:20.077-0800][gc          ] GC(45) Pause Young (Normal) (G1 Evacuation Pause) 33M->9M(512M) 11.447ms
[2021-11-08T20:36:20.077-0800][gc,cpu      ] GC(45) User=0.01s Sys=0.03s Real=0.01s
[2021-11-08T23:47:35.850-0800][gc,start    ] GC(46) Pause Young (Normal) (G1 Evacuation Pause)
[2021-11-08T23:47:35.852-0800][gc,task     ] GC(46) Using 8 workers of 8 for evacuation
[2021-11-08T23:47:35.898-0800][gc,mmu      ] GC(46) MMU target violated: 21.0ms (20.0ms/21.0ms)
[2021-11-08T23:47:35.898-0800][gc,phases   ] GC(46)   Pre Evacuate Collection Set: 1.1ms
[2021-11-08T23:47:35.898-0800][gc,phases   ] GC(46)   Merge Heap Roots: 0.3ms
[2021-11-08T23:47:35.898-0800][gc,phases   ] GC(46)   Evacuate Collection Set: 20.4ms
[2021-11-08T23:47:35.898-0800][gc,phases   ] GC(46)   Post Evacuate Collection Set: 23.8ms
[2021-11-08T23:47:35.898-0800][gc,phases   ] GC(46)   Other: 2.6ms
[2021-11-08T23:47:35.898-0800][gc,heap     ] GC(46) Eden regions: 306->0(24)
[2021-11-08T23:47:35.898-0800][gc,heap     ] GC(46) Survivor regions: 1->1(39)
[2021-11-08T23:47:35.898-0800][gc,heap     ] GC(46) Old regions: 8->8
[2021-11-08T23:47:35.898-0800][gc,heap     ] GC(46) Archive regions: 2->2
[2021-11-08T23:47:35.898-0800][gc,heap     ] GC(46) Humongous regions: 0->0
[2021-11-08T23:47:35.898-0800][gc,metaspace] GC(46) Metaspace: 9187K(9344K)->9187K(9344K) NonClass: 8265K(8320K)->8265K(8320K) Class: 922K(1024K)->922K(1024K)
[2021-11-08T23:47:35.898-0800][gc          ] GC(46) Pause Young (Normal) (G1 Evacuation Pause) 315M->9M(512M) 48.030ms
[2021-11-08T23:47:35.898-0800][gc,cpu      ] GC(46) User=0.02s Sys=0.08s Real=0.04s
[2021-11-08T23:55:58.654-0800][gc,start    ] GC(47) Pause Young (Normal) (G1 Evacuation Pause)
[2021-11-08T23:55:58.654-0800][gc,task     ] GC(47) Using 8 workers of 8 for evacuation
[2021-11-08T23:55:58.675-0800][gc,mmu      ] GC(47) MMU target violated: 20.4ms (20.0ms/21.0ms)
[2021-11-08T23:55:58.675-0800][gc,phases   ] GC(47)   Pre Evacuate Collection Set: 0.6ms
[2021-11-08T23:55:58.675-0800][gc,phases   ] GC(47)   Merge Heap Roots: 0.2ms
[2021-11-08T23:55:58.675-0800][gc,phases   ] GC(47)   Evacuate Collection Set: 18.4ms
[2021-11-08T23:55:58.675-0800][gc,phases   ] GC(47)   Post Evacuate Collection Set: 1.3ms
[2021-11-08T23:55:58.675-0800][gc,phases   ] GC(47)   Other: 1.0ms
[2021-11-08T23:55:58.675-0800][gc,heap     ] GC(47) Eden regions: 24->0(24)
[2021-11-08T23:55:58.675-0800][gc,heap     ] GC(47) Survivor regions: 1->1(4)
[2021-11-08T23:55:58.675-0800][gc,heap     ] GC(47) Old regions: 8->8
[2021-11-08T23:55:58.675-0800][gc,heap     ] GC(47) Archive regions: 2->2
[2021-11-08T23:55:58.676-0800][gc,heap     ] GC(47) Humongous regions: 0->0
[2021-11-08T23:55:58.676-0800][gc,metaspace] GC(47) Metaspace: 9187K(9344K)->9187K(9344K) NonClass: 8265K(8320K)->8265K(8320K) Class: 922K(1024K)->922K(1024K)
[2021-11-08T23:55:58.676-0800][gc          ] GC(47) Pause Young (Normal) (G1 Evacuation Pause) 33M->9M(512M) 21.783ms
[2021-11-08T23:55:58.676-0800][gc,cpu      ] GC(47) User=0.01s Sys=0.02s Real=0.02s
[2021-11-09T09:07:58.832-0800][gc,start    ] GC(48) Pause Young (Normal) (G1 Evacuation Pause)
[2021-11-09T09:07:58.833-0800][gc,task     ] GC(48) Using 8 workers of 8 for evacuation
[2021-11-09T09:07:58.866-0800][gc,mmu      ] GC(48) MMU target violated: 21.0ms (20.0ms/21.0ms)
[2021-11-09T09:07:58.866-0800][gc,phases   ] GC(48)   Pre Evacuate Collection Set: 0.7ms
[2021-11-09T09:07:58.866-0800][gc,phases   ] GC(48)   Merge Heap Roots: 0.1ms
[2021-11-09T09:07:58.866-0800][gc,phases   ] GC(48)   Evacuate Collection Set: 10.0ms
[2021-11-09T09:07:58.866-0800][gc,phases   ] GC(48)   Post Evacuate Collection Set: 21.4ms
[2021-11-09T09:07:58.866-0800][gc,phases   ] GC(48)   Other: 1.8ms
[2021-11-09T09:07:58.866-0800][gc,heap     ] GC(48) Eden regions: 24->0(24)
[2021-11-09T09:07:58.866-0800][gc,heap     ] GC(48) Survivor regions: 1->1(4)
[2021-11-09T09:07:58.866-0800][gc,heap     ] GC(48) Old regions: 8->8
[2021-11-09T09:07:58.866-0800][gc,heap     ] GC(48) Archive regions: 2->2
[2021-11-09T09:07:58.866-0800][gc,heap     ] GC(48) Humongous regions: 0->0
[2021-11-09T09:07:58.866-0800][gc,metaspace] GC(48) Metaspace: 9187K(9344K)->9187K(9344K) NonClass: 8265K(8320K)->8265K(8320K) Class: 922K(1024K)->922K(1024K)
[2021-11-09T09:07:58.866-0800][gc          ] GC(48) Pause Young (Normal) (G1 Evacuation Pause) 33M->9M(512M) 33.666ms
[2021-11-09T09:07:58.866-0800][gc,cpu      ] GC(48) User=0.01s Sys=0.02s Real=0.03s
[2021-11-09T09:25:05.148-0800][gc,start    ] GC(49) Pause Young (Normal) (G1 Evacuation Pause)
[2021-11-09T09:25:05.149-0800][gc,task     ] GC(49) Using 8 workers of 8 for evacuation
[2021-11-09T09:25:05.160-0800][gc,phases   ] GC(49)   Pre Evacuate Collection Set: 1.1ms
[2021-11-09T09:25:05.160-0800][gc,phases   ] GC(49)   Merge Heap Roots: 0.1ms
[2021-11-09T09:25:05.160-0800][gc,phases   ] GC(49)   Evacuate Collection Set: 7.5ms
[2021-11-09T09:25:05.160-0800][gc,phases   ] GC(49)   Post Evacuate Collection Set: 1.2ms
[2021-11-09T09:25:05.160-0800][gc,phases   ] GC(49)   Other: 1.3ms
[2021-11-09T09:25:05.160-0800][gc,heap     ] GC(49) Eden regions: 24->0(24)
[2021-11-09T09:25:05.160-0800][gc,heap     ] GC(49) Survivor regions: 1->1(4)
[2021-11-09T09:25:05.160-0800][gc,heap     ] GC(49) Old regions: 8->8
[2021-11-09T09:25:05.160-0800][gc,heap     ] GC(49) Archive regions: 2->2
[2021-11-09T09:25:05.160-0800][gc,heap     ] GC(49) Humongous regions: 0->0
[2021-11-09T09:25:05.160-0800][gc,metaspace] GC(49) Metaspace: 9187K(9344K)->9187K(9344K) NonClass: 8265K(8320K)->8265K(8320K) Class: 922K(1024K)->922K(1024K)
[2021-11-09T09:25:05.160-0800][gc          ] GC(49) Pause Young (Normal) (G1 Evacuation Pause) 33M->9M(512M) 12.069ms
[2021-11-09T09:25:05.161-0800][gc,cpu      ] GC(49) User=0.01s Sys=0.02s Real=0.02s
[2021-11-09T09:42:32.285-0800][gc,start    ] GC(50) Pause Young (Normal) (G1 Evacuation Pause)
[2021-11-09T09:42:32.286-0800][gc,task     ] GC(50) Using 8 workers of 8 for evacuation
[2021-11-09T09:42:32.305-0800][gc,phases   ] GC(50)   Pre Evacuate Collection Set: 1.0ms
[2021-11-09T09:42:32.305-0800][gc,phases   ] GC(50)   Merge Heap Roots: 0.2ms
[2021-11-09T09:42:32.305-0800][gc,phases   ] GC(50)   Evacuate Collection Set: 15.6ms
[2021-11-09T09:42:32.305-0800][gc,phases   ] GC(50)   Post Evacuate Collection Set: 1.3ms
[2021-11-09T09:42:32.305-0800][gc,phases   ] GC(50)   Other: 2.5ms
[2021-11-09T09:42:32.305-0800][gc,heap     ] GC(50) Eden regions: 24->0(132)
[2021-11-09T09:42:32.305-0800][gc,heap     ] GC(50) Survivor regions: 1->1(4)
[2021-11-09T09:42:32.305-0800][gc,heap     ] GC(50) Old regions: 8->8
[2021-11-09T09:42:32.305-0800][gc,heap     ] GC(50) Archive regions: 2->2
[2021-11-09T09:42:32.305-0800][gc,heap     ] GC(50) Humongous regions: 0->0
[2021-11-09T09:42:32.305-0800][gc,metaspace] GC(50) Metaspace: 9187K(9344K)->9187K(9344K) NonClass: 8265K(8320K)->8265K(8320K) Class: 922K(1024K)->922K(1024K)
[2021-11-09T09:42:32.305-0800][gc          ] GC(50) Pause Young (Normal) (G1 Evacuation Pause) 33M->9M(512M) 20.002ms
[2021-11-09T09:42:32.305-0800][gc,cpu      ] GC(50) User=0.01s Sys=0.02s Real=0.02s
[2021-11-09T12:20:47.327-0800][gc,start    ] GC(51) Pause Young (Normal) (G1 Evacuation Pause)
[2021-11-09T12:20:47.328-0800][gc,task     ] GC(51) Using 8 workers of 8 for evacuation
[2021-11-09T12:20:47.409-0800][gc,mmu      ] GC(51) MMU target violated: 21.0ms (20.0ms/21.0ms)
[2021-11-09T12:20:47.410-0800][gc,phases   ] GC(51)   Pre Evacuate Collection Set: 2.0ms
[2021-11-09T12:20:47.410-0800][gc,phases   ] GC(51)   Merge Heap Roots: 0.3ms
[2021-11-09T12:20:47.410-0800][gc,phases   ] GC(51)   Evacuate Collection Set: 30.5ms
[2021-11-09T12:20:47.410-0800][gc,phases   ] GC(51)   Post Evacuate Collection Set: 48.3ms
[2021-11-09T12:20:47.410-0800][gc,phases   ] GC(51)   Other: 2.0ms
[2021-11-09T12:20:47.410-0800][gc,heap     ] GC(51) Eden regions: 132->0(24)
[2021-11-09T12:20:47.410-0800][gc,heap     ] GC(51) Survivor regions: 1->1(17)
[2021-11-09T12:20:47.410-0800][gc,heap     ] GC(51) Old regions: 8->8
[2021-11-09T12:20:47.410-0800][gc,heap     ] GC(51) Archive regions: 2->2
[2021-11-09T12:20:47.410-0800][gc,heap     ] GC(51) Humongous regions: 0->0
[2021-11-09T12:20:47.410-0800][gc,metaspace] GC(51) Metaspace: 9192K(9408K)->9192K(9408K) NonClass: 8270K(8384K)->8270K(8384K) Class: 922K(1024K)->922K(1024K)
[2021-11-09T12:20:47.411-0800][gc          ] GC(51) Pause Young (Normal) (G1 Evacuation Pause) 141M->9M(512M) 83.028ms
[2021-11-09T12:20:47.411-0800][gc,cpu      ] GC(51) User=0.01s Sys=0.06s Real=0.09s
[2021-11-09T12:38:23.830-0800][gc,start    ] GC(52) Pause Young (Normal) (G1 Evacuation Pause)
[2021-11-09T12:38:23.831-0800][gc,task     ] GC(52) Using 8 workers of 8 for evacuation
[2021-11-09T12:38:23.860-0800][gc,mmu      ] GC(52) MMU target violated: 21.0ms (20.0ms/21.0ms)
[2021-11-09T12:38:23.860-0800][gc,phases   ] GC(52)   Pre Evacuate Collection Set: 1.3ms
[2021-11-09T12:38:23.860-0800][gc,phases   ] GC(52)   Merge Heap Roots: 0.2ms
[2021-11-09T12:38:23.860-0800][gc,phases   ] GC(52)   Evacuate Collection Set: 25.6ms
[2021-11-09T12:38:23.860-0800][gc,phases   ] GC(52)   Post Evacuate Collection Set: 1.5ms
[2021-11-09T12:38:23.860-0800][gc,phases   ] GC(52)   Other: 1.6ms
[2021-11-09T12:38:23.860-0800][gc,heap     ] GC(52) Eden regions: 24->0(24)
[2021-11-09T12:38:23.861-0800][gc,heap     ] GC(52) Survivor regions: 1->1(4)
[2021-11-09T12:38:23.861-0800][gc,heap     ] GC(52) Old regions: 8->8
[2021-11-09T12:38:23.861-0800][gc,heap     ] GC(52) Archive regions: 2->2
[2021-11-09T12:38:23.861-0800][gc,heap     ] GC(52) Humongous regions: 0->0
[2021-11-09T12:38:23.861-0800][gc,metaspace] GC(52) Metaspace: 9194K(9408K)->9194K(9408K) NonClass: 8271K(8384K)->8271K(8384K) Class: 922K(1024K)->922K(1024K)
[2021-11-09T12:38:23.861-0800][gc          ] GC(52) Pause Young (Normal) (G1 Evacuation Pause) 33M->9M(512M) 30.402ms
[2021-11-09T12:38:23.861-0800][gc,cpu      ] GC(52) User=0.01s Sys=0.03s Real=0.03s
[2021-11-09T12:59:00.881-0800][gc,start    ] GC(53) Pause Young (Normal) (G1 Evacuation Pause)
[2021-11-09T12:59:00.882-0800][gc,task     ] GC(53) Using 8 workers of 8 for evacuation
[2021-11-09T12:59:00.898-0800][gc,phases   ] GC(53)   Pre Evacuate Collection Set: 3.1ms
[2021-11-09T12:59:00.898-0800][gc,phases   ] GC(53)   Merge Heap Roots: 0.4ms
[2021-11-09T12:59:00.898-0800][gc,phases   ] GC(53)   Evacuate Collection Set: 11.5ms
[2021-11-09T12:59:00.898-0800][gc,phases   ] GC(53)   Post Evacuate Collection Set: 1.2ms
[2021-11-09T12:59:00.898-0800][gc,phases   ] GC(53)   Other: 1.3ms
[2021-11-09T12:59:00.898-0800][gc,heap     ] GC(53) Eden regions: 24->0(24)
[2021-11-09T12:59:00.898-0800][gc,heap     ] GC(53) Survivor regions: 1->1(4)
[2021-11-09T12:59:00.898-0800][gc,heap     ] GC(53) Old regions: 8->8
[2021-11-09T12:59:00.898-0800][gc,heap     ] GC(53) Archive regions: 2->2
[2021-11-09T12:59:00.898-0800][gc,heap     ] GC(53) Humongous regions: 0->0
[2021-11-09T12:59:00.898-0800][gc,metaspace] GC(53) Metaspace: 9194K(9408K)->9194K(9408K) NonClass: 8271K(8384K)->8271K(8384K) Class: 922K(1024K)->922K(1024K)
[2021-11-09T12:59:00.899-0800][gc          ] GC(53) Pause Young (Normal) (G1 Evacuation Pause) 33M->9M(512M) 17.688ms
[2021-11-09T12:59:00.899-0800][gc,cpu      ] GC(53) User=0.00s Sys=0.03s Real=0.01s
[2021-11-09T13:19:39.928-0800][gc,start    ] GC(54) Pause Young (Normal) (G1 Evacuation Pause)
[2021-11-09T13:19:39.928-0800][gc,task     ] GC(54) Using 8 workers of 8 for evacuation
[2021-11-09T13:19:39.946-0800][gc,phases   ] GC(54)   Pre Evacuate Collection Set: 1.1ms
[2021-11-09T13:19:39.946-0800][gc,phases   ] GC(54)   Merge Heap Roots: 0.2ms
[2021-11-09T13:19:39.946-0800][gc,phases   ] GC(54)   Evacuate Collection Set: 14.0ms
[2021-11-09T13:19:39.946-0800][gc,phases   ] GC(54)   Post Evacuate Collection Set: 1.6ms
[2021-11-09T13:19:39.946-0800][gc,phases   ] GC(54)   Other: 1.4ms
[2021-11-09T13:19:39.946-0800][gc,heap     ] GC(54) Eden regions: 24->0(24)
[2021-11-09T13:19:39.946-0800][gc,heap     ] GC(54) Survivor regions: 1->1(4)
[2021-11-09T13:19:39.946-0800][gc,heap     ] GC(54) Old regions: 8->8
[2021-11-09T13:19:39.946-0800][gc,heap     ] GC(54) Archive regions: 2->2
[2021-11-09T13:19:39.946-0800][gc,heap     ] GC(54) Humongous regions: 0->0
[2021-11-09T13:19:39.946-0800][gc,metaspace] GC(54) Metaspace: 9194K(9408K)->9194K(9408K) NonClass: 8271K(8384K)->8271K(8384K) Class: 922K(1024K)->922K(1024K)
[2021-11-09T13:19:39.946-0800][gc          ] GC(54) Pause Young (Normal) (G1 Evacuation Pause) 33M->9M(512M) 18.579ms
[2021-11-09T13:19:39.946-0800][gc,cpu      ] GC(54) User=0.01s Sys=0.02s Real=0.02s
[2021-11-09T13:40:14.846-0800][gc,start    ] GC(55) Pause Young (Normal) (G1 Evacuation Pause)
[2021-11-09T13:40:14.847-0800][gc,task     ] GC(55) Using 8 workers of 8 for evacuation
[2021-11-09T13:40:14.860-0800][gc,phases   ] GC(55)   Pre Evacuate Collection Set: 0.8ms
[2021-11-09T13:40:14.860-0800][gc,phases   ] GC(55)   Merge Heap Roots: 0.2ms
[2021-11-09T13:40:14.860-0800][gc,phases   ] GC(55)   Evacuate Collection Set: 10.9ms
[2021-11-09T13:40:14.861-0800][gc,phases   ] GC(55)   Post Evacuate Collection Set: 1.2ms
[2021-11-09T13:40:14.861-0800][gc,phases   ] GC(55)   Other: 1.4ms
[2021-11-09T13:40:14.861-0800][gc,heap     ] GC(55) Eden regions: 24->0(24)
[2021-11-09T13:40:14.861-0800][gc,heap     ] GC(55) Survivor regions: 1->1(4)
[2021-11-09T13:40:14.861-0800][gc,heap     ] GC(55) Old regions: 8->8
[2021-11-09T13:40:14.861-0800][gc,heap     ] GC(55) Archive regions: 2->2
[2021-11-09T13:40:14.861-0800][gc,heap     ] GC(55) Humongous regions: 0->0
[2021-11-09T13:40:14.861-0800][gc,metaspace] GC(55) Metaspace: 9194K(9408K)->9194K(9408K) NonClass: 8271K(8384K)->8271K(8384K) Class: 922K(1024K)->922K(1024K)
[2021-11-09T13:40:14.861-0800][gc          ] GC(55) Pause Young (Normal) (G1 Evacuation Pause) 33M->9M(512M) 14.667ms
[2021-11-09T13:40:14.861-0800][gc,cpu      ] GC(55) User=0.01s Sys=0.02s Real=0.02s
[2021-11-09T14:00:48.530-0800][gc,start    ] GC(56) Pause Young (Normal) (G1 Evacuation Pause)
[2021-11-09T14:00:48.530-0800][gc,task     ] GC(56) Using 8 workers of 8 for evacuation
[2021-11-09T14:00:48.550-0800][gc,phases   ] GC(56)   Pre Evacuate Collection Set: 0.5ms
[2021-11-09T14:00:48.550-0800][gc,phases   ] GC(56)   Merge Heap Roots: 0.1ms
[2021-11-09T14:00:48.550-0800][gc,phases   ] GC(56)   Evacuate Collection Set: 17.8ms
[2021-11-09T14:00:48.550-0800][gc,phases   ] GC(56)   Post Evacuate Collection Set: 1.3ms
[2021-11-09T14:00:48.551-0800][gc,phases   ] GC(56)   Other: 0.9ms
[2021-11-09T14:00:48.551-0800][gc,heap     ] GC(56) Eden regions: 24->0(306)
[2021-11-09T14:00:48.551-0800][gc,heap     ] GC(56) Survivor regions: 1->1(4)
[2021-11-09T14:00:48.551-0800][gc,heap     ] GC(56) Old regions: 8->8
[2021-11-09T14:00:48.551-0800][gc,heap     ] GC(56) Archive regions: 2->2
[2021-11-09T14:00:48.551-0800][gc,heap     ] GC(56) Humongous regions: 0->0
[2021-11-09T14:00:48.551-0800][gc,metaspace] GC(56) Metaspace: 9194K(9408K)->9194K(9408K) NonClass: 8271K(8384K)->8271K(8384K) Class: 922K(1024K)->922K(1024K)
[2021-11-09T14:00:48.551-0800][gc          ] GC(56) Pause Young (Normal) (G1 Evacuation Pause) 33M->9M(512M) 21.030ms
[2021-11-09T14:00:48.551-0800][gc,cpu      ] GC(56) User=0.02s Sys=0.02s Real=0.02s
[2021-11-09T17:27:56.396-0800][gc,start    ] GC(57) Pause Young (Normal) (G1 Evacuation Pause)
[2021-11-09T17:27:56.396-0800][gc,task     ] GC(57) Using 8 workers of 8 for evacuation
[2021-11-09T17:27:56.555-0800][gc,mmu      ] GC(57) MMU target violated: 21.0ms (20.0ms/21.0ms)
[2021-11-09T17:27:56.555-0800][gc,phases   ] GC(57)   Pre Evacuate Collection Set: 2.2ms
[2021-11-09T17:27:56.555-0800][gc,phases   ] GC(57)   Merge Heap Roots: 0.7ms
[2021-11-09T17:27:56.555-0800][gc,phases   ] GC(57)   Evacuate Collection Set: 34.1ms
[2021-11-09T17:27:56.555-0800][gc,phases   ] GC(57)   Post Evacuate Collection Set: 120.3ms
[2021-11-09T17:27:56.555-0800][gc,phases   ] GC(57)   Other: 2.2ms
[2021-11-09T17:27:56.555-0800][gc,heap     ] GC(57) Eden regions: 306->0(24)
[2021-11-09T17:27:56.555-0800][gc,heap     ] GC(57) Survivor regions: 1->1(39)
[2021-11-09T17:27:56.555-0800][gc,heap     ] GC(57) Old regions: 8->8
[2021-11-09T17:27:56.555-0800][gc,heap     ] GC(57) Archive regions: 2->2
[2021-11-09T17:27:56.555-0800][gc,heap     ] GC(57) Humongous regions: 0->0
[2021-11-09T17:27:56.555-0800][gc,metaspace] GC(57) Metaspace: 9194K(9408K)->9194K(9408K) NonClass: 8271K(8384K)->8271K(8384K) Class: 922K(1024K)->922K(1024K)
[2021-11-09T17:27:56.555-0800][gc          ] GC(57) Pause Young (Normal) (G1 Evacuation Pause) 315M->9M(512M) 159.073ms
[2021-11-09T17:27:56.555-0800][gc,cpu      ] GC(57) User=0.00s Sys=0.06s Real=0.16s
[2021-11-09T18:19:03.622-0800][gc,start    ] GC(58) Pause Young (Normal) (G1 Evacuation Pause)
[2021-11-09T18:19:03.625-0800][gc,task     ] GC(58) Using 8 workers of 8 for evacuation
[2021-11-09T18:19:03.657-0800][gc,mmu      ] GC(58) MMU target violated: 21.0ms (20.0ms/21.0ms)
[2021-11-09T18:19:03.659-0800][gc,phases   ] GC(58)   Pre Evacuate Collection Set: 1.5ms
[2021-11-09T18:19:03.659-0800][gc,phases   ] GC(58)   Merge Heap Roots: 0.2ms
[2021-11-09T18:19:03.659-0800][gc,phases   ] GC(58)   Evacuate Collection Set: 23.3ms
[2021-11-09T18:19:03.659-0800][gc,phases   ] GC(58)   Post Evacuate Collection Set: 5.0ms
[2021-11-09T18:19:03.661-0800][gc,phases   ] GC(58)   Other: 8.3ms
[2021-11-09T18:19:03.661-0800][gc,heap     ] GC(58) Eden regions: 24->0(24)
[2021-11-09T18:19:03.661-0800][gc,heap     ] GC(58) Survivor regions: 1->1(4)
[2021-11-09T18:19:03.661-0800][gc,heap     ] GC(58) Old regions: 8->8
[2021-11-09T18:19:03.661-0800][gc,heap     ] GC(58) Archive regions: 2->2
[2021-11-09T18:19:03.661-0800][gc,heap     ] GC(58) Humongous regions: 0->0
[2021-11-09T18:19:03.661-0800][gc,metaspace] GC(58) Metaspace: 9194K(9408K)->9194K(9408K) NonClass: 8271K(8384K)->8271K(8384K) Class: 922K(1024K)->922K(1024K)
[2021-11-09T18:19:03.662-0800][gc          ] GC(58) Pause Young (Normal) (G1 Evacuation Pause) 33M->9M(512M) 40.520ms
[2021-11-09T18:19:03.662-0800][gc,cpu      ] GC(58) User=0.01s Sys=0.05s Real=0.04s
[2021-11-09T18:36:18.688-0800][gc,start    ] GC(59) Pause Young (Normal) (G1 Evacuation Pause)
[2021-11-09T18:36:18.689-0800][gc,task     ] GC(59) Using 8 workers of 8 for evacuation
[2021-11-09T18:36:18.715-0800][gc,mmu      ] GC(59) MMU target violated: 21.0ms (20.0ms/21.0ms)
[2021-11-09T18:36:18.715-0800][gc,phases   ] GC(59)   Pre Evacuate Collection Set: 1.4ms
[2021-11-09T18:36:18.715-0800][gc,phases   ] GC(59)   Merge Heap Roots: 0.5ms
[2021-11-09T18:36:18.715-0800][gc,phases   ] GC(59)   Evacuate Collection Set: 21.1ms
[2021-11-09T18:36:18.715-0800][gc,phases   ] GC(59)   Post Evacuate Collection Set: 1.6ms
[2021-11-09T18:36:18.715-0800][gc,phases   ] GC(59)   Other: 2.3ms
[2021-11-09T18:36:18.715-0800][gc,heap     ] GC(59) Eden regions: 24->0(24)
[2021-11-09T18:36:18.715-0800][gc,heap     ] GC(59) Survivor regions: 1->1(4)
[2021-11-09T18:36:18.715-0800][gc,heap     ] GC(59) Old regions: 8->8
[2021-11-09T18:36:18.715-0800][gc,heap     ] GC(59) Archive regions: 2->2
[2021-11-09T18:36:18.715-0800][gc,heap     ] GC(59) Humongous regions: 0->0
[2021-11-09T18:36:18.715-0800][gc,metaspace] GC(59) Metaspace: 9194K(9408K)->9194K(9408K) NonClass: 8271K(8384K)->8271K(8384K) Class: 922K(1024K)->922K(1024K)
[2021-11-09T18:36:18.715-0800][gc          ] GC(59) Pause Young (Normal) (G1 Evacuation Pause) 33M->9M(512M) 27.001ms
[2021-11-09T18:36:18.715-0800][gc,cpu      ] GC(59) User=0.01s Sys=0.03s Real=0.03s
[2021-11-09T18:49:23.086-0800][gc,start    ] GC(60) Pause Young (Normal) (G1 Evacuation Pause)
[2021-11-09T18:49:23.086-0800][gc,task     ] GC(60) Using 8 workers of 8 for evacuation
[2021-11-09T18:49:23.096-0800][gc,phases   ] GC(60)   Pre Evacuate Collection Set: 0.3ms
[2021-11-09T18:49:23.096-0800][gc,phases   ] GC(60)   Merge Heap Roots: 0.1ms
[2021-11-09T18:49:23.096-0800][gc,phases   ] GC(60)   Evacuate Collection Set: 4.8ms
[2021-11-09T18:49:23.096-0800][gc,phases   ] GC(60)   Post Evacuate Collection Set: 4.4ms
[2021-11-09T18:49:23.096-0800][gc,phases   ] GC(60)   Other: 0.9ms
[2021-11-09T18:49:23.096-0800][gc,heap     ] GC(60) Eden regions: 24->0(24)
[2021-11-09T18:49:23.096-0800][gc,heap     ] GC(60) Survivor regions: 1->1(4)
[2021-11-09T18:49:23.096-0800][gc,heap     ] GC(60) Old regions: 8->8
[2021-11-09T18:49:23.096-0800][gc,heap     ] GC(60) Archive regions: 2->2
[2021-11-09T18:49:23.096-0800][gc,heap     ] GC(60) Humongous regions: 0->0
[2021-11-09T18:49:23.096-0800][gc,metaspace] GC(60) Metaspace: 9194K(9408K)->9194K(9408K) NonClass: 8271K(8384K)->8271K(8384K) Class: 922K(1024K)->922K(1024K)
[2021-11-09T18:49:23.096-0800][gc          ] GC(60) Pause Young (Normal) (G1 Evacuation Pause) 33M->9M(512M) 10.118ms
[2021-11-09T18:49:23.096-0800][gc,cpu      ] GC(60) User=0.01s Sys=0.01s Real=0.01s
[2021-11-09T18:57:13.246-0800][gc,start    ] GC(61) Pause Young (Normal) (G1 Evacuation Pause)
[2021-11-09T18:57:13.246-0800][gc,task     ] GC(61) Using 8 workers of 8 for evacuation
[2021-11-09T18:57:13.255-0800][gc,phases   ] GC(61)   Pre Evacuate Collection Set: 0.4ms
[2021-11-09T18:57:13.255-0800][gc,phases   ] GC(61)   Merge Heap Roots: 0.2ms
[2021-11-09T18:57:13.255-0800][gc,phases   ] GC(61)   Evacuate Collection Set: 7.1ms
[2021-11-09T18:57:13.255-0800][gc,phases   ] GC(61)   Post Evacuate Collection Set: 0.8ms
[2021-11-09T18:57:13.255-0800][gc,phases   ] GC(61)   Other: 1.0ms
[2021-11-09T18:57:13.255-0800][gc,heap     ] GC(61) Eden regions: 24->0(24)
[2021-11-09T18:57:13.255-0800][gc,heap     ] GC(61) Survivor regions: 1->1(4)
[2021-11-09T18:57:13.255-0800][gc,heap     ] GC(61) Old regions: 8->8
[2021-11-09T18:57:13.255-0800][gc,heap     ] GC(61) Archive regions: 2->2
[2021-11-09T18:57:13.255-0800][gc,heap     ] GC(61) Humongous regions: 0->0
[2021-11-09T18:57:13.255-0800][gc,metaspace] GC(61) Metaspace: 9194K(9408K)->9194K(9408K) NonClass: 8271K(8384K)->8271K(8384K) Class: 922K(1024K)->922K(1024K)
[2021-11-09T18:57:13.255-0800][gc          ] GC(61) Pause Young (Normal) (G1 Evacuation Pause) 33M->9M(512M) 9.613ms
[2021-11-09T18:57:13.255-0800][gc,cpu      ] GC(61) User=0.00s Sys=0.02s Real=0.01s
[2021-11-09T19:05:10.064-0800][gc,start    ] GC(62) Pause Young (Normal) (G1 Evacuation Pause)
[2021-11-09T19:05:10.065-0800][gc,task     ] GC(62) Using 8 workers of 8 for evacuation
[2021-11-09T19:05:10.077-0800][gc,phases   ] GC(62)   Pre Evacuate Collection Set: 0.3ms
[2021-11-09T19:05:10.077-0800][gc,phases   ] GC(62)   Merge Heap Roots: 0.1ms
[2021-11-09T19:05:10.077-0800][gc,phases   ] GC(62)   Evacuate Collection Set: 10.6ms
[2021-11-09T19:05:10.077-0800][gc,phases   ] GC(62)   Post Evacuate Collection Set: 0.6ms
[2021-11-09T19:05:10.077-0800][gc,phases   ] GC(62)   Other: 0.9ms
[2021-11-09T19:05:10.077-0800][gc,heap     ] GC(62) Eden regions: 24->0(24)
[2021-11-09T19:05:10.077-0800][gc,heap     ] GC(62) Survivor regions: 1->1(4)
[2021-11-09T19:05:10.077-0800][gc,heap     ] GC(62) Old regions: 8->8
[2021-11-09T19:05:10.077-0800][gc,heap     ] GC(62) Archive regions: 2->2
[2021-11-09T19:05:10.077-0800][gc,heap     ] GC(62) Humongous regions: 0->0
[2021-11-09T19:05:10.077-0800][gc,metaspace] GC(62) Metaspace: 9194K(9408K)->9194K(9408K) NonClass: 8272K(8384K)->8272K(8384K) Class: 922K(1024K)->922K(1024K)
[2021-11-09T19:05:10.077-0800][gc          ] GC(62) Pause Young (Normal) (G1 Evacuation Pause) 33M->9M(512M) 12.515ms
[2021-11-09T19:05:10.077-0800][gc,cpu      ] GC(62) User=0.01s Sys=0.01s Real=0.01s
[2021-11-09T19:17:12.166-0800][gc,start    ] GC(63) Pause Young (Normal) (G1 Evacuation Pause)
[2021-11-09T19:17:12.184-0800][gc,task     ] GC(63) Using 8 workers of 8 for evacuation
[2021-11-09T19:17:12.189-0800][gc,phases   ] GC(63)   Pre Evacuate Collection Set: 0.3ms
[2021-11-09T19:17:12.189-0800][gc,phases   ] GC(63)   Merge Heap Roots: 0.1ms
[2021-11-09T19:17:12.189-0800][gc,phases   ] GC(63)   Evacuate Collection Set: 4.2ms
[2021-11-09T19:17:12.189-0800][gc,phases   ] GC(63)   Post Evacuate Collection Set: 0.5ms
[2021-11-09T19:17:12.189-0800][gc,phases   ] GC(63)   Other: 17.9ms
[2021-11-09T19:17:12.189-0800][gc,heap     ] GC(63) Eden regions: 24->0(24)
[2021-11-09T19:17:12.190-0800][gc,heap     ] GC(63) Survivor regions: 1->1(4)
[2021-11-09T19:17:12.190-0800][gc,heap     ] GC(63) Old regions: 8->8
[2021-11-09T19:17:12.190-0800][gc,heap     ] GC(63) Archive regions: 2->2
[2021-11-09T19:17:12.190-0800][gc,heap     ] GC(63) Humongous regions: 0->0
[2021-11-09T19:17:12.190-0800][gc,metaspace] GC(63) Metaspace: 9194K(9408K)->9194K(9408K) NonClass: 8272K(8384K)->8272K(8384K) Class: 922K(1024K)->922K(1024K)
[2021-11-09T19:17:12.190-0800][gc          ] GC(63) Pause Young (Normal) (G1 Evacuation Pause) 33M->9M(512M) 23.065ms
[2021-11-09T19:17:12.190-0800][gc,cpu      ] GC(63) User=0.01s Sys=0.01s Real=0.03s
[2021-11-09T19:24:44.720-0800][gc,start    ] GC(64) Pause Young (Normal) (G1 Evacuation Pause)
[2021-11-09T19:24:44.721-0800][gc,task     ] GC(64) Using 8 workers of 8 for evacuation
[2021-11-09T19:24:44.728-0800][gc,phases   ] GC(64)   Pre Evacuate Collection Set: 0.5ms
[2021-11-09T19:24:44.728-0800][gc,phases   ] GC(64)   Merge Heap Roots: 0.1ms
[2021-11-09T19:24:44.728-0800][gc,phases   ] GC(64)   Evacuate Collection Set: 5.5ms
[2021-11-09T19:24:44.728-0800][gc,phases   ] GC(64)   Post Evacuate Collection Set: 0.8ms
[2021-11-09T19:24:44.728-0800][gc,phases   ] GC(64)   Other: 0.6ms
[2021-11-09T19:24:44.728-0800][gc,heap     ] GC(64) Eden regions: 24->0(108)
[2021-11-09T19:24:44.728-0800][gc,heap     ] GC(64) Survivor regions: 1->1(4)
[2021-11-09T19:24:44.728-0800][gc,heap     ] GC(64) Old regions: 8->8
[2021-11-09T19:24:44.728-0800][gc,heap     ] GC(64) Archive regions: 2->2
[2021-11-09T19:24:44.728-0800][gc,heap     ] GC(64) Humongous regions: 0->0
[2021-11-09T19:24:44.728-0800][gc,metaspace] GC(64) Metaspace: 9194K(9408K)->9194K(9408K) NonClass: 8272K(8384K)->8272K(8384K) Class: 922K(1024K)->922K(1024K)
[2021-11-09T19:24:44.728-0800][gc          ] GC(64) Pause Young (Normal) (G1 Evacuation Pause) 33M->9M(512M) 7.496ms
[2021-11-09T19:24:44.728-0800][gc,cpu      ] GC(64) User=0.00s Sys=0.02s Real=0.00s
[2021-11-09T19:59:22.796-0800][gc,start    ] GC(65) Pause Young (Normal) (G1 Evacuation Pause)
[2021-11-09T19:59:22.797-0800][gc,task     ] GC(65) Using 8 workers of 8 for evacuation
[2021-11-09T19:59:22.814-0800][gc,phases   ] GC(65)   Pre Evacuate Collection Set: 3.3ms
[2021-11-09T19:59:22.814-0800][gc,phases   ] GC(65)   Merge Heap Roots: 1.1ms
[2021-11-09T19:59:22.814-0800][gc,phases   ] GC(65)   Evacuate Collection Set: 6.8ms
[2021-11-09T19:59:22.814-0800][gc,phases   ] GC(65)   Post Evacuate Collection Set: 6.0ms
[2021-11-09T19:59:22.814-0800][gc,phases   ] GC(65)   Other: 0.7ms
[2021-11-09T19:59:22.814-0800][gc,heap     ] GC(65) Eden regions: 108->0(24)
[2021-11-09T19:59:22.814-0800][gc,heap     ] GC(65) Survivor regions: 1->1(14)
[2021-11-09T19:59:22.814-0800][gc,heap     ] GC(65) Old regions: 8->8
[2021-11-09T19:59:22.814-0800][gc,heap     ] GC(65) Archive regions: 2->2
[2021-11-09T19:59:22.814-0800][gc,heap     ] GC(65) Humongous regions: 0->0
[2021-11-09T19:59:22.814-0800][gc,metaspace] GC(65) Metaspace: 9194K(9408K)->9194K(9408K) NonClass: 8272K(8384K)->8272K(8384K) Class: 922K(1024K)->922K(1024K)
[2021-11-09T19:59:22.814-0800][gc          ] GC(65) Pause Young (Normal) (G1 Evacuation Pause) 117M->9M(512M) 18.001ms
[2021-11-09T19:59:22.814-0800][gc,cpu      ] GC(65) User=0.00s Sys=0.03s Real=0.02s
[2021-11-09T20:06:24.555-0800][gc,start    ] GC(66) Pause Young (Normal) (G1 Evacuation Pause)
[2021-11-09T20:06:24.556-0800][gc,task     ] GC(66) Using 8 workers of 8 for evacuation
[2021-11-09T20:06:24.566-0800][gc,phases   ] GC(66)   Pre Evacuate Collection Set: 2.3ms
[2021-11-09T20:06:24.566-0800][gc,phases   ] GC(66)   Merge Heap Roots: 0.1ms
[2021-11-09T20:06:24.566-0800][gc,phases   ] GC(66)   Evacuate Collection Set: 5.0ms
[2021-11-09T20:06:24.566-0800][gc,phases   ] GC(66)   Post Evacuate Collection Set: 0.6ms
[2021-11-09T20:06:24.566-0800][gc,phases   ] GC(66)   Other: 2.4ms
[2021-11-09T20:06:24.566-0800][gc,heap     ] GC(66) Eden regions: 24->0(306)
[2021-11-09T20:06:24.566-0800][gc,heap     ] GC(66) Survivor regions: 1->1(4)
[2021-11-09T20:06:24.566-0800][gc,heap     ] GC(66) Old regions: 8->8
[2021-11-09T20:06:24.566-0800][gc,heap     ] GC(66) Archive regions: 2->2
[2021-11-09T20:06:24.566-0800][gc,heap     ] GC(66) Humongous regions: 0->0
[2021-11-09T20:06:24.566-0800][gc,metaspace] GC(66) Metaspace: 9194K(9408K)->9194K(9408K) NonClass: 8272K(8384K)->8272K(8384K) Class: 922K(1024K)->922K(1024K)
[2021-11-09T20:06:24.566-0800][gc          ] GC(66) Pause Young (Normal) (G1 Evacuation Pause) 33M->9M(512M) 10.541ms
[2021-11-09T20:06:24.566-0800][gc,cpu      ] GC(66) User=0.00s Sys=0.02s Real=0.01s
[2021-11-09T22:15:47.218-0800][gc,start    ] GC(67) Pause Young (Normal) (G1 Evacuation Pause)
[2021-11-09T22:15:47.233-0800][gc,task     ] GC(67) Using 8 workers of 8 for evacuation
[2021-11-09T22:15:47.303-0800][gc,mmu      ] GC(67) MMU target violated: 21.0ms (20.0ms/21.0ms)
[2021-11-09T22:15:47.303-0800][gc,phases   ] GC(67)   Pre Evacuate Collection Set: 3.5ms
[2021-11-09T22:15:47.303-0800][gc,phases   ] GC(67)   Merge Heap Roots: 0.4ms
[2021-11-09T22:15:47.303-0800][gc,phases   ] GC(67)   Evacuate Collection Set: 23.5ms
[2021-11-09T22:15:47.303-0800][gc,phases   ] GC(67)   Post Evacuate Collection Set: 39.3ms
[2021-11-09T22:15:47.303-0800][gc,phases   ] GC(67)   Other: 18.8ms
[2021-11-09T22:15:47.303-0800][gc,heap     ] GC(67) Eden regions: 306->0(24)
[2021-11-09T22:15:47.303-0800][gc,heap     ] GC(67) Survivor regions: 1->1(39)
[2021-11-09T22:15:47.303-0800][gc,heap     ] GC(67) Old regions: 8->8
[2021-11-09T22:15:47.303-0800][gc,heap     ] GC(67) Archive regions: 2->2
[2021-11-09T22:15:47.303-0800][gc,heap     ] GC(67) Humongous regions: 0->0
[2021-11-09T22:15:47.303-0800][gc,metaspace] GC(67) Metaspace: 9200K(9408K)->9200K(9408K) NonClass: 8278K(8384K)->8278K(8384K) Class: 922K(1024K)->922K(1024K)
[2021-11-09T22:15:47.303-0800][gc          ] GC(67) Pause Young (Normal) (G1 Evacuation Pause) 315M->9M(512M) 85.232ms
[2021-11-09T22:15:47.303-0800][gc,cpu      ] GC(67) User=0.00s Sys=0.05s Real=0.09s
[2021-11-09T22:21:50.298-0800][gc,start    ] GC(68) Pause Young (Normal) (G1 Evacuation Pause)
[2021-11-09T22:21:50.298-0800][gc,task     ] GC(68) Using 8 workers of 8 for evacuation
[2021-11-09T22:21:50.310-0800][gc,phases   ] GC(68)   Pre Evacuate Collection Set: 0.3ms
[2021-11-09T22:21:50.310-0800][gc,phases   ] GC(68)   Merge Heap Roots: 0.1ms
[2021-11-09T22:21:50.310-0800][gc,phases   ] GC(68)   Evacuate Collection Set: 11.0ms
[2021-11-09T22:21:50.310-0800][gc,phases   ] GC(68)   Post Evacuate Collection Set: 0.6ms
[2021-11-09T22:21:50.310-0800][gc,phases   ] GC(68)   Other: 0.5ms
[2021-11-09T22:21:50.310-0800][gc,heap     ] GC(68) Eden regions: 24->0(24)
[2021-11-09T22:21:50.310-0800][gc,heap     ] GC(68) Survivor regions: 1->1(4)
[2021-11-09T22:21:50.310-0800][gc,heap     ] GC(68) Old regions: 8->8
[2021-11-09T22:21:50.310-0800][gc,heap     ] GC(68) Archive regions: 2->2
[2021-11-09T22:21:50.310-0800][gc,heap     ] GC(68) Humongous regions: 0->0
[2021-11-09T22:21:50.310-0800][gc,metaspace] GC(68) Metaspace: 9200K(9408K)->9200K(9408K) NonClass: 8278K(8384K)->8278K(8384K) Class: 922K(1024K)->922K(1024K)
[2021-11-09T22:21:50.310-0800][gc          ] GC(68) Pause Young (Normal) (G1 Evacuation Pause) 33M->9M(512M) 12.503ms
[2021-11-09T22:21:50.310-0800][gc,cpu      ] GC(68) User=0.01s Sys=0.01s Real=0.02s
[2021-11-09T22:28:00.019-0800][gc,start    ] GC(69) Pause Young (Normal) (G1 Evacuation Pause)
[2021-11-09T22:28:00.020-0800][gc,task     ] GC(69) Using 8 workers of 8 for evacuation
[2021-11-09T22:28:00.030-0800][gc,phases   ] GC(69)   Pre Evacuate Collection Set: 0.3ms
[2021-11-09T22:28:00.030-0800][gc,phases   ] GC(69)   Merge Heap Roots: 0.1ms
[2021-11-09T22:28:00.030-0800][gc,phases   ] GC(69)   Evacuate Collection Set: 9.7ms
[2021-11-09T22:28:00.030-0800][gc,phases   ] GC(69)   Post Evacuate Collection Set: 0.5ms
[2021-11-09T22:28:00.030-0800][gc,phases   ] GC(69)   Other: 0.7ms
[2021-11-09T22:28:00.030-0800][gc,heap     ] GC(69) Eden regions: 24->0(24)
[2021-11-09T22:28:00.030-0800][gc,heap     ] GC(69) Survivor regions: 1->1(4)
[2021-11-09T22:28:00.030-0800][gc,heap     ] GC(69) Old regions: 8->8
[2021-11-09T22:28:00.030-0800][gc,heap     ] GC(69) Archive regions: 2->2
[2021-11-09T22:28:00.030-0800][gc,heap     ] GC(69) Humongous regions: 0->0
[2021-11-09T22:28:00.030-0800][gc,metaspace] GC(69) Metaspace: 9200K(9408K)->9200K(9408K) NonClass: 8278K(8384K)->8278K(8384K) Class: 922K(1024K)->922K(1024K)
[2021-11-09T22:28:00.031-0800][gc          ] GC(69) Pause Young (Normal) (G1 Evacuation Pause) 33M->9M(512M) 11.679ms
[2021-11-09T22:28:00.031-0800][gc,cpu      ] GC(69) User=0.01s Sys=0.02s Real=0.02s
[2021-11-09T22:34:08.464-0800][gc,start    ] GC(70) Pause Young (Normal) (G1 Evacuation Pause)
[2021-11-09T22:34:08.464-0800][gc,task     ] GC(70) Using 8 workers of 8 for evacuation
[2021-11-09T22:34:08.473-0800][gc,phases   ] GC(70)   Pre Evacuate Collection Set: 0.3ms
[2021-11-09T22:34:08.473-0800][gc,phases   ] GC(70)   Merge Heap Roots: 0.1ms
[2021-11-09T22:34:08.473-0800][gc,phases   ] GC(70)   Evacuate Collection Set: 7.5ms
[2021-11-09T22:34:08.473-0800][gc,phases   ] GC(70)   Post Evacuate Collection Set: 0.5ms
[2021-11-09T22:34:08.473-0800][gc,phases   ] GC(70)   Other: 0.6ms
[2021-11-09T22:34:08.473-0800][gc,heap     ] GC(70) Eden regions: 24->0(24)
[2021-11-09T22:34:08.473-0800][gc,heap     ] GC(70) Survivor regions: 1->1(4)
[2021-11-09T22:34:08.473-0800][gc,heap     ] GC(70) Old regions: 8->8
[2021-11-09T22:34:08.473-0800][gc,heap     ] GC(70) Archive regions: 2->2
[2021-11-09T22:34:08.473-0800][gc,heap     ] GC(70) Humongous regions: 0->0
[2021-11-09T22:34:08.473-0800][gc,metaspace] GC(70) Metaspace: 9200K(9408K)->9200K(9408K) NonClass: 8278K(8384K)->8278K(8384K) Class: 922K(1024K)->922K(1024K)
[2021-11-09T22:34:08.473-0800][gc          ] GC(70) Pause Young (Normal) (G1 Evacuation Pause) 33M->9M(512M) 9.093ms
[2021-11-09T22:34:08.473-0800][gc,cpu      ] GC(70) User=0.00s Sys=0.02s Real=0.01s
[2021-11-09T22:40:17.825-0800][gc,start    ] GC(71) Pause Young (Normal) (G1 Evacuation Pause)
[2021-11-09T22:40:17.843-0800][gc,task     ] GC(71) Using 8 workers of 8 for evacuation
[2021-11-09T22:40:17.852-0800][gc,phases   ] GC(71)   Pre Evacuate Collection Set: 0.2ms
[2021-11-09T22:40:17.852-0800][gc,phases   ] GC(71)   Merge Heap Roots: 0.1ms
[2021-11-09T22:40:17.853-0800][gc,phases   ] GC(71)   Evacuate Collection Set: 8.4ms
[2021-11-09T22:40:17.853-0800][gc,phases   ] GC(71)   Post Evacuate Collection Set: 1.0ms
[2021-11-09T22:40:17.853-0800][gc,phases   ] GC(71)   Other: 18.0ms
[2021-11-09T22:40:17.853-0800][gc,heap     ] GC(71) Eden regions: 24->0(306)
[2021-11-09T22:40:17.853-0800][gc,heap     ] GC(71) Survivor regions: 1->1(4)
[2021-11-09T22:40:17.853-0800][gc,heap     ] GC(71) Old regions: 8->8
[2021-11-09T22:40:17.853-0800][gc,heap     ] GC(71) Archive regions: 2->2
[2021-11-09T22:40:17.853-0800][gc,heap     ] GC(71) Humongous regions: 0->0
[2021-11-09T22:40:17.853-0800][gc,metaspace] GC(71) Metaspace: 9200K(9408K)->9200K(9408K) NonClass: 8278K(8384K)->8278K(8384K) Class: 922K(1024K)->922K(1024K)
[2021-11-09T22:40:17.853-0800][gc          ] GC(71) Pause Young (Normal) (G1 Evacuation Pause) 33M->9M(512M) 27.728ms
[2021-11-09T22:40:17.853-0800][gc,cpu      ] GC(71) User=0.00s Sys=0.02s Real=0.03s
[2021-11-10T10:35:52.147-0800][gc,start    ] GC(72) Pause Young (Normal) (G1 Evacuation Pause)
[2021-11-10T10:35:52.149-0800][gc,task     ] GC(72) Using 8 workers of 8 for evacuation
[2021-11-10T10:35:52.230-0800][gc,mmu      ] GC(72) MMU target violated: 21.0ms (20.0ms/21.0ms)
[2021-11-10T10:35:52.230-0800][gc,phases   ] GC(72)   Pre Evacuate Collection Set: 3.5ms
[2021-11-10T10:35:52.230-0800][gc,phases   ] GC(72)   Merge Heap Roots: 0.2ms
[2021-11-10T10:35:52.230-0800][gc,phases   ] GC(72)   Evacuate Collection Set: 38.5ms
[2021-11-10T10:35:52.230-0800][gc,phases   ] GC(72)   Post Evacuate Collection Set: 33.7ms
[2021-11-10T10:35:52.230-0800][gc,phases   ] GC(72)   Other: 10.6ms
[2021-11-10T10:35:52.230-0800][gc,heap     ] GC(72) Eden regions: 306->0(24)
[2021-11-10T10:35:52.230-0800][gc,heap     ] GC(72) Survivor regions: 1->1(39)
[2021-11-10T10:35:52.230-0800][gc,heap     ] GC(72) Old regions: 8->8
[2021-11-10T10:35:52.230-0800][gc,heap     ] GC(72) Archive regions: 2->2
[2021-11-10T10:35:52.230-0800][gc,heap     ] GC(72) Humongous regions: 0->0
[2021-11-10T10:35:52.230-0800][gc,metaspace] GC(72) Metaspace: 9201K(9408K)->9201K(9408K) NonClass: 8279K(8384K)->8279K(8384K) Class: 922K(1024K)->922K(1024K)
[2021-11-10T10:35:52.231-0800][gc          ] GC(72) Pause Young (Normal) (G1 Evacuation Pause) 315M->9M(512M) 83.657ms
[2021-11-10T10:35:52.231-0800][gc,cpu      ] GC(72) User=0.02s Sys=0.08s Real=0.09s
[2021-11-10T11:06:56.010-0800][gc,start    ] GC(73) Pause Young (Normal) (G1 Evacuation Pause)
[2021-11-10T11:06:56.011-0800][gc,task     ] GC(73) Using 8 workers of 8 for evacuation
[2021-11-10T11:06:56.035-0800][gc,mmu      ] GC(73) MMU target violated: 21.0ms (20.0ms/21.0ms)
[2021-11-10T11:06:56.036-0800][gc,phases   ] GC(73)   Pre Evacuate Collection Set: 5.2ms
[2021-11-10T11:06:56.036-0800][gc,phases   ] GC(73)   Merge Heap Roots: 0.1ms
[2021-11-10T11:06:56.036-0800][gc,phases   ] GC(73)   Evacuate Collection Set: 14.3ms
[2021-11-10T11:06:56.036-0800][gc,phases   ] GC(73)   Post Evacuate Collection Set: 3.9ms
[2021-11-10T11:06:56.036-0800][gc,phases   ] GC(73)   Other: 1.9ms
[2021-11-10T11:06:56.036-0800][gc,heap     ] GC(73) Eden regions: 24->0(24)
[2021-11-10T11:06:56.036-0800][gc,heap     ] GC(73) Survivor regions: 1->1(4)
[2021-11-10T11:06:56.036-0800][gc,heap     ] GC(73) Old regions: 8->8
[2021-11-10T11:06:56.036-0800][gc,heap     ] GC(73) Archive regions: 2->2
[2021-11-10T11:06:56.036-0800][gc,heap     ] GC(73) Humongous regions: 0->0
[2021-11-10T11:06:56.036-0800][gc,metaspace] GC(73) Metaspace: 9201K(9408K)->9201K(9408K) NonClass: 8279K(8384K)->8279K(8384K) Class: 922K(1024K)->922K(1024K)
[2021-11-10T11:06:56.036-0800][gc          ] GC(73) Pause Young (Normal) (G1 Evacuation Pause) 33M->9M(512M) 25.512ms
[2021-11-10T11:06:56.036-0800][gc,cpu      ] GC(73) User=0.01s Sys=0.02s Real=0.02s
[2021-11-10T11:23:57.411-0800][gc,start    ] GC(74) Pause Young (Normal) (G1 Evacuation Pause)
[2021-11-10T11:23:57.412-0800][gc,task     ] GC(74) Using 8 workers of 8 for evacuation
[2021-11-10T11:23:57.431-0800][gc,phases   ] GC(74)   Pre Evacuate Collection Set: 0.5ms
[2021-11-10T11:23:57.431-0800][gc,phases   ] GC(74)   Merge Heap Roots: 0.1ms
[2021-11-10T11:23:57.431-0800][gc,phases   ] GC(74)   Evacuate Collection Set: 15.7ms
[2021-11-10T11:23:57.431-0800][gc,phases   ] GC(74)   Post Evacuate Collection Set: 1.9ms
[2021-11-10T11:23:57.431-0800][gc,phases   ] GC(74)   Other: 1.3ms
[2021-11-10T11:23:57.431-0800][gc,heap     ] GC(74) Eden regions: 24->0(24)
[2021-11-10T11:23:57.431-0800][gc,heap     ] GC(74) Survivor regions: 1->1(4)
[2021-11-10T11:23:57.431-0800][gc,heap     ] GC(74) Old regions: 8->8
[2021-11-10T11:23:57.431-0800][gc,heap     ] GC(74) Archive regions: 2->2
[2021-11-10T11:23:57.431-0800][gc,heap     ] GC(74) Humongous regions: 0->0
[2021-11-10T11:23:57.431-0800][gc,metaspace] GC(74) Metaspace: 9201K(9408K)->9201K(9408K) NonClass: 8279K(8384K)->8279K(8384K) Class: 922K(1024K)->922K(1024K)
[2021-11-10T11:23:57.431-0800][gc          ] GC(74) Pause Young (Normal) (G1 Evacuation Pause) 33M->9M(512M) 19.792ms
[2021-11-10T11:23:57.431-0800][gc,cpu      ] GC(74) User=0.01s Sys=0.02s Real=0.02s
[2021-11-10T11:41:05.778-0800][gc,start    ] GC(75) Pause Young (Normal) (G1 Evacuation Pause)
[2021-11-10T11:41:05.779-0800][gc,task     ] GC(75) Using 8 workers of 8 for evacuation
[2021-11-10T11:41:05.789-0800][gc,phases   ] GC(75)   Pre Evacuate Collection Set: 0.7ms
[2021-11-10T11:41:05.789-0800][gc,phases   ] GC(75)   Merge Heap Roots: 0.1ms
[2021-11-10T11:41:05.789-0800][gc,phases   ] GC(75)   Evacuate Collection Set: 7.4ms
[2021-11-10T11:41:05.789-0800][gc,phases   ] GC(75)   Post Evacuate Collection Set: 1.4ms
[2021-11-10T11:41:05.789-0800][gc,phases   ] GC(75)   Other: 1.4ms
[2021-11-10T11:41:05.789-0800][gc,heap     ] GC(75) Eden regions: 24->0(24)
[2021-11-10T11:41:05.789-0800][gc,heap     ] GC(75) Survivor regions: 1->1(4)
[2021-11-10T11:41:05.789-0800][gc,heap     ] GC(75) Old regions: 8->8
[2021-11-10T11:41:05.789-0800][gc,heap     ] GC(75) Archive regions: 2->2
[2021-11-10T11:41:05.789-0800][gc,heap     ] GC(75) Humongous regions: 0->0
[2021-11-10T11:41:05.789-0800][gc,metaspace] GC(75) Metaspace: 9201K(9408K)->9201K(9408K) NonClass: 8279K(8384K)->8279K(8384K) Class: 922K(1024K)->922K(1024K)
[2021-11-10T11:41:05.789-0800][gc          ] GC(75) Pause Young (Normal) (G1 Evacuation Pause) 33M->9M(512M) 11.277ms
[2021-11-10T11:41:05.789-0800][gc,cpu      ] GC(75) User=0.00s Sys=0.02s Real=0.01s
[2021-11-10T11:58:26.238-0800][gc,start    ] GC(76) Pause Young (Normal) (G1 Evacuation Pause)
[2021-11-10T11:58:26.238-0800][gc,task     ] GC(76) Using 8 workers of 8 for evacuation
[2021-11-10T11:58:26.252-0800][gc,phases   ] GC(76)   Pre Evacuate Collection Set: 0.4ms
[2021-11-10T11:58:26.252-0800][gc,phases   ] GC(76)   Merge Heap Roots: 0.2ms
[2021-11-10T11:58:26.253-0800][gc,phases   ] GC(76)   Evacuate Collection Set: 10.7ms
[2021-11-10T11:58:26.253-0800][gc,phases   ] GC(76)   Post Evacuate Collection Set: 2.1ms
[2021-11-10T11:58:26.253-0800][gc,phases   ] GC(76)   Other: 0.9ms
[2021-11-10T11:58:26.253-0800][gc,heap     ] GC(76) Eden regions: 24->0(24)
[2021-11-10T11:58:26.253-0800][gc,heap     ] GC(76) Survivor regions: 1->1(4)
[2021-11-10T11:58:26.253-0800][gc,heap     ] GC(76) Old regions: 8->8
[2021-11-10T11:58:26.253-0800][gc,heap     ] GC(76) Archive regions: 2->2
[2021-11-10T11:58:26.253-0800][gc,heap     ] GC(76) Humongous regions: 0->0
[2021-11-10T11:58:26.253-0800][gc,metaspace] GC(76) Metaspace: 9201K(9408K)->9201K(9408K) NonClass: 8279K(8384K)->8279K(8384K) Class: 922K(1024K)->922K(1024K)
[2021-11-10T11:58:26.253-0800][gc          ] GC(76) Pause Young (Normal) (G1 Evacuation Pause) 33M->9M(512M) 14.675ms
[2021-11-10T11:58:26.253-0800][gc,cpu      ] GC(76) User=0.01s Sys=0.02s Real=0.02s
[2021-11-10T12:15:40.208-0800][gc,start    ] GC(77) Pause Young (Normal) (G1 Evacuation Pause)
[2021-11-10T12:15:40.209-0800][gc,task     ] GC(77) Using 8 workers of 8 for evacuation
[2021-11-10T12:15:40.220-0800][gc,phases   ] GC(77)   Pre Evacuate Collection Set: 0.8ms
[2021-11-10T12:15:40.220-0800][gc,phases   ] GC(77)   Merge Heap Roots: 0.2ms
[2021-11-10T12:15:40.220-0800][gc,phases   ] GC(77)   Evacuate Collection Set: 8.3ms
[2021-11-10T12:15:40.220-0800][gc,phases   ] GC(77)   Post Evacuate Collection Set: 1.6ms
[2021-11-10T12:15:40.220-0800][gc,phases   ] GC(77)   Other: 1.0ms
[2021-11-10T12:15:40.220-0800][gc,heap     ] GC(77) Eden regions: 24->0(306)
[2021-11-10T12:15:40.220-0800][gc,heap     ] GC(77) Survivor regions: 1->1(4)
[2021-11-10T12:15:40.220-0800][gc,heap     ] GC(77) Old regions: 8->8
[2021-11-10T12:15:40.220-0800][gc,heap     ] GC(77) Archive regions: 2->2
[2021-11-10T12:15:40.220-0800][gc,heap     ] GC(77) Humongous regions: 0->0
[2021-11-10T12:15:40.220-0800][gc,metaspace] GC(77) Metaspace: 9201K(9408K)->9201K(9408K) NonClass: 8279K(8384K)->8279K(8384K) Class: 922K(1024K)->922K(1024K)
[2021-11-10T12:15:40.220-0800][gc          ] GC(77) Pause Young (Normal) (G1 Evacuation Pause) 33M->9M(512M) 12.344ms
[2021-11-10T12:15:40.220-0800][gc,cpu      ] GC(77) User=0.01s Sys=0.03s Real=0.02s
[2021-11-10T14:15:48.993-0800][gc,start    ] GC(78) Pause Young (Normal) (G1 Evacuation Pause)
[2021-11-10T14:15:48.994-0800][gc,task     ] GC(78) Using 8 workers of 8 for evacuation
[2021-11-10T14:15:49.040-0800][gc,mmu      ] GC(78) MMU target violated: 21.0ms (20.0ms/21.0ms)
[2021-11-10T14:15:49.040-0800][gc,phases   ] GC(78)   Pre Evacuate Collection Set: 4.1ms
[2021-11-10T14:15:49.040-0800][gc,phases   ] GC(78)   Merge Heap Roots: 0.7ms
[2021-11-10T14:15:49.040-0800][gc,phases   ] GC(78)   Evacuate Collection Set: 16.3ms
[2021-11-10T14:15:49.040-0800][gc,phases   ] GC(78)   Post Evacuate Collection Set: 23.3ms
[2021-11-10T14:15:49.040-0800][gc,phases   ] GC(78)   Other: 3.1ms
[2021-11-10T14:15:49.040-0800][gc,heap     ] GC(78) Eden regions: 306->0(24)
[2021-11-10T14:15:49.040-0800][gc,heap     ] GC(78) Survivor regions: 1->1(39)
[2021-11-10T14:15:49.040-0800][gc,heap     ] GC(78) Old regions: 8->8
[2021-11-10T14:15:49.041-0800][gc,heap     ] GC(78) Archive regions: 2->2
[2021-11-10T14:15:49.041-0800][gc,heap     ] GC(78) Humongous regions: 0->0
[2021-11-10T14:15:49.041-0800][gc,metaspace] GC(78) Metaspace: 9203K(9408K)->9203K(9408K) NonClass: 8281K(8384K)->8281K(8384K) Class: 922K(1024K)->922K(1024K)
[2021-11-10T14:15:49.041-0800][gc          ] GC(78) Pause Young (Normal) (G1 Evacuation Pause) 315M->9M(512M) 47.176ms
[2021-11-10T14:15:49.041-0800][gc,cpu      ] GC(78) User=0.01s Sys=0.03s Real=0.05s
[2021-11-10T14:21:46.338-0800][gc,start    ] GC(79) Pause Young (Normal) (G1 Evacuation Pause)
[2021-11-10T14:21:46.338-0800][gc,task     ] GC(79) Using 8 workers of 8 for evacuation
[2021-11-10T14:21:46.344-0800][gc,phases   ] GC(79)   Pre Evacuate Collection Set: 0.3ms
[2021-11-10T14:21:46.344-0800][gc,phases   ] GC(79)   Merge Heap Roots: 0.1ms
[2021-11-10T14:21:46.344-0800][gc,phases   ] GC(79)   Evacuate Collection Set: 4.3ms
[2021-11-10T14:21:46.344-0800][gc,phases   ] GC(79)   Post Evacuate Collection Set: 0.5ms
[2021-11-10T14:21:46.344-0800][gc,phases   ] GC(79)   Other: 0.6ms
[2021-11-10T14:21:46.344-0800][gc,heap     ] GC(79) Eden regions: 24->0(24)
[2021-11-10T14:21:46.344-0800][gc,heap     ] GC(79) Survivor regions: 1->1(4)
[2021-11-10T14:21:46.344-0800][gc,heap     ] GC(79) Old regions: 8->8
[2021-11-10T14:21:46.344-0800][gc,heap     ] GC(79) Archive regions: 2->2
[2021-11-10T14:21:46.344-0800][gc,heap     ] GC(79) Humongous regions: 0->0
[2021-11-10T14:21:46.344-0800][gc,metaspace] GC(79) Metaspace: 9203K(9408K)->9203K(9408K) NonClass: 8281K(8384K)->8281K(8384K) Class: 922K(1024K)->922K(1024K)
[2021-11-10T14:21:46.344-0800][gc          ] GC(79) Pause Young (Normal) (G1 Evacuation Pause) 33M->9M(512M) 6.168ms
[2021-11-10T14:21:46.344-0800][gc,cpu      ] GC(79) User=0.01s Sys=0.01s Real=0.01s
[2021-11-10T14:38:56.560-0800][gc,start    ] GC(80) Pause Young (Normal) (G1 Evacuation Pause)
[2021-11-10T14:38:56.561-0800][gc,task     ] GC(80) Using 8 workers of 8 for evacuation
[2021-11-10T14:38:56.574-0800][gc,phases   ] GC(80)   Pre Evacuate Collection Set: 0.9ms
[2021-11-10T14:38:56.585-0800][gc,phases   ] GC(80)   Merge Heap Roots: 0.4ms
[2021-11-10T14:38:56.585-0800][gc,phases   ] GC(80)   Evacuate Collection Set: 9.7ms
[2021-11-10T14:38:56.585-0800][gc,phases   ] GC(80)   Post Evacuate Collection Set: 1.8ms
[2021-11-10T14:38:56.585-0800][gc,phases   ] GC(80)   Other: 1.3ms
[2021-11-10T14:38:56.585-0800][gc,heap     ] GC(80) Eden regions: 24->0(223)
[2021-11-10T14:38:56.585-0800][gc,heap     ] GC(80) Survivor regions: 1->1(4)
[2021-11-10T14:38:56.585-0800][gc,heap     ] GC(80) Old regions: 8->8
[2021-11-10T14:38:56.585-0800][gc,heap     ] GC(80) Archive regions: 2->2
[2021-11-10T14:38:56.585-0800][gc,heap     ] GC(80) Humongous regions: 0->0
[2021-11-10T14:38:56.585-0800][gc,metaspace] GC(80) Metaspace: 9203K(9408K)->9203K(9408K) NonClass: 8281K(8384K)->8281K(8384K) Class: 922K(1024K)->922K(1024K)
[2021-11-10T14:38:56.585-0800][gc          ] GC(80) Pause Young (Normal) (G1 Evacuation Pause) 33M->9M(512M) 24.991ms
[2021-11-10T14:38:56.585-0800][gc,cpu      ] GC(80) User=0.01s Sys=0.02s Real=0.02s
[2021-11-10T18:41:05.636-0800][gc,start    ] GC(81) Pause Young (Normal) (G1 Evacuation Pause)
[2021-11-10T18:41:05.638-0800][gc,task     ] GC(81) Using 8 workers of 8 for evacuation
[2021-11-10T18:41:05.697-0800][gc,mmu      ] GC(81) MMU target violated: 21.0ms (20.0ms/21.0ms)
[2021-11-10T18:41:05.697-0800][gc,phases   ] GC(81)   Pre Evacuate Collection Set: 3.2ms
[2021-11-10T18:41:05.697-0800][gc,phases   ] GC(81)   Merge Heap Roots: 0.1ms
[2021-11-10T18:41:05.697-0800][gc,phases   ] GC(81)   Evacuate Collection Set: 24.0ms
[2021-11-10T18:41:05.697-0800][gc,phases   ] GC(81)   Post Evacuate Collection Set: 31.1ms
[2021-11-10T18:41:05.697-0800][gc,phases   ] GC(81)   Other: 2.9ms
[2021-11-10T18:41:05.697-0800][gc,heap     ] GC(81) Eden regions: 223->0(24)
[2021-11-10T18:41:05.697-0800][gc,heap     ] GC(81) Survivor regions: 1->1(28)
[2021-11-10T18:41:05.697-0800][gc,heap     ] GC(81) Old regions: 8->8
[2021-11-10T18:41:05.697-0800][gc,heap     ] GC(81) Archive regions: 2->2
[2021-11-10T18:41:05.697-0800][gc,heap     ] GC(81) Humongous regions: 0->0
[2021-11-10T18:41:05.697-0800][gc,metaspace] GC(81) Metaspace: 9203K(9408K)->9203K(9408K) NonClass: 8281K(8384K)->8281K(8384K) Class: 922K(1024K)->922K(1024K)
[2021-11-10T18:41:05.698-0800][gc          ] GC(81) Pause Young (Normal) (G1 Evacuation Pause) 232M->9M(512M) 61.709ms
[2021-11-10T18:41:05.698-0800][gc,cpu      ] GC(81) User=0.00s Sys=0.06s Real=0.06s
[2021-11-10T19:00:36.482-0800][gc,start    ] GC(82) Pause Young (Normal) (G1 Evacuation Pause)
[2021-11-10T19:00:36.483-0800][gc,task     ] GC(82) Using 8 workers of 8 for evacuation
[2021-11-10T19:00:36.506-0800][gc,mmu      ] GC(82) MMU target violated: 21.0ms (20.0ms/21.0ms)
[2021-11-10T19:00:36.506-0800][gc,phases   ] GC(82)   Pre Evacuate Collection Set: 0.8ms
[2021-11-10T19:00:36.507-0800][gc,phases   ] GC(82)   Merge Heap Roots: 0.2ms
[2021-11-10T19:00:36.507-0800][gc,phases   ] GC(82)   Evacuate Collection Set: 20.8ms
[2021-11-10T19:00:36.507-0800][gc,phases   ] GC(82)   Post Evacuate Collection Set: 1.3ms
[2021-11-10T19:00:36.507-0800][gc,phases   ] GC(82)   Other: 1.1ms
[2021-11-10T19:00:36.507-0800][gc,heap     ] GC(82) Eden regions: 24->0(24)
[2021-11-10T19:00:36.507-0800][gc,heap     ] GC(82) Survivor regions: 1->1(4)
[2021-11-10T19:00:36.507-0800][gc,heap     ] GC(82) Old regions: 8->8
[2021-11-10T19:00:36.507-0800][gc,heap     ] GC(82) Archive regions: 2->2
[2021-11-10T19:00:36.507-0800][gc,heap     ] GC(82) Humongous regions: 0->0
[2021-11-10T19:00:36.507-0800][gc,metaspace] GC(82) Metaspace: 9203K(9408K)->9203K(9408K) NonClass: 8281K(8384K)->8281K(8384K) Class: 922K(1024K)->922K(1024K)
[2021-11-10T19:00:36.507-0800][gc          ] GC(82) Pause Young (Normal) (G1 Evacuation Pause) 33M->9M(512M) 24.463ms
[2021-11-10T19:00:36.507-0800][gc,cpu      ] GC(82) User=0.01s Sys=0.03s Real=0.02s
[2021-11-10T20:30:59.879-0800][gc,start    ] GC(83) Pause Young (Normal) (G1 Evacuation Pause)
[2021-11-10T20:30:59.880-0800][gc,task     ] GC(83) Using 8 workers of 8 for evacuation
[2021-11-10T20:30:59.900-0800][gc,mmu      ] GC(83) MMU target violated: 20.3ms (20.0ms/21.0ms)
[2021-11-10T20:30:59.901-0800][gc,phases   ] GC(83)   Pre Evacuate Collection Set: 0.7ms
[2021-11-10T20:30:59.901-0800][gc,phases   ] GC(83)   Merge Heap Roots: 0.4ms
[2021-11-10T20:30:59.901-0800][gc,phases   ] GC(83)   Evacuate Collection Set: 17.5ms
[2021-11-10T20:30:59.901-0800][gc,phases   ] GC(83)   Post Evacuate Collection Set: 1.8ms
[2021-11-10T20:30:59.901-0800][gc,phases   ] GC(83)   Other: 1.2ms
[2021-11-10T20:30:59.901-0800][gc,heap     ] GC(83) Eden regions: 24->0(24)
[2021-11-10T20:30:59.901-0800][gc,heap     ] GC(83) Survivor regions: 1->1(4)
[2021-11-10T20:30:59.901-0800][gc,heap     ] GC(83) Old regions: 8->8
[2021-11-10T20:30:59.901-0800][gc,heap     ] GC(83) Archive regions: 2->2
[2021-11-10T20:30:59.901-0800][gc,heap     ] GC(83) Humongous regions: 0->0
[2021-11-10T20:30:59.901-0800][gc,metaspace] GC(83) Metaspace: 9203K(9408K)->9203K(9408K) NonClass: 8281K(8384K)->8281K(8384K) Class: 922K(1024K)->922K(1024K)
[2021-11-10T20:30:59.901-0800][gc          ] GC(83) Pause Young (Normal) (G1 Evacuation Pause) 33M->9M(512M) 21.818ms
[2021-11-10T20:30:59.901-0800][gc,cpu      ] GC(83) User=0.01s Sys=0.03s Real=0.03s
[2021-11-10T20:51:36.965-0800][gc,start    ] GC(84) Pause Young (Normal) (G1 Evacuation Pause)
[2021-11-10T20:51:36.966-0800][gc,task     ] GC(84) Using 8 workers of 8 for evacuation
[2021-11-10T20:51:36.976-0800][gc,phases   ] GC(84)   Pre Evacuate Collection Set: 0.6ms
[2021-11-10T20:51:36.976-0800][gc,phases   ] GC(84)   Merge Heap Roots: 0.1ms
[2021-11-10T20:51:36.976-0800][gc,phases   ] GC(84)   Evacuate Collection Set: 8.1ms
[2021-11-10T20:51:36.976-0800][gc,phases   ] GC(84)   Post Evacuate Collection Set: 1.3ms
[2021-11-10T20:51:36.976-0800][gc,phases   ] GC(84)   Other: 0.9ms
[2021-11-10T20:51:36.976-0800][gc,heap     ] GC(84) Eden regions: 24->0(33)
[2021-11-10T20:51:36.976-0800][gc,heap     ] GC(84) Survivor regions: 1->1(4)
[2021-11-10T20:51:36.977-0800][gc,heap     ] GC(84) Old regions: 8->8
[2021-11-10T20:51:36.977-0800][gc,heap     ] GC(84) Archive regions: 2->2
[2021-11-10T20:51:36.977-0800][gc,heap     ] GC(84) Humongous regions: 0->0
[2021-11-10T20:51:36.977-0800][gc,metaspace] GC(84) Metaspace: 9203K(9408K)->9203K(9408K) NonClass: 8281K(8384K)->8281K(8384K) Class: 922K(1024K)->922K(1024K)
[2021-11-10T20:51:36.977-0800][gc          ] GC(84) Pause Young (Normal) (G1 Evacuation Pause) 33M->9M(512M) 11.324ms
[2021-11-10T20:51:36.977-0800][gc,cpu      ] GC(84) User=0.00s Sys=0.02s Real=0.01s
[2021-11-10T21:18:52.318-0800][gc,start    ] GC(85) Pause Young (Normal) (G1 Evacuation Pause)
[2021-11-10T21:18:52.319-0800][gc,task     ] GC(85) Using 8 workers of 8 for evacuation
[2021-11-10T21:18:52.342-0800][gc,mmu      ] GC(85) MMU target violated: 21.0ms (20.0ms/21.0ms)
[2021-11-10T21:18:52.342-0800][gc,phases   ] GC(85)   Pre Evacuate Collection Set: 0.7ms
[2021-11-10T21:18:52.342-0800][gc,phases   ] GC(85)   Merge Heap Roots: 0.1ms
[2021-11-10T21:18:52.342-0800][gc,phases   ] GC(85)   Evacuate Collection Set: 19.8ms
[2021-11-10T21:18:52.342-0800][gc,phases   ] GC(85)   Post Evacuate Collection Set: 1.7ms
[2021-11-10T21:18:52.342-0800][gc,phases   ] GC(85)   Other: 1.3ms
[2021-11-10T21:18:52.342-0800][gc,heap     ] GC(85) Eden regions: 33->0(24)
[2021-11-10T21:18:52.342-0800][gc,heap     ] GC(85) Survivor regions: 1->1(5)
[2021-11-10T21:18:52.342-0800][gc,heap     ] GC(85) Old regions: 8->8
[2021-11-10T21:18:52.342-0800][gc,heap     ] GC(85) Archive regions: 2->2
[2021-11-10T21:18:52.342-0800][gc,heap     ] GC(85) Humongous regions: 0->0
[2021-11-10T21:18:52.342-0800][gc,metaspace] GC(85) Metaspace: 9203K(9408K)->9203K(9408K) NonClass: 8281K(8384K)->8281K(8384K) Class: 922K(1024K)->922K(1024K)
[2021-11-10T21:18:52.342-0800][gc          ] GC(85) Pause Young (Normal) (G1 Evacuation Pause) 42M->9M(512M) 23.725ms
[2021-11-10T21:18:52.342-0800][gc,cpu      ] GC(85) User=0.00s Sys=0.02s Real=0.03s
[2021-11-10T21:38:40.399-0800][gc,start    ] GC(86) Pause Young (Normal) (G1 Evacuation Pause)
[2021-11-10T21:38:40.400-0800][gc,task     ] GC(86) Using 8 workers of 8 for evacuation
[2021-11-10T21:38:40.422-0800][gc,mmu      ] GC(86) MMU target violated: 21.0ms (20.0ms/21.0ms)
[2021-11-10T21:38:40.422-0800][gc,phases   ] GC(86)   Pre Evacuate Collection Set: 0.9ms
[2021-11-10T21:38:40.422-0800][gc,phases   ] GC(86)   Merge Heap Roots: 0.2ms
[2021-11-10T21:38:40.422-0800][gc,phases   ] GC(86)   Evacuate Collection Set: 13.1ms
[2021-11-10T21:38:40.422-0800][gc,phases   ] GC(86)   Post Evacuate Collection Set: 7.1ms
[2021-11-10T21:38:40.422-0800][gc,phases   ] GC(86)   Other: 1.9ms
[2021-11-10T21:38:40.422-0800][gc,heap     ] GC(86) Eden regions: 24->0(41)
[2021-11-10T21:38:40.422-0800][gc,heap     ] GC(86) Survivor regions: 1->1(4)
[2021-11-10T21:38:40.422-0800][gc,heap     ] GC(86) Old regions: 8->8
[2021-11-10T21:38:40.422-0800][gc,heap     ] GC(86) Archive regions: 2->2
[2021-11-10T21:38:40.422-0800][gc,heap     ] GC(86) Humongous regions: 0->0
[2021-11-10T21:38:40.422-0800][gc,metaspace] GC(86) Metaspace: 9203K(9408K)->9203K(9408K) NonClass: 8281K(8384K)->8281K(8384K) Class: 922K(1024K)->922K(1024K)
[2021-11-10T21:38:40.422-0800][gc          ] GC(86) Pause Young (Normal) (G1 Evacuation Pause) 33M->9M(512M) 23.353ms
[2021-11-10T21:38:40.422-0800][gc,cpu      ] GC(86) User=0.01s Sys=0.03s Real=0.03s
[2021-11-10T22:12:42.477-0800][gc,start    ] GC(87) Pause Young (Normal) (G1 Evacuation Pause)
[2021-11-10T22:12:42.478-0800][gc,task     ] GC(87) Using 8 workers of 8 for evacuation
[2021-11-10T22:12:42.500-0800][gc,mmu      ] GC(87) MMU target violated: 21.0ms (20.0ms/21.0ms)
[2021-11-10T22:12:42.500-0800][gc,phases   ] GC(87)   Pre Evacuate Collection Set: 1.2ms
[2021-11-10T22:12:42.500-0800][gc,phases   ] GC(87)   Merge Heap Roots: 0.3ms
[2021-11-10T22:12:42.500-0800][gc,phases   ] GC(87)   Evacuate Collection Set: 17.1ms
[2021-11-10T22:12:42.500-0800][gc,phases   ] GC(87)   Post Evacuate Collection Set: 2.9ms
[2021-11-10T22:12:42.500-0800][gc,phases   ] GC(87)   Other: 1.3ms
[2021-11-10T22:12:42.500-0800][gc,heap     ] GC(87) Eden regions: 41->0(306)
[2021-11-10T22:12:42.500-0800][gc,heap     ] GC(87) Survivor regions: 1->1(6)
[2021-11-10T22:12:42.500-0800][gc,heap     ] GC(87) Old regions: 8->8
[2021-11-10T22:12:42.500-0800][gc,heap     ] GC(87) Archive regions: 2->2
[2021-11-10T22:12:42.500-0800][gc,heap     ] GC(87) Humongous regions: 0->0
[2021-11-10T22:12:42.500-0800][gc,metaspace] GC(87) Metaspace: 9203K(9408K)->9203K(9408K) NonClass: 8281K(8384K)->8281K(8384K) Class: 922K(1024K)->922K(1024K)
[2021-11-10T22:12:42.500-0800][gc          ] GC(87) Pause Young (Normal) (G1 Evacuation Pause) 50M->9M(512M) 23.008ms
[2021-11-10T22:12:42.500-0800][gc,cpu      ] GC(87) User=0.01s Sys=0.03s Real=0.03s
[2021-11-11T10:29:46.241-0800][gc,start    ] GC(88) Pause Young (Normal) (G1 Evacuation Pause)
[2021-11-11T10:29:46.243-0800][gc,task     ] GC(88) Using 8 workers of 8 for evacuation
[2021-11-11T10:29:46.640-0800][gc,mmu      ] GC(88) MMU target violated: 21.0ms (20.0ms/21.0ms)
[2021-11-11T10:29:46.640-0800][gc,phases   ] GC(88)   Pre Evacuate Collection Set: 6.1ms
[2021-11-11T10:29:46.640-0800][gc,phases   ] GC(88)   Merge Heap Roots: 0.2ms
[2021-11-11T10:29:46.640-0800][gc,phases   ] GC(88)   Evacuate Collection Set: 66.0ms
[2021-11-11T10:29:46.640-0800][gc,phases   ] GC(88)   Post Evacuate Collection Set: 321.5ms
[2021-11-11T10:29:46.641-0800][gc,phases   ] GC(88)   Other: 5.7ms
[2021-11-11T10:29:46.641-0800][gc,heap     ] GC(88) Eden regions: 306->0(24)
[2021-11-11T10:29:46.641-0800][gc,heap     ] GC(88) Survivor regions: 1->1(39)
[2021-11-11T10:29:46.641-0800][gc,heap     ] GC(88) Old regions: 8->8
[2021-11-11T10:29:46.641-0800][gc,heap     ] GC(88) Archive regions: 2->2
[2021-11-11T10:29:46.641-0800][gc,heap     ] GC(88) Humongous regions: 0->0
[2021-11-11T10:29:46.641-0800][gc,metaspace] GC(88) Metaspace: 9206K(9408K)->9206K(9408K) NonClass: 8284K(8384K)->8284K(8384K) Class: 922K(1024K)->922K(1024K)
[2021-11-11T10:29:46.641-0800][gc          ] GC(88) Pause Young (Normal) (G1 Evacuation Pause) 315M->9M(512M) 400.154ms
[2021-11-11T10:29:46.641-0800][gc,cpu      ] GC(88) User=0.02s Sys=0.17s Real=0.40s
[2021-11-11T10:49:48.095-0800][gc,start    ] GC(89) Pause Young (Normal) (G1 Evacuation Pause)
[2021-11-11T10:49:48.096-0800][gc,task     ] GC(89) Using 8 workers of 8 for evacuation
[2021-11-11T10:49:48.171-0800][gc,mmu      ] GC(89) MMU target violated: 21.0ms (20.0ms/21.0ms)
[2021-11-11T10:49:48.171-0800][gc,phases   ] GC(89)   Pre Evacuate Collection Set: 8.1ms
[2021-11-11T10:49:48.171-0800][gc,phases   ] GC(89)   Merge Heap Roots: 0.2ms
[2021-11-11T10:49:48.171-0800][gc,phases   ] GC(89)   Evacuate Collection Set: 50.0ms
[2021-11-11T10:49:48.171-0800][gc,phases   ] GC(89)   Post Evacuate Collection Set: 15.1ms
[2021-11-11T10:49:48.171-0800][gc,phases   ] GC(89)   Other: 4.2ms
[2021-11-11T10:49:48.171-0800][gc,heap     ] GC(89) Eden regions: 24->0(24)
[2021-11-11T10:49:48.171-0800][gc,heap     ] GC(89) Survivor regions: 1->1(4)
[2021-11-11T10:49:48.171-0800][gc,heap     ] GC(89) Old regions: 8->8
[2021-11-11T10:49:48.171-0800][gc,heap     ] GC(89) Archive regions: 2->2
[2021-11-11T10:49:48.171-0800][gc,heap     ] GC(89) Humongous regions: 0->0
[2021-11-11T10:49:48.171-0800][gc,metaspace] GC(89) Metaspace: 9206K(9408K)->9206K(9408K) NonClass: 8284K(8384K)->8284K(8384K) Class: 922K(1024K)->922K(1024K)
[2021-11-11T10:49:48.172-0800][gc          ] GC(89) Pause Young (Normal) (G1 Evacuation Pause) 33M->9M(512M) 76.693ms
[2021-11-11T10:49:48.172-0800][gc,cpu      ] GC(89) User=0.03s Sys=0.06s Real=0.08s
[2021-11-11T11:15:38.832-0800][gc,start    ] GC(90) Pause Young (Normal) (G1 Evacuation Pause)
[2021-11-11T11:15:38.834-0800][gc,task     ] GC(90) Using 8 workers of 8 for evacuation
[2021-11-11T11:15:38.937-0800][gc,mmu      ] GC(90) MMU target violated: 21.0ms (20.0ms/21.0ms)
[2021-11-11T11:15:38.937-0800][gc,phases   ] GC(90)   Pre Evacuate Collection Set: 4.0ms
[2021-11-11T11:15:38.937-0800][gc,phases   ] GC(90)   Merge Heap Roots: 0.6ms
[2021-11-11T11:15:38.937-0800][gc,phases   ] GC(90)   Evacuate Collection Set: 57.8ms
[2021-11-11T11:15:38.937-0800][gc,phases   ] GC(90)   Post Evacuate Collection Set: 38.8ms
[2021-11-11T11:15:38.938-0800][gc,phases   ] GC(90)   Other: 5.1ms
[2021-11-11T11:15:38.938-0800][gc,heap     ] GC(90) Eden regions: 24->0(24)
[2021-11-11T11:15:38.938-0800][gc,heap     ] GC(90) Survivor regions: 1->1(4)
[2021-11-11T11:15:38.938-0800][gc,heap     ] GC(90) Old regions: 8->8
[2021-11-11T11:15:38.938-0800][gc,heap     ] GC(90) Archive regions: 2->2
[2021-11-11T11:15:38.938-0800][gc,heap     ] GC(90) Humongous regions: 0->0
[2021-11-11T11:15:38.938-0800][gc,metaspace] GC(90) Metaspace: 9206K(9408K)->9206K(9408K) NonClass: 8284K(8384K)->8284K(8384K) Class: 922K(1024K)->922K(1024K)
[2021-11-11T11:15:38.938-0800][gc          ] GC(90) Pause Young (Normal) (G1 Evacuation Pause) 33M->9M(512M) 106.052ms
[2021-11-11T11:15:38.938-0800][gc,cpu      ] GC(90) User=0.00s Sys=0.05s Real=0.10s
[2021-11-11T11:35:19.372-0800][gc,start    ] GC(91) Pause Young (Normal) (G1 Evacuation Pause)
[2021-11-11T11:35:19.374-0800][gc,task     ] GC(91) Using 8 workers of 8 for evacuation
[2021-11-11T11:35:19.665-0800][gc,mmu      ] GC(91) MMU target violated: 21.0ms (20.0ms/21.0ms)
[2021-11-11T11:35:19.665-0800][gc,phases   ] GC(91)   Pre Evacuate Collection Set: 4.7ms
[2021-11-11T11:35:19.665-0800][gc,phases   ] GC(91)   Merge Heap Roots: 1.1ms
[2021-11-11T11:35:19.665-0800][gc,phases   ] GC(91)   Evacuate Collection Set: 175.0ms
[2021-11-11T11:35:19.665-0800][gc,phases   ] GC(91)   Post Evacuate Collection Set: 105.4ms
[2021-11-11T11:35:19.668-0800][gc,phases   ] GC(91)   Other: 7.6ms
[2021-11-11T11:35:19.668-0800][gc,heap     ] GC(91) Eden regions: 24->0(24)
[2021-11-11T11:35:19.668-0800][gc,heap     ] GC(91) Survivor regions: 1->1(4)
[2021-11-11T11:35:19.668-0800][gc,heap     ] GC(91) Old regions: 8->8
[2021-11-11T11:35:19.668-0800][gc,heap     ] GC(91) Archive regions: 2->2
[2021-11-11T11:35:19.668-0800][gc,heap     ] GC(91) Humongous regions: 0->0
[2021-11-11T11:35:19.668-0800][gc,metaspace] GC(91) Metaspace: 9206K(9408K)->9206K(9408K) NonClass: 8284K(8384K)->8284K(8384K) Class: 922K(1024K)->922K(1024K)
[2021-11-11T11:35:19.673-0800][gc          ] GC(91) Pause Young (Normal) (G1 Evacuation Pause) 33M->9M(512M) 298.924ms
[2021-11-11T11:35:19.673-0800][gc,cpu      ] GC(91) User=0.00s Sys=0.07s Real=0.30s
[2021-11-11T13:44:08.481-0800][gc,start    ] GC(92) Pause Young (Normal) (G1 Evacuation Pause)
[2021-11-11T13:44:08.483-0800][gc,task     ] GC(92) Using 8 workers of 8 for evacuation
[2021-11-11T13:44:08.496-0800][gc,phases   ] GC(92)   Pre Evacuate Collection Set: 1.2ms
[2021-11-11T13:44:08.496-0800][gc,phases   ] GC(92)   Merge Heap Roots: 0.6ms
[2021-11-11T13:44:08.496-0800][gc,phases   ] GC(92)   Evacuate Collection Set: 7.2ms
[2021-11-11T13:44:08.496-0800][gc,phases   ] GC(92)   Post Evacuate Collection Set: 3.0ms
[2021-11-11T13:44:08.497-0800][gc,phases   ] GC(92)   Other: 4.1ms
[2021-11-11T13:44:08.497-0800][gc,heap     ] GC(92) Eden regions: 24->0(24)
[2021-11-11T13:44:08.497-0800][gc,heap     ] GC(92) Survivor regions: 1->1(4)
[2021-11-11T13:44:08.497-0800][gc,heap     ] GC(92) Old regions: 8->8
[2021-11-11T13:44:08.497-0800][gc,heap     ] GC(92) Archive regions: 2->2
[2021-11-11T13:44:08.497-0800][gc,heap     ] GC(92) Humongous regions: 0->0
[2021-11-11T13:44:08.497-0800][gc,metaspace] GC(92) Metaspace: 9206K(9408K)->9206K(9408K) NonClass: 8284K(8384K)->8284K(8384K) Class: 922K(1024K)->922K(1024K)
[2021-11-11T13:44:08.498-0800][gc          ] GC(92) Pause Young (Normal) (G1 Evacuation Pause) 33M->9M(512M) 16.841ms
[2021-11-11T13:44:08.498-0800][gc,cpu      ] GC(92) User=0.01s Sys=0.02s Real=0.01s
[2021-11-11T13:47:24.513-0800][gc,heap,exit] Heap
[2021-11-11T13:47:24.513-0800][gc,heap,exit]  garbage-first heap   total 524288K, used 14794K [0x00000007e0000000, 0x0000000800000000)
[2021-11-11T13:47:24.513-0800][gc,heap,exit]   region size 1024K, 6 young (6144K), 1 survivors (1024K)
[2021-11-11T13:47:24.513-0800][gc,heap,exit]  Metaspace       used 9209K, committed 9408K, reserved 1064960K
[2021-11-11T13:47:24.513-0800][gc,heap,exit]   class space    used 922K, committed 1024K, reserved 1048576K
